Program Excusion: 
0x00000000	0x00000000	Unkown Instruction 

All Registers: 
x0: 	0x00000000
x1: 	0x00000000
x2: 	0x00000000
x3: 	0x00000000
x4: 	0x00000000
x5: 	0x00000000
x6: 	0x00000000
x7: 	0x00000000
x8: 	0x00000000
x9: 	0x00000000
x10: 	0x00000000
x11: 	0x00000000
x12: 	0x00000000
x13: 	0x00000000
x14: 	0x00000000
x15: 	0x00000000
x16: 	0x00000000
x17: 	0x00000000
x18: 	0x00000000
x19: 	0x00000000
x20: 	0x00000000
x21: 	0x00000000
x22: 	0x00000000
x23: 	0x00000000
x24: 	0x00000000
x25: 	0x00000000
x26: 	0x00000000
x27: 	0x00000000
x28: 	0x00000000
x29: 	0x00000000
x30: 	0x00000000
x31: 	0x00000000

0x00000004	0x00000000	Unkown Instruction 

All Registers: 
x0: 	0x00000000
x1: 	0x00000000
x2: 	0x00000000
x3: 	0x00000000
x4: 	0x00000000
x5: 	0x00000000
x6: 	0x00000000
x7: 	0x00000000
x8: 	0x00000000
x9: 	0x00000000
x10: 	0x00000000
x11: 	0x00000000
x12: 	0x00000000
x13: 	0x00000000
x14: 	0x00000000
x15: 	0x00000000
x16: 	0x00000000
x17: 	0x00000000
x18: 	0x00000000
x19: 	0x00000000
x20: 	0x00000000
x21: 	0x00000000
x22: 	0x00000000
x23: 	0x00000000
x24: 	0x00000000
x25: 	0x00000000
x26: 	0x00000000
x27: 	0x00000000
x28: 	0x00000000
x29: 	0x00000000
x30: 	0x00000000
x31: 	0x00000000

0x00000008	0x00000000	Unkown Instruction 

All Registers: 
x0: 	0x00000000
x1: 	0x00000000
x2: 	0x00000000
x3: 	0x00000000
x4: 	0x00000000
x5: 	0x00000000
x6: 	0x00000000
x7: 	0x00000000
x8: 	0x00000000
x9: 	0x00000000
x10: 	0x00000000
x11: 	0x00000000
x12: 	0x00000000
x13: 	0x00000000
x14: 	0x00000000
x15: 	0x00000000
x16: 	0x00000000
x17: 	0x00000000
x18: 	0x00000000
x19: 	0x00000000
x20: 	0x00000000
x21: 	0x00000000
x22: 	0x00000000
x23: 	0x00000000
x24: 	0x00000000
x25: 	0x00000000
x26: 	0x00000000
x27: 	0x00000000
x28: 	0x00000000
x29: 	0x00000000
x30: 	0x00000000
x31: 	0x00000000

0x0000000c	0x00000000	Unkown Instruction 

All Registers: 
x0: 	0x00000000
x1: 	0x00000000
x2: 	0x00000000
x3: 	0x00000000
x4: 	0x00000000
x5: 	0x00000000
x6: 	0x00000000
x7: 	0x00000000
x8: 	0x00000000
x9: 	0x00000000
x10: 	0x00000000
x11: 	0x00000000
x12: 	0x00000000
x13: 	0x00000000
x14: 	0x00000000
x15: 	0x00000000
x16: 	0x00000000
x17: 	0x00000000
x18: 	0x00000000
x19: 	0x00000000
x20: 	0x00000000
x21: 	0x00000000
x22: 	0x00000000
x23: 	0x00000000
x24: 	0x00000000
x25: 	0x00000000
x26: 	0x00000000
x27: 	0x00000000
x28: 	0x00000000
x29: 	0x00000000
x30: 	0x00000000
x31: 	0x00000000

0x00000010	0x00000000	Unkown Instruction 

All Registers: 
x0: 	0x00000000
x1: 	0x00000000
x2: 	0x00000000
x3: 	0x00000000
x4: 	0x00000000
x5: 	0x00000000
x6: 	0x00000000
x7: 	0x00000000
x8: 	0x00000000
x9: 	0x00000000
x10: 	0x00000000
x11: 	0x00000000
x12: 	0x00000000
x13: 	0x00000000
x14: 	0x00000000
x15: 	0x00000000
x16: 	0x00000000
x17: 	0x00000000
x18: 	0x00000000
x19: 	0x00000000
x20: 	0x00000000
x21: 	0x00000000
x22: 	0x00000000
x23: 	0x00000000
x24: 	0x00000000
x25: 	0x00000000
x26: 	0x00000000
x27: 	0x00000000
x28: 	0x00000000
x29: 	0x00000000
x30: 	0x00000000
x31: 	0x00000000

0x00000014	0x00000000	Unkown Instruction 

All Registers: 
x0: 	0x00000000
x1: 	0x00000000
x2: 	0x00000000
x3: 	0x00000000
x4: 	0x00000000
x5: 	0x00000000
x6: 	0x00000000
x7: 	0x00000000
x8: 	0x00000000
x9: 	0x00000000
x10: 	0x00000000
x11: 	0x00000000
x12: 	0x00000000
x13: 	0x00000000
x14: 	0x00000000
x15: 	0x00000000
x16: 	0x00000000
x17: 	0x00000000
x18: 	0x00000000
x19: 	0x00000000
x20: 	0x00000000
x21: 	0x00000000
x22: 	0x00000000
x23: 	0x00000000
x24: 	0x00000000
x25: 	0x00000000
x26: 	0x00000000
x27: 	0x00000000
x28: 	0x00000000
x29: 	0x00000000
x30: 	0x00000000
x31: 	0x00000000

0x00000018	0x00000000	Unkown Instruction 

All Registers: 
x0: 	0x00000000
x1: 	0x00000000
x2: 	0x00000000
x3: 	0x00000000
x4: 	0x00000000
x5: 	0x00000000
x6: 	0x00000000
x7: 	0x00000000
x8: 	0x00000000
x9: 	0x00000000
x10: 	0x00000000
x11: 	0x00000000
x12: 	0x00000000
x13: 	0x00000000
x14: 	0x00000000
x15: 	0x00000000
x16: 	0x00000000
x17: 	0x00000000
x18: 	0x00000000
x19: 	0x00000000
x20: 	0x00000000
x21: 	0x00000000
x22: 	0x00000000
x23: 	0x00000000
x24: 	0x00000000
x25: 	0x00000000
x26: 	0x00000000
x27: 	0x00000000
x28: 	0x00000000
x29: 	0x00000000
x30: 	0x00000000
x31: 	0x00000000

0x0000001c	0x00000000	Unkown Instruction 

All Registers: 
x0: 	0x00000000
x1: 	0x00000000
x2: 	0x00000000
x3: 	0x00000000
x4: 	0x00000000
x5: 	0x00000000
x6: 	0x00000000
x7: 	0x00000000
x8: 	0x00000000
x9: 	0x00000000
x10: 	0x00000000
x11: 	0x00000000
x12: 	0x00000000
x13: 	0x00000000
x14: 	0x00000000
x15: 	0x00000000
x16: 	0x00000000
x17: 	0x00000000
x18: 	0x00000000
x19: 	0x00000000
x20: 	0x00000000
x21: 	0x00000000
x22: 	0x00000000
x23: 	0x00000000
x24: 	0x00000000
x25: 	0x00000000
x26: 	0x00000000
x27: 	0x00000000
x28: 	0x00000000
x29: 	0x00000000
x30: 	0x00000000
x31: 	0x00000000

0x00000020	0x00000000	Unkown Instruction 

All Registers: 
x0: 	0x00000000
x1: 	0x00000000
x2: 	0x00000000
x3: 	0x00000000
x4: 	0x00000000
x5: 	0x00000000
x6: 	0x00000000
x7: 	0x00000000
x8: 	0x00000000
x9: 	0x00000000
x10: 	0x00000000
x11: 	0x00000000
x12: 	0x00000000
x13: 	0x00000000
x14: 	0x00000000
x15: 	0x00000000
x16: 	0x00000000
x17: 	0x00000000
x18: 	0x00000000
x19: 	0x00000000
x20: 	0x00000000
x21: 	0x00000000
x22: 	0x00000000
x23: 	0x00000000
x24: 	0x00000000
x25: 	0x00000000
x26: 	0x00000000
x27: 	0x00000000
x28: 	0x00000000
x29: 	0x00000000
x30: 	0x00000000
x31: 	0x00000000

0x00000024	0x00000000	Unkown Instruction 

All Registers: 
x0: 	0x00000000
x1: 	0x00000000
x2: 	0x00000000
x3: 	0x00000000
x4: 	0x00000000
x5: 	0x00000000
x6: 	0x00000000
x7: 	0x00000000
x8: 	0x00000000
x9: 	0x00000000
x10: 	0x00000000
x11: 	0x00000000
x12: 	0x00000000
x13: 	0x00000000
x14: 	0x00000000
x15: 	0x00000000
x16: 	0x00000000
x17: 	0x00000000
x18: 	0x00000000
x19: 	0x00000000
x20: 	0x00000000
x21: 	0x00000000
x22: 	0x00000000
x23: 	0x00000000
x24: 	0x00000000
x25: 	0x00000000
x26: 	0x00000000
x27: 	0x00000000
x28: 	0x00000000
x29: 	0x00000000
x30: 	0x00000000
x31: 	0x00000000

0x00000028	0x00000000	Unkown Instruction 

All Registers: 
x0: 	0x00000000
x1: 	0x00000000
x2: 	0x00000000
x3: 	0x00000000
x4: 	0x00000000
x5: 	0x00000000
x6: 	0x00000000
x7: 	0x00000000
x8: 	0x00000000
x9: 	0x00000000
x10: 	0x00000000
x11: 	0x00000000
x12: 	0x00000000
x13: 	0x00000000
x14: 	0x00000000
x15: 	0x00000000
x16: 	0x00000000
x17: 	0x00000000
x18: 	0x00000000
x19: 	0x00000000
x20: 	0x00000000
x21: 	0x00000000
x22: 	0x00000000
x23: 	0x00000000
x24: 	0x00000000
x25: 	0x00000000
x26: 	0x00000000
x27: 	0x00000000
x28: 	0x00000000
x29: 	0x00000000
x30: 	0x00000000
x31: 	0x00000000

0x0000002c	0x00000000	Unkown Instruction 

All Registers: 
x0: 	0x00000000
x1: 	0x00000000
x2: 	0x00000000
x3: 	0x00000000
x4: 	0x00000000
x5: 	0x00000000
x6: 	0x00000000
x7: 	0x00000000
x8: 	0x00000000
x9: 	0x00000000
x10: 	0x00000000
x11: 	0x00000000
x12: 	0x00000000
x13: 	0x00000000
x14: 	0x00000000
x15: 	0x00000000
x16: 	0x00000000
x17: 	0x00000000
x18: 	0x00000000
x19: 	0x00000000
x20: 	0x00000000
x21: 	0x00000000
x22: 	0x00000000
x23: 	0x00000000
x24: 	0x00000000
x25: 	0x00000000
x26: 	0x00000000
x27: 	0x00000000
x28: 	0x00000000
x29: 	0x00000000
x30: 	0x00000000
x31: 	0x00000000

0x00000030	0x00000000	Unkown Instruction 

All Registers: 
x0: 	0x00000000
x1: 	0x00000000
x2: 	0x00000000
x3: 	0x00000000
x4: 	0x00000000
x5: 	0x00000000
x6: 	0x00000000
x7: 	0x00000000
x8: 	0x00000000
x9: 	0x00000000
x10: 	0x00000000
x11: 	0x00000000
x12: 	0x00000000
x13: 	0x00000000
x14: 	0x00000000
x15: 	0x00000000
x16: 	0x00000000
x17: 	0x00000000
x18: 	0x00000000
x19: 	0x00000000
x20: 	0x00000000
x21: 	0x00000000
x22: 	0x00000000
x23: 	0x00000000
x24: 	0x00000000
x25: 	0x00000000
x26: 	0x00000000
x27: 	0x00000000
x28: 	0x00000000
x29: 	0x00000000
x30: 	0x00000000
x31: 	0x00000000

0x00000034	0x00000000	Unkown Instruction 

All Registers: 
x0: 	0x00000000
x1: 	0x00000000
x2: 	0x00000000
x3: 	0x00000000
x4: 	0x00000000
x5: 	0x00000000
x6: 	0x00000000
x7: 	0x00000000
x8: 	0x00000000
x9: 	0x00000000
x10: 	0x00000000
x11: 	0x00000000
x12: 	0x00000000
x13: 	0x00000000
x14: 	0x00000000
x15: 	0x00000000
x16: 	0x00000000
x17: 	0x00000000
x18: 	0x00000000
x19: 	0x00000000
x20: 	0x00000000
x21: 	0x00000000
x22: 	0x00000000
x23: 	0x00000000
x24: 	0x00000000
x25: 	0x00000000
x26: 	0x00000000
x27: 	0x00000000
x28: 	0x00000000
x29: 	0x00000000
x30: 	0x00000000
x31: 	0x00000000

0x00000038	0x00000000	Unkown Instruction 

All Registers: 
x0: 	0x00000000
x1: 	0x00000000
x2: 	0x00000000
x3: 	0x00000000
x4: 	0x00000000
x5: 	0x00000000
x6: 	0x00000000
x7: 	0x00000000
x8: 	0x00000000
x9: 	0x00000000
x10: 	0x00000000
x11: 	0x00000000
x12: 	0x00000000
x13: 	0x00000000
x14: 	0x00000000
x15: 	0x00000000
x16: 	0x00000000
x17: 	0x00000000
x18: 	0x00000000
x19: 	0x00000000
x20: 	0x00000000
x21: 	0x00000000
x22: 	0x00000000
x23: 	0x00000000
x24: 	0x00000000
x25: 	0x00000000
x26: 	0x00000000
x27: 	0x00000000
x28: 	0x00000000
x29: 	0x00000000
x30: 	0x00000000
x31: 	0x00000000

0x0000003c	0x00000000	Unkown Instruction 

All Registers: 
x0: 	0x00000000
x1: 	0x00000000
x2: 	0x00000000
x3: 	0x00000000
x4: 	0x00000000
x5: 	0x00000000
x6: 	0x00000000
x7: 	0x00000000
x8: 	0x00000000
x9: 	0x00000000
x10: 	0x00000000
x11: 	0x00000000
x12: 	0x00000000
x13: 	0x00000000
x14: 	0x00000000
x15: 	0x00000000
x16: 	0x00000000
x17: 	0x00000000
x18: 	0x00000000
x19: 	0x00000000
x20: 	0x00000000
x21: 	0x00000000
x22: 	0x00000000
x23: 	0x00000000
x24: 	0x00000000
x25: 	0x00000000
x26: 	0x00000000
x27: 	0x00000000
x28: 	0x00000000
x29: 	0x00000000
x30: 	0x00000000
x31: 	0x00000000

0x00000040	0x00000000	Unkown Instruction 

All Registers: 
x0: 	0x00000000
x1: 	0x00000000
x2: 	0x00000000
x3: 	0x00000000
x4: 	0x00000000
x5: 	0x00000000
x6: 	0x00000000
x7: 	0x00000000
x8: 	0x00000000
x9: 	0x00000000
x10: 	0x00000000
x11: 	0x00000000
x12: 	0x00000000
x13: 	0x00000000
x14: 	0x00000000
x15: 	0x00000000
x16: 	0x00000000
x17: 	0x00000000
x18: 	0x00000000
x19: 	0x00000000
x20: 	0x00000000
x21: 	0x00000000
x22: 	0x00000000
x23: 	0x00000000
x24: 	0x00000000
x25: 	0x00000000
x26: 	0x00000000
x27: 	0x00000000
x28: 	0x00000000
x29: 	0x00000000
x30: 	0x00000000
x31: 	0x00000000

0x00000044	0x00000000	Unkown Instruction 

All Registers: 
x0: 	0x00000000
x1: 	0x00000000
x2: 	0x00000000
x3: 	0x00000000
x4: 	0x00000000
x5: 	0x00000000
x6: 	0x00000000
x7: 	0x00000000
x8: 	0x00000000
x9: 	0x00000000
x10: 	0x00000000
x11: 	0x00000000
x12: 	0x00000000
x13: 	0x00000000
x14: 	0x00000000
x15: 	0x00000000
x16: 	0x00000000
x17: 	0x00000000
x18: 	0x00000000
x19: 	0x00000000
x20: 	0x00000000
x21: 	0x00000000
x22: 	0x00000000
x23: 	0x00000000
x24: 	0x00000000
x25: 	0x00000000
x26: 	0x00000000
x27: 	0x00000000
x28: 	0x00000000
x29: 	0x00000000
x30: 	0x00000000
x31: 	0x00000000

0x00000048	0x00000000	Unkown Instruction 

All Registers: 
x0: 	0x00000000
x1: 	0x00000000
x2: 	0x00000000
x3: 	0x00000000
x4: 	0x00000000
x5: 	0x00000000
x6: 	0x00000000
x7: 	0x00000000
x8: 	0x00000000
x9: 	0x00000000
x10: 	0x00000000
x11: 	0x00000000
x12: 	0x00000000
x13: 	0x00000000
x14: 	0x00000000
x15: 	0x00000000
x16: 	0x00000000
x17: 	0x00000000
x18: 	0x00000000
x19: 	0x00000000
x20: 	0x00000000
x21: 	0x00000000
x22: 	0x00000000
x23: 	0x00000000
x24: 	0x00000000
x25: 	0x00000000
x26: 	0x00000000
x27: 	0x00000000
x28: 	0x00000000
x29: 	0x00000000
x30: 	0x00000000
x31: 	0x00000000

0x0000004c	0x00000000	Unkown Instruction 

All Registers: 
x0: 	0x00000000
x1: 	0x00000000
x2: 	0x00000000
x3: 	0x00000000
x4: 	0x00000000
x5: 	0x00000000
x6: 	0x00000000
x7: 	0x00000000
x8: 	0x00000000
x9: 	0x00000000
x10: 	0x00000000
x11: 	0x00000000
x12: 	0x00000000
x13: 	0x00000000
x14: 	0x00000000
x15: 	0x00000000
x16: 	0x00000000
x17: 	0x00000000
x18: 	0x00000000
x19: 	0x00000000
x20: 	0x00000000
x21: 	0x00000000
x22: 	0x00000000
x23: 	0x00000000
x24: 	0x00000000
x25: 	0x00000000
x26: 	0x00000000
x27: 	0x00000000
x28: 	0x00000000
x29: 	0x00000000
x30: 	0x00000000
x31: 	0x00000000

0x00000050	0x00000000	Unkown Instruction 

All Registers: 
x0: 	0x00000000
x1: 	0x00000000
x2: 	0x00000000
x3: 	0x00000000
x4: 	0x00000000
x5: 	0x00000000
x6: 	0x00000000
x7: 	0x00000000
x8: 	0x00000000
x9: 	0x00000000
x10: 	0x00000000
x11: 	0x00000000
x12: 	0x00000000
x13: 	0x00000000
x14: 	0x00000000
x15: 	0x00000000
x16: 	0x00000000
x17: 	0x00000000
x18: 	0x00000000
x19: 	0x00000000
x20: 	0x00000000
x21: 	0x00000000
x22: 	0x00000000
x23: 	0x00000000
x24: 	0x00000000
x25: 	0x00000000
x26: 	0x00000000
x27: 	0x00000000
x28: 	0x00000000
x29: 	0x00000000
x30: 	0x00000000
x31: 	0x00000000

0x00000054	0x00000000	Unkown Instruction 

All Registers: 
x0: 	0x00000000
x1: 	0x00000000
x2: 	0x00000000
x3: 	0x00000000
x4: 	0x00000000
x5: 	0x00000000
x6: 	0x00000000
x7: 	0x00000000
x8: 	0x00000000
x9: 	0x00000000
x10: 	0x00000000
x11: 	0x00000000
x12: 	0x00000000
x13: 	0x00000000
x14: 	0x00000000
x15: 	0x00000000
x16: 	0x00000000
x17: 	0x00000000
x18: 	0x00000000
x19: 	0x00000000
x20: 	0x00000000
x21: 	0x00000000
x22: 	0x00000000
x23: 	0x00000000
x24: 	0x00000000
x25: 	0x00000000
x26: 	0x00000000
x27: 	0x00000000
x28: 	0x00000000
x29: 	0x00000000
x30: 	0x00000000
x31: 	0x00000000

0x00000058	0x00000000	Unkown Instruction 

All Registers: 
x0: 	0x00000000
x1: 	0x00000000
x2: 	0x00000000
x3: 	0x00000000
x4: 	0x00000000
x5: 	0x00000000
x6: 	0x00000000
x7: 	0x00000000
x8: 	0x00000000
x9: 	0x00000000
x10: 	0x00000000
x11: 	0x00000000
x12: 	0x00000000
x13: 	0x00000000
x14: 	0x00000000
x15: 	0x00000000
x16: 	0x00000000
x17: 	0x00000000
x18: 	0x00000000
x19: 	0x00000000
x20: 	0x00000000
x21: 	0x00000000
x22: 	0x00000000
x23: 	0x00000000
x24: 	0x00000000
x25: 	0x00000000
x26: 	0x00000000
x27: 	0x00000000
x28: 	0x00000000
x29: 	0x00000000
x30: 	0x00000000
x31: 	0x00000000

0x0000005c	0x00000000	Unkown Instruction 

All Registers: 
x0: 	0x00000000
x1: 	0x00000000
x2: 	0x00000000
x3: 	0x00000000
x4: 	0x00000000
x5: 	0x00000000
x6: 	0x00000000
x7: 	0x00000000
x8: 	0x00000000
x9: 	0x00000000
x10: 	0x00000000
x11: 	0x00000000
x12: 	0x00000000
x13: 	0x00000000
x14: 	0x00000000
x15: 	0x00000000
x16: 	0x00000000
x17: 	0x00000000
x18: 	0x00000000
x19: 	0x00000000
x20: 	0x00000000
x21: 	0x00000000
x22: 	0x00000000
x23: 	0x00000000
x24: 	0x00000000
x25: 	0x00000000
x26: 	0x00000000
x27: 	0x00000000
x28: 	0x00000000
x29: 	0x00000000
x30: 	0x00000000
x31: 	0x00000000

0x00000060	0x00000000	Unkown Instruction 

All Registers: 
x0: 	0x00000000
x1: 	0x00000000
x2: 	0x00000000
x3: 	0x00000000
x4: 	0x00000000
x5: 	0x00000000
x6: 	0x00000000
x7: 	0x00000000
x8: 	0x00000000
x9: 	0x00000000
x10: 	0x00000000
x11: 	0x00000000
x12: 	0x00000000
x13: 	0x00000000
x14: 	0x00000000
x15: 	0x00000000
x16: 	0x00000000
x17: 	0x00000000
x18: 	0x00000000
x19: 	0x00000000
x20: 	0x00000000
x21: 	0x00000000
x22: 	0x00000000
x23: 	0x00000000
x24: 	0x00000000
x25: 	0x00000000
x26: 	0x00000000
x27: 	0x00000000
x28: 	0x00000000
x29: 	0x00000000
x30: 	0x00000000
x31: 	0x00000000

0x00000064	0x00000000	Unkown Instruction 

All Registers: 
x0: 	0x00000000
x1: 	0x00000000
x2: 	0x00000000
x3: 	0x00000000
x4: 	0x00000000
x5: 	0x00000000
x6: 	0x00000000
x7: 	0x00000000
x8: 	0x00000000
x9: 	0x00000000
x10: 	0x00000000
x11: 	0x00000000
x12: 	0x00000000
x13: 	0x00000000
x14: 	0x00000000
x15: 	0x00000000
x16: 	0x00000000
x17: 	0x00000000
x18: 	0x00000000
x19: 	0x00000000
x20: 	0x00000000
x21: 	0x00000000
x22: 	0x00000000
x23: 	0x00000000
x24: 	0x00000000
x25: 	0x00000000
x26: 	0x00000000
x27: 	0x00000000
x28: 	0x00000000
x29: 	0x00000000
x30: 	0x00000000
x31: 	0x00000000

0x00000068	0x00000000	Unkown Instruction 

All Registers: 
x0: 	0x00000000
x1: 	0x00000000
x2: 	0x00000000
x3: 	0x00000000
x4: 	0x00000000
x5: 	0x00000000
x6: 	0x00000000
x7: 	0x00000000
x8: 	0x00000000
x9: 	0x00000000
x10: 	0x00000000
x11: 	0x00000000
x12: 	0x00000000
x13: 	0x00000000
x14: 	0x00000000
x15: 	0x00000000
x16: 	0x00000000
x17: 	0x00000000
x18: 	0x00000000
x19: 	0x00000000
x20: 	0x00000000
x21: 	0x00000000
x22: 	0x00000000
x23: 	0x00000000
x24: 	0x00000000
x25: 	0x00000000
x26: 	0x00000000
x27: 	0x00000000
x28: 	0x00000000
x29: 	0x00000000
x30: 	0x00000000
x31: 	0x00000000

0x0000006c	0x00000000	Unkown Instruction 

All Registers: 
x0: 	0x00000000
x1: 	0x00000000
x2: 	0x00000000
x3: 	0x00000000
x4: 	0x00000000
x5: 	0x00000000
x6: 	0x00000000
x7: 	0x00000000
x8: 	0x00000000
x9: 	0x00000000
x10: 	0x00000000
x11: 	0x00000000
x12: 	0x00000000
x13: 	0x00000000
x14: 	0x00000000
x15: 	0x00000000
x16: 	0x00000000
x17: 	0x00000000
x18: 	0x00000000
x19: 	0x00000000
x20: 	0x00000000
x21: 	0x00000000
x22: 	0x00000000
x23: 	0x00000000
x24: 	0x00000000
x25: 	0x00000000
x26: 	0x00000000
x27: 	0x00000000
x28: 	0x00000000
x29: 	0x00000000
x30: 	0x00000000
x31: 	0x00000000

0x00000070	0x00000000	Unkown Instruction 

All Registers: 
x0: 	0x00000000
x1: 	0x00000000
x2: 	0x00000000
x3: 	0x00000000
x4: 	0x00000000
x5: 	0x00000000
x6: 	0x00000000
x7: 	0x00000000
x8: 	0x00000000
x9: 	0x00000000
x10: 	0x00000000
x11: 	0x00000000
x12: 	0x00000000
x13: 	0x00000000
x14: 	0x00000000
x15: 	0x00000000
x16: 	0x00000000
x17: 	0x00000000
x18: 	0x00000000
x19: 	0x00000000
x20: 	0x00000000
x21: 	0x00000000
x22: 	0x00000000
x23: 	0x00000000
x24: 	0x00000000
x25: 	0x00000000
x26: 	0x00000000
x27: 	0x00000000
x28: 	0x00000000
x29: 	0x00000000
x30: 	0x00000000
x31: 	0x00000000

0x00000074	0x00000000	Unkown Instruction 

All Registers: 
x0: 	0x00000000
x1: 	0x00000000
x2: 	0x00000000
x3: 	0x00000000
x4: 	0x00000000
x5: 	0x00000000
x6: 	0x00000000
x7: 	0x00000000
x8: 	0x00000000
x9: 	0x00000000
x10: 	0x00000000
x11: 	0x00000000
x12: 	0x00000000
x13: 	0x00000000
x14: 	0x00000000
x15: 	0x00000000
x16: 	0x00000000
x17: 	0x00000000
x18: 	0x00000000
x19: 	0x00000000
x20: 	0x00000000
x21: 	0x00000000
x22: 	0x00000000
x23: 	0x00000000
x24: 	0x00000000
x25: 	0x00000000
x26: 	0x00000000
x27: 	0x00000000
x28: 	0x00000000
x29: 	0x00000000
x30: 	0x00000000
x31: 	0x00000000

0x00000078	0x00000000	Unkown Instruction 

All Registers: 
x0: 	0x00000000
x1: 	0x00000000
x2: 	0x00000000
x3: 	0x00000000
x4: 	0x00000000
x5: 	0x00000000
x6: 	0x00000000
x7: 	0x00000000
x8: 	0x00000000
x9: 	0x00000000
x10: 	0x00000000
x11: 	0x00000000
x12: 	0x00000000
x13: 	0x00000000
x14: 	0x00000000
x15: 	0x00000000
x16: 	0x00000000
x17: 	0x00000000
x18: 	0x00000000
x19: 	0x00000000
x20: 	0x00000000
x21: 	0x00000000
x22: 	0x00000000
x23: 	0x00000000
x24: 	0x00000000
x25: 	0x00000000
x26: 	0x00000000
x27: 	0x00000000
x28: 	0x00000000
x29: 	0x00000000
x30: 	0x00000000
x31: 	0x00000000

0x0000007c	0x00000000	Unkown Instruction 

All Registers: 
x0: 	0x00000000
x1: 	0x00000000
x2: 	0x00000000
x3: 	0x00000000
x4: 	0x00000000
x5: 	0x00000000
x6: 	0x00000000
x7: 	0x00000000
x8: 	0x00000000
x9: 	0x00000000
x10: 	0x00000000
x11: 	0x00000000
x12: 	0x00000000
x13: 	0x00000000
x14: 	0x00000000
x15: 	0x00000000
x16: 	0x00000000
x17: 	0x00000000
x18: 	0x00000000
x19: 	0x00000000
x20: 	0x00000000
x21: 	0x00000000
x22: 	0x00000000
x23: 	0x00000000
x24: 	0x00000000
x25: 	0x00000000
x26: 	0x00000000
x27: 	0x00000000
x28: 	0x00000000
x29: 	0x00000000
x30: 	0x00000000
x31: 	0x00000000

0x00000080	0x00000000	Unkown Instruction 

All Registers: 
x0: 	0x00000000
x1: 	0x00000000
x2: 	0x00000000
x3: 	0x00000000
x4: 	0x00000000
x5: 	0x00000000
x6: 	0x00000000
x7: 	0x00000000
x8: 	0x00000000
x9: 	0x00000000
x10: 	0x00000000
x11: 	0x00000000
x12: 	0x00000000
x13: 	0x00000000
x14: 	0x00000000
x15: 	0x00000000
x16: 	0x00000000
x17: 	0x00000000
x18: 	0x00000000
x19: 	0x00000000
x20: 	0x00000000
x21: 	0x00000000
x22: 	0x00000000
x23: 	0x00000000
x24: 	0x00000000
x25: 	0x00000000
x26: 	0x00000000
x27: 	0x00000000
x28: 	0x00000000
x29: 	0x00000000
x30: 	0x00000000
x31: 	0x00000000

0x00000084	0x00000000	Unkown Instruction 

All Registers: 
x0: 	0x00000000
x1: 	0x00000000
x2: 	0x00000000
x3: 	0x00000000
x4: 	0x00000000
x5: 	0x00000000
x6: 	0x00000000
x7: 	0x00000000
x8: 	0x00000000
x9: 	0x00000000
x10: 	0x00000000
x11: 	0x00000000
x12: 	0x00000000
x13: 	0x00000000
x14: 	0x00000000
x15: 	0x00000000
x16: 	0x00000000
x17: 	0x00000000
x18: 	0x00000000
x19: 	0x00000000
x20: 	0x00000000
x21: 	0x00000000
x22: 	0x00000000
x23: 	0x00000000
x24: 	0x00000000
x25: 	0x00000000
x26: 	0x00000000
x27: 	0x00000000
x28: 	0x00000000
x29: 	0x00000000
x30: 	0x00000000
x31: 	0x00000000

0x00000088	0x00000000	Unkown Instruction 

All Registers: 
x0: 	0x00000000
x1: 	0x00000000
x2: 	0x00000000
x3: 	0x00000000
x4: 	0x00000000
x5: 	0x00000000
x6: 	0x00000000
x7: 	0x00000000
x8: 	0x00000000
x9: 	0x00000000
x10: 	0x00000000
x11: 	0x00000000
x12: 	0x00000000
x13: 	0x00000000
x14: 	0x00000000
x15: 	0x00000000
x16: 	0x00000000
x17: 	0x00000000
x18: 	0x00000000
x19: 	0x00000000
x20: 	0x00000000
x21: 	0x00000000
x22: 	0x00000000
x23: 	0x00000000
x24: 	0x00000000
x25: 	0x00000000
x26: 	0x00000000
x27: 	0x00000000
x28: 	0x00000000
x29: 	0x00000000
x30: 	0x00000000
x31: 	0x00000000

0x0000008c	0x00000000	Unkown Instruction 

All Registers: 
x0: 	0x00000000
x1: 	0x00000000
x2: 	0x00000000
x3: 	0x00000000
x4: 	0x00000000
x5: 	0x00000000
x6: 	0x00000000
x7: 	0x00000000
x8: 	0x00000000
x9: 	0x00000000
x10: 	0x00000000
x11: 	0x00000000
x12: 	0x00000000
x13: 	0x00000000
x14: 	0x00000000
x15: 	0x00000000
x16: 	0x00000000
x17: 	0x00000000
x18: 	0x00000000
x19: 	0x00000000
x20: 	0x00000000
x21: 	0x00000000
x22: 	0x00000000
x23: 	0x00000000
x24: 	0x00000000
x25: 	0x00000000
x26: 	0x00000000
x27: 	0x00000000
x28: 	0x00000000
x29: 	0x00000000
x30: 	0x00000000
x31: 	0x00000000

0x00000090	0x00000000	Unkown Instruction 

All Registers: 
x0: 	0x00000000
x1: 	0x00000000
x2: 	0x00000000
x3: 	0x00000000
x4: 	0x00000000
x5: 	0x00000000
x6: 	0x00000000
x7: 	0x00000000
x8: 	0x00000000
x9: 	0x00000000
x10: 	0x00000000
x11: 	0x00000000
x12: 	0x00000000
x13: 	0x00000000
x14: 	0x00000000
x15: 	0x00000000
x16: 	0x00000000
x17: 	0x00000000
x18: 	0x00000000
x19: 	0x00000000
x20: 	0x00000000
x21: 	0x00000000
x22: 	0x00000000
x23: 	0x00000000
x24: 	0x00000000
x25: 	0x00000000
x26: 	0x00000000
x27: 	0x00000000
x28: 	0x00000000
x29: 	0x00000000
x30: 	0x00000000
x31: 	0x00000000

0x00000094	0x00000000	Unkown Instruction 

All Registers: 
x0: 	0x00000000
x1: 	0x00000000
x2: 	0x00000000
x3: 	0x00000000
x4: 	0x00000000
x5: 	0x00000000
x6: 	0x00000000
x7: 	0x00000000
x8: 	0x00000000
x9: 	0x00000000
x10: 	0x00000000
x11: 	0x00000000
x12: 	0x00000000
x13: 	0x00000000
x14: 	0x00000000
x15: 	0x00000000
x16: 	0x00000000
x17: 	0x00000000
x18: 	0x00000000
x19: 	0x00000000
x20: 	0x00000000
x21: 	0x00000000
x22: 	0x00000000
x23: 	0x00000000
x24: 	0x00000000
x25: 	0x00000000
x26: 	0x00000000
x27: 	0x00000000
x28: 	0x00000000
x29: 	0x00000000
x30: 	0x00000000
x31: 	0x00000000

0x00000098	0x00000000	Unkown Instruction 

All Registers: 
x0: 	0x00000000
x1: 	0x00000000
x2: 	0x00000000
x3: 	0x00000000
x4: 	0x00000000
x5: 	0x00000000
x6: 	0x00000000
x7: 	0x00000000
x8: 	0x00000000
x9: 	0x00000000
x10: 	0x00000000
x11: 	0x00000000
x12: 	0x00000000
x13: 	0x00000000
x14: 	0x00000000
x15: 	0x00000000
x16: 	0x00000000
x17: 	0x00000000
x18: 	0x00000000
x19: 	0x00000000
x20: 	0x00000000
x21: 	0x00000000
x22: 	0x00000000
x23: 	0x00000000
x24: 	0x00000000
x25: 	0x00000000
x26: 	0x00000000
x27: 	0x00000000
x28: 	0x00000000
x29: 	0x00000000
x30: 	0x00000000
x31: 	0x00000000

0x0000009c	0x00000000	Unkown Instruction 

All Registers: 
x0: 	0x00000000
x1: 	0x00000000
x2: 	0x00000000
x3: 	0x00000000
x4: 	0x00000000
x5: 	0x00000000
x6: 	0x00000000
x7: 	0x00000000
x8: 	0x00000000
x9: 	0x00000000
x10: 	0x00000000
x11: 	0x00000000
x12: 	0x00000000
x13: 	0x00000000
x14: 	0x00000000
x15: 	0x00000000
x16: 	0x00000000
x17: 	0x00000000
x18: 	0x00000000
x19: 	0x00000000
x20: 	0x00000000
x21: 	0x00000000
x22: 	0x00000000
x23: 	0x00000000
x24: 	0x00000000
x25: 	0x00000000
x26: 	0x00000000
x27: 	0x00000000
x28: 	0x00000000
x29: 	0x00000000
x30: 	0x00000000
x31: 	0x00000000

0x000000a0	0x00000000	Unkown Instruction 

All Registers: 
x0: 	0x00000000
x1: 	0x00000000
x2: 	0x00000000
x3: 	0x00000000
x4: 	0x00000000
x5: 	0x00000000
x6: 	0x00000000
x7: 	0x00000000
x8: 	0x00000000
x9: 	0x00000000
x10: 	0x00000000
x11: 	0x00000000
x12: 	0x00000000
x13: 	0x00000000
x14: 	0x00000000
x15: 	0x00000000
x16: 	0x00000000
x17: 	0x00000000
x18: 	0x00000000
x19: 	0x00000000
x20: 	0x00000000
x21: 	0x00000000
x22: 	0x00000000
x23: 	0x00000000
x24: 	0x00000000
x25: 	0x00000000
x26: 	0x00000000
x27: 	0x00000000
x28: 	0x00000000
x29: 	0x00000000
x30: 	0x00000000
x31: 	0x00000000

0x000000a4	0x00000000	Unkown Instruction 

All Registers: 
x0: 	0x00000000
x1: 	0x00000000
x2: 	0x00000000
x3: 	0x00000000
x4: 	0x00000000
x5: 	0x00000000
x6: 	0x00000000
x7: 	0x00000000
x8: 	0x00000000
x9: 	0x00000000
x10: 	0x00000000
x11: 	0x00000000
x12: 	0x00000000
x13: 	0x00000000
x14: 	0x00000000
x15: 	0x00000000
x16: 	0x00000000
x17: 	0x00000000
x18: 	0x00000000
x19: 	0x00000000
x20: 	0x00000000
x21: 	0x00000000
x22: 	0x00000000
x23: 	0x00000000
x24: 	0x00000000
x25: 	0x00000000
x26: 	0x00000000
x27: 	0x00000000
x28: 	0x00000000
x29: 	0x00000000
x30: 	0x00000000
x31: 	0x00000000

0x000000a8	0x00000000	Unkown Instruction 

All Registers: 
x0: 	0x00000000
x1: 	0x00000000
x2: 	0x00000000
x3: 	0x00000000
x4: 	0x00000000
x5: 	0x00000000
x6: 	0x00000000
x7: 	0x00000000
x8: 	0x00000000
x9: 	0x00000000
x10: 	0x00000000
x11: 	0x00000000
x12: 	0x00000000
x13: 	0x00000000
x14: 	0x00000000
x15: 	0x00000000
x16: 	0x00000000
x17: 	0x00000000
x18: 	0x00000000
x19: 	0x00000000
x20: 	0x00000000
x21: 	0x00000000
x22: 	0x00000000
x23: 	0x00000000
x24: 	0x00000000
x25: 	0x00000000
x26: 	0x00000000
x27: 	0x00000000
x28: 	0x00000000
x29: 	0x00000000
x30: 	0x00000000
x31: 	0x00000000

0x000000ac	0x00000000	Unkown Instruction 

All Registers: 
x0: 	0x00000000
x1: 	0x00000000
x2: 	0x00000000
x3: 	0x00000000
x4: 	0x00000000
x5: 	0x00000000
x6: 	0x00000000
x7: 	0x00000000
x8: 	0x00000000
x9: 	0x00000000
x10: 	0x00000000
x11: 	0x00000000
x12: 	0x00000000
x13: 	0x00000000
x14: 	0x00000000
x15: 	0x00000000
x16: 	0x00000000
x17: 	0x00000000
x18: 	0x00000000
x19: 	0x00000000
x20: 	0x00000000
x21: 	0x00000000
x22: 	0x00000000
x23: 	0x00000000
x24: 	0x00000000
x25: 	0x00000000
x26: 	0x00000000
x27: 	0x00000000
x28: 	0x00000000
x29: 	0x00000000
x30: 	0x00000000
x31: 	0x00000000

0x000000b0	0x00000000	Unkown Instruction 

All Registers: 
x0: 	0x00000000
x1: 	0x00000000
x2: 	0x00000000
x3: 	0x00000000
x4: 	0x00000000
x5: 	0x00000000
x6: 	0x00000000
x7: 	0x00000000
x8: 	0x00000000
x9: 	0x00000000
x10: 	0x00000000
x11: 	0x00000000
x12: 	0x00000000
x13: 	0x00000000
x14: 	0x00000000
x15: 	0x00000000
x16: 	0x00000000
x17: 	0x00000000
x18: 	0x00000000
x19: 	0x00000000
x20: 	0x00000000
x21: 	0x00000000
x22: 	0x00000000
x23: 	0x00000000
x24: 	0x00000000
x25: 	0x00000000
x26: 	0x00000000
x27: 	0x00000000
x28: 	0x00000000
x29: 	0x00000000
x30: 	0x00000000
x31: 	0x00000000

0x000000b4	0x00000000	Unkown Instruction 

All Registers: 
x0: 	0x00000000
x1: 	0x00000000
x2: 	0x00000000
x3: 	0x00000000
x4: 	0x00000000
x5: 	0x00000000
x6: 	0x00000000
x7: 	0x00000000
x8: 	0x00000000
x9: 	0x00000000
x10: 	0x00000000
x11: 	0x00000000
x12: 	0x00000000
x13: 	0x00000000
x14: 	0x00000000
x15: 	0x00000000
x16: 	0x00000000
x17: 	0x00000000
x18: 	0x00000000
x19: 	0x00000000
x20: 	0x00000000
x21: 	0x00000000
x22: 	0x00000000
x23: 	0x00000000
x24: 	0x00000000
x25: 	0x00000000
x26: 	0x00000000
x27: 	0x00000000
x28: 	0x00000000
x29: 	0x00000000
x30: 	0x00000000
x31: 	0x00000000

0x000000b8	0x00000000	Unkown Instruction 

All Registers: 
x0: 	0x00000000
x1: 	0x00000000
x2: 	0x00000000
x3: 	0x00000000
x4: 	0x00000000
x5: 	0x00000000
x6: 	0x00000000
x7: 	0x00000000
x8: 	0x00000000
x9: 	0x00000000
x10: 	0x00000000
x11: 	0x00000000
x12: 	0x00000000
x13: 	0x00000000
x14: 	0x00000000
x15: 	0x00000000
x16: 	0x00000000
x17: 	0x00000000
x18: 	0x00000000
x19: 	0x00000000
x20: 	0x00000000
x21: 	0x00000000
x22: 	0x00000000
x23: 	0x00000000
x24: 	0x00000000
x25: 	0x00000000
x26: 	0x00000000
x27: 	0x00000000
x28: 	0x00000000
x29: 	0x00000000
x30: 	0x00000000
x31: 	0x00000000

0x000000bc	0x00000000	Unkown Instruction 

All Registers: 
x0: 	0x00000000
x1: 	0x00000000
x2: 	0x00000000
x3: 	0x00000000
x4: 	0x00000000
x5: 	0x00000000
x6: 	0x00000000
x7: 	0x00000000
x8: 	0x00000000
x9: 	0x00000000
x10: 	0x00000000
x11: 	0x00000000
x12: 	0x00000000
x13: 	0x00000000
x14: 	0x00000000
x15: 	0x00000000
x16: 	0x00000000
x17: 	0x00000000
x18: 	0x00000000
x19: 	0x00000000
x20: 	0x00000000
x21: 	0x00000000
x22: 	0x00000000
x23: 	0x00000000
x24: 	0x00000000
x25: 	0x00000000
x26: 	0x00000000
x27: 	0x00000000
x28: 	0x00000000
x29: 	0x00000000
x30: 	0x00000000
x31: 	0x00000000

0x000000c0	0x00000000	Unkown Instruction 

All Registers: 
x0: 	0x00000000
x1: 	0x00000000
x2: 	0x00000000
x3: 	0x00000000
x4: 	0x00000000
x5: 	0x00000000
x6: 	0x00000000
x7: 	0x00000000
x8: 	0x00000000
x9: 	0x00000000
x10: 	0x00000000
x11: 	0x00000000
x12: 	0x00000000
x13: 	0x00000000
x14: 	0x00000000
x15: 	0x00000000
x16: 	0x00000000
x17: 	0x00000000
x18: 	0x00000000
x19: 	0x00000000
x20: 	0x00000000
x21: 	0x00000000
x22: 	0x00000000
x23: 	0x00000000
x24: 	0x00000000
x25: 	0x00000000
x26: 	0x00000000
x27: 	0x00000000
x28: 	0x00000000
x29: 	0x00000000
x30: 	0x00000000
x31: 	0x00000000

0x000000c4	0x00000000	Unkown Instruction 

All Registers: 
x0: 	0x00000000
x1: 	0x00000000
x2: 	0x00000000
x3: 	0x00000000
x4: 	0x00000000
x5: 	0x00000000
x6: 	0x00000000
x7: 	0x00000000
x8: 	0x00000000
x9: 	0x00000000
x10: 	0x00000000
x11: 	0x00000000
x12: 	0x00000000
x13: 	0x00000000
x14: 	0x00000000
x15: 	0x00000000
x16: 	0x00000000
x17: 	0x00000000
x18: 	0x00000000
x19: 	0x00000000
x20: 	0x00000000
x21: 	0x00000000
x22: 	0x00000000
x23: 	0x00000000
x24: 	0x00000000
x25: 	0x00000000
x26: 	0x00000000
x27: 	0x00000000
x28: 	0x00000000
x29: 	0x00000000
x30: 	0x00000000
x31: 	0x00000000

0x000000c8	0x00000000	Unkown Instruction 

All Registers: 
x0: 	0x00000000
x1: 	0x00000000
x2: 	0x00000000
x3: 	0x00000000
x4: 	0x00000000
x5: 	0x00000000
x6: 	0x00000000
x7: 	0x00000000
x8: 	0x00000000
x9: 	0x00000000
x10: 	0x00000000
x11: 	0x00000000
x12: 	0x00000000
x13: 	0x00000000
x14: 	0x00000000
x15: 	0x00000000
x16: 	0x00000000
x17: 	0x00000000
x18: 	0x00000000
x19: 	0x00000000
x20: 	0x00000000
x21: 	0x00000000
x22: 	0x00000000
x23: 	0x00000000
x24: 	0x00000000
x25: 	0x00000000
x26: 	0x00000000
x27: 	0x00000000
x28: 	0x00000000
x29: 	0x00000000
x30: 	0x00000000
x31: 	0x00000000

0x000000cc	0x00000000	Unkown Instruction 

All Registers: 
x0: 	0x00000000
x1: 	0x00000000
x2: 	0x00000000
x3: 	0x00000000
x4: 	0x00000000
x5: 	0x00000000
x6: 	0x00000000
x7: 	0x00000000
x8: 	0x00000000
x9: 	0x00000000
x10: 	0x00000000
x11: 	0x00000000
x12: 	0x00000000
x13: 	0x00000000
x14: 	0x00000000
x15: 	0x00000000
x16: 	0x00000000
x17: 	0x00000000
x18: 	0x00000000
x19: 	0x00000000
x20: 	0x00000000
x21: 	0x00000000
x22: 	0x00000000
x23: 	0x00000000
x24: 	0x00000000
x25: 	0x00000000
x26: 	0x00000000
x27: 	0x00000000
x28: 	0x00000000
x29: 	0x00000000
x30: 	0x00000000
x31: 	0x00000000

0x000000d0	0x00000000	Unkown Instruction 

All Registers: 
x0: 	0x00000000
x1: 	0x00000000
x2: 	0x00000000
x3: 	0x00000000
x4: 	0x00000000
x5: 	0x00000000
x6: 	0x00000000
x7: 	0x00000000
x8: 	0x00000000
x9: 	0x00000000
x10: 	0x00000000
x11: 	0x00000000
x12: 	0x00000000
x13: 	0x00000000
x14: 	0x00000000
x15: 	0x00000000
x16: 	0x00000000
x17: 	0x00000000
x18: 	0x00000000
x19: 	0x00000000
x20: 	0x00000000
x21: 	0x00000000
x22: 	0x00000000
x23: 	0x00000000
x24: 	0x00000000
x25: 	0x00000000
x26: 	0x00000000
x27: 	0x00000000
x28: 	0x00000000
x29: 	0x00000000
x30: 	0x00000000
x31: 	0x00000000

0x000000d4	0x00000000	Unkown Instruction 

All Registers: 
x0: 	0x00000000
x1: 	0x00000000
x2: 	0x00000000
x3: 	0x00000000
x4: 	0x00000000
x5: 	0x00000000
x6: 	0x00000000
x7: 	0x00000000
x8: 	0x00000000
x9: 	0x00000000
x10: 	0x00000000
x11: 	0x00000000
x12: 	0x00000000
x13: 	0x00000000
x14: 	0x00000000
x15: 	0x00000000
x16: 	0x00000000
x17: 	0x00000000
x18: 	0x00000000
x19: 	0x00000000
x20: 	0x00000000
x21: 	0x00000000
x22: 	0x00000000
x23: 	0x00000000
x24: 	0x00000000
x25: 	0x00000000
x26: 	0x00000000
x27: 	0x00000000
x28: 	0x00000000
x29: 	0x00000000
x30: 	0x00000000
x31: 	0x00000000

0x000000d8	0x00000000	Unkown Instruction 

All Registers: 
x0: 	0x00000000
x1: 	0x00000000
x2: 	0x00000000
x3: 	0x00000000
x4: 	0x00000000
x5: 	0x00000000
x6: 	0x00000000
x7: 	0x00000000
x8: 	0x00000000
x9: 	0x00000000
x10: 	0x00000000
x11: 	0x00000000
x12: 	0x00000000
x13: 	0x00000000
x14: 	0x00000000
x15: 	0x00000000
x16: 	0x00000000
x17: 	0x00000000
x18: 	0x00000000
x19: 	0x00000000
x20: 	0x00000000
x21: 	0x00000000
x22: 	0x00000000
x23: 	0x00000000
x24: 	0x00000000
x25: 	0x00000000
x26: 	0x00000000
x27: 	0x00000000
x28: 	0x00000000
x29: 	0x00000000
x30: 	0x00000000
x31: 	0x00000000

0x000000dc	0x00000000	Unkown Instruction 

All Registers: 
x0: 	0x00000000
x1: 	0x00000000
x2: 	0x00000000
x3: 	0x00000000
x4: 	0x00000000
x5: 	0x00000000
x6: 	0x00000000
x7: 	0x00000000
x8: 	0x00000000
x9: 	0x00000000
x10: 	0x00000000
x11: 	0x00000000
x12: 	0x00000000
x13: 	0x00000000
x14: 	0x00000000
x15: 	0x00000000
x16: 	0x00000000
x17: 	0x00000000
x18: 	0x00000000
x19: 	0x00000000
x20: 	0x00000000
x21: 	0x00000000
x22: 	0x00000000
x23: 	0x00000000
x24: 	0x00000000
x25: 	0x00000000
x26: 	0x00000000
x27: 	0x00000000
x28: 	0x00000000
x29: 	0x00000000
x30: 	0x00000000
x31: 	0x00000000

0x000000e0	0x00000000	Unkown Instruction 

All Registers: 
x0: 	0x00000000
x1: 	0x00000000
x2: 	0x00000000
x3: 	0x00000000
x4: 	0x00000000
x5: 	0x00000000
x6: 	0x00000000
x7: 	0x00000000
x8: 	0x00000000
x9: 	0x00000000
x10: 	0x00000000
x11: 	0x00000000
x12: 	0x00000000
x13: 	0x00000000
x14: 	0x00000000
x15: 	0x00000000
x16: 	0x00000000
x17: 	0x00000000
x18: 	0x00000000
x19: 	0x00000000
x20: 	0x00000000
x21: 	0x00000000
x22: 	0x00000000
x23: 	0x00000000
x24: 	0x00000000
x25: 	0x00000000
x26: 	0x00000000
x27: 	0x00000000
x28: 	0x00000000
x29: 	0x00000000
x30: 	0x00000000
x31: 	0x00000000

0x000000e4	0x00000000	Unkown Instruction 

All Registers: 
x0: 	0x00000000
x1: 	0x00000000
x2: 	0x00000000
x3: 	0x00000000
x4: 	0x00000000
x5: 	0x00000000
x6: 	0x00000000
x7: 	0x00000000
x8: 	0x00000000
x9: 	0x00000000
x10: 	0x00000000
x11: 	0x00000000
x12: 	0x00000000
x13: 	0x00000000
x14: 	0x00000000
x15: 	0x00000000
x16: 	0x00000000
x17: 	0x00000000
x18: 	0x00000000
x19: 	0x00000000
x20: 	0x00000000
x21: 	0x00000000
x22: 	0x00000000
x23: 	0x00000000
x24: 	0x00000000
x25: 	0x00000000
x26: 	0x00000000
x27: 	0x00000000
x28: 	0x00000000
x29: 	0x00000000
x30: 	0x00000000
x31: 	0x00000000

0x000000e8	0x00000000	Unkown Instruction 

All Registers: 
x0: 	0x00000000
x1: 	0x00000000
x2: 	0x00000000
x3: 	0x00000000
x4: 	0x00000000
x5: 	0x00000000
x6: 	0x00000000
x7: 	0x00000000
x8: 	0x00000000
x9: 	0x00000000
x10: 	0x00000000
x11: 	0x00000000
x12: 	0x00000000
x13: 	0x00000000
x14: 	0x00000000
x15: 	0x00000000
x16: 	0x00000000
x17: 	0x00000000
x18: 	0x00000000
x19: 	0x00000000
x20: 	0x00000000
x21: 	0x00000000
x22: 	0x00000000
x23: 	0x00000000
x24: 	0x00000000
x25: 	0x00000000
x26: 	0x00000000
x27: 	0x00000000
x28: 	0x00000000
x29: 	0x00000000
x30: 	0x00000000
x31: 	0x00000000

0x000000ec	0x00000000	Unkown Instruction 

All Registers: 
x0: 	0x00000000
x1: 	0x00000000
x2: 	0x00000000
x3: 	0x00000000
x4: 	0x00000000
x5: 	0x00000000
x6: 	0x00000000
x7: 	0x00000000
x8: 	0x00000000
x9: 	0x00000000
x10: 	0x00000000
x11: 	0x00000000
x12: 	0x00000000
x13: 	0x00000000
x14: 	0x00000000
x15: 	0x00000000
x16: 	0x00000000
x17: 	0x00000000
x18: 	0x00000000
x19: 	0x00000000
x20: 	0x00000000
x21: 	0x00000000
x22: 	0x00000000
x23: 	0x00000000
x24: 	0x00000000
x25: 	0x00000000
x26: 	0x00000000
x27: 	0x00000000
x28: 	0x00000000
x29: 	0x00000000
x30: 	0x00000000
x31: 	0x00000000

0x000000f0	0x00000000	Unkown Instruction 

All Registers: 
x0: 	0x00000000
x1: 	0x00000000
x2: 	0x00000000
x3: 	0x00000000
x4: 	0x00000000
x5: 	0x00000000
x6: 	0x00000000
x7: 	0x00000000
x8: 	0x00000000
x9: 	0x00000000
x10: 	0x00000000
x11: 	0x00000000
x12: 	0x00000000
x13: 	0x00000000
x14: 	0x00000000
x15: 	0x00000000
x16: 	0x00000000
x17: 	0x00000000
x18: 	0x00000000
x19: 	0x00000000
x20: 	0x00000000
x21: 	0x00000000
x22: 	0x00000000
x23: 	0x00000000
x24: 	0x00000000
x25: 	0x00000000
x26: 	0x00000000
x27: 	0x00000000
x28: 	0x00000000
x29: 	0x00000000
x30: 	0x00000000
x31: 	0x00000000

0x000000f4	0x00000000	Unkown Instruction 

All Registers: 
x0: 	0x00000000
x1: 	0x00000000
x2: 	0x00000000
x3: 	0x00000000
x4: 	0x00000000
x5: 	0x00000000
x6: 	0x00000000
x7: 	0x00000000
x8: 	0x00000000
x9: 	0x00000000
x10: 	0x00000000
x11: 	0x00000000
x12: 	0x00000000
x13: 	0x00000000
x14: 	0x00000000
x15: 	0x00000000
x16: 	0x00000000
x17: 	0x00000000
x18: 	0x00000000
x19: 	0x00000000
x20: 	0x00000000
x21: 	0x00000000
x22: 	0x00000000
x23: 	0x00000000
x24: 	0x00000000
x25: 	0x00000000
x26: 	0x00000000
x27: 	0x00000000
x28: 	0x00000000
x29: 	0x00000000
x30: 	0x00000000
x31: 	0x00000000

0x000000f8	0x00000000	Unkown Instruction 

All Registers: 
x0: 	0x00000000
x1: 	0x00000000
x2: 	0x00000000
x3: 	0x00000000
x4: 	0x00000000
x5: 	0x00000000
x6: 	0x00000000
x7: 	0x00000000
x8: 	0x00000000
x9: 	0x00000000
x10: 	0x00000000
x11: 	0x00000000
x12: 	0x00000000
x13: 	0x00000000
x14: 	0x00000000
x15: 	0x00000000
x16: 	0x00000000
x17: 	0x00000000
x18: 	0x00000000
x19: 	0x00000000
x20: 	0x00000000
x21: 	0x00000000
x22: 	0x00000000
x23: 	0x00000000
x24: 	0x00000000
x25: 	0x00000000
x26: 	0x00000000
x27: 	0x00000000
x28: 	0x00000000
x29: 	0x00000000
x30: 	0x00000000
x31: 	0x00000000

0x000000fc	0x00000000	Unkown Instruction 

All Registers: 
x0: 	0x00000000
x1: 	0x00000000
x2: 	0x00000000
x3: 	0x00000000
x4: 	0x00000000
x5: 	0x00000000
x6: 	0x00000000
x7: 	0x00000000
x8: 	0x00000000
x9: 	0x00000000
x10: 	0x00000000
x11: 	0x00000000
x12: 	0x00000000
x13: 	0x00000000
x14: 	0x00000000
x15: 	0x00000000
x16: 	0x00000000
x17: 	0x00000000
x18: 	0x00000000
x19: 	0x00000000
x20: 	0x00000000
x21: 	0x00000000
x22: 	0x00000000
x23: 	0x00000000
x24: 	0x00000000
x25: 	0x00000000
x26: 	0x00000000
x27: 	0x00000000
x28: 	0x00000000
x29: 	0x00000000
x30: 	0x00000000
x31: 	0x00000000

0x00000100	0x00000000	Unkown Instruction 

All Registers: 
x0: 	0x00000000
x1: 	0x00000000
x2: 	0x00000000
x3: 	0x00000000
x4: 	0x00000000
x5: 	0x00000000
x6: 	0x00000000
x7: 	0x00000000
x8: 	0x00000000
x9: 	0x00000000
x10: 	0x00000000
x11: 	0x00000000
x12: 	0x00000000
x13: 	0x00000000
x14: 	0x00000000
x15: 	0x00000000
x16: 	0x00000000
x17: 	0x00000000
x18: 	0x00000000
x19: 	0x00000000
x20: 	0x00000000
x21: 	0x00000000
x22: 	0x00000000
x23: 	0x00000000
x24: 	0x00000000
x25: 	0x00000000
x26: 	0x00000000
x27: 	0x00000000
x28: 	0x00000000
x29: 	0x00000000
x30: 	0x00000000
x31: 	0x00000000

0x00000104	0x00000000	Unkown Instruction 

All Registers: 
x0: 	0x00000000
x1: 	0x00000000
x2: 	0x00000000
x3: 	0x00000000
x4: 	0x00000000
x5: 	0x00000000
x6: 	0x00000000
x7: 	0x00000000
x8: 	0x00000000
x9: 	0x00000000
x10: 	0x00000000
x11: 	0x00000000
x12: 	0x00000000
x13: 	0x00000000
x14: 	0x00000000
x15: 	0x00000000
x16: 	0x00000000
x17: 	0x00000000
x18: 	0x00000000
x19: 	0x00000000
x20: 	0x00000000
x21: 	0x00000000
x22: 	0x00000000
x23: 	0x00000000
x24: 	0x00000000
x25: 	0x00000000
x26: 	0x00000000
x27: 	0x00000000
x28: 	0x00000000
x29: 	0x00000000
x30: 	0x00000000
x31: 	0x00000000

0x00000108	0x00000000	Unkown Instruction 

All Registers: 
x0: 	0x00000000
x1: 	0x00000000
x2: 	0x00000000
x3: 	0x00000000
x4: 	0x00000000
x5: 	0x00000000
x6: 	0x00000000
x7: 	0x00000000
x8: 	0x00000000
x9: 	0x00000000
x10: 	0x00000000
x11: 	0x00000000
x12: 	0x00000000
x13: 	0x00000000
x14: 	0x00000000
x15: 	0x00000000
x16: 	0x00000000
x17: 	0x00000000
x18: 	0x00000000
x19: 	0x00000000
x20: 	0x00000000
x21: 	0x00000000
x22: 	0x00000000
x23: 	0x00000000
x24: 	0x00000000
x25: 	0x00000000
x26: 	0x00000000
x27: 	0x00000000
x28: 	0x00000000
x29: 	0x00000000
x30: 	0x00000000
x31: 	0x00000000

0x0000010c	0x00000000	Unkown Instruction 

All Registers: 
x0: 	0x00000000
x1: 	0x00000000
x2: 	0x00000000
x3: 	0x00000000
x4: 	0x00000000
x5: 	0x00000000
x6: 	0x00000000
x7: 	0x00000000
x8: 	0x00000000
x9: 	0x00000000
x10: 	0x00000000
x11: 	0x00000000
x12: 	0x00000000
x13: 	0x00000000
x14: 	0x00000000
x15: 	0x00000000
x16: 	0x00000000
x17: 	0x00000000
x18: 	0x00000000
x19: 	0x00000000
x20: 	0x00000000
x21: 	0x00000000
x22: 	0x00000000
x23: 	0x00000000
x24: 	0x00000000
x25: 	0x00000000
x26: 	0x00000000
x27: 	0x00000000
x28: 	0x00000000
x29: 	0x00000000
x30: 	0x00000000
x31: 	0x00000000

0x00000110	0x00000000	Unkown Instruction 

All Registers: 
x0: 	0x00000000
x1: 	0x00000000
x2: 	0x00000000
x3: 	0x00000000
x4: 	0x00000000
x5: 	0x00000000
x6: 	0x00000000
x7: 	0x00000000
x8: 	0x00000000
x9: 	0x00000000
x10: 	0x00000000
x11: 	0x00000000
x12: 	0x00000000
x13: 	0x00000000
x14: 	0x00000000
x15: 	0x00000000
x16: 	0x00000000
x17: 	0x00000000
x18: 	0x00000000
x19: 	0x00000000
x20: 	0x00000000
x21: 	0x00000000
x22: 	0x00000000
x23: 	0x00000000
x24: 	0x00000000
x25: 	0x00000000
x26: 	0x00000000
x27: 	0x00000000
x28: 	0x00000000
x29: 	0x00000000
x30: 	0x00000000
x31: 	0x00000000

0x00000114	0x00000000	Unkown Instruction 

All Registers: 
x0: 	0x00000000
x1: 	0x00000000
x2: 	0x00000000
x3: 	0x00000000
x4: 	0x00000000
x5: 	0x00000000
x6: 	0x00000000
x7: 	0x00000000
x8: 	0x00000000
x9: 	0x00000000
x10: 	0x00000000
x11: 	0x00000000
x12: 	0x00000000
x13: 	0x00000000
x14: 	0x00000000
x15: 	0x00000000
x16: 	0x00000000
x17: 	0x00000000
x18: 	0x00000000
x19: 	0x00000000
x20: 	0x00000000
x21: 	0x00000000
x22: 	0x00000000
x23: 	0x00000000
x24: 	0x00000000
x25: 	0x00000000
x26: 	0x00000000
x27: 	0x00000000
x28: 	0x00000000
x29: 	0x00000000
x30: 	0x00000000
x31: 	0x00000000

0x00000118	0x00000000	Unkown Instruction 

All Registers: 
x0: 	0x00000000
x1: 	0x00000000
x2: 	0x00000000
x3: 	0x00000000
x4: 	0x00000000
x5: 	0x00000000
x6: 	0x00000000
x7: 	0x00000000
x8: 	0x00000000
x9: 	0x00000000
x10: 	0x00000000
x11: 	0x00000000
x12: 	0x00000000
x13: 	0x00000000
x14: 	0x00000000
x15: 	0x00000000
x16: 	0x00000000
x17: 	0x00000000
x18: 	0x00000000
x19: 	0x00000000
x20: 	0x00000000
x21: 	0x00000000
x22: 	0x00000000
x23: 	0x00000000
x24: 	0x00000000
x25: 	0x00000000
x26: 	0x00000000
x27: 	0x00000000
x28: 	0x00000000
x29: 	0x00000000
x30: 	0x00000000
x31: 	0x00000000

0x0000011c	0x00000000	Unkown Instruction 

All Registers: 
x0: 	0x00000000
x1: 	0x00000000
x2: 	0x00000000
x3: 	0x00000000
x4: 	0x00000000
x5: 	0x00000000
x6: 	0x00000000
x7: 	0x00000000
x8: 	0x00000000
x9: 	0x00000000
x10: 	0x00000000
x11: 	0x00000000
x12: 	0x00000000
x13: 	0x00000000
x14: 	0x00000000
x15: 	0x00000000
x16: 	0x00000000
x17: 	0x00000000
x18: 	0x00000000
x19: 	0x00000000
x20: 	0x00000000
x21: 	0x00000000
x22: 	0x00000000
x23: 	0x00000000
x24: 	0x00000000
x25: 	0x00000000
x26: 	0x00000000
x27: 	0x00000000
x28: 	0x00000000
x29: 	0x00000000
x30: 	0x00000000
x31: 	0x00000000

0x00000120	0x00000000	Unkown Instruction 

All Registers: 
x0: 	0x00000000
x1: 	0x00000000
x2: 	0x00000000
x3: 	0x00000000
x4: 	0x00000000
x5: 	0x00000000
x6: 	0x00000000
x7: 	0x00000000
x8: 	0x00000000
x9: 	0x00000000
x10: 	0x00000000
x11: 	0x00000000
x12: 	0x00000000
x13: 	0x00000000
x14: 	0x00000000
x15: 	0x00000000
x16: 	0x00000000
x17: 	0x00000000
x18: 	0x00000000
x19: 	0x00000000
x20: 	0x00000000
x21: 	0x00000000
x22: 	0x00000000
x23: 	0x00000000
x24: 	0x00000000
x25: 	0x00000000
x26: 	0x00000000
x27: 	0x00000000
x28: 	0x00000000
x29: 	0x00000000
x30: 	0x00000000
x31: 	0x00000000

0x00000124	0x00000000	Unkown Instruction 

All Registers: 
x0: 	0x00000000
x1: 	0x00000000
x2: 	0x00000000
x3: 	0x00000000
x4: 	0x00000000
x5: 	0x00000000
x6: 	0x00000000
x7: 	0x00000000
x8: 	0x00000000
x9: 	0x00000000
x10: 	0x00000000
x11: 	0x00000000
x12: 	0x00000000
x13: 	0x00000000
x14: 	0x00000000
x15: 	0x00000000
x16: 	0x00000000
x17: 	0x00000000
x18: 	0x00000000
x19: 	0x00000000
x20: 	0x00000000
x21: 	0x00000000
x22: 	0x00000000
x23: 	0x00000000
x24: 	0x00000000
x25: 	0x00000000
x26: 	0x00000000
x27: 	0x00000000
x28: 	0x00000000
x29: 	0x00000000
x30: 	0x00000000
x31: 	0x00000000

0x00000128	0x00000000	Unkown Instruction 

All Registers: 
x0: 	0x00000000
x1: 	0x00000000
x2: 	0x00000000
x3: 	0x00000000
x4: 	0x00000000
x5: 	0x00000000
x6: 	0x00000000
x7: 	0x00000000
x8: 	0x00000000
x9: 	0x00000000
x10: 	0x00000000
x11: 	0x00000000
x12: 	0x00000000
x13: 	0x00000000
x14: 	0x00000000
x15: 	0x00000000
x16: 	0x00000000
x17: 	0x00000000
x18: 	0x00000000
x19: 	0x00000000
x20: 	0x00000000
x21: 	0x00000000
x22: 	0x00000000
x23: 	0x00000000
x24: 	0x00000000
x25: 	0x00000000
x26: 	0x00000000
x27: 	0x00000000
x28: 	0x00000000
x29: 	0x00000000
x30: 	0x00000000
x31: 	0x00000000

0x0000012c	0x00000000	Unkown Instruction 

All Registers: 
x0: 	0x00000000
x1: 	0x00000000
x2: 	0x00000000
x3: 	0x00000000
x4: 	0x00000000
x5: 	0x00000000
x6: 	0x00000000
x7: 	0x00000000
x8: 	0x00000000
x9: 	0x00000000
x10: 	0x00000000
x11: 	0x00000000
x12: 	0x00000000
x13: 	0x00000000
x14: 	0x00000000
x15: 	0x00000000
x16: 	0x00000000
x17: 	0x00000000
x18: 	0x00000000
x19: 	0x00000000
x20: 	0x00000000
x21: 	0x00000000
x22: 	0x00000000
x23: 	0x00000000
x24: 	0x00000000
x25: 	0x00000000
x26: 	0x00000000
x27: 	0x00000000
x28: 	0x00000000
x29: 	0x00000000
x30: 	0x00000000
x31: 	0x00000000

0x00000130	0x00000000	Unkown Instruction 

All Registers: 
x0: 	0x00000000
x1: 	0x00000000
x2: 	0x00000000
x3: 	0x00000000
x4: 	0x00000000
x5: 	0x00000000
x6: 	0x00000000
x7: 	0x00000000
x8: 	0x00000000
x9: 	0x00000000
x10: 	0x00000000
x11: 	0x00000000
x12: 	0x00000000
x13: 	0x00000000
x14: 	0x00000000
x15: 	0x00000000
x16: 	0x00000000
x17: 	0x00000000
x18: 	0x00000000
x19: 	0x00000000
x20: 	0x00000000
x21: 	0x00000000
x22: 	0x00000000
x23: 	0x00000000
x24: 	0x00000000
x25: 	0x00000000
x26: 	0x00000000
x27: 	0x00000000
x28: 	0x00000000
x29: 	0x00000000
x30: 	0x00000000
x31: 	0x00000000

0x00000134	0x00000000	Unkown Instruction 

All Registers: 
x0: 	0x00000000
x1: 	0x00000000
x2: 	0x00000000
x3: 	0x00000000
x4: 	0x00000000
x5: 	0x00000000
x6: 	0x00000000
x7: 	0x00000000
x8: 	0x00000000
x9: 	0x00000000
x10: 	0x00000000
x11: 	0x00000000
x12: 	0x00000000
x13: 	0x00000000
x14: 	0x00000000
x15: 	0x00000000
x16: 	0x00000000
x17: 	0x00000000
x18: 	0x00000000
x19: 	0x00000000
x20: 	0x00000000
x21: 	0x00000000
x22: 	0x00000000
x23: 	0x00000000
x24: 	0x00000000
x25: 	0x00000000
x26: 	0x00000000
x27: 	0x00000000
x28: 	0x00000000
x29: 	0x00000000
x30: 	0x00000000
x31: 	0x00000000

0x00000138	0x00000000	Unkown Instruction 

All Registers: 
x0: 	0x00000000
x1: 	0x00000000
x2: 	0x00000000
x3: 	0x00000000
x4: 	0x00000000
x5: 	0x00000000
x6: 	0x00000000
x7: 	0x00000000
x8: 	0x00000000
x9: 	0x00000000
x10: 	0x00000000
x11: 	0x00000000
x12: 	0x00000000
x13: 	0x00000000
x14: 	0x00000000
x15: 	0x00000000
x16: 	0x00000000
x17: 	0x00000000
x18: 	0x00000000
x19: 	0x00000000
x20: 	0x00000000
x21: 	0x00000000
x22: 	0x00000000
x23: 	0x00000000
x24: 	0x00000000
x25: 	0x00000000
x26: 	0x00000000
x27: 	0x00000000
x28: 	0x00000000
x29: 	0x00000000
x30: 	0x00000000
x31: 	0x00000000

0x0000013c	0x00000000	Unkown Instruction 

All Registers: 
x0: 	0x00000000
x1: 	0x00000000
x2: 	0x00000000
x3: 	0x00000000
x4: 	0x00000000
x5: 	0x00000000
x6: 	0x00000000
x7: 	0x00000000
x8: 	0x00000000
x9: 	0x00000000
x10: 	0x00000000
x11: 	0x00000000
x12: 	0x00000000
x13: 	0x00000000
x14: 	0x00000000
x15: 	0x00000000
x16: 	0x00000000
x17: 	0x00000000
x18: 	0x00000000
x19: 	0x00000000
x20: 	0x00000000
x21: 	0x00000000
x22: 	0x00000000
x23: 	0x00000000
x24: 	0x00000000
x25: 	0x00000000
x26: 	0x00000000
x27: 	0x00000000
x28: 	0x00000000
x29: 	0x00000000
x30: 	0x00000000
x31: 	0x00000000

0x00000140	0x00000000	Unkown Instruction 

All Registers: 
x0: 	0x00000000
x1: 	0x00000000
x2: 	0x00000000
x3: 	0x00000000
x4: 	0x00000000
x5: 	0x00000000
x6: 	0x00000000
x7: 	0x00000000
x8: 	0x00000000
x9: 	0x00000000
x10: 	0x00000000
x11: 	0x00000000
x12: 	0x00000000
x13: 	0x00000000
x14: 	0x00000000
x15: 	0x00000000
x16: 	0x00000000
x17: 	0x00000000
x18: 	0x00000000
x19: 	0x00000000
x20: 	0x00000000
x21: 	0x00000000
x22: 	0x00000000
x23: 	0x00000000
x24: 	0x00000000
x25: 	0x00000000
x26: 	0x00000000
x27: 	0x00000000
x28: 	0x00000000
x29: 	0x00000000
x30: 	0x00000000
x31: 	0x00000000

0x00000144	0x00000000	Unkown Instruction 

All Registers: 
x0: 	0x00000000
x1: 	0x00000000
x2: 	0x00000000
x3: 	0x00000000
x4: 	0x00000000
x5: 	0x00000000
x6: 	0x00000000
x7: 	0x00000000
x8: 	0x00000000
x9: 	0x00000000
x10: 	0x00000000
x11: 	0x00000000
x12: 	0x00000000
x13: 	0x00000000
x14: 	0x00000000
x15: 	0x00000000
x16: 	0x00000000
x17: 	0x00000000
x18: 	0x00000000
x19: 	0x00000000
x20: 	0x00000000
x21: 	0x00000000
x22: 	0x00000000
x23: 	0x00000000
x24: 	0x00000000
x25: 	0x00000000
x26: 	0x00000000
x27: 	0x00000000
x28: 	0x00000000
x29: 	0x00000000
x30: 	0x00000000
x31: 	0x00000000

0x00000148	0x00000000	Unkown Instruction 

All Registers: 
x0: 	0x00000000
x1: 	0x00000000
x2: 	0x00000000
x3: 	0x00000000
x4: 	0x00000000
x5: 	0x00000000
x6: 	0x00000000
x7: 	0x00000000
x8: 	0x00000000
x9: 	0x00000000
x10: 	0x00000000
x11: 	0x00000000
x12: 	0x00000000
x13: 	0x00000000
x14: 	0x00000000
x15: 	0x00000000
x16: 	0x00000000
x17: 	0x00000000
x18: 	0x00000000
x19: 	0x00000000
x20: 	0x00000000
x21: 	0x00000000
x22: 	0x00000000
x23: 	0x00000000
x24: 	0x00000000
x25: 	0x00000000
x26: 	0x00000000
x27: 	0x00000000
x28: 	0x00000000
x29: 	0x00000000
x30: 	0x00000000
x31: 	0x00000000

0x0000014c	0x00000000	Unkown Instruction 

All Registers: 
x0: 	0x00000000
x1: 	0x00000000
x2: 	0x00000000
x3: 	0x00000000
x4: 	0x00000000
x5: 	0x00000000
x6: 	0x00000000
x7: 	0x00000000
x8: 	0x00000000
x9: 	0x00000000
x10: 	0x00000000
x11: 	0x00000000
x12: 	0x00000000
x13: 	0x00000000
x14: 	0x00000000
x15: 	0x00000000
x16: 	0x00000000
x17: 	0x00000000
x18: 	0x00000000
x19: 	0x00000000
x20: 	0x00000000
x21: 	0x00000000
x22: 	0x00000000
x23: 	0x00000000
x24: 	0x00000000
x25: 	0x00000000
x26: 	0x00000000
x27: 	0x00000000
x28: 	0x00000000
x29: 	0x00000000
x30: 	0x00000000
x31: 	0x00000000

0x00000150	0x00000000	Unkown Instruction 

All Registers: 
x0: 	0x00000000
x1: 	0x00000000
x2: 	0x00000000
x3: 	0x00000000
x4: 	0x00000000
x5: 	0x00000000
x6: 	0x00000000
x7: 	0x00000000
x8: 	0x00000000
x9: 	0x00000000
x10: 	0x00000000
x11: 	0x00000000
x12: 	0x00000000
x13: 	0x00000000
x14: 	0x00000000
x15: 	0x00000000
x16: 	0x00000000
x17: 	0x00000000
x18: 	0x00000000
x19: 	0x00000000
x20: 	0x00000000
x21: 	0x00000000
x22: 	0x00000000
x23: 	0x00000000
x24: 	0x00000000
x25: 	0x00000000
x26: 	0x00000000
x27: 	0x00000000
x28: 	0x00000000
x29: 	0x00000000
x30: 	0x00000000
x31: 	0x00000000

0x00000154	0x00000000	Unkown Instruction 

All Registers: 
x0: 	0x00000000
x1: 	0x00000000
x2: 	0x00000000
x3: 	0x00000000
x4: 	0x00000000
x5: 	0x00000000
x6: 	0x00000000
x7: 	0x00000000
x8: 	0x00000000
x9: 	0x00000000
x10: 	0x00000000
x11: 	0x00000000
x12: 	0x00000000
x13: 	0x00000000
x14: 	0x00000000
x15: 	0x00000000
x16: 	0x00000000
x17: 	0x00000000
x18: 	0x00000000
x19: 	0x00000000
x20: 	0x00000000
x21: 	0x00000000
x22: 	0x00000000
x23: 	0x00000000
x24: 	0x00000000
x25: 	0x00000000
x26: 	0x00000000
x27: 	0x00000000
x28: 	0x00000000
x29: 	0x00000000
x30: 	0x00000000
x31: 	0x00000000

0x00000158	0x00000000	Unkown Instruction 

All Registers: 
x0: 	0x00000000
x1: 	0x00000000
x2: 	0x00000000
x3: 	0x00000000
x4: 	0x00000000
x5: 	0x00000000
x6: 	0x00000000
x7: 	0x00000000
x8: 	0x00000000
x9: 	0x00000000
x10: 	0x00000000
x11: 	0x00000000
x12: 	0x00000000
x13: 	0x00000000
x14: 	0x00000000
x15: 	0x00000000
x16: 	0x00000000
x17: 	0x00000000
x18: 	0x00000000
x19: 	0x00000000
x20: 	0x00000000
x21: 	0x00000000
x22: 	0x00000000
x23: 	0x00000000
x24: 	0x00000000
x25: 	0x00000000
x26: 	0x00000000
x27: 	0x00000000
x28: 	0x00000000
x29: 	0x00000000
x30: 	0x00000000
x31: 	0x00000000

0x0000015c	0x00000000	Unkown Instruction 

All Registers: 
x0: 	0x00000000
x1: 	0x00000000
x2: 	0x00000000
x3: 	0x00000000
x4: 	0x00000000
x5: 	0x00000000
x6: 	0x00000000
x7: 	0x00000000
x8: 	0x00000000
x9: 	0x00000000
x10: 	0x00000000
x11: 	0x00000000
x12: 	0x00000000
x13: 	0x00000000
x14: 	0x00000000
x15: 	0x00000000
x16: 	0x00000000
x17: 	0x00000000
x18: 	0x00000000
x19: 	0x00000000
x20: 	0x00000000
x21: 	0x00000000
x22: 	0x00000000
x23: 	0x00000000
x24: 	0x00000000
x25: 	0x00000000
x26: 	0x00000000
x27: 	0x00000000
x28: 	0x00000000
x29: 	0x00000000
x30: 	0x00000000
x31: 	0x00000000

0x00000160	0x00000000	Unkown Instruction 

All Registers: 
x0: 	0x00000000
x1: 	0x00000000
x2: 	0x00000000
x3: 	0x00000000
x4: 	0x00000000
x5: 	0x00000000
x6: 	0x00000000
x7: 	0x00000000
x8: 	0x00000000
x9: 	0x00000000
x10: 	0x00000000
x11: 	0x00000000
x12: 	0x00000000
x13: 	0x00000000
x14: 	0x00000000
x15: 	0x00000000
x16: 	0x00000000
x17: 	0x00000000
x18: 	0x00000000
x19: 	0x00000000
x20: 	0x00000000
x21: 	0x00000000
x22: 	0x00000000
x23: 	0x00000000
x24: 	0x00000000
x25: 	0x00000000
x26: 	0x00000000
x27: 	0x00000000
x28: 	0x00000000
x29: 	0x00000000
x30: 	0x00000000
x31: 	0x00000000

0x00000164	0x00000000	Unkown Instruction 

All Registers: 
x0: 	0x00000000
x1: 	0x00000000
x2: 	0x00000000
x3: 	0x00000000
x4: 	0x00000000
x5: 	0x00000000
x6: 	0x00000000
x7: 	0x00000000
x8: 	0x00000000
x9: 	0x00000000
x10: 	0x00000000
x11: 	0x00000000
x12: 	0x00000000
x13: 	0x00000000
x14: 	0x00000000
x15: 	0x00000000
x16: 	0x00000000
x17: 	0x00000000
x18: 	0x00000000
x19: 	0x00000000
x20: 	0x00000000
x21: 	0x00000000
x22: 	0x00000000
x23: 	0x00000000
x24: 	0x00000000
x25: 	0x00000000
x26: 	0x00000000
x27: 	0x00000000
x28: 	0x00000000
x29: 	0x00000000
x30: 	0x00000000
x31: 	0x00000000

0x00000168	0x00000000	Unkown Instruction 

All Registers: 
x0: 	0x00000000
x1: 	0x00000000
x2: 	0x00000000
x3: 	0x00000000
x4: 	0x00000000
x5: 	0x00000000
x6: 	0x00000000
x7: 	0x00000000
x8: 	0x00000000
x9: 	0x00000000
x10: 	0x00000000
x11: 	0x00000000
x12: 	0x00000000
x13: 	0x00000000
x14: 	0x00000000
x15: 	0x00000000
x16: 	0x00000000
x17: 	0x00000000
x18: 	0x00000000
x19: 	0x00000000
x20: 	0x00000000
x21: 	0x00000000
x22: 	0x00000000
x23: 	0x00000000
x24: 	0x00000000
x25: 	0x00000000
x26: 	0x00000000
x27: 	0x00000000
x28: 	0x00000000
x29: 	0x00000000
x30: 	0x00000000
x31: 	0x00000000

0x0000016c	0x00000000	Unkown Instruction 

All Registers: 
x0: 	0x00000000
x1: 	0x00000000
x2: 	0x00000000
x3: 	0x00000000
x4: 	0x00000000
x5: 	0x00000000
x6: 	0x00000000
x7: 	0x00000000
x8: 	0x00000000
x9: 	0x00000000
x10: 	0x00000000
x11: 	0x00000000
x12: 	0x00000000
x13: 	0x00000000
x14: 	0x00000000
x15: 	0x00000000
x16: 	0x00000000
x17: 	0x00000000
x18: 	0x00000000
x19: 	0x00000000
x20: 	0x00000000
x21: 	0x00000000
x22: 	0x00000000
x23: 	0x00000000
x24: 	0x00000000
x25: 	0x00000000
x26: 	0x00000000
x27: 	0x00000000
x28: 	0x00000000
x29: 	0x00000000
x30: 	0x00000000
x31: 	0x00000000

0x00000170	0x00000000	Unkown Instruction 

All Registers: 
x0: 	0x00000000
x1: 	0x00000000
x2: 	0x00000000
x3: 	0x00000000
x4: 	0x00000000
x5: 	0x00000000
x6: 	0x00000000
x7: 	0x00000000
x8: 	0x00000000
x9: 	0x00000000
x10: 	0x00000000
x11: 	0x00000000
x12: 	0x00000000
x13: 	0x00000000
x14: 	0x00000000
x15: 	0x00000000
x16: 	0x00000000
x17: 	0x00000000
x18: 	0x00000000
x19: 	0x00000000
x20: 	0x00000000
x21: 	0x00000000
x22: 	0x00000000
x23: 	0x00000000
x24: 	0x00000000
x25: 	0x00000000
x26: 	0x00000000
x27: 	0x00000000
x28: 	0x00000000
x29: 	0x00000000
x30: 	0x00000000
x31: 	0x00000000

0x00000174	0x00000000	Unkown Instruction 

All Registers: 
x0: 	0x00000000
x1: 	0x00000000
x2: 	0x00000000
x3: 	0x00000000
x4: 	0x00000000
x5: 	0x00000000
x6: 	0x00000000
x7: 	0x00000000
x8: 	0x00000000
x9: 	0x00000000
x10: 	0x00000000
x11: 	0x00000000
x12: 	0x00000000
x13: 	0x00000000
x14: 	0x00000000
x15: 	0x00000000
x16: 	0x00000000
x17: 	0x00000000
x18: 	0x00000000
x19: 	0x00000000
x20: 	0x00000000
x21: 	0x00000000
x22: 	0x00000000
x23: 	0x00000000
x24: 	0x00000000
x25: 	0x00000000
x26: 	0x00000000
x27: 	0x00000000
x28: 	0x00000000
x29: 	0x00000000
x30: 	0x00000000
x31: 	0x00000000

0x00000178	0x00000000	Unkown Instruction 

All Registers: 
x0: 	0x00000000
x1: 	0x00000000
x2: 	0x00000000
x3: 	0x00000000
x4: 	0x00000000
x5: 	0x00000000
x6: 	0x00000000
x7: 	0x00000000
x8: 	0x00000000
x9: 	0x00000000
x10: 	0x00000000
x11: 	0x00000000
x12: 	0x00000000
x13: 	0x00000000
x14: 	0x00000000
x15: 	0x00000000
x16: 	0x00000000
x17: 	0x00000000
x18: 	0x00000000
x19: 	0x00000000
x20: 	0x00000000
x21: 	0x00000000
x22: 	0x00000000
x23: 	0x00000000
x24: 	0x00000000
x25: 	0x00000000
x26: 	0x00000000
x27: 	0x00000000
x28: 	0x00000000
x29: 	0x00000000
x30: 	0x00000000
x31: 	0x00000000

0x0000017c	0x00000000	Unkown Instruction 

All Registers: 
x0: 	0x00000000
x1: 	0x00000000
x2: 	0x00000000
x3: 	0x00000000
x4: 	0x00000000
x5: 	0x00000000
x6: 	0x00000000
x7: 	0x00000000
x8: 	0x00000000
x9: 	0x00000000
x10: 	0x00000000
x11: 	0x00000000
x12: 	0x00000000
x13: 	0x00000000
x14: 	0x00000000
x15: 	0x00000000
x16: 	0x00000000
x17: 	0x00000000
x18: 	0x00000000
x19: 	0x00000000
x20: 	0x00000000
x21: 	0x00000000
x22: 	0x00000000
x23: 	0x00000000
x24: 	0x00000000
x25: 	0x00000000
x26: 	0x00000000
x27: 	0x00000000
x28: 	0x00000000
x29: 	0x00000000
x30: 	0x00000000
x31: 	0x00000000

0x00000180	0x00000000	Unkown Instruction 

All Registers: 
x0: 	0x00000000
x1: 	0x00000000
x2: 	0x00000000
x3: 	0x00000000
x4: 	0x00000000
x5: 	0x00000000
x6: 	0x00000000
x7: 	0x00000000
x8: 	0x00000000
x9: 	0x00000000
x10: 	0x00000000
x11: 	0x00000000
x12: 	0x00000000
x13: 	0x00000000
x14: 	0x00000000
x15: 	0x00000000
x16: 	0x00000000
x17: 	0x00000000
x18: 	0x00000000
x19: 	0x00000000
x20: 	0x00000000
x21: 	0x00000000
x22: 	0x00000000
x23: 	0x00000000
x24: 	0x00000000
x25: 	0x00000000
x26: 	0x00000000
x27: 	0x00000000
x28: 	0x00000000
x29: 	0x00000000
x30: 	0x00000000
x31: 	0x00000000

0x00000184	0x00000000	Unkown Instruction 

All Registers: 
x0: 	0x00000000
x1: 	0x00000000
x2: 	0x00000000
x3: 	0x00000000
x4: 	0x00000000
x5: 	0x00000000
x6: 	0x00000000
x7: 	0x00000000
x8: 	0x00000000
x9: 	0x00000000
x10: 	0x00000000
x11: 	0x00000000
x12: 	0x00000000
x13: 	0x00000000
x14: 	0x00000000
x15: 	0x00000000
x16: 	0x00000000
x17: 	0x00000000
x18: 	0x00000000
x19: 	0x00000000
x20: 	0x00000000
x21: 	0x00000000
x22: 	0x00000000
x23: 	0x00000000
x24: 	0x00000000
x25: 	0x00000000
x26: 	0x00000000
x27: 	0x00000000
x28: 	0x00000000
x29: 	0x00000000
x30: 	0x00000000
x31: 	0x00000000

0x00000188	0x00000000	Unkown Instruction 

All Registers: 
x0: 	0x00000000
x1: 	0x00000000
x2: 	0x00000000
x3: 	0x00000000
x4: 	0x00000000
x5: 	0x00000000
x6: 	0x00000000
x7: 	0x00000000
x8: 	0x00000000
x9: 	0x00000000
x10: 	0x00000000
x11: 	0x00000000
x12: 	0x00000000
x13: 	0x00000000
x14: 	0x00000000
x15: 	0x00000000
x16: 	0x00000000
x17: 	0x00000000
x18: 	0x00000000
x19: 	0x00000000
x20: 	0x00000000
x21: 	0x00000000
x22: 	0x00000000
x23: 	0x00000000
x24: 	0x00000000
x25: 	0x00000000
x26: 	0x00000000
x27: 	0x00000000
x28: 	0x00000000
x29: 	0x00000000
x30: 	0x00000000
x31: 	0x00000000

0x0000018c	0x00000000	Unkown Instruction 

All Registers: 
x0: 	0x00000000
x1: 	0x00000000
x2: 	0x00000000
x3: 	0x00000000
x4: 	0x00000000
x5: 	0x00000000
x6: 	0x00000000
x7: 	0x00000000
x8: 	0x00000000
x9: 	0x00000000
x10: 	0x00000000
x11: 	0x00000000
x12: 	0x00000000
x13: 	0x00000000
x14: 	0x00000000
x15: 	0x00000000
x16: 	0x00000000
x17: 	0x00000000
x18: 	0x00000000
x19: 	0x00000000
x20: 	0x00000000
x21: 	0x00000000
x22: 	0x00000000
x23: 	0x00000000
x24: 	0x00000000
x25: 	0x00000000
x26: 	0x00000000
x27: 	0x00000000
x28: 	0x00000000
x29: 	0x00000000
x30: 	0x00000000
x31: 	0x00000000

0x00000190	0x00000000	Unkown Instruction 

All Registers: 
x0: 	0x00000000
x1: 	0x00000000
x2: 	0x00000000
x3: 	0x00000000
x4: 	0x00000000
x5: 	0x00000000
x6: 	0x00000000
x7: 	0x00000000
x8: 	0x00000000
x9: 	0x00000000
x10: 	0x00000000
x11: 	0x00000000
x12: 	0x00000000
x13: 	0x00000000
x14: 	0x00000000
x15: 	0x00000000
x16: 	0x00000000
x17: 	0x00000000
x18: 	0x00000000
x19: 	0x00000000
x20: 	0x00000000
x21: 	0x00000000
x22: 	0x00000000
x23: 	0x00000000
x24: 	0x00000000
x25: 	0x00000000
x26: 	0x00000000
x27: 	0x00000000
x28: 	0x00000000
x29: 	0x00000000
x30: 	0x00000000
x31: 	0x00000000

0x00000194	0x00000000	Unkown Instruction 

All Registers: 
x0: 	0x00000000
x1: 	0x00000000
x2: 	0x00000000
x3: 	0x00000000
x4: 	0x00000000
x5: 	0x00000000
x6: 	0x00000000
x7: 	0x00000000
x8: 	0x00000000
x9: 	0x00000000
x10: 	0x00000000
x11: 	0x00000000
x12: 	0x00000000
x13: 	0x00000000
x14: 	0x00000000
x15: 	0x00000000
x16: 	0x00000000
x17: 	0x00000000
x18: 	0x00000000
x19: 	0x00000000
x20: 	0x00000000
x21: 	0x00000000
x22: 	0x00000000
x23: 	0x00000000
x24: 	0x00000000
x25: 	0x00000000
x26: 	0x00000000
x27: 	0x00000000
x28: 	0x00000000
x29: 	0x00000000
x30: 	0x00000000
x31: 	0x00000000

0x00000198	0x00000000	Unkown Instruction 

All Registers: 
x0: 	0x00000000
x1: 	0x00000000
x2: 	0x00000000
x3: 	0x00000000
x4: 	0x00000000
x5: 	0x00000000
x6: 	0x00000000
x7: 	0x00000000
x8: 	0x00000000
x9: 	0x00000000
x10: 	0x00000000
x11: 	0x00000000
x12: 	0x00000000
x13: 	0x00000000
x14: 	0x00000000
x15: 	0x00000000
x16: 	0x00000000
x17: 	0x00000000
x18: 	0x00000000
x19: 	0x00000000
x20: 	0x00000000
x21: 	0x00000000
x22: 	0x00000000
x23: 	0x00000000
x24: 	0x00000000
x25: 	0x00000000
x26: 	0x00000000
x27: 	0x00000000
x28: 	0x00000000
x29: 	0x00000000
x30: 	0x00000000
x31: 	0x00000000

0x0000019c	0x00000000	Unkown Instruction 

All Registers: 
x0: 	0x00000000
x1: 	0x00000000
x2: 	0x00000000
x3: 	0x00000000
x4: 	0x00000000
x5: 	0x00000000
x6: 	0x00000000
x7: 	0x00000000
x8: 	0x00000000
x9: 	0x00000000
x10: 	0x00000000
x11: 	0x00000000
x12: 	0x00000000
x13: 	0x00000000
x14: 	0x00000000
x15: 	0x00000000
x16: 	0x00000000
x17: 	0x00000000
x18: 	0x00000000
x19: 	0x00000000
x20: 	0x00000000
x21: 	0x00000000
x22: 	0x00000000
x23: 	0x00000000
x24: 	0x00000000
x25: 	0x00000000
x26: 	0x00000000
x27: 	0x00000000
x28: 	0x00000000
x29: 	0x00000000
x30: 	0x00000000
x31: 	0x00000000

0x000001a0	0x00000000	Unkown Instruction 

All Registers: 
x0: 	0x00000000
x1: 	0x00000000
x2: 	0x00000000
x3: 	0x00000000
x4: 	0x00000000
x5: 	0x00000000
x6: 	0x00000000
x7: 	0x00000000
x8: 	0x00000000
x9: 	0x00000000
x10: 	0x00000000
x11: 	0x00000000
x12: 	0x00000000
x13: 	0x00000000
x14: 	0x00000000
x15: 	0x00000000
x16: 	0x00000000
x17: 	0x00000000
x18: 	0x00000000
x19: 	0x00000000
x20: 	0x00000000
x21: 	0x00000000
x22: 	0x00000000
x23: 	0x00000000
x24: 	0x00000000
x25: 	0x00000000
x26: 	0x00000000
x27: 	0x00000000
x28: 	0x00000000
x29: 	0x00000000
x30: 	0x00000000
x31: 	0x00000000

0x000001a4	0x00000000	Unkown Instruction 

All Registers: 
x0: 	0x00000000
x1: 	0x00000000
x2: 	0x00000000
x3: 	0x00000000
x4: 	0x00000000
x5: 	0x00000000
x6: 	0x00000000
x7: 	0x00000000
x8: 	0x00000000
x9: 	0x00000000
x10: 	0x00000000
x11: 	0x00000000
x12: 	0x00000000
x13: 	0x00000000
x14: 	0x00000000
x15: 	0x00000000
x16: 	0x00000000
x17: 	0x00000000
x18: 	0x00000000
x19: 	0x00000000
x20: 	0x00000000
x21: 	0x00000000
x22: 	0x00000000
x23: 	0x00000000
x24: 	0x00000000
x25: 	0x00000000
x26: 	0x00000000
x27: 	0x00000000
x28: 	0x00000000
x29: 	0x00000000
x30: 	0x00000000
x31: 	0x00000000

0x000001a8	0x00000000	Unkown Instruction 

All Registers: 
x0: 	0x00000000
x1: 	0x00000000
x2: 	0x00000000
x3: 	0x00000000
x4: 	0x00000000
x5: 	0x00000000
x6: 	0x00000000
x7: 	0x00000000
x8: 	0x00000000
x9: 	0x00000000
x10: 	0x00000000
x11: 	0x00000000
x12: 	0x00000000
x13: 	0x00000000
x14: 	0x00000000
x15: 	0x00000000
x16: 	0x00000000
x17: 	0x00000000
x18: 	0x00000000
x19: 	0x00000000
x20: 	0x00000000
x21: 	0x00000000
x22: 	0x00000000
x23: 	0x00000000
x24: 	0x00000000
x25: 	0x00000000
x26: 	0x00000000
x27: 	0x00000000
x28: 	0x00000000
x29: 	0x00000000
x30: 	0x00000000
x31: 	0x00000000

0x000001ac	0x00000000	Unkown Instruction 

All Registers: 
x0: 	0x00000000
x1: 	0x00000000
x2: 	0x00000000
x3: 	0x00000000
x4: 	0x00000000
x5: 	0x00000000
x6: 	0x00000000
x7: 	0x00000000
x8: 	0x00000000
x9: 	0x00000000
x10: 	0x00000000
x11: 	0x00000000
x12: 	0x00000000
x13: 	0x00000000
x14: 	0x00000000
x15: 	0x00000000
x16: 	0x00000000
x17: 	0x00000000
x18: 	0x00000000
x19: 	0x00000000
x20: 	0x00000000
x21: 	0x00000000
x22: 	0x00000000
x23: 	0x00000000
x24: 	0x00000000
x25: 	0x00000000
x26: 	0x00000000
x27: 	0x00000000
x28: 	0x00000000
x29: 	0x00000000
x30: 	0x00000000
x31: 	0x00000000

0x000001b0	0x00000000	Unkown Instruction 

All Registers: 
x0: 	0x00000000
x1: 	0x00000000
x2: 	0x00000000
x3: 	0x00000000
x4: 	0x00000000
x5: 	0x00000000
x6: 	0x00000000
x7: 	0x00000000
x8: 	0x00000000
x9: 	0x00000000
x10: 	0x00000000
x11: 	0x00000000
x12: 	0x00000000
x13: 	0x00000000
x14: 	0x00000000
x15: 	0x00000000
x16: 	0x00000000
x17: 	0x00000000
x18: 	0x00000000
x19: 	0x00000000
x20: 	0x00000000
x21: 	0x00000000
x22: 	0x00000000
x23: 	0x00000000
x24: 	0x00000000
x25: 	0x00000000
x26: 	0x00000000
x27: 	0x00000000
x28: 	0x00000000
x29: 	0x00000000
x30: 	0x00000000
x31: 	0x00000000

0x000001b4	0x00000000	Unkown Instruction 

All Registers: 
x0: 	0x00000000
x1: 	0x00000000
x2: 	0x00000000
x3: 	0x00000000
x4: 	0x00000000
x5: 	0x00000000
x6: 	0x00000000
x7: 	0x00000000
x8: 	0x00000000
x9: 	0x00000000
x10: 	0x00000000
x11: 	0x00000000
x12: 	0x00000000
x13: 	0x00000000
x14: 	0x00000000
x15: 	0x00000000
x16: 	0x00000000
x17: 	0x00000000
x18: 	0x00000000
x19: 	0x00000000
x20: 	0x00000000
x21: 	0x00000000
x22: 	0x00000000
x23: 	0x00000000
x24: 	0x00000000
x25: 	0x00000000
x26: 	0x00000000
x27: 	0x00000000
x28: 	0x00000000
x29: 	0x00000000
x30: 	0x00000000
x31: 	0x00000000

0x000001b8	0x00000000	Unkown Instruction 

All Registers: 
x0: 	0x00000000
x1: 	0x00000000
x2: 	0x00000000
x3: 	0x00000000
x4: 	0x00000000
x5: 	0x00000000
x6: 	0x00000000
x7: 	0x00000000
x8: 	0x00000000
x9: 	0x00000000
x10: 	0x00000000
x11: 	0x00000000
x12: 	0x00000000
x13: 	0x00000000
x14: 	0x00000000
x15: 	0x00000000
x16: 	0x00000000
x17: 	0x00000000
x18: 	0x00000000
x19: 	0x00000000
x20: 	0x00000000
x21: 	0x00000000
x22: 	0x00000000
x23: 	0x00000000
x24: 	0x00000000
x25: 	0x00000000
x26: 	0x00000000
x27: 	0x00000000
x28: 	0x00000000
x29: 	0x00000000
x30: 	0x00000000
x31: 	0x00000000

0x000001bc	0x00000000	Unkown Instruction 

All Registers: 
x0: 	0x00000000
x1: 	0x00000000
x2: 	0x00000000
x3: 	0x00000000
x4: 	0x00000000
x5: 	0x00000000
x6: 	0x00000000
x7: 	0x00000000
x8: 	0x00000000
x9: 	0x00000000
x10: 	0x00000000
x11: 	0x00000000
x12: 	0x00000000
x13: 	0x00000000
x14: 	0x00000000
x15: 	0x00000000
x16: 	0x00000000
x17: 	0x00000000
x18: 	0x00000000
x19: 	0x00000000
x20: 	0x00000000
x21: 	0x00000000
x22: 	0x00000000
x23: 	0x00000000
x24: 	0x00000000
x25: 	0x00000000
x26: 	0x00000000
x27: 	0x00000000
x28: 	0x00000000
x29: 	0x00000000
x30: 	0x00000000
x31: 	0x00000000

0x000001c0	0x00000000	Unkown Instruction 

All Registers: 
x0: 	0x00000000
x1: 	0x00000000
x2: 	0x00000000
x3: 	0x00000000
x4: 	0x00000000
x5: 	0x00000000
x6: 	0x00000000
x7: 	0x00000000
x8: 	0x00000000
x9: 	0x00000000
x10: 	0x00000000
x11: 	0x00000000
x12: 	0x00000000
x13: 	0x00000000
x14: 	0x00000000
x15: 	0x00000000
x16: 	0x00000000
x17: 	0x00000000
x18: 	0x00000000
x19: 	0x00000000
x20: 	0x00000000
x21: 	0x00000000
x22: 	0x00000000
x23: 	0x00000000
x24: 	0x00000000
x25: 	0x00000000
x26: 	0x00000000
x27: 	0x00000000
x28: 	0x00000000
x29: 	0x00000000
x30: 	0x00000000
x31: 	0x00000000

0x000001c4	0x00000000	Unkown Instruction 

All Registers: 
x0: 	0x00000000
x1: 	0x00000000
x2: 	0x00000000
x3: 	0x00000000
x4: 	0x00000000
x5: 	0x00000000
x6: 	0x00000000
x7: 	0x00000000
x8: 	0x00000000
x9: 	0x00000000
x10: 	0x00000000
x11: 	0x00000000
x12: 	0x00000000
x13: 	0x00000000
x14: 	0x00000000
x15: 	0x00000000
x16: 	0x00000000
x17: 	0x00000000
x18: 	0x00000000
x19: 	0x00000000
x20: 	0x00000000
x21: 	0x00000000
x22: 	0x00000000
x23: 	0x00000000
x24: 	0x00000000
x25: 	0x00000000
x26: 	0x00000000
x27: 	0x00000000
x28: 	0x00000000
x29: 	0x00000000
x30: 	0x00000000
x31: 	0x00000000

0x000001c8	0x00000000	Unkown Instruction 

All Registers: 
x0: 	0x00000000
x1: 	0x00000000
x2: 	0x00000000
x3: 	0x00000000
x4: 	0x00000000
x5: 	0x00000000
x6: 	0x00000000
x7: 	0x00000000
x8: 	0x00000000
x9: 	0x00000000
x10: 	0x00000000
x11: 	0x00000000
x12: 	0x00000000
x13: 	0x00000000
x14: 	0x00000000
x15: 	0x00000000
x16: 	0x00000000
x17: 	0x00000000
x18: 	0x00000000
x19: 	0x00000000
x20: 	0x00000000
x21: 	0x00000000
x22: 	0x00000000
x23: 	0x00000000
x24: 	0x00000000
x25: 	0x00000000
x26: 	0x00000000
x27: 	0x00000000
x28: 	0x00000000
x29: 	0x00000000
x30: 	0x00000000
x31: 	0x00000000

0x000001cc	0x00000000	Unkown Instruction 

All Registers: 
x0: 	0x00000000
x1: 	0x00000000
x2: 	0x00000000
x3: 	0x00000000
x4: 	0x00000000
x5: 	0x00000000
x6: 	0x00000000
x7: 	0x00000000
x8: 	0x00000000
x9: 	0x00000000
x10: 	0x00000000
x11: 	0x00000000
x12: 	0x00000000
x13: 	0x00000000
x14: 	0x00000000
x15: 	0x00000000
x16: 	0x00000000
x17: 	0x00000000
x18: 	0x00000000
x19: 	0x00000000
x20: 	0x00000000
x21: 	0x00000000
x22: 	0x00000000
x23: 	0x00000000
x24: 	0x00000000
x25: 	0x00000000
x26: 	0x00000000
x27: 	0x00000000
x28: 	0x00000000
x29: 	0x00000000
x30: 	0x00000000
x31: 	0x00000000

0x000001d0	0x00000000	Unkown Instruction 

All Registers: 
x0: 	0x00000000
x1: 	0x00000000
x2: 	0x00000000
x3: 	0x00000000
x4: 	0x00000000
x5: 	0x00000000
x6: 	0x00000000
x7: 	0x00000000
x8: 	0x00000000
x9: 	0x00000000
x10: 	0x00000000
x11: 	0x00000000
x12: 	0x00000000
x13: 	0x00000000
x14: 	0x00000000
x15: 	0x00000000
x16: 	0x00000000
x17: 	0x00000000
x18: 	0x00000000
x19: 	0x00000000
x20: 	0x00000000
x21: 	0x00000000
x22: 	0x00000000
x23: 	0x00000000
x24: 	0x00000000
x25: 	0x00000000
x26: 	0x00000000
x27: 	0x00000000
x28: 	0x00000000
x29: 	0x00000000
x30: 	0x00000000
x31: 	0x00000000

0x000001d4	0x00000000	Unkown Instruction 

All Registers: 
x0: 	0x00000000
x1: 	0x00000000
x2: 	0x00000000
x3: 	0x00000000
x4: 	0x00000000
x5: 	0x00000000
x6: 	0x00000000
x7: 	0x00000000
x8: 	0x00000000
x9: 	0x00000000
x10: 	0x00000000
x11: 	0x00000000
x12: 	0x00000000
x13: 	0x00000000
x14: 	0x00000000
x15: 	0x00000000
x16: 	0x00000000
x17: 	0x00000000
x18: 	0x00000000
x19: 	0x00000000
x20: 	0x00000000
x21: 	0x00000000
x22: 	0x00000000
x23: 	0x00000000
x24: 	0x00000000
x25: 	0x00000000
x26: 	0x00000000
x27: 	0x00000000
x28: 	0x00000000
x29: 	0x00000000
x30: 	0x00000000
x31: 	0x00000000

0x000001d8	0x00000000	Unkown Instruction 

All Registers: 
x0: 	0x00000000
x1: 	0x00000000
x2: 	0x00000000
x3: 	0x00000000
x4: 	0x00000000
x5: 	0x00000000
x6: 	0x00000000
x7: 	0x00000000
x8: 	0x00000000
x9: 	0x00000000
x10: 	0x00000000
x11: 	0x00000000
x12: 	0x00000000
x13: 	0x00000000
x14: 	0x00000000
x15: 	0x00000000
x16: 	0x00000000
x17: 	0x00000000
x18: 	0x00000000
x19: 	0x00000000
x20: 	0x00000000
x21: 	0x00000000
x22: 	0x00000000
x23: 	0x00000000
x24: 	0x00000000
x25: 	0x00000000
x26: 	0x00000000
x27: 	0x00000000
x28: 	0x00000000
x29: 	0x00000000
x30: 	0x00000000
x31: 	0x00000000

0x000001dc	0x00000000	Unkown Instruction 

All Registers: 
x0: 	0x00000000
x1: 	0x00000000
x2: 	0x00000000
x3: 	0x00000000
x4: 	0x00000000
x5: 	0x00000000
x6: 	0x00000000
x7: 	0x00000000
x8: 	0x00000000
x9: 	0x00000000
x10: 	0x00000000
x11: 	0x00000000
x12: 	0x00000000
x13: 	0x00000000
x14: 	0x00000000
x15: 	0x00000000
x16: 	0x00000000
x17: 	0x00000000
x18: 	0x00000000
x19: 	0x00000000
x20: 	0x00000000
x21: 	0x00000000
x22: 	0x00000000
x23: 	0x00000000
x24: 	0x00000000
x25: 	0x00000000
x26: 	0x00000000
x27: 	0x00000000
x28: 	0x00000000
x29: 	0x00000000
x30: 	0x00000000
x31: 	0x00000000

0x000001e0	0x00000000	Unkown Instruction 

All Registers: 
x0: 	0x00000000
x1: 	0x00000000
x2: 	0x00000000
x3: 	0x00000000
x4: 	0x00000000
x5: 	0x00000000
x6: 	0x00000000
x7: 	0x00000000
x8: 	0x00000000
x9: 	0x00000000
x10: 	0x00000000
x11: 	0x00000000
x12: 	0x00000000
x13: 	0x00000000
x14: 	0x00000000
x15: 	0x00000000
x16: 	0x00000000
x17: 	0x00000000
x18: 	0x00000000
x19: 	0x00000000
x20: 	0x00000000
x21: 	0x00000000
x22: 	0x00000000
x23: 	0x00000000
x24: 	0x00000000
x25: 	0x00000000
x26: 	0x00000000
x27: 	0x00000000
x28: 	0x00000000
x29: 	0x00000000
x30: 	0x00000000
x31: 	0x00000000

0x000001e4	0x00000000	Unkown Instruction 

All Registers: 
x0: 	0x00000000
x1: 	0x00000000
x2: 	0x00000000
x3: 	0x00000000
x4: 	0x00000000
x5: 	0x00000000
x6: 	0x00000000
x7: 	0x00000000
x8: 	0x00000000
x9: 	0x00000000
x10: 	0x00000000
x11: 	0x00000000
x12: 	0x00000000
x13: 	0x00000000
x14: 	0x00000000
x15: 	0x00000000
x16: 	0x00000000
x17: 	0x00000000
x18: 	0x00000000
x19: 	0x00000000
x20: 	0x00000000
x21: 	0x00000000
x22: 	0x00000000
x23: 	0x00000000
x24: 	0x00000000
x25: 	0x00000000
x26: 	0x00000000
x27: 	0x00000000
x28: 	0x00000000
x29: 	0x00000000
x30: 	0x00000000
x31: 	0x00000000

0x000001e8	0x00000000	Unkown Instruction 

All Registers: 
x0: 	0x00000000
x1: 	0x00000000
x2: 	0x00000000
x3: 	0x00000000
x4: 	0x00000000
x5: 	0x00000000
x6: 	0x00000000
x7: 	0x00000000
x8: 	0x00000000
x9: 	0x00000000
x10: 	0x00000000
x11: 	0x00000000
x12: 	0x00000000
x13: 	0x00000000
x14: 	0x00000000
x15: 	0x00000000
x16: 	0x00000000
x17: 	0x00000000
x18: 	0x00000000
x19: 	0x00000000
x20: 	0x00000000
x21: 	0x00000000
x22: 	0x00000000
x23: 	0x00000000
x24: 	0x00000000
x25: 	0x00000000
x26: 	0x00000000
x27: 	0x00000000
x28: 	0x00000000
x29: 	0x00000000
x30: 	0x00000000
x31: 	0x00000000

0x000001ec	0x00000000	Unkown Instruction 

All Registers: 
x0: 	0x00000000
x1: 	0x00000000
x2: 	0x00000000
x3: 	0x00000000
x4: 	0x00000000
x5: 	0x00000000
x6: 	0x00000000
x7: 	0x00000000
x8: 	0x00000000
x9: 	0x00000000
x10: 	0x00000000
x11: 	0x00000000
x12: 	0x00000000
x13: 	0x00000000
x14: 	0x00000000
x15: 	0x00000000
x16: 	0x00000000
x17: 	0x00000000
x18: 	0x00000000
x19: 	0x00000000
x20: 	0x00000000
x21: 	0x00000000
x22: 	0x00000000
x23: 	0x00000000
x24: 	0x00000000
x25: 	0x00000000
x26: 	0x00000000
x27: 	0x00000000
x28: 	0x00000000
x29: 	0x00000000
x30: 	0x00000000
x31: 	0x00000000

0x000001f0	0x00000000	Unkown Instruction 

All Registers: 
x0: 	0x00000000
x1: 	0x00000000
x2: 	0x00000000
x3: 	0x00000000
x4: 	0x00000000
x5: 	0x00000000
x6: 	0x00000000
x7: 	0x00000000
x8: 	0x00000000
x9: 	0x00000000
x10: 	0x00000000
x11: 	0x00000000
x12: 	0x00000000
x13: 	0x00000000
x14: 	0x00000000
x15: 	0x00000000
x16: 	0x00000000
x17: 	0x00000000
x18: 	0x00000000
x19: 	0x00000000
x20: 	0x00000000
x21: 	0x00000000
x22: 	0x00000000
x23: 	0x00000000
x24: 	0x00000000
x25: 	0x00000000
x26: 	0x00000000
x27: 	0x00000000
x28: 	0x00000000
x29: 	0x00000000
x30: 	0x00000000
x31: 	0x00000000

0x000001f4	0x00000000	Unkown Instruction 

All Registers: 
x0: 	0x00000000
x1: 	0x00000000
x2: 	0x00000000
x3: 	0x00000000
x4: 	0x00000000
x5: 	0x00000000
x6: 	0x00000000
x7: 	0x00000000
x8: 	0x00000000
x9: 	0x00000000
x10: 	0x00000000
x11: 	0x00000000
x12: 	0x00000000
x13: 	0x00000000
x14: 	0x00000000
x15: 	0x00000000
x16: 	0x00000000
x17: 	0x00000000
x18: 	0x00000000
x19: 	0x00000000
x20: 	0x00000000
x21: 	0x00000000
x22: 	0x00000000
x23: 	0x00000000
x24: 	0x00000000
x25: 	0x00000000
x26: 	0x00000000
x27: 	0x00000000
x28: 	0x00000000
x29: 	0x00000000
x30: 	0x00000000
x31: 	0x00000000

0x000001f8	0x00000000	Unkown Instruction 

All Registers: 
x0: 	0x00000000
x1: 	0x00000000
x2: 	0x00000000
x3: 	0x00000000
x4: 	0x00000000
x5: 	0x00000000
x6: 	0x00000000
x7: 	0x00000000
x8: 	0x00000000
x9: 	0x00000000
x10: 	0x00000000
x11: 	0x00000000
x12: 	0x00000000
x13: 	0x00000000
x14: 	0x00000000
x15: 	0x00000000
x16: 	0x00000000
x17: 	0x00000000
x18: 	0x00000000
x19: 	0x00000000
x20: 	0x00000000
x21: 	0x00000000
x22: 	0x00000000
x23: 	0x00000000
x24: 	0x00000000
x25: 	0x00000000
x26: 	0x00000000
x27: 	0x00000000
x28: 	0x00000000
x29: 	0x00000000
x30: 	0x00000000
x31: 	0x00000000

0x000001fc	0x00000000	Unkown Instruction 

All Registers: 
x0: 	0x00000000
x1: 	0x00000000
x2: 	0x00000000
x3: 	0x00000000
x4: 	0x00000000
x5: 	0x00000000
x6: 	0x00000000
x7: 	0x00000000
x8: 	0x00000000
x9: 	0x00000000
x10: 	0x00000000
x11: 	0x00000000
x12: 	0x00000000
x13: 	0x00000000
x14: 	0x00000000
x15: 	0x00000000
x16: 	0x00000000
x17: 	0x00000000
x18: 	0x00000000
x19: 	0x00000000
x20: 	0x00000000
x21: 	0x00000000
x22: 	0x00000000
x23: 	0x00000000
x24: 	0x00000000
x25: 	0x00000000
x26: 	0x00000000
x27: 	0x00000000
x28: 	0x00000000
x29: 	0x00000000
x30: 	0x00000000
x31: 	0x00000000

0x00000200	0x00000000	Unkown Instruction 

All Registers: 
x0: 	0x00000000
x1: 	0x00000000
x2: 	0x00000000
x3: 	0x00000000
x4: 	0x00000000
x5: 	0x00000000
x6: 	0x00000000
x7: 	0x00000000
x8: 	0x00000000
x9: 	0x00000000
x10: 	0x00000000
x11: 	0x00000000
x12: 	0x00000000
x13: 	0x00000000
x14: 	0x00000000
x15: 	0x00000000
x16: 	0x00000000
x17: 	0x00000000
x18: 	0x00000000
x19: 	0x00000000
x20: 	0x00000000
x21: 	0x00000000
x22: 	0x00000000
x23: 	0x00000000
x24: 	0x00000000
x25: 	0x00000000
x26: 	0x00000000
x27: 	0x00000000
x28: 	0x00000000
x29: 	0x00000000
x30: 	0x00000000
x31: 	0x00000000

0x00000204	0x00000000	Unkown Instruction 

All Registers: 
x0: 	0x00000000
x1: 	0x00000000
x2: 	0x00000000
x3: 	0x00000000
x4: 	0x00000000
x5: 	0x00000000
x6: 	0x00000000
x7: 	0x00000000
x8: 	0x00000000
x9: 	0x00000000
x10: 	0x00000000
x11: 	0x00000000
x12: 	0x00000000
x13: 	0x00000000
x14: 	0x00000000
x15: 	0x00000000
x16: 	0x00000000
x17: 	0x00000000
x18: 	0x00000000
x19: 	0x00000000
x20: 	0x00000000
x21: 	0x00000000
x22: 	0x00000000
x23: 	0x00000000
x24: 	0x00000000
x25: 	0x00000000
x26: 	0x00000000
x27: 	0x00000000
x28: 	0x00000000
x29: 	0x00000000
x30: 	0x00000000
x31: 	0x00000000

0x00000208	0x00000000	Unkown Instruction 

All Registers: 
x0: 	0x00000000
x1: 	0x00000000
x2: 	0x00000000
x3: 	0x00000000
x4: 	0x00000000
x5: 	0x00000000
x6: 	0x00000000
x7: 	0x00000000
x8: 	0x00000000
x9: 	0x00000000
x10: 	0x00000000
x11: 	0x00000000
x12: 	0x00000000
x13: 	0x00000000
x14: 	0x00000000
x15: 	0x00000000
x16: 	0x00000000
x17: 	0x00000000
x18: 	0x00000000
x19: 	0x00000000
x20: 	0x00000000
x21: 	0x00000000
x22: 	0x00000000
x23: 	0x00000000
x24: 	0x00000000
x25: 	0x00000000
x26: 	0x00000000
x27: 	0x00000000
x28: 	0x00000000
x29: 	0x00000000
x30: 	0x00000000
x31: 	0x00000000

0x0000020c	0x00000000	Unkown Instruction 

All Registers: 
x0: 	0x00000000
x1: 	0x00000000
x2: 	0x00000000
x3: 	0x00000000
x4: 	0x00000000
x5: 	0x00000000
x6: 	0x00000000
x7: 	0x00000000
x8: 	0x00000000
x9: 	0x00000000
x10: 	0x00000000
x11: 	0x00000000
x12: 	0x00000000
x13: 	0x00000000
x14: 	0x00000000
x15: 	0x00000000
x16: 	0x00000000
x17: 	0x00000000
x18: 	0x00000000
x19: 	0x00000000
x20: 	0x00000000
x21: 	0x00000000
x22: 	0x00000000
x23: 	0x00000000
x24: 	0x00000000
x25: 	0x00000000
x26: 	0x00000000
x27: 	0x00000000
x28: 	0x00000000
x29: 	0x00000000
x30: 	0x00000000
x31: 	0x00000000

0x00000210	0x00000000	Unkown Instruction 

All Registers: 
x0: 	0x00000000
x1: 	0x00000000
x2: 	0x00000000
x3: 	0x00000000
x4: 	0x00000000
x5: 	0x00000000
x6: 	0x00000000
x7: 	0x00000000
x8: 	0x00000000
x9: 	0x00000000
x10: 	0x00000000
x11: 	0x00000000
x12: 	0x00000000
x13: 	0x00000000
x14: 	0x00000000
x15: 	0x00000000
x16: 	0x00000000
x17: 	0x00000000
x18: 	0x00000000
x19: 	0x00000000
x20: 	0x00000000
x21: 	0x00000000
x22: 	0x00000000
x23: 	0x00000000
x24: 	0x00000000
x25: 	0x00000000
x26: 	0x00000000
x27: 	0x00000000
x28: 	0x00000000
x29: 	0x00000000
x30: 	0x00000000
x31: 	0x00000000

0x00000214	0x00000000	Unkown Instruction 

All Registers: 
x0: 	0x00000000
x1: 	0x00000000
x2: 	0x00000000
x3: 	0x00000000
x4: 	0x00000000
x5: 	0x00000000
x6: 	0x00000000
x7: 	0x00000000
x8: 	0x00000000
x9: 	0x00000000
x10: 	0x00000000
x11: 	0x00000000
x12: 	0x00000000
x13: 	0x00000000
x14: 	0x00000000
x15: 	0x00000000
x16: 	0x00000000
x17: 	0x00000000
x18: 	0x00000000
x19: 	0x00000000
x20: 	0x00000000
x21: 	0x00000000
x22: 	0x00000000
x23: 	0x00000000
x24: 	0x00000000
x25: 	0x00000000
x26: 	0x00000000
x27: 	0x00000000
x28: 	0x00000000
x29: 	0x00000000
x30: 	0x00000000
x31: 	0x00000000

0x00000218	0x00000000	Unkown Instruction 

All Registers: 
x0: 	0x00000000
x1: 	0x00000000
x2: 	0x00000000
x3: 	0x00000000
x4: 	0x00000000
x5: 	0x00000000
x6: 	0x00000000
x7: 	0x00000000
x8: 	0x00000000
x9: 	0x00000000
x10: 	0x00000000
x11: 	0x00000000
x12: 	0x00000000
x13: 	0x00000000
x14: 	0x00000000
x15: 	0x00000000
x16: 	0x00000000
x17: 	0x00000000
x18: 	0x00000000
x19: 	0x00000000
x20: 	0x00000000
x21: 	0x00000000
x22: 	0x00000000
x23: 	0x00000000
x24: 	0x00000000
x25: 	0x00000000
x26: 	0x00000000
x27: 	0x00000000
x28: 	0x00000000
x29: 	0x00000000
x30: 	0x00000000
x31: 	0x00000000

0x0000021c	0x00000000	Unkown Instruction 

All Registers: 
x0: 	0x00000000
x1: 	0x00000000
x2: 	0x00000000
x3: 	0x00000000
x4: 	0x00000000
x5: 	0x00000000
x6: 	0x00000000
x7: 	0x00000000
x8: 	0x00000000
x9: 	0x00000000
x10: 	0x00000000
x11: 	0x00000000
x12: 	0x00000000
x13: 	0x00000000
x14: 	0x00000000
x15: 	0x00000000
x16: 	0x00000000
x17: 	0x00000000
x18: 	0x00000000
x19: 	0x00000000
x20: 	0x00000000
x21: 	0x00000000
x22: 	0x00000000
x23: 	0x00000000
x24: 	0x00000000
x25: 	0x00000000
x26: 	0x00000000
x27: 	0x00000000
x28: 	0x00000000
x29: 	0x00000000
x30: 	0x00000000
x31: 	0x00000000

0x00000220	0x00000000	Unkown Instruction 

All Registers: 
x0: 	0x00000000
x1: 	0x00000000
x2: 	0x00000000
x3: 	0x00000000
x4: 	0x00000000
x5: 	0x00000000
x6: 	0x00000000
x7: 	0x00000000
x8: 	0x00000000
x9: 	0x00000000
x10: 	0x00000000
x11: 	0x00000000
x12: 	0x00000000
x13: 	0x00000000
x14: 	0x00000000
x15: 	0x00000000
x16: 	0x00000000
x17: 	0x00000000
x18: 	0x00000000
x19: 	0x00000000
x20: 	0x00000000
x21: 	0x00000000
x22: 	0x00000000
x23: 	0x00000000
x24: 	0x00000000
x25: 	0x00000000
x26: 	0x00000000
x27: 	0x00000000
x28: 	0x00000000
x29: 	0x00000000
x30: 	0x00000000
x31: 	0x00000000

0x00000224	0x00000000	Unkown Instruction 

All Registers: 
x0: 	0x00000000
x1: 	0x00000000
x2: 	0x00000000
x3: 	0x00000000
x4: 	0x00000000
x5: 	0x00000000
x6: 	0x00000000
x7: 	0x00000000
x8: 	0x00000000
x9: 	0x00000000
x10: 	0x00000000
x11: 	0x00000000
x12: 	0x00000000
x13: 	0x00000000
x14: 	0x00000000
x15: 	0x00000000
x16: 	0x00000000
x17: 	0x00000000
x18: 	0x00000000
x19: 	0x00000000
x20: 	0x00000000
x21: 	0x00000000
x22: 	0x00000000
x23: 	0x00000000
x24: 	0x00000000
x25: 	0x00000000
x26: 	0x00000000
x27: 	0x00000000
x28: 	0x00000000
x29: 	0x00000000
x30: 	0x00000000
x31: 	0x00000000

0x00000228	0x00000000	Unkown Instruction 

All Registers: 
x0: 	0x00000000
x1: 	0x00000000
x2: 	0x00000000
x3: 	0x00000000
x4: 	0x00000000
x5: 	0x00000000
x6: 	0x00000000
x7: 	0x00000000
x8: 	0x00000000
x9: 	0x00000000
x10: 	0x00000000
x11: 	0x00000000
x12: 	0x00000000
x13: 	0x00000000
x14: 	0x00000000
x15: 	0x00000000
x16: 	0x00000000
x17: 	0x00000000
x18: 	0x00000000
x19: 	0x00000000
x20: 	0x00000000
x21: 	0x00000000
x22: 	0x00000000
x23: 	0x00000000
x24: 	0x00000000
x25: 	0x00000000
x26: 	0x00000000
x27: 	0x00000000
x28: 	0x00000000
x29: 	0x00000000
x30: 	0x00000000
x31: 	0x00000000

0x0000022c	0x00000000	Unkown Instruction 

All Registers: 
x0: 	0x00000000
x1: 	0x00000000
x2: 	0x00000000
x3: 	0x00000000
x4: 	0x00000000
x5: 	0x00000000
x6: 	0x00000000
x7: 	0x00000000
x8: 	0x00000000
x9: 	0x00000000
x10: 	0x00000000
x11: 	0x00000000
x12: 	0x00000000
x13: 	0x00000000
x14: 	0x00000000
x15: 	0x00000000
x16: 	0x00000000
x17: 	0x00000000
x18: 	0x00000000
x19: 	0x00000000
x20: 	0x00000000
x21: 	0x00000000
x22: 	0x00000000
x23: 	0x00000000
x24: 	0x00000000
x25: 	0x00000000
x26: 	0x00000000
x27: 	0x00000000
x28: 	0x00000000
x29: 	0x00000000
x30: 	0x00000000
x31: 	0x00000000

0x00000230	0x00000000	Unkown Instruction 

All Registers: 
x0: 	0x00000000
x1: 	0x00000000
x2: 	0x00000000
x3: 	0x00000000
x4: 	0x00000000
x5: 	0x00000000
x6: 	0x00000000
x7: 	0x00000000
x8: 	0x00000000
x9: 	0x00000000
x10: 	0x00000000
x11: 	0x00000000
x12: 	0x00000000
x13: 	0x00000000
x14: 	0x00000000
x15: 	0x00000000
x16: 	0x00000000
x17: 	0x00000000
x18: 	0x00000000
x19: 	0x00000000
x20: 	0x00000000
x21: 	0x00000000
x22: 	0x00000000
x23: 	0x00000000
x24: 	0x00000000
x25: 	0x00000000
x26: 	0x00000000
x27: 	0x00000000
x28: 	0x00000000
x29: 	0x00000000
x30: 	0x00000000
x31: 	0x00000000

0x00000234	0x00000000	Unkown Instruction 

All Registers: 
x0: 	0x00000000
x1: 	0x00000000
x2: 	0x00000000
x3: 	0x00000000
x4: 	0x00000000
x5: 	0x00000000
x6: 	0x00000000
x7: 	0x00000000
x8: 	0x00000000
x9: 	0x00000000
x10: 	0x00000000
x11: 	0x00000000
x12: 	0x00000000
x13: 	0x00000000
x14: 	0x00000000
x15: 	0x00000000
x16: 	0x00000000
x17: 	0x00000000
x18: 	0x00000000
x19: 	0x00000000
x20: 	0x00000000
x21: 	0x00000000
x22: 	0x00000000
x23: 	0x00000000
x24: 	0x00000000
x25: 	0x00000000
x26: 	0x00000000
x27: 	0x00000000
x28: 	0x00000000
x29: 	0x00000000
x30: 	0x00000000
x31: 	0x00000000

0x00000238	0x00000000	Unkown Instruction 

All Registers: 
x0: 	0x00000000
x1: 	0x00000000
x2: 	0x00000000
x3: 	0x00000000
x4: 	0x00000000
x5: 	0x00000000
x6: 	0x00000000
x7: 	0x00000000
x8: 	0x00000000
x9: 	0x00000000
x10: 	0x00000000
x11: 	0x00000000
x12: 	0x00000000
x13: 	0x00000000
x14: 	0x00000000
x15: 	0x00000000
x16: 	0x00000000
x17: 	0x00000000
x18: 	0x00000000
x19: 	0x00000000
x20: 	0x00000000
x21: 	0x00000000
x22: 	0x00000000
x23: 	0x00000000
x24: 	0x00000000
x25: 	0x00000000
x26: 	0x00000000
x27: 	0x00000000
x28: 	0x00000000
x29: 	0x00000000
x30: 	0x00000000
x31: 	0x00000000

0x0000023c	0x00000000	Unkown Instruction 

All Registers: 
x0: 	0x00000000
x1: 	0x00000000
x2: 	0x00000000
x3: 	0x00000000
x4: 	0x00000000
x5: 	0x00000000
x6: 	0x00000000
x7: 	0x00000000
x8: 	0x00000000
x9: 	0x00000000
x10: 	0x00000000
x11: 	0x00000000
x12: 	0x00000000
x13: 	0x00000000
x14: 	0x00000000
x15: 	0x00000000
x16: 	0x00000000
x17: 	0x00000000
x18: 	0x00000000
x19: 	0x00000000
x20: 	0x00000000
x21: 	0x00000000
x22: 	0x00000000
x23: 	0x00000000
x24: 	0x00000000
x25: 	0x00000000
x26: 	0x00000000
x27: 	0x00000000
x28: 	0x00000000
x29: 	0x00000000
x30: 	0x00000000
x31: 	0x00000000

0x00000240	0x00000000	Unkown Instruction 

All Registers: 
x0: 	0x00000000
x1: 	0x00000000
x2: 	0x00000000
x3: 	0x00000000
x4: 	0x00000000
x5: 	0x00000000
x6: 	0x00000000
x7: 	0x00000000
x8: 	0x00000000
x9: 	0x00000000
x10: 	0x00000000
x11: 	0x00000000
x12: 	0x00000000
x13: 	0x00000000
x14: 	0x00000000
x15: 	0x00000000
x16: 	0x00000000
x17: 	0x00000000
x18: 	0x00000000
x19: 	0x00000000
x20: 	0x00000000
x21: 	0x00000000
x22: 	0x00000000
x23: 	0x00000000
x24: 	0x00000000
x25: 	0x00000000
x26: 	0x00000000
x27: 	0x00000000
x28: 	0x00000000
x29: 	0x00000000
x30: 	0x00000000
x31: 	0x00000000

0x00000244	0x00000000	Unkown Instruction 

All Registers: 
x0: 	0x00000000
x1: 	0x00000000
x2: 	0x00000000
x3: 	0x00000000
x4: 	0x00000000
x5: 	0x00000000
x6: 	0x00000000
x7: 	0x00000000
x8: 	0x00000000
x9: 	0x00000000
x10: 	0x00000000
x11: 	0x00000000
x12: 	0x00000000
x13: 	0x00000000
x14: 	0x00000000
x15: 	0x00000000
x16: 	0x00000000
x17: 	0x00000000
x18: 	0x00000000
x19: 	0x00000000
x20: 	0x00000000
x21: 	0x00000000
x22: 	0x00000000
x23: 	0x00000000
x24: 	0x00000000
x25: 	0x00000000
x26: 	0x00000000
x27: 	0x00000000
x28: 	0x00000000
x29: 	0x00000000
x30: 	0x00000000
x31: 	0x00000000

0x00000248	0x00000000	Unkown Instruction 

All Registers: 
x0: 	0x00000000
x1: 	0x00000000
x2: 	0x00000000
x3: 	0x00000000
x4: 	0x00000000
x5: 	0x00000000
x6: 	0x00000000
x7: 	0x00000000
x8: 	0x00000000
x9: 	0x00000000
x10: 	0x00000000
x11: 	0x00000000
x12: 	0x00000000
x13: 	0x00000000
x14: 	0x00000000
x15: 	0x00000000
x16: 	0x00000000
x17: 	0x00000000
x18: 	0x00000000
x19: 	0x00000000
x20: 	0x00000000
x21: 	0x00000000
x22: 	0x00000000
x23: 	0x00000000
x24: 	0x00000000
x25: 	0x00000000
x26: 	0x00000000
x27: 	0x00000000
x28: 	0x00000000
x29: 	0x00000000
x30: 	0x00000000
x31: 	0x00000000

0x0000024c	0x00000000	Unkown Instruction 

All Registers: 
x0: 	0x00000000
x1: 	0x00000000
x2: 	0x00000000
x3: 	0x00000000
x4: 	0x00000000
x5: 	0x00000000
x6: 	0x00000000
x7: 	0x00000000
x8: 	0x00000000
x9: 	0x00000000
x10: 	0x00000000
x11: 	0x00000000
x12: 	0x00000000
x13: 	0x00000000
x14: 	0x00000000
x15: 	0x00000000
x16: 	0x00000000
x17: 	0x00000000
x18: 	0x00000000
x19: 	0x00000000
x20: 	0x00000000
x21: 	0x00000000
x22: 	0x00000000
x23: 	0x00000000
x24: 	0x00000000
x25: 	0x00000000
x26: 	0x00000000
x27: 	0x00000000
x28: 	0x00000000
x29: 	0x00000000
x30: 	0x00000000
x31: 	0x00000000

0x00000250	0x00000000	Unkown Instruction 

All Registers: 
x0: 	0x00000000
x1: 	0x00000000
x2: 	0x00000000
x3: 	0x00000000
x4: 	0x00000000
x5: 	0x00000000
x6: 	0x00000000
x7: 	0x00000000
x8: 	0x00000000
x9: 	0x00000000
x10: 	0x00000000
x11: 	0x00000000
x12: 	0x00000000
x13: 	0x00000000
x14: 	0x00000000
x15: 	0x00000000
x16: 	0x00000000
x17: 	0x00000000
x18: 	0x00000000
x19: 	0x00000000
x20: 	0x00000000
x21: 	0x00000000
x22: 	0x00000000
x23: 	0x00000000
x24: 	0x00000000
x25: 	0x00000000
x26: 	0x00000000
x27: 	0x00000000
x28: 	0x00000000
x29: 	0x00000000
x30: 	0x00000000
x31: 	0x00000000

0x00000254	0x00000000	Unkown Instruction 

All Registers: 
x0: 	0x00000000
x1: 	0x00000000
x2: 	0x00000000
x3: 	0x00000000
x4: 	0x00000000
x5: 	0x00000000
x6: 	0x00000000
x7: 	0x00000000
x8: 	0x00000000
x9: 	0x00000000
x10: 	0x00000000
x11: 	0x00000000
x12: 	0x00000000
x13: 	0x00000000
x14: 	0x00000000
x15: 	0x00000000
x16: 	0x00000000
x17: 	0x00000000
x18: 	0x00000000
x19: 	0x00000000
x20: 	0x00000000
x21: 	0x00000000
x22: 	0x00000000
x23: 	0x00000000
x24: 	0x00000000
x25: 	0x00000000
x26: 	0x00000000
x27: 	0x00000000
x28: 	0x00000000
x29: 	0x00000000
x30: 	0x00000000
x31: 	0x00000000

0x00000258	0x00000000	Unkown Instruction 

All Registers: 
x0: 	0x00000000
x1: 	0x00000000
x2: 	0x00000000
x3: 	0x00000000
x4: 	0x00000000
x5: 	0x00000000
x6: 	0x00000000
x7: 	0x00000000
x8: 	0x00000000
x9: 	0x00000000
x10: 	0x00000000
x11: 	0x00000000
x12: 	0x00000000
x13: 	0x00000000
x14: 	0x00000000
x15: 	0x00000000
x16: 	0x00000000
x17: 	0x00000000
x18: 	0x00000000
x19: 	0x00000000
x20: 	0x00000000
x21: 	0x00000000
x22: 	0x00000000
x23: 	0x00000000
x24: 	0x00000000
x25: 	0x00000000
x26: 	0x00000000
x27: 	0x00000000
x28: 	0x00000000
x29: 	0x00000000
x30: 	0x00000000
x31: 	0x00000000

0x0000025c	0x00000000	Unkown Instruction 

All Registers: 
x0: 	0x00000000
x1: 	0x00000000
x2: 	0x00000000
x3: 	0x00000000
x4: 	0x00000000
x5: 	0x00000000
x6: 	0x00000000
x7: 	0x00000000
x8: 	0x00000000
x9: 	0x00000000
x10: 	0x00000000
x11: 	0x00000000
x12: 	0x00000000
x13: 	0x00000000
x14: 	0x00000000
x15: 	0x00000000
x16: 	0x00000000
x17: 	0x00000000
x18: 	0x00000000
x19: 	0x00000000
x20: 	0x00000000
x21: 	0x00000000
x22: 	0x00000000
x23: 	0x00000000
x24: 	0x00000000
x25: 	0x00000000
x26: 	0x00000000
x27: 	0x00000000
x28: 	0x00000000
x29: 	0x00000000
x30: 	0x00000000
x31: 	0x00000000

0x00000260	0x00000000	Unkown Instruction 

All Registers: 
x0: 	0x00000000
x1: 	0x00000000
x2: 	0x00000000
x3: 	0x00000000
x4: 	0x00000000
x5: 	0x00000000
x6: 	0x00000000
x7: 	0x00000000
x8: 	0x00000000
x9: 	0x00000000
x10: 	0x00000000
x11: 	0x00000000
x12: 	0x00000000
x13: 	0x00000000
x14: 	0x00000000
x15: 	0x00000000
x16: 	0x00000000
x17: 	0x00000000
x18: 	0x00000000
x19: 	0x00000000
x20: 	0x00000000
x21: 	0x00000000
x22: 	0x00000000
x23: 	0x00000000
x24: 	0x00000000
x25: 	0x00000000
x26: 	0x00000000
x27: 	0x00000000
x28: 	0x00000000
x29: 	0x00000000
x30: 	0x00000000
x31: 	0x00000000

0x00000264	0x00000000	Unkown Instruction 

All Registers: 
x0: 	0x00000000
x1: 	0x00000000
x2: 	0x00000000
x3: 	0x00000000
x4: 	0x00000000
x5: 	0x00000000
x6: 	0x00000000
x7: 	0x00000000
x8: 	0x00000000
x9: 	0x00000000
x10: 	0x00000000
x11: 	0x00000000
x12: 	0x00000000
x13: 	0x00000000
x14: 	0x00000000
x15: 	0x00000000
x16: 	0x00000000
x17: 	0x00000000
x18: 	0x00000000
x19: 	0x00000000
x20: 	0x00000000
x21: 	0x00000000
x22: 	0x00000000
x23: 	0x00000000
x24: 	0x00000000
x25: 	0x00000000
x26: 	0x00000000
x27: 	0x00000000
x28: 	0x00000000
x29: 	0x00000000
x30: 	0x00000000
x31: 	0x00000000

0x00000268	0x00000000	Unkown Instruction 

All Registers: 
x0: 	0x00000000
x1: 	0x00000000
x2: 	0x00000000
x3: 	0x00000000
x4: 	0x00000000
x5: 	0x00000000
x6: 	0x00000000
x7: 	0x00000000
x8: 	0x00000000
x9: 	0x00000000
x10: 	0x00000000
x11: 	0x00000000
x12: 	0x00000000
x13: 	0x00000000
x14: 	0x00000000
x15: 	0x00000000
x16: 	0x00000000
x17: 	0x00000000
x18: 	0x00000000
x19: 	0x00000000
x20: 	0x00000000
x21: 	0x00000000
x22: 	0x00000000
x23: 	0x00000000
x24: 	0x00000000
x25: 	0x00000000
x26: 	0x00000000
x27: 	0x00000000
x28: 	0x00000000
x29: 	0x00000000
x30: 	0x00000000
x31: 	0x00000000

0x0000026c	0x00000000	Unkown Instruction 

All Registers: 
x0: 	0x00000000
x1: 	0x00000000
x2: 	0x00000000
x3: 	0x00000000
x4: 	0x00000000
x5: 	0x00000000
x6: 	0x00000000
x7: 	0x00000000
x8: 	0x00000000
x9: 	0x00000000
x10: 	0x00000000
x11: 	0x00000000
x12: 	0x00000000
x13: 	0x00000000
x14: 	0x00000000
x15: 	0x00000000
x16: 	0x00000000
x17: 	0x00000000
x18: 	0x00000000
x19: 	0x00000000
x20: 	0x00000000
x21: 	0x00000000
x22: 	0x00000000
x23: 	0x00000000
x24: 	0x00000000
x25: 	0x00000000
x26: 	0x00000000
x27: 	0x00000000
x28: 	0x00000000
x29: 	0x00000000
x30: 	0x00000000
x31: 	0x00000000

0x00000270	0x00000000	Unkown Instruction 

All Registers: 
x0: 	0x00000000
x1: 	0x00000000
x2: 	0x00000000
x3: 	0x00000000
x4: 	0x00000000
x5: 	0x00000000
x6: 	0x00000000
x7: 	0x00000000
x8: 	0x00000000
x9: 	0x00000000
x10: 	0x00000000
x11: 	0x00000000
x12: 	0x00000000
x13: 	0x00000000
x14: 	0x00000000
x15: 	0x00000000
x16: 	0x00000000
x17: 	0x00000000
x18: 	0x00000000
x19: 	0x00000000
x20: 	0x00000000
x21: 	0x00000000
x22: 	0x00000000
x23: 	0x00000000
x24: 	0x00000000
x25: 	0x00000000
x26: 	0x00000000
x27: 	0x00000000
x28: 	0x00000000
x29: 	0x00000000
x30: 	0x00000000
x31: 	0x00000000

0x00000274	0x00000000	Unkown Instruction 

All Registers: 
x0: 	0x00000000
x1: 	0x00000000
x2: 	0x00000000
x3: 	0x00000000
x4: 	0x00000000
x5: 	0x00000000
x6: 	0x00000000
x7: 	0x00000000
x8: 	0x00000000
x9: 	0x00000000
x10: 	0x00000000
x11: 	0x00000000
x12: 	0x00000000
x13: 	0x00000000
x14: 	0x00000000
x15: 	0x00000000
x16: 	0x00000000
x17: 	0x00000000
x18: 	0x00000000
x19: 	0x00000000
x20: 	0x00000000
x21: 	0x00000000
x22: 	0x00000000
x23: 	0x00000000
x24: 	0x00000000
x25: 	0x00000000
x26: 	0x00000000
x27: 	0x00000000
x28: 	0x00000000
x29: 	0x00000000
x30: 	0x00000000
x31: 	0x00000000

0x00000278	0x00000000	Unkown Instruction 

All Registers: 
x0: 	0x00000000
x1: 	0x00000000
x2: 	0x00000000
x3: 	0x00000000
x4: 	0x00000000
x5: 	0x00000000
x6: 	0x00000000
x7: 	0x00000000
x8: 	0x00000000
x9: 	0x00000000
x10: 	0x00000000
x11: 	0x00000000
x12: 	0x00000000
x13: 	0x00000000
x14: 	0x00000000
x15: 	0x00000000
x16: 	0x00000000
x17: 	0x00000000
x18: 	0x00000000
x19: 	0x00000000
x20: 	0x00000000
x21: 	0x00000000
x22: 	0x00000000
x23: 	0x00000000
x24: 	0x00000000
x25: 	0x00000000
x26: 	0x00000000
x27: 	0x00000000
x28: 	0x00000000
x29: 	0x00000000
x30: 	0x00000000
x31: 	0x00000000

0x0000027c	0x00000000	Unkown Instruction 

All Registers: 
x0: 	0x00000000
x1: 	0x00000000
x2: 	0x00000000
x3: 	0x00000000
x4: 	0x00000000
x5: 	0x00000000
x6: 	0x00000000
x7: 	0x00000000
x8: 	0x00000000
x9: 	0x00000000
x10: 	0x00000000
x11: 	0x00000000
x12: 	0x00000000
x13: 	0x00000000
x14: 	0x00000000
x15: 	0x00000000
x16: 	0x00000000
x17: 	0x00000000
x18: 	0x00000000
x19: 	0x00000000
x20: 	0x00000000
x21: 	0x00000000
x22: 	0x00000000
x23: 	0x00000000
x24: 	0x00000000
x25: 	0x00000000
x26: 	0x00000000
x27: 	0x00000000
x28: 	0x00000000
x29: 	0x00000000
x30: 	0x00000000
x31: 	0x00000000

0x00000280	0x00000000	Unkown Instruction 

All Registers: 
x0: 	0x00000000
x1: 	0x00000000
x2: 	0x00000000
x3: 	0x00000000
x4: 	0x00000000
x5: 	0x00000000
x6: 	0x00000000
x7: 	0x00000000
x8: 	0x00000000
x9: 	0x00000000
x10: 	0x00000000
x11: 	0x00000000
x12: 	0x00000000
x13: 	0x00000000
x14: 	0x00000000
x15: 	0x00000000
x16: 	0x00000000
x17: 	0x00000000
x18: 	0x00000000
x19: 	0x00000000
x20: 	0x00000000
x21: 	0x00000000
x22: 	0x00000000
x23: 	0x00000000
x24: 	0x00000000
x25: 	0x00000000
x26: 	0x00000000
x27: 	0x00000000
x28: 	0x00000000
x29: 	0x00000000
x30: 	0x00000000
x31: 	0x00000000

0x00000284	0x00000000	Unkown Instruction 

All Registers: 
x0: 	0x00000000
x1: 	0x00000000
x2: 	0x00000000
x3: 	0x00000000
x4: 	0x00000000
x5: 	0x00000000
x6: 	0x00000000
x7: 	0x00000000
x8: 	0x00000000
x9: 	0x00000000
x10: 	0x00000000
x11: 	0x00000000
x12: 	0x00000000
x13: 	0x00000000
x14: 	0x00000000
x15: 	0x00000000
x16: 	0x00000000
x17: 	0x00000000
x18: 	0x00000000
x19: 	0x00000000
x20: 	0x00000000
x21: 	0x00000000
x22: 	0x00000000
x23: 	0x00000000
x24: 	0x00000000
x25: 	0x00000000
x26: 	0x00000000
x27: 	0x00000000
x28: 	0x00000000
x29: 	0x00000000
x30: 	0x00000000
x31: 	0x00000000

0x00000288	0x00000000	Unkown Instruction 

All Registers: 
x0: 	0x00000000
x1: 	0x00000000
x2: 	0x00000000
x3: 	0x00000000
x4: 	0x00000000
x5: 	0x00000000
x6: 	0x00000000
x7: 	0x00000000
x8: 	0x00000000
x9: 	0x00000000
x10: 	0x00000000
x11: 	0x00000000
x12: 	0x00000000
x13: 	0x00000000
x14: 	0x00000000
x15: 	0x00000000
x16: 	0x00000000
x17: 	0x00000000
x18: 	0x00000000
x19: 	0x00000000
x20: 	0x00000000
x21: 	0x00000000
x22: 	0x00000000
x23: 	0x00000000
x24: 	0x00000000
x25: 	0x00000000
x26: 	0x00000000
x27: 	0x00000000
x28: 	0x00000000
x29: 	0x00000000
x30: 	0x00000000
x31: 	0x00000000

0x0000028c	0x00000000	Unkown Instruction 

All Registers: 
x0: 	0x00000000
x1: 	0x00000000
x2: 	0x00000000
x3: 	0x00000000
x4: 	0x00000000
x5: 	0x00000000
x6: 	0x00000000
x7: 	0x00000000
x8: 	0x00000000
x9: 	0x00000000
x10: 	0x00000000
x11: 	0x00000000
x12: 	0x00000000
x13: 	0x00000000
x14: 	0x00000000
x15: 	0x00000000
x16: 	0x00000000
x17: 	0x00000000
x18: 	0x00000000
x19: 	0x00000000
x20: 	0x00000000
x21: 	0x00000000
x22: 	0x00000000
x23: 	0x00000000
x24: 	0x00000000
x25: 	0x00000000
x26: 	0x00000000
x27: 	0x00000000
x28: 	0x00000000
x29: 	0x00000000
x30: 	0x00000000
x31: 	0x00000000

0x00000290	0x00000000	Unkown Instruction 

All Registers: 
x0: 	0x00000000
x1: 	0x00000000
x2: 	0x00000000
x3: 	0x00000000
x4: 	0x00000000
x5: 	0x00000000
x6: 	0x00000000
x7: 	0x00000000
x8: 	0x00000000
x9: 	0x00000000
x10: 	0x00000000
x11: 	0x00000000
x12: 	0x00000000
x13: 	0x00000000
x14: 	0x00000000
x15: 	0x00000000
x16: 	0x00000000
x17: 	0x00000000
x18: 	0x00000000
x19: 	0x00000000
x20: 	0x00000000
x21: 	0x00000000
x22: 	0x00000000
x23: 	0x00000000
x24: 	0x00000000
x25: 	0x00000000
x26: 	0x00000000
x27: 	0x00000000
x28: 	0x00000000
x29: 	0x00000000
x30: 	0x00000000
x31: 	0x00000000

0x00000294	0x00000000	Unkown Instruction 

All Registers: 
x0: 	0x00000000
x1: 	0x00000000
x2: 	0x00000000
x3: 	0x00000000
x4: 	0x00000000
x5: 	0x00000000
x6: 	0x00000000
x7: 	0x00000000
x8: 	0x00000000
x9: 	0x00000000
x10: 	0x00000000
x11: 	0x00000000
x12: 	0x00000000
x13: 	0x00000000
x14: 	0x00000000
x15: 	0x00000000
x16: 	0x00000000
x17: 	0x00000000
x18: 	0x00000000
x19: 	0x00000000
x20: 	0x00000000
x21: 	0x00000000
x22: 	0x00000000
x23: 	0x00000000
x24: 	0x00000000
x25: 	0x00000000
x26: 	0x00000000
x27: 	0x00000000
x28: 	0x00000000
x29: 	0x00000000
x30: 	0x00000000
x31: 	0x00000000

0x00000298	0x00000000	Unkown Instruction 

All Registers: 
x0: 	0x00000000
x1: 	0x00000000
x2: 	0x00000000
x3: 	0x00000000
x4: 	0x00000000
x5: 	0x00000000
x6: 	0x00000000
x7: 	0x00000000
x8: 	0x00000000
x9: 	0x00000000
x10: 	0x00000000
x11: 	0x00000000
x12: 	0x00000000
x13: 	0x00000000
x14: 	0x00000000
x15: 	0x00000000
x16: 	0x00000000
x17: 	0x00000000
x18: 	0x00000000
x19: 	0x00000000
x20: 	0x00000000
x21: 	0x00000000
x22: 	0x00000000
x23: 	0x00000000
x24: 	0x00000000
x25: 	0x00000000
x26: 	0x00000000
x27: 	0x00000000
x28: 	0x00000000
x29: 	0x00000000
x30: 	0x00000000
x31: 	0x00000000

0x0000029c	0x00000000	Unkown Instruction 

All Registers: 
x0: 	0x00000000
x1: 	0x00000000
x2: 	0x00000000
x3: 	0x00000000
x4: 	0x00000000
x5: 	0x00000000
x6: 	0x00000000
x7: 	0x00000000
x8: 	0x00000000
x9: 	0x00000000
x10: 	0x00000000
x11: 	0x00000000
x12: 	0x00000000
x13: 	0x00000000
x14: 	0x00000000
x15: 	0x00000000
x16: 	0x00000000
x17: 	0x00000000
x18: 	0x00000000
x19: 	0x00000000
x20: 	0x00000000
x21: 	0x00000000
x22: 	0x00000000
x23: 	0x00000000
x24: 	0x00000000
x25: 	0x00000000
x26: 	0x00000000
x27: 	0x00000000
x28: 	0x00000000
x29: 	0x00000000
x30: 	0x00000000
x31: 	0x00000000

0x000002a0	0x00000000	Unkown Instruction 

All Registers: 
x0: 	0x00000000
x1: 	0x00000000
x2: 	0x00000000
x3: 	0x00000000
x4: 	0x00000000
x5: 	0x00000000
x6: 	0x00000000
x7: 	0x00000000
x8: 	0x00000000
x9: 	0x00000000
x10: 	0x00000000
x11: 	0x00000000
x12: 	0x00000000
x13: 	0x00000000
x14: 	0x00000000
x15: 	0x00000000
x16: 	0x00000000
x17: 	0x00000000
x18: 	0x00000000
x19: 	0x00000000
x20: 	0x00000000
x21: 	0x00000000
x22: 	0x00000000
x23: 	0x00000000
x24: 	0x00000000
x25: 	0x00000000
x26: 	0x00000000
x27: 	0x00000000
x28: 	0x00000000
x29: 	0x00000000
x30: 	0x00000000
x31: 	0x00000000

0x000002a4	0x00000000	Unkown Instruction 

All Registers: 
x0: 	0x00000000
x1: 	0x00000000
x2: 	0x00000000
x3: 	0x00000000
x4: 	0x00000000
x5: 	0x00000000
x6: 	0x00000000
x7: 	0x00000000
x8: 	0x00000000
x9: 	0x00000000
x10: 	0x00000000
x11: 	0x00000000
x12: 	0x00000000
x13: 	0x00000000
x14: 	0x00000000
x15: 	0x00000000
x16: 	0x00000000
x17: 	0x00000000
x18: 	0x00000000
x19: 	0x00000000
x20: 	0x00000000
x21: 	0x00000000
x22: 	0x00000000
x23: 	0x00000000
x24: 	0x00000000
x25: 	0x00000000
x26: 	0x00000000
x27: 	0x00000000
x28: 	0x00000000
x29: 	0x00000000
x30: 	0x00000000
x31: 	0x00000000

0x000002a8	0x00000000	Unkown Instruction 

All Registers: 
x0: 	0x00000000
x1: 	0x00000000
x2: 	0x00000000
x3: 	0x00000000
x4: 	0x00000000
x5: 	0x00000000
x6: 	0x00000000
x7: 	0x00000000
x8: 	0x00000000
x9: 	0x00000000
x10: 	0x00000000
x11: 	0x00000000
x12: 	0x00000000
x13: 	0x00000000
x14: 	0x00000000
x15: 	0x00000000
x16: 	0x00000000
x17: 	0x00000000
x18: 	0x00000000
x19: 	0x00000000
x20: 	0x00000000
x21: 	0x00000000
x22: 	0x00000000
x23: 	0x00000000
x24: 	0x00000000
x25: 	0x00000000
x26: 	0x00000000
x27: 	0x00000000
x28: 	0x00000000
x29: 	0x00000000
x30: 	0x00000000
x31: 	0x00000000

0x000002ac	0x00000000	Unkown Instruction 

All Registers: 
x0: 	0x00000000
x1: 	0x00000000
x2: 	0x00000000
x3: 	0x00000000
x4: 	0x00000000
x5: 	0x00000000
x6: 	0x00000000
x7: 	0x00000000
x8: 	0x00000000
x9: 	0x00000000
x10: 	0x00000000
x11: 	0x00000000
x12: 	0x00000000
x13: 	0x00000000
x14: 	0x00000000
x15: 	0x00000000
x16: 	0x00000000
x17: 	0x00000000
x18: 	0x00000000
x19: 	0x00000000
x20: 	0x00000000
x21: 	0x00000000
x22: 	0x00000000
x23: 	0x00000000
x24: 	0x00000000
x25: 	0x00000000
x26: 	0x00000000
x27: 	0x00000000
x28: 	0x00000000
x29: 	0x00000000
x30: 	0x00000000
x31: 	0x00000000

0x000002b0	0x00000000	Unkown Instruction 

All Registers: 
x0: 	0x00000000
x1: 	0x00000000
x2: 	0x00000000
x3: 	0x00000000
x4: 	0x00000000
x5: 	0x00000000
x6: 	0x00000000
x7: 	0x00000000
x8: 	0x00000000
x9: 	0x00000000
x10: 	0x00000000
x11: 	0x00000000
x12: 	0x00000000
x13: 	0x00000000
x14: 	0x00000000
x15: 	0x00000000
x16: 	0x00000000
x17: 	0x00000000
x18: 	0x00000000
x19: 	0x00000000
x20: 	0x00000000
x21: 	0x00000000
x22: 	0x00000000
x23: 	0x00000000
x24: 	0x00000000
x25: 	0x00000000
x26: 	0x00000000
x27: 	0x00000000
x28: 	0x00000000
x29: 	0x00000000
x30: 	0x00000000
x31: 	0x00000000

0x000002b4	0x00000000	Unkown Instruction 

All Registers: 
x0: 	0x00000000
x1: 	0x00000000
x2: 	0x00000000
x3: 	0x00000000
x4: 	0x00000000
x5: 	0x00000000
x6: 	0x00000000
x7: 	0x00000000
x8: 	0x00000000
x9: 	0x00000000
x10: 	0x00000000
x11: 	0x00000000
x12: 	0x00000000
x13: 	0x00000000
x14: 	0x00000000
x15: 	0x00000000
x16: 	0x00000000
x17: 	0x00000000
x18: 	0x00000000
x19: 	0x00000000
x20: 	0x00000000
x21: 	0x00000000
x22: 	0x00000000
x23: 	0x00000000
x24: 	0x00000000
x25: 	0x00000000
x26: 	0x00000000
x27: 	0x00000000
x28: 	0x00000000
x29: 	0x00000000
x30: 	0x00000000
x31: 	0x00000000

0x000002b8	0x00000000	Unkown Instruction 

All Registers: 
x0: 	0x00000000
x1: 	0x00000000
x2: 	0x00000000
x3: 	0x00000000
x4: 	0x00000000
x5: 	0x00000000
x6: 	0x00000000
x7: 	0x00000000
x8: 	0x00000000
x9: 	0x00000000
x10: 	0x00000000
x11: 	0x00000000
x12: 	0x00000000
x13: 	0x00000000
x14: 	0x00000000
x15: 	0x00000000
x16: 	0x00000000
x17: 	0x00000000
x18: 	0x00000000
x19: 	0x00000000
x20: 	0x00000000
x21: 	0x00000000
x22: 	0x00000000
x23: 	0x00000000
x24: 	0x00000000
x25: 	0x00000000
x26: 	0x00000000
x27: 	0x00000000
x28: 	0x00000000
x29: 	0x00000000
x30: 	0x00000000
x31: 	0x00000000

0x000002bc	0x00000000	Unkown Instruction 

All Registers: 
x0: 	0x00000000
x1: 	0x00000000
x2: 	0x00000000
x3: 	0x00000000
x4: 	0x00000000
x5: 	0x00000000
x6: 	0x00000000
x7: 	0x00000000
x8: 	0x00000000
x9: 	0x00000000
x10: 	0x00000000
x11: 	0x00000000
x12: 	0x00000000
x13: 	0x00000000
x14: 	0x00000000
x15: 	0x00000000
x16: 	0x00000000
x17: 	0x00000000
x18: 	0x00000000
x19: 	0x00000000
x20: 	0x00000000
x21: 	0x00000000
x22: 	0x00000000
x23: 	0x00000000
x24: 	0x00000000
x25: 	0x00000000
x26: 	0x00000000
x27: 	0x00000000
x28: 	0x00000000
x29: 	0x00000000
x30: 	0x00000000
x31: 	0x00000000

0x000002c0	0x00000000	Unkown Instruction 

All Registers: 
x0: 	0x00000000
x1: 	0x00000000
x2: 	0x00000000
x3: 	0x00000000
x4: 	0x00000000
x5: 	0x00000000
x6: 	0x00000000
x7: 	0x00000000
x8: 	0x00000000
x9: 	0x00000000
x10: 	0x00000000
x11: 	0x00000000
x12: 	0x00000000
x13: 	0x00000000
x14: 	0x00000000
x15: 	0x00000000
x16: 	0x00000000
x17: 	0x00000000
x18: 	0x00000000
x19: 	0x00000000
x20: 	0x00000000
x21: 	0x00000000
x22: 	0x00000000
x23: 	0x00000000
x24: 	0x00000000
x25: 	0x00000000
x26: 	0x00000000
x27: 	0x00000000
x28: 	0x00000000
x29: 	0x00000000
x30: 	0x00000000
x31: 	0x00000000

0x000002c4	0x00000000	Unkown Instruction 

All Registers: 
x0: 	0x00000000
x1: 	0x00000000
x2: 	0x00000000
x3: 	0x00000000
x4: 	0x00000000
x5: 	0x00000000
x6: 	0x00000000
x7: 	0x00000000
x8: 	0x00000000
x9: 	0x00000000
x10: 	0x00000000
x11: 	0x00000000
x12: 	0x00000000
x13: 	0x00000000
x14: 	0x00000000
x15: 	0x00000000
x16: 	0x00000000
x17: 	0x00000000
x18: 	0x00000000
x19: 	0x00000000
x20: 	0x00000000
x21: 	0x00000000
x22: 	0x00000000
x23: 	0x00000000
x24: 	0x00000000
x25: 	0x00000000
x26: 	0x00000000
x27: 	0x00000000
x28: 	0x00000000
x29: 	0x00000000
x30: 	0x00000000
x31: 	0x00000000

0x000002c8	0x00000000	Unkown Instruction 

All Registers: 
x0: 	0x00000000
x1: 	0x00000000
x2: 	0x00000000
x3: 	0x00000000
x4: 	0x00000000
x5: 	0x00000000
x6: 	0x00000000
x7: 	0x00000000
x8: 	0x00000000
x9: 	0x00000000
x10: 	0x00000000
x11: 	0x00000000
x12: 	0x00000000
x13: 	0x00000000
x14: 	0x00000000
x15: 	0x00000000
x16: 	0x00000000
x17: 	0x00000000
x18: 	0x00000000
x19: 	0x00000000
x20: 	0x00000000
x21: 	0x00000000
x22: 	0x00000000
x23: 	0x00000000
x24: 	0x00000000
x25: 	0x00000000
x26: 	0x00000000
x27: 	0x00000000
x28: 	0x00000000
x29: 	0x00000000
x30: 	0x00000000
x31: 	0x00000000

0x000002cc	0x00000000	Unkown Instruction 

All Registers: 
x0: 	0x00000000
x1: 	0x00000000
x2: 	0x00000000
x3: 	0x00000000
x4: 	0x00000000
x5: 	0x00000000
x6: 	0x00000000
x7: 	0x00000000
x8: 	0x00000000
x9: 	0x00000000
x10: 	0x00000000
x11: 	0x00000000
x12: 	0x00000000
x13: 	0x00000000
x14: 	0x00000000
x15: 	0x00000000
x16: 	0x00000000
x17: 	0x00000000
x18: 	0x00000000
x19: 	0x00000000
x20: 	0x00000000
x21: 	0x00000000
x22: 	0x00000000
x23: 	0x00000000
x24: 	0x00000000
x25: 	0x00000000
x26: 	0x00000000
x27: 	0x00000000
x28: 	0x00000000
x29: 	0x00000000
x30: 	0x00000000
x31: 	0x00000000

0x000002d0	0x00000000	Unkown Instruction 

All Registers: 
x0: 	0x00000000
x1: 	0x00000000
x2: 	0x00000000
x3: 	0x00000000
x4: 	0x00000000
x5: 	0x00000000
x6: 	0x00000000
x7: 	0x00000000
x8: 	0x00000000
x9: 	0x00000000
x10: 	0x00000000
x11: 	0x00000000
x12: 	0x00000000
x13: 	0x00000000
x14: 	0x00000000
x15: 	0x00000000
x16: 	0x00000000
x17: 	0x00000000
x18: 	0x00000000
x19: 	0x00000000
x20: 	0x00000000
x21: 	0x00000000
x22: 	0x00000000
x23: 	0x00000000
x24: 	0x00000000
x25: 	0x00000000
x26: 	0x00000000
x27: 	0x00000000
x28: 	0x00000000
x29: 	0x00000000
x30: 	0x00000000
x31: 	0x00000000

0x000002d4	0x00000000	Unkown Instruction 

All Registers: 
x0: 	0x00000000
x1: 	0x00000000
x2: 	0x00000000
x3: 	0x00000000
x4: 	0x00000000
x5: 	0x00000000
x6: 	0x00000000
x7: 	0x00000000
x8: 	0x00000000
x9: 	0x00000000
x10: 	0x00000000
x11: 	0x00000000
x12: 	0x00000000
x13: 	0x00000000
x14: 	0x00000000
x15: 	0x00000000
x16: 	0x00000000
x17: 	0x00000000
x18: 	0x00000000
x19: 	0x00000000
x20: 	0x00000000
x21: 	0x00000000
x22: 	0x00000000
x23: 	0x00000000
x24: 	0x00000000
x25: 	0x00000000
x26: 	0x00000000
x27: 	0x00000000
x28: 	0x00000000
x29: 	0x00000000
x30: 	0x00000000
x31: 	0x00000000

0x000002d8	0x00000000	Unkown Instruction 

All Registers: 
x0: 	0x00000000
x1: 	0x00000000
x2: 	0x00000000
x3: 	0x00000000
x4: 	0x00000000
x5: 	0x00000000
x6: 	0x00000000
x7: 	0x00000000
x8: 	0x00000000
x9: 	0x00000000
x10: 	0x00000000
x11: 	0x00000000
x12: 	0x00000000
x13: 	0x00000000
x14: 	0x00000000
x15: 	0x00000000
x16: 	0x00000000
x17: 	0x00000000
x18: 	0x00000000
x19: 	0x00000000
x20: 	0x00000000
x21: 	0x00000000
x22: 	0x00000000
x23: 	0x00000000
x24: 	0x00000000
x25: 	0x00000000
x26: 	0x00000000
x27: 	0x00000000
x28: 	0x00000000
x29: 	0x00000000
x30: 	0x00000000
x31: 	0x00000000

0x000002dc	0x00000000	Unkown Instruction 

All Registers: 
x0: 	0x00000000
x1: 	0x00000000
x2: 	0x00000000
x3: 	0x00000000
x4: 	0x00000000
x5: 	0x00000000
x6: 	0x00000000
x7: 	0x00000000
x8: 	0x00000000
x9: 	0x00000000
x10: 	0x00000000
x11: 	0x00000000
x12: 	0x00000000
x13: 	0x00000000
x14: 	0x00000000
x15: 	0x00000000
x16: 	0x00000000
x17: 	0x00000000
x18: 	0x00000000
x19: 	0x00000000
x20: 	0x00000000
x21: 	0x00000000
x22: 	0x00000000
x23: 	0x00000000
x24: 	0x00000000
x25: 	0x00000000
x26: 	0x00000000
x27: 	0x00000000
x28: 	0x00000000
x29: 	0x00000000
x30: 	0x00000000
x31: 	0x00000000

0x000002e0	0x00000000	Unkown Instruction 

All Registers: 
x0: 	0x00000000
x1: 	0x00000000
x2: 	0x00000000
x3: 	0x00000000
x4: 	0x00000000
x5: 	0x00000000
x6: 	0x00000000
x7: 	0x00000000
x8: 	0x00000000
x9: 	0x00000000
x10: 	0x00000000
x11: 	0x00000000
x12: 	0x00000000
x13: 	0x00000000
x14: 	0x00000000
x15: 	0x00000000
x16: 	0x00000000
x17: 	0x00000000
x18: 	0x00000000
x19: 	0x00000000
x20: 	0x00000000
x21: 	0x00000000
x22: 	0x00000000
x23: 	0x00000000
x24: 	0x00000000
x25: 	0x00000000
x26: 	0x00000000
x27: 	0x00000000
x28: 	0x00000000
x29: 	0x00000000
x30: 	0x00000000
x31: 	0x00000000

0x000002e4	0x00000000	Unkown Instruction 

All Registers: 
x0: 	0x00000000
x1: 	0x00000000
x2: 	0x00000000
x3: 	0x00000000
x4: 	0x00000000
x5: 	0x00000000
x6: 	0x00000000
x7: 	0x00000000
x8: 	0x00000000
x9: 	0x00000000
x10: 	0x00000000
x11: 	0x00000000
x12: 	0x00000000
x13: 	0x00000000
x14: 	0x00000000
x15: 	0x00000000
x16: 	0x00000000
x17: 	0x00000000
x18: 	0x00000000
x19: 	0x00000000
x20: 	0x00000000
x21: 	0x00000000
x22: 	0x00000000
x23: 	0x00000000
x24: 	0x00000000
x25: 	0x00000000
x26: 	0x00000000
x27: 	0x00000000
x28: 	0x00000000
x29: 	0x00000000
x30: 	0x00000000
x31: 	0x00000000

0x000002e8	0x00000000	Unkown Instruction 

All Registers: 
x0: 	0x00000000
x1: 	0x00000000
x2: 	0x00000000
x3: 	0x00000000
x4: 	0x00000000
x5: 	0x00000000
x6: 	0x00000000
x7: 	0x00000000
x8: 	0x00000000
x9: 	0x00000000
x10: 	0x00000000
x11: 	0x00000000
x12: 	0x00000000
x13: 	0x00000000
x14: 	0x00000000
x15: 	0x00000000
x16: 	0x00000000
x17: 	0x00000000
x18: 	0x00000000
x19: 	0x00000000
x20: 	0x00000000
x21: 	0x00000000
x22: 	0x00000000
x23: 	0x00000000
x24: 	0x00000000
x25: 	0x00000000
x26: 	0x00000000
x27: 	0x00000000
x28: 	0x00000000
x29: 	0x00000000
x30: 	0x00000000
x31: 	0x00000000

0x000002ec	0x00000000	Unkown Instruction 

All Registers: 
x0: 	0x00000000
x1: 	0x00000000
x2: 	0x00000000
x3: 	0x00000000
x4: 	0x00000000
x5: 	0x00000000
x6: 	0x00000000
x7: 	0x00000000
x8: 	0x00000000
x9: 	0x00000000
x10: 	0x00000000
x11: 	0x00000000
x12: 	0x00000000
x13: 	0x00000000
x14: 	0x00000000
x15: 	0x00000000
x16: 	0x00000000
x17: 	0x00000000
x18: 	0x00000000
x19: 	0x00000000
x20: 	0x00000000
x21: 	0x00000000
x22: 	0x00000000
x23: 	0x00000000
x24: 	0x00000000
x25: 	0x00000000
x26: 	0x00000000
x27: 	0x00000000
x28: 	0x00000000
x29: 	0x00000000
x30: 	0x00000000
x31: 	0x00000000

0x000002f0	0x00000000	Unkown Instruction 

All Registers: 
x0: 	0x00000000
x1: 	0x00000000
x2: 	0x00000000
x3: 	0x00000000
x4: 	0x00000000
x5: 	0x00000000
x6: 	0x00000000
x7: 	0x00000000
x8: 	0x00000000
x9: 	0x00000000
x10: 	0x00000000
x11: 	0x00000000
x12: 	0x00000000
x13: 	0x00000000
x14: 	0x00000000
x15: 	0x00000000
x16: 	0x00000000
x17: 	0x00000000
x18: 	0x00000000
x19: 	0x00000000
x20: 	0x00000000
x21: 	0x00000000
x22: 	0x00000000
x23: 	0x00000000
x24: 	0x00000000
x25: 	0x00000000
x26: 	0x00000000
x27: 	0x00000000
x28: 	0x00000000
x29: 	0x00000000
x30: 	0x00000000
x31: 	0x00000000

0x000002f4	0x00000000	Unkown Instruction 

All Registers: 
x0: 	0x00000000
x1: 	0x00000000
x2: 	0x00000000
x3: 	0x00000000
x4: 	0x00000000
x5: 	0x00000000
x6: 	0x00000000
x7: 	0x00000000
x8: 	0x00000000
x9: 	0x00000000
x10: 	0x00000000
x11: 	0x00000000
x12: 	0x00000000
x13: 	0x00000000
x14: 	0x00000000
x15: 	0x00000000
x16: 	0x00000000
x17: 	0x00000000
x18: 	0x00000000
x19: 	0x00000000
x20: 	0x00000000
x21: 	0x00000000
x22: 	0x00000000
x23: 	0x00000000
x24: 	0x00000000
x25: 	0x00000000
x26: 	0x00000000
x27: 	0x00000000
x28: 	0x00000000
x29: 	0x00000000
x30: 	0x00000000
x31: 	0x00000000

0x000002f8	0x00000000	Unkown Instruction 

All Registers: 
x0: 	0x00000000
x1: 	0x00000000
x2: 	0x00000000
x3: 	0x00000000
x4: 	0x00000000
x5: 	0x00000000
x6: 	0x00000000
x7: 	0x00000000
x8: 	0x00000000
x9: 	0x00000000
x10: 	0x00000000
x11: 	0x00000000
x12: 	0x00000000
x13: 	0x00000000
x14: 	0x00000000
x15: 	0x00000000
x16: 	0x00000000
x17: 	0x00000000
x18: 	0x00000000
x19: 	0x00000000
x20: 	0x00000000
x21: 	0x00000000
x22: 	0x00000000
x23: 	0x00000000
x24: 	0x00000000
x25: 	0x00000000
x26: 	0x00000000
x27: 	0x00000000
x28: 	0x00000000
x29: 	0x00000000
x30: 	0x00000000
x31: 	0x00000000

0x000002fc	0x00000000	Unkown Instruction 

All Registers: 
x0: 	0x00000000
x1: 	0x00000000
x2: 	0x00000000
x3: 	0x00000000
x4: 	0x00000000
x5: 	0x00000000
x6: 	0x00000000
x7: 	0x00000000
x8: 	0x00000000
x9: 	0x00000000
x10: 	0x00000000
x11: 	0x00000000
x12: 	0x00000000
x13: 	0x00000000
x14: 	0x00000000
x15: 	0x00000000
x16: 	0x00000000
x17: 	0x00000000
x18: 	0x00000000
x19: 	0x00000000
x20: 	0x00000000
x21: 	0x00000000
x22: 	0x00000000
x23: 	0x00000000
x24: 	0x00000000
x25: 	0x00000000
x26: 	0x00000000
x27: 	0x00000000
x28: 	0x00000000
x29: 	0x00000000
x30: 	0x00000000
x31: 	0x00000000

0x00000300	0x00000000	Unkown Instruction 

All Registers: 
x0: 	0x00000000
x1: 	0x00000000
x2: 	0x00000000
x3: 	0x00000000
x4: 	0x00000000
x5: 	0x00000000
x6: 	0x00000000
x7: 	0x00000000
x8: 	0x00000000
x9: 	0x00000000
x10: 	0x00000000
x11: 	0x00000000
x12: 	0x00000000
x13: 	0x00000000
x14: 	0x00000000
x15: 	0x00000000
x16: 	0x00000000
x17: 	0x00000000
x18: 	0x00000000
x19: 	0x00000000
x20: 	0x00000000
x21: 	0x00000000
x22: 	0x00000000
x23: 	0x00000000
x24: 	0x00000000
x25: 	0x00000000
x26: 	0x00000000
x27: 	0x00000000
x28: 	0x00000000
x29: 	0x00000000
x30: 	0x00000000
x31: 	0x00000000

0x00000304	0x00000000	Unkown Instruction 

All Registers: 
x0: 	0x00000000
x1: 	0x00000000
x2: 	0x00000000
x3: 	0x00000000
x4: 	0x00000000
x5: 	0x00000000
x6: 	0x00000000
x7: 	0x00000000
x8: 	0x00000000
x9: 	0x00000000
x10: 	0x00000000
x11: 	0x00000000
x12: 	0x00000000
x13: 	0x00000000
x14: 	0x00000000
x15: 	0x00000000
x16: 	0x00000000
x17: 	0x00000000
x18: 	0x00000000
x19: 	0x00000000
x20: 	0x00000000
x21: 	0x00000000
x22: 	0x00000000
x23: 	0x00000000
x24: 	0x00000000
x25: 	0x00000000
x26: 	0x00000000
x27: 	0x00000000
x28: 	0x00000000
x29: 	0x00000000
x30: 	0x00000000
x31: 	0x00000000

0x00000308	0x00000000	Unkown Instruction 

All Registers: 
x0: 	0x00000000
x1: 	0x00000000
x2: 	0x00000000
x3: 	0x00000000
x4: 	0x00000000
x5: 	0x00000000
x6: 	0x00000000
x7: 	0x00000000
x8: 	0x00000000
x9: 	0x00000000
x10: 	0x00000000
x11: 	0x00000000
x12: 	0x00000000
x13: 	0x00000000
x14: 	0x00000000
x15: 	0x00000000
x16: 	0x00000000
x17: 	0x00000000
x18: 	0x00000000
x19: 	0x00000000
x20: 	0x00000000
x21: 	0x00000000
x22: 	0x00000000
x23: 	0x00000000
x24: 	0x00000000
x25: 	0x00000000
x26: 	0x00000000
x27: 	0x00000000
x28: 	0x00000000
x29: 	0x00000000
x30: 	0x00000000
x31: 	0x00000000

0x0000030c	0x00000000	Unkown Instruction 

All Registers: 
x0: 	0x00000000
x1: 	0x00000000
x2: 	0x00000000
x3: 	0x00000000
x4: 	0x00000000
x5: 	0x00000000
x6: 	0x00000000
x7: 	0x00000000
x8: 	0x00000000
x9: 	0x00000000
x10: 	0x00000000
x11: 	0x00000000
x12: 	0x00000000
x13: 	0x00000000
x14: 	0x00000000
x15: 	0x00000000
x16: 	0x00000000
x17: 	0x00000000
x18: 	0x00000000
x19: 	0x00000000
x20: 	0x00000000
x21: 	0x00000000
x22: 	0x00000000
x23: 	0x00000000
x24: 	0x00000000
x25: 	0x00000000
x26: 	0x00000000
x27: 	0x00000000
x28: 	0x00000000
x29: 	0x00000000
x30: 	0x00000000
x31: 	0x00000000

0x00000310	0x00000000	Unkown Instruction 

All Registers: 
x0: 	0x00000000
x1: 	0x00000000
x2: 	0x00000000
x3: 	0x00000000
x4: 	0x00000000
x5: 	0x00000000
x6: 	0x00000000
x7: 	0x00000000
x8: 	0x00000000
x9: 	0x00000000
x10: 	0x00000000
x11: 	0x00000000
x12: 	0x00000000
x13: 	0x00000000
x14: 	0x00000000
x15: 	0x00000000
x16: 	0x00000000
x17: 	0x00000000
x18: 	0x00000000
x19: 	0x00000000
x20: 	0x00000000
x21: 	0x00000000
x22: 	0x00000000
x23: 	0x00000000
x24: 	0x00000000
x25: 	0x00000000
x26: 	0x00000000
x27: 	0x00000000
x28: 	0x00000000
x29: 	0x00000000
x30: 	0x00000000
x31: 	0x00000000

0x00000314	0x00000000	Unkown Instruction 

All Registers: 
x0: 	0x00000000
x1: 	0x00000000
x2: 	0x00000000
x3: 	0x00000000
x4: 	0x00000000
x5: 	0x00000000
x6: 	0x00000000
x7: 	0x00000000
x8: 	0x00000000
x9: 	0x00000000
x10: 	0x00000000
x11: 	0x00000000
x12: 	0x00000000
x13: 	0x00000000
x14: 	0x00000000
x15: 	0x00000000
x16: 	0x00000000
x17: 	0x00000000
x18: 	0x00000000
x19: 	0x00000000
x20: 	0x00000000
x21: 	0x00000000
x22: 	0x00000000
x23: 	0x00000000
x24: 	0x00000000
x25: 	0x00000000
x26: 	0x00000000
x27: 	0x00000000
x28: 	0x00000000
x29: 	0x00000000
x30: 	0x00000000
x31: 	0x00000000

0x00000318	0x00000000	Unkown Instruction 

All Registers: 
x0: 	0x00000000
x1: 	0x00000000
x2: 	0x00000000
x3: 	0x00000000
x4: 	0x00000000
x5: 	0x00000000
x6: 	0x00000000
x7: 	0x00000000
x8: 	0x00000000
x9: 	0x00000000
x10: 	0x00000000
x11: 	0x00000000
x12: 	0x00000000
x13: 	0x00000000
x14: 	0x00000000
x15: 	0x00000000
x16: 	0x00000000
x17: 	0x00000000
x18: 	0x00000000
x19: 	0x00000000
x20: 	0x00000000
x21: 	0x00000000
x22: 	0x00000000
x23: 	0x00000000
x24: 	0x00000000
x25: 	0x00000000
x26: 	0x00000000
x27: 	0x00000000
x28: 	0x00000000
x29: 	0x00000000
x30: 	0x00000000
x31: 	0x00000000

0x0000031c	0x00000000	Unkown Instruction 

All Registers: 
x0: 	0x00000000
x1: 	0x00000000
x2: 	0x00000000
x3: 	0x00000000
x4: 	0x00000000
x5: 	0x00000000
x6: 	0x00000000
x7: 	0x00000000
x8: 	0x00000000
x9: 	0x00000000
x10: 	0x00000000
x11: 	0x00000000
x12: 	0x00000000
x13: 	0x00000000
x14: 	0x00000000
x15: 	0x00000000
x16: 	0x00000000
x17: 	0x00000000
x18: 	0x00000000
x19: 	0x00000000
x20: 	0x00000000
x21: 	0x00000000
x22: 	0x00000000
x23: 	0x00000000
x24: 	0x00000000
x25: 	0x00000000
x26: 	0x00000000
x27: 	0x00000000
x28: 	0x00000000
x29: 	0x00000000
x30: 	0x00000000
x31: 	0x00000000

0x00000320	0x00000000	Unkown Instruction 

All Registers: 
x0: 	0x00000000
x1: 	0x00000000
x2: 	0x00000000
x3: 	0x00000000
x4: 	0x00000000
x5: 	0x00000000
x6: 	0x00000000
x7: 	0x00000000
x8: 	0x00000000
x9: 	0x00000000
x10: 	0x00000000
x11: 	0x00000000
x12: 	0x00000000
x13: 	0x00000000
x14: 	0x00000000
x15: 	0x00000000
x16: 	0x00000000
x17: 	0x00000000
x18: 	0x00000000
x19: 	0x00000000
x20: 	0x00000000
x21: 	0x00000000
x22: 	0x00000000
x23: 	0x00000000
x24: 	0x00000000
x25: 	0x00000000
x26: 	0x00000000
x27: 	0x00000000
x28: 	0x00000000
x29: 	0x00000000
x30: 	0x00000000
x31: 	0x00000000

0x00000324	0x00000000	Unkown Instruction 

All Registers: 
x0: 	0x00000000
x1: 	0x00000000
x2: 	0x00000000
x3: 	0x00000000
x4: 	0x00000000
x5: 	0x00000000
x6: 	0x00000000
x7: 	0x00000000
x8: 	0x00000000
x9: 	0x00000000
x10: 	0x00000000
x11: 	0x00000000
x12: 	0x00000000
x13: 	0x00000000
x14: 	0x00000000
x15: 	0x00000000
x16: 	0x00000000
x17: 	0x00000000
x18: 	0x00000000
x19: 	0x00000000
x20: 	0x00000000
x21: 	0x00000000
x22: 	0x00000000
x23: 	0x00000000
x24: 	0x00000000
x25: 	0x00000000
x26: 	0x00000000
x27: 	0x00000000
x28: 	0x00000000
x29: 	0x00000000
x30: 	0x00000000
x31: 	0x00000000

0x00000328	0x00000000	Unkown Instruction 

All Registers: 
x0: 	0x00000000
x1: 	0x00000000
x2: 	0x00000000
x3: 	0x00000000
x4: 	0x00000000
x5: 	0x00000000
x6: 	0x00000000
x7: 	0x00000000
x8: 	0x00000000
x9: 	0x00000000
x10: 	0x00000000
x11: 	0x00000000
x12: 	0x00000000
x13: 	0x00000000
x14: 	0x00000000
x15: 	0x00000000
x16: 	0x00000000
x17: 	0x00000000
x18: 	0x00000000
x19: 	0x00000000
x20: 	0x00000000
x21: 	0x00000000
x22: 	0x00000000
x23: 	0x00000000
x24: 	0x00000000
x25: 	0x00000000
x26: 	0x00000000
x27: 	0x00000000
x28: 	0x00000000
x29: 	0x00000000
x30: 	0x00000000
x31: 	0x00000000

0x0000032c	0x00000000	Unkown Instruction 

All Registers: 
x0: 	0x00000000
x1: 	0x00000000
x2: 	0x00000000
x3: 	0x00000000
x4: 	0x00000000
x5: 	0x00000000
x6: 	0x00000000
x7: 	0x00000000
x8: 	0x00000000
x9: 	0x00000000
x10: 	0x00000000
x11: 	0x00000000
x12: 	0x00000000
x13: 	0x00000000
x14: 	0x00000000
x15: 	0x00000000
x16: 	0x00000000
x17: 	0x00000000
x18: 	0x00000000
x19: 	0x00000000
x20: 	0x00000000
x21: 	0x00000000
x22: 	0x00000000
x23: 	0x00000000
x24: 	0x00000000
x25: 	0x00000000
x26: 	0x00000000
x27: 	0x00000000
x28: 	0x00000000
x29: 	0x00000000
x30: 	0x00000000
x31: 	0x00000000

0x00000330	0x00000000	Unkown Instruction 

All Registers: 
x0: 	0x00000000
x1: 	0x00000000
x2: 	0x00000000
x3: 	0x00000000
x4: 	0x00000000
x5: 	0x00000000
x6: 	0x00000000
x7: 	0x00000000
x8: 	0x00000000
x9: 	0x00000000
x10: 	0x00000000
x11: 	0x00000000
x12: 	0x00000000
x13: 	0x00000000
x14: 	0x00000000
x15: 	0x00000000
x16: 	0x00000000
x17: 	0x00000000
x18: 	0x00000000
x19: 	0x00000000
x20: 	0x00000000
x21: 	0x00000000
x22: 	0x00000000
x23: 	0x00000000
x24: 	0x00000000
x25: 	0x00000000
x26: 	0x00000000
x27: 	0x00000000
x28: 	0x00000000
x29: 	0x00000000
x30: 	0x00000000
x31: 	0x00000000

0x00000334	0x00000000	Unkown Instruction 

All Registers: 
x0: 	0x00000000
x1: 	0x00000000
x2: 	0x00000000
x3: 	0x00000000
x4: 	0x00000000
x5: 	0x00000000
x6: 	0x00000000
x7: 	0x00000000
x8: 	0x00000000
x9: 	0x00000000
x10: 	0x00000000
x11: 	0x00000000
x12: 	0x00000000
x13: 	0x00000000
x14: 	0x00000000
x15: 	0x00000000
x16: 	0x00000000
x17: 	0x00000000
x18: 	0x00000000
x19: 	0x00000000
x20: 	0x00000000
x21: 	0x00000000
x22: 	0x00000000
x23: 	0x00000000
x24: 	0x00000000
x25: 	0x00000000
x26: 	0x00000000
x27: 	0x00000000
x28: 	0x00000000
x29: 	0x00000000
x30: 	0x00000000
x31: 	0x00000000

0x00000338	0x00000000	Unkown Instruction 

All Registers: 
x0: 	0x00000000
x1: 	0x00000000
x2: 	0x00000000
x3: 	0x00000000
x4: 	0x00000000
x5: 	0x00000000
x6: 	0x00000000
x7: 	0x00000000
x8: 	0x00000000
x9: 	0x00000000
x10: 	0x00000000
x11: 	0x00000000
x12: 	0x00000000
x13: 	0x00000000
x14: 	0x00000000
x15: 	0x00000000
x16: 	0x00000000
x17: 	0x00000000
x18: 	0x00000000
x19: 	0x00000000
x20: 	0x00000000
x21: 	0x00000000
x22: 	0x00000000
x23: 	0x00000000
x24: 	0x00000000
x25: 	0x00000000
x26: 	0x00000000
x27: 	0x00000000
x28: 	0x00000000
x29: 	0x00000000
x30: 	0x00000000
x31: 	0x00000000

0x0000033c	0x00000000	Unkown Instruction 

All Registers: 
x0: 	0x00000000
x1: 	0x00000000
x2: 	0x00000000
x3: 	0x00000000
x4: 	0x00000000
x5: 	0x00000000
x6: 	0x00000000
x7: 	0x00000000
x8: 	0x00000000
x9: 	0x00000000
x10: 	0x00000000
x11: 	0x00000000
x12: 	0x00000000
x13: 	0x00000000
x14: 	0x00000000
x15: 	0x00000000
x16: 	0x00000000
x17: 	0x00000000
x18: 	0x00000000
x19: 	0x00000000
x20: 	0x00000000
x21: 	0x00000000
x22: 	0x00000000
x23: 	0x00000000
x24: 	0x00000000
x25: 	0x00000000
x26: 	0x00000000
x27: 	0x00000000
x28: 	0x00000000
x29: 	0x00000000
x30: 	0x00000000
x31: 	0x00000000

0x00000340	0x00000000	Unkown Instruction 

All Registers: 
x0: 	0x00000000
x1: 	0x00000000
x2: 	0x00000000
x3: 	0x00000000
x4: 	0x00000000
x5: 	0x00000000
x6: 	0x00000000
x7: 	0x00000000
x8: 	0x00000000
x9: 	0x00000000
x10: 	0x00000000
x11: 	0x00000000
x12: 	0x00000000
x13: 	0x00000000
x14: 	0x00000000
x15: 	0x00000000
x16: 	0x00000000
x17: 	0x00000000
x18: 	0x00000000
x19: 	0x00000000
x20: 	0x00000000
x21: 	0x00000000
x22: 	0x00000000
x23: 	0x00000000
x24: 	0x00000000
x25: 	0x00000000
x26: 	0x00000000
x27: 	0x00000000
x28: 	0x00000000
x29: 	0x00000000
x30: 	0x00000000
x31: 	0x00000000

0x00000344	0x00000000	Unkown Instruction 

All Registers: 
x0: 	0x00000000
x1: 	0x00000000
x2: 	0x00000000
x3: 	0x00000000
x4: 	0x00000000
x5: 	0x00000000
x6: 	0x00000000
x7: 	0x00000000
x8: 	0x00000000
x9: 	0x00000000
x10: 	0x00000000
x11: 	0x00000000
x12: 	0x00000000
x13: 	0x00000000
x14: 	0x00000000
x15: 	0x00000000
x16: 	0x00000000
x17: 	0x00000000
x18: 	0x00000000
x19: 	0x00000000
x20: 	0x00000000
x21: 	0x00000000
x22: 	0x00000000
x23: 	0x00000000
x24: 	0x00000000
x25: 	0x00000000
x26: 	0x00000000
x27: 	0x00000000
x28: 	0x00000000
x29: 	0x00000000
x30: 	0x00000000
x31: 	0x00000000

0x00000348	0x00000000	Unkown Instruction 

All Registers: 
x0: 	0x00000000
x1: 	0x00000000
x2: 	0x00000000
x3: 	0x00000000
x4: 	0x00000000
x5: 	0x00000000
x6: 	0x00000000
x7: 	0x00000000
x8: 	0x00000000
x9: 	0x00000000
x10: 	0x00000000
x11: 	0x00000000
x12: 	0x00000000
x13: 	0x00000000
x14: 	0x00000000
x15: 	0x00000000
x16: 	0x00000000
x17: 	0x00000000
x18: 	0x00000000
x19: 	0x00000000
x20: 	0x00000000
x21: 	0x00000000
x22: 	0x00000000
x23: 	0x00000000
x24: 	0x00000000
x25: 	0x00000000
x26: 	0x00000000
x27: 	0x00000000
x28: 	0x00000000
x29: 	0x00000000
x30: 	0x00000000
x31: 	0x00000000

0x0000034c	0x00000000	Unkown Instruction 

All Registers: 
x0: 	0x00000000
x1: 	0x00000000
x2: 	0x00000000
x3: 	0x00000000
x4: 	0x00000000
x5: 	0x00000000
x6: 	0x00000000
x7: 	0x00000000
x8: 	0x00000000
x9: 	0x00000000
x10: 	0x00000000
x11: 	0x00000000
x12: 	0x00000000
x13: 	0x00000000
x14: 	0x00000000
x15: 	0x00000000
x16: 	0x00000000
x17: 	0x00000000
x18: 	0x00000000
x19: 	0x00000000
x20: 	0x00000000
x21: 	0x00000000
x22: 	0x00000000
x23: 	0x00000000
x24: 	0x00000000
x25: 	0x00000000
x26: 	0x00000000
x27: 	0x00000000
x28: 	0x00000000
x29: 	0x00000000
x30: 	0x00000000
x31: 	0x00000000

0x00000350	0x00000000	Unkown Instruction 

All Registers: 
x0: 	0x00000000
x1: 	0x00000000
x2: 	0x00000000
x3: 	0x00000000
x4: 	0x00000000
x5: 	0x00000000
x6: 	0x00000000
x7: 	0x00000000
x8: 	0x00000000
x9: 	0x00000000
x10: 	0x00000000
x11: 	0x00000000
x12: 	0x00000000
x13: 	0x00000000
x14: 	0x00000000
x15: 	0x00000000
x16: 	0x00000000
x17: 	0x00000000
x18: 	0x00000000
x19: 	0x00000000
x20: 	0x00000000
x21: 	0x00000000
x22: 	0x00000000
x23: 	0x00000000
x24: 	0x00000000
x25: 	0x00000000
x26: 	0x00000000
x27: 	0x00000000
x28: 	0x00000000
x29: 	0x00000000
x30: 	0x00000000
x31: 	0x00000000

0x00000354	0x00000000	Unkown Instruction 

All Registers: 
x0: 	0x00000000
x1: 	0x00000000
x2: 	0x00000000
x3: 	0x00000000
x4: 	0x00000000
x5: 	0x00000000
x6: 	0x00000000
x7: 	0x00000000
x8: 	0x00000000
x9: 	0x00000000
x10: 	0x00000000
x11: 	0x00000000
x12: 	0x00000000
x13: 	0x00000000
x14: 	0x00000000
x15: 	0x00000000
x16: 	0x00000000
x17: 	0x00000000
x18: 	0x00000000
x19: 	0x00000000
x20: 	0x00000000
x21: 	0x00000000
x22: 	0x00000000
x23: 	0x00000000
x24: 	0x00000000
x25: 	0x00000000
x26: 	0x00000000
x27: 	0x00000000
x28: 	0x00000000
x29: 	0x00000000
x30: 	0x00000000
x31: 	0x00000000

0x00000358	0x00000000	Unkown Instruction 

All Registers: 
x0: 	0x00000000
x1: 	0x00000000
x2: 	0x00000000
x3: 	0x00000000
x4: 	0x00000000
x5: 	0x00000000
x6: 	0x00000000
x7: 	0x00000000
x8: 	0x00000000
x9: 	0x00000000
x10: 	0x00000000
x11: 	0x00000000
x12: 	0x00000000
x13: 	0x00000000
x14: 	0x00000000
x15: 	0x00000000
x16: 	0x00000000
x17: 	0x00000000
x18: 	0x00000000
x19: 	0x00000000
x20: 	0x00000000
x21: 	0x00000000
x22: 	0x00000000
x23: 	0x00000000
x24: 	0x00000000
x25: 	0x00000000
x26: 	0x00000000
x27: 	0x00000000
x28: 	0x00000000
x29: 	0x00000000
x30: 	0x00000000
x31: 	0x00000000

0x0000035c	0x00000000	Unkown Instruction 

All Registers: 
x0: 	0x00000000
x1: 	0x00000000
x2: 	0x00000000
x3: 	0x00000000
x4: 	0x00000000
x5: 	0x00000000
x6: 	0x00000000
x7: 	0x00000000
x8: 	0x00000000
x9: 	0x00000000
x10: 	0x00000000
x11: 	0x00000000
x12: 	0x00000000
x13: 	0x00000000
x14: 	0x00000000
x15: 	0x00000000
x16: 	0x00000000
x17: 	0x00000000
x18: 	0x00000000
x19: 	0x00000000
x20: 	0x00000000
x21: 	0x00000000
x22: 	0x00000000
x23: 	0x00000000
x24: 	0x00000000
x25: 	0x00000000
x26: 	0x00000000
x27: 	0x00000000
x28: 	0x00000000
x29: 	0x00000000
x30: 	0x00000000
x31: 	0x00000000

0x00000360	0x00000000	Unkown Instruction 

All Registers: 
x0: 	0x00000000
x1: 	0x00000000
x2: 	0x00000000
x3: 	0x00000000
x4: 	0x00000000
x5: 	0x00000000
x6: 	0x00000000
x7: 	0x00000000
x8: 	0x00000000
x9: 	0x00000000
x10: 	0x00000000
x11: 	0x00000000
x12: 	0x00000000
x13: 	0x00000000
x14: 	0x00000000
x15: 	0x00000000
x16: 	0x00000000
x17: 	0x00000000
x18: 	0x00000000
x19: 	0x00000000
x20: 	0x00000000
x21: 	0x00000000
x22: 	0x00000000
x23: 	0x00000000
x24: 	0x00000000
x25: 	0x00000000
x26: 	0x00000000
x27: 	0x00000000
x28: 	0x00000000
x29: 	0x00000000
x30: 	0x00000000
x31: 	0x00000000

0x00000364	0x00000000	Unkown Instruction 

All Registers: 
x0: 	0x00000000
x1: 	0x00000000
x2: 	0x00000000
x3: 	0x00000000
x4: 	0x00000000
x5: 	0x00000000
x6: 	0x00000000
x7: 	0x00000000
x8: 	0x00000000
x9: 	0x00000000
x10: 	0x00000000
x11: 	0x00000000
x12: 	0x00000000
x13: 	0x00000000
x14: 	0x00000000
x15: 	0x00000000
x16: 	0x00000000
x17: 	0x00000000
x18: 	0x00000000
x19: 	0x00000000
x20: 	0x00000000
x21: 	0x00000000
x22: 	0x00000000
x23: 	0x00000000
x24: 	0x00000000
x25: 	0x00000000
x26: 	0x00000000
x27: 	0x00000000
x28: 	0x00000000
x29: 	0x00000000
x30: 	0x00000000
x31: 	0x00000000

0x00000368	0x00000000	Unkown Instruction 

All Registers: 
x0: 	0x00000000
x1: 	0x00000000
x2: 	0x00000000
x3: 	0x00000000
x4: 	0x00000000
x5: 	0x00000000
x6: 	0x00000000
x7: 	0x00000000
x8: 	0x00000000
x9: 	0x00000000
x10: 	0x00000000
x11: 	0x00000000
x12: 	0x00000000
x13: 	0x00000000
x14: 	0x00000000
x15: 	0x00000000
x16: 	0x00000000
x17: 	0x00000000
x18: 	0x00000000
x19: 	0x00000000
x20: 	0x00000000
x21: 	0x00000000
x22: 	0x00000000
x23: 	0x00000000
x24: 	0x00000000
x25: 	0x00000000
x26: 	0x00000000
x27: 	0x00000000
x28: 	0x00000000
x29: 	0x00000000
x30: 	0x00000000
x31: 	0x00000000

0x0000036c	0x00000000	Unkown Instruction 

All Registers: 
x0: 	0x00000000
x1: 	0x00000000
x2: 	0x00000000
x3: 	0x00000000
x4: 	0x00000000
x5: 	0x00000000
x6: 	0x00000000
x7: 	0x00000000
x8: 	0x00000000
x9: 	0x00000000
x10: 	0x00000000
x11: 	0x00000000
x12: 	0x00000000
x13: 	0x00000000
x14: 	0x00000000
x15: 	0x00000000
x16: 	0x00000000
x17: 	0x00000000
x18: 	0x00000000
x19: 	0x00000000
x20: 	0x00000000
x21: 	0x00000000
x22: 	0x00000000
x23: 	0x00000000
x24: 	0x00000000
x25: 	0x00000000
x26: 	0x00000000
x27: 	0x00000000
x28: 	0x00000000
x29: 	0x00000000
x30: 	0x00000000
x31: 	0x00000000

0x00000370	0x00000000	Unkown Instruction 

All Registers: 
x0: 	0x00000000
x1: 	0x00000000
x2: 	0x00000000
x3: 	0x00000000
x4: 	0x00000000
x5: 	0x00000000
x6: 	0x00000000
x7: 	0x00000000
x8: 	0x00000000
x9: 	0x00000000
x10: 	0x00000000
x11: 	0x00000000
x12: 	0x00000000
x13: 	0x00000000
x14: 	0x00000000
x15: 	0x00000000
x16: 	0x00000000
x17: 	0x00000000
x18: 	0x00000000
x19: 	0x00000000
x20: 	0x00000000
x21: 	0x00000000
x22: 	0x00000000
x23: 	0x00000000
x24: 	0x00000000
x25: 	0x00000000
x26: 	0x00000000
x27: 	0x00000000
x28: 	0x00000000
x29: 	0x00000000
x30: 	0x00000000
x31: 	0x00000000

0x00000374	0x00000000	Unkown Instruction 

All Registers: 
x0: 	0x00000000
x1: 	0x00000000
x2: 	0x00000000
x3: 	0x00000000
x4: 	0x00000000
x5: 	0x00000000
x6: 	0x00000000
x7: 	0x00000000
x8: 	0x00000000
x9: 	0x00000000
x10: 	0x00000000
x11: 	0x00000000
x12: 	0x00000000
x13: 	0x00000000
x14: 	0x00000000
x15: 	0x00000000
x16: 	0x00000000
x17: 	0x00000000
x18: 	0x00000000
x19: 	0x00000000
x20: 	0x00000000
x21: 	0x00000000
x22: 	0x00000000
x23: 	0x00000000
x24: 	0x00000000
x25: 	0x00000000
x26: 	0x00000000
x27: 	0x00000000
x28: 	0x00000000
x29: 	0x00000000
x30: 	0x00000000
x31: 	0x00000000

0x00000378	0x00000000	Unkown Instruction 

All Registers: 
x0: 	0x00000000
x1: 	0x00000000
x2: 	0x00000000
x3: 	0x00000000
x4: 	0x00000000
x5: 	0x00000000
x6: 	0x00000000
x7: 	0x00000000
x8: 	0x00000000
x9: 	0x00000000
x10: 	0x00000000
x11: 	0x00000000
x12: 	0x00000000
x13: 	0x00000000
x14: 	0x00000000
x15: 	0x00000000
x16: 	0x00000000
x17: 	0x00000000
x18: 	0x00000000
x19: 	0x00000000
x20: 	0x00000000
x21: 	0x00000000
x22: 	0x00000000
x23: 	0x00000000
x24: 	0x00000000
x25: 	0x00000000
x26: 	0x00000000
x27: 	0x00000000
x28: 	0x00000000
x29: 	0x00000000
x30: 	0x00000000
x31: 	0x00000000

0x0000037c	0x00000000	Unkown Instruction 

All Registers: 
x0: 	0x00000000
x1: 	0x00000000
x2: 	0x00000000
x3: 	0x00000000
x4: 	0x00000000
x5: 	0x00000000
x6: 	0x00000000
x7: 	0x00000000
x8: 	0x00000000
x9: 	0x00000000
x10: 	0x00000000
x11: 	0x00000000
x12: 	0x00000000
x13: 	0x00000000
x14: 	0x00000000
x15: 	0x00000000
x16: 	0x00000000
x17: 	0x00000000
x18: 	0x00000000
x19: 	0x00000000
x20: 	0x00000000
x21: 	0x00000000
x22: 	0x00000000
x23: 	0x00000000
x24: 	0x00000000
x25: 	0x00000000
x26: 	0x00000000
x27: 	0x00000000
x28: 	0x00000000
x29: 	0x00000000
x30: 	0x00000000
x31: 	0x00000000

0x00000380	0x00000000	Unkown Instruction 

All Registers: 
x0: 	0x00000000
x1: 	0x00000000
x2: 	0x00000000
x3: 	0x00000000
x4: 	0x00000000
x5: 	0x00000000
x6: 	0x00000000
x7: 	0x00000000
x8: 	0x00000000
x9: 	0x00000000
x10: 	0x00000000
x11: 	0x00000000
x12: 	0x00000000
x13: 	0x00000000
x14: 	0x00000000
x15: 	0x00000000
x16: 	0x00000000
x17: 	0x00000000
x18: 	0x00000000
x19: 	0x00000000
x20: 	0x00000000
x21: 	0x00000000
x22: 	0x00000000
x23: 	0x00000000
x24: 	0x00000000
x25: 	0x00000000
x26: 	0x00000000
x27: 	0x00000000
x28: 	0x00000000
x29: 	0x00000000
x30: 	0x00000000
x31: 	0x00000000

0x00000384	0x00000000	Unkown Instruction 

All Registers: 
x0: 	0x00000000
x1: 	0x00000000
x2: 	0x00000000
x3: 	0x00000000
x4: 	0x00000000
x5: 	0x00000000
x6: 	0x00000000
x7: 	0x00000000
x8: 	0x00000000
x9: 	0x00000000
x10: 	0x00000000
x11: 	0x00000000
x12: 	0x00000000
x13: 	0x00000000
x14: 	0x00000000
x15: 	0x00000000
x16: 	0x00000000
x17: 	0x00000000
x18: 	0x00000000
x19: 	0x00000000
x20: 	0x00000000
x21: 	0x00000000
x22: 	0x00000000
x23: 	0x00000000
x24: 	0x00000000
x25: 	0x00000000
x26: 	0x00000000
x27: 	0x00000000
x28: 	0x00000000
x29: 	0x00000000
x30: 	0x00000000
x31: 	0x00000000

0x00000388	0x00000000	Unkown Instruction 

All Registers: 
x0: 	0x00000000
x1: 	0x00000000
x2: 	0x00000000
x3: 	0x00000000
x4: 	0x00000000
x5: 	0x00000000
x6: 	0x00000000
x7: 	0x00000000
x8: 	0x00000000
x9: 	0x00000000
x10: 	0x00000000
x11: 	0x00000000
x12: 	0x00000000
x13: 	0x00000000
x14: 	0x00000000
x15: 	0x00000000
x16: 	0x00000000
x17: 	0x00000000
x18: 	0x00000000
x19: 	0x00000000
x20: 	0x00000000
x21: 	0x00000000
x22: 	0x00000000
x23: 	0x00000000
x24: 	0x00000000
x25: 	0x00000000
x26: 	0x00000000
x27: 	0x00000000
x28: 	0x00000000
x29: 	0x00000000
x30: 	0x00000000
x31: 	0x00000000

0x0000038c	0x00000000	Unkown Instruction 

All Registers: 
x0: 	0x00000000
x1: 	0x00000000
x2: 	0x00000000
x3: 	0x00000000
x4: 	0x00000000
x5: 	0x00000000
x6: 	0x00000000
x7: 	0x00000000
x8: 	0x00000000
x9: 	0x00000000
x10: 	0x00000000
x11: 	0x00000000
x12: 	0x00000000
x13: 	0x00000000
x14: 	0x00000000
x15: 	0x00000000
x16: 	0x00000000
x17: 	0x00000000
x18: 	0x00000000
x19: 	0x00000000
x20: 	0x00000000
x21: 	0x00000000
x22: 	0x00000000
x23: 	0x00000000
x24: 	0x00000000
x25: 	0x00000000
x26: 	0x00000000
x27: 	0x00000000
x28: 	0x00000000
x29: 	0x00000000
x30: 	0x00000000
x31: 	0x00000000

0x00000390	0x00000000	Unkown Instruction 

All Registers: 
x0: 	0x00000000
x1: 	0x00000000
x2: 	0x00000000
x3: 	0x00000000
x4: 	0x00000000
x5: 	0x00000000
x6: 	0x00000000
x7: 	0x00000000
x8: 	0x00000000
x9: 	0x00000000
x10: 	0x00000000
x11: 	0x00000000
x12: 	0x00000000
x13: 	0x00000000
x14: 	0x00000000
x15: 	0x00000000
x16: 	0x00000000
x17: 	0x00000000
x18: 	0x00000000
x19: 	0x00000000
x20: 	0x00000000
x21: 	0x00000000
x22: 	0x00000000
x23: 	0x00000000
x24: 	0x00000000
x25: 	0x00000000
x26: 	0x00000000
x27: 	0x00000000
x28: 	0x00000000
x29: 	0x00000000
x30: 	0x00000000
x31: 	0x00000000

0x00000394	0x00000000	Unkown Instruction 

All Registers: 
x0: 	0x00000000
x1: 	0x00000000
x2: 	0x00000000
x3: 	0x00000000
x4: 	0x00000000
x5: 	0x00000000
x6: 	0x00000000
x7: 	0x00000000
x8: 	0x00000000
x9: 	0x00000000
x10: 	0x00000000
x11: 	0x00000000
x12: 	0x00000000
x13: 	0x00000000
x14: 	0x00000000
x15: 	0x00000000
x16: 	0x00000000
x17: 	0x00000000
x18: 	0x00000000
x19: 	0x00000000
x20: 	0x00000000
x21: 	0x00000000
x22: 	0x00000000
x23: 	0x00000000
x24: 	0x00000000
x25: 	0x00000000
x26: 	0x00000000
x27: 	0x00000000
x28: 	0x00000000
x29: 	0x00000000
x30: 	0x00000000
x31: 	0x00000000

0x00000398	0x00000000	Unkown Instruction 

All Registers: 
x0: 	0x00000000
x1: 	0x00000000
x2: 	0x00000000
x3: 	0x00000000
x4: 	0x00000000
x5: 	0x00000000
x6: 	0x00000000
x7: 	0x00000000
x8: 	0x00000000
x9: 	0x00000000
x10: 	0x00000000
x11: 	0x00000000
x12: 	0x00000000
x13: 	0x00000000
x14: 	0x00000000
x15: 	0x00000000
x16: 	0x00000000
x17: 	0x00000000
x18: 	0x00000000
x19: 	0x00000000
x20: 	0x00000000
x21: 	0x00000000
x22: 	0x00000000
x23: 	0x00000000
x24: 	0x00000000
x25: 	0x00000000
x26: 	0x00000000
x27: 	0x00000000
x28: 	0x00000000
x29: 	0x00000000
x30: 	0x00000000
x31: 	0x00000000

0x0000039c	0x00000000	Unkown Instruction 

All Registers: 
x0: 	0x00000000
x1: 	0x00000000
x2: 	0x00000000
x3: 	0x00000000
x4: 	0x00000000
x5: 	0x00000000
x6: 	0x00000000
x7: 	0x00000000
x8: 	0x00000000
x9: 	0x00000000
x10: 	0x00000000
x11: 	0x00000000
x12: 	0x00000000
x13: 	0x00000000
x14: 	0x00000000
x15: 	0x00000000
x16: 	0x00000000
x17: 	0x00000000
x18: 	0x00000000
x19: 	0x00000000
x20: 	0x00000000
x21: 	0x00000000
x22: 	0x00000000
x23: 	0x00000000
x24: 	0x00000000
x25: 	0x00000000
x26: 	0x00000000
x27: 	0x00000000
x28: 	0x00000000
x29: 	0x00000000
x30: 	0x00000000
x31: 	0x00000000

0x000003a0	0x00000000	Unkown Instruction 

All Registers: 
x0: 	0x00000000
x1: 	0x00000000
x2: 	0x00000000
x3: 	0x00000000
x4: 	0x00000000
x5: 	0x00000000
x6: 	0x00000000
x7: 	0x00000000
x8: 	0x00000000
x9: 	0x00000000
x10: 	0x00000000
x11: 	0x00000000
x12: 	0x00000000
x13: 	0x00000000
x14: 	0x00000000
x15: 	0x00000000
x16: 	0x00000000
x17: 	0x00000000
x18: 	0x00000000
x19: 	0x00000000
x20: 	0x00000000
x21: 	0x00000000
x22: 	0x00000000
x23: 	0x00000000
x24: 	0x00000000
x25: 	0x00000000
x26: 	0x00000000
x27: 	0x00000000
x28: 	0x00000000
x29: 	0x00000000
x30: 	0x00000000
x31: 	0x00000000

0x000003a4	0x00000000	Unkown Instruction 

All Registers: 
x0: 	0x00000000
x1: 	0x00000000
x2: 	0x00000000
x3: 	0x00000000
x4: 	0x00000000
x5: 	0x00000000
x6: 	0x00000000
x7: 	0x00000000
x8: 	0x00000000
x9: 	0x00000000
x10: 	0x00000000
x11: 	0x00000000
x12: 	0x00000000
x13: 	0x00000000
x14: 	0x00000000
x15: 	0x00000000
x16: 	0x00000000
x17: 	0x00000000
x18: 	0x00000000
x19: 	0x00000000
x20: 	0x00000000
x21: 	0x00000000
x22: 	0x00000000
x23: 	0x00000000
x24: 	0x00000000
x25: 	0x00000000
x26: 	0x00000000
x27: 	0x00000000
x28: 	0x00000000
x29: 	0x00000000
x30: 	0x00000000
x31: 	0x00000000

0x000003a8	0x00000000	Unkown Instruction 

All Registers: 
x0: 	0x00000000
x1: 	0x00000000
x2: 	0x00000000
x3: 	0x00000000
x4: 	0x00000000
x5: 	0x00000000
x6: 	0x00000000
x7: 	0x00000000
x8: 	0x00000000
x9: 	0x00000000
x10: 	0x00000000
x11: 	0x00000000
x12: 	0x00000000
x13: 	0x00000000
x14: 	0x00000000
x15: 	0x00000000
x16: 	0x00000000
x17: 	0x00000000
x18: 	0x00000000
x19: 	0x00000000
x20: 	0x00000000
x21: 	0x00000000
x22: 	0x00000000
x23: 	0x00000000
x24: 	0x00000000
x25: 	0x00000000
x26: 	0x00000000
x27: 	0x00000000
x28: 	0x00000000
x29: 	0x00000000
x30: 	0x00000000
x31: 	0x00000000

0x000003ac	0x00000000	Unkown Instruction 

All Registers: 
x0: 	0x00000000
x1: 	0x00000000
x2: 	0x00000000
x3: 	0x00000000
x4: 	0x00000000
x5: 	0x00000000
x6: 	0x00000000
x7: 	0x00000000
x8: 	0x00000000
x9: 	0x00000000
x10: 	0x00000000
x11: 	0x00000000
x12: 	0x00000000
x13: 	0x00000000
x14: 	0x00000000
x15: 	0x00000000
x16: 	0x00000000
x17: 	0x00000000
x18: 	0x00000000
x19: 	0x00000000
x20: 	0x00000000
x21: 	0x00000000
x22: 	0x00000000
x23: 	0x00000000
x24: 	0x00000000
x25: 	0x00000000
x26: 	0x00000000
x27: 	0x00000000
x28: 	0x00000000
x29: 	0x00000000
x30: 	0x00000000
x31: 	0x00000000

0x000003b0	0x00000000	Unkown Instruction 

All Registers: 
x0: 	0x00000000
x1: 	0x00000000
x2: 	0x00000000
x3: 	0x00000000
x4: 	0x00000000
x5: 	0x00000000
x6: 	0x00000000
x7: 	0x00000000
x8: 	0x00000000
x9: 	0x00000000
x10: 	0x00000000
x11: 	0x00000000
x12: 	0x00000000
x13: 	0x00000000
x14: 	0x00000000
x15: 	0x00000000
x16: 	0x00000000
x17: 	0x00000000
x18: 	0x00000000
x19: 	0x00000000
x20: 	0x00000000
x21: 	0x00000000
x22: 	0x00000000
x23: 	0x00000000
x24: 	0x00000000
x25: 	0x00000000
x26: 	0x00000000
x27: 	0x00000000
x28: 	0x00000000
x29: 	0x00000000
x30: 	0x00000000
x31: 	0x00000000

0x000003b4	0x00000000	Unkown Instruction 

All Registers: 
x0: 	0x00000000
x1: 	0x00000000
x2: 	0x00000000
x3: 	0x00000000
x4: 	0x00000000
x5: 	0x00000000
x6: 	0x00000000
x7: 	0x00000000
x8: 	0x00000000
x9: 	0x00000000
x10: 	0x00000000
x11: 	0x00000000
x12: 	0x00000000
x13: 	0x00000000
x14: 	0x00000000
x15: 	0x00000000
x16: 	0x00000000
x17: 	0x00000000
x18: 	0x00000000
x19: 	0x00000000
x20: 	0x00000000
x21: 	0x00000000
x22: 	0x00000000
x23: 	0x00000000
x24: 	0x00000000
x25: 	0x00000000
x26: 	0x00000000
x27: 	0x00000000
x28: 	0x00000000
x29: 	0x00000000
x30: 	0x00000000
x31: 	0x00000000

0x000003b8	0x00000000	Unkown Instruction 

All Registers: 
x0: 	0x00000000
x1: 	0x00000000
x2: 	0x00000000
x3: 	0x00000000
x4: 	0x00000000
x5: 	0x00000000
x6: 	0x00000000
x7: 	0x00000000
x8: 	0x00000000
x9: 	0x00000000
x10: 	0x00000000
x11: 	0x00000000
x12: 	0x00000000
x13: 	0x00000000
x14: 	0x00000000
x15: 	0x00000000
x16: 	0x00000000
x17: 	0x00000000
x18: 	0x00000000
x19: 	0x00000000
x20: 	0x00000000
x21: 	0x00000000
x22: 	0x00000000
x23: 	0x00000000
x24: 	0x00000000
x25: 	0x00000000
x26: 	0x00000000
x27: 	0x00000000
x28: 	0x00000000
x29: 	0x00000000
x30: 	0x00000000
x31: 	0x00000000

0x000003bc	0x00000000	Unkown Instruction 

All Registers: 
x0: 	0x00000000
x1: 	0x00000000
x2: 	0x00000000
x3: 	0x00000000
x4: 	0x00000000
x5: 	0x00000000
x6: 	0x00000000
x7: 	0x00000000
x8: 	0x00000000
x9: 	0x00000000
x10: 	0x00000000
x11: 	0x00000000
x12: 	0x00000000
x13: 	0x00000000
x14: 	0x00000000
x15: 	0x00000000
x16: 	0x00000000
x17: 	0x00000000
x18: 	0x00000000
x19: 	0x00000000
x20: 	0x00000000
x21: 	0x00000000
x22: 	0x00000000
x23: 	0x00000000
x24: 	0x00000000
x25: 	0x00000000
x26: 	0x00000000
x27: 	0x00000000
x28: 	0x00000000
x29: 	0x00000000
x30: 	0x00000000
x31: 	0x00000000

0x000003c0	0x00000000	Unkown Instruction 

All Registers: 
x0: 	0x00000000
x1: 	0x00000000
x2: 	0x00000000
x3: 	0x00000000
x4: 	0x00000000
x5: 	0x00000000
x6: 	0x00000000
x7: 	0x00000000
x8: 	0x00000000
x9: 	0x00000000
x10: 	0x00000000
x11: 	0x00000000
x12: 	0x00000000
x13: 	0x00000000
x14: 	0x00000000
x15: 	0x00000000
x16: 	0x00000000
x17: 	0x00000000
x18: 	0x00000000
x19: 	0x00000000
x20: 	0x00000000
x21: 	0x00000000
x22: 	0x00000000
x23: 	0x00000000
x24: 	0x00000000
x25: 	0x00000000
x26: 	0x00000000
x27: 	0x00000000
x28: 	0x00000000
x29: 	0x00000000
x30: 	0x00000000
x31: 	0x00000000

0x000003c4	0x00000000	Unkown Instruction 

All Registers: 
x0: 	0x00000000
x1: 	0x00000000
x2: 	0x00000000
x3: 	0x00000000
x4: 	0x00000000
x5: 	0x00000000
x6: 	0x00000000
x7: 	0x00000000
x8: 	0x00000000
x9: 	0x00000000
x10: 	0x00000000
x11: 	0x00000000
x12: 	0x00000000
x13: 	0x00000000
x14: 	0x00000000
x15: 	0x00000000
x16: 	0x00000000
x17: 	0x00000000
x18: 	0x00000000
x19: 	0x00000000
x20: 	0x00000000
x21: 	0x00000000
x22: 	0x00000000
x23: 	0x00000000
x24: 	0x00000000
x25: 	0x00000000
x26: 	0x00000000
x27: 	0x00000000
x28: 	0x00000000
x29: 	0x00000000
x30: 	0x00000000
x31: 	0x00000000

0x000003c8	0x00000000	Unkown Instruction 

All Registers: 
x0: 	0x00000000
x1: 	0x00000000
x2: 	0x00000000
x3: 	0x00000000
x4: 	0x00000000
x5: 	0x00000000
x6: 	0x00000000
x7: 	0x00000000
x8: 	0x00000000
x9: 	0x00000000
x10: 	0x00000000
x11: 	0x00000000
x12: 	0x00000000
x13: 	0x00000000
x14: 	0x00000000
x15: 	0x00000000
x16: 	0x00000000
x17: 	0x00000000
x18: 	0x00000000
x19: 	0x00000000
x20: 	0x00000000
x21: 	0x00000000
x22: 	0x00000000
x23: 	0x00000000
x24: 	0x00000000
x25: 	0x00000000
x26: 	0x00000000
x27: 	0x00000000
x28: 	0x00000000
x29: 	0x00000000
x30: 	0x00000000
x31: 	0x00000000

0x000003cc	0x00000000	Unkown Instruction 

All Registers: 
x0: 	0x00000000
x1: 	0x00000000
x2: 	0x00000000
x3: 	0x00000000
x4: 	0x00000000
x5: 	0x00000000
x6: 	0x00000000
x7: 	0x00000000
x8: 	0x00000000
x9: 	0x00000000
x10: 	0x00000000
x11: 	0x00000000
x12: 	0x00000000
x13: 	0x00000000
x14: 	0x00000000
x15: 	0x00000000
x16: 	0x00000000
x17: 	0x00000000
x18: 	0x00000000
x19: 	0x00000000
x20: 	0x00000000
x21: 	0x00000000
x22: 	0x00000000
x23: 	0x00000000
x24: 	0x00000000
x25: 	0x00000000
x26: 	0x00000000
x27: 	0x00000000
x28: 	0x00000000
x29: 	0x00000000
x30: 	0x00000000
x31: 	0x00000000

0x000003d0	0x00000000	Unkown Instruction 

All Registers: 
x0: 	0x00000000
x1: 	0x00000000
x2: 	0x00000000
x3: 	0x00000000
x4: 	0x00000000
x5: 	0x00000000
x6: 	0x00000000
x7: 	0x00000000
x8: 	0x00000000
x9: 	0x00000000
x10: 	0x00000000
x11: 	0x00000000
x12: 	0x00000000
x13: 	0x00000000
x14: 	0x00000000
x15: 	0x00000000
x16: 	0x00000000
x17: 	0x00000000
x18: 	0x00000000
x19: 	0x00000000
x20: 	0x00000000
x21: 	0x00000000
x22: 	0x00000000
x23: 	0x00000000
x24: 	0x00000000
x25: 	0x00000000
x26: 	0x00000000
x27: 	0x00000000
x28: 	0x00000000
x29: 	0x00000000
x30: 	0x00000000
x31: 	0x00000000

0x000003d4	0x00000000	Unkown Instruction 

All Registers: 
x0: 	0x00000000
x1: 	0x00000000
x2: 	0x00000000
x3: 	0x00000000
x4: 	0x00000000
x5: 	0x00000000
x6: 	0x00000000
x7: 	0x00000000
x8: 	0x00000000
x9: 	0x00000000
x10: 	0x00000000
x11: 	0x00000000
x12: 	0x00000000
x13: 	0x00000000
x14: 	0x00000000
x15: 	0x00000000
x16: 	0x00000000
x17: 	0x00000000
x18: 	0x00000000
x19: 	0x00000000
x20: 	0x00000000
x21: 	0x00000000
x22: 	0x00000000
x23: 	0x00000000
x24: 	0x00000000
x25: 	0x00000000
x26: 	0x00000000
x27: 	0x00000000
x28: 	0x00000000
x29: 	0x00000000
x30: 	0x00000000
x31: 	0x00000000

0x000003d8	0x00000000	Unkown Instruction 

All Registers: 
x0: 	0x00000000
x1: 	0x00000000
x2: 	0x00000000
x3: 	0x00000000
x4: 	0x00000000
x5: 	0x00000000
x6: 	0x00000000
x7: 	0x00000000
x8: 	0x00000000
x9: 	0x00000000
x10: 	0x00000000
x11: 	0x00000000
x12: 	0x00000000
x13: 	0x00000000
x14: 	0x00000000
x15: 	0x00000000
x16: 	0x00000000
x17: 	0x00000000
x18: 	0x00000000
x19: 	0x00000000
x20: 	0x00000000
x21: 	0x00000000
x22: 	0x00000000
x23: 	0x00000000
x24: 	0x00000000
x25: 	0x00000000
x26: 	0x00000000
x27: 	0x00000000
x28: 	0x00000000
x29: 	0x00000000
x30: 	0x00000000
x31: 	0x00000000

0x000003dc	0x00000000	Unkown Instruction 

All Registers: 
x0: 	0x00000000
x1: 	0x00000000
x2: 	0x00000000
x3: 	0x00000000
x4: 	0x00000000
x5: 	0x00000000
x6: 	0x00000000
x7: 	0x00000000
x8: 	0x00000000
x9: 	0x00000000
x10: 	0x00000000
x11: 	0x00000000
x12: 	0x00000000
x13: 	0x00000000
x14: 	0x00000000
x15: 	0x00000000
x16: 	0x00000000
x17: 	0x00000000
x18: 	0x00000000
x19: 	0x00000000
x20: 	0x00000000
x21: 	0x00000000
x22: 	0x00000000
x23: 	0x00000000
x24: 	0x00000000
x25: 	0x00000000
x26: 	0x00000000
x27: 	0x00000000
x28: 	0x00000000
x29: 	0x00000000
x30: 	0x00000000
x31: 	0x00000000

0x000003e0	0x00000000	Unkown Instruction 

All Registers: 
x0: 	0x00000000
x1: 	0x00000000
x2: 	0x00000000
x3: 	0x00000000
x4: 	0x00000000
x5: 	0x00000000
x6: 	0x00000000
x7: 	0x00000000
x8: 	0x00000000
x9: 	0x00000000
x10: 	0x00000000
x11: 	0x00000000
x12: 	0x00000000
x13: 	0x00000000
x14: 	0x00000000
x15: 	0x00000000
x16: 	0x00000000
x17: 	0x00000000
x18: 	0x00000000
x19: 	0x00000000
x20: 	0x00000000
x21: 	0x00000000
x22: 	0x00000000
x23: 	0x00000000
x24: 	0x00000000
x25: 	0x00000000
x26: 	0x00000000
x27: 	0x00000000
x28: 	0x00000000
x29: 	0x00000000
x30: 	0x00000000
x31: 	0x00000000

0x000003e4	0x00000000	Unkown Instruction 

All Registers: 
x0: 	0x00000000
x1: 	0x00000000
x2: 	0x00000000
x3: 	0x00000000
x4: 	0x00000000
x5: 	0x00000000
x6: 	0x00000000
x7: 	0x00000000
x8: 	0x00000000
x9: 	0x00000000
x10: 	0x00000000
x11: 	0x00000000
x12: 	0x00000000
x13: 	0x00000000
x14: 	0x00000000
x15: 	0x00000000
x16: 	0x00000000
x17: 	0x00000000
x18: 	0x00000000
x19: 	0x00000000
x20: 	0x00000000
x21: 	0x00000000
x22: 	0x00000000
x23: 	0x00000000
x24: 	0x00000000
x25: 	0x00000000
x26: 	0x00000000
x27: 	0x00000000
x28: 	0x00000000
x29: 	0x00000000
x30: 	0x00000000
x31: 	0x00000000

0x000003e8	0x00000000	Unkown Instruction 

All Registers: 
x0: 	0x00000000
x1: 	0x00000000
x2: 	0x00000000
x3: 	0x00000000
x4: 	0x00000000
x5: 	0x00000000
x6: 	0x00000000
x7: 	0x00000000
x8: 	0x00000000
x9: 	0x00000000
x10: 	0x00000000
x11: 	0x00000000
x12: 	0x00000000
x13: 	0x00000000
x14: 	0x00000000
x15: 	0x00000000
x16: 	0x00000000
x17: 	0x00000000
x18: 	0x00000000
x19: 	0x00000000
x20: 	0x00000000
x21: 	0x00000000
x22: 	0x00000000
x23: 	0x00000000
x24: 	0x00000000
x25: 	0x00000000
x26: 	0x00000000
x27: 	0x00000000
x28: 	0x00000000
x29: 	0x00000000
x30: 	0x00000000
x31: 	0x00000000

0x000003ec	0x00000000	Unkown Instruction 

All Registers: 
x0: 	0x00000000
x1: 	0x00000000
x2: 	0x00000000
x3: 	0x00000000
x4: 	0x00000000
x5: 	0x00000000
x6: 	0x00000000
x7: 	0x00000000
x8: 	0x00000000
x9: 	0x00000000
x10: 	0x00000000
x11: 	0x00000000
x12: 	0x00000000
x13: 	0x00000000
x14: 	0x00000000
x15: 	0x00000000
x16: 	0x00000000
x17: 	0x00000000
x18: 	0x00000000
x19: 	0x00000000
x20: 	0x00000000
x21: 	0x00000000
x22: 	0x00000000
x23: 	0x00000000
x24: 	0x00000000
x25: 	0x00000000
x26: 	0x00000000
x27: 	0x00000000
x28: 	0x00000000
x29: 	0x00000000
x30: 	0x00000000
x31: 	0x00000000

0x000003f0	0x00000000	Unkown Instruction 

All Registers: 
x0: 	0x00000000
x1: 	0x00000000
x2: 	0x00000000
x3: 	0x00000000
x4: 	0x00000000
x5: 	0x00000000
x6: 	0x00000000
x7: 	0x00000000
x8: 	0x00000000
x9: 	0x00000000
x10: 	0x00000000
x11: 	0x00000000
x12: 	0x00000000
x13: 	0x00000000
x14: 	0x00000000
x15: 	0x00000000
x16: 	0x00000000
x17: 	0x00000000
x18: 	0x00000000
x19: 	0x00000000
x20: 	0x00000000
x21: 	0x00000000
x22: 	0x00000000
x23: 	0x00000000
x24: 	0x00000000
x25: 	0x00000000
x26: 	0x00000000
x27: 	0x00000000
x28: 	0x00000000
x29: 	0x00000000
x30: 	0x00000000
x31: 	0x00000000

0x000003f4	0x00000000	Unkown Instruction 

All Registers: 
x0: 	0x00000000
x1: 	0x00000000
x2: 	0x00000000
x3: 	0x00000000
x4: 	0x00000000
x5: 	0x00000000
x6: 	0x00000000
x7: 	0x00000000
x8: 	0x00000000
x9: 	0x00000000
x10: 	0x00000000
x11: 	0x00000000
x12: 	0x00000000
x13: 	0x00000000
x14: 	0x00000000
x15: 	0x00000000
x16: 	0x00000000
x17: 	0x00000000
x18: 	0x00000000
x19: 	0x00000000
x20: 	0x00000000
x21: 	0x00000000
x22: 	0x00000000
x23: 	0x00000000
x24: 	0x00000000
x25: 	0x00000000
x26: 	0x00000000
x27: 	0x00000000
x28: 	0x00000000
x29: 	0x00000000
x30: 	0x00000000
x31: 	0x00000000

0x000003f8	0x00000000	Unkown Instruction 

All Registers: 
x0: 	0x00000000
x1: 	0x00000000
x2: 	0x00000000
x3: 	0x00000000
x4: 	0x00000000
x5: 	0x00000000
x6: 	0x00000000
x7: 	0x00000000
x8: 	0x00000000
x9: 	0x00000000
x10: 	0x00000000
x11: 	0x00000000
x12: 	0x00000000
x13: 	0x00000000
x14: 	0x00000000
x15: 	0x00000000
x16: 	0x00000000
x17: 	0x00000000
x18: 	0x00000000
x19: 	0x00000000
x20: 	0x00000000
x21: 	0x00000000
x22: 	0x00000000
x23: 	0x00000000
x24: 	0x00000000
x25: 	0x00000000
x26: 	0x00000000
x27: 	0x00000000
x28: 	0x00000000
x29: 	0x00000000
x30: 	0x00000000
x31: 	0x00000000

0x000003fc	0x00000000	Unkown Instruction 

All Registers: 
x0: 	0x00000000
x1: 	0x00000000
x2: 	0x00000000
x3: 	0x00000000
x4: 	0x00000000
x5: 	0x00000000
x6: 	0x00000000
x7: 	0x00000000
x8: 	0x00000000
x9: 	0x00000000
x10: 	0x00000000
x11: 	0x00000000
x12: 	0x00000000
x13: 	0x00000000
x14: 	0x00000000
x15: 	0x00000000
x16: 	0x00000000
x17: 	0x00000000
x18: 	0x00000000
x19: 	0x00000000
x20: 	0x00000000
x21: 	0x00000000
x22: 	0x00000000
x23: 	0x00000000
x24: 	0x00000000
x25: 	0x00000000
x26: 	0x00000000
x27: 	0x00000000
x28: 	0x00000000
x29: 	0x00000000
x30: 	0x00000000
x31: 	0x00000000

0x00000400	0x00000000	Unkown Instruction 

All Registers: 
x0: 	0x00000000
x1: 	0x00000000
x2: 	0x00000000
x3: 	0x00000000
x4: 	0x00000000
x5: 	0x00000000
x6: 	0x00000000
x7: 	0x00000000
x8: 	0x00000000
x9: 	0x00000000
x10: 	0x00000000
x11: 	0x00000000
x12: 	0x00000000
x13: 	0x00000000
x14: 	0x00000000
x15: 	0x00000000
x16: 	0x00000000
x17: 	0x00000000
x18: 	0x00000000
x19: 	0x00000000
x20: 	0x00000000
x21: 	0x00000000
x22: 	0x00000000
x23: 	0x00000000
x24: 	0x00000000
x25: 	0x00000000
x26: 	0x00000000
x27: 	0x00000000
x28: 	0x00000000
x29: 	0x00000000
x30: 	0x00000000
x31: 	0x00000000

0x00000404	0x00000000	Unkown Instruction 

All Registers: 
x0: 	0x00000000
x1: 	0x00000000
x2: 	0x00000000
x3: 	0x00000000
x4: 	0x00000000
x5: 	0x00000000
x6: 	0x00000000
x7: 	0x00000000
x8: 	0x00000000
x9: 	0x00000000
x10: 	0x00000000
x11: 	0x00000000
x12: 	0x00000000
x13: 	0x00000000
x14: 	0x00000000
x15: 	0x00000000
x16: 	0x00000000
x17: 	0x00000000
x18: 	0x00000000
x19: 	0x00000000
x20: 	0x00000000
x21: 	0x00000000
x22: 	0x00000000
x23: 	0x00000000
x24: 	0x00000000
x25: 	0x00000000
x26: 	0x00000000
x27: 	0x00000000
x28: 	0x00000000
x29: 	0x00000000
x30: 	0x00000000
x31: 	0x00000000

0x00000408	0x00000000	Unkown Instruction 

All Registers: 
x0: 	0x00000000
x1: 	0x00000000
x2: 	0x00000000
x3: 	0x00000000
x4: 	0x00000000
x5: 	0x00000000
x6: 	0x00000000
x7: 	0x00000000
x8: 	0x00000000
x9: 	0x00000000
x10: 	0x00000000
x11: 	0x00000000
x12: 	0x00000000
x13: 	0x00000000
x14: 	0x00000000
x15: 	0x00000000
x16: 	0x00000000
x17: 	0x00000000
x18: 	0x00000000
x19: 	0x00000000
x20: 	0x00000000
x21: 	0x00000000
x22: 	0x00000000
x23: 	0x00000000
x24: 	0x00000000
x25: 	0x00000000
x26: 	0x00000000
x27: 	0x00000000
x28: 	0x00000000
x29: 	0x00000000
x30: 	0x00000000
x31: 	0x00000000

0x0000040c	0x00000000	Unkown Instruction 

All Registers: 
x0: 	0x00000000
x1: 	0x00000000
x2: 	0x00000000
x3: 	0x00000000
x4: 	0x00000000
x5: 	0x00000000
x6: 	0x00000000
x7: 	0x00000000
x8: 	0x00000000
x9: 	0x00000000
x10: 	0x00000000
x11: 	0x00000000
x12: 	0x00000000
x13: 	0x00000000
x14: 	0x00000000
x15: 	0x00000000
x16: 	0x00000000
x17: 	0x00000000
x18: 	0x00000000
x19: 	0x00000000
x20: 	0x00000000
x21: 	0x00000000
x22: 	0x00000000
x23: 	0x00000000
x24: 	0x00000000
x25: 	0x00000000
x26: 	0x00000000
x27: 	0x00000000
x28: 	0x00000000
x29: 	0x00000000
x30: 	0x00000000
x31: 	0x00000000

0x00000410	0x00000000	Unkown Instruction 

All Registers: 
x0: 	0x00000000
x1: 	0x00000000
x2: 	0x00000000
x3: 	0x00000000
x4: 	0x00000000
x5: 	0x00000000
x6: 	0x00000000
x7: 	0x00000000
x8: 	0x00000000
x9: 	0x00000000
x10: 	0x00000000
x11: 	0x00000000
x12: 	0x00000000
x13: 	0x00000000
x14: 	0x00000000
x15: 	0x00000000
x16: 	0x00000000
x17: 	0x00000000
x18: 	0x00000000
x19: 	0x00000000
x20: 	0x00000000
x21: 	0x00000000
x22: 	0x00000000
x23: 	0x00000000
x24: 	0x00000000
x25: 	0x00000000
x26: 	0x00000000
x27: 	0x00000000
x28: 	0x00000000
x29: 	0x00000000
x30: 	0x00000000
x31: 	0x00000000

0x00000414	0x00000000	Unkown Instruction 

All Registers: 
x0: 	0x00000000
x1: 	0x00000000
x2: 	0x00000000
x3: 	0x00000000
x4: 	0x00000000
x5: 	0x00000000
x6: 	0x00000000
x7: 	0x00000000
x8: 	0x00000000
x9: 	0x00000000
x10: 	0x00000000
x11: 	0x00000000
x12: 	0x00000000
x13: 	0x00000000
x14: 	0x00000000
x15: 	0x00000000
x16: 	0x00000000
x17: 	0x00000000
x18: 	0x00000000
x19: 	0x00000000
x20: 	0x00000000
x21: 	0x00000000
x22: 	0x00000000
x23: 	0x00000000
x24: 	0x00000000
x25: 	0x00000000
x26: 	0x00000000
x27: 	0x00000000
x28: 	0x00000000
x29: 	0x00000000
x30: 	0x00000000
x31: 	0x00000000

0x00000418	0x00000000	Unkown Instruction 

All Registers: 
x0: 	0x00000000
x1: 	0x00000000
x2: 	0x00000000
x3: 	0x00000000
x4: 	0x00000000
x5: 	0x00000000
x6: 	0x00000000
x7: 	0x00000000
x8: 	0x00000000
x9: 	0x00000000
x10: 	0x00000000
x11: 	0x00000000
x12: 	0x00000000
x13: 	0x00000000
x14: 	0x00000000
x15: 	0x00000000
x16: 	0x00000000
x17: 	0x00000000
x18: 	0x00000000
x19: 	0x00000000
x20: 	0x00000000
x21: 	0x00000000
x22: 	0x00000000
x23: 	0x00000000
x24: 	0x00000000
x25: 	0x00000000
x26: 	0x00000000
x27: 	0x00000000
x28: 	0x00000000
x29: 	0x00000000
x30: 	0x00000000
x31: 	0x00000000

0x0000041c	0x00000000	Unkown Instruction 

All Registers: 
x0: 	0x00000000
x1: 	0x00000000
x2: 	0x00000000
x3: 	0x00000000
x4: 	0x00000000
x5: 	0x00000000
x6: 	0x00000000
x7: 	0x00000000
x8: 	0x00000000
x9: 	0x00000000
x10: 	0x00000000
x11: 	0x00000000
x12: 	0x00000000
x13: 	0x00000000
x14: 	0x00000000
x15: 	0x00000000
x16: 	0x00000000
x17: 	0x00000000
x18: 	0x00000000
x19: 	0x00000000
x20: 	0x00000000
x21: 	0x00000000
x22: 	0x00000000
x23: 	0x00000000
x24: 	0x00000000
x25: 	0x00000000
x26: 	0x00000000
x27: 	0x00000000
x28: 	0x00000000
x29: 	0x00000000
x30: 	0x00000000
x31: 	0x00000000

0x00000420	0x00000000	Unkown Instruction 

All Registers: 
x0: 	0x00000000
x1: 	0x00000000
x2: 	0x00000000
x3: 	0x00000000
x4: 	0x00000000
x5: 	0x00000000
x6: 	0x00000000
x7: 	0x00000000
x8: 	0x00000000
x9: 	0x00000000
x10: 	0x00000000
x11: 	0x00000000
x12: 	0x00000000
x13: 	0x00000000
x14: 	0x00000000
x15: 	0x00000000
x16: 	0x00000000
x17: 	0x00000000
x18: 	0x00000000
x19: 	0x00000000
x20: 	0x00000000
x21: 	0x00000000
x22: 	0x00000000
x23: 	0x00000000
x24: 	0x00000000
x25: 	0x00000000
x26: 	0x00000000
x27: 	0x00000000
x28: 	0x00000000
x29: 	0x00000000
x30: 	0x00000000
x31: 	0x00000000

0x00000424	0x00000000	Unkown Instruction 

All Registers: 
x0: 	0x00000000
x1: 	0x00000000
x2: 	0x00000000
x3: 	0x00000000
x4: 	0x00000000
x5: 	0x00000000
x6: 	0x00000000
x7: 	0x00000000
x8: 	0x00000000
x9: 	0x00000000
x10: 	0x00000000
x11: 	0x00000000
x12: 	0x00000000
x13: 	0x00000000
x14: 	0x00000000
x15: 	0x00000000
x16: 	0x00000000
x17: 	0x00000000
x18: 	0x00000000
x19: 	0x00000000
x20: 	0x00000000
x21: 	0x00000000
x22: 	0x00000000
x23: 	0x00000000
x24: 	0x00000000
x25: 	0x00000000
x26: 	0x00000000
x27: 	0x00000000
x28: 	0x00000000
x29: 	0x00000000
x30: 	0x00000000
x31: 	0x00000000

0x00000428	0x00000000	Unkown Instruction 

All Registers: 
x0: 	0x00000000
x1: 	0x00000000
x2: 	0x00000000
x3: 	0x00000000
x4: 	0x00000000
x5: 	0x00000000
x6: 	0x00000000
x7: 	0x00000000
x8: 	0x00000000
x9: 	0x00000000
x10: 	0x00000000
x11: 	0x00000000
x12: 	0x00000000
x13: 	0x00000000
x14: 	0x00000000
x15: 	0x00000000
x16: 	0x00000000
x17: 	0x00000000
x18: 	0x00000000
x19: 	0x00000000
x20: 	0x00000000
x21: 	0x00000000
x22: 	0x00000000
x23: 	0x00000000
x24: 	0x00000000
x25: 	0x00000000
x26: 	0x00000000
x27: 	0x00000000
x28: 	0x00000000
x29: 	0x00000000
x30: 	0x00000000
x31: 	0x00000000

0x0000042c	0x00000000	Unkown Instruction 

All Registers: 
x0: 	0x00000000
x1: 	0x00000000
x2: 	0x00000000
x3: 	0x00000000
x4: 	0x00000000
x5: 	0x00000000
x6: 	0x00000000
x7: 	0x00000000
x8: 	0x00000000
x9: 	0x00000000
x10: 	0x00000000
x11: 	0x00000000
x12: 	0x00000000
x13: 	0x00000000
x14: 	0x00000000
x15: 	0x00000000
x16: 	0x00000000
x17: 	0x00000000
x18: 	0x00000000
x19: 	0x00000000
x20: 	0x00000000
x21: 	0x00000000
x22: 	0x00000000
x23: 	0x00000000
x24: 	0x00000000
x25: 	0x00000000
x26: 	0x00000000
x27: 	0x00000000
x28: 	0x00000000
x29: 	0x00000000
x30: 	0x00000000
x31: 	0x00000000

0x00000430	0x00000000	Unkown Instruction 

All Registers: 
x0: 	0x00000000
x1: 	0x00000000
x2: 	0x00000000
x3: 	0x00000000
x4: 	0x00000000
x5: 	0x00000000
x6: 	0x00000000
x7: 	0x00000000
x8: 	0x00000000
x9: 	0x00000000
x10: 	0x00000000
x11: 	0x00000000
x12: 	0x00000000
x13: 	0x00000000
x14: 	0x00000000
x15: 	0x00000000
x16: 	0x00000000
x17: 	0x00000000
x18: 	0x00000000
x19: 	0x00000000
x20: 	0x00000000
x21: 	0x00000000
x22: 	0x00000000
x23: 	0x00000000
x24: 	0x00000000
x25: 	0x00000000
x26: 	0x00000000
x27: 	0x00000000
x28: 	0x00000000
x29: 	0x00000000
x30: 	0x00000000
x31: 	0x00000000

0x00000434	0x00000000	Unkown Instruction 

All Registers: 
x0: 	0x00000000
x1: 	0x00000000
x2: 	0x00000000
x3: 	0x00000000
x4: 	0x00000000
x5: 	0x00000000
x6: 	0x00000000
x7: 	0x00000000
x8: 	0x00000000
x9: 	0x00000000
x10: 	0x00000000
x11: 	0x00000000
x12: 	0x00000000
x13: 	0x00000000
x14: 	0x00000000
x15: 	0x00000000
x16: 	0x00000000
x17: 	0x00000000
x18: 	0x00000000
x19: 	0x00000000
x20: 	0x00000000
x21: 	0x00000000
x22: 	0x00000000
x23: 	0x00000000
x24: 	0x00000000
x25: 	0x00000000
x26: 	0x00000000
x27: 	0x00000000
x28: 	0x00000000
x29: 	0x00000000
x30: 	0x00000000
x31: 	0x00000000

0x00000438	0x00000000	Unkown Instruction 

All Registers: 
x0: 	0x00000000
x1: 	0x00000000
x2: 	0x00000000
x3: 	0x00000000
x4: 	0x00000000
x5: 	0x00000000
x6: 	0x00000000
x7: 	0x00000000
x8: 	0x00000000
x9: 	0x00000000
x10: 	0x00000000
x11: 	0x00000000
x12: 	0x00000000
x13: 	0x00000000
x14: 	0x00000000
x15: 	0x00000000
x16: 	0x00000000
x17: 	0x00000000
x18: 	0x00000000
x19: 	0x00000000
x20: 	0x00000000
x21: 	0x00000000
x22: 	0x00000000
x23: 	0x00000000
x24: 	0x00000000
x25: 	0x00000000
x26: 	0x00000000
x27: 	0x00000000
x28: 	0x00000000
x29: 	0x00000000
x30: 	0x00000000
x31: 	0x00000000

0x0000043c	0x00000000	Unkown Instruction 

All Registers: 
x0: 	0x00000000
x1: 	0x00000000
x2: 	0x00000000
x3: 	0x00000000
x4: 	0x00000000
x5: 	0x00000000
x6: 	0x00000000
x7: 	0x00000000
x8: 	0x00000000
x9: 	0x00000000
x10: 	0x00000000
x11: 	0x00000000
x12: 	0x00000000
x13: 	0x00000000
x14: 	0x00000000
x15: 	0x00000000
x16: 	0x00000000
x17: 	0x00000000
x18: 	0x00000000
x19: 	0x00000000
x20: 	0x00000000
x21: 	0x00000000
x22: 	0x00000000
x23: 	0x00000000
x24: 	0x00000000
x25: 	0x00000000
x26: 	0x00000000
x27: 	0x00000000
x28: 	0x00000000
x29: 	0x00000000
x30: 	0x00000000
x31: 	0x00000000

0x00000440	0x00000000	Unkown Instruction 

All Registers: 
x0: 	0x00000000
x1: 	0x00000000
x2: 	0x00000000
x3: 	0x00000000
x4: 	0x00000000
x5: 	0x00000000
x6: 	0x00000000
x7: 	0x00000000
x8: 	0x00000000
x9: 	0x00000000
x10: 	0x00000000
x11: 	0x00000000
x12: 	0x00000000
x13: 	0x00000000
x14: 	0x00000000
x15: 	0x00000000
x16: 	0x00000000
x17: 	0x00000000
x18: 	0x00000000
x19: 	0x00000000
x20: 	0x00000000
x21: 	0x00000000
x22: 	0x00000000
x23: 	0x00000000
x24: 	0x00000000
x25: 	0x00000000
x26: 	0x00000000
x27: 	0x00000000
x28: 	0x00000000
x29: 	0x00000000
x30: 	0x00000000
x31: 	0x00000000

0x00000444	0x00000000	Unkown Instruction 

All Registers: 
x0: 	0x00000000
x1: 	0x00000000
x2: 	0x00000000
x3: 	0x00000000
x4: 	0x00000000
x5: 	0x00000000
x6: 	0x00000000
x7: 	0x00000000
x8: 	0x00000000
x9: 	0x00000000
x10: 	0x00000000
x11: 	0x00000000
x12: 	0x00000000
x13: 	0x00000000
x14: 	0x00000000
x15: 	0x00000000
x16: 	0x00000000
x17: 	0x00000000
x18: 	0x00000000
x19: 	0x00000000
x20: 	0x00000000
x21: 	0x00000000
x22: 	0x00000000
x23: 	0x00000000
x24: 	0x00000000
x25: 	0x00000000
x26: 	0x00000000
x27: 	0x00000000
x28: 	0x00000000
x29: 	0x00000000
x30: 	0x00000000
x31: 	0x00000000

0x00000448	0x00000000	Unkown Instruction 

All Registers: 
x0: 	0x00000000
x1: 	0x00000000
x2: 	0x00000000
x3: 	0x00000000
x4: 	0x00000000
x5: 	0x00000000
x6: 	0x00000000
x7: 	0x00000000
x8: 	0x00000000
x9: 	0x00000000
x10: 	0x00000000
x11: 	0x00000000
x12: 	0x00000000
x13: 	0x00000000
x14: 	0x00000000
x15: 	0x00000000
x16: 	0x00000000
x17: 	0x00000000
x18: 	0x00000000
x19: 	0x00000000
x20: 	0x00000000
x21: 	0x00000000
x22: 	0x00000000
x23: 	0x00000000
x24: 	0x00000000
x25: 	0x00000000
x26: 	0x00000000
x27: 	0x00000000
x28: 	0x00000000
x29: 	0x00000000
x30: 	0x00000000
x31: 	0x00000000

0x0000044c	0x00000000	Unkown Instruction 

All Registers: 
x0: 	0x00000000
x1: 	0x00000000
x2: 	0x00000000
x3: 	0x00000000
x4: 	0x00000000
x5: 	0x00000000
x6: 	0x00000000
x7: 	0x00000000
x8: 	0x00000000
x9: 	0x00000000
x10: 	0x00000000
x11: 	0x00000000
x12: 	0x00000000
x13: 	0x00000000
x14: 	0x00000000
x15: 	0x00000000
x16: 	0x00000000
x17: 	0x00000000
x18: 	0x00000000
x19: 	0x00000000
x20: 	0x00000000
x21: 	0x00000000
x22: 	0x00000000
x23: 	0x00000000
x24: 	0x00000000
x25: 	0x00000000
x26: 	0x00000000
x27: 	0x00000000
x28: 	0x00000000
x29: 	0x00000000
x30: 	0x00000000
x31: 	0x00000000

0x00000450	0x00000000	Unkown Instruction 

All Registers: 
x0: 	0x00000000
x1: 	0x00000000
x2: 	0x00000000
x3: 	0x00000000
x4: 	0x00000000
x5: 	0x00000000
x6: 	0x00000000
x7: 	0x00000000
x8: 	0x00000000
x9: 	0x00000000
x10: 	0x00000000
x11: 	0x00000000
x12: 	0x00000000
x13: 	0x00000000
x14: 	0x00000000
x15: 	0x00000000
x16: 	0x00000000
x17: 	0x00000000
x18: 	0x00000000
x19: 	0x00000000
x20: 	0x00000000
x21: 	0x00000000
x22: 	0x00000000
x23: 	0x00000000
x24: 	0x00000000
x25: 	0x00000000
x26: 	0x00000000
x27: 	0x00000000
x28: 	0x00000000
x29: 	0x00000000
x30: 	0x00000000
x31: 	0x00000000

0x00000454	0x00000000	Unkown Instruction 

All Registers: 
x0: 	0x00000000
x1: 	0x00000000
x2: 	0x00000000
x3: 	0x00000000
x4: 	0x00000000
x5: 	0x00000000
x6: 	0x00000000
x7: 	0x00000000
x8: 	0x00000000
x9: 	0x00000000
x10: 	0x00000000
x11: 	0x00000000
x12: 	0x00000000
x13: 	0x00000000
x14: 	0x00000000
x15: 	0x00000000
x16: 	0x00000000
x17: 	0x00000000
x18: 	0x00000000
x19: 	0x00000000
x20: 	0x00000000
x21: 	0x00000000
x22: 	0x00000000
x23: 	0x00000000
x24: 	0x00000000
x25: 	0x00000000
x26: 	0x00000000
x27: 	0x00000000
x28: 	0x00000000
x29: 	0x00000000
x30: 	0x00000000
x31: 	0x00000000

0x00000458	0x00000000	Unkown Instruction 

All Registers: 
x0: 	0x00000000
x1: 	0x00000000
x2: 	0x00000000
x3: 	0x00000000
x4: 	0x00000000
x5: 	0x00000000
x6: 	0x00000000
x7: 	0x00000000
x8: 	0x00000000
x9: 	0x00000000
x10: 	0x00000000
x11: 	0x00000000
x12: 	0x00000000
x13: 	0x00000000
x14: 	0x00000000
x15: 	0x00000000
x16: 	0x00000000
x17: 	0x00000000
x18: 	0x00000000
x19: 	0x00000000
x20: 	0x00000000
x21: 	0x00000000
x22: 	0x00000000
x23: 	0x00000000
x24: 	0x00000000
x25: 	0x00000000
x26: 	0x00000000
x27: 	0x00000000
x28: 	0x00000000
x29: 	0x00000000
x30: 	0x00000000
x31: 	0x00000000

0x0000045c	0x00000000	Unkown Instruction 

All Registers: 
x0: 	0x00000000
x1: 	0x00000000
x2: 	0x00000000
x3: 	0x00000000
x4: 	0x00000000
x5: 	0x00000000
x6: 	0x00000000
x7: 	0x00000000
x8: 	0x00000000
x9: 	0x00000000
x10: 	0x00000000
x11: 	0x00000000
x12: 	0x00000000
x13: 	0x00000000
x14: 	0x00000000
x15: 	0x00000000
x16: 	0x00000000
x17: 	0x00000000
x18: 	0x00000000
x19: 	0x00000000
x20: 	0x00000000
x21: 	0x00000000
x22: 	0x00000000
x23: 	0x00000000
x24: 	0x00000000
x25: 	0x00000000
x26: 	0x00000000
x27: 	0x00000000
x28: 	0x00000000
x29: 	0x00000000
x30: 	0x00000000
x31: 	0x00000000

0x00000460	0x00000000	Unkown Instruction 

All Registers: 
x0: 	0x00000000
x1: 	0x00000000
x2: 	0x00000000
x3: 	0x00000000
x4: 	0x00000000
x5: 	0x00000000
x6: 	0x00000000
x7: 	0x00000000
x8: 	0x00000000
x9: 	0x00000000
x10: 	0x00000000
x11: 	0x00000000
x12: 	0x00000000
x13: 	0x00000000
x14: 	0x00000000
x15: 	0x00000000
x16: 	0x00000000
x17: 	0x00000000
x18: 	0x00000000
x19: 	0x00000000
x20: 	0x00000000
x21: 	0x00000000
x22: 	0x00000000
x23: 	0x00000000
x24: 	0x00000000
x25: 	0x00000000
x26: 	0x00000000
x27: 	0x00000000
x28: 	0x00000000
x29: 	0x00000000
x30: 	0x00000000
x31: 	0x00000000

0x00000464	0x00000000	Unkown Instruction 

All Registers: 
x0: 	0x00000000
x1: 	0x00000000
x2: 	0x00000000
x3: 	0x00000000
x4: 	0x00000000
x5: 	0x00000000
x6: 	0x00000000
x7: 	0x00000000
x8: 	0x00000000
x9: 	0x00000000
x10: 	0x00000000
x11: 	0x00000000
x12: 	0x00000000
x13: 	0x00000000
x14: 	0x00000000
x15: 	0x00000000
x16: 	0x00000000
x17: 	0x00000000
x18: 	0x00000000
x19: 	0x00000000
x20: 	0x00000000
x21: 	0x00000000
x22: 	0x00000000
x23: 	0x00000000
x24: 	0x00000000
x25: 	0x00000000
x26: 	0x00000000
x27: 	0x00000000
x28: 	0x00000000
x29: 	0x00000000
x30: 	0x00000000
x31: 	0x00000000

0x00000468	0x00000000	Unkown Instruction 

All Registers: 
x0: 	0x00000000
x1: 	0x00000000
x2: 	0x00000000
x3: 	0x00000000
x4: 	0x00000000
x5: 	0x00000000
x6: 	0x00000000
x7: 	0x00000000
x8: 	0x00000000
x9: 	0x00000000
x10: 	0x00000000
x11: 	0x00000000
x12: 	0x00000000
x13: 	0x00000000
x14: 	0x00000000
x15: 	0x00000000
x16: 	0x00000000
x17: 	0x00000000
x18: 	0x00000000
x19: 	0x00000000
x20: 	0x00000000
x21: 	0x00000000
x22: 	0x00000000
x23: 	0x00000000
x24: 	0x00000000
x25: 	0x00000000
x26: 	0x00000000
x27: 	0x00000000
x28: 	0x00000000
x29: 	0x00000000
x30: 	0x00000000
x31: 	0x00000000

0x0000046c	0x00000000	Unkown Instruction 

All Registers: 
x0: 	0x00000000
x1: 	0x00000000
x2: 	0x00000000
x3: 	0x00000000
x4: 	0x00000000
x5: 	0x00000000
x6: 	0x00000000
x7: 	0x00000000
x8: 	0x00000000
x9: 	0x00000000
x10: 	0x00000000
x11: 	0x00000000
x12: 	0x00000000
x13: 	0x00000000
x14: 	0x00000000
x15: 	0x00000000
x16: 	0x00000000
x17: 	0x00000000
x18: 	0x00000000
x19: 	0x00000000
x20: 	0x00000000
x21: 	0x00000000
x22: 	0x00000000
x23: 	0x00000000
x24: 	0x00000000
x25: 	0x00000000
x26: 	0x00000000
x27: 	0x00000000
x28: 	0x00000000
x29: 	0x00000000
x30: 	0x00000000
x31: 	0x00000000

0x00000470	0x00000000	Unkown Instruction 

All Registers: 
x0: 	0x00000000
x1: 	0x00000000
x2: 	0x00000000
x3: 	0x00000000
x4: 	0x00000000
x5: 	0x00000000
x6: 	0x00000000
x7: 	0x00000000
x8: 	0x00000000
x9: 	0x00000000
x10: 	0x00000000
x11: 	0x00000000
x12: 	0x00000000
x13: 	0x00000000
x14: 	0x00000000
x15: 	0x00000000
x16: 	0x00000000
x17: 	0x00000000
x18: 	0x00000000
x19: 	0x00000000
x20: 	0x00000000
x21: 	0x00000000
x22: 	0x00000000
x23: 	0x00000000
x24: 	0x00000000
x25: 	0x00000000
x26: 	0x00000000
x27: 	0x00000000
x28: 	0x00000000
x29: 	0x00000000
x30: 	0x00000000
x31: 	0x00000000

0x00000474	0x00000000	Unkown Instruction 

All Registers: 
x0: 	0x00000000
x1: 	0x00000000
x2: 	0x00000000
x3: 	0x00000000
x4: 	0x00000000
x5: 	0x00000000
x6: 	0x00000000
x7: 	0x00000000
x8: 	0x00000000
x9: 	0x00000000
x10: 	0x00000000
x11: 	0x00000000
x12: 	0x00000000
x13: 	0x00000000
x14: 	0x00000000
x15: 	0x00000000
x16: 	0x00000000
x17: 	0x00000000
x18: 	0x00000000
x19: 	0x00000000
x20: 	0x00000000
x21: 	0x00000000
x22: 	0x00000000
x23: 	0x00000000
x24: 	0x00000000
x25: 	0x00000000
x26: 	0x00000000
x27: 	0x00000000
x28: 	0x00000000
x29: 	0x00000000
x30: 	0x00000000
x31: 	0x00000000

0x00000478	0x00000000	Unkown Instruction 

All Registers: 
x0: 	0x00000000
x1: 	0x00000000
x2: 	0x00000000
x3: 	0x00000000
x4: 	0x00000000
x5: 	0x00000000
x6: 	0x00000000
x7: 	0x00000000
x8: 	0x00000000
x9: 	0x00000000
x10: 	0x00000000
x11: 	0x00000000
x12: 	0x00000000
x13: 	0x00000000
x14: 	0x00000000
x15: 	0x00000000
x16: 	0x00000000
x17: 	0x00000000
x18: 	0x00000000
x19: 	0x00000000
x20: 	0x00000000
x21: 	0x00000000
x22: 	0x00000000
x23: 	0x00000000
x24: 	0x00000000
x25: 	0x00000000
x26: 	0x00000000
x27: 	0x00000000
x28: 	0x00000000
x29: 	0x00000000
x30: 	0x00000000
x31: 	0x00000000

0x0000047c	0x00000000	Unkown Instruction 

All Registers: 
x0: 	0x00000000
x1: 	0x00000000
x2: 	0x00000000
x3: 	0x00000000
x4: 	0x00000000
x5: 	0x00000000
x6: 	0x00000000
x7: 	0x00000000
x8: 	0x00000000
x9: 	0x00000000
x10: 	0x00000000
x11: 	0x00000000
x12: 	0x00000000
x13: 	0x00000000
x14: 	0x00000000
x15: 	0x00000000
x16: 	0x00000000
x17: 	0x00000000
x18: 	0x00000000
x19: 	0x00000000
x20: 	0x00000000
x21: 	0x00000000
x22: 	0x00000000
x23: 	0x00000000
x24: 	0x00000000
x25: 	0x00000000
x26: 	0x00000000
x27: 	0x00000000
x28: 	0x00000000
x29: 	0x00000000
x30: 	0x00000000
x31: 	0x00000000

0x00000480	0x00000000	Unkown Instruction 

All Registers: 
x0: 	0x00000000
x1: 	0x00000000
x2: 	0x00000000
x3: 	0x00000000
x4: 	0x00000000
x5: 	0x00000000
x6: 	0x00000000
x7: 	0x00000000
x8: 	0x00000000
x9: 	0x00000000
x10: 	0x00000000
x11: 	0x00000000
x12: 	0x00000000
x13: 	0x00000000
x14: 	0x00000000
x15: 	0x00000000
x16: 	0x00000000
x17: 	0x00000000
x18: 	0x00000000
x19: 	0x00000000
x20: 	0x00000000
x21: 	0x00000000
x22: 	0x00000000
x23: 	0x00000000
x24: 	0x00000000
x25: 	0x00000000
x26: 	0x00000000
x27: 	0x00000000
x28: 	0x00000000
x29: 	0x00000000
x30: 	0x00000000
x31: 	0x00000000

0x00000484	0x00000000	Unkown Instruction 

All Registers: 
x0: 	0x00000000
x1: 	0x00000000
x2: 	0x00000000
x3: 	0x00000000
x4: 	0x00000000
x5: 	0x00000000
x6: 	0x00000000
x7: 	0x00000000
x8: 	0x00000000
x9: 	0x00000000
x10: 	0x00000000
x11: 	0x00000000
x12: 	0x00000000
x13: 	0x00000000
x14: 	0x00000000
x15: 	0x00000000
x16: 	0x00000000
x17: 	0x00000000
x18: 	0x00000000
x19: 	0x00000000
x20: 	0x00000000
x21: 	0x00000000
x22: 	0x00000000
x23: 	0x00000000
x24: 	0x00000000
x25: 	0x00000000
x26: 	0x00000000
x27: 	0x00000000
x28: 	0x00000000
x29: 	0x00000000
x30: 	0x00000000
x31: 	0x00000000

0x00000488	0x00000000	Unkown Instruction 

All Registers: 
x0: 	0x00000000
x1: 	0x00000000
x2: 	0x00000000
x3: 	0x00000000
x4: 	0x00000000
x5: 	0x00000000
x6: 	0x00000000
x7: 	0x00000000
x8: 	0x00000000
x9: 	0x00000000
x10: 	0x00000000
x11: 	0x00000000
x12: 	0x00000000
x13: 	0x00000000
x14: 	0x00000000
x15: 	0x00000000
x16: 	0x00000000
x17: 	0x00000000
x18: 	0x00000000
x19: 	0x00000000
x20: 	0x00000000
x21: 	0x00000000
x22: 	0x00000000
x23: 	0x00000000
x24: 	0x00000000
x25: 	0x00000000
x26: 	0x00000000
x27: 	0x00000000
x28: 	0x00000000
x29: 	0x00000000
x30: 	0x00000000
x31: 	0x00000000

0x0000048c	0x00000000	Unkown Instruction 

All Registers: 
x0: 	0x00000000
x1: 	0x00000000
x2: 	0x00000000
x3: 	0x00000000
x4: 	0x00000000
x5: 	0x00000000
x6: 	0x00000000
x7: 	0x00000000
x8: 	0x00000000
x9: 	0x00000000
x10: 	0x00000000
x11: 	0x00000000
x12: 	0x00000000
x13: 	0x00000000
x14: 	0x00000000
x15: 	0x00000000
x16: 	0x00000000
x17: 	0x00000000
x18: 	0x00000000
x19: 	0x00000000
x20: 	0x00000000
x21: 	0x00000000
x22: 	0x00000000
x23: 	0x00000000
x24: 	0x00000000
x25: 	0x00000000
x26: 	0x00000000
x27: 	0x00000000
x28: 	0x00000000
x29: 	0x00000000
x30: 	0x00000000
x31: 	0x00000000

0x00000490	0x00000000	Unkown Instruction 

All Registers: 
x0: 	0x00000000
x1: 	0x00000000
x2: 	0x00000000
x3: 	0x00000000
x4: 	0x00000000
x5: 	0x00000000
x6: 	0x00000000
x7: 	0x00000000
x8: 	0x00000000
x9: 	0x00000000
x10: 	0x00000000
x11: 	0x00000000
x12: 	0x00000000
x13: 	0x00000000
x14: 	0x00000000
x15: 	0x00000000
x16: 	0x00000000
x17: 	0x00000000
x18: 	0x00000000
x19: 	0x00000000
x20: 	0x00000000
x21: 	0x00000000
x22: 	0x00000000
x23: 	0x00000000
x24: 	0x00000000
x25: 	0x00000000
x26: 	0x00000000
x27: 	0x00000000
x28: 	0x00000000
x29: 	0x00000000
x30: 	0x00000000
x31: 	0x00000000

0x00000494	0x00000000	Unkown Instruction 

All Registers: 
x0: 	0x00000000
x1: 	0x00000000
x2: 	0x00000000
x3: 	0x00000000
x4: 	0x00000000
x5: 	0x00000000
x6: 	0x00000000
x7: 	0x00000000
x8: 	0x00000000
x9: 	0x00000000
x10: 	0x00000000
x11: 	0x00000000
x12: 	0x00000000
x13: 	0x00000000
x14: 	0x00000000
x15: 	0x00000000
x16: 	0x00000000
x17: 	0x00000000
x18: 	0x00000000
x19: 	0x00000000
x20: 	0x00000000
x21: 	0x00000000
x22: 	0x00000000
x23: 	0x00000000
x24: 	0x00000000
x25: 	0x00000000
x26: 	0x00000000
x27: 	0x00000000
x28: 	0x00000000
x29: 	0x00000000
x30: 	0x00000000
x31: 	0x00000000

0x00000498	0x00000000	Unkown Instruction 

All Registers: 
x0: 	0x00000000
x1: 	0x00000000
x2: 	0x00000000
x3: 	0x00000000
x4: 	0x00000000
x5: 	0x00000000
x6: 	0x00000000
x7: 	0x00000000
x8: 	0x00000000
x9: 	0x00000000
x10: 	0x00000000
x11: 	0x00000000
x12: 	0x00000000
x13: 	0x00000000
x14: 	0x00000000
x15: 	0x00000000
x16: 	0x00000000
x17: 	0x00000000
x18: 	0x00000000
x19: 	0x00000000
x20: 	0x00000000
x21: 	0x00000000
x22: 	0x00000000
x23: 	0x00000000
x24: 	0x00000000
x25: 	0x00000000
x26: 	0x00000000
x27: 	0x00000000
x28: 	0x00000000
x29: 	0x00000000
x30: 	0x00000000
x31: 	0x00000000

0x0000049c	0x00000000	Unkown Instruction 

All Registers: 
x0: 	0x00000000
x1: 	0x00000000
x2: 	0x00000000
x3: 	0x00000000
x4: 	0x00000000
x5: 	0x00000000
x6: 	0x00000000
x7: 	0x00000000
x8: 	0x00000000
x9: 	0x00000000
x10: 	0x00000000
x11: 	0x00000000
x12: 	0x00000000
x13: 	0x00000000
x14: 	0x00000000
x15: 	0x00000000
x16: 	0x00000000
x17: 	0x00000000
x18: 	0x00000000
x19: 	0x00000000
x20: 	0x00000000
x21: 	0x00000000
x22: 	0x00000000
x23: 	0x00000000
x24: 	0x00000000
x25: 	0x00000000
x26: 	0x00000000
x27: 	0x00000000
x28: 	0x00000000
x29: 	0x00000000
x30: 	0x00000000
x31: 	0x00000000

0x000004a0	0x00000000	Unkown Instruction 

All Registers: 
x0: 	0x00000000
x1: 	0x00000000
x2: 	0x00000000
x3: 	0x00000000
x4: 	0x00000000
x5: 	0x00000000
x6: 	0x00000000
x7: 	0x00000000
x8: 	0x00000000
x9: 	0x00000000
x10: 	0x00000000
x11: 	0x00000000
x12: 	0x00000000
x13: 	0x00000000
x14: 	0x00000000
x15: 	0x00000000
x16: 	0x00000000
x17: 	0x00000000
x18: 	0x00000000
x19: 	0x00000000
x20: 	0x00000000
x21: 	0x00000000
x22: 	0x00000000
x23: 	0x00000000
x24: 	0x00000000
x25: 	0x00000000
x26: 	0x00000000
x27: 	0x00000000
x28: 	0x00000000
x29: 	0x00000000
x30: 	0x00000000
x31: 	0x00000000

0x000004a4	0x00000000	Unkown Instruction 

All Registers: 
x0: 	0x00000000
x1: 	0x00000000
x2: 	0x00000000
x3: 	0x00000000
x4: 	0x00000000
x5: 	0x00000000
x6: 	0x00000000
x7: 	0x00000000
x8: 	0x00000000
x9: 	0x00000000
x10: 	0x00000000
x11: 	0x00000000
x12: 	0x00000000
x13: 	0x00000000
x14: 	0x00000000
x15: 	0x00000000
x16: 	0x00000000
x17: 	0x00000000
x18: 	0x00000000
x19: 	0x00000000
x20: 	0x00000000
x21: 	0x00000000
x22: 	0x00000000
x23: 	0x00000000
x24: 	0x00000000
x25: 	0x00000000
x26: 	0x00000000
x27: 	0x00000000
x28: 	0x00000000
x29: 	0x00000000
x30: 	0x00000000
x31: 	0x00000000

0x000004a8	0x00000000	Unkown Instruction 

All Registers: 
x0: 	0x00000000
x1: 	0x00000000
x2: 	0x00000000
x3: 	0x00000000
x4: 	0x00000000
x5: 	0x00000000
x6: 	0x00000000
x7: 	0x00000000
x8: 	0x00000000
x9: 	0x00000000
x10: 	0x00000000
x11: 	0x00000000
x12: 	0x00000000
x13: 	0x00000000
x14: 	0x00000000
x15: 	0x00000000
x16: 	0x00000000
x17: 	0x00000000
x18: 	0x00000000
x19: 	0x00000000
x20: 	0x00000000
x21: 	0x00000000
x22: 	0x00000000
x23: 	0x00000000
x24: 	0x00000000
x25: 	0x00000000
x26: 	0x00000000
x27: 	0x00000000
x28: 	0x00000000
x29: 	0x00000000
x30: 	0x00000000
x31: 	0x00000000

0x000004ac	0x00000000	Unkown Instruction 

All Registers: 
x0: 	0x00000000
x1: 	0x00000000
x2: 	0x00000000
x3: 	0x00000000
x4: 	0x00000000
x5: 	0x00000000
x6: 	0x00000000
x7: 	0x00000000
x8: 	0x00000000
x9: 	0x00000000
x10: 	0x00000000
x11: 	0x00000000
x12: 	0x00000000
x13: 	0x00000000
x14: 	0x00000000
x15: 	0x00000000
x16: 	0x00000000
x17: 	0x00000000
x18: 	0x00000000
x19: 	0x00000000
x20: 	0x00000000
x21: 	0x00000000
x22: 	0x00000000
x23: 	0x00000000
x24: 	0x00000000
x25: 	0x00000000
x26: 	0x00000000
x27: 	0x00000000
x28: 	0x00000000
x29: 	0x00000000
x30: 	0x00000000
x31: 	0x00000000

0x000004b0	0x00000000	Unkown Instruction 

All Registers: 
x0: 	0x00000000
x1: 	0x00000000
x2: 	0x00000000
x3: 	0x00000000
x4: 	0x00000000
x5: 	0x00000000
x6: 	0x00000000
x7: 	0x00000000
x8: 	0x00000000
x9: 	0x00000000
x10: 	0x00000000
x11: 	0x00000000
x12: 	0x00000000
x13: 	0x00000000
x14: 	0x00000000
x15: 	0x00000000
x16: 	0x00000000
x17: 	0x00000000
x18: 	0x00000000
x19: 	0x00000000
x20: 	0x00000000
x21: 	0x00000000
x22: 	0x00000000
x23: 	0x00000000
x24: 	0x00000000
x25: 	0x00000000
x26: 	0x00000000
x27: 	0x00000000
x28: 	0x00000000
x29: 	0x00000000
x30: 	0x00000000
x31: 	0x00000000

0x000004b4	0x00000000	Unkown Instruction 

All Registers: 
x0: 	0x00000000
x1: 	0x00000000
x2: 	0x00000000
x3: 	0x00000000
x4: 	0x00000000
x5: 	0x00000000
x6: 	0x00000000
x7: 	0x00000000
x8: 	0x00000000
x9: 	0x00000000
x10: 	0x00000000
x11: 	0x00000000
x12: 	0x00000000
x13: 	0x00000000
x14: 	0x00000000
x15: 	0x00000000
x16: 	0x00000000
x17: 	0x00000000
x18: 	0x00000000
x19: 	0x00000000
x20: 	0x00000000
x21: 	0x00000000
x22: 	0x00000000
x23: 	0x00000000
x24: 	0x00000000
x25: 	0x00000000
x26: 	0x00000000
x27: 	0x00000000
x28: 	0x00000000
x29: 	0x00000000
x30: 	0x00000000
x31: 	0x00000000

0x000004b8	0x00000000	Unkown Instruction 

All Registers: 
x0: 	0x00000000
x1: 	0x00000000
x2: 	0x00000000
x3: 	0x00000000
x4: 	0x00000000
x5: 	0x00000000
x6: 	0x00000000
x7: 	0x00000000
x8: 	0x00000000
x9: 	0x00000000
x10: 	0x00000000
x11: 	0x00000000
x12: 	0x00000000
x13: 	0x00000000
x14: 	0x00000000
x15: 	0x00000000
x16: 	0x00000000
x17: 	0x00000000
x18: 	0x00000000
x19: 	0x00000000
x20: 	0x00000000
x21: 	0x00000000
x22: 	0x00000000
x23: 	0x00000000
x24: 	0x00000000
x25: 	0x00000000
x26: 	0x00000000
x27: 	0x00000000
x28: 	0x00000000
x29: 	0x00000000
x30: 	0x00000000
x31: 	0x00000000

0x000004bc	0x00000000	Unkown Instruction 

All Registers: 
x0: 	0x00000000
x1: 	0x00000000
x2: 	0x00000000
x3: 	0x00000000
x4: 	0x00000000
x5: 	0x00000000
x6: 	0x00000000
x7: 	0x00000000
x8: 	0x00000000
x9: 	0x00000000
x10: 	0x00000000
x11: 	0x00000000
x12: 	0x00000000
x13: 	0x00000000
x14: 	0x00000000
x15: 	0x00000000
x16: 	0x00000000
x17: 	0x00000000
x18: 	0x00000000
x19: 	0x00000000
x20: 	0x00000000
x21: 	0x00000000
x22: 	0x00000000
x23: 	0x00000000
x24: 	0x00000000
x25: 	0x00000000
x26: 	0x00000000
x27: 	0x00000000
x28: 	0x00000000
x29: 	0x00000000
x30: 	0x00000000
x31: 	0x00000000

0x000004c0	0x00000000	Unkown Instruction 

All Registers: 
x0: 	0x00000000
x1: 	0x00000000
x2: 	0x00000000
x3: 	0x00000000
x4: 	0x00000000
x5: 	0x00000000
x6: 	0x00000000
x7: 	0x00000000
x8: 	0x00000000
x9: 	0x00000000
x10: 	0x00000000
x11: 	0x00000000
x12: 	0x00000000
x13: 	0x00000000
x14: 	0x00000000
x15: 	0x00000000
x16: 	0x00000000
x17: 	0x00000000
x18: 	0x00000000
x19: 	0x00000000
x20: 	0x00000000
x21: 	0x00000000
x22: 	0x00000000
x23: 	0x00000000
x24: 	0x00000000
x25: 	0x00000000
x26: 	0x00000000
x27: 	0x00000000
x28: 	0x00000000
x29: 	0x00000000
x30: 	0x00000000
x31: 	0x00000000

0x000004c4	0x00000000	Unkown Instruction 

All Registers: 
x0: 	0x00000000
x1: 	0x00000000
x2: 	0x00000000
x3: 	0x00000000
x4: 	0x00000000
x5: 	0x00000000
x6: 	0x00000000
x7: 	0x00000000
x8: 	0x00000000
x9: 	0x00000000
x10: 	0x00000000
x11: 	0x00000000
x12: 	0x00000000
x13: 	0x00000000
x14: 	0x00000000
x15: 	0x00000000
x16: 	0x00000000
x17: 	0x00000000
x18: 	0x00000000
x19: 	0x00000000
x20: 	0x00000000
x21: 	0x00000000
x22: 	0x00000000
x23: 	0x00000000
x24: 	0x00000000
x25: 	0x00000000
x26: 	0x00000000
x27: 	0x00000000
x28: 	0x00000000
x29: 	0x00000000
x30: 	0x00000000
x31: 	0x00000000

0x000004c8	0x00000000	Unkown Instruction 

All Registers: 
x0: 	0x00000000
x1: 	0x00000000
x2: 	0x00000000
x3: 	0x00000000
x4: 	0x00000000
x5: 	0x00000000
x6: 	0x00000000
x7: 	0x00000000
x8: 	0x00000000
x9: 	0x00000000
x10: 	0x00000000
x11: 	0x00000000
x12: 	0x00000000
x13: 	0x00000000
x14: 	0x00000000
x15: 	0x00000000
x16: 	0x00000000
x17: 	0x00000000
x18: 	0x00000000
x19: 	0x00000000
x20: 	0x00000000
x21: 	0x00000000
x22: 	0x00000000
x23: 	0x00000000
x24: 	0x00000000
x25: 	0x00000000
x26: 	0x00000000
x27: 	0x00000000
x28: 	0x00000000
x29: 	0x00000000
x30: 	0x00000000
x31: 	0x00000000

0x000004cc	0x00000000	Unkown Instruction 

All Registers: 
x0: 	0x00000000
x1: 	0x00000000
x2: 	0x00000000
x3: 	0x00000000
x4: 	0x00000000
x5: 	0x00000000
x6: 	0x00000000
x7: 	0x00000000
x8: 	0x00000000
x9: 	0x00000000
x10: 	0x00000000
x11: 	0x00000000
x12: 	0x00000000
x13: 	0x00000000
x14: 	0x00000000
x15: 	0x00000000
x16: 	0x00000000
x17: 	0x00000000
x18: 	0x00000000
x19: 	0x00000000
x20: 	0x00000000
x21: 	0x00000000
x22: 	0x00000000
x23: 	0x00000000
x24: 	0x00000000
x25: 	0x00000000
x26: 	0x00000000
x27: 	0x00000000
x28: 	0x00000000
x29: 	0x00000000
x30: 	0x00000000
x31: 	0x00000000

0x000004d0	0x00000000	Unkown Instruction 

All Registers: 
x0: 	0x00000000
x1: 	0x00000000
x2: 	0x00000000
x3: 	0x00000000
x4: 	0x00000000
x5: 	0x00000000
x6: 	0x00000000
x7: 	0x00000000
x8: 	0x00000000
x9: 	0x00000000
x10: 	0x00000000
x11: 	0x00000000
x12: 	0x00000000
x13: 	0x00000000
x14: 	0x00000000
x15: 	0x00000000
x16: 	0x00000000
x17: 	0x00000000
x18: 	0x00000000
x19: 	0x00000000
x20: 	0x00000000
x21: 	0x00000000
x22: 	0x00000000
x23: 	0x00000000
x24: 	0x00000000
x25: 	0x00000000
x26: 	0x00000000
x27: 	0x00000000
x28: 	0x00000000
x29: 	0x00000000
x30: 	0x00000000
x31: 	0x00000000

0x000004d4	0x00000000	Unkown Instruction 

All Registers: 
x0: 	0x00000000
x1: 	0x00000000
x2: 	0x00000000
x3: 	0x00000000
x4: 	0x00000000
x5: 	0x00000000
x6: 	0x00000000
x7: 	0x00000000
x8: 	0x00000000
x9: 	0x00000000
x10: 	0x00000000
x11: 	0x00000000
x12: 	0x00000000
x13: 	0x00000000
x14: 	0x00000000
x15: 	0x00000000
x16: 	0x00000000
x17: 	0x00000000
x18: 	0x00000000
x19: 	0x00000000
x20: 	0x00000000
x21: 	0x00000000
x22: 	0x00000000
x23: 	0x00000000
x24: 	0x00000000
x25: 	0x00000000
x26: 	0x00000000
x27: 	0x00000000
x28: 	0x00000000
x29: 	0x00000000
x30: 	0x00000000
x31: 	0x00000000

0x000004d8	0x00000000	Unkown Instruction 

All Registers: 
x0: 	0x00000000
x1: 	0x00000000
x2: 	0x00000000
x3: 	0x00000000
x4: 	0x00000000
x5: 	0x00000000
x6: 	0x00000000
x7: 	0x00000000
x8: 	0x00000000
x9: 	0x00000000
x10: 	0x00000000
x11: 	0x00000000
x12: 	0x00000000
x13: 	0x00000000
x14: 	0x00000000
x15: 	0x00000000
x16: 	0x00000000
x17: 	0x00000000
x18: 	0x00000000
x19: 	0x00000000
x20: 	0x00000000
x21: 	0x00000000
x22: 	0x00000000
x23: 	0x00000000
x24: 	0x00000000
x25: 	0x00000000
x26: 	0x00000000
x27: 	0x00000000
x28: 	0x00000000
x29: 	0x00000000
x30: 	0x00000000
x31: 	0x00000000

0x000004dc	0x00000000	Unkown Instruction 

All Registers: 
x0: 	0x00000000
x1: 	0x00000000
x2: 	0x00000000
x3: 	0x00000000
x4: 	0x00000000
x5: 	0x00000000
x6: 	0x00000000
x7: 	0x00000000
x8: 	0x00000000
x9: 	0x00000000
x10: 	0x00000000
x11: 	0x00000000
x12: 	0x00000000
x13: 	0x00000000
x14: 	0x00000000
x15: 	0x00000000
x16: 	0x00000000
x17: 	0x00000000
x18: 	0x00000000
x19: 	0x00000000
x20: 	0x00000000
x21: 	0x00000000
x22: 	0x00000000
x23: 	0x00000000
x24: 	0x00000000
x25: 	0x00000000
x26: 	0x00000000
x27: 	0x00000000
x28: 	0x00000000
x29: 	0x00000000
x30: 	0x00000000
x31: 	0x00000000

0x000004e0	0x00000000	Unkown Instruction 

All Registers: 
x0: 	0x00000000
x1: 	0x00000000
x2: 	0x00000000
x3: 	0x00000000
x4: 	0x00000000
x5: 	0x00000000
x6: 	0x00000000
x7: 	0x00000000
x8: 	0x00000000
x9: 	0x00000000
x10: 	0x00000000
x11: 	0x00000000
x12: 	0x00000000
x13: 	0x00000000
x14: 	0x00000000
x15: 	0x00000000
x16: 	0x00000000
x17: 	0x00000000
x18: 	0x00000000
x19: 	0x00000000
x20: 	0x00000000
x21: 	0x00000000
x22: 	0x00000000
x23: 	0x00000000
x24: 	0x00000000
x25: 	0x00000000
x26: 	0x00000000
x27: 	0x00000000
x28: 	0x00000000
x29: 	0x00000000
x30: 	0x00000000
x31: 	0x00000000

0x000004e4	0x00000000	Unkown Instruction 

All Registers: 
x0: 	0x00000000
x1: 	0x00000000
x2: 	0x00000000
x3: 	0x00000000
x4: 	0x00000000
x5: 	0x00000000
x6: 	0x00000000
x7: 	0x00000000
x8: 	0x00000000
x9: 	0x00000000
x10: 	0x00000000
x11: 	0x00000000
x12: 	0x00000000
x13: 	0x00000000
x14: 	0x00000000
x15: 	0x00000000
x16: 	0x00000000
x17: 	0x00000000
x18: 	0x00000000
x19: 	0x00000000
x20: 	0x00000000
x21: 	0x00000000
x22: 	0x00000000
x23: 	0x00000000
x24: 	0x00000000
x25: 	0x00000000
x26: 	0x00000000
x27: 	0x00000000
x28: 	0x00000000
x29: 	0x00000000
x30: 	0x00000000
x31: 	0x00000000

0x000004e8	0x00000000	Unkown Instruction 

All Registers: 
x0: 	0x00000000
x1: 	0x00000000
x2: 	0x00000000
x3: 	0x00000000
x4: 	0x00000000
x5: 	0x00000000
x6: 	0x00000000
x7: 	0x00000000
x8: 	0x00000000
x9: 	0x00000000
x10: 	0x00000000
x11: 	0x00000000
x12: 	0x00000000
x13: 	0x00000000
x14: 	0x00000000
x15: 	0x00000000
x16: 	0x00000000
x17: 	0x00000000
x18: 	0x00000000
x19: 	0x00000000
x20: 	0x00000000
x21: 	0x00000000
x22: 	0x00000000
x23: 	0x00000000
x24: 	0x00000000
x25: 	0x00000000
x26: 	0x00000000
x27: 	0x00000000
x28: 	0x00000000
x29: 	0x00000000
x30: 	0x00000000
x31: 	0x00000000

0x000004ec	0x00000000	Unkown Instruction 

All Registers: 
x0: 	0x00000000
x1: 	0x00000000
x2: 	0x00000000
x3: 	0x00000000
x4: 	0x00000000
x5: 	0x00000000
x6: 	0x00000000
x7: 	0x00000000
x8: 	0x00000000
x9: 	0x00000000
x10: 	0x00000000
x11: 	0x00000000
x12: 	0x00000000
x13: 	0x00000000
x14: 	0x00000000
x15: 	0x00000000
x16: 	0x00000000
x17: 	0x00000000
x18: 	0x00000000
x19: 	0x00000000
x20: 	0x00000000
x21: 	0x00000000
x22: 	0x00000000
x23: 	0x00000000
x24: 	0x00000000
x25: 	0x00000000
x26: 	0x00000000
x27: 	0x00000000
x28: 	0x00000000
x29: 	0x00000000
x30: 	0x00000000
x31: 	0x00000000

0x000004f0	0x00000000	Unkown Instruction 

All Registers: 
x0: 	0x00000000
x1: 	0x00000000
x2: 	0x00000000
x3: 	0x00000000
x4: 	0x00000000
x5: 	0x00000000
x6: 	0x00000000
x7: 	0x00000000
x8: 	0x00000000
x9: 	0x00000000
x10: 	0x00000000
x11: 	0x00000000
x12: 	0x00000000
x13: 	0x00000000
x14: 	0x00000000
x15: 	0x00000000
x16: 	0x00000000
x17: 	0x00000000
x18: 	0x00000000
x19: 	0x00000000
x20: 	0x00000000
x21: 	0x00000000
x22: 	0x00000000
x23: 	0x00000000
x24: 	0x00000000
x25: 	0x00000000
x26: 	0x00000000
x27: 	0x00000000
x28: 	0x00000000
x29: 	0x00000000
x30: 	0x00000000
x31: 	0x00000000

0x000004f4	0x00000000	Unkown Instruction 

All Registers: 
x0: 	0x00000000
x1: 	0x00000000
x2: 	0x00000000
x3: 	0x00000000
x4: 	0x00000000
x5: 	0x00000000
x6: 	0x00000000
x7: 	0x00000000
x8: 	0x00000000
x9: 	0x00000000
x10: 	0x00000000
x11: 	0x00000000
x12: 	0x00000000
x13: 	0x00000000
x14: 	0x00000000
x15: 	0x00000000
x16: 	0x00000000
x17: 	0x00000000
x18: 	0x00000000
x19: 	0x00000000
x20: 	0x00000000
x21: 	0x00000000
x22: 	0x00000000
x23: 	0x00000000
x24: 	0x00000000
x25: 	0x00000000
x26: 	0x00000000
x27: 	0x00000000
x28: 	0x00000000
x29: 	0x00000000
x30: 	0x00000000
x31: 	0x00000000

0x000004f8	0x00000000	Unkown Instruction 

All Registers: 
x0: 	0x00000000
x1: 	0x00000000
x2: 	0x00000000
x3: 	0x00000000
x4: 	0x00000000
x5: 	0x00000000
x6: 	0x00000000
x7: 	0x00000000
x8: 	0x00000000
x9: 	0x00000000
x10: 	0x00000000
x11: 	0x00000000
x12: 	0x00000000
x13: 	0x00000000
x14: 	0x00000000
x15: 	0x00000000
x16: 	0x00000000
x17: 	0x00000000
x18: 	0x00000000
x19: 	0x00000000
x20: 	0x00000000
x21: 	0x00000000
x22: 	0x00000000
x23: 	0x00000000
x24: 	0x00000000
x25: 	0x00000000
x26: 	0x00000000
x27: 	0x00000000
x28: 	0x00000000
x29: 	0x00000000
x30: 	0x00000000
x31: 	0x00000000

0x000004fc	0x00000000	Unkown Instruction 

All Registers: 
x0: 	0x00000000
x1: 	0x00000000
x2: 	0x00000000
x3: 	0x00000000
x4: 	0x00000000
x5: 	0x00000000
x6: 	0x00000000
x7: 	0x00000000
x8: 	0x00000000
x9: 	0x00000000
x10: 	0x00000000
x11: 	0x00000000
x12: 	0x00000000
x13: 	0x00000000
x14: 	0x00000000
x15: 	0x00000000
x16: 	0x00000000
x17: 	0x00000000
x18: 	0x00000000
x19: 	0x00000000
x20: 	0x00000000
x21: 	0x00000000
x22: 	0x00000000
x23: 	0x00000000
x24: 	0x00000000
x25: 	0x00000000
x26: 	0x00000000
x27: 	0x00000000
x28: 	0x00000000
x29: 	0x00000000
x30: 	0x00000000
x31: 	0x00000000

0x00000500	0x00000000	Unkown Instruction 

All Registers: 
x0: 	0x00000000
x1: 	0x00000000
x2: 	0x00000000
x3: 	0x00000000
x4: 	0x00000000
x5: 	0x00000000
x6: 	0x00000000
x7: 	0x00000000
x8: 	0x00000000
x9: 	0x00000000
x10: 	0x00000000
x11: 	0x00000000
x12: 	0x00000000
x13: 	0x00000000
x14: 	0x00000000
x15: 	0x00000000
x16: 	0x00000000
x17: 	0x00000000
x18: 	0x00000000
x19: 	0x00000000
x20: 	0x00000000
x21: 	0x00000000
x22: 	0x00000000
x23: 	0x00000000
x24: 	0x00000000
x25: 	0x00000000
x26: 	0x00000000
x27: 	0x00000000
x28: 	0x00000000
x29: 	0x00000000
x30: 	0x00000000
x31: 	0x00000000

0x00000504	0x00000000	Unkown Instruction 

All Registers: 
x0: 	0x00000000
x1: 	0x00000000
x2: 	0x00000000
x3: 	0x00000000
x4: 	0x00000000
x5: 	0x00000000
x6: 	0x00000000
x7: 	0x00000000
x8: 	0x00000000
x9: 	0x00000000
x10: 	0x00000000
x11: 	0x00000000
x12: 	0x00000000
x13: 	0x00000000
x14: 	0x00000000
x15: 	0x00000000
x16: 	0x00000000
x17: 	0x00000000
x18: 	0x00000000
x19: 	0x00000000
x20: 	0x00000000
x21: 	0x00000000
x22: 	0x00000000
x23: 	0x00000000
x24: 	0x00000000
x25: 	0x00000000
x26: 	0x00000000
x27: 	0x00000000
x28: 	0x00000000
x29: 	0x00000000
x30: 	0x00000000
x31: 	0x00000000

0x00000508	0x00000000	Unkown Instruction 

All Registers: 
x0: 	0x00000000
x1: 	0x00000000
x2: 	0x00000000
x3: 	0x00000000
x4: 	0x00000000
x5: 	0x00000000
x6: 	0x00000000
x7: 	0x00000000
x8: 	0x00000000
x9: 	0x00000000
x10: 	0x00000000
x11: 	0x00000000
x12: 	0x00000000
x13: 	0x00000000
x14: 	0x00000000
x15: 	0x00000000
x16: 	0x00000000
x17: 	0x00000000
x18: 	0x00000000
x19: 	0x00000000
x20: 	0x00000000
x21: 	0x00000000
x22: 	0x00000000
x23: 	0x00000000
x24: 	0x00000000
x25: 	0x00000000
x26: 	0x00000000
x27: 	0x00000000
x28: 	0x00000000
x29: 	0x00000000
x30: 	0x00000000
x31: 	0x00000000

0x0000050c	0x00000000	Unkown Instruction 

All Registers: 
x0: 	0x00000000
x1: 	0x00000000
x2: 	0x00000000
x3: 	0x00000000
x4: 	0x00000000
x5: 	0x00000000
x6: 	0x00000000
x7: 	0x00000000
x8: 	0x00000000
x9: 	0x00000000
x10: 	0x00000000
x11: 	0x00000000
x12: 	0x00000000
x13: 	0x00000000
x14: 	0x00000000
x15: 	0x00000000
x16: 	0x00000000
x17: 	0x00000000
x18: 	0x00000000
x19: 	0x00000000
x20: 	0x00000000
x21: 	0x00000000
x22: 	0x00000000
x23: 	0x00000000
x24: 	0x00000000
x25: 	0x00000000
x26: 	0x00000000
x27: 	0x00000000
x28: 	0x00000000
x29: 	0x00000000
x30: 	0x00000000
x31: 	0x00000000

0x00000510	0x00000000	Unkown Instruction 

All Registers: 
x0: 	0x00000000
x1: 	0x00000000
x2: 	0x00000000
x3: 	0x00000000
x4: 	0x00000000
x5: 	0x00000000
x6: 	0x00000000
x7: 	0x00000000
x8: 	0x00000000
x9: 	0x00000000
x10: 	0x00000000
x11: 	0x00000000
x12: 	0x00000000
x13: 	0x00000000
x14: 	0x00000000
x15: 	0x00000000
x16: 	0x00000000
x17: 	0x00000000
x18: 	0x00000000
x19: 	0x00000000
x20: 	0x00000000
x21: 	0x00000000
x22: 	0x00000000
x23: 	0x00000000
x24: 	0x00000000
x25: 	0x00000000
x26: 	0x00000000
x27: 	0x00000000
x28: 	0x00000000
x29: 	0x00000000
x30: 	0x00000000
x31: 	0x00000000

0x00000514	0x00000000	Unkown Instruction 

All Registers: 
x0: 	0x00000000
x1: 	0x00000000
x2: 	0x00000000
x3: 	0x00000000
x4: 	0x00000000
x5: 	0x00000000
x6: 	0x00000000
x7: 	0x00000000
x8: 	0x00000000
x9: 	0x00000000
x10: 	0x00000000
x11: 	0x00000000
x12: 	0x00000000
x13: 	0x00000000
x14: 	0x00000000
x15: 	0x00000000
x16: 	0x00000000
x17: 	0x00000000
x18: 	0x00000000
x19: 	0x00000000
x20: 	0x00000000
x21: 	0x00000000
x22: 	0x00000000
x23: 	0x00000000
x24: 	0x00000000
x25: 	0x00000000
x26: 	0x00000000
x27: 	0x00000000
x28: 	0x00000000
x29: 	0x00000000
x30: 	0x00000000
x31: 	0x00000000

0x00000518	0x00000000	Unkown Instruction 

All Registers: 
x0: 	0x00000000
x1: 	0x00000000
x2: 	0x00000000
x3: 	0x00000000
x4: 	0x00000000
x5: 	0x00000000
x6: 	0x00000000
x7: 	0x00000000
x8: 	0x00000000
x9: 	0x00000000
x10: 	0x00000000
x11: 	0x00000000
x12: 	0x00000000
x13: 	0x00000000
x14: 	0x00000000
x15: 	0x00000000
x16: 	0x00000000
x17: 	0x00000000
x18: 	0x00000000
x19: 	0x00000000
x20: 	0x00000000
x21: 	0x00000000
x22: 	0x00000000
x23: 	0x00000000
x24: 	0x00000000
x25: 	0x00000000
x26: 	0x00000000
x27: 	0x00000000
x28: 	0x00000000
x29: 	0x00000000
x30: 	0x00000000
x31: 	0x00000000

0x0000051c	0x00000000	Unkown Instruction 

All Registers: 
x0: 	0x00000000
x1: 	0x00000000
x2: 	0x00000000
x3: 	0x00000000
x4: 	0x00000000
x5: 	0x00000000
x6: 	0x00000000
x7: 	0x00000000
x8: 	0x00000000
x9: 	0x00000000
x10: 	0x00000000
x11: 	0x00000000
x12: 	0x00000000
x13: 	0x00000000
x14: 	0x00000000
x15: 	0x00000000
x16: 	0x00000000
x17: 	0x00000000
x18: 	0x00000000
x19: 	0x00000000
x20: 	0x00000000
x21: 	0x00000000
x22: 	0x00000000
x23: 	0x00000000
x24: 	0x00000000
x25: 	0x00000000
x26: 	0x00000000
x27: 	0x00000000
x28: 	0x00000000
x29: 	0x00000000
x30: 	0x00000000
x31: 	0x00000000

0x00000520	0x00000000	Unkown Instruction 

All Registers: 
x0: 	0x00000000
x1: 	0x00000000
x2: 	0x00000000
x3: 	0x00000000
x4: 	0x00000000
x5: 	0x00000000
x6: 	0x00000000
x7: 	0x00000000
x8: 	0x00000000
x9: 	0x00000000
x10: 	0x00000000
x11: 	0x00000000
x12: 	0x00000000
x13: 	0x00000000
x14: 	0x00000000
x15: 	0x00000000
x16: 	0x00000000
x17: 	0x00000000
x18: 	0x00000000
x19: 	0x00000000
x20: 	0x00000000
x21: 	0x00000000
x22: 	0x00000000
x23: 	0x00000000
x24: 	0x00000000
x25: 	0x00000000
x26: 	0x00000000
x27: 	0x00000000
x28: 	0x00000000
x29: 	0x00000000
x30: 	0x00000000
x31: 	0x00000000

0x00000524	0x00000000	Unkown Instruction 

All Registers: 
x0: 	0x00000000
x1: 	0x00000000
x2: 	0x00000000
x3: 	0x00000000
x4: 	0x00000000
x5: 	0x00000000
x6: 	0x00000000
x7: 	0x00000000
x8: 	0x00000000
x9: 	0x00000000
x10: 	0x00000000
x11: 	0x00000000
x12: 	0x00000000
x13: 	0x00000000
x14: 	0x00000000
x15: 	0x00000000
x16: 	0x00000000
x17: 	0x00000000
x18: 	0x00000000
x19: 	0x00000000
x20: 	0x00000000
x21: 	0x00000000
x22: 	0x00000000
x23: 	0x00000000
x24: 	0x00000000
x25: 	0x00000000
x26: 	0x00000000
x27: 	0x00000000
x28: 	0x00000000
x29: 	0x00000000
x30: 	0x00000000
x31: 	0x00000000

0x00000528	0x00000000	Unkown Instruction 

All Registers: 
x0: 	0x00000000
x1: 	0x00000000
x2: 	0x00000000
x3: 	0x00000000
x4: 	0x00000000
x5: 	0x00000000
x6: 	0x00000000
x7: 	0x00000000
x8: 	0x00000000
x9: 	0x00000000
x10: 	0x00000000
x11: 	0x00000000
x12: 	0x00000000
x13: 	0x00000000
x14: 	0x00000000
x15: 	0x00000000
x16: 	0x00000000
x17: 	0x00000000
x18: 	0x00000000
x19: 	0x00000000
x20: 	0x00000000
x21: 	0x00000000
x22: 	0x00000000
x23: 	0x00000000
x24: 	0x00000000
x25: 	0x00000000
x26: 	0x00000000
x27: 	0x00000000
x28: 	0x00000000
x29: 	0x00000000
x30: 	0x00000000
x31: 	0x00000000

0x0000052c	0x00000000	Unkown Instruction 

All Registers: 
x0: 	0x00000000
x1: 	0x00000000
x2: 	0x00000000
x3: 	0x00000000
x4: 	0x00000000
x5: 	0x00000000
x6: 	0x00000000
x7: 	0x00000000
x8: 	0x00000000
x9: 	0x00000000
x10: 	0x00000000
x11: 	0x00000000
x12: 	0x00000000
x13: 	0x00000000
x14: 	0x00000000
x15: 	0x00000000
x16: 	0x00000000
x17: 	0x00000000
x18: 	0x00000000
x19: 	0x00000000
x20: 	0x00000000
x21: 	0x00000000
x22: 	0x00000000
x23: 	0x00000000
x24: 	0x00000000
x25: 	0x00000000
x26: 	0x00000000
x27: 	0x00000000
x28: 	0x00000000
x29: 	0x00000000
x30: 	0x00000000
x31: 	0x00000000

0x00000530	0x00000000	Unkown Instruction 

All Registers: 
x0: 	0x00000000
x1: 	0x00000000
x2: 	0x00000000
x3: 	0x00000000
x4: 	0x00000000
x5: 	0x00000000
x6: 	0x00000000
x7: 	0x00000000
x8: 	0x00000000
x9: 	0x00000000
x10: 	0x00000000
x11: 	0x00000000
x12: 	0x00000000
x13: 	0x00000000
x14: 	0x00000000
x15: 	0x00000000
x16: 	0x00000000
x17: 	0x00000000
x18: 	0x00000000
x19: 	0x00000000
x20: 	0x00000000
x21: 	0x00000000
x22: 	0x00000000
x23: 	0x00000000
x24: 	0x00000000
x25: 	0x00000000
x26: 	0x00000000
x27: 	0x00000000
x28: 	0x00000000
x29: 	0x00000000
x30: 	0x00000000
x31: 	0x00000000

0x00000534	0x00000000	Unkown Instruction 

All Registers: 
x0: 	0x00000000
x1: 	0x00000000
x2: 	0x00000000
x3: 	0x00000000
x4: 	0x00000000
x5: 	0x00000000
x6: 	0x00000000
x7: 	0x00000000
x8: 	0x00000000
x9: 	0x00000000
x10: 	0x00000000
x11: 	0x00000000
x12: 	0x00000000
x13: 	0x00000000
x14: 	0x00000000
x15: 	0x00000000
x16: 	0x00000000
x17: 	0x00000000
x18: 	0x00000000
x19: 	0x00000000
x20: 	0x00000000
x21: 	0x00000000
x22: 	0x00000000
x23: 	0x00000000
x24: 	0x00000000
x25: 	0x00000000
x26: 	0x00000000
x27: 	0x00000000
x28: 	0x00000000
x29: 	0x00000000
x30: 	0x00000000
x31: 	0x00000000

0x00000538	0x00000000	Unkown Instruction 

All Registers: 
x0: 	0x00000000
x1: 	0x00000000
x2: 	0x00000000
x3: 	0x00000000
x4: 	0x00000000
x5: 	0x00000000
x6: 	0x00000000
x7: 	0x00000000
x8: 	0x00000000
x9: 	0x00000000
x10: 	0x00000000
x11: 	0x00000000
x12: 	0x00000000
x13: 	0x00000000
x14: 	0x00000000
x15: 	0x00000000
x16: 	0x00000000
x17: 	0x00000000
x18: 	0x00000000
x19: 	0x00000000
x20: 	0x00000000
x21: 	0x00000000
x22: 	0x00000000
x23: 	0x00000000
x24: 	0x00000000
x25: 	0x00000000
x26: 	0x00000000
x27: 	0x00000000
x28: 	0x00000000
x29: 	0x00000000
x30: 	0x00000000
x31: 	0x00000000

0x0000053c	0x00000000	Unkown Instruction 

All Registers: 
x0: 	0x00000000
x1: 	0x00000000
x2: 	0x00000000
x3: 	0x00000000
x4: 	0x00000000
x5: 	0x00000000
x6: 	0x00000000
x7: 	0x00000000
x8: 	0x00000000
x9: 	0x00000000
x10: 	0x00000000
x11: 	0x00000000
x12: 	0x00000000
x13: 	0x00000000
x14: 	0x00000000
x15: 	0x00000000
x16: 	0x00000000
x17: 	0x00000000
x18: 	0x00000000
x19: 	0x00000000
x20: 	0x00000000
x21: 	0x00000000
x22: 	0x00000000
x23: 	0x00000000
x24: 	0x00000000
x25: 	0x00000000
x26: 	0x00000000
x27: 	0x00000000
x28: 	0x00000000
x29: 	0x00000000
x30: 	0x00000000
x31: 	0x00000000

0x00000540	0x00000000	Unkown Instruction 

All Registers: 
x0: 	0x00000000
x1: 	0x00000000
x2: 	0x00000000
x3: 	0x00000000
x4: 	0x00000000
x5: 	0x00000000
x6: 	0x00000000
x7: 	0x00000000
x8: 	0x00000000
x9: 	0x00000000
x10: 	0x00000000
x11: 	0x00000000
x12: 	0x00000000
x13: 	0x00000000
x14: 	0x00000000
x15: 	0x00000000
x16: 	0x00000000
x17: 	0x00000000
x18: 	0x00000000
x19: 	0x00000000
x20: 	0x00000000
x21: 	0x00000000
x22: 	0x00000000
x23: 	0x00000000
x24: 	0x00000000
x25: 	0x00000000
x26: 	0x00000000
x27: 	0x00000000
x28: 	0x00000000
x29: 	0x00000000
x30: 	0x00000000
x31: 	0x00000000

0x00000544	0x00000000	Unkown Instruction 

All Registers: 
x0: 	0x00000000
x1: 	0x00000000
x2: 	0x00000000
x3: 	0x00000000
x4: 	0x00000000
x5: 	0x00000000
x6: 	0x00000000
x7: 	0x00000000
x8: 	0x00000000
x9: 	0x00000000
x10: 	0x00000000
x11: 	0x00000000
x12: 	0x00000000
x13: 	0x00000000
x14: 	0x00000000
x15: 	0x00000000
x16: 	0x00000000
x17: 	0x00000000
x18: 	0x00000000
x19: 	0x00000000
x20: 	0x00000000
x21: 	0x00000000
x22: 	0x00000000
x23: 	0x00000000
x24: 	0x00000000
x25: 	0x00000000
x26: 	0x00000000
x27: 	0x00000000
x28: 	0x00000000
x29: 	0x00000000
x30: 	0x00000000
x31: 	0x00000000

0x00000548	0x00000000	Unkown Instruction 

All Registers: 
x0: 	0x00000000
x1: 	0x00000000
x2: 	0x00000000
x3: 	0x00000000
x4: 	0x00000000
x5: 	0x00000000
x6: 	0x00000000
x7: 	0x00000000
x8: 	0x00000000
x9: 	0x00000000
x10: 	0x00000000
x11: 	0x00000000
x12: 	0x00000000
x13: 	0x00000000
x14: 	0x00000000
x15: 	0x00000000
x16: 	0x00000000
x17: 	0x00000000
x18: 	0x00000000
x19: 	0x00000000
x20: 	0x00000000
x21: 	0x00000000
x22: 	0x00000000
x23: 	0x00000000
x24: 	0x00000000
x25: 	0x00000000
x26: 	0x00000000
x27: 	0x00000000
x28: 	0x00000000
x29: 	0x00000000
x30: 	0x00000000
x31: 	0x00000000

0x0000054c	0x00000000	Unkown Instruction 

All Registers: 
x0: 	0x00000000
x1: 	0x00000000
x2: 	0x00000000
x3: 	0x00000000
x4: 	0x00000000
x5: 	0x00000000
x6: 	0x00000000
x7: 	0x00000000
x8: 	0x00000000
x9: 	0x00000000
x10: 	0x00000000
x11: 	0x00000000
x12: 	0x00000000
x13: 	0x00000000
x14: 	0x00000000
x15: 	0x00000000
x16: 	0x00000000
x17: 	0x00000000
x18: 	0x00000000
x19: 	0x00000000
x20: 	0x00000000
x21: 	0x00000000
x22: 	0x00000000
x23: 	0x00000000
x24: 	0x00000000
x25: 	0x00000000
x26: 	0x00000000
x27: 	0x00000000
x28: 	0x00000000
x29: 	0x00000000
x30: 	0x00000000
x31: 	0x00000000

0x00000550	0x00000000	Unkown Instruction 

All Registers: 
x0: 	0x00000000
x1: 	0x00000000
x2: 	0x00000000
x3: 	0x00000000
x4: 	0x00000000
x5: 	0x00000000
x6: 	0x00000000
x7: 	0x00000000
x8: 	0x00000000
x9: 	0x00000000
x10: 	0x00000000
x11: 	0x00000000
x12: 	0x00000000
x13: 	0x00000000
x14: 	0x00000000
x15: 	0x00000000
x16: 	0x00000000
x17: 	0x00000000
x18: 	0x00000000
x19: 	0x00000000
x20: 	0x00000000
x21: 	0x00000000
x22: 	0x00000000
x23: 	0x00000000
x24: 	0x00000000
x25: 	0x00000000
x26: 	0x00000000
x27: 	0x00000000
x28: 	0x00000000
x29: 	0x00000000
x30: 	0x00000000
x31: 	0x00000000

0x00000554	0x00000000	Unkown Instruction 

All Registers: 
x0: 	0x00000000
x1: 	0x00000000
x2: 	0x00000000
x3: 	0x00000000
x4: 	0x00000000
x5: 	0x00000000
x6: 	0x00000000
x7: 	0x00000000
x8: 	0x00000000
x9: 	0x00000000
x10: 	0x00000000
x11: 	0x00000000
x12: 	0x00000000
x13: 	0x00000000
x14: 	0x00000000
x15: 	0x00000000
x16: 	0x00000000
x17: 	0x00000000
x18: 	0x00000000
x19: 	0x00000000
x20: 	0x00000000
x21: 	0x00000000
x22: 	0x00000000
x23: 	0x00000000
x24: 	0x00000000
x25: 	0x00000000
x26: 	0x00000000
x27: 	0x00000000
x28: 	0x00000000
x29: 	0x00000000
x30: 	0x00000000
x31: 	0x00000000

0x00000558	0x00000000	Unkown Instruction 

All Registers: 
x0: 	0x00000000
x1: 	0x00000000
x2: 	0x00000000
x3: 	0x00000000
x4: 	0x00000000
x5: 	0x00000000
x6: 	0x00000000
x7: 	0x00000000
x8: 	0x00000000
x9: 	0x00000000
x10: 	0x00000000
x11: 	0x00000000
x12: 	0x00000000
x13: 	0x00000000
x14: 	0x00000000
x15: 	0x00000000
x16: 	0x00000000
x17: 	0x00000000
x18: 	0x00000000
x19: 	0x00000000
x20: 	0x00000000
x21: 	0x00000000
x22: 	0x00000000
x23: 	0x00000000
x24: 	0x00000000
x25: 	0x00000000
x26: 	0x00000000
x27: 	0x00000000
x28: 	0x00000000
x29: 	0x00000000
x30: 	0x00000000
x31: 	0x00000000

0x0000055c	0x00000000	Unkown Instruction 

All Registers: 
x0: 	0x00000000
x1: 	0x00000000
x2: 	0x00000000
x3: 	0x00000000
x4: 	0x00000000
x5: 	0x00000000
x6: 	0x00000000
x7: 	0x00000000
x8: 	0x00000000
x9: 	0x00000000
x10: 	0x00000000
x11: 	0x00000000
x12: 	0x00000000
x13: 	0x00000000
x14: 	0x00000000
x15: 	0x00000000
x16: 	0x00000000
x17: 	0x00000000
x18: 	0x00000000
x19: 	0x00000000
x20: 	0x00000000
x21: 	0x00000000
x22: 	0x00000000
x23: 	0x00000000
x24: 	0x00000000
x25: 	0x00000000
x26: 	0x00000000
x27: 	0x00000000
x28: 	0x00000000
x29: 	0x00000000
x30: 	0x00000000
x31: 	0x00000000

0x00000560	0x00000000	Unkown Instruction 

All Registers: 
x0: 	0x00000000
x1: 	0x00000000
x2: 	0x00000000
x3: 	0x00000000
x4: 	0x00000000
x5: 	0x00000000
x6: 	0x00000000
x7: 	0x00000000
x8: 	0x00000000
x9: 	0x00000000
x10: 	0x00000000
x11: 	0x00000000
x12: 	0x00000000
x13: 	0x00000000
x14: 	0x00000000
x15: 	0x00000000
x16: 	0x00000000
x17: 	0x00000000
x18: 	0x00000000
x19: 	0x00000000
x20: 	0x00000000
x21: 	0x00000000
x22: 	0x00000000
x23: 	0x00000000
x24: 	0x00000000
x25: 	0x00000000
x26: 	0x00000000
x27: 	0x00000000
x28: 	0x00000000
x29: 	0x00000000
x30: 	0x00000000
x31: 	0x00000000

0x00000564	0x00000000	Unkown Instruction 

All Registers: 
x0: 	0x00000000
x1: 	0x00000000
x2: 	0x00000000
x3: 	0x00000000
x4: 	0x00000000
x5: 	0x00000000
x6: 	0x00000000
x7: 	0x00000000
x8: 	0x00000000
x9: 	0x00000000
x10: 	0x00000000
x11: 	0x00000000
x12: 	0x00000000
x13: 	0x00000000
x14: 	0x00000000
x15: 	0x00000000
x16: 	0x00000000
x17: 	0x00000000
x18: 	0x00000000
x19: 	0x00000000
x20: 	0x00000000
x21: 	0x00000000
x22: 	0x00000000
x23: 	0x00000000
x24: 	0x00000000
x25: 	0x00000000
x26: 	0x00000000
x27: 	0x00000000
x28: 	0x00000000
x29: 	0x00000000
x30: 	0x00000000
x31: 	0x00000000

0x00000568	0x00000000	Unkown Instruction 

All Registers: 
x0: 	0x00000000
x1: 	0x00000000
x2: 	0x00000000
x3: 	0x00000000
x4: 	0x00000000
x5: 	0x00000000
x6: 	0x00000000
x7: 	0x00000000
x8: 	0x00000000
x9: 	0x00000000
x10: 	0x00000000
x11: 	0x00000000
x12: 	0x00000000
x13: 	0x00000000
x14: 	0x00000000
x15: 	0x00000000
x16: 	0x00000000
x17: 	0x00000000
x18: 	0x00000000
x19: 	0x00000000
x20: 	0x00000000
x21: 	0x00000000
x22: 	0x00000000
x23: 	0x00000000
x24: 	0x00000000
x25: 	0x00000000
x26: 	0x00000000
x27: 	0x00000000
x28: 	0x00000000
x29: 	0x00000000
x30: 	0x00000000
x31: 	0x00000000

0x0000056c	0x00000000	Unkown Instruction 

All Registers: 
x0: 	0x00000000
x1: 	0x00000000
x2: 	0x00000000
x3: 	0x00000000
x4: 	0x00000000
x5: 	0x00000000
x6: 	0x00000000
x7: 	0x00000000
x8: 	0x00000000
x9: 	0x00000000
x10: 	0x00000000
x11: 	0x00000000
x12: 	0x00000000
x13: 	0x00000000
x14: 	0x00000000
x15: 	0x00000000
x16: 	0x00000000
x17: 	0x00000000
x18: 	0x00000000
x19: 	0x00000000
x20: 	0x00000000
x21: 	0x00000000
x22: 	0x00000000
x23: 	0x00000000
x24: 	0x00000000
x25: 	0x00000000
x26: 	0x00000000
x27: 	0x00000000
x28: 	0x00000000
x29: 	0x00000000
x30: 	0x00000000
x31: 	0x00000000

0x00000570	0x00000000	Unkown Instruction 

All Registers: 
x0: 	0x00000000
x1: 	0x00000000
x2: 	0x00000000
x3: 	0x00000000
x4: 	0x00000000
x5: 	0x00000000
x6: 	0x00000000
x7: 	0x00000000
x8: 	0x00000000
x9: 	0x00000000
x10: 	0x00000000
x11: 	0x00000000
x12: 	0x00000000
x13: 	0x00000000
x14: 	0x00000000
x15: 	0x00000000
x16: 	0x00000000
x17: 	0x00000000
x18: 	0x00000000
x19: 	0x00000000
x20: 	0x00000000
x21: 	0x00000000
x22: 	0x00000000
x23: 	0x00000000
x24: 	0x00000000
x25: 	0x00000000
x26: 	0x00000000
x27: 	0x00000000
x28: 	0x00000000
x29: 	0x00000000
x30: 	0x00000000
x31: 	0x00000000

0x00000574	0x00000000	Unkown Instruction 

All Registers: 
x0: 	0x00000000
x1: 	0x00000000
x2: 	0x00000000
x3: 	0x00000000
x4: 	0x00000000
x5: 	0x00000000
x6: 	0x00000000
x7: 	0x00000000
x8: 	0x00000000
x9: 	0x00000000
x10: 	0x00000000
x11: 	0x00000000
x12: 	0x00000000
x13: 	0x00000000
x14: 	0x00000000
x15: 	0x00000000
x16: 	0x00000000
x17: 	0x00000000
x18: 	0x00000000
x19: 	0x00000000
x20: 	0x00000000
x21: 	0x00000000
x22: 	0x00000000
x23: 	0x00000000
x24: 	0x00000000
x25: 	0x00000000
x26: 	0x00000000
x27: 	0x00000000
x28: 	0x00000000
x29: 	0x00000000
x30: 	0x00000000
x31: 	0x00000000

0x00000578	0x00000000	Unkown Instruction 

All Registers: 
x0: 	0x00000000
x1: 	0x00000000
x2: 	0x00000000
x3: 	0x00000000
x4: 	0x00000000
x5: 	0x00000000
x6: 	0x00000000
x7: 	0x00000000
x8: 	0x00000000
x9: 	0x00000000
x10: 	0x00000000
x11: 	0x00000000
x12: 	0x00000000
x13: 	0x00000000
x14: 	0x00000000
x15: 	0x00000000
x16: 	0x00000000
x17: 	0x00000000
x18: 	0x00000000
x19: 	0x00000000
x20: 	0x00000000
x21: 	0x00000000
x22: 	0x00000000
x23: 	0x00000000
x24: 	0x00000000
x25: 	0x00000000
x26: 	0x00000000
x27: 	0x00000000
x28: 	0x00000000
x29: 	0x00000000
x30: 	0x00000000
x31: 	0x00000000

0x0000057c	0x00000000	Unkown Instruction 

All Registers: 
x0: 	0x00000000
x1: 	0x00000000
x2: 	0x00000000
x3: 	0x00000000
x4: 	0x00000000
x5: 	0x00000000
x6: 	0x00000000
x7: 	0x00000000
x8: 	0x00000000
x9: 	0x00000000
x10: 	0x00000000
x11: 	0x00000000
x12: 	0x00000000
x13: 	0x00000000
x14: 	0x00000000
x15: 	0x00000000
x16: 	0x00000000
x17: 	0x00000000
x18: 	0x00000000
x19: 	0x00000000
x20: 	0x00000000
x21: 	0x00000000
x22: 	0x00000000
x23: 	0x00000000
x24: 	0x00000000
x25: 	0x00000000
x26: 	0x00000000
x27: 	0x00000000
x28: 	0x00000000
x29: 	0x00000000
x30: 	0x00000000
x31: 	0x00000000

0x00000580	0x00000000	Unkown Instruction 

All Registers: 
x0: 	0x00000000
x1: 	0x00000000
x2: 	0x00000000
x3: 	0x00000000
x4: 	0x00000000
x5: 	0x00000000
x6: 	0x00000000
x7: 	0x00000000
x8: 	0x00000000
x9: 	0x00000000
x10: 	0x00000000
x11: 	0x00000000
x12: 	0x00000000
x13: 	0x00000000
x14: 	0x00000000
x15: 	0x00000000
x16: 	0x00000000
x17: 	0x00000000
x18: 	0x00000000
x19: 	0x00000000
x20: 	0x00000000
x21: 	0x00000000
x22: 	0x00000000
x23: 	0x00000000
x24: 	0x00000000
x25: 	0x00000000
x26: 	0x00000000
x27: 	0x00000000
x28: 	0x00000000
x29: 	0x00000000
x30: 	0x00000000
x31: 	0x00000000

0x00000584	0x00000000	Unkown Instruction 

All Registers: 
x0: 	0x00000000
x1: 	0x00000000
x2: 	0x00000000
x3: 	0x00000000
x4: 	0x00000000
x5: 	0x00000000
x6: 	0x00000000
x7: 	0x00000000
x8: 	0x00000000
x9: 	0x00000000
x10: 	0x00000000
x11: 	0x00000000
x12: 	0x00000000
x13: 	0x00000000
x14: 	0x00000000
x15: 	0x00000000
x16: 	0x00000000
x17: 	0x00000000
x18: 	0x00000000
x19: 	0x00000000
x20: 	0x00000000
x21: 	0x00000000
x22: 	0x00000000
x23: 	0x00000000
x24: 	0x00000000
x25: 	0x00000000
x26: 	0x00000000
x27: 	0x00000000
x28: 	0x00000000
x29: 	0x00000000
x30: 	0x00000000
x31: 	0x00000000

0x00000588	0x00000000	Unkown Instruction 

All Registers: 
x0: 	0x00000000
x1: 	0x00000000
x2: 	0x00000000
x3: 	0x00000000
x4: 	0x00000000
x5: 	0x00000000
x6: 	0x00000000
x7: 	0x00000000
x8: 	0x00000000
x9: 	0x00000000
x10: 	0x00000000
x11: 	0x00000000
x12: 	0x00000000
x13: 	0x00000000
x14: 	0x00000000
x15: 	0x00000000
x16: 	0x00000000
x17: 	0x00000000
x18: 	0x00000000
x19: 	0x00000000
x20: 	0x00000000
x21: 	0x00000000
x22: 	0x00000000
x23: 	0x00000000
x24: 	0x00000000
x25: 	0x00000000
x26: 	0x00000000
x27: 	0x00000000
x28: 	0x00000000
x29: 	0x00000000
x30: 	0x00000000
x31: 	0x00000000

0x0000058c	0x00000000	Unkown Instruction 

All Registers: 
x0: 	0x00000000
x1: 	0x00000000
x2: 	0x00000000
x3: 	0x00000000
x4: 	0x00000000
x5: 	0x00000000
x6: 	0x00000000
x7: 	0x00000000
x8: 	0x00000000
x9: 	0x00000000
x10: 	0x00000000
x11: 	0x00000000
x12: 	0x00000000
x13: 	0x00000000
x14: 	0x00000000
x15: 	0x00000000
x16: 	0x00000000
x17: 	0x00000000
x18: 	0x00000000
x19: 	0x00000000
x20: 	0x00000000
x21: 	0x00000000
x22: 	0x00000000
x23: 	0x00000000
x24: 	0x00000000
x25: 	0x00000000
x26: 	0x00000000
x27: 	0x00000000
x28: 	0x00000000
x29: 	0x00000000
x30: 	0x00000000
x31: 	0x00000000

0x00000590	0x00000000	Unkown Instruction 

All Registers: 
x0: 	0x00000000
x1: 	0x00000000
x2: 	0x00000000
x3: 	0x00000000
x4: 	0x00000000
x5: 	0x00000000
x6: 	0x00000000
x7: 	0x00000000
x8: 	0x00000000
x9: 	0x00000000
x10: 	0x00000000
x11: 	0x00000000
x12: 	0x00000000
x13: 	0x00000000
x14: 	0x00000000
x15: 	0x00000000
x16: 	0x00000000
x17: 	0x00000000
x18: 	0x00000000
x19: 	0x00000000
x20: 	0x00000000
x21: 	0x00000000
x22: 	0x00000000
x23: 	0x00000000
x24: 	0x00000000
x25: 	0x00000000
x26: 	0x00000000
x27: 	0x00000000
x28: 	0x00000000
x29: 	0x00000000
x30: 	0x00000000
x31: 	0x00000000

0x00000594	0x00000000	Unkown Instruction 

All Registers: 
x0: 	0x00000000
x1: 	0x00000000
x2: 	0x00000000
x3: 	0x00000000
x4: 	0x00000000
x5: 	0x00000000
x6: 	0x00000000
x7: 	0x00000000
x8: 	0x00000000
x9: 	0x00000000
x10: 	0x00000000
x11: 	0x00000000
x12: 	0x00000000
x13: 	0x00000000
x14: 	0x00000000
x15: 	0x00000000
x16: 	0x00000000
x17: 	0x00000000
x18: 	0x00000000
x19: 	0x00000000
x20: 	0x00000000
x21: 	0x00000000
x22: 	0x00000000
x23: 	0x00000000
x24: 	0x00000000
x25: 	0x00000000
x26: 	0x00000000
x27: 	0x00000000
x28: 	0x00000000
x29: 	0x00000000
x30: 	0x00000000
x31: 	0x00000000

0x00000598	0x00000000	Unkown Instruction 

All Registers: 
x0: 	0x00000000
x1: 	0x00000000
x2: 	0x00000000
x3: 	0x00000000
x4: 	0x00000000
x5: 	0x00000000
x6: 	0x00000000
x7: 	0x00000000
x8: 	0x00000000
x9: 	0x00000000
x10: 	0x00000000
x11: 	0x00000000
x12: 	0x00000000
x13: 	0x00000000
x14: 	0x00000000
x15: 	0x00000000
x16: 	0x00000000
x17: 	0x00000000
x18: 	0x00000000
x19: 	0x00000000
x20: 	0x00000000
x21: 	0x00000000
x22: 	0x00000000
x23: 	0x00000000
x24: 	0x00000000
x25: 	0x00000000
x26: 	0x00000000
x27: 	0x00000000
x28: 	0x00000000
x29: 	0x00000000
x30: 	0x00000000
x31: 	0x00000000

0x0000059c	0x00000000	Unkown Instruction 

All Registers: 
x0: 	0x00000000
x1: 	0x00000000
x2: 	0x00000000
x3: 	0x00000000
x4: 	0x00000000
x5: 	0x00000000
x6: 	0x00000000
x7: 	0x00000000
x8: 	0x00000000
x9: 	0x00000000
x10: 	0x00000000
x11: 	0x00000000
x12: 	0x00000000
x13: 	0x00000000
x14: 	0x00000000
x15: 	0x00000000
x16: 	0x00000000
x17: 	0x00000000
x18: 	0x00000000
x19: 	0x00000000
x20: 	0x00000000
x21: 	0x00000000
x22: 	0x00000000
x23: 	0x00000000
x24: 	0x00000000
x25: 	0x00000000
x26: 	0x00000000
x27: 	0x00000000
x28: 	0x00000000
x29: 	0x00000000
x30: 	0x00000000
x31: 	0x00000000

0x000005a0	0x00000000	Unkown Instruction 

All Registers: 
x0: 	0x00000000
x1: 	0x00000000
x2: 	0x00000000
x3: 	0x00000000
x4: 	0x00000000
x5: 	0x00000000
x6: 	0x00000000
x7: 	0x00000000
x8: 	0x00000000
x9: 	0x00000000
x10: 	0x00000000
x11: 	0x00000000
x12: 	0x00000000
x13: 	0x00000000
x14: 	0x00000000
x15: 	0x00000000
x16: 	0x00000000
x17: 	0x00000000
x18: 	0x00000000
x19: 	0x00000000
x20: 	0x00000000
x21: 	0x00000000
x22: 	0x00000000
x23: 	0x00000000
x24: 	0x00000000
x25: 	0x00000000
x26: 	0x00000000
x27: 	0x00000000
x28: 	0x00000000
x29: 	0x00000000
x30: 	0x00000000
x31: 	0x00000000

0x000005a4	0x00000000	Unkown Instruction 

All Registers: 
x0: 	0x00000000
x1: 	0x00000000
x2: 	0x00000000
x3: 	0x00000000
x4: 	0x00000000
x5: 	0x00000000
x6: 	0x00000000
x7: 	0x00000000
x8: 	0x00000000
x9: 	0x00000000
x10: 	0x00000000
x11: 	0x00000000
x12: 	0x00000000
x13: 	0x00000000
x14: 	0x00000000
x15: 	0x00000000
x16: 	0x00000000
x17: 	0x00000000
x18: 	0x00000000
x19: 	0x00000000
x20: 	0x00000000
x21: 	0x00000000
x22: 	0x00000000
x23: 	0x00000000
x24: 	0x00000000
x25: 	0x00000000
x26: 	0x00000000
x27: 	0x00000000
x28: 	0x00000000
x29: 	0x00000000
x30: 	0x00000000
x31: 	0x00000000

0x000005a8	0x00000000	Unkown Instruction 

All Registers: 
x0: 	0x00000000
x1: 	0x00000000
x2: 	0x00000000
x3: 	0x00000000
x4: 	0x00000000
x5: 	0x00000000
x6: 	0x00000000
x7: 	0x00000000
x8: 	0x00000000
x9: 	0x00000000
x10: 	0x00000000
x11: 	0x00000000
x12: 	0x00000000
x13: 	0x00000000
x14: 	0x00000000
x15: 	0x00000000
x16: 	0x00000000
x17: 	0x00000000
x18: 	0x00000000
x19: 	0x00000000
x20: 	0x00000000
x21: 	0x00000000
x22: 	0x00000000
x23: 	0x00000000
x24: 	0x00000000
x25: 	0x00000000
x26: 	0x00000000
x27: 	0x00000000
x28: 	0x00000000
x29: 	0x00000000
x30: 	0x00000000
x31: 	0x00000000

0x000005ac	0x00000000	Unkown Instruction 

All Registers: 
x0: 	0x00000000
x1: 	0x00000000
x2: 	0x00000000
x3: 	0x00000000
x4: 	0x00000000
x5: 	0x00000000
x6: 	0x00000000
x7: 	0x00000000
x8: 	0x00000000
x9: 	0x00000000
x10: 	0x00000000
x11: 	0x00000000
x12: 	0x00000000
x13: 	0x00000000
x14: 	0x00000000
x15: 	0x00000000
x16: 	0x00000000
x17: 	0x00000000
x18: 	0x00000000
x19: 	0x00000000
x20: 	0x00000000
x21: 	0x00000000
x22: 	0x00000000
x23: 	0x00000000
x24: 	0x00000000
x25: 	0x00000000
x26: 	0x00000000
x27: 	0x00000000
x28: 	0x00000000
x29: 	0x00000000
x30: 	0x00000000
x31: 	0x00000000

0x000005b0	0x00000000	Unkown Instruction 

All Registers: 
x0: 	0x00000000
x1: 	0x00000000
x2: 	0x00000000
x3: 	0x00000000
x4: 	0x00000000
x5: 	0x00000000
x6: 	0x00000000
x7: 	0x00000000
x8: 	0x00000000
x9: 	0x00000000
x10: 	0x00000000
x11: 	0x00000000
x12: 	0x00000000
x13: 	0x00000000
x14: 	0x00000000
x15: 	0x00000000
x16: 	0x00000000
x17: 	0x00000000
x18: 	0x00000000
x19: 	0x00000000
x20: 	0x00000000
x21: 	0x00000000
x22: 	0x00000000
x23: 	0x00000000
x24: 	0x00000000
x25: 	0x00000000
x26: 	0x00000000
x27: 	0x00000000
x28: 	0x00000000
x29: 	0x00000000
x30: 	0x00000000
x31: 	0x00000000

0x000005b4	0x00000000	Unkown Instruction 

All Registers: 
x0: 	0x00000000
x1: 	0x00000000
x2: 	0x00000000
x3: 	0x00000000
x4: 	0x00000000
x5: 	0x00000000
x6: 	0x00000000
x7: 	0x00000000
x8: 	0x00000000
x9: 	0x00000000
x10: 	0x00000000
x11: 	0x00000000
x12: 	0x00000000
x13: 	0x00000000
x14: 	0x00000000
x15: 	0x00000000
x16: 	0x00000000
x17: 	0x00000000
x18: 	0x00000000
x19: 	0x00000000
x20: 	0x00000000
x21: 	0x00000000
x22: 	0x00000000
x23: 	0x00000000
x24: 	0x00000000
x25: 	0x00000000
x26: 	0x00000000
x27: 	0x00000000
x28: 	0x00000000
x29: 	0x00000000
x30: 	0x00000000
x31: 	0x00000000

0x000005b8	0x00000000	Unkown Instruction 

All Registers: 
x0: 	0x00000000
x1: 	0x00000000
x2: 	0x00000000
x3: 	0x00000000
x4: 	0x00000000
x5: 	0x00000000
x6: 	0x00000000
x7: 	0x00000000
x8: 	0x00000000
x9: 	0x00000000
x10: 	0x00000000
x11: 	0x00000000
x12: 	0x00000000
x13: 	0x00000000
x14: 	0x00000000
x15: 	0x00000000
x16: 	0x00000000
x17: 	0x00000000
x18: 	0x00000000
x19: 	0x00000000
x20: 	0x00000000
x21: 	0x00000000
x22: 	0x00000000
x23: 	0x00000000
x24: 	0x00000000
x25: 	0x00000000
x26: 	0x00000000
x27: 	0x00000000
x28: 	0x00000000
x29: 	0x00000000
x30: 	0x00000000
x31: 	0x00000000

0x000005bc	0x00000000	Unkown Instruction 

All Registers: 
x0: 	0x00000000
x1: 	0x00000000
x2: 	0x00000000
x3: 	0x00000000
x4: 	0x00000000
x5: 	0x00000000
x6: 	0x00000000
x7: 	0x00000000
x8: 	0x00000000
x9: 	0x00000000
x10: 	0x00000000
x11: 	0x00000000
x12: 	0x00000000
x13: 	0x00000000
x14: 	0x00000000
x15: 	0x00000000
x16: 	0x00000000
x17: 	0x00000000
x18: 	0x00000000
x19: 	0x00000000
x20: 	0x00000000
x21: 	0x00000000
x22: 	0x00000000
x23: 	0x00000000
x24: 	0x00000000
x25: 	0x00000000
x26: 	0x00000000
x27: 	0x00000000
x28: 	0x00000000
x29: 	0x00000000
x30: 	0x00000000
x31: 	0x00000000

0x000005c0	0x00000000	Unkown Instruction 

All Registers: 
x0: 	0x00000000
x1: 	0x00000000
x2: 	0x00000000
x3: 	0x00000000
x4: 	0x00000000
x5: 	0x00000000
x6: 	0x00000000
x7: 	0x00000000
x8: 	0x00000000
x9: 	0x00000000
x10: 	0x00000000
x11: 	0x00000000
x12: 	0x00000000
x13: 	0x00000000
x14: 	0x00000000
x15: 	0x00000000
x16: 	0x00000000
x17: 	0x00000000
x18: 	0x00000000
x19: 	0x00000000
x20: 	0x00000000
x21: 	0x00000000
x22: 	0x00000000
x23: 	0x00000000
x24: 	0x00000000
x25: 	0x00000000
x26: 	0x00000000
x27: 	0x00000000
x28: 	0x00000000
x29: 	0x00000000
x30: 	0x00000000
x31: 	0x00000000

0x000005c4	0x00000000	Unkown Instruction 

All Registers: 
x0: 	0x00000000
x1: 	0x00000000
x2: 	0x00000000
x3: 	0x00000000
x4: 	0x00000000
x5: 	0x00000000
x6: 	0x00000000
x7: 	0x00000000
x8: 	0x00000000
x9: 	0x00000000
x10: 	0x00000000
x11: 	0x00000000
x12: 	0x00000000
x13: 	0x00000000
x14: 	0x00000000
x15: 	0x00000000
x16: 	0x00000000
x17: 	0x00000000
x18: 	0x00000000
x19: 	0x00000000
x20: 	0x00000000
x21: 	0x00000000
x22: 	0x00000000
x23: 	0x00000000
x24: 	0x00000000
x25: 	0x00000000
x26: 	0x00000000
x27: 	0x00000000
x28: 	0x00000000
x29: 	0x00000000
x30: 	0x00000000
x31: 	0x00000000

0x000005c8	0x00000000	Unkown Instruction 

All Registers: 
x0: 	0x00000000
x1: 	0x00000000
x2: 	0x00000000
x3: 	0x00000000
x4: 	0x00000000
x5: 	0x00000000
x6: 	0x00000000
x7: 	0x00000000
x8: 	0x00000000
x9: 	0x00000000
x10: 	0x00000000
x11: 	0x00000000
x12: 	0x00000000
x13: 	0x00000000
x14: 	0x00000000
x15: 	0x00000000
x16: 	0x00000000
x17: 	0x00000000
x18: 	0x00000000
x19: 	0x00000000
x20: 	0x00000000
x21: 	0x00000000
x22: 	0x00000000
x23: 	0x00000000
x24: 	0x00000000
x25: 	0x00000000
x26: 	0x00000000
x27: 	0x00000000
x28: 	0x00000000
x29: 	0x00000000
x30: 	0x00000000
x31: 	0x00000000

0x000005cc	0x00000000	Unkown Instruction 

All Registers: 
x0: 	0x00000000
x1: 	0x00000000
x2: 	0x00000000
x3: 	0x00000000
x4: 	0x00000000
x5: 	0x00000000
x6: 	0x00000000
x7: 	0x00000000
x8: 	0x00000000
x9: 	0x00000000
x10: 	0x00000000
x11: 	0x00000000
x12: 	0x00000000
x13: 	0x00000000
x14: 	0x00000000
x15: 	0x00000000
x16: 	0x00000000
x17: 	0x00000000
x18: 	0x00000000
x19: 	0x00000000
x20: 	0x00000000
x21: 	0x00000000
x22: 	0x00000000
x23: 	0x00000000
x24: 	0x00000000
x25: 	0x00000000
x26: 	0x00000000
x27: 	0x00000000
x28: 	0x00000000
x29: 	0x00000000
x30: 	0x00000000
x31: 	0x00000000

0x000005d0	0x00000000	Unkown Instruction 

All Registers: 
x0: 	0x00000000
x1: 	0x00000000
x2: 	0x00000000
x3: 	0x00000000
x4: 	0x00000000
x5: 	0x00000000
x6: 	0x00000000
x7: 	0x00000000
x8: 	0x00000000
x9: 	0x00000000
x10: 	0x00000000
x11: 	0x00000000
x12: 	0x00000000
x13: 	0x00000000
x14: 	0x00000000
x15: 	0x00000000
x16: 	0x00000000
x17: 	0x00000000
x18: 	0x00000000
x19: 	0x00000000
x20: 	0x00000000
x21: 	0x00000000
x22: 	0x00000000
x23: 	0x00000000
x24: 	0x00000000
x25: 	0x00000000
x26: 	0x00000000
x27: 	0x00000000
x28: 	0x00000000
x29: 	0x00000000
x30: 	0x00000000
x31: 	0x00000000

0x000005d4	0x00000000	Unkown Instruction 

All Registers: 
x0: 	0x00000000
x1: 	0x00000000
x2: 	0x00000000
x3: 	0x00000000
x4: 	0x00000000
x5: 	0x00000000
x6: 	0x00000000
x7: 	0x00000000
x8: 	0x00000000
x9: 	0x00000000
x10: 	0x00000000
x11: 	0x00000000
x12: 	0x00000000
x13: 	0x00000000
x14: 	0x00000000
x15: 	0x00000000
x16: 	0x00000000
x17: 	0x00000000
x18: 	0x00000000
x19: 	0x00000000
x20: 	0x00000000
x21: 	0x00000000
x22: 	0x00000000
x23: 	0x00000000
x24: 	0x00000000
x25: 	0x00000000
x26: 	0x00000000
x27: 	0x00000000
x28: 	0x00000000
x29: 	0x00000000
x30: 	0x00000000
x31: 	0x00000000

0x000005d8	0x00000000	Unkown Instruction 

All Registers: 
x0: 	0x00000000
x1: 	0x00000000
x2: 	0x00000000
x3: 	0x00000000
x4: 	0x00000000
x5: 	0x00000000
x6: 	0x00000000
x7: 	0x00000000
x8: 	0x00000000
x9: 	0x00000000
x10: 	0x00000000
x11: 	0x00000000
x12: 	0x00000000
x13: 	0x00000000
x14: 	0x00000000
x15: 	0x00000000
x16: 	0x00000000
x17: 	0x00000000
x18: 	0x00000000
x19: 	0x00000000
x20: 	0x00000000
x21: 	0x00000000
x22: 	0x00000000
x23: 	0x00000000
x24: 	0x00000000
x25: 	0x00000000
x26: 	0x00000000
x27: 	0x00000000
x28: 	0x00000000
x29: 	0x00000000
x30: 	0x00000000
x31: 	0x00000000

0x000005dc	0x00000000	Unkown Instruction 

All Registers: 
x0: 	0x00000000
x1: 	0x00000000
x2: 	0x00000000
x3: 	0x00000000
x4: 	0x00000000
x5: 	0x00000000
x6: 	0x00000000
x7: 	0x00000000
x8: 	0x00000000
x9: 	0x00000000
x10: 	0x00000000
x11: 	0x00000000
x12: 	0x00000000
x13: 	0x00000000
x14: 	0x00000000
x15: 	0x00000000
x16: 	0x00000000
x17: 	0x00000000
x18: 	0x00000000
x19: 	0x00000000
x20: 	0x00000000
x21: 	0x00000000
x22: 	0x00000000
x23: 	0x00000000
x24: 	0x00000000
x25: 	0x00000000
x26: 	0x00000000
x27: 	0x00000000
x28: 	0x00000000
x29: 	0x00000000
x30: 	0x00000000
x31: 	0x00000000

0x000005e0	0x00000000	Unkown Instruction 

All Registers: 
x0: 	0x00000000
x1: 	0x00000000
x2: 	0x00000000
x3: 	0x00000000
x4: 	0x00000000
x5: 	0x00000000
x6: 	0x00000000
x7: 	0x00000000
x8: 	0x00000000
x9: 	0x00000000
x10: 	0x00000000
x11: 	0x00000000
x12: 	0x00000000
x13: 	0x00000000
x14: 	0x00000000
x15: 	0x00000000
x16: 	0x00000000
x17: 	0x00000000
x18: 	0x00000000
x19: 	0x00000000
x20: 	0x00000000
x21: 	0x00000000
x22: 	0x00000000
x23: 	0x00000000
x24: 	0x00000000
x25: 	0x00000000
x26: 	0x00000000
x27: 	0x00000000
x28: 	0x00000000
x29: 	0x00000000
x30: 	0x00000000
x31: 	0x00000000

0x000005e4	0x00000000	Unkown Instruction 

All Registers: 
x0: 	0x00000000
x1: 	0x00000000
x2: 	0x00000000
x3: 	0x00000000
x4: 	0x00000000
x5: 	0x00000000
x6: 	0x00000000
x7: 	0x00000000
x8: 	0x00000000
x9: 	0x00000000
x10: 	0x00000000
x11: 	0x00000000
x12: 	0x00000000
x13: 	0x00000000
x14: 	0x00000000
x15: 	0x00000000
x16: 	0x00000000
x17: 	0x00000000
x18: 	0x00000000
x19: 	0x00000000
x20: 	0x00000000
x21: 	0x00000000
x22: 	0x00000000
x23: 	0x00000000
x24: 	0x00000000
x25: 	0x00000000
x26: 	0x00000000
x27: 	0x00000000
x28: 	0x00000000
x29: 	0x00000000
x30: 	0x00000000
x31: 	0x00000000

0x000005e8	0x00000000	Unkown Instruction 

All Registers: 
x0: 	0x00000000
x1: 	0x00000000
x2: 	0x00000000
x3: 	0x00000000
x4: 	0x00000000
x5: 	0x00000000
x6: 	0x00000000
x7: 	0x00000000
x8: 	0x00000000
x9: 	0x00000000
x10: 	0x00000000
x11: 	0x00000000
x12: 	0x00000000
x13: 	0x00000000
x14: 	0x00000000
x15: 	0x00000000
x16: 	0x00000000
x17: 	0x00000000
x18: 	0x00000000
x19: 	0x00000000
x20: 	0x00000000
x21: 	0x00000000
x22: 	0x00000000
x23: 	0x00000000
x24: 	0x00000000
x25: 	0x00000000
x26: 	0x00000000
x27: 	0x00000000
x28: 	0x00000000
x29: 	0x00000000
x30: 	0x00000000
x31: 	0x00000000

0x000005ec	0x00000000	Unkown Instruction 

All Registers: 
x0: 	0x00000000
x1: 	0x00000000
x2: 	0x00000000
x3: 	0x00000000
x4: 	0x00000000
x5: 	0x00000000
x6: 	0x00000000
x7: 	0x00000000
x8: 	0x00000000
x9: 	0x00000000
x10: 	0x00000000
x11: 	0x00000000
x12: 	0x00000000
x13: 	0x00000000
x14: 	0x00000000
x15: 	0x00000000
x16: 	0x00000000
x17: 	0x00000000
x18: 	0x00000000
x19: 	0x00000000
x20: 	0x00000000
x21: 	0x00000000
x22: 	0x00000000
x23: 	0x00000000
x24: 	0x00000000
x25: 	0x00000000
x26: 	0x00000000
x27: 	0x00000000
x28: 	0x00000000
x29: 	0x00000000
x30: 	0x00000000
x31: 	0x00000000

0x000005f0	0x00000000	Unkown Instruction 

All Registers: 
x0: 	0x00000000
x1: 	0x00000000
x2: 	0x00000000
x3: 	0x00000000
x4: 	0x00000000
x5: 	0x00000000
x6: 	0x00000000
x7: 	0x00000000
x8: 	0x00000000
x9: 	0x00000000
x10: 	0x00000000
x11: 	0x00000000
x12: 	0x00000000
x13: 	0x00000000
x14: 	0x00000000
x15: 	0x00000000
x16: 	0x00000000
x17: 	0x00000000
x18: 	0x00000000
x19: 	0x00000000
x20: 	0x00000000
x21: 	0x00000000
x22: 	0x00000000
x23: 	0x00000000
x24: 	0x00000000
x25: 	0x00000000
x26: 	0x00000000
x27: 	0x00000000
x28: 	0x00000000
x29: 	0x00000000
x30: 	0x00000000
x31: 	0x00000000

0x000005f4	0x00000000	Unkown Instruction 

All Registers: 
x0: 	0x00000000
x1: 	0x00000000
x2: 	0x00000000
x3: 	0x00000000
x4: 	0x00000000
x5: 	0x00000000
x6: 	0x00000000
x7: 	0x00000000
x8: 	0x00000000
x9: 	0x00000000
x10: 	0x00000000
x11: 	0x00000000
x12: 	0x00000000
x13: 	0x00000000
x14: 	0x00000000
x15: 	0x00000000
x16: 	0x00000000
x17: 	0x00000000
x18: 	0x00000000
x19: 	0x00000000
x20: 	0x00000000
x21: 	0x00000000
x22: 	0x00000000
x23: 	0x00000000
x24: 	0x00000000
x25: 	0x00000000
x26: 	0x00000000
x27: 	0x00000000
x28: 	0x00000000
x29: 	0x00000000
x30: 	0x00000000
x31: 	0x00000000

0x000005f8	0x00000000	Unkown Instruction 

All Registers: 
x0: 	0x00000000
x1: 	0x00000000
x2: 	0x00000000
x3: 	0x00000000
x4: 	0x00000000
x5: 	0x00000000
x6: 	0x00000000
x7: 	0x00000000
x8: 	0x00000000
x9: 	0x00000000
x10: 	0x00000000
x11: 	0x00000000
x12: 	0x00000000
x13: 	0x00000000
x14: 	0x00000000
x15: 	0x00000000
x16: 	0x00000000
x17: 	0x00000000
x18: 	0x00000000
x19: 	0x00000000
x20: 	0x00000000
x21: 	0x00000000
x22: 	0x00000000
x23: 	0x00000000
x24: 	0x00000000
x25: 	0x00000000
x26: 	0x00000000
x27: 	0x00000000
x28: 	0x00000000
x29: 	0x00000000
x30: 	0x00000000
x31: 	0x00000000

0x000005fc	0x00000000	Unkown Instruction 

All Registers: 
x0: 	0x00000000
x1: 	0x00000000
x2: 	0x00000000
x3: 	0x00000000
x4: 	0x00000000
x5: 	0x00000000
x6: 	0x00000000
x7: 	0x00000000
x8: 	0x00000000
x9: 	0x00000000
x10: 	0x00000000
x11: 	0x00000000
x12: 	0x00000000
x13: 	0x00000000
x14: 	0x00000000
x15: 	0x00000000
x16: 	0x00000000
x17: 	0x00000000
x18: 	0x00000000
x19: 	0x00000000
x20: 	0x00000000
x21: 	0x00000000
x22: 	0x00000000
x23: 	0x00000000
x24: 	0x00000000
x25: 	0x00000000
x26: 	0x00000000
x27: 	0x00000000
x28: 	0x00000000
x29: 	0x00000000
x30: 	0x00000000
x31: 	0x00000000

0x00000600	0x00000000	Unkown Instruction 

All Registers: 
x0: 	0x00000000
x1: 	0x00000000
x2: 	0x00000000
x3: 	0x00000000
x4: 	0x00000000
x5: 	0x00000000
x6: 	0x00000000
x7: 	0x00000000
x8: 	0x00000000
x9: 	0x00000000
x10: 	0x00000000
x11: 	0x00000000
x12: 	0x00000000
x13: 	0x00000000
x14: 	0x00000000
x15: 	0x00000000
x16: 	0x00000000
x17: 	0x00000000
x18: 	0x00000000
x19: 	0x00000000
x20: 	0x00000000
x21: 	0x00000000
x22: 	0x00000000
x23: 	0x00000000
x24: 	0x00000000
x25: 	0x00000000
x26: 	0x00000000
x27: 	0x00000000
x28: 	0x00000000
x29: 	0x00000000
x30: 	0x00000000
x31: 	0x00000000

0x00000604	0x00000000	Unkown Instruction 

All Registers: 
x0: 	0x00000000
x1: 	0x00000000
x2: 	0x00000000
x3: 	0x00000000
x4: 	0x00000000
x5: 	0x00000000
x6: 	0x00000000
x7: 	0x00000000
x8: 	0x00000000
x9: 	0x00000000
x10: 	0x00000000
x11: 	0x00000000
x12: 	0x00000000
x13: 	0x00000000
x14: 	0x00000000
x15: 	0x00000000
x16: 	0x00000000
x17: 	0x00000000
x18: 	0x00000000
x19: 	0x00000000
x20: 	0x00000000
x21: 	0x00000000
x22: 	0x00000000
x23: 	0x00000000
x24: 	0x00000000
x25: 	0x00000000
x26: 	0x00000000
x27: 	0x00000000
x28: 	0x00000000
x29: 	0x00000000
x30: 	0x00000000
x31: 	0x00000000

0x00000608	0x00000000	Unkown Instruction 

All Registers: 
x0: 	0x00000000
x1: 	0x00000000
x2: 	0x00000000
x3: 	0x00000000
x4: 	0x00000000
x5: 	0x00000000
x6: 	0x00000000
x7: 	0x00000000
x8: 	0x00000000
x9: 	0x00000000
x10: 	0x00000000
x11: 	0x00000000
x12: 	0x00000000
x13: 	0x00000000
x14: 	0x00000000
x15: 	0x00000000
x16: 	0x00000000
x17: 	0x00000000
x18: 	0x00000000
x19: 	0x00000000
x20: 	0x00000000
x21: 	0x00000000
x22: 	0x00000000
x23: 	0x00000000
x24: 	0x00000000
x25: 	0x00000000
x26: 	0x00000000
x27: 	0x00000000
x28: 	0x00000000
x29: 	0x00000000
x30: 	0x00000000
x31: 	0x00000000

0x0000060c	0x00000000	Unkown Instruction 

All Registers: 
x0: 	0x00000000
x1: 	0x00000000
x2: 	0x00000000
x3: 	0x00000000
x4: 	0x00000000
x5: 	0x00000000
x6: 	0x00000000
x7: 	0x00000000
x8: 	0x00000000
x9: 	0x00000000
x10: 	0x00000000
x11: 	0x00000000
x12: 	0x00000000
x13: 	0x00000000
x14: 	0x00000000
x15: 	0x00000000
x16: 	0x00000000
x17: 	0x00000000
x18: 	0x00000000
x19: 	0x00000000
x20: 	0x00000000
x21: 	0x00000000
x22: 	0x00000000
x23: 	0x00000000
x24: 	0x00000000
x25: 	0x00000000
x26: 	0x00000000
x27: 	0x00000000
x28: 	0x00000000
x29: 	0x00000000
x30: 	0x00000000
x31: 	0x00000000

0x00000610	0x00000000	Unkown Instruction 

All Registers: 
x0: 	0x00000000
x1: 	0x00000000
x2: 	0x00000000
x3: 	0x00000000
x4: 	0x00000000
x5: 	0x00000000
x6: 	0x00000000
x7: 	0x00000000
x8: 	0x00000000
x9: 	0x00000000
x10: 	0x00000000
x11: 	0x00000000
x12: 	0x00000000
x13: 	0x00000000
x14: 	0x00000000
x15: 	0x00000000
x16: 	0x00000000
x17: 	0x00000000
x18: 	0x00000000
x19: 	0x00000000
x20: 	0x00000000
x21: 	0x00000000
x22: 	0x00000000
x23: 	0x00000000
x24: 	0x00000000
x25: 	0x00000000
x26: 	0x00000000
x27: 	0x00000000
x28: 	0x00000000
x29: 	0x00000000
x30: 	0x00000000
x31: 	0x00000000

0x00000614	0x00000000	Unkown Instruction 

All Registers: 
x0: 	0x00000000
x1: 	0x00000000
x2: 	0x00000000
x3: 	0x00000000
x4: 	0x00000000
x5: 	0x00000000
x6: 	0x00000000
x7: 	0x00000000
x8: 	0x00000000
x9: 	0x00000000
x10: 	0x00000000
x11: 	0x00000000
x12: 	0x00000000
x13: 	0x00000000
x14: 	0x00000000
x15: 	0x00000000
x16: 	0x00000000
x17: 	0x00000000
x18: 	0x00000000
x19: 	0x00000000
x20: 	0x00000000
x21: 	0x00000000
x22: 	0x00000000
x23: 	0x00000000
x24: 	0x00000000
x25: 	0x00000000
x26: 	0x00000000
x27: 	0x00000000
x28: 	0x00000000
x29: 	0x00000000
x30: 	0x00000000
x31: 	0x00000000

0x00000618	0x00000000	Unkown Instruction 

All Registers: 
x0: 	0x00000000
x1: 	0x00000000
x2: 	0x00000000
x3: 	0x00000000
x4: 	0x00000000
x5: 	0x00000000
x6: 	0x00000000
x7: 	0x00000000
x8: 	0x00000000
x9: 	0x00000000
x10: 	0x00000000
x11: 	0x00000000
x12: 	0x00000000
x13: 	0x00000000
x14: 	0x00000000
x15: 	0x00000000
x16: 	0x00000000
x17: 	0x00000000
x18: 	0x00000000
x19: 	0x00000000
x20: 	0x00000000
x21: 	0x00000000
x22: 	0x00000000
x23: 	0x00000000
x24: 	0x00000000
x25: 	0x00000000
x26: 	0x00000000
x27: 	0x00000000
x28: 	0x00000000
x29: 	0x00000000
x30: 	0x00000000
x31: 	0x00000000

0x0000061c	0x00000000	Unkown Instruction 

All Registers: 
x0: 	0x00000000
x1: 	0x00000000
x2: 	0x00000000
x3: 	0x00000000
x4: 	0x00000000
x5: 	0x00000000
x6: 	0x00000000
x7: 	0x00000000
x8: 	0x00000000
x9: 	0x00000000
x10: 	0x00000000
x11: 	0x00000000
x12: 	0x00000000
x13: 	0x00000000
x14: 	0x00000000
x15: 	0x00000000
x16: 	0x00000000
x17: 	0x00000000
x18: 	0x00000000
x19: 	0x00000000
x20: 	0x00000000
x21: 	0x00000000
x22: 	0x00000000
x23: 	0x00000000
x24: 	0x00000000
x25: 	0x00000000
x26: 	0x00000000
x27: 	0x00000000
x28: 	0x00000000
x29: 	0x00000000
x30: 	0x00000000
x31: 	0x00000000

0x00000620	0x00000000	Unkown Instruction 

All Registers: 
x0: 	0x00000000
x1: 	0x00000000
x2: 	0x00000000
x3: 	0x00000000
x4: 	0x00000000
x5: 	0x00000000
x6: 	0x00000000
x7: 	0x00000000
x8: 	0x00000000
x9: 	0x00000000
x10: 	0x00000000
x11: 	0x00000000
x12: 	0x00000000
x13: 	0x00000000
x14: 	0x00000000
x15: 	0x00000000
x16: 	0x00000000
x17: 	0x00000000
x18: 	0x00000000
x19: 	0x00000000
x20: 	0x00000000
x21: 	0x00000000
x22: 	0x00000000
x23: 	0x00000000
x24: 	0x00000000
x25: 	0x00000000
x26: 	0x00000000
x27: 	0x00000000
x28: 	0x00000000
x29: 	0x00000000
x30: 	0x00000000
x31: 	0x00000000

0x00000624	0x00000000	Unkown Instruction 

All Registers: 
x0: 	0x00000000
x1: 	0x00000000
x2: 	0x00000000
x3: 	0x00000000
x4: 	0x00000000
x5: 	0x00000000
x6: 	0x00000000
x7: 	0x00000000
x8: 	0x00000000
x9: 	0x00000000
x10: 	0x00000000
x11: 	0x00000000
x12: 	0x00000000
x13: 	0x00000000
x14: 	0x00000000
x15: 	0x00000000
x16: 	0x00000000
x17: 	0x00000000
x18: 	0x00000000
x19: 	0x00000000
x20: 	0x00000000
x21: 	0x00000000
x22: 	0x00000000
x23: 	0x00000000
x24: 	0x00000000
x25: 	0x00000000
x26: 	0x00000000
x27: 	0x00000000
x28: 	0x00000000
x29: 	0x00000000
x30: 	0x00000000
x31: 	0x00000000

0x00000628	0x00000000	Unkown Instruction 

All Registers: 
x0: 	0x00000000
x1: 	0x00000000
x2: 	0x00000000
x3: 	0x00000000
x4: 	0x00000000
x5: 	0x00000000
x6: 	0x00000000
x7: 	0x00000000
x8: 	0x00000000
x9: 	0x00000000
x10: 	0x00000000
x11: 	0x00000000
x12: 	0x00000000
x13: 	0x00000000
x14: 	0x00000000
x15: 	0x00000000
x16: 	0x00000000
x17: 	0x00000000
x18: 	0x00000000
x19: 	0x00000000
x20: 	0x00000000
x21: 	0x00000000
x22: 	0x00000000
x23: 	0x00000000
x24: 	0x00000000
x25: 	0x00000000
x26: 	0x00000000
x27: 	0x00000000
x28: 	0x00000000
x29: 	0x00000000
x30: 	0x00000000
x31: 	0x00000000

0x0000062c	0x00000000	Unkown Instruction 

All Registers: 
x0: 	0x00000000
x1: 	0x00000000
x2: 	0x00000000
x3: 	0x00000000
x4: 	0x00000000
x5: 	0x00000000
x6: 	0x00000000
x7: 	0x00000000
x8: 	0x00000000
x9: 	0x00000000
x10: 	0x00000000
x11: 	0x00000000
x12: 	0x00000000
x13: 	0x00000000
x14: 	0x00000000
x15: 	0x00000000
x16: 	0x00000000
x17: 	0x00000000
x18: 	0x00000000
x19: 	0x00000000
x20: 	0x00000000
x21: 	0x00000000
x22: 	0x00000000
x23: 	0x00000000
x24: 	0x00000000
x25: 	0x00000000
x26: 	0x00000000
x27: 	0x00000000
x28: 	0x00000000
x29: 	0x00000000
x30: 	0x00000000
x31: 	0x00000000

0x00000630	0x00000000	Unkown Instruction 

All Registers: 
x0: 	0x00000000
x1: 	0x00000000
x2: 	0x00000000
x3: 	0x00000000
x4: 	0x00000000
x5: 	0x00000000
x6: 	0x00000000
x7: 	0x00000000
x8: 	0x00000000
x9: 	0x00000000
x10: 	0x00000000
x11: 	0x00000000
x12: 	0x00000000
x13: 	0x00000000
x14: 	0x00000000
x15: 	0x00000000
x16: 	0x00000000
x17: 	0x00000000
x18: 	0x00000000
x19: 	0x00000000
x20: 	0x00000000
x21: 	0x00000000
x22: 	0x00000000
x23: 	0x00000000
x24: 	0x00000000
x25: 	0x00000000
x26: 	0x00000000
x27: 	0x00000000
x28: 	0x00000000
x29: 	0x00000000
x30: 	0x00000000
x31: 	0x00000000

0x00000634	0x00000000	Unkown Instruction 

All Registers: 
x0: 	0x00000000
x1: 	0x00000000
x2: 	0x00000000
x3: 	0x00000000
x4: 	0x00000000
x5: 	0x00000000
x6: 	0x00000000
x7: 	0x00000000
x8: 	0x00000000
x9: 	0x00000000
x10: 	0x00000000
x11: 	0x00000000
x12: 	0x00000000
x13: 	0x00000000
x14: 	0x00000000
x15: 	0x00000000
x16: 	0x00000000
x17: 	0x00000000
x18: 	0x00000000
x19: 	0x00000000
x20: 	0x00000000
x21: 	0x00000000
x22: 	0x00000000
x23: 	0x00000000
x24: 	0x00000000
x25: 	0x00000000
x26: 	0x00000000
x27: 	0x00000000
x28: 	0x00000000
x29: 	0x00000000
x30: 	0x00000000
x31: 	0x00000000

0x00000638	0x00000000	Unkown Instruction 

All Registers: 
x0: 	0x00000000
x1: 	0x00000000
x2: 	0x00000000
x3: 	0x00000000
x4: 	0x00000000
x5: 	0x00000000
x6: 	0x00000000
x7: 	0x00000000
x8: 	0x00000000
x9: 	0x00000000
x10: 	0x00000000
x11: 	0x00000000
x12: 	0x00000000
x13: 	0x00000000
x14: 	0x00000000
x15: 	0x00000000
x16: 	0x00000000
x17: 	0x00000000
x18: 	0x00000000
x19: 	0x00000000
x20: 	0x00000000
x21: 	0x00000000
x22: 	0x00000000
x23: 	0x00000000
x24: 	0x00000000
x25: 	0x00000000
x26: 	0x00000000
x27: 	0x00000000
x28: 	0x00000000
x29: 	0x00000000
x30: 	0x00000000
x31: 	0x00000000

0x0000063c	0x00000000	Unkown Instruction 

All Registers: 
x0: 	0x00000000
x1: 	0x00000000
x2: 	0x00000000
x3: 	0x00000000
x4: 	0x00000000
x5: 	0x00000000
x6: 	0x00000000
x7: 	0x00000000
x8: 	0x00000000
x9: 	0x00000000
x10: 	0x00000000
x11: 	0x00000000
x12: 	0x00000000
x13: 	0x00000000
x14: 	0x00000000
x15: 	0x00000000
x16: 	0x00000000
x17: 	0x00000000
x18: 	0x00000000
x19: 	0x00000000
x20: 	0x00000000
x21: 	0x00000000
x22: 	0x00000000
x23: 	0x00000000
x24: 	0x00000000
x25: 	0x00000000
x26: 	0x00000000
x27: 	0x00000000
x28: 	0x00000000
x29: 	0x00000000
x30: 	0x00000000
x31: 	0x00000000

0x00000640	0x00000000	Unkown Instruction 

All Registers: 
x0: 	0x00000000
x1: 	0x00000000
x2: 	0x00000000
x3: 	0x00000000
x4: 	0x00000000
x5: 	0x00000000
x6: 	0x00000000
x7: 	0x00000000
x8: 	0x00000000
x9: 	0x00000000
x10: 	0x00000000
x11: 	0x00000000
x12: 	0x00000000
x13: 	0x00000000
x14: 	0x00000000
x15: 	0x00000000
x16: 	0x00000000
x17: 	0x00000000
x18: 	0x00000000
x19: 	0x00000000
x20: 	0x00000000
x21: 	0x00000000
x22: 	0x00000000
x23: 	0x00000000
x24: 	0x00000000
x25: 	0x00000000
x26: 	0x00000000
x27: 	0x00000000
x28: 	0x00000000
x29: 	0x00000000
x30: 	0x00000000
x31: 	0x00000000

0x00000644	0x00000000	Unkown Instruction 

All Registers: 
x0: 	0x00000000
x1: 	0x00000000
x2: 	0x00000000
x3: 	0x00000000
x4: 	0x00000000
x5: 	0x00000000
x6: 	0x00000000
x7: 	0x00000000
x8: 	0x00000000
x9: 	0x00000000
x10: 	0x00000000
x11: 	0x00000000
x12: 	0x00000000
x13: 	0x00000000
x14: 	0x00000000
x15: 	0x00000000
x16: 	0x00000000
x17: 	0x00000000
x18: 	0x00000000
x19: 	0x00000000
x20: 	0x00000000
x21: 	0x00000000
x22: 	0x00000000
x23: 	0x00000000
x24: 	0x00000000
x25: 	0x00000000
x26: 	0x00000000
x27: 	0x00000000
x28: 	0x00000000
x29: 	0x00000000
x30: 	0x00000000
x31: 	0x00000000

0x00000648	0x00000000	Unkown Instruction 

All Registers: 
x0: 	0x00000000
x1: 	0x00000000
x2: 	0x00000000
x3: 	0x00000000
x4: 	0x00000000
x5: 	0x00000000
x6: 	0x00000000
x7: 	0x00000000
x8: 	0x00000000
x9: 	0x00000000
x10: 	0x00000000
x11: 	0x00000000
x12: 	0x00000000
x13: 	0x00000000
x14: 	0x00000000
x15: 	0x00000000
x16: 	0x00000000
x17: 	0x00000000
x18: 	0x00000000
x19: 	0x00000000
x20: 	0x00000000
x21: 	0x00000000
x22: 	0x00000000
x23: 	0x00000000
x24: 	0x00000000
x25: 	0x00000000
x26: 	0x00000000
x27: 	0x00000000
x28: 	0x00000000
x29: 	0x00000000
x30: 	0x00000000
x31: 	0x00000000

0x0000064c	0x00000000	Unkown Instruction 

All Registers: 
x0: 	0x00000000
x1: 	0x00000000
x2: 	0x00000000
x3: 	0x00000000
x4: 	0x00000000
x5: 	0x00000000
x6: 	0x00000000
x7: 	0x00000000
x8: 	0x00000000
x9: 	0x00000000
x10: 	0x00000000
x11: 	0x00000000
x12: 	0x00000000
x13: 	0x00000000
x14: 	0x00000000
x15: 	0x00000000
x16: 	0x00000000
x17: 	0x00000000
x18: 	0x00000000
x19: 	0x00000000
x20: 	0x00000000
x21: 	0x00000000
x22: 	0x00000000
x23: 	0x00000000
x24: 	0x00000000
x25: 	0x00000000
x26: 	0x00000000
x27: 	0x00000000
x28: 	0x00000000
x29: 	0x00000000
x30: 	0x00000000
x31: 	0x00000000

0x00000650	0x00000000	Unkown Instruction 

All Registers: 
x0: 	0x00000000
x1: 	0x00000000
x2: 	0x00000000
x3: 	0x00000000
x4: 	0x00000000
x5: 	0x00000000
x6: 	0x00000000
x7: 	0x00000000
x8: 	0x00000000
x9: 	0x00000000
x10: 	0x00000000
x11: 	0x00000000
x12: 	0x00000000
x13: 	0x00000000
x14: 	0x00000000
x15: 	0x00000000
x16: 	0x00000000
x17: 	0x00000000
x18: 	0x00000000
x19: 	0x00000000
x20: 	0x00000000
x21: 	0x00000000
x22: 	0x00000000
x23: 	0x00000000
x24: 	0x00000000
x25: 	0x00000000
x26: 	0x00000000
x27: 	0x00000000
x28: 	0x00000000
x29: 	0x00000000
x30: 	0x00000000
x31: 	0x00000000

0x00000654	0x00000000	Unkown Instruction 

All Registers: 
x0: 	0x00000000
x1: 	0x00000000
x2: 	0x00000000
x3: 	0x00000000
x4: 	0x00000000
x5: 	0x00000000
x6: 	0x00000000
x7: 	0x00000000
x8: 	0x00000000
x9: 	0x00000000
x10: 	0x00000000
x11: 	0x00000000
x12: 	0x00000000
x13: 	0x00000000
x14: 	0x00000000
x15: 	0x00000000
x16: 	0x00000000
x17: 	0x00000000
x18: 	0x00000000
x19: 	0x00000000
x20: 	0x00000000
x21: 	0x00000000
x22: 	0x00000000
x23: 	0x00000000
x24: 	0x00000000
x25: 	0x00000000
x26: 	0x00000000
x27: 	0x00000000
x28: 	0x00000000
x29: 	0x00000000
x30: 	0x00000000
x31: 	0x00000000

0x00000658	0x00000000	Unkown Instruction 

All Registers: 
x0: 	0x00000000
x1: 	0x00000000
x2: 	0x00000000
x3: 	0x00000000
x4: 	0x00000000
x5: 	0x00000000
x6: 	0x00000000
x7: 	0x00000000
x8: 	0x00000000
x9: 	0x00000000
x10: 	0x00000000
x11: 	0x00000000
x12: 	0x00000000
x13: 	0x00000000
x14: 	0x00000000
x15: 	0x00000000
x16: 	0x00000000
x17: 	0x00000000
x18: 	0x00000000
x19: 	0x00000000
x20: 	0x00000000
x21: 	0x00000000
x22: 	0x00000000
x23: 	0x00000000
x24: 	0x00000000
x25: 	0x00000000
x26: 	0x00000000
x27: 	0x00000000
x28: 	0x00000000
x29: 	0x00000000
x30: 	0x00000000
x31: 	0x00000000

0x0000065c	0x00000000	Unkown Instruction 

All Registers: 
x0: 	0x00000000
x1: 	0x00000000
x2: 	0x00000000
x3: 	0x00000000
x4: 	0x00000000
x5: 	0x00000000
x6: 	0x00000000
x7: 	0x00000000
x8: 	0x00000000
x9: 	0x00000000
x10: 	0x00000000
x11: 	0x00000000
x12: 	0x00000000
x13: 	0x00000000
x14: 	0x00000000
x15: 	0x00000000
x16: 	0x00000000
x17: 	0x00000000
x18: 	0x00000000
x19: 	0x00000000
x20: 	0x00000000
x21: 	0x00000000
x22: 	0x00000000
x23: 	0x00000000
x24: 	0x00000000
x25: 	0x00000000
x26: 	0x00000000
x27: 	0x00000000
x28: 	0x00000000
x29: 	0x00000000
x30: 	0x00000000
x31: 	0x00000000

0x00000660	0x00000000	Unkown Instruction 

All Registers: 
x0: 	0x00000000
x1: 	0x00000000
x2: 	0x00000000
x3: 	0x00000000
x4: 	0x00000000
x5: 	0x00000000
x6: 	0x00000000
x7: 	0x00000000
x8: 	0x00000000
x9: 	0x00000000
x10: 	0x00000000
x11: 	0x00000000
x12: 	0x00000000
x13: 	0x00000000
x14: 	0x00000000
x15: 	0x00000000
x16: 	0x00000000
x17: 	0x00000000
x18: 	0x00000000
x19: 	0x00000000
x20: 	0x00000000
x21: 	0x00000000
x22: 	0x00000000
x23: 	0x00000000
x24: 	0x00000000
x25: 	0x00000000
x26: 	0x00000000
x27: 	0x00000000
x28: 	0x00000000
x29: 	0x00000000
x30: 	0x00000000
x31: 	0x00000000

0x00000664	0x00000000	Unkown Instruction 

All Registers: 
x0: 	0x00000000
x1: 	0x00000000
x2: 	0x00000000
x3: 	0x00000000
x4: 	0x00000000
x5: 	0x00000000
x6: 	0x00000000
x7: 	0x00000000
x8: 	0x00000000
x9: 	0x00000000
x10: 	0x00000000
x11: 	0x00000000
x12: 	0x00000000
x13: 	0x00000000
x14: 	0x00000000
x15: 	0x00000000
x16: 	0x00000000
x17: 	0x00000000
x18: 	0x00000000
x19: 	0x00000000
x20: 	0x00000000
x21: 	0x00000000
x22: 	0x00000000
x23: 	0x00000000
x24: 	0x00000000
x25: 	0x00000000
x26: 	0x00000000
x27: 	0x00000000
x28: 	0x00000000
x29: 	0x00000000
x30: 	0x00000000
x31: 	0x00000000

0x00000668	0x00000000	Unkown Instruction 

All Registers: 
x0: 	0x00000000
x1: 	0x00000000
x2: 	0x00000000
x3: 	0x00000000
x4: 	0x00000000
x5: 	0x00000000
x6: 	0x00000000
x7: 	0x00000000
x8: 	0x00000000
x9: 	0x00000000
x10: 	0x00000000
x11: 	0x00000000
x12: 	0x00000000
x13: 	0x00000000
x14: 	0x00000000
x15: 	0x00000000
x16: 	0x00000000
x17: 	0x00000000
x18: 	0x00000000
x19: 	0x00000000
x20: 	0x00000000
x21: 	0x00000000
x22: 	0x00000000
x23: 	0x00000000
x24: 	0x00000000
x25: 	0x00000000
x26: 	0x00000000
x27: 	0x00000000
x28: 	0x00000000
x29: 	0x00000000
x30: 	0x00000000
x31: 	0x00000000

0x0000066c	0x00000000	Unkown Instruction 

All Registers: 
x0: 	0x00000000
x1: 	0x00000000
x2: 	0x00000000
x3: 	0x00000000
x4: 	0x00000000
x5: 	0x00000000
x6: 	0x00000000
x7: 	0x00000000
x8: 	0x00000000
x9: 	0x00000000
x10: 	0x00000000
x11: 	0x00000000
x12: 	0x00000000
x13: 	0x00000000
x14: 	0x00000000
x15: 	0x00000000
x16: 	0x00000000
x17: 	0x00000000
x18: 	0x00000000
x19: 	0x00000000
x20: 	0x00000000
x21: 	0x00000000
x22: 	0x00000000
x23: 	0x00000000
x24: 	0x00000000
x25: 	0x00000000
x26: 	0x00000000
x27: 	0x00000000
x28: 	0x00000000
x29: 	0x00000000
x30: 	0x00000000
x31: 	0x00000000

0x00000670	0x00000000	Unkown Instruction 

All Registers: 
x0: 	0x00000000
x1: 	0x00000000
x2: 	0x00000000
x3: 	0x00000000
x4: 	0x00000000
x5: 	0x00000000
x6: 	0x00000000
x7: 	0x00000000
x8: 	0x00000000
x9: 	0x00000000
x10: 	0x00000000
x11: 	0x00000000
x12: 	0x00000000
x13: 	0x00000000
x14: 	0x00000000
x15: 	0x00000000
x16: 	0x00000000
x17: 	0x00000000
x18: 	0x00000000
x19: 	0x00000000
x20: 	0x00000000
x21: 	0x00000000
x22: 	0x00000000
x23: 	0x00000000
x24: 	0x00000000
x25: 	0x00000000
x26: 	0x00000000
x27: 	0x00000000
x28: 	0x00000000
x29: 	0x00000000
x30: 	0x00000000
x31: 	0x00000000

0x00000674	0x00000000	Unkown Instruction 

All Registers: 
x0: 	0x00000000
x1: 	0x00000000
x2: 	0x00000000
x3: 	0x00000000
x4: 	0x00000000
x5: 	0x00000000
x6: 	0x00000000
x7: 	0x00000000
x8: 	0x00000000
x9: 	0x00000000
x10: 	0x00000000
x11: 	0x00000000
x12: 	0x00000000
x13: 	0x00000000
x14: 	0x00000000
x15: 	0x00000000
x16: 	0x00000000
x17: 	0x00000000
x18: 	0x00000000
x19: 	0x00000000
x20: 	0x00000000
x21: 	0x00000000
x22: 	0x00000000
x23: 	0x00000000
x24: 	0x00000000
x25: 	0x00000000
x26: 	0x00000000
x27: 	0x00000000
x28: 	0x00000000
x29: 	0x00000000
x30: 	0x00000000
x31: 	0x00000000

0x00000678	0x00000000	Unkown Instruction 

All Registers: 
x0: 	0x00000000
x1: 	0x00000000
x2: 	0x00000000
x3: 	0x00000000
x4: 	0x00000000
x5: 	0x00000000
x6: 	0x00000000
x7: 	0x00000000
x8: 	0x00000000
x9: 	0x00000000
x10: 	0x00000000
x11: 	0x00000000
x12: 	0x00000000
x13: 	0x00000000
x14: 	0x00000000
x15: 	0x00000000
x16: 	0x00000000
x17: 	0x00000000
x18: 	0x00000000
x19: 	0x00000000
x20: 	0x00000000
x21: 	0x00000000
x22: 	0x00000000
x23: 	0x00000000
x24: 	0x00000000
x25: 	0x00000000
x26: 	0x00000000
x27: 	0x00000000
x28: 	0x00000000
x29: 	0x00000000
x30: 	0x00000000
x31: 	0x00000000

0x0000067c	0x00000000	Unkown Instruction 

All Registers: 
x0: 	0x00000000
x1: 	0x00000000
x2: 	0x00000000
x3: 	0x00000000
x4: 	0x00000000
x5: 	0x00000000
x6: 	0x00000000
x7: 	0x00000000
x8: 	0x00000000
x9: 	0x00000000
x10: 	0x00000000
x11: 	0x00000000
x12: 	0x00000000
x13: 	0x00000000
x14: 	0x00000000
x15: 	0x00000000
x16: 	0x00000000
x17: 	0x00000000
x18: 	0x00000000
x19: 	0x00000000
x20: 	0x00000000
x21: 	0x00000000
x22: 	0x00000000
x23: 	0x00000000
x24: 	0x00000000
x25: 	0x00000000
x26: 	0x00000000
x27: 	0x00000000
x28: 	0x00000000
x29: 	0x00000000
x30: 	0x00000000
x31: 	0x00000000

0x00000680	0x00000000	Unkown Instruction 

All Registers: 
x0: 	0x00000000
x1: 	0x00000000
x2: 	0x00000000
x3: 	0x00000000
x4: 	0x00000000
x5: 	0x00000000
x6: 	0x00000000
x7: 	0x00000000
x8: 	0x00000000
x9: 	0x00000000
x10: 	0x00000000
x11: 	0x00000000
x12: 	0x00000000
x13: 	0x00000000
x14: 	0x00000000
x15: 	0x00000000
x16: 	0x00000000
x17: 	0x00000000
x18: 	0x00000000
x19: 	0x00000000
x20: 	0x00000000
x21: 	0x00000000
x22: 	0x00000000
x23: 	0x00000000
x24: 	0x00000000
x25: 	0x00000000
x26: 	0x00000000
x27: 	0x00000000
x28: 	0x00000000
x29: 	0x00000000
x30: 	0x00000000
x31: 	0x00000000

0x00000684	0x00000000	Unkown Instruction 

All Registers: 
x0: 	0x00000000
x1: 	0x00000000
x2: 	0x00000000
x3: 	0x00000000
x4: 	0x00000000
x5: 	0x00000000
x6: 	0x00000000
x7: 	0x00000000
x8: 	0x00000000
x9: 	0x00000000
x10: 	0x00000000
x11: 	0x00000000
x12: 	0x00000000
x13: 	0x00000000
x14: 	0x00000000
x15: 	0x00000000
x16: 	0x00000000
x17: 	0x00000000
x18: 	0x00000000
x19: 	0x00000000
x20: 	0x00000000
x21: 	0x00000000
x22: 	0x00000000
x23: 	0x00000000
x24: 	0x00000000
x25: 	0x00000000
x26: 	0x00000000
x27: 	0x00000000
x28: 	0x00000000
x29: 	0x00000000
x30: 	0x00000000
x31: 	0x00000000

0x00000688	0x00000000	Unkown Instruction 

All Registers: 
x0: 	0x00000000
x1: 	0x00000000
x2: 	0x00000000
x3: 	0x00000000
x4: 	0x00000000
x5: 	0x00000000
x6: 	0x00000000
x7: 	0x00000000
x8: 	0x00000000
x9: 	0x00000000
x10: 	0x00000000
x11: 	0x00000000
x12: 	0x00000000
x13: 	0x00000000
x14: 	0x00000000
x15: 	0x00000000
x16: 	0x00000000
x17: 	0x00000000
x18: 	0x00000000
x19: 	0x00000000
x20: 	0x00000000
x21: 	0x00000000
x22: 	0x00000000
x23: 	0x00000000
x24: 	0x00000000
x25: 	0x00000000
x26: 	0x00000000
x27: 	0x00000000
x28: 	0x00000000
x29: 	0x00000000
x30: 	0x00000000
x31: 	0x00000000

0x0000068c	0x00000000	Unkown Instruction 

All Registers: 
x0: 	0x00000000
x1: 	0x00000000
x2: 	0x00000000
x3: 	0x00000000
x4: 	0x00000000
x5: 	0x00000000
x6: 	0x00000000
x7: 	0x00000000
x8: 	0x00000000
x9: 	0x00000000
x10: 	0x00000000
x11: 	0x00000000
x12: 	0x00000000
x13: 	0x00000000
x14: 	0x00000000
x15: 	0x00000000
x16: 	0x00000000
x17: 	0x00000000
x18: 	0x00000000
x19: 	0x00000000
x20: 	0x00000000
x21: 	0x00000000
x22: 	0x00000000
x23: 	0x00000000
x24: 	0x00000000
x25: 	0x00000000
x26: 	0x00000000
x27: 	0x00000000
x28: 	0x00000000
x29: 	0x00000000
x30: 	0x00000000
x31: 	0x00000000

0x00000690	0x00000000	Unkown Instruction 

All Registers: 
x0: 	0x00000000
x1: 	0x00000000
x2: 	0x00000000
x3: 	0x00000000
x4: 	0x00000000
x5: 	0x00000000
x6: 	0x00000000
x7: 	0x00000000
x8: 	0x00000000
x9: 	0x00000000
x10: 	0x00000000
x11: 	0x00000000
x12: 	0x00000000
x13: 	0x00000000
x14: 	0x00000000
x15: 	0x00000000
x16: 	0x00000000
x17: 	0x00000000
x18: 	0x00000000
x19: 	0x00000000
x20: 	0x00000000
x21: 	0x00000000
x22: 	0x00000000
x23: 	0x00000000
x24: 	0x00000000
x25: 	0x00000000
x26: 	0x00000000
x27: 	0x00000000
x28: 	0x00000000
x29: 	0x00000000
x30: 	0x00000000
x31: 	0x00000000

0x00000694	0x00000000	Unkown Instruction 

All Registers: 
x0: 	0x00000000
x1: 	0x00000000
x2: 	0x00000000
x3: 	0x00000000
x4: 	0x00000000
x5: 	0x00000000
x6: 	0x00000000
x7: 	0x00000000
x8: 	0x00000000
x9: 	0x00000000
x10: 	0x00000000
x11: 	0x00000000
x12: 	0x00000000
x13: 	0x00000000
x14: 	0x00000000
x15: 	0x00000000
x16: 	0x00000000
x17: 	0x00000000
x18: 	0x00000000
x19: 	0x00000000
x20: 	0x00000000
x21: 	0x00000000
x22: 	0x00000000
x23: 	0x00000000
x24: 	0x00000000
x25: 	0x00000000
x26: 	0x00000000
x27: 	0x00000000
x28: 	0x00000000
x29: 	0x00000000
x30: 	0x00000000
x31: 	0x00000000

0x00000698	0x00000000	Unkown Instruction 

All Registers: 
x0: 	0x00000000
x1: 	0x00000000
x2: 	0x00000000
x3: 	0x00000000
x4: 	0x00000000
x5: 	0x00000000
x6: 	0x00000000
x7: 	0x00000000
x8: 	0x00000000
x9: 	0x00000000
x10: 	0x00000000
x11: 	0x00000000
x12: 	0x00000000
x13: 	0x00000000
x14: 	0x00000000
x15: 	0x00000000
x16: 	0x00000000
x17: 	0x00000000
x18: 	0x00000000
x19: 	0x00000000
x20: 	0x00000000
x21: 	0x00000000
x22: 	0x00000000
x23: 	0x00000000
x24: 	0x00000000
x25: 	0x00000000
x26: 	0x00000000
x27: 	0x00000000
x28: 	0x00000000
x29: 	0x00000000
x30: 	0x00000000
x31: 	0x00000000

0x0000069c	0x00000000	Unkown Instruction 

All Registers: 
x0: 	0x00000000
x1: 	0x00000000
x2: 	0x00000000
x3: 	0x00000000
x4: 	0x00000000
x5: 	0x00000000
x6: 	0x00000000
x7: 	0x00000000
x8: 	0x00000000
x9: 	0x00000000
x10: 	0x00000000
x11: 	0x00000000
x12: 	0x00000000
x13: 	0x00000000
x14: 	0x00000000
x15: 	0x00000000
x16: 	0x00000000
x17: 	0x00000000
x18: 	0x00000000
x19: 	0x00000000
x20: 	0x00000000
x21: 	0x00000000
x22: 	0x00000000
x23: 	0x00000000
x24: 	0x00000000
x25: 	0x00000000
x26: 	0x00000000
x27: 	0x00000000
x28: 	0x00000000
x29: 	0x00000000
x30: 	0x00000000
x31: 	0x00000000

0x000006a0	0x00000000	Unkown Instruction 

All Registers: 
x0: 	0x00000000
x1: 	0x00000000
x2: 	0x00000000
x3: 	0x00000000
x4: 	0x00000000
x5: 	0x00000000
x6: 	0x00000000
x7: 	0x00000000
x8: 	0x00000000
x9: 	0x00000000
x10: 	0x00000000
x11: 	0x00000000
x12: 	0x00000000
x13: 	0x00000000
x14: 	0x00000000
x15: 	0x00000000
x16: 	0x00000000
x17: 	0x00000000
x18: 	0x00000000
x19: 	0x00000000
x20: 	0x00000000
x21: 	0x00000000
x22: 	0x00000000
x23: 	0x00000000
x24: 	0x00000000
x25: 	0x00000000
x26: 	0x00000000
x27: 	0x00000000
x28: 	0x00000000
x29: 	0x00000000
x30: 	0x00000000
x31: 	0x00000000

0x000006a4	0x00000000	Unkown Instruction 

All Registers: 
x0: 	0x00000000
x1: 	0x00000000
x2: 	0x00000000
x3: 	0x00000000
x4: 	0x00000000
x5: 	0x00000000
x6: 	0x00000000
x7: 	0x00000000
x8: 	0x00000000
x9: 	0x00000000
x10: 	0x00000000
x11: 	0x00000000
x12: 	0x00000000
x13: 	0x00000000
x14: 	0x00000000
x15: 	0x00000000
x16: 	0x00000000
x17: 	0x00000000
x18: 	0x00000000
x19: 	0x00000000
x20: 	0x00000000
x21: 	0x00000000
x22: 	0x00000000
x23: 	0x00000000
x24: 	0x00000000
x25: 	0x00000000
x26: 	0x00000000
x27: 	0x00000000
x28: 	0x00000000
x29: 	0x00000000
x30: 	0x00000000
x31: 	0x00000000

0x000006a8	0x00000000	Unkown Instruction 

All Registers: 
x0: 	0x00000000
x1: 	0x00000000
x2: 	0x00000000
x3: 	0x00000000
x4: 	0x00000000
x5: 	0x00000000
x6: 	0x00000000
x7: 	0x00000000
x8: 	0x00000000
x9: 	0x00000000
x10: 	0x00000000
x11: 	0x00000000
x12: 	0x00000000
x13: 	0x00000000
x14: 	0x00000000
x15: 	0x00000000
x16: 	0x00000000
x17: 	0x00000000
x18: 	0x00000000
x19: 	0x00000000
x20: 	0x00000000
x21: 	0x00000000
x22: 	0x00000000
x23: 	0x00000000
x24: 	0x00000000
x25: 	0x00000000
x26: 	0x00000000
x27: 	0x00000000
x28: 	0x00000000
x29: 	0x00000000
x30: 	0x00000000
x31: 	0x00000000

0x000006ac	0x00000000	Unkown Instruction 

All Registers: 
x0: 	0x00000000
x1: 	0x00000000
x2: 	0x00000000
x3: 	0x00000000
x4: 	0x00000000
x5: 	0x00000000
x6: 	0x00000000
x7: 	0x00000000
x8: 	0x00000000
x9: 	0x00000000
x10: 	0x00000000
x11: 	0x00000000
x12: 	0x00000000
x13: 	0x00000000
x14: 	0x00000000
x15: 	0x00000000
x16: 	0x00000000
x17: 	0x00000000
x18: 	0x00000000
x19: 	0x00000000
x20: 	0x00000000
x21: 	0x00000000
x22: 	0x00000000
x23: 	0x00000000
x24: 	0x00000000
x25: 	0x00000000
x26: 	0x00000000
x27: 	0x00000000
x28: 	0x00000000
x29: 	0x00000000
x30: 	0x00000000
x31: 	0x00000000

0x000006b0	0x00000000	Unkown Instruction 

All Registers: 
x0: 	0x00000000
x1: 	0x00000000
x2: 	0x00000000
x3: 	0x00000000
x4: 	0x00000000
x5: 	0x00000000
x6: 	0x00000000
x7: 	0x00000000
x8: 	0x00000000
x9: 	0x00000000
x10: 	0x00000000
x11: 	0x00000000
x12: 	0x00000000
x13: 	0x00000000
x14: 	0x00000000
x15: 	0x00000000
x16: 	0x00000000
x17: 	0x00000000
x18: 	0x00000000
x19: 	0x00000000
x20: 	0x00000000
x21: 	0x00000000
x22: 	0x00000000
x23: 	0x00000000
x24: 	0x00000000
x25: 	0x00000000
x26: 	0x00000000
x27: 	0x00000000
x28: 	0x00000000
x29: 	0x00000000
x30: 	0x00000000
x31: 	0x00000000

0x000006b4	0x00000000	Unkown Instruction 

All Registers: 
x0: 	0x00000000
x1: 	0x00000000
x2: 	0x00000000
x3: 	0x00000000
x4: 	0x00000000
x5: 	0x00000000
x6: 	0x00000000
x7: 	0x00000000
x8: 	0x00000000
x9: 	0x00000000
x10: 	0x00000000
x11: 	0x00000000
x12: 	0x00000000
x13: 	0x00000000
x14: 	0x00000000
x15: 	0x00000000
x16: 	0x00000000
x17: 	0x00000000
x18: 	0x00000000
x19: 	0x00000000
x20: 	0x00000000
x21: 	0x00000000
x22: 	0x00000000
x23: 	0x00000000
x24: 	0x00000000
x25: 	0x00000000
x26: 	0x00000000
x27: 	0x00000000
x28: 	0x00000000
x29: 	0x00000000
x30: 	0x00000000
x31: 	0x00000000

0x000006b8	0x00000000	Unkown Instruction 

All Registers: 
x0: 	0x00000000
x1: 	0x00000000
x2: 	0x00000000
x3: 	0x00000000
x4: 	0x00000000
x5: 	0x00000000
x6: 	0x00000000
x7: 	0x00000000
x8: 	0x00000000
x9: 	0x00000000
x10: 	0x00000000
x11: 	0x00000000
x12: 	0x00000000
x13: 	0x00000000
x14: 	0x00000000
x15: 	0x00000000
x16: 	0x00000000
x17: 	0x00000000
x18: 	0x00000000
x19: 	0x00000000
x20: 	0x00000000
x21: 	0x00000000
x22: 	0x00000000
x23: 	0x00000000
x24: 	0x00000000
x25: 	0x00000000
x26: 	0x00000000
x27: 	0x00000000
x28: 	0x00000000
x29: 	0x00000000
x30: 	0x00000000
x31: 	0x00000000

0x000006bc	0x00000000	Unkown Instruction 

All Registers: 
x0: 	0x00000000
x1: 	0x00000000
x2: 	0x00000000
x3: 	0x00000000
x4: 	0x00000000
x5: 	0x00000000
x6: 	0x00000000
x7: 	0x00000000
x8: 	0x00000000
x9: 	0x00000000
x10: 	0x00000000
x11: 	0x00000000
x12: 	0x00000000
x13: 	0x00000000
x14: 	0x00000000
x15: 	0x00000000
x16: 	0x00000000
x17: 	0x00000000
x18: 	0x00000000
x19: 	0x00000000
x20: 	0x00000000
x21: 	0x00000000
x22: 	0x00000000
x23: 	0x00000000
x24: 	0x00000000
x25: 	0x00000000
x26: 	0x00000000
x27: 	0x00000000
x28: 	0x00000000
x29: 	0x00000000
x30: 	0x00000000
x31: 	0x00000000

0x000006c0	0x00000000	Unkown Instruction 

All Registers: 
x0: 	0x00000000
x1: 	0x00000000
x2: 	0x00000000
x3: 	0x00000000
x4: 	0x00000000
x5: 	0x00000000
x6: 	0x00000000
x7: 	0x00000000
x8: 	0x00000000
x9: 	0x00000000
x10: 	0x00000000
x11: 	0x00000000
x12: 	0x00000000
x13: 	0x00000000
x14: 	0x00000000
x15: 	0x00000000
x16: 	0x00000000
x17: 	0x00000000
x18: 	0x00000000
x19: 	0x00000000
x20: 	0x00000000
x21: 	0x00000000
x22: 	0x00000000
x23: 	0x00000000
x24: 	0x00000000
x25: 	0x00000000
x26: 	0x00000000
x27: 	0x00000000
x28: 	0x00000000
x29: 	0x00000000
x30: 	0x00000000
x31: 	0x00000000

0x000006c4	0x00000000	Unkown Instruction 

All Registers: 
x0: 	0x00000000
x1: 	0x00000000
x2: 	0x00000000
x3: 	0x00000000
x4: 	0x00000000
x5: 	0x00000000
x6: 	0x00000000
x7: 	0x00000000
x8: 	0x00000000
x9: 	0x00000000
x10: 	0x00000000
x11: 	0x00000000
x12: 	0x00000000
x13: 	0x00000000
x14: 	0x00000000
x15: 	0x00000000
x16: 	0x00000000
x17: 	0x00000000
x18: 	0x00000000
x19: 	0x00000000
x20: 	0x00000000
x21: 	0x00000000
x22: 	0x00000000
x23: 	0x00000000
x24: 	0x00000000
x25: 	0x00000000
x26: 	0x00000000
x27: 	0x00000000
x28: 	0x00000000
x29: 	0x00000000
x30: 	0x00000000
x31: 	0x00000000

0x000006c8	0x00000000	Unkown Instruction 

All Registers: 
x0: 	0x00000000
x1: 	0x00000000
x2: 	0x00000000
x3: 	0x00000000
x4: 	0x00000000
x5: 	0x00000000
x6: 	0x00000000
x7: 	0x00000000
x8: 	0x00000000
x9: 	0x00000000
x10: 	0x00000000
x11: 	0x00000000
x12: 	0x00000000
x13: 	0x00000000
x14: 	0x00000000
x15: 	0x00000000
x16: 	0x00000000
x17: 	0x00000000
x18: 	0x00000000
x19: 	0x00000000
x20: 	0x00000000
x21: 	0x00000000
x22: 	0x00000000
x23: 	0x00000000
x24: 	0x00000000
x25: 	0x00000000
x26: 	0x00000000
x27: 	0x00000000
x28: 	0x00000000
x29: 	0x00000000
x30: 	0x00000000
x31: 	0x00000000

0x000006cc	0x00000000	Unkown Instruction 

All Registers: 
x0: 	0x00000000
x1: 	0x00000000
x2: 	0x00000000
x3: 	0x00000000
x4: 	0x00000000
x5: 	0x00000000
x6: 	0x00000000
x7: 	0x00000000
x8: 	0x00000000
x9: 	0x00000000
x10: 	0x00000000
x11: 	0x00000000
x12: 	0x00000000
x13: 	0x00000000
x14: 	0x00000000
x15: 	0x00000000
x16: 	0x00000000
x17: 	0x00000000
x18: 	0x00000000
x19: 	0x00000000
x20: 	0x00000000
x21: 	0x00000000
x22: 	0x00000000
x23: 	0x00000000
x24: 	0x00000000
x25: 	0x00000000
x26: 	0x00000000
x27: 	0x00000000
x28: 	0x00000000
x29: 	0x00000000
x30: 	0x00000000
x31: 	0x00000000

0x000006d0	0x00000000	Unkown Instruction 

All Registers: 
x0: 	0x00000000
x1: 	0x00000000
x2: 	0x00000000
x3: 	0x00000000
x4: 	0x00000000
x5: 	0x00000000
x6: 	0x00000000
x7: 	0x00000000
x8: 	0x00000000
x9: 	0x00000000
x10: 	0x00000000
x11: 	0x00000000
x12: 	0x00000000
x13: 	0x00000000
x14: 	0x00000000
x15: 	0x00000000
x16: 	0x00000000
x17: 	0x00000000
x18: 	0x00000000
x19: 	0x00000000
x20: 	0x00000000
x21: 	0x00000000
x22: 	0x00000000
x23: 	0x00000000
x24: 	0x00000000
x25: 	0x00000000
x26: 	0x00000000
x27: 	0x00000000
x28: 	0x00000000
x29: 	0x00000000
x30: 	0x00000000
x31: 	0x00000000

0x000006d4	0x00000000	Unkown Instruction 

All Registers: 
x0: 	0x00000000
x1: 	0x00000000
x2: 	0x00000000
x3: 	0x00000000
x4: 	0x00000000
x5: 	0x00000000
x6: 	0x00000000
x7: 	0x00000000
x8: 	0x00000000
x9: 	0x00000000
x10: 	0x00000000
x11: 	0x00000000
x12: 	0x00000000
x13: 	0x00000000
x14: 	0x00000000
x15: 	0x00000000
x16: 	0x00000000
x17: 	0x00000000
x18: 	0x00000000
x19: 	0x00000000
x20: 	0x00000000
x21: 	0x00000000
x22: 	0x00000000
x23: 	0x00000000
x24: 	0x00000000
x25: 	0x00000000
x26: 	0x00000000
x27: 	0x00000000
x28: 	0x00000000
x29: 	0x00000000
x30: 	0x00000000
x31: 	0x00000000

0x000006d8	0x00000000	Unkown Instruction 

All Registers: 
x0: 	0x00000000
x1: 	0x00000000
x2: 	0x00000000
x3: 	0x00000000
x4: 	0x00000000
x5: 	0x00000000
x6: 	0x00000000
x7: 	0x00000000
x8: 	0x00000000
x9: 	0x00000000
x10: 	0x00000000
x11: 	0x00000000
x12: 	0x00000000
x13: 	0x00000000
x14: 	0x00000000
x15: 	0x00000000
x16: 	0x00000000
x17: 	0x00000000
x18: 	0x00000000
x19: 	0x00000000
x20: 	0x00000000
x21: 	0x00000000
x22: 	0x00000000
x23: 	0x00000000
x24: 	0x00000000
x25: 	0x00000000
x26: 	0x00000000
x27: 	0x00000000
x28: 	0x00000000
x29: 	0x00000000
x30: 	0x00000000
x31: 	0x00000000

0x000006dc	0x00000000	Unkown Instruction 

All Registers: 
x0: 	0x00000000
x1: 	0x00000000
x2: 	0x00000000
x3: 	0x00000000
x4: 	0x00000000
x5: 	0x00000000
x6: 	0x00000000
x7: 	0x00000000
x8: 	0x00000000
x9: 	0x00000000
x10: 	0x00000000
x11: 	0x00000000
x12: 	0x00000000
x13: 	0x00000000
x14: 	0x00000000
x15: 	0x00000000
x16: 	0x00000000
x17: 	0x00000000
x18: 	0x00000000
x19: 	0x00000000
x20: 	0x00000000
x21: 	0x00000000
x22: 	0x00000000
x23: 	0x00000000
x24: 	0x00000000
x25: 	0x00000000
x26: 	0x00000000
x27: 	0x00000000
x28: 	0x00000000
x29: 	0x00000000
x30: 	0x00000000
x31: 	0x00000000

0x000006e0	0x00000000	Unkown Instruction 

All Registers: 
x0: 	0x00000000
x1: 	0x00000000
x2: 	0x00000000
x3: 	0x00000000
x4: 	0x00000000
x5: 	0x00000000
x6: 	0x00000000
x7: 	0x00000000
x8: 	0x00000000
x9: 	0x00000000
x10: 	0x00000000
x11: 	0x00000000
x12: 	0x00000000
x13: 	0x00000000
x14: 	0x00000000
x15: 	0x00000000
x16: 	0x00000000
x17: 	0x00000000
x18: 	0x00000000
x19: 	0x00000000
x20: 	0x00000000
x21: 	0x00000000
x22: 	0x00000000
x23: 	0x00000000
x24: 	0x00000000
x25: 	0x00000000
x26: 	0x00000000
x27: 	0x00000000
x28: 	0x00000000
x29: 	0x00000000
x30: 	0x00000000
x31: 	0x00000000

0x000006e4	0x00000000	Unkown Instruction 

All Registers: 
x0: 	0x00000000
x1: 	0x00000000
x2: 	0x00000000
x3: 	0x00000000
x4: 	0x00000000
x5: 	0x00000000
x6: 	0x00000000
x7: 	0x00000000
x8: 	0x00000000
x9: 	0x00000000
x10: 	0x00000000
x11: 	0x00000000
x12: 	0x00000000
x13: 	0x00000000
x14: 	0x00000000
x15: 	0x00000000
x16: 	0x00000000
x17: 	0x00000000
x18: 	0x00000000
x19: 	0x00000000
x20: 	0x00000000
x21: 	0x00000000
x22: 	0x00000000
x23: 	0x00000000
x24: 	0x00000000
x25: 	0x00000000
x26: 	0x00000000
x27: 	0x00000000
x28: 	0x00000000
x29: 	0x00000000
x30: 	0x00000000
x31: 	0x00000000

0x000006e8	0x00000000	Unkown Instruction 

All Registers: 
x0: 	0x00000000
x1: 	0x00000000
x2: 	0x00000000
x3: 	0x00000000
x4: 	0x00000000
x5: 	0x00000000
x6: 	0x00000000
x7: 	0x00000000
x8: 	0x00000000
x9: 	0x00000000
x10: 	0x00000000
x11: 	0x00000000
x12: 	0x00000000
x13: 	0x00000000
x14: 	0x00000000
x15: 	0x00000000
x16: 	0x00000000
x17: 	0x00000000
x18: 	0x00000000
x19: 	0x00000000
x20: 	0x00000000
x21: 	0x00000000
x22: 	0x00000000
x23: 	0x00000000
x24: 	0x00000000
x25: 	0x00000000
x26: 	0x00000000
x27: 	0x00000000
x28: 	0x00000000
x29: 	0x00000000
x30: 	0x00000000
x31: 	0x00000000

0x000006ec	0x00000000	Unkown Instruction 

All Registers: 
x0: 	0x00000000
x1: 	0x00000000
x2: 	0x00000000
x3: 	0x00000000
x4: 	0x00000000
x5: 	0x00000000
x6: 	0x00000000
x7: 	0x00000000
x8: 	0x00000000
x9: 	0x00000000
x10: 	0x00000000
x11: 	0x00000000
x12: 	0x00000000
x13: 	0x00000000
x14: 	0x00000000
x15: 	0x00000000
x16: 	0x00000000
x17: 	0x00000000
x18: 	0x00000000
x19: 	0x00000000
x20: 	0x00000000
x21: 	0x00000000
x22: 	0x00000000
x23: 	0x00000000
x24: 	0x00000000
x25: 	0x00000000
x26: 	0x00000000
x27: 	0x00000000
x28: 	0x00000000
x29: 	0x00000000
x30: 	0x00000000
x31: 	0x00000000

0x000006f0	0x00000000	Unkown Instruction 

All Registers: 
x0: 	0x00000000
x1: 	0x00000000
x2: 	0x00000000
x3: 	0x00000000
x4: 	0x00000000
x5: 	0x00000000
x6: 	0x00000000
x7: 	0x00000000
x8: 	0x00000000
x9: 	0x00000000
x10: 	0x00000000
x11: 	0x00000000
x12: 	0x00000000
x13: 	0x00000000
x14: 	0x00000000
x15: 	0x00000000
x16: 	0x00000000
x17: 	0x00000000
x18: 	0x00000000
x19: 	0x00000000
x20: 	0x00000000
x21: 	0x00000000
x22: 	0x00000000
x23: 	0x00000000
x24: 	0x00000000
x25: 	0x00000000
x26: 	0x00000000
x27: 	0x00000000
x28: 	0x00000000
x29: 	0x00000000
x30: 	0x00000000
x31: 	0x00000000

0x000006f4	0x00000000	Unkown Instruction 

All Registers: 
x0: 	0x00000000
x1: 	0x00000000
x2: 	0x00000000
x3: 	0x00000000
x4: 	0x00000000
x5: 	0x00000000
x6: 	0x00000000
x7: 	0x00000000
x8: 	0x00000000
x9: 	0x00000000
x10: 	0x00000000
x11: 	0x00000000
x12: 	0x00000000
x13: 	0x00000000
x14: 	0x00000000
x15: 	0x00000000
x16: 	0x00000000
x17: 	0x00000000
x18: 	0x00000000
x19: 	0x00000000
x20: 	0x00000000
x21: 	0x00000000
x22: 	0x00000000
x23: 	0x00000000
x24: 	0x00000000
x25: 	0x00000000
x26: 	0x00000000
x27: 	0x00000000
x28: 	0x00000000
x29: 	0x00000000
x30: 	0x00000000
x31: 	0x00000000

0x000006f8	0x00000000	Unkown Instruction 

All Registers: 
x0: 	0x00000000
x1: 	0x00000000
x2: 	0x00000000
x3: 	0x00000000
x4: 	0x00000000
x5: 	0x00000000
x6: 	0x00000000
x7: 	0x00000000
x8: 	0x00000000
x9: 	0x00000000
x10: 	0x00000000
x11: 	0x00000000
x12: 	0x00000000
x13: 	0x00000000
x14: 	0x00000000
x15: 	0x00000000
x16: 	0x00000000
x17: 	0x00000000
x18: 	0x00000000
x19: 	0x00000000
x20: 	0x00000000
x21: 	0x00000000
x22: 	0x00000000
x23: 	0x00000000
x24: 	0x00000000
x25: 	0x00000000
x26: 	0x00000000
x27: 	0x00000000
x28: 	0x00000000
x29: 	0x00000000
x30: 	0x00000000
x31: 	0x00000000

0x000006fc	0x00000000	Unkown Instruction 

All Registers: 
x0: 	0x00000000
x1: 	0x00000000
x2: 	0x00000000
x3: 	0x00000000
x4: 	0x00000000
x5: 	0x00000000
x6: 	0x00000000
x7: 	0x00000000
x8: 	0x00000000
x9: 	0x00000000
x10: 	0x00000000
x11: 	0x00000000
x12: 	0x00000000
x13: 	0x00000000
x14: 	0x00000000
x15: 	0x00000000
x16: 	0x00000000
x17: 	0x00000000
x18: 	0x00000000
x19: 	0x00000000
x20: 	0x00000000
x21: 	0x00000000
x22: 	0x00000000
x23: 	0x00000000
x24: 	0x00000000
x25: 	0x00000000
x26: 	0x00000000
x27: 	0x00000000
x28: 	0x00000000
x29: 	0x00000000
x30: 	0x00000000
x31: 	0x00000000

0x00000700	0x00000000	Unkown Instruction 

All Registers: 
x0: 	0x00000000
x1: 	0x00000000
x2: 	0x00000000
x3: 	0x00000000
x4: 	0x00000000
x5: 	0x00000000
x6: 	0x00000000
x7: 	0x00000000
x8: 	0x00000000
x9: 	0x00000000
x10: 	0x00000000
x11: 	0x00000000
x12: 	0x00000000
x13: 	0x00000000
x14: 	0x00000000
x15: 	0x00000000
x16: 	0x00000000
x17: 	0x00000000
x18: 	0x00000000
x19: 	0x00000000
x20: 	0x00000000
x21: 	0x00000000
x22: 	0x00000000
x23: 	0x00000000
x24: 	0x00000000
x25: 	0x00000000
x26: 	0x00000000
x27: 	0x00000000
x28: 	0x00000000
x29: 	0x00000000
x30: 	0x00000000
x31: 	0x00000000

0x00000704	0x00000000	Unkown Instruction 

All Registers: 
x0: 	0x00000000
x1: 	0x00000000
x2: 	0x00000000
x3: 	0x00000000
x4: 	0x00000000
x5: 	0x00000000
x6: 	0x00000000
x7: 	0x00000000
x8: 	0x00000000
x9: 	0x00000000
x10: 	0x00000000
x11: 	0x00000000
x12: 	0x00000000
x13: 	0x00000000
x14: 	0x00000000
x15: 	0x00000000
x16: 	0x00000000
x17: 	0x00000000
x18: 	0x00000000
x19: 	0x00000000
x20: 	0x00000000
x21: 	0x00000000
x22: 	0x00000000
x23: 	0x00000000
x24: 	0x00000000
x25: 	0x00000000
x26: 	0x00000000
x27: 	0x00000000
x28: 	0x00000000
x29: 	0x00000000
x30: 	0x00000000
x31: 	0x00000000

0x00000708	0x00000000	Unkown Instruction 

All Registers: 
x0: 	0x00000000
x1: 	0x00000000
x2: 	0x00000000
x3: 	0x00000000
x4: 	0x00000000
x5: 	0x00000000
x6: 	0x00000000
x7: 	0x00000000
x8: 	0x00000000
x9: 	0x00000000
x10: 	0x00000000
x11: 	0x00000000
x12: 	0x00000000
x13: 	0x00000000
x14: 	0x00000000
x15: 	0x00000000
x16: 	0x00000000
x17: 	0x00000000
x18: 	0x00000000
x19: 	0x00000000
x20: 	0x00000000
x21: 	0x00000000
x22: 	0x00000000
x23: 	0x00000000
x24: 	0x00000000
x25: 	0x00000000
x26: 	0x00000000
x27: 	0x00000000
x28: 	0x00000000
x29: 	0x00000000
x30: 	0x00000000
x31: 	0x00000000

0x0000070c	0x00000000	Unkown Instruction 

All Registers: 
x0: 	0x00000000
x1: 	0x00000000
x2: 	0x00000000
x3: 	0x00000000
x4: 	0x00000000
x5: 	0x00000000
x6: 	0x00000000
x7: 	0x00000000
x8: 	0x00000000
x9: 	0x00000000
x10: 	0x00000000
x11: 	0x00000000
x12: 	0x00000000
x13: 	0x00000000
x14: 	0x00000000
x15: 	0x00000000
x16: 	0x00000000
x17: 	0x00000000
x18: 	0x00000000
x19: 	0x00000000
x20: 	0x00000000
x21: 	0x00000000
x22: 	0x00000000
x23: 	0x00000000
x24: 	0x00000000
x25: 	0x00000000
x26: 	0x00000000
x27: 	0x00000000
x28: 	0x00000000
x29: 	0x00000000
x30: 	0x00000000
x31: 	0x00000000

0x00000710	0x00000000	Unkown Instruction 

All Registers: 
x0: 	0x00000000
x1: 	0x00000000
x2: 	0x00000000
x3: 	0x00000000
x4: 	0x00000000
x5: 	0x00000000
x6: 	0x00000000
x7: 	0x00000000
x8: 	0x00000000
x9: 	0x00000000
x10: 	0x00000000
x11: 	0x00000000
x12: 	0x00000000
x13: 	0x00000000
x14: 	0x00000000
x15: 	0x00000000
x16: 	0x00000000
x17: 	0x00000000
x18: 	0x00000000
x19: 	0x00000000
x20: 	0x00000000
x21: 	0x00000000
x22: 	0x00000000
x23: 	0x00000000
x24: 	0x00000000
x25: 	0x00000000
x26: 	0x00000000
x27: 	0x00000000
x28: 	0x00000000
x29: 	0x00000000
x30: 	0x00000000
x31: 	0x00000000

0x00000714	0x00000000	Unkown Instruction 

All Registers: 
x0: 	0x00000000
x1: 	0x00000000
x2: 	0x00000000
x3: 	0x00000000
x4: 	0x00000000
x5: 	0x00000000
x6: 	0x00000000
x7: 	0x00000000
x8: 	0x00000000
x9: 	0x00000000
x10: 	0x00000000
x11: 	0x00000000
x12: 	0x00000000
x13: 	0x00000000
x14: 	0x00000000
x15: 	0x00000000
x16: 	0x00000000
x17: 	0x00000000
x18: 	0x00000000
x19: 	0x00000000
x20: 	0x00000000
x21: 	0x00000000
x22: 	0x00000000
x23: 	0x00000000
x24: 	0x00000000
x25: 	0x00000000
x26: 	0x00000000
x27: 	0x00000000
x28: 	0x00000000
x29: 	0x00000000
x30: 	0x00000000
x31: 	0x00000000

0x00000718	0x00000000	Unkown Instruction 

All Registers: 
x0: 	0x00000000
x1: 	0x00000000
x2: 	0x00000000
x3: 	0x00000000
x4: 	0x00000000
x5: 	0x00000000
x6: 	0x00000000
x7: 	0x00000000
x8: 	0x00000000
x9: 	0x00000000
x10: 	0x00000000
x11: 	0x00000000
x12: 	0x00000000
x13: 	0x00000000
x14: 	0x00000000
x15: 	0x00000000
x16: 	0x00000000
x17: 	0x00000000
x18: 	0x00000000
x19: 	0x00000000
x20: 	0x00000000
x21: 	0x00000000
x22: 	0x00000000
x23: 	0x00000000
x24: 	0x00000000
x25: 	0x00000000
x26: 	0x00000000
x27: 	0x00000000
x28: 	0x00000000
x29: 	0x00000000
x30: 	0x00000000
x31: 	0x00000000

0x0000071c	0x00000000	Unkown Instruction 

All Registers: 
x0: 	0x00000000
x1: 	0x00000000
x2: 	0x00000000
x3: 	0x00000000
x4: 	0x00000000
x5: 	0x00000000
x6: 	0x00000000
x7: 	0x00000000
x8: 	0x00000000
x9: 	0x00000000
x10: 	0x00000000
x11: 	0x00000000
x12: 	0x00000000
x13: 	0x00000000
x14: 	0x00000000
x15: 	0x00000000
x16: 	0x00000000
x17: 	0x00000000
x18: 	0x00000000
x19: 	0x00000000
x20: 	0x00000000
x21: 	0x00000000
x22: 	0x00000000
x23: 	0x00000000
x24: 	0x00000000
x25: 	0x00000000
x26: 	0x00000000
x27: 	0x00000000
x28: 	0x00000000
x29: 	0x00000000
x30: 	0x00000000
x31: 	0x00000000

0x00000720	0x00000000	Unkown Instruction 

All Registers: 
x0: 	0x00000000
x1: 	0x00000000
x2: 	0x00000000
x3: 	0x00000000
x4: 	0x00000000
x5: 	0x00000000
x6: 	0x00000000
x7: 	0x00000000
x8: 	0x00000000
x9: 	0x00000000
x10: 	0x00000000
x11: 	0x00000000
x12: 	0x00000000
x13: 	0x00000000
x14: 	0x00000000
x15: 	0x00000000
x16: 	0x00000000
x17: 	0x00000000
x18: 	0x00000000
x19: 	0x00000000
x20: 	0x00000000
x21: 	0x00000000
x22: 	0x00000000
x23: 	0x00000000
x24: 	0x00000000
x25: 	0x00000000
x26: 	0x00000000
x27: 	0x00000000
x28: 	0x00000000
x29: 	0x00000000
x30: 	0x00000000
x31: 	0x00000000

0x00000724	0x00000000	Unkown Instruction 

All Registers: 
x0: 	0x00000000
x1: 	0x00000000
x2: 	0x00000000
x3: 	0x00000000
x4: 	0x00000000
x5: 	0x00000000
x6: 	0x00000000
x7: 	0x00000000
x8: 	0x00000000
x9: 	0x00000000
x10: 	0x00000000
x11: 	0x00000000
x12: 	0x00000000
x13: 	0x00000000
x14: 	0x00000000
x15: 	0x00000000
x16: 	0x00000000
x17: 	0x00000000
x18: 	0x00000000
x19: 	0x00000000
x20: 	0x00000000
x21: 	0x00000000
x22: 	0x00000000
x23: 	0x00000000
x24: 	0x00000000
x25: 	0x00000000
x26: 	0x00000000
x27: 	0x00000000
x28: 	0x00000000
x29: 	0x00000000
x30: 	0x00000000
x31: 	0x00000000

0x00000728	0x00000000	Unkown Instruction 

All Registers: 
x0: 	0x00000000
x1: 	0x00000000
x2: 	0x00000000
x3: 	0x00000000
x4: 	0x00000000
x5: 	0x00000000
x6: 	0x00000000
x7: 	0x00000000
x8: 	0x00000000
x9: 	0x00000000
x10: 	0x00000000
x11: 	0x00000000
x12: 	0x00000000
x13: 	0x00000000
x14: 	0x00000000
x15: 	0x00000000
x16: 	0x00000000
x17: 	0x00000000
x18: 	0x00000000
x19: 	0x00000000
x20: 	0x00000000
x21: 	0x00000000
x22: 	0x00000000
x23: 	0x00000000
x24: 	0x00000000
x25: 	0x00000000
x26: 	0x00000000
x27: 	0x00000000
x28: 	0x00000000
x29: 	0x00000000
x30: 	0x00000000
x31: 	0x00000000

0x0000072c	0x00000000	Unkown Instruction 

All Registers: 
x0: 	0x00000000
x1: 	0x00000000
x2: 	0x00000000
x3: 	0x00000000
x4: 	0x00000000
x5: 	0x00000000
x6: 	0x00000000
x7: 	0x00000000
x8: 	0x00000000
x9: 	0x00000000
x10: 	0x00000000
x11: 	0x00000000
x12: 	0x00000000
x13: 	0x00000000
x14: 	0x00000000
x15: 	0x00000000
x16: 	0x00000000
x17: 	0x00000000
x18: 	0x00000000
x19: 	0x00000000
x20: 	0x00000000
x21: 	0x00000000
x22: 	0x00000000
x23: 	0x00000000
x24: 	0x00000000
x25: 	0x00000000
x26: 	0x00000000
x27: 	0x00000000
x28: 	0x00000000
x29: 	0x00000000
x30: 	0x00000000
x31: 	0x00000000

0x00000730	0x00000000	Unkown Instruction 

All Registers: 
x0: 	0x00000000
x1: 	0x00000000
x2: 	0x00000000
x3: 	0x00000000
x4: 	0x00000000
x5: 	0x00000000
x6: 	0x00000000
x7: 	0x00000000
x8: 	0x00000000
x9: 	0x00000000
x10: 	0x00000000
x11: 	0x00000000
x12: 	0x00000000
x13: 	0x00000000
x14: 	0x00000000
x15: 	0x00000000
x16: 	0x00000000
x17: 	0x00000000
x18: 	0x00000000
x19: 	0x00000000
x20: 	0x00000000
x21: 	0x00000000
x22: 	0x00000000
x23: 	0x00000000
x24: 	0x00000000
x25: 	0x00000000
x26: 	0x00000000
x27: 	0x00000000
x28: 	0x00000000
x29: 	0x00000000
x30: 	0x00000000
x31: 	0x00000000

0x00000734	0x00000000	Unkown Instruction 

All Registers: 
x0: 	0x00000000
x1: 	0x00000000
x2: 	0x00000000
x3: 	0x00000000
x4: 	0x00000000
x5: 	0x00000000
x6: 	0x00000000
x7: 	0x00000000
x8: 	0x00000000
x9: 	0x00000000
x10: 	0x00000000
x11: 	0x00000000
x12: 	0x00000000
x13: 	0x00000000
x14: 	0x00000000
x15: 	0x00000000
x16: 	0x00000000
x17: 	0x00000000
x18: 	0x00000000
x19: 	0x00000000
x20: 	0x00000000
x21: 	0x00000000
x22: 	0x00000000
x23: 	0x00000000
x24: 	0x00000000
x25: 	0x00000000
x26: 	0x00000000
x27: 	0x00000000
x28: 	0x00000000
x29: 	0x00000000
x30: 	0x00000000
x31: 	0x00000000

0x00000738	0x00000000	Unkown Instruction 

All Registers: 
x0: 	0x00000000
x1: 	0x00000000
x2: 	0x00000000
x3: 	0x00000000
x4: 	0x00000000
x5: 	0x00000000
x6: 	0x00000000
x7: 	0x00000000
x8: 	0x00000000
x9: 	0x00000000
x10: 	0x00000000
x11: 	0x00000000
x12: 	0x00000000
x13: 	0x00000000
x14: 	0x00000000
x15: 	0x00000000
x16: 	0x00000000
x17: 	0x00000000
x18: 	0x00000000
x19: 	0x00000000
x20: 	0x00000000
x21: 	0x00000000
x22: 	0x00000000
x23: 	0x00000000
x24: 	0x00000000
x25: 	0x00000000
x26: 	0x00000000
x27: 	0x00000000
x28: 	0x00000000
x29: 	0x00000000
x30: 	0x00000000
x31: 	0x00000000

0x0000073c	0x00000000	Unkown Instruction 

All Registers: 
x0: 	0x00000000
x1: 	0x00000000
x2: 	0x00000000
x3: 	0x00000000
x4: 	0x00000000
x5: 	0x00000000
x6: 	0x00000000
x7: 	0x00000000
x8: 	0x00000000
x9: 	0x00000000
x10: 	0x00000000
x11: 	0x00000000
x12: 	0x00000000
x13: 	0x00000000
x14: 	0x00000000
x15: 	0x00000000
x16: 	0x00000000
x17: 	0x00000000
x18: 	0x00000000
x19: 	0x00000000
x20: 	0x00000000
x21: 	0x00000000
x22: 	0x00000000
x23: 	0x00000000
x24: 	0x00000000
x25: 	0x00000000
x26: 	0x00000000
x27: 	0x00000000
x28: 	0x00000000
x29: 	0x00000000
x30: 	0x00000000
x31: 	0x00000000

0x00000740	0x00000000	Unkown Instruction 

All Registers: 
x0: 	0x00000000
x1: 	0x00000000
x2: 	0x00000000
x3: 	0x00000000
x4: 	0x00000000
x5: 	0x00000000
x6: 	0x00000000
x7: 	0x00000000
x8: 	0x00000000
x9: 	0x00000000
x10: 	0x00000000
x11: 	0x00000000
x12: 	0x00000000
x13: 	0x00000000
x14: 	0x00000000
x15: 	0x00000000
x16: 	0x00000000
x17: 	0x00000000
x18: 	0x00000000
x19: 	0x00000000
x20: 	0x00000000
x21: 	0x00000000
x22: 	0x00000000
x23: 	0x00000000
x24: 	0x00000000
x25: 	0x00000000
x26: 	0x00000000
x27: 	0x00000000
x28: 	0x00000000
x29: 	0x00000000
x30: 	0x00000000
x31: 	0x00000000

0x00000744	0x00000000	Unkown Instruction 

All Registers: 
x0: 	0x00000000
x1: 	0x00000000
x2: 	0x00000000
x3: 	0x00000000
x4: 	0x00000000
x5: 	0x00000000
x6: 	0x00000000
x7: 	0x00000000
x8: 	0x00000000
x9: 	0x00000000
x10: 	0x00000000
x11: 	0x00000000
x12: 	0x00000000
x13: 	0x00000000
x14: 	0x00000000
x15: 	0x00000000
x16: 	0x00000000
x17: 	0x00000000
x18: 	0x00000000
x19: 	0x00000000
x20: 	0x00000000
x21: 	0x00000000
x22: 	0x00000000
x23: 	0x00000000
x24: 	0x00000000
x25: 	0x00000000
x26: 	0x00000000
x27: 	0x00000000
x28: 	0x00000000
x29: 	0x00000000
x30: 	0x00000000
x31: 	0x00000000

0x00000748	0x00000000	Unkown Instruction 

All Registers: 
x0: 	0x00000000
x1: 	0x00000000
x2: 	0x00000000
x3: 	0x00000000
x4: 	0x00000000
x5: 	0x00000000
x6: 	0x00000000
x7: 	0x00000000
x8: 	0x00000000
x9: 	0x00000000
x10: 	0x00000000
x11: 	0x00000000
x12: 	0x00000000
x13: 	0x00000000
x14: 	0x00000000
x15: 	0x00000000
x16: 	0x00000000
x17: 	0x00000000
x18: 	0x00000000
x19: 	0x00000000
x20: 	0x00000000
x21: 	0x00000000
x22: 	0x00000000
x23: 	0x00000000
x24: 	0x00000000
x25: 	0x00000000
x26: 	0x00000000
x27: 	0x00000000
x28: 	0x00000000
x29: 	0x00000000
x30: 	0x00000000
x31: 	0x00000000

0x0000074c	0x00000000	Unkown Instruction 

All Registers: 
x0: 	0x00000000
x1: 	0x00000000
x2: 	0x00000000
x3: 	0x00000000
x4: 	0x00000000
x5: 	0x00000000
x6: 	0x00000000
x7: 	0x00000000
x8: 	0x00000000
x9: 	0x00000000
x10: 	0x00000000
x11: 	0x00000000
x12: 	0x00000000
x13: 	0x00000000
x14: 	0x00000000
x15: 	0x00000000
x16: 	0x00000000
x17: 	0x00000000
x18: 	0x00000000
x19: 	0x00000000
x20: 	0x00000000
x21: 	0x00000000
x22: 	0x00000000
x23: 	0x00000000
x24: 	0x00000000
x25: 	0x00000000
x26: 	0x00000000
x27: 	0x00000000
x28: 	0x00000000
x29: 	0x00000000
x30: 	0x00000000
x31: 	0x00000000

0x00000750	0x00000000	Unkown Instruction 

All Registers: 
x0: 	0x00000000
x1: 	0x00000000
x2: 	0x00000000
x3: 	0x00000000
x4: 	0x00000000
x5: 	0x00000000
x6: 	0x00000000
x7: 	0x00000000
x8: 	0x00000000
x9: 	0x00000000
x10: 	0x00000000
x11: 	0x00000000
x12: 	0x00000000
x13: 	0x00000000
x14: 	0x00000000
x15: 	0x00000000
x16: 	0x00000000
x17: 	0x00000000
x18: 	0x00000000
x19: 	0x00000000
x20: 	0x00000000
x21: 	0x00000000
x22: 	0x00000000
x23: 	0x00000000
x24: 	0x00000000
x25: 	0x00000000
x26: 	0x00000000
x27: 	0x00000000
x28: 	0x00000000
x29: 	0x00000000
x30: 	0x00000000
x31: 	0x00000000

0x00000754	0x00000000	Unkown Instruction 

All Registers: 
x0: 	0x00000000
x1: 	0x00000000
x2: 	0x00000000
x3: 	0x00000000
x4: 	0x00000000
x5: 	0x00000000
x6: 	0x00000000
x7: 	0x00000000
x8: 	0x00000000
x9: 	0x00000000
x10: 	0x00000000
x11: 	0x00000000
x12: 	0x00000000
x13: 	0x00000000
x14: 	0x00000000
x15: 	0x00000000
x16: 	0x00000000
x17: 	0x00000000
x18: 	0x00000000
x19: 	0x00000000
x20: 	0x00000000
x21: 	0x00000000
x22: 	0x00000000
x23: 	0x00000000
x24: 	0x00000000
x25: 	0x00000000
x26: 	0x00000000
x27: 	0x00000000
x28: 	0x00000000
x29: 	0x00000000
x30: 	0x00000000
x31: 	0x00000000

0x00000758	0x00000000	Unkown Instruction 

All Registers: 
x0: 	0x00000000
x1: 	0x00000000
x2: 	0x00000000
x3: 	0x00000000
x4: 	0x00000000
x5: 	0x00000000
x6: 	0x00000000
x7: 	0x00000000
x8: 	0x00000000
x9: 	0x00000000
x10: 	0x00000000
x11: 	0x00000000
x12: 	0x00000000
x13: 	0x00000000
x14: 	0x00000000
x15: 	0x00000000
x16: 	0x00000000
x17: 	0x00000000
x18: 	0x00000000
x19: 	0x00000000
x20: 	0x00000000
x21: 	0x00000000
x22: 	0x00000000
x23: 	0x00000000
x24: 	0x00000000
x25: 	0x00000000
x26: 	0x00000000
x27: 	0x00000000
x28: 	0x00000000
x29: 	0x00000000
x30: 	0x00000000
x31: 	0x00000000

0x0000075c	0x00000000	Unkown Instruction 

All Registers: 
x0: 	0x00000000
x1: 	0x00000000
x2: 	0x00000000
x3: 	0x00000000
x4: 	0x00000000
x5: 	0x00000000
x6: 	0x00000000
x7: 	0x00000000
x8: 	0x00000000
x9: 	0x00000000
x10: 	0x00000000
x11: 	0x00000000
x12: 	0x00000000
x13: 	0x00000000
x14: 	0x00000000
x15: 	0x00000000
x16: 	0x00000000
x17: 	0x00000000
x18: 	0x00000000
x19: 	0x00000000
x20: 	0x00000000
x21: 	0x00000000
x22: 	0x00000000
x23: 	0x00000000
x24: 	0x00000000
x25: 	0x00000000
x26: 	0x00000000
x27: 	0x00000000
x28: 	0x00000000
x29: 	0x00000000
x30: 	0x00000000
x31: 	0x00000000

0x00000760	0x00000000	Unkown Instruction 

All Registers: 
x0: 	0x00000000
x1: 	0x00000000
x2: 	0x00000000
x3: 	0x00000000
x4: 	0x00000000
x5: 	0x00000000
x6: 	0x00000000
x7: 	0x00000000
x8: 	0x00000000
x9: 	0x00000000
x10: 	0x00000000
x11: 	0x00000000
x12: 	0x00000000
x13: 	0x00000000
x14: 	0x00000000
x15: 	0x00000000
x16: 	0x00000000
x17: 	0x00000000
x18: 	0x00000000
x19: 	0x00000000
x20: 	0x00000000
x21: 	0x00000000
x22: 	0x00000000
x23: 	0x00000000
x24: 	0x00000000
x25: 	0x00000000
x26: 	0x00000000
x27: 	0x00000000
x28: 	0x00000000
x29: 	0x00000000
x30: 	0x00000000
x31: 	0x00000000

0x00000764	0x00000000	Unkown Instruction 

All Registers: 
x0: 	0x00000000
x1: 	0x00000000
x2: 	0x00000000
x3: 	0x00000000
x4: 	0x00000000
x5: 	0x00000000
x6: 	0x00000000
x7: 	0x00000000
x8: 	0x00000000
x9: 	0x00000000
x10: 	0x00000000
x11: 	0x00000000
x12: 	0x00000000
x13: 	0x00000000
x14: 	0x00000000
x15: 	0x00000000
x16: 	0x00000000
x17: 	0x00000000
x18: 	0x00000000
x19: 	0x00000000
x20: 	0x00000000
x21: 	0x00000000
x22: 	0x00000000
x23: 	0x00000000
x24: 	0x00000000
x25: 	0x00000000
x26: 	0x00000000
x27: 	0x00000000
x28: 	0x00000000
x29: 	0x00000000
x30: 	0x00000000
x31: 	0x00000000

0x00000768	0x00000000	Unkown Instruction 

All Registers: 
x0: 	0x00000000
x1: 	0x00000000
x2: 	0x00000000
x3: 	0x00000000
x4: 	0x00000000
x5: 	0x00000000
x6: 	0x00000000
x7: 	0x00000000
x8: 	0x00000000
x9: 	0x00000000
x10: 	0x00000000
x11: 	0x00000000
x12: 	0x00000000
x13: 	0x00000000
x14: 	0x00000000
x15: 	0x00000000
x16: 	0x00000000
x17: 	0x00000000
x18: 	0x00000000
x19: 	0x00000000
x20: 	0x00000000
x21: 	0x00000000
x22: 	0x00000000
x23: 	0x00000000
x24: 	0x00000000
x25: 	0x00000000
x26: 	0x00000000
x27: 	0x00000000
x28: 	0x00000000
x29: 	0x00000000
x30: 	0x00000000
x31: 	0x00000000

0x0000076c	0x00000000	Unkown Instruction 

All Registers: 
x0: 	0x00000000
x1: 	0x00000000
x2: 	0x00000000
x3: 	0x00000000
x4: 	0x00000000
x5: 	0x00000000
x6: 	0x00000000
x7: 	0x00000000
x8: 	0x00000000
x9: 	0x00000000
x10: 	0x00000000
x11: 	0x00000000
x12: 	0x00000000
x13: 	0x00000000
x14: 	0x00000000
x15: 	0x00000000
x16: 	0x00000000
x17: 	0x00000000
x18: 	0x00000000
x19: 	0x00000000
x20: 	0x00000000
x21: 	0x00000000
x22: 	0x00000000
x23: 	0x00000000
x24: 	0x00000000
x25: 	0x00000000
x26: 	0x00000000
x27: 	0x00000000
x28: 	0x00000000
x29: 	0x00000000
x30: 	0x00000000
x31: 	0x00000000

0x00000770	0x00000000	Unkown Instruction 

All Registers: 
x0: 	0x00000000
x1: 	0x00000000
x2: 	0x00000000
x3: 	0x00000000
x4: 	0x00000000
x5: 	0x00000000
x6: 	0x00000000
x7: 	0x00000000
x8: 	0x00000000
x9: 	0x00000000
x10: 	0x00000000
x11: 	0x00000000
x12: 	0x00000000
x13: 	0x00000000
x14: 	0x00000000
x15: 	0x00000000
x16: 	0x00000000
x17: 	0x00000000
x18: 	0x00000000
x19: 	0x00000000
x20: 	0x00000000
x21: 	0x00000000
x22: 	0x00000000
x23: 	0x00000000
x24: 	0x00000000
x25: 	0x00000000
x26: 	0x00000000
x27: 	0x00000000
x28: 	0x00000000
x29: 	0x00000000
x30: 	0x00000000
x31: 	0x00000000

0x00000774	0x00000000	Unkown Instruction 

All Registers: 
x0: 	0x00000000
x1: 	0x00000000
x2: 	0x00000000
x3: 	0x00000000
x4: 	0x00000000
x5: 	0x00000000
x6: 	0x00000000
x7: 	0x00000000
x8: 	0x00000000
x9: 	0x00000000
x10: 	0x00000000
x11: 	0x00000000
x12: 	0x00000000
x13: 	0x00000000
x14: 	0x00000000
x15: 	0x00000000
x16: 	0x00000000
x17: 	0x00000000
x18: 	0x00000000
x19: 	0x00000000
x20: 	0x00000000
x21: 	0x00000000
x22: 	0x00000000
x23: 	0x00000000
x24: 	0x00000000
x25: 	0x00000000
x26: 	0x00000000
x27: 	0x00000000
x28: 	0x00000000
x29: 	0x00000000
x30: 	0x00000000
x31: 	0x00000000

0x00000778	0x00000000	Unkown Instruction 

All Registers: 
x0: 	0x00000000
x1: 	0x00000000
x2: 	0x00000000
x3: 	0x00000000
x4: 	0x00000000
x5: 	0x00000000
x6: 	0x00000000
x7: 	0x00000000
x8: 	0x00000000
x9: 	0x00000000
x10: 	0x00000000
x11: 	0x00000000
x12: 	0x00000000
x13: 	0x00000000
x14: 	0x00000000
x15: 	0x00000000
x16: 	0x00000000
x17: 	0x00000000
x18: 	0x00000000
x19: 	0x00000000
x20: 	0x00000000
x21: 	0x00000000
x22: 	0x00000000
x23: 	0x00000000
x24: 	0x00000000
x25: 	0x00000000
x26: 	0x00000000
x27: 	0x00000000
x28: 	0x00000000
x29: 	0x00000000
x30: 	0x00000000
x31: 	0x00000000

0x0000077c	0x00000000	Unkown Instruction 

All Registers: 
x0: 	0x00000000
x1: 	0x00000000
x2: 	0x00000000
x3: 	0x00000000
x4: 	0x00000000
x5: 	0x00000000
x6: 	0x00000000
x7: 	0x00000000
x8: 	0x00000000
x9: 	0x00000000
x10: 	0x00000000
x11: 	0x00000000
x12: 	0x00000000
x13: 	0x00000000
x14: 	0x00000000
x15: 	0x00000000
x16: 	0x00000000
x17: 	0x00000000
x18: 	0x00000000
x19: 	0x00000000
x20: 	0x00000000
x21: 	0x00000000
x22: 	0x00000000
x23: 	0x00000000
x24: 	0x00000000
x25: 	0x00000000
x26: 	0x00000000
x27: 	0x00000000
x28: 	0x00000000
x29: 	0x00000000
x30: 	0x00000000
x31: 	0x00000000

0x00000780	0x00000000	Unkown Instruction 

All Registers: 
x0: 	0x00000000
x1: 	0x00000000
x2: 	0x00000000
x3: 	0x00000000
x4: 	0x00000000
x5: 	0x00000000
x6: 	0x00000000
x7: 	0x00000000
x8: 	0x00000000
x9: 	0x00000000
x10: 	0x00000000
x11: 	0x00000000
x12: 	0x00000000
x13: 	0x00000000
x14: 	0x00000000
x15: 	0x00000000
x16: 	0x00000000
x17: 	0x00000000
x18: 	0x00000000
x19: 	0x00000000
x20: 	0x00000000
x21: 	0x00000000
x22: 	0x00000000
x23: 	0x00000000
x24: 	0x00000000
x25: 	0x00000000
x26: 	0x00000000
x27: 	0x00000000
x28: 	0x00000000
x29: 	0x00000000
x30: 	0x00000000
x31: 	0x00000000

0x00000784	0x00000000	Unkown Instruction 

All Registers: 
x0: 	0x00000000
x1: 	0x00000000
x2: 	0x00000000
x3: 	0x00000000
x4: 	0x00000000
x5: 	0x00000000
x6: 	0x00000000
x7: 	0x00000000
x8: 	0x00000000
x9: 	0x00000000
x10: 	0x00000000
x11: 	0x00000000
x12: 	0x00000000
x13: 	0x00000000
x14: 	0x00000000
x15: 	0x00000000
x16: 	0x00000000
x17: 	0x00000000
x18: 	0x00000000
x19: 	0x00000000
x20: 	0x00000000
x21: 	0x00000000
x22: 	0x00000000
x23: 	0x00000000
x24: 	0x00000000
x25: 	0x00000000
x26: 	0x00000000
x27: 	0x00000000
x28: 	0x00000000
x29: 	0x00000000
x30: 	0x00000000
x31: 	0x00000000

0x00000788	0x00000000	Unkown Instruction 

All Registers: 
x0: 	0x00000000
x1: 	0x00000000
x2: 	0x00000000
x3: 	0x00000000
x4: 	0x00000000
x5: 	0x00000000
x6: 	0x00000000
x7: 	0x00000000
x8: 	0x00000000
x9: 	0x00000000
x10: 	0x00000000
x11: 	0x00000000
x12: 	0x00000000
x13: 	0x00000000
x14: 	0x00000000
x15: 	0x00000000
x16: 	0x00000000
x17: 	0x00000000
x18: 	0x00000000
x19: 	0x00000000
x20: 	0x00000000
x21: 	0x00000000
x22: 	0x00000000
x23: 	0x00000000
x24: 	0x00000000
x25: 	0x00000000
x26: 	0x00000000
x27: 	0x00000000
x28: 	0x00000000
x29: 	0x00000000
x30: 	0x00000000
x31: 	0x00000000

0x0000078c	0x00000000	Unkown Instruction 

All Registers: 
x0: 	0x00000000
x1: 	0x00000000
x2: 	0x00000000
x3: 	0x00000000
x4: 	0x00000000
x5: 	0x00000000
x6: 	0x00000000
x7: 	0x00000000
x8: 	0x00000000
x9: 	0x00000000
x10: 	0x00000000
x11: 	0x00000000
x12: 	0x00000000
x13: 	0x00000000
x14: 	0x00000000
x15: 	0x00000000
x16: 	0x00000000
x17: 	0x00000000
x18: 	0x00000000
x19: 	0x00000000
x20: 	0x00000000
x21: 	0x00000000
x22: 	0x00000000
x23: 	0x00000000
x24: 	0x00000000
x25: 	0x00000000
x26: 	0x00000000
x27: 	0x00000000
x28: 	0x00000000
x29: 	0x00000000
x30: 	0x00000000
x31: 	0x00000000

0x00000790	0x00000000	Unkown Instruction 

All Registers: 
x0: 	0x00000000
x1: 	0x00000000
x2: 	0x00000000
x3: 	0x00000000
x4: 	0x00000000
x5: 	0x00000000
x6: 	0x00000000
x7: 	0x00000000
x8: 	0x00000000
x9: 	0x00000000
x10: 	0x00000000
x11: 	0x00000000
x12: 	0x00000000
x13: 	0x00000000
x14: 	0x00000000
x15: 	0x00000000
x16: 	0x00000000
x17: 	0x00000000
x18: 	0x00000000
x19: 	0x00000000
x20: 	0x00000000
x21: 	0x00000000
x22: 	0x00000000
x23: 	0x00000000
x24: 	0x00000000
x25: 	0x00000000
x26: 	0x00000000
x27: 	0x00000000
x28: 	0x00000000
x29: 	0x00000000
x30: 	0x00000000
x31: 	0x00000000

0x00000794	0x00000000	Unkown Instruction 

All Registers: 
x0: 	0x00000000
x1: 	0x00000000
x2: 	0x00000000
x3: 	0x00000000
x4: 	0x00000000
x5: 	0x00000000
x6: 	0x00000000
x7: 	0x00000000
x8: 	0x00000000
x9: 	0x00000000
x10: 	0x00000000
x11: 	0x00000000
x12: 	0x00000000
x13: 	0x00000000
x14: 	0x00000000
x15: 	0x00000000
x16: 	0x00000000
x17: 	0x00000000
x18: 	0x00000000
x19: 	0x00000000
x20: 	0x00000000
x21: 	0x00000000
x22: 	0x00000000
x23: 	0x00000000
x24: 	0x00000000
x25: 	0x00000000
x26: 	0x00000000
x27: 	0x00000000
x28: 	0x00000000
x29: 	0x00000000
x30: 	0x00000000
x31: 	0x00000000

0x00000798	0x00000000	Unkown Instruction 

All Registers: 
x0: 	0x00000000
x1: 	0x00000000
x2: 	0x00000000
x3: 	0x00000000
x4: 	0x00000000
x5: 	0x00000000
x6: 	0x00000000
x7: 	0x00000000
x8: 	0x00000000
x9: 	0x00000000
x10: 	0x00000000
x11: 	0x00000000
x12: 	0x00000000
x13: 	0x00000000
x14: 	0x00000000
x15: 	0x00000000
x16: 	0x00000000
x17: 	0x00000000
x18: 	0x00000000
x19: 	0x00000000
x20: 	0x00000000
x21: 	0x00000000
x22: 	0x00000000
x23: 	0x00000000
x24: 	0x00000000
x25: 	0x00000000
x26: 	0x00000000
x27: 	0x00000000
x28: 	0x00000000
x29: 	0x00000000
x30: 	0x00000000
x31: 	0x00000000

0x0000079c	0x00000000	Unkown Instruction 

All Registers: 
x0: 	0x00000000
x1: 	0x00000000
x2: 	0x00000000
x3: 	0x00000000
x4: 	0x00000000
x5: 	0x00000000
x6: 	0x00000000
x7: 	0x00000000
x8: 	0x00000000
x9: 	0x00000000
x10: 	0x00000000
x11: 	0x00000000
x12: 	0x00000000
x13: 	0x00000000
x14: 	0x00000000
x15: 	0x00000000
x16: 	0x00000000
x17: 	0x00000000
x18: 	0x00000000
x19: 	0x00000000
x20: 	0x00000000
x21: 	0x00000000
x22: 	0x00000000
x23: 	0x00000000
x24: 	0x00000000
x25: 	0x00000000
x26: 	0x00000000
x27: 	0x00000000
x28: 	0x00000000
x29: 	0x00000000
x30: 	0x00000000
x31: 	0x00000000

0x000007a0	0x00000000	Unkown Instruction 

All Registers: 
x0: 	0x00000000
x1: 	0x00000000
x2: 	0x00000000
x3: 	0x00000000
x4: 	0x00000000
x5: 	0x00000000
x6: 	0x00000000
x7: 	0x00000000
x8: 	0x00000000
x9: 	0x00000000
x10: 	0x00000000
x11: 	0x00000000
x12: 	0x00000000
x13: 	0x00000000
x14: 	0x00000000
x15: 	0x00000000
x16: 	0x00000000
x17: 	0x00000000
x18: 	0x00000000
x19: 	0x00000000
x20: 	0x00000000
x21: 	0x00000000
x22: 	0x00000000
x23: 	0x00000000
x24: 	0x00000000
x25: 	0x00000000
x26: 	0x00000000
x27: 	0x00000000
x28: 	0x00000000
x29: 	0x00000000
x30: 	0x00000000
x31: 	0x00000000

0x000007a4	0x00000000	Unkown Instruction 

All Registers: 
x0: 	0x00000000
x1: 	0x00000000
x2: 	0x00000000
x3: 	0x00000000
x4: 	0x00000000
x5: 	0x00000000
x6: 	0x00000000
x7: 	0x00000000
x8: 	0x00000000
x9: 	0x00000000
x10: 	0x00000000
x11: 	0x00000000
x12: 	0x00000000
x13: 	0x00000000
x14: 	0x00000000
x15: 	0x00000000
x16: 	0x00000000
x17: 	0x00000000
x18: 	0x00000000
x19: 	0x00000000
x20: 	0x00000000
x21: 	0x00000000
x22: 	0x00000000
x23: 	0x00000000
x24: 	0x00000000
x25: 	0x00000000
x26: 	0x00000000
x27: 	0x00000000
x28: 	0x00000000
x29: 	0x00000000
x30: 	0x00000000
x31: 	0x00000000

0x000007a8	0x00000000	Unkown Instruction 

All Registers: 
x0: 	0x00000000
x1: 	0x00000000
x2: 	0x00000000
x3: 	0x00000000
x4: 	0x00000000
x5: 	0x00000000
x6: 	0x00000000
x7: 	0x00000000
x8: 	0x00000000
x9: 	0x00000000
x10: 	0x00000000
x11: 	0x00000000
x12: 	0x00000000
x13: 	0x00000000
x14: 	0x00000000
x15: 	0x00000000
x16: 	0x00000000
x17: 	0x00000000
x18: 	0x00000000
x19: 	0x00000000
x20: 	0x00000000
x21: 	0x00000000
x22: 	0x00000000
x23: 	0x00000000
x24: 	0x00000000
x25: 	0x00000000
x26: 	0x00000000
x27: 	0x00000000
x28: 	0x00000000
x29: 	0x00000000
x30: 	0x00000000
x31: 	0x00000000

0x000007ac	0x00000000	Unkown Instruction 

All Registers: 
x0: 	0x00000000
x1: 	0x00000000
x2: 	0x00000000
x3: 	0x00000000
x4: 	0x00000000
x5: 	0x00000000
x6: 	0x00000000
x7: 	0x00000000
x8: 	0x00000000
x9: 	0x00000000
x10: 	0x00000000
x11: 	0x00000000
x12: 	0x00000000
x13: 	0x00000000
x14: 	0x00000000
x15: 	0x00000000
x16: 	0x00000000
x17: 	0x00000000
x18: 	0x00000000
x19: 	0x00000000
x20: 	0x00000000
x21: 	0x00000000
x22: 	0x00000000
x23: 	0x00000000
x24: 	0x00000000
x25: 	0x00000000
x26: 	0x00000000
x27: 	0x00000000
x28: 	0x00000000
x29: 	0x00000000
x30: 	0x00000000
x31: 	0x00000000

0x000007b0	0x00000000	Unkown Instruction 

All Registers: 
x0: 	0x00000000
x1: 	0x00000000
x2: 	0x00000000
x3: 	0x00000000
x4: 	0x00000000
x5: 	0x00000000
x6: 	0x00000000
x7: 	0x00000000
x8: 	0x00000000
x9: 	0x00000000
x10: 	0x00000000
x11: 	0x00000000
x12: 	0x00000000
x13: 	0x00000000
x14: 	0x00000000
x15: 	0x00000000
x16: 	0x00000000
x17: 	0x00000000
x18: 	0x00000000
x19: 	0x00000000
x20: 	0x00000000
x21: 	0x00000000
x22: 	0x00000000
x23: 	0x00000000
x24: 	0x00000000
x25: 	0x00000000
x26: 	0x00000000
x27: 	0x00000000
x28: 	0x00000000
x29: 	0x00000000
x30: 	0x00000000
x31: 	0x00000000

0x000007b4	0x00000000	Unkown Instruction 

All Registers: 
x0: 	0x00000000
x1: 	0x00000000
x2: 	0x00000000
x3: 	0x00000000
x4: 	0x00000000
x5: 	0x00000000
x6: 	0x00000000
x7: 	0x00000000
x8: 	0x00000000
x9: 	0x00000000
x10: 	0x00000000
x11: 	0x00000000
x12: 	0x00000000
x13: 	0x00000000
x14: 	0x00000000
x15: 	0x00000000
x16: 	0x00000000
x17: 	0x00000000
x18: 	0x00000000
x19: 	0x00000000
x20: 	0x00000000
x21: 	0x00000000
x22: 	0x00000000
x23: 	0x00000000
x24: 	0x00000000
x25: 	0x00000000
x26: 	0x00000000
x27: 	0x00000000
x28: 	0x00000000
x29: 	0x00000000
x30: 	0x00000000
x31: 	0x00000000

0x000007b8	0x00000000	Unkown Instruction 

All Registers: 
x0: 	0x00000000
x1: 	0x00000000
x2: 	0x00000000
x3: 	0x00000000
x4: 	0x00000000
x5: 	0x00000000
x6: 	0x00000000
x7: 	0x00000000
x8: 	0x00000000
x9: 	0x00000000
x10: 	0x00000000
x11: 	0x00000000
x12: 	0x00000000
x13: 	0x00000000
x14: 	0x00000000
x15: 	0x00000000
x16: 	0x00000000
x17: 	0x00000000
x18: 	0x00000000
x19: 	0x00000000
x20: 	0x00000000
x21: 	0x00000000
x22: 	0x00000000
x23: 	0x00000000
x24: 	0x00000000
x25: 	0x00000000
x26: 	0x00000000
x27: 	0x00000000
x28: 	0x00000000
x29: 	0x00000000
x30: 	0x00000000
x31: 	0x00000000

0x000007bc	0x00000000	Unkown Instruction 

All Registers: 
x0: 	0x00000000
x1: 	0x00000000
x2: 	0x00000000
x3: 	0x00000000
x4: 	0x00000000
x5: 	0x00000000
x6: 	0x00000000
x7: 	0x00000000
x8: 	0x00000000
x9: 	0x00000000
x10: 	0x00000000
x11: 	0x00000000
x12: 	0x00000000
x13: 	0x00000000
x14: 	0x00000000
x15: 	0x00000000
x16: 	0x00000000
x17: 	0x00000000
x18: 	0x00000000
x19: 	0x00000000
x20: 	0x00000000
x21: 	0x00000000
x22: 	0x00000000
x23: 	0x00000000
x24: 	0x00000000
x25: 	0x00000000
x26: 	0x00000000
x27: 	0x00000000
x28: 	0x00000000
x29: 	0x00000000
x30: 	0x00000000
x31: 	0x00000000

0x000007c0	0x00000000	Unkown Instruction 

All Registers: 
x0: 	0x00000000
x1: 	0x00000000
x2: 	0x00000000
x3: 	0x00000000
x4: 	0x00000000
x5: 	0x00000000
x6: 	0x00000000
x7: 	0x00000000
x8: 	0x00000000
x9: 	0x00000000
x10: 	0x00000000
x11: 	0x00000000
x12: 	0x00000000
x13: 	0x00000000
x14: 	0x00000000
x15: 	0x00000000
x16: 	0x00000000
x17: 	0x00000000
x18: 	0x00000000
x19: 	0x00000000
x20: 	0x00000000
x21: 	0x00000000
x22: 	0x00000000
x23: 	0x00000000
x24: 	0x00000000
x25: 	0x00000000
x26: 	0x00000000
x27: 	0x00000000
x28: 	0x00000000
x29: 	0x00000000
x30: 	0x00000000
x31: 	0x00000000

0x000007c4	0x00000000	Unkown Instruction 

All Registers: 
x0: 	0x00000000
x1: 	0x00000000
x2: 	0x00000000
x3: 	0x00000000
x4: 	0x00000000
x5: 	0x00000000
x6: 	0x00000000
x7: 	0x00000000
x8: 	0x00000000
x9: 	0x00000000
x10: 	0x00000000
x11: 	0x00000000
x12: 	0x00000000
x13: 	0x00000000
x14: 	0x00000000
x15: 	0x00000000
x16: 	0x00000000
x17: 	0x00000000
x18: 	0x00000000
x19: 	0x00000000
x20: 	0x00000000
x21: 	0x00000000
x22: 	0x00000000
x23: 	0x00000000
x24: 	0x00000000
x25: 	0x00000000
x26: 	0x00000000
x27: 	0x00000000
x28: 	0x00000000
x29: 	0x00000000
x30: 	0x00000000
x31: 	0x00000000

0x000007c8	0x00000000	Unkown Instruction 

All Registers: 
x0: 	0x00000000
x1: 	0x00000000
x2: 	0x00000000
x3: 	0x00000000
x4: 	0x00000000
x5: 	0x00000000
x6: 	0x00000000
x7: 	0x00000000
x8: 	0x00000000
x9: 	0x00000000
x10: 	0x00000000
x11: 	0x00000000
x12: 	0x00000000
x13: 	0x00000000
x14: 	0x00000000
x15: 	0x00000000
x16: 	0x00000000
x17: 	0x00000000
x18: 	0x00000000
x19: 	0x00000000
x20: 	0x00000000
x21: 	0x00000000
x22: 	0x00000000
x23: 	0x00000000
x24: 	0x00000000
x25: 	0x00000000
x26: 	0x00000000
x27: 	0x00000000
x28: 	0x00000000
x29: 	0x00000000
x30: 	0x00000000
x31: 	0x00000000

0x000007cc	0x00000000	Unkown Instruction 

All Registers: 
x0: 	0x00000000
x1: 	0x00000000
x2: 	0x00000000
x3: 	0x00000000
x4: 	0x00000000
x5: 	0x00000000
x6: 	0x00000000
x7: 	0x00000000
x8: 	0x00000000
x9: 	0x00000000
x10: 	0x00000000
x11: 	0x00000000
x12: 	0x00000000
x13: 	0x00000000
x14: 	0x00000000
x15: 	0x00000000
x16: 	0x00000000
x17: 	0x00000000
x18: 	0x00000000
x19: 	0x00000000
x20: 	0x00000000
x21: 	0x00000000
x22: 	0x00000000
x23: 	0x00000000
x24: 	0x00000000
x25: 	0x00000000
x26: 	0x00000000
x27: 	0x00000000
x28: 	0x00000000
x29: 	0x00000000
x30: 	0x00000000
x31: 	0x00000000

0x000007d0	0x00000000	Unkown Instruction 

All Registers: 
x0: 	0x00000000
x1: 	0x00000000
x2: 	0x00000000
x3: 	0x00000000
x4: 	0x00000000
x5: 	0x00000000
x6: 	0x00000000
x7: 	0x00000000
x8: 	0x00000000
x9: 	0x00000000
x10: 	0x00000000
x11: 	0x00000000
x12: 	0x00000000
x13: 	0x00000000
x14: 	0x00000000
x15: 	0x00000000
x16: 	0x00000000
x17: 	0x00000000
x18: 	0x00000000
x19: 	0x00000000
x20: 	0x00000000
x21: 	0x00000000
x22: 	0x00000000
x23: 	0x00000000
x24: 	0x00000000
x25: 	0x00000000
x26: 	0x00000000
x27: 	0x00000000
x28: 	0x00000000
x29: 	0x00000000
x30: 	0x00000000
x31: 	0x00000000

0x000007d4	0x00000000	Unkown Instruction 

All Registers: 
x0: 	0x00000000
x1: 	0x00000000
x2: 	0x00000000
x3: 	0x00000000
x4: 	0x00000000
x5: 	0x00000000
x6: 	0x00000000
x7: 	0x00000000
x8: 	0x00000000
x9: 	0x00000000
x10: 	0x00000000
x11: 	0x00000000
x12: 	0x00000000
x13: 	0x00000000
x14: 	0x00000000
x15: 	0x00000000
x16: 	0x00000000
x17: 	0x00000000
x18: 	0x00000000
x19: 	0x00000000
x20: 	0x00000000
x21: 	0x00000000
x22: 	0x00000000
x23: 	0x00000000
x24: 	0x00000000
x25: 	0x00000000
x26: 	0x00000000
x27: 	0x00000000
x28: 	0x00000000
x29: 	0x00000000
x30: 	0x00000000
x31: 	0x00000000

0x000007d8	0x00000000	Unkown Instruction 

All Registers: 
x0: 	0x00000000
x1: 	0x00000000
x2: 	0x00000000
x3: 	0x00000000
x4: 	0x00000000
x5: 	0x00000000
x6: 	0x00000000
x7: 	0x00000000
x8: 	0x00000000
x9: 	0x00000000
x10: 	0x00000000
x11: 	0x00000000
x12: 	0x00000000
x13: 	0x00000000
x14: 	0x00000000
x15: 	0x00000000
x16: 	0x00000000
x17: 	0x00000000
x18: 	0x00000000
x19: 	0x00000000
x20: 	0x00000000
x21: 	0x00000000
x22: 	0x00000000
x23: 	0x00000000
x24: 	0x00000000
x25: 	0x00000000
x26: 	0x00000000
x27: 	0x00000000
x28: 	0x00000000
x29: 	0x00000000
x30: 	0x00000000
x31: 	0x00000000

0x000007dc	0x00000000	Unkown Instruction 

All Registers: 
x0: 	0x00000000
x1: 	0x00000000
x2: 	0x00000000
x3: 	0x00000000
x4: 	0x00000000
x5: 	0x00000000
x6: 	0x00000000
x7: 	0x00000000
x8: 	0x00000000
x9: 	0x00000000
x10: 	0x00000000
x11: 	0x00000000
x12: 	0x00000000
x13: 	0x00000000
x14: 	0x00000000
x15: 	0x00000000
x16: 	0x00000000
x17: 	0x00000000
x18: 	0x00000000
x19: 	0x00000000
x20: 	0x00000000
x21: 	0x00000000
x22: 	0x00000000
x23: 	0x00000000
x24: 	0x00000000
x25: 	0x00000000
x26: 	0x00000000
x27: 	0x00000000
x28: 	0x00000000
x29: 	0x00000000
x30: 	0x00000000
x31: 	0x00000000

0x000007e0	0x00000000	Unkown Instruction 

All Registers: 
x0: 	0x00000000
x1: 	0x00000000
x2: 	0x00000000
x3: 	0x00000000
x4: 	0x00000000
x5: 	0x00000000
x6: 	0x00000000
x7: 	0x00000000
x8: 	0x00000000
x9: 	0x00000000
x10: 	0x00000000
x11: 	0x00000000
x12: 	0x00000000
x13: 	0x00000000
x14: 	0x00000000
x15: 	0x00000000
x16: 	0x00000000
x17: 	0x00000000
x18: 	0x00000000
x19: 	0x00000000
x20: 	0x00000000
x21: 	0x00000000
x22: 	0x00000000
x23: 	0x00000000
x24: 	0x00000000
x25: 	0x00000000
x26: 	0x00000000
x27: 	0x00000000
x28: 	0x00000000
x29: 	0x00000000
x30: 	0x00000000
x31: 	0x00000000

0x000007e4	0x00000000	Unkown Instruction 

All Registers: 
x0: 	0x00000000
x1: 	0x00000000
x2: 	0x00000000
x3: 	0x00000000
x4: 	0x00000000
x5: 	0x00000000
x6: 	0x00000000
x7: 	0x00000000
x8: 	0x00000000
x9: 	0x00000000
x10: 	0x00000000
x11: 	0x00000000
x12: 	0x00000000
x13: 	0x00000000
x14: 	0x00000000
x15: 	0x00000000
x16: 	0x00000000
x17: 	0x00000000
x18: 	0x00000000
x19: 	0x00000000
x20: 	0x00000000
x21: 	0x00000000
x22: 	0x00000000
x23: 	0x00000000
x24: 	0x00000000
x25: 	0x00000000
x26: 	0x00000000
x27: 	0x00000000
x28: 	0x00000000
x29: 	0x00000000
x30: 	0x00000000
x31: 	0x00000000

0x000007e8	0x00000000	Unkown Instruction 

All Registers: 
x0: 	0x00000000
x1: 	0x00000000
x2: 	0x00000000
x3: 	0x00000000
x4: 	0x00000000
x5: 	0x00000000
x6: 	0x00000000
x7: 	0x00000000
x8: 	0x00000000
x9: 	0x00000000
x10: 	0x00000000
x11: 	0x00000000
x12: 	0x00000000
x13: 	0x00000000
x14: 	0x00000000
x15: 	0x00000000
x16: 	0x00000000
x17: 	0x00000000
x18: 	0x00000000
x19: 	0x00000000
x20: 	0x00000000
x21: 	0x00000000
x22: 	0x00000000
x23: 	0x00000000
x24: 	0x00000000
x25: 	0x00000000
x26: 	0x00000000
x27: 	0x00000000
x28: 	0x00000000
x29: 	0x00000000
x30: 	0x00000000
x31: 	0x00000000

0x000007ec	0x00000000	Unkown Instruction 

All Registers: 
x0: 	0x00000000
x1: 	0x00000000
x2: 	0x00000000
x3: 	0x00000000
x4: 	0x00000000
x5: 	0x00000000
x6: 	0x00000000
x7: 	0x00000000
x8: 	0x00000000
x9: 	0x00000000
x10: 	0x00000000
x11: 	0x00000000
x12: 	0x00000000
x13: 	0x00000000
x14: 	0x00000000
x15: 	0x00000000
x16: 	0x00000000
x17: 	0x00000000
x18: 	0x00000000
x19: 	0x00000000
x20: 	0x00000000
x21: 	0x00000000
x22: 	0x00000000
x23: 	0x00000000
x24: 	0x00000000
x25: 	0x00000000
x26: 	0x00000000
x27: 	0x00000000
x28: 	0x00000000
x29: 	0x00000000
x30: 	0x00000000
x31: 	0x00000000

0x000007f0	0x00000000	Unkown Instruction 

All Registers: 
x0: 	0x00000000
x1: 	0x00000000
x2: 	0x00000000
x3: 	0x00000000
x4: 	0x00000000
x5: 	0x00000000
x6: 	0x00000000
x7: 	0x00000000
x8: 	0x00000000
x9: 	0x00000000
x10: 	0x00000000
x11: 	0x00000000
x12: 	0x00000000
x13: 	0x00000000
x14: 	0x00000000
x15: 	0x00000000
x16: 	0x00000000
x17: 	0x00000000
x18: 	0x00000000
x19: 	0x00000000
x20: 	0x00000000
x21: 	0x00000000
x22: 	0x00000000
x23: 	0x00000000
x24: 	0x00000000
x25: 	0x00000000
x26: 	0x00000000
x27: 	0x00000000
x28: 	0x00000000
x29: 	0x00000000
x30: 	0x00000000
x31: 	0x00000000

0x000007f4	0x00000000	Unkown Instruction 

All Registers: 
x0: 	0x00000000
x1: 	0x00000000
x2: 	0x00000000
x3: 	0x00000000
x4: 	0x00000000
x5: 	0x00000000
x6: 	0x00000000
x7: 	0x00000000
x8: 	0x00000000
x9: 	0x00000000
x10: 	0x00000000
x11: 	0x00000000
x12: 	0x00000000
x13: 	0x00000000
x14: 	0x00000000
x15: 	0x00000000
x16: 	0x00000000
x17: 	0x00000000
x18: 	0x00000000
x19: 	0x00000000
x20: 	0x00000000
x21: 	0x00000000
x22: 	0x00000000
x23: 	0x00000000
x24: 	0x00000000
x25: 	0x00000000
x26: 	0x00000000
x27: 	0x00000000
x28: 	0x00000000
x29: 	0x00000000
x30: 	0x00000000
x31: 	0x00000000

0x000007f8	0x00000000	Unkown Instruction 

All Registers: 
x0: 	0x00000000
x1: 	0x00000000
x2: 	0x00000000
x3: 	0x00000000
x4: 	0x00000000
x5: 	0x00000000
x6: 	0x00000000
x7: 	0x00000000
x8: 	0x00000000
x9: 	0x00000000
x10: 	0x00000000
x11: 	0x00000000
x12: 	0x00000000
x13: 	0x00000000
x14: 	0x00000000
x15: 	0x00000000
x16: 	0x00000000
x17: 	0x00000000
x18: 	0x00000000
x19: 	0x00000000
x20: 	0x00000000
x21: 	0x00000000
x22: 	0x00000000
x23: 	0x00000000
x24: 	0x00000000
x25: 	0x00000000
x26: 	0x00000000
x27: 	0x00000000
x28: 	0x00000000
x29: 	0x00000000
x30: 	0x00000000
x31: 	0x00000000

0x000007fc	0x00000000	Unkown Instruction 

All Registers: 
x0: 	0x00000000
x1: 	0x00000000
x2: 	0x00000000
x3: 	0x00000000
x4: 	0x00000000
x5: 	0x00000000
x6: 	0x00000000
x7: 	0x00000000
x8: 	0x00000000
x9: 	0x00000000
x10: 	0x00000000
x11: 	0x00000000
x12: 	0x00000000
x13: 	0x00000000
x14: 	0x00000000
x15: 	0x00000000
x16: 	0x00000000
x17: 	0x00000000
x18: 	0x00000000
x19: 	0x00000000
x20: 	0x00000000
x21: 	0x00000000
x22: 	0x00000000
x23: 	0x00000000
x24: 	0x00000000
x25: 	0x00000000
x26: 	0x00000000
x27: 	0x00000000
x28: 	0x00000000
x29: 	0x00000000
x30: 	0x00000000
x31: 	0x00000000

0x00000800	0x00000000	Unkown Instruction 

All Registers: 
x0: 	0x00000000
x1: 	0x00000000
x2: 	0x00000000
x3: 	0x00000000
x4: 	0x00000000
x5: 	0x00000000
x6: 	0x00000000
x7: 	0x00000000
x8: 	0x00000000
x9: 	0x00000000
x10: 	0x00000000
x11: 	0x00000000
x12: 	0x00000000
x13: 	0x00000000
x14: 	0x00000000
x15: 	0x00000000
x16: 	0x00000000
x17: 	0x00000000
x18: 	0x00000000
x19: 	0x00000000
x20: 	0x00000000
x21: 	0x00000000
x22: 	0x00000000
x23: 	0x00000000
x24: 	0x00000000
x25: 	0x00000000
x26: 	0x00000000
x27: 	0x00000000
x28: 	0x00000000
x29: 	0x00000000
x30: 	0x00000000
x31: 	0x00000000

0x00000804	0x00000000	Unkown Instruction 

All Registers: 
x0: 	0x00000000
x1: 	0x00000000
x2: 	0x00000000
x3: 	0x00000000
x4: 	0x00000000
x5: 	0x00000000
x6: 	0x00000000
x7: 	0x00000000
x8: 	0x00000000
x9: 	0x00000000
x10: 	0x00000000
x11: 	0x00000000
x12: 	0x00000000
x13: 	0x00000000
x14: 	0x00000000
x15: 	0x00000000
x16: 	0x00000000
x17: 	0x00000000
x18: 	0x00000000
x19: 	0x00000000
x20: 	0x00000000
x21: 	0x00000000
x22: 	0x00000000
x23: 	0x00000000
x24: 	0x00000000
x25: 	0x00000000
x26: 	0x00000000
x27: 	0x00000000
x28: 	0x00000000
x29: 	0x00000000
x30: 	0x00000000
x31: 	0x00000000

0x00000808	0x00000000	Unkown Instruction 

All Registers: 
x0: 	0x00000000
x1: 	0x00000000
x2: 	0x00000000
x3: 	0x00000000
x4: 	0x00000000
x5: 	0x00000000
x6: 	0x00000000
x7: 	0x00000000
x8: 	0x00000000
x9: 	0x00000000
x10: 	0x00000000
x11: 	0x00000000
x12: 	0x00000000
x13: 	0x00000000
x14: 	0x00000000
x15: 	0x00000000
x16: 	0x00000000
x17: 	0x00000000
x18: 	0x00000000
x19: 	0x00000000
x20: 	0x00000000
x21: 	0x00000000
x22: 	0x00000000
x23: 	0x00000000
x24: 	0x00000000
x25: 	0x00000000
x26: 	0x00000000
x27: 	0x00000000
x28: 	0x00000000
x29: 	0x00000000
x30: 	0x00000000
x31: 	0x00000000

0x0000080c	0x00000000	Unkown Instruction 

All Registers: 
x0: 	0x00000000
x1: 	0x00000000
x2: 	0x00000000
x3: 	0x00000000
x4: 	0x00000000
x5: 	0x00000000
x6: 	0x00000000
x7: 	0x00000000
x8: 	0x00000000
x9: 	0x00000000
x10: 	0x00000000
x11: 	0x00000000
x12: 	0x00000000
x13: 	0x00000000
x14: 	0x00000000
x15: 	0x00000000
x16: 	0x00000000
x17: 	0x00000000
x18: 	0x00000000
x19: 	0x00000000
x20: 	0x00000000
x21: 	0x00000000
x22: 	0x00000000
x23: 	0x00000000
x24: 	0x00000000
x25: 	0x00000000
x26: 	0x00000000
x27: 	0x00000000
x28: 	0x00000000
x29: 	0x00000000
x30: 	0x00000000
x31: 	0x00000000

0x00000810	0x00000000	Unkown Instruction 

All Registers: 
x0: 	0x00000000
x1: 	0x00000000
x2: 	0x00000000
x3: 	0x00000000
x4: 	0x00000000
x5: 	0x00000000
x6: 	0x00000000
x7: 	0x00000000
x8: 	0x00000000
x9: 	0x00000000
x10: 	0x00000000
x11: 	0x00000000
x12: 	0x00000000
x13: 	0x00000000
x14: 	0x00000000
x15: 	0x00000000
x16: 	0x00000000
x17: 	0x00000000
x18: 	0x00000000
x19: 	0x00000000
x20: 	0x00000000
x21: 	0x00000000
x22: 	0x00000000
x23: 	0x00000000
x24: 	0x00000000
x25: 	0x00000000
x26: 	0x00000000
x27: 	0x00000000
x28: 	0x00000000
x29: 	0x00000000
x30: 	0x00000000
x31: 	0x00000000

0x00000814	0x00000000	Unkown Instruction 

All Registers: 
x0: 	0x00000000
x1: 	0x00000000
x2: 	0x00000000
x3: 	0x00000000
x4: 	0x00000000
x5: 	0x00000000
x6: 	0x00000000
x7: 	0x00000000
x8: 	0x00000000
x9: 	0x00000000
x10: 	0x00000000
x11: 	0x00000000
x12: 	0x00000000
x13: 	0x00000000
x14: 	0x00000000
x15: 	0x00000000
x16: 	0x00000000
x17: 	0x00000000
x18: 	0x00000000
x19: 	0x00000000
x20: 	0x00000000
x21: 	0x00000000
x22: 	0x00000000
x23: 	0x00000000
x24: 	0x00000000
x25: 	0x00000000
x26: 	0x00000000
x27: 	0x00000000
x28: 	0x00000000
x29: 	0x00000000
x30: 	0x00000000
x31: 	0x00000000

0x00000818	0x00000000	Unkown Instruction 

All Registers: 
x0: 	0x00000000
x1: 	0x00000000
x2: 	0x00000000
x3: 	0x00000000
x4: 	0x00000000
x5: 	0x00000000
x6: 	0x00000000
x7: 	0x00000000
x8: 	0x00000000
x9: 	0x00000000
x10: 	0x00000000
x11: 	0x00000000
x12: 	0x00000000
x13: 	0x00000000
x14: 	0x00000000
x15: 	0x00000000
x16: 	0x00000000
x17: 	0x00000000
x18: 	0x00000000
x19: 	0x00000000
x20: 	0x00000000
x21: 	0x00000000
x22: 	0x00000000
x23: 	0x00000000
x24: 	0x00000000
x25: 	0x00000000
x26: 	0x00000000
x27: 	0x00000000
x28: 	0x00000000
x29: 	0x00000000
x30: 	0x00000000
x31: 	0x00000000

0x0000081c	0x00000000	Unkown Instruction 

All Registers: 
x0: 	0x00000000
x1: 	0x00000000
x2: 	0x00000000
x3: 	0x00000000
x4: 	0x00000000
x5: 	0x00000000
x6: 	0x00000000
x7: 	0x00000000
x8: 	0x00000000
x9: 	0x00000000
x10: 	0x00000000
x11: 	0x00000000
x12: 	0x00000000
x13: 	0x00000000
x14: 	0x00000000
x15: 	0x00000000
x16: 	0x00000000
x17: 	0x00000000
x18: 	0x00000000
x19: 	0x00000000
x20: 	0x00000000
x21: 	0x00000000
x22: 	0x00000000
x23: 	0x00000000
x24: 	0x00000000
x25: 	0x00000000
x26: 	0x00000000
x27: 	0x00000000
x28: 	0x00000000
x29: 	0x00000000
x30: 	0x00000000
x31: 	0x00000000

0x00000820	0x00000000	Unkown Instruction 

All Registers: 
x0: 	0x00000000
x1: 	0x00000000
x2: 	0x00000000
x3: 	0x00000000
x4: 	0x00000000
x5: 	0x00000000
x6: 	0x00000000
x7: 	0x00000000
x8: 	0x00000000
x9: 	0x00000000
x10: 	0x00000000
x11: 	0x00000000
x12: 	0x00000000
x13: 	0x00000000
x14: 	0x00000000
x15: 	0x00000000
x16: 	0x00000000
x17: 	0x00000000
x18: 	0x00000000
x19: 	0x00000000
x20: 	0x00000000
x21: 	0x00000000
x22: 	0x00000000
x23: 	0x00000000
x24: 	0x00000000
x25: 	0x00000000
x26: 	0x00000000
x27: 	0x00000000
x28: 	0x00000000
x29: 	0x00000000
x30: 	0x00000000
x31: 	0x00000000

0x00000824	0x00000000	Unkown Instruction 

All Registers: 
x0: 	0x00000000
x1: 	0x00000000
x2: 	0x00000000
x3: 	0x00000000
x4: 	0x00000000
x5: 	0x00000000
x6: 	0x00000000
x7: 	0x00000000
x8: 	0x00000000
x9: 	0x00000000
x10: 	0x00000000
x11: 	0x00000000
x12: 	0x00000000
x13: 	0x00000000
x14: 	0x00000000
x15: 	0x00000000
x16: 	0x00000000
x17: 	0x00000000
x18: 	0x00000000
x19: 	0x00000000
x20: 	0x00000000
x21: 	0x00000000
x22: 	0x00000000
x23: 	0x00000000
x24: 	0x00000000
x25: 	0x00000000
x26: 	0x00000000
x27: 	0x00000000
x28: 	0x00000000
x29: 	0x00000000
x30: 	0x00000000
x31: 	0x00000000

0x00000828	0x00000000	Unkown Instruction 

All Registers: 
x0: 	0x00000000
x1: 	0x00000000
x2: 	0x00000000
x3: 	0x00000000
x4: 	0x00000000
x5: 	0x00000000
x6: 	0x00000000
x7: 	0x00000000
x8: 	0x00000000
x9: 	0x00000000
x10: 	0x00000000
x11: 	0x00000000
x12: 	0x00000000
x13: 	0x00000000
x14: 	0x00000000
x15: 	0x00000000
x16: 	0x00000000
x17: 	0x00000000
x18: 	0x00000000
x19: 	0x00000000
x20: 	0x00000000
x21: 	0x00000000
x22: 	0x00000000
x23: 	0x00000000
x24: 	0x00000000
x25: 	0x00000000
x26: 	0x00000000
x27: 	0x00000000
x28: 	0x00000000
x29: 	0x00000000
x30: 	0x00000000
x31: 	0x00000000

0x0000082c	0x00000000	Unkown Instruction 

All Registers: 
x0: 	0x00000000
x1: 	0x00000000
x2: 	0x00000000
x3: 	0x00000000
x4: 	0x00000000
x5: 	0x00000000
x6: 	0x00000000
x7: 	0x00000000
x8: 	0x00000000
x9: 	0x00000000
x10: 	0x00000000
x11: 	0x00000000
x12: 	0x00000000
x13: 	0x00000000
x14: 	0x00000000
x15: 	0x00000000
x16: 	0x00000000
x17: 	0x00000000
x18: 	0x00000000
x19: 	0x00000000
x20: 	0x00000000
x21: 	0x00000000
x22: 	0x00000000
x23: 	0x00000000
x24: 	0x00000000
x25: 	0x00000000
x26: 	0x00000000
x27: 	0x00000000
x28: 	0x00000000
x29: 	0x00000000
x30: 	0x00000000
x31: 	0x00000000

0x00000830	0x00000000	Unkown Instruction 

All Registers: 
x0: 	0x00000000
x1: 	0x00000000
x2: 	0x00000000
x3: 	0x00000000
x4: 	0x00000000
x5: 	0x00000000
x6: 	0x00000000
x7: 	0x00000000
x8: 	0x00000000
x9: 	0x00000000
x10: 	0x00000000
x11: 	0x00000000
x12: 	0x00000000
x13: 	0x00000000
x14: 	0x00000000
x15: 	0x00000000
x16: 	0x00000000
x17: 	0x00000000
x18: 	0x00000000
x19: 	0x00000000
x20: 	0x00000000
x21: 	0x00000000
x22: 	0x00000000
x23: 	0x00000000
x24: 	0x00000000
x25: 	0x00000000
x26: 	0x00000000
x27: 	0x00000000
x28: 	0x00000000
x29: 	0x00000000
x30: 	0x00000000
x31: 	0x00000000

0x00000834	0x00000000	Unkown Instruction 

All Registers: 
x0: 	0x00000000
x1: 	0x00000000
x2: 	0x00000000
x3: 	0x00000000
x4: 	0x00000000
x5: 	0x00000000
x6: 	0x00000000
x7: 	0x00000000
x8: 	0x00000000
x9: 	0x00000000
x10: 	0x00000000
x11: 	0x00000000
x12: 	0x00000000
x13: 	0x00000000
x14: 	0x00000000
x15: 	0x00000000
x16: 	0x00000000
x17: 	0x00000000
x18: 	0x00000000
x19: 	0x00000000
x20: 	0x00000000
x21: 	0x00000000
x22: 	0x00000000
x23: 	0x00000000
x24: 	0x00000000
x25: 	0x00000000
x26: 	0x00000000
x27: 	0x00000000
x28: 	0x00000000
x29: 	0x00000000
x30: 	0x00000000
x31: 	0x00000000

0x00000838	0x00000000	Unkown Instruction 

All Registers: 
x0: 	0x00000000
x1: 	0x00000000
x2: 	0x00000000
x3: 	0x00000000
x4: 	0x00000000
x5: 	0x00000000
x6: 	0x00000000
x7: 	0x00000000
x8: 	0x00000000
x9: 	0x00000000
x10: 	0x00000000
x11: 	0x00000000
x12: 	0x00000000
x13: 	0x00000000
x14: 	0x00000000
x15: 	0x00000000
x16: 	0x00000000
x17: 	0x00000000
x18: 	0x00000000
x19: 	0x00000000
x20: 	0x00000000
x21: 	0x00000000
x22: 	0x00000000
x23: 	0x00000000
x24: 	0x00000000
x25: 	0x00000000
x26: 	0x00000000
x27: 	0x00000000
x28: 	0x00000000
x29: 	0x00000000
x30: 	0x00000000
x31: 	0x00000000

0x0000083c	0x00000000	Unkown Instruction 

All Registers: 
x0: 	0x00000000
x1: 	0x00000000
x2: 	0x00000000
x3: 	0x00000000
x4: 	0x00000000
x5: 	0x00000000
x6: 	0x00000000
x7: 	0x00000000
x8: 	0x00000000
x9: 	0x00000000
x10: 	0x00000000
x11: 	0x00000000
x12: 	0x00000000
x13: 	0x00000000
x14: 	0x00000000
x15: 	0x00000000
x16: 	0x00000000
x17: 	0x00000000
x18: 	0x00000000
x19: 	0x00000000
x20: 	0x00000000
x21: 	0x00000000
x22: 	0x00000000
x23: 	0x00000000
x24: 	0x00000000
x25: 	0x00000000
x26: 	0x00000000
x27: 	0x00000000
x28: 	0x00000000
x29: 	0x00000000
x30: 	0x00000000
x31: 	0x00000000

0x00000840	0x00000000	Unkown Instruction 

All Registers: 
x0: 	0x00000000
x1: 	0x00000000
x2: 	0x00000000
x3: 	0x00000000
x4: 	0x00000000
x5: 	0x00000000
x6: 	0x00000000
x7: 	0x00000000
x8: 	0x00000000
x9: 	0x00000000
x10: 	0x00000000
x11: 	0x00000000
x12: 	0x00000000
x13: 	0x00000000
x14: 	0x00000000
x15: 	0x00000000
x16: 	0x00000000
x17: 	0x00000000
x18: 	0x00000000
x19: 	0x00000000
x20: 	0x00000000
x21: 	0x00000000
x22: 	0x00000000
x23: 	0x00000000
x24: 	0x00000000
x25: 	0x00000000
x26: 	0x00000000
x27: 	0x00000000
x28: 	0x00000000
x29: 	0x00000000
x30: 	0x00000000
x31: 	0x00000000

0x00000844	0x00000000	Unkown Instruction 

All Registers: 
x0: 	0x00000000
x1: 	0x00000000
x2: 	0x00000000
x3: 	0x00000000
x4: 	0x00000000
x5: 	0x00000000
x6: 	0x00000000
x7: 	0x00000000
x8: 	0x00000000
x9: 	0x00000000
x10: 	0x00000000
x11: 	0x00000000
x12: 	0x00000000
x13: 	0x00000000
x14: 	0x00000000
x15: 	0x00000000
x16: 	0x00000000
x17: 	0x00000000
x18: 	0x00000000
x19: 	0x00000000
x20: 	0x00000000
x21: 	0x00000000
x22: 	0x00000000
x23: 	0x00000000
x24: 	0x00000000
x25: 	0x00000000
x26: 	0x00000000
x27: 	0x00000000
x28: 	0x00000000
x29: 	0x00000000
x30: 	0x00000000
x31: 	0x00000000

0x00000848	0x00000000	Unkown Instruction 

All Registers: 
x0: 	0x00000000
x1: 	0x00000000
x2: 	0x00000000
x3: 	0x00000000
x4: 	0x00000000
x5: 	0x00000000
x6: 	0x00000000
x7: 	0x00000000
x8: 	0x00000000
x9: 	0x00000000
x10: 	0x00000000
x11: 	0x00000000
x12: 	0x00000000
x13: 	0x00000000
x14: 	0x00000000
x15: 	0x00000000
x16: 	0x00000000
x17: 	0x00000000
x18: 	0x00000000
x19: 	0x00000000
x20: 	0x00000000
x21: 	0x00000000
x22: 	0x00000000
x23: 	0x00000000
x24: 	0x00000000
x25: 	0x00000000
x26: 	0x00000000
x27: 	0x00000000
x28: 	0x00000000
x29: 	0x00000000
x30: 	0x00000000
x31: 	0x00000000

0x0000084c	0x00000000	Unkown Instruction 

All Registers: 
x0: 	0x00000000
x1: 	0x00000000
x2: 	0x00000000
x3: 	0x00000000
x4: 	0x00000000
x5: 	0x00000000
x6: 	0x00000000
x7: 	0x00000000
x8: 	0x00000000
x9: 	0x00000000
x10: 	0x00000000
x11: 	0x00000000
x12: 	0x00000000
x13: 	0x00000000
x14: 	0x00000000
x15: 	0x00000000
x16: 	0x00000000
x17: 	0x00000000
x18: 	0x00000000
x19: 	0x00000000
x20: 	0x00000000
x21: 	0x00000000
x22: 	0x00000000
x23: 	0x00000000
x24: 	0x00000000
x25: 	0x00000000
x26: 	0x00000000
x27: 	0x00000000
x28: 	0x00000000
x29: 	0x00000000
x30: 	0x00000000
x31: 	0x00000000

0x00000850	0x00000000	Unkown Instruction 

All Registers: 
x0: 	0x00000000
x1: 	0x00000000
x2: 	0x00000000
x3: 	0x00000000
x4: 	0x00000000
x5: 	0x00000000
x6: 	0x00000000
x7: 	0x00000000
x8: 	0x00000000
x9: 	0x00000000
x10: 	0x00000000
x11: 	0x00000000
x12: 	0x00000000
x13: 	0x00000000
x14: 	0x00000000
x15: 	0x00000000
x16: 	0x00000000
x17: 	0x00000000
x18: 	0x00000000
x19: 	0x00000000
x20: 	0x00000000
x21: 	0x00000000
x22: 	0x00000000
x23: 	0x00000000
x24: 	0x00000000
x25: 	0x00000000
x26: 	0x00000000
x27: 	0x00000000
x28: 	0x00000000
x29: 	0x00000000
x30: 	0x00000000
x31: 	0x00000000

0x00000854	0x00000000	Unkown Instruction 

All Registers: 
x0: 	0x00000000
x1: 	0x00000000
x2: 	0x00000000
x3: 	0x00000000
x4: 	0x00000000
x5: 	0x00000000
x6: 	0x00000000
x7: 	0x00000000
x8: 	0x00000000
x9: 	0x00000000
x10: 	0x00000000
x11: 	0x00000000
x12: 	0x00000000
x13: 	0x00000000
x14: 	0x00000000
x15: 	0x00000000
x16: 	0x00000000
x17: 	0x00000000
x18: 	0x00000000
x19: 	0x00000000
x20: 	0x00000000
x21: 	0x00000000
x22: 	0x00000000
x23: 	0x00000000
x24: 	0x00000000
x25: 	0x00000000
x26: 	0x00000000
x27: 	0x00000000
x28: 	0x00000000
x29: 	0x00000000
x30: 	0x00000000
x31: 	0x00000000

0x00000858	0x00000000	Unkown Instruction 

All Registers: 
x0: 	0x00000000
x1: 	0x00000000
x2: 	0x00000000
x3: 	0x00000000
x4: 	0x00000000
x5: 	0x00000000
x6: 	0x00000000
x7: 	0x00000000
x8: 	0x00000000
x9: 	0x00000000
x10: 	0x00000000
x11: 	0x00000000
x12: 	0x00000000
x13: 	0x00000000
x14: 	0x00000000
x15: 	0x00000000
x16: 	0x00000000
x17: 	0x00000000
x18: 	0x00000000
x19: 	0x00000000
x20: 	0x00000000
x21: 	0x00000000
x22: 	0x00000000
x23: 	0x00000000
x24: 	0x00000000
x25: 	0x00000000
x26: 	0x00000000
x27: 	0x00000000
x28: 	0x00000000
x29: 	0x00000000
x30: 	0x00000000
x31: 	0x00000000

0x0000085c	0x00000000	Unkown Instruction 

All Registers: 
x0: 	0x00000000
x1: 	0x00000000
x2: 	0x00000000
x3: 	0x00000000
x4: 	0x00000000
x5: 	0x00000000
x6: 	0x00000000
x7: 	0x00000000
x8: 	0x00000000
x9: 	0x00000000
x10: 	0x00000000
x11: 	0x00000000
x12: 	0x00000000
x13: 	0x00000000
x14: 	0x00000000
x15: 	0x00000000
x16: 	0x00000000
x17: 	0x00000000
x18: 	0x00000000
x19: 	0x00000000
x20: 	0x00000000
x21: 	0x00000000
x22: 	0x00000000
x23: 	0x00000000
x24: 	0x00000000
x25: 	0x00000000
x26: 	0x00000000
x27: 	0x00000000
x28: 	0x00000000
x29: 	0x00000000
x30: 	0x00000000
x31: 	0x00000000

0x00000860	0x00000000	Unkown Instruction 

All Registers: 
x0: 	0x00000000
x1: 	0x00000000
x2: 	0x00000000
x3: 	0x00000000
x4: 	0x00000000
x5: 	0x00000000
x6: 	0x00000000
x7: 	0x00000000
x8: 	0x00000000
x9: 	0x00000000
x10: 	0x00000000
x11: 	0x00000000
x12: 	0x00000000
x13: 	0x00000000
x14: 	0x00000000
x15: 	0x00000000
x16: 	0x00000000
x17: 	0x00000000
x18: 	0x00000000
x19: 	0x00000000
x20: 	0x00000000
x21: 	0x00000000
x22: 	0x00000000
x23: 	0x00000000
x24: 	0x00000000
x25: 	0x00000000
x26: 	0x00000000
x27: 	0x00000000
x28: 	0x00000000
x29: 	0x00000000
x30: 	0x00000000
x31: 	0x00000000

0x00000864	0x00000000	Unkown Instruction 

All Registers: 
x0: 	0x00000000
x1: 	0x00000000
x2: 	0x00000000
x3: 	0x00000000
x4: 	0x00000000
x5: 	0x00000000
x6: 	0x00000000
x7: 	0x00000000
x8: 	0x00000000
x9: 	0x00000000
x10: 	0x00000000
x11: 	0x00000000
x12: 	0x00000000
x13: 	0x00000000
x14: 	0x00000000
x15: 	0x00000000
x16: 	0x00000000
x17: 	0x00000000
x18: 	0x00000000
x19: 	0x00000000
x20: 	0x00000000
x21: 	0x00000000
x22: 	0x00000000
x23: 	0x00000000
x24: 	0x00000000
x25: 	0x00000000
x26: 	0x00000000
x27: 	0x00000000
x28: 	0x00000000
x29: 	0x00000000
x30: 	0x00000000
x31: 	0x00000000

0x00000868	0x00000000	Unkown Instruction 

All Registers: 
x0: 	0x00000000
x1: 	0x00000000
x2: 	0x00000000
x3: 	0x00000000
x4: 	0x00000000
x5: 	0x00000000
x6: 	0x00000000
x7: 	0x00000000
x8: 	0x00000000
x9: 	0x00000000
x10: 	0x00000000
x11: 	0x00000000
x12: 	0x00000000
x13: 	0x00000000
x14: 	0x00000000
x15: 	0x00000000
x16: 	0x00000000
x17: 	0x00000000
x18: 	0x00000000
x19: 	0x00000000
x20: 	0x00000000
x21: 	0x00000000
x22: 	0x00000000
x23: 	0x00000000
x24: 	0x00000000
x25: 	0x00000000
x26: 	0x00000000
x27: 	0x00000000
x28: 	0x00000000
x29: 	0x00000000
x30: 	0x00000000
x31: 	0x00000000

0x0000086c	0x00000000	Unkown Instruction 

All Registers: 
x0: 	0x00000000
x1: 	0x00000000
x2: 	0x00000000
x3: 	0x00000000
x4: 	0x00000000
x5: 	0x00000000
x6: 	0x00000000
x7: 	0x00000000
x8: 	0x00000000
x9: 	0x00000000
x10: 	0x00000000
x11: 	0x00000000
x12: 	0x00000000
x13: 	0x00000000
x14: 	0x00000000
x15: 	0x00000000
x16: 	0x00000000
x17: 	0x00000000
x18: 	0x00000000
x19: 	0x00000000
x20: 	0x00000000
x21: 	0x00000000
x22: 	0x00000000
x23: 	0x00000000
x24: 	0x00000000
x25: 	0x00000000
x26: 	0x00000000
x27: 	0x00000000
x28: 	0x00000000
x29: 	0x00000000
x30: 	0x00000000
x31: 	0x00000000

0x00000870	0x00000000	Unkown Instruction 

All Registers: 
x0: 	0x00000000
x1: 	0x00000000
x2: 	0x00000000
x3: 	0x00000000
x4: 	0x00000000
x5: 	0x00000000
x6: 	0x00000000
x7: 	0x00000000
x8: 	0x00000000
x9: 	0x00000000
x10: 	0x00000000
x11: 	0x00000000
x12: 	0x00000000
x13: 	0x00000000
x14: 	0x00000000
x15: 	0x00000000
x16: 	0x00000000
x17: 	0x00000000
x18: 	0x00000000
x19: 	0x00000000
x20: 	0x00000000
x21: 	0x00000000
x22: 	0x00000000
x23: 	0x00000000
x24: 	0x00000000
x25: 	0x00000000
x26: 	0x00000000
x27: 	0x00000000
x28: 	0x00000000
x29: 	0x00000000
x30: 	0x00000000
x31: 	0x00000000

0x00000874	0x00000000	Unkown Instruction 

All Registers: 
x0: 	0x00000000
x1: 	0x00000000
x2: 	0x00000000
x3: 	0x00000000
x4: 	0x00000000
x5: 	0x00000000
x6: 	0x00000000
x7: 	0x00000000
x8: 	0x00000000
x9: 	0x00000000
x10: 	0x00000000
x11: 	0x00000000
x12: 	0x00000000
x13: 	0x00000000
x14: 	0x00000000
x15: 	0x00000000
x16: 	0x00000000
x17: 	0x00000000
x18: 	0x00000000
x19: 	0x00000000
x20: 	0x00000000
x21: 	0x00000000
x22: 	0x00000000
x23: 	0x00000000
x24: 	0x00000000
x25: 	0x00000000
x26: 	0x00000000
x27: 	0x00000000
x28: 	0x00000000
x29: 	0x00000000
x30: 	0x00000000
x31: 	0x00000000

0x00000878	0x00000000	Unkown Instruction 

All Registers: 
x0: 	0x00000000
x1: 	0x00000000
x2: 	0x00000000
x3: 	0x00000000
x4: 	0x00000000
x5: 	0x00000000
x6: 	0x00000000
x7: 	0x00000000
x8: 	0x00000000
x9: 	0x00000000
x10: 	0x00000000
x11: 	0x00000000
x12: 	0x00000000
x13: 	0x00000000
x14: 	0x00000000
x15: 	0x00000000
x16: 	0x00000000
x17: 	0x00000000
x18: 	0x00000000
x19: 	0x00000000
x20: 	0x00000000
x21: 	0x00000000
x22: 	0x00000000
x23: 	0x00000000
x24: 	0x00000000
x25: 	0x00000000
x26: 	0x00000000
x27: 	0x00000000
x28: 	0x00000000
x29: 	0x00000000
x30: 	0x00000000
x31: 	0x00000000

0x0000087c	0x00000000	Unkown Instruction 

All Registers: 
x0: 	0x00000000
x1: 	0x00000000
x2: 	0x00000000
x3: 	0x00000000
x4: 	0x00000000
x5: 	0x00000000
x6: 	0x00000000
x7: 	0x00000000
x8: 	0x00000000
x9: 	0x00000000
x10: 	0x00000000
x11: 	0x00000000
x12: 	0x00000000
x13: 	0x00000000
x14: 	0x00000000
x15: 	0x00000000
x16: 	0x00000000
x17: 	0x00000000
x18: 	0x00000000
x19: 	0x00000000
x20: 	0x00000000
x21: 	0x00000000
x22: 	0x00000000
x23: 	0x00000000
x24: 	0x00000000
x25: 	0x00000000
x26: 	0x00000000
x27: 	0x00000000
x28: 	0x00000000
x29: 	0x00000000
x30: 	0x00000000
x31: 	0x00000000

0x00000880	0x00000000	Unkown Instruction 

All Registers: 
x0: 	0x00000000
x1: 	0x00000000
x2: 	0x00000000
x3: 	0x00000000
x4: 	0x00000000
x5: 	0x00000000
x6: 	0x00000000
x7: 	0x00000000
x8: 	0x00000000
x9: 	0x00000000
x10: 	0x00000000
x11: 	0x00000000
x12: 	0x00000000
x13: 	0x00000000
x14: 	0x00000000
x15: 	0x00000000
x16: 	0x00000000
x17: 	0x00000000
x18: 	0x00000000
x19: 	0x00000000
x20: 	0x00000000
x21: 	0x00000000
x22: 	0x00000000
x23: 	0x00000000
x24: 	0x00000000
x25: 	0x00000000
x26: 	0x00000000
x27: 	0x00000000
x28: 	0x00000000
x29: 	0x00000000
x30: 	0x00000000
x31: 	0x00000000

0x00000884	0x00000000	Unkown Instruction 

All Registers: 
x0: 	0x00000000
x1: 	0x00000000
x2: 	0x00000000
x3: 	0x00000000
x4: 	0x00000000
x5: 	0x00000000
x6: 	0x00000000
x7: 	0x00000000
x8: 	0x00000000
x9: 	0x00000000
x10: 	0x00000000
x11: 	0x00000000
x12: 	0x00000000
x13: 	0x00000000
x14: 	0x00000000
x15: 	0x00000000
x16: 	0x00000000
x17: 	0x00000000
x18: 	0x00000000
x19: 	0x00000000
x20: 	0x00000000
x21: 	0x00000000
x22: 	0x00000000
x23: 	0x00000000
x24: 	0x00000000
x25: 	0x00000000
x26: 	0x00000000
x27: 	0x00000000
x28: 	0x00000000
x29: 	0x00000000
x30: 	0x00000000
x31: 	0x00000000

0x00000888	0x00000000	Unkown Instruction 

All Registers: 
x0: 	0x00000000
x1: 	0x00000000
x2: 	0x00000000
x3: 	0x00000000
x4: 	0x00000000
x5: 	0x00000000
x6: 	0x00000000
x7: 	0x00000000
x8: 	0x00000000
x9: 	0x00000000
x10: 	0x00000000
x11: 	0x00000000
x12: 	0x00000000
x13: 	0x00000000
x14: 	0x00000000
x15: 	0x00000000
x16: 	0x00000000
x17: 	0x00000000
x18: 	0x00000000
x19: 	0x00000000
x20: 	0x00000000
x21: 	0x00000000
x22: 	0x00000000
x23: 	0x00000000
x24: 	0x00000000
x25: 	0x00000000
x26: 	0x00000000
x27: 	0x00000000
x28: 	0x00000000
x29: 	0x00000000
x30: 	0x00000000
x31: 	0x00000000

0x0000088c	0x00000000	Unkown Instruction 

All Registers: 
x0: 	0x00000000
x1: 	0x00000000
x2: 	0x00000000
x3: 	0x00000000
x4: 	0x00000000
x5: 	0x00000000
x6: 	0x00000000
x7: 	0x00000000
x8: 	0x00000000
x9: 	0x00000000
x10: 	0x00000000
x11: 	0x00000000
x12: 	0x00000000
x13: 	0x00000000
x14: 	0x00000000
x15: 	0x00000000
x16: 	0x00000000
x17: 	0x00000000
x18: 	0x00000000
x19: 	0x00000000
x20: 	0x00000000
x21: 	0x00000000
x22: 	0x00000000
x23: 	0x00000000
x24: 	0x00000000
x25: 	0x00000000
x26: 	0x00000000
x27: 	0x00000000
x28: 	0x00000000
x29: 	0x00000000
x30: 	0x00000000
x31: 	0x00000000

0x00000890	0x00000000	Unkown Instruction 

All Registers: 
x0: 	0x00000000
x1: 	0x00000000
x2: 	0x00000000
x3: 	0x00000000
x4: 	0x00000000
x5: 	0x00000000
x6: 	0x00000000
x7: 	0x00000000
x8: 	0x00000000
x9: 	0x00000000
x10: 	0x00000000
x11: 	0x00000000
x12: 	0x00000000
x13: 	0x00000000
x14: 	0x00000000
x15: 	0x00000000
x16: 	0x00000000
x17: 	0x00000000
x18: 	0x00000000
x19: 	0x00000000
x20: 	0x00000000
x21: 	0x00000000
x22: 	0x00000000
x23: 	0x00000000
x24: 	0x00000000
x25: 	0x00000000
x26: 	0x00000000
x27: 	0x00000000
x28: 	0x00000000
x29: 	0x00000000
x30: 	0x00000000
x31: 	0x00000000

0x00000894	0x00000000	Unkown Instruction 

All Registers: 
x0: 	0x00000000
x1: 	0x00000000
x2: 	0x00000000
x3: 	0x00000000
x4: 	0x00000000
x5: 	0x00000000
x6: 	0x00000000
x7: 	0x00000000
x8: 	0x00000000
x9: 	0x00000000
x10: 	0x00000000
x11: 	0x00000000
x12: 	0x00000000
x13: 	0x00000000
x14: 	0x00000000
x15: 	0x00000000
x16: 	0x00000000
x17: 	0x00000000
x18: 	0x00000000
x19: 	0x00000000
x20: 	0x00000000
x21: 	0x00000000
x22: 	0x00000000
x23: 	0x00000000
x24: 	0x00000000
x25: 	0x00000000
x26: 	0x00000000
x27: 	0x00000000
x28: 	0x00000000
x29: 	0x00000000
x30: 	0x00000000
x31: 	0x00000000

0x00000898	0x00000000	Unkown Instruction 

All Registers: 
x0: 	0x00000000
x1: 	0x00000000
x2: 	0x00000000
x3: 	0x00000000
x4: 	0x00000000
x5: 	0x00000000
x6: 	0x00000000
x7: 	0x00000000
x8: 	0x00000000
x9: 	0x00000000
x10: 	0x00000000
x11: 	0x00000000
x12: 	0x00000000
x13: 	0x00000000
x14: 	0x00000000
x15: 	0x00000000
x16: 	0x00000000
x17: 	0x00000000
x18: 	0x00000000
x19: 	0x00000000
x20: 	0x00000000
x21: 	0x00000000
x22: 	0x00000000
x23: 	0x00000000
x24: 	0x00000000
x25: 	0x00000000
x26: 	0x00000000
x27: 	0x00000000
x28: 	0x00000000
x29: 	0x00000000
x30: 	0x00000000
x31: 	0x00000000

0x0000089c	0x00000000	Unkown Instruction 

All Registers: 
x0: 	0x00000000
x1: 	0x00000000
x2: 	0x00000000
x3: 	0x00000000
x4: 	0x00000000
x5: 	0x00000000
x6: 	0x00000000
x7: 	0x00000000
x8: 	0x00000000
x9: 	0x00000000
x10: 	0x00000000
x11: 	0x00000000
x12: 	0x00000000
x13: 	0x00000000
x14: 	0x00000000
x15: 	0x00000000
x16: 	0x00000000
x17: 	0x00000000
x18: 	0x00000000
x19: 	0x00000000
x20: 	0x00000000
x21: 	0x00000000
x22: 	0x00000000
x23: 	0x00000000
x24: 	0x00000000
x25: 	0x00000000
x26: 	0x00000000
x27: 	0x00000000
x28: 	0x00000000
x29: 	0x00000000
x30: 	0x00000000
x31: 	0x00000000

0x000008a0	0x00000000	Unkown Instruction 

All Registers: 
x0: 	0x00000000
x1: 	0x00000000
x2: 	0x00000000
x3: 	0x00000000
x4: 	0x00000000
x5: 	0x00000000
x6: 	0x00000000
x7: 	0x00000000
x8: 	0x00000000
x9: 	0x00000000
x10: 	0x00000000
x11: 	0x00000000
x12: 	0x00000000
x13: 	0x00000000
x14: 	0x00000000
x15: 	0x00000000
x16: 	0x00000000
x17: 	0x00000000
x18: 	0x00000000
x19: 	0x00000000
x20: 	0x00000000
x21: 	0x00000000
x22: 	0x00000000
x23: 	0x00000000
x24: 	0x00000000
x25: 	0x00000000
x26: 	0x00000000
x27: 	0x00000000
x28: 	0x00000000
x29: 	0x00000000
x30: 	0x00000000
x31: 	0x00000000

0x000008a4	0x00000000	Unkown Instruction 

All Registers: 
x0: 	0x00000000
x1: 	0x00000000
x2: 	0x00000000
x3: 	0x00000000
x4: 	0x00000000
x5: 	0x00000000
x6: 	0x00000000
x7: 	0x00000000
x8: 	0x00000000
x9: 	0x00000000
x10: 	0x00000000
x11: 	0x00000000
x12: 	0x00000000
x13: 	0x00000000
x14: 	0x00000000
x15: 	0x00000000
x16: 	0x00000000
x17: 	0x00000000
x18: 	0x00000000
x19: 	0x00000000
x20: 	0x00000000
x21: 	0x00000000
x22: 	0x00000000
x23: 	0x00000000
x24: 	0x00000000
x25: 	0x00000000
x26: 	0x00000000
x27: 	0x00000000
x28: 	0x00000000
x29: 	0x00000000
x30: 	0x00000000
x31: 	0x00000000

0x000008a8	0x00000000	Unkown Instruction 

All Registers: 
x0: 	0x00000000
x1: 	0x00000000
x2: 	0x00000000
x3: 	0x00000000
x4: 	0x00000000
x5: 	0x00000000
x6: 	0x00000000
x7: 	0x00000000
x8: 	0x00000000
x9: 	0x00000000
x10: 	0x00000000
x11: 	0x00000000
x12: 	0x00000000
x13: 	0x00000000
x14: 	0x00000000
x15: 	0x00000000
x16: 	0x00000000
x17: 	0x00000000
x18: 	0x00000000
x19: 	0x00000000
x20: 	0x00000000
x21: 	0x00000000
x22: 	0x00000000
x23: 	0x00000000
x24: 	0x00000000
x25: 	0x00000000
x26: 	0x00000000
x27: 	0x00000000
x28: 	0x00000000
x29: 	0x00000000
x30: 	0x00000000
x31: 	0x00000000

0x000008ac	0x00000000	Unkown Instruction 

All Registers: 
x0: 	0x00000000
x1: 	0x00000000
x2: 	0x00000000
x3: 	0x00000000
x4: 	0x00000000
x5: 	0x00000000
x6: 	0x00000000
x7: 	0x00000000
x8: 	0x00000000
x9: 	0x00000000
x10: 	0x00000000
x11: 	0x00000000
x12: 	0x00000000
x13: 	0x00000000
x14: 	0x00000000
x15: 	0x00000000
x16: 	0x00000000
x17: 	0x00000000
x18: 	0x00000000
x19: 	0x00000000
x20: 	0x00000000
x21: 	0x00000000
x22: 	0x00000000
x23: 	0x00000000
x24: 	0x00000000
x25: 	0x00000000
x26: 	0x00000000
x27: 	0x00000000
x28: 	0x00000000
x29: 	0x00000000
x30: 	0x00000000
x31: 	0x00000000

0x000008b0	0x00000000	Unkown Instruction 

All Registers: 
x0: 	0x00000000
x1: 	0x00000000
x2: 	0x00000000
x3: 	0x00000000
x4: 	0x00000000
x5: 	0x00000000
x6: 	0x00000000
x7: 	0x00000000
x8: 	0x00000000
x9: 	0x00000000
x10: 	0x00000000
x11: 	0x00000000
x12: 	0x00000000
x13: 	0x00000000
x14: 	0x00000000
x15: 	0x00000000
x16: 	0x00000000
x17: 	0x00000000
x18: 	0x00000000
x19: 	0x00000000
x20: 	0x00000000
x21: 	0x00000000
x22: 	0x00000000
x23: 	0x00000000
x24: 	0x00000000
x25: 	0x00000000
x26: 	0x00000000
x27: 	0x00000000
x28: 	0x00000000
x29: 	0x00000000
x30: 	0x00000000
x31: 	0x00000000

0x000008b4	0x00000000	Unkown Instruction 

All Registers: 
x0: 	0x00000000
x1: 	0x00000000
x2: 	0x00000000
x3: 	0x00000000
x4: 	0x00000000
x5: 	0x00000000
x6: 	0x00000000
x7: 	0x00000000
x8: 	0x00000000
x9: 	0x00000000
x10: 	0x00000000
x11: 	0x00000000
x12: 	0x00000000
x13: 	0x00000000
x14: 	0x00000000
x15: 	0x00000000
x16: 	0x00000000
x17: 	0x00000000
x18: 	0x00000000
x19: 	0x00000000
x20: 	0x00000000
x21: 	0x00000000
x22: 	0x00000000
x23: 	0x00000000
x24: 	0x00000000
x25: 	0x00000000
x26: 	0x00000000
x27: 	0x00000000
x28: 	0x00000000
x29: 	0x00000000
x30: 	0x00000000
x31: 	0x00000000

0x000008b8	0x00000000	Unkown Instruction 

All Registers: 
x0: 	0x00000000
x1: 	0x00000000
x2: 	0x00000000
x3: 	0x00000000
x4: 	0x00000000
x5: 	0x00000000
x6: 	0x00000000
x7: 	0x00000000
x8: 	0x00000000
x9: 	0x00000000
x10: 	0x00000000
x11: 	0x00000000
x12: 	0x00000000
x13: 	0x00000000
x14: 	0x00000000
x15: 	0x00000000
x16: 	0x00000000
x17: 	0x00000000
x18: 	0x00000000
x19: 	0x00000000
x20: 	0x00000000
x21: 	0x00000000
x22: 	0x00000000
x23: 	0x00000000
x24: 	0x00000000
x25: 	0x00000000
x26: 	0x00000000
x27: 	0x00000000
x28: 	0x00000000
x29: 	0x00000000
x30: 	0x00000000
x31: 	0x00000000

0x000008bc	0x00000000	Unkown Instruction 

All Registers: 
x0: 	0x00000000
x1: 	0x00000000
x2: 	0x00000000
x3: 	0x00000000
x4: 	0x00000000
x5: 	0x00000000
x6: 	0x00000000
x7: 	0x00000000
x8: 	0x00000000
x9: 	0x00000000
x10: 	0x00000000
x11: 	0x00000000
x12: 	0x00000000
x13: 	0x00000000
x14: 	0x00000000
x15: 	0x00000000
x16: 	0x00000000
x17: 	0x00000000
x18: 	0x00000000
x19: 	0x00000000
x20: 	0x00000000
x21: 	0x00000000
x22: 	0x00000000
x23: 	0x00000000
x24: 	0x00000000
x25: 	0x00000000
x26: 	0x00000000
x27: 	0x00000000
x28: 	0x00000000
x29: 	0x00000000
x30: 	0x00000000
x31: 	0x00000000

0x000008c0	0x00000000	Unkown Instruction 

All Registers: 
x0: 	0x00000000
x1: 	0x00000000
x2: 	0x00000000
x3: 	0x00000000
x4: 	0x00000000
x5: 	0x00000000
x6: 	0x00000000
x7: 	0x00000000
x8: 	0x00000000
x9: 	0x00000000
x10: 	0x00000000
x11: 	0x00000000
x12: 	0x00000000
x13: 	0x00000000
x14: 	0x00000000
x15: 	0x00000000
x16: 	0x00000000
x17: 	0x00000000
x18: 	0x00000000
x19: 	0x00000000
x20: 	0x00000000
x21: 	0x00000000
x22: 	0x00000000
x23: 	0x00000000
x24: 	0x00000000
x25: 	0x00000000
x26: 	0x00000000
x27: 	0x00000000
x28: 	0x00000000
x29: 	0x00000000
x30: 	0x00000000
x31: 	0x00000000

0x000008c4	0x00000000	Unkown Instruction 

All Registers: 
x0: 	0x00000000
x1: 	0x00000000
x2: 	0x00000000
x3: 	0x00000000
x4: 	0x00000000
x5: 	0x00000000
x6: 	0x00000000
x7: 	0x00000000
x8: 	0x00000000
x9: 	0x00000000
x10: 	0x00000000
x11: 	0x00000000
x12: 	0x00000000
x13: 	0x00000000
x14: 	0x00000000
x15: 	0x00000000
x16: 	0x00000000
x17: 	0x00000000
x18: 	0x00000000
x19: 	0x00000000
x20: 	0x00000000
x21: 	0x00000000
x22: 	0x00000000
x23: 	0x00000000
x24: 	0x00000000
x25: 	0x00000000
x26: 	0x00000000
x27: 	0x00000000
x28: 	0x00000000
x29: 	0x00000000
x30: 	0x00000000
x31: 	0x00000000

0x000008c8	0x00000000	Unkown Instruction 

All Registers: 
x0: 	0x00000000
x1: 	0x00000000
x2: 	0x00000000
x3: 	0x00000000
x4: 	0x00000000
x5: 	0x00000000
x6: 	0x00000000
x7: 	0x00000000
x8: 	0x00000000
x9: 	0x00000000
x10: 	0x00000000
x11: 	0x00000000
x12: 	0x00000000
x13: 	0x00000000
x14: 	0x00000000
x15: 	0x00000000
x16: 	0x00000000
x17: 	0x00000000
x18: 	0x00000000
x19: 	0x00000000
x20: 	0x00000000
x21: 	0x00000000
x22: 	0x00000000
x23: 	0x00000000
x24: 	0x00000000
x25: 	0x00000000
x26: 	0x00000000
x27: 	0x00000000
x28: 	0x00000000
x29: 	0x00000000
x30: 	0x00000000
x31: 	0x00000000

0x000008cc	0x00000000	Unkown Instruction 

All Registers: 
x0: 	0x00000000
x1: 	0x00000000
x2: 	0x00000000
x3: 	0x00000000
x4: 	0x00000000
x5: 	0x00000000
x6: 	0x00000000
x7: 	0x00000000
x8: 	0x00000000
x9: 	0x00000000
x10: 	0x00000000
x11: 	0x00000000
x12: 	0x00000000
x13: 	0x00000000
x14: 	0x00000000
x15: 	0x00000000
x16: 	0x00000000
x17: 	0x00000000
x18: 	0x00000000
x19: 	0x00000000
x20: 	0x00000000
x21: 	0x00000000
x22: 	0x00000000
x23: 	0x00000000
x24: 	0x00000000
x25: 	0x00000000
x26: 	0x00000000
x27: 	0x00000000
x28: 	0x00000000
x29: 	0x00000000
x30: 	0x00000000
x31: 	0x00000000

0x000008d0	0x00000000	Unkown Instruction 

All Registers: 
x0: 	0x00000000
x1: 	0x00000000
x2: 	0x00000000
x3: 	0x00000000
x4: 	0x00000000
x5: 	0x00000000
x6: 	0x00000000
x7: 	0x00000000
x8: 	0x00000000
x9: 	0x00000000
x10: 	0x00000000
x11: 	0x00000000
x12: 	0x00000000
x13: 	0x00000000
x14: 	0x00000000
x15: 	0x00000000
x16: 	0x00000000
x17: 	0x00000000
x18: 	0x00000000
x19: 	0x00000000
x20: 	0x00000000
x21: 	0x00000000
x22: 	0x00000000
x23: 	0x00000000
x24: 	0x00000000
x25: 	0x00000000
x26: 	0x00000000
x27: 	0x00000000
x28: 	0x00000000
x29: 	0x00000000
x30: 	0x00000000
x31: 	0x00000000

0x000008d4	0x00000000	Unkown Instruction 

All Registers: 
x0: 	0x00000000
x1: 	0x00000000
x2: 	0x00000000
x3: 	0x00000000
x4: 	0x00000000
x5: 	0x00000000
x6: 	0x00000000
x7: 	0x00000000
x8: 	0x00000000
x9: 	0x00000000
x10: 	0x00000000
x11: 	0x00000000
x12: 	0x00000000
x13: 	0x00000000
x14: 	0x00000000
x15: 	0x00000000
x16: 	0x00000000
x17: 	0x00000000
x18: 	0x00000000
x19: 	0x00000000
x20: 	0x00000000
x21: 	0x00000000
x22: 	0x00000000
x23: 	0x00000000
x24: 	0x00000000
x25: 	0x00000000
x26: 	0x00000000
x27: 	0x00000000
x28: 	0x00000000
x29: 	0x00000000
x30: 	0x00000000
x31: 	0x00000000

0x000008d8	0x00000000	Unkown Instruction 

All Registers: 
x0: 	0x00000000
x1: 	0x00000000
x2: 	0x00000000
x3: 	0x00000000
x4: 	0x00000000
x5: 	0x00000000
x6: 	0x00000000
x7: 	0x00000000
x8: 	0x00000000
x9: 	0x00000000
x10: 	0x00000000
x11: 	0x00000000
x12: 	0x00000000
x13: 	0x00000000
x14: 	0x00000000
x15: 	0x00000000
x16: 	0x00000000
x17: 	0x00000000
x18: 	0x00000000
x19: 	0x00000000
x20: 	0x00000000
x21: 	0x00000000
x22: 	0x00000000
x23: 	0x00000000
x24: 	0x00000000
x25: 	0x00000000
x26: 	0x00000000
x27: 	0x00000000
x28: 	0x00000000
x29: 	0x00000000
x30: 	0x00000000
x31: 	0x00000000

0x000008dc	0x00000000	Unkown Instruction 

All Registers: 
x0: 	0x00000000
x1: 	0x00000000
x2: 	0x00000000
x3: 	0x00000000
x4: 	0x00000000
x5: 	0x00000000
x6: 	0x00000000
x7: 	0x00000000
x8: 	0x00000000
x9: 	0x00000000
x10: 	0x00000000
x11: 	0x00000000
x12: 	0x00000000
x13: 	0x00000000
x14: 	0x00000000
x15: 	0x00000000
x16: 	0x00000000
x17: 	0x00000000
x18: 	0x00000000
x19: 	0x00000000
x20: 	0x00000000
x21: 	0x00000000
x22: 	0x00000000
x23: 	0x00000000
x24: 	0x00000000
x25: 	0x00000000
x26: 	0x00000000
x27: 	0x00000000
x28: 	0x00000000
x29: 	0x00000000
x30: 	0x00000000
x31: 	0x00000000

0x000008e0	0x00000000	Unkown Instruction 

All Registers: 
x0: 	0x00000000
x1: 	0x00000000
x2: 	0x00000000
x3: 	0x00000000
x4: 	0x00000000
x5: 	0x00000000
x6: 	0x00000000
x7: 	0x00000000
x8: 	0x00000000
x9: 	0x00000000
x10: 	0x00000000
x11: 	0x00000000
x12: 	0x00000000
x13: 	0x00000000
x14: 	0x00000000
x15: 	0x00000000
x16: 	0x00000000
x17: 	0x00000000
x18: 	0x00000000
x19: 	0x00000000
x20: 	0x00000000
x21: 	0x00000000
x22: 	0x00000000
x23: 	0x00000000
x24: 	0x00000000
x25: 	0x00000000
x26: 	0x00000000
x27: 	0x00000000
x28: 	0x00000000
x29: 	0x00000000
x30: 	0x00000000
x31: 	0x00000000

0x000008e4	0x00000000	Unkown Instruction 

All Registers: 
x0: 	0x00000000
x1: 	0x00000000
x2: 	0x00000000
x3: 	0x00000000
x4: 	0x00000000
x5: 	0x00000000
x6: 	0x00000000
x7: 	0x00000000
x8: 	0x00000000
x9: 	0x00000000
x10: 	0x00000000
x11: 	0x00000000
x12: 	0x00000000
x13: 	0x00000000
x14: 	0x00000000
x15: 	0x00000000
x16: 	0x00000000
x17: 	0x00000000
x18: 	0x00000000
x19: 	0x00000000
x20: 	0x00000000
x21: 	0x00000000
x22: 	0x00000000
x23: 	0x00000000
x24: 	0x00000000
x25: 	0x00000000
x26: 	0x00000000
x27: 	0x00000000
x28: 	0x00000000
x29: 	0x00000000
x30: 	0x00000000
x31: 	0x00000000

0x000008e8	0x00000000	Unkown Instruction 

All Registers: 
x0: 	0x00000000
x1: 	0x00000000
x2: 	0x00000000
x3: 	0x00000000
x4: 	0x00000000
x5: 	0x00000000
x6: 	0x00000000
x7: 	0x00000000
x8: 	0x00000000
x9: 	0x00000000
x10: 	0x00000000
x11: 	0x00000000
x12: 	0x00000000
x13: 	0x00000000
x14: 	0x00000000
x15: 	0x00000000
x16: 	0x00000000
x17: 	0x00000000
x18: 	0x00000000
x19: 	0x00000000
x20: 	0x00000000
x21: 	0x00000000
x22: 	0x00000000
x23: 	0x00000000
x24: 	0x00000000
x25: 	0x00000000
x26: 	0x00000000
x27: 	0x00000000
x28: 	0x00000000
x29: 	0x00000000
x30: 	0x00000000
x31: 	0x00000000

0x000008ec	0x00000000	Unkown Instruction 

All Registers: 
x0: 	0x00000000
x1: 	0x00000000
x2: 	0x00000000
x3: 	0x00000000
x4: 	0x00000000
x5: 	0x00000000
x6: 	0x00000000
x7: 	0x00000000
x8: 	0x00000000
x9: 	0x00000000
x10: 	0x00000000
x11: 	0x00000000
x12: 	0x00000000
x13: 	0x00000000
x14: 	0x00000000
x15: 	0x00000000
x16: 	0x00000000
x17: 	0x00000000
x18: 	0x00000000
x19: 	0x00000000
x20: 	0x00000000
x21: 	0x00000000
x22: 	0x00000000
x23: 	0x00000000
x24: 	0x00000000
x25: 	0x00000000
x26: 	0x00000000
x27: 	0x00000000
x28: 	0x00000000
x29: 	0x00000000
x30: 	0x00000000
x31: 	0x00000000

0x000008f0	0x00000000	Unkown Instruction 

All Registers: 
x0: 	0x00000000
x1: 	0x00000000
x2: 	0x00000000
x3: 	0x00000000
x4: 	0x00000000
x5: 	0x00000000
x6: 	0x00000000
x7: 	0x00000000
x8: 	0x00000000
x9: 	0x00000000
x10: 	0x00000000
x11: 	0x00000000
x12: 	0x00000000
x13: 	0x00000000
x14: 	0x00000000
x15: 	0x00000000
x16: 	0x00000000
x17: 	0x00000000
x18: 	0x00000000
x19: 	0x00000000
x20: 	0x00000000
x21: 	0x00000000
x22: 	0x00000000
x23: 	0x00000000
x24: 	0x00000000
x25: 	0x00000000
x26: 	0x00000000
x27: 	0x00000000
x28: 	0x00000000
x29: 	0x00000000
x30: 	0x00000000
x31: 	0x00000000

0x000008f4	0x00000000	Unkown Instruction 

All Registers: 
x0: 	0x00000000
x1: 	0x00000000
x2: 	0x00000000
x3: 	0x00000000
x4: 	0x00000000
x5: 	0x00000000
x6: 	0x00000000
x7: 	0x00000000
x8: 	0x00000000
x9: 	0x00000000
x10: 	0x00000000
x11: 	0x00000000
x12: 	0x00000000
x13: 	0x00000000
x14: 	0x00000000
x15: 	0x00000000
x16: 	0x00000000
x17: 	0x00000000
x18: 	0x00000000
x19: 	0x00000000
x20: 	0x00000000
x21: 	0x00000000
x22: 	0x00000000
x23: 	0x00000000
x24: 	0x00000000
x25: 	0x00000000
x26: 	0x00000000
x27: 	0x00000000
x28: 	0x00000000
x29: 	0x00000000
x30: 	0x00000000
x31: 	0x00000000

0x000008f8	0x00000000	Unkown Instruction 

All Registers: 
x0: 	0x00000000
x1: 	0x00000000
x2: 	0x00000000
x3: 	0x00000000
x4: 	0x00000000
x5: 	0x00000000
x6: 	0x00000000
x7: 	0x00000000
x8: 	0x00000000
x9: 	0x00000000
x10: 	0x00000000
x11: 	0x00000000
x12: 	0x00000000
x13: 	0x00000000
x14: 	0x00000000
x15: 	0x00000000
x16: 	0x00000000
x17: 	0x00000000
x18: 	0x00000000
x19: 	0x00000000
x20: 	0x00000000
x21: 	0x00000000
x22: 	0x00000000
x23: 	0x00000000
x24: 	0x00000000
x25: 	0x00000000
x26: 	0x00000000
x27: 	0x00000000
x28: 	0x00000000
x29: 	0x00000000
x30: 	0x00000000
x31: 	0x00000000

0x000008fc	0x00000000	Unkown Instruction 

All Registers: 
x0: 	0x00000000
x1: 	0x00000000
x2: 	0x00000000
x3: 	0x00000000
x4: 	0x00000000
x5: 	0x00000000
x6: 	0x00000000
x7: 	0x00000000
x8: 	0x00000000
x9: 	0x00000000
x10: 	0x00000000
x11: 	0x00000000
x12: 	0x00000000
x13: 	0x00000000
x14: 	0x00000000
x15: 	0x00000000
x16: 	0x00000000
x17: 	0x00000000
x18: 	0x00000000
x19: 	0x00000000
x20: 	0x00000000
x21: 	0x00000000
x22: 	0x00000000
x23: 	0x00000000
x24: 	0x00000000
x25: 	0x00000000
x26: 	0x00000000
x27: 	0x00000000
x28: 	0x00000000
x29: 	0x00000000
x30: 	0x00000000
x31: 	0x00000000

0x00000900	0x00000000	Unkown Instruction 

All Registers: 
x0: 	0x00000000
x1: 	0x00000000
x2: 	0x00000000
x3: 	0x00000000
x4: 	0x00000000
x5: 	0x00000000
x6: 	0x00000000
x7: 	0x00000000
x8: 	0x00000000
x9: 	0x00000000
x10: 	0x00000000
x11: 	0x00000000
x12: 	0x00000000
x13: 	0x00000000
x14: 	0x00000000
x15: 	0x00000000
x16: 	0x00000000
x17: 	0x00000000
x18: 	0x00000000
x19: 	0x00000000
x20: 	0x00000000
x21: 	0x00000000
x22: 	0x00000000
x23: 	0x00000000
x24: 	0x00000000
x25: 	0x00000000
x26: 	0x00000000
x27: 	0x00000000
x28: 	0x00000000
x29: 	0x00000000
x30: 	0x00000000
x31: 	0x00000000

0x00000904	0x00000000	Unkown Instruction 

All Registers: 
x0: 	0x00000000
x1: 	0x00000000
x2: 	0x00000000
x3: 	0x00000000
x4: 	0x00000000
x5: 	0x00000000
x6: 	0x00000000
x7: 	0x00000000
x8: 	0x00000000
x9: 	0x00000000
x10: 	0x00000000
x11: 	0x00000000
x12: 	0x00000000
x13: 	0x00000000
x14: 	0x00000000
x15: 	0x00000000
x16: 	0x00000000
x17: 	0x00000000
x18: 	0x00000000
x19: 	0x00000000
x20: 	0x00000000
x21: 	0x00000000
x22: 	0x00000000
x23: 	0x00000000
x24: 	0x00000000
x25: 	0x00000000
x26: 	0x00000000
x27: 	0x00000000
x28: 	0x00000000
x29: 	0x00000000
x30: 	0x00000000
x31: 	0x00000000

0x00000908	0x00000000	Unkown Instruction 

All Registers: 
x0: 	0x00000000
x1: 	0x00000000
x2: 	0x00000000
x3: 	0x00000000
x4: 	0x00000000
x5: 	0x00000000
x6: 	0x00000000
x7: 	0x00000000
x8: 	0x00000000
x9: 	0x00000000
x10: 	0x00000000
x11: 	0x00000000
x12: 	0x00000000
x13: 	0x00000000
x14: 	0x00000000
x15: 	0x00000000
x16: 	0x00000000
x17: 	0x00000000
x18: 	0x00000000
x19: 	0x00000000
x20: 	0x00000000
x21: 	0x00000000
x22: 	0x00000000
x23: 	0x00000000
x24: 	0x00000000
x25: 	0x00000000
x26: 	0x00000000
x27: 	0x00000000
x28: 	0x00000000
x29: 	0x00000000
x30: 	0x00000000
x31: 	0x00000000

0x0000090c	0x00000000	Unkown Instruction 

All Registers: 
x0: 	0x00000000
x1: 	0x00000000
x2: 	0x00000000
x3: 	0x00000000
x4: 	0x00000000
x5: 	0x00000000
x6: 	0x00000000
x7: 	0x00000000
x8: 	0x00000000
x9: 	0x00000000
x10: 	0x00000000
x11: 	0x00000000
x12: 	0x00000000
x13: 	0x00000000
x14: 	0x00000000
x15: 	0x00000000
x16: 	0x00000000
x17: 	0x00000000
x18: 	0x00000000
x19: 	0x00000000
x20: 	0x00000000
x21: 	0x00000000
x22: 	0x00000000
x23: 	0x00000000
x24: 	0x00000000
x25: 	0x00000000
x26: 	0x00000000
x27: 	0x00000000
x28: 	0x00000000
x29: 	0x00000000
x30: 	0x00000000
x31: 	0x00000000

0x00000910	0x00000000	Unkown Instruction 

All Registers: 
x0: 	0x00000000
x1: 	0x00000000
x2: 	0x00000000
x3: 	0x00000000
x4: 	0x00000000
x5: 	0x00000000
x6: 	0x00000000
x7: 	0x00000000
x8: 	0x00000000
x9: 	0x00000000
x10: 	0x00000000
x11: 	0x00000000
x12: 	0x00000000
x13: 	0x00000000
x14: 	0x00000000
x15: 	0x00000000
x16: 	0x00000000
x17: 	0x00000000
x18: 	0x00000000
x19: 	0x00000000
x20: 	0x00000000
x21: 	0x00000000
x22: 	0x00000000
x23: 	0x00000000
x24: 	0x00000000
x25: 	0x00000000
x26: 	0x00000000
x27: 	0x00000000
x28: 	0x00000000
x29: 	0x00000000
x30: 	0x00000000
x31: 	0x00000000

0x00000914	0x00000000	Unkown Instruction 

All Registers: 
x0: 	0x00000000
x1: 	0x00000000
x2: 	0x00000000
x3: 	0x00000000
x4: 	0x00000000
x5: 	0x00000000
x6: 	0x00000000
x7: 	0x00000000
x8: 	0x00000000
x9: 	0x00000000
x10: 	0x00000000
x11: 	0x00000000
x12: 	0x00000000
x13: 	0x00000000
x14: 	0x00000000
x15: 	0x00000000
x16: 	0x00000000
x17: 	0x00000000
x18: 	0x00000000
x19: 	0x00000000
x20: 	0x00000000
x21: 	0x00000000
x22: 	0x00000000
x23: 	0x00000000
x24: 	0x00000000
x25: 	0x00000000
x26: 	0x00000000
x27: 	0x00000000
x28: 	0x00000000
x29: 	0x00000000
x30: 	0x00000000
x31: 	0x00000000

0x00000918	0x00000000	Unkown Instruction 

All Registers: 
x0: 	0x00000000
x1: 	0x00000000
x2: 	0x00000000
x3: 	0x00000000
x4: 	0x00000000
x5: 	0x00000000
x6: 	0x00000000
x7: 	0x00000000
x8: 	0x00000000
x9: 	0x00000000
x10: 	0x00000000
x11: 	0x00000000
x12: 	0x00000000
x13: 	0x00000000
x14: 	0x00000000
x15: 	0x00000000
x16: 	0x00000000
x17: 	0x00000000
x18: 	0x00000000
x19: 	0x00000000
x20: 	0x00000000
x21: 	0x00000000
x22: 	0x00000000
x23: 	0x00000000
x24: 	0x00000000
x25: 	0x00000000
x26: 	0x00000000
x27: 	0x00000000
x28: 	0x00000000
x29: 	0x00000000
x30: 	0x00000000
x31: 	0x00000000

0x0000091c	0x00000000	Unkown Instruction 

All Registers: 
x0: 	0x00000000
x1: 	0x00000000
x2: 	0x00000000
x3: 	0x00000000
x4: 	0x00000000
x5: 	0x00000000
x6: 	0x00000000
x7: 	0x00000000
x8: 	0x00000000
x9: 	0x00000000
x10: 	0x00000000
x11: 	0x00000000
x12: 	0x00000000
x13: 	0x00000000
x14: 	0x00000000
x15: 	0x00000000
x16: 	0x00000000
x17: 	0x00000000
x18: 	0x00000000
x19: 	0x00000000
x20: 	0x00000000
x21: 	0x00000000
x22: 	0x00000000
x23: 	0x00000000
x24: 	0x00000000
x25: 	0x00000000
x26: 	0x00000000
x27: 	0x00000000
x28: 	0x00000000
x29: 	0x00000000
x30: 	0x00000000
x31: 	0x00000000

0x00000920	0x00000000	Unkown Instruction 

All Registers: 
x0: 	0x00000000
x1: 	0x00000000
x2: 	0x00000000
x3: 	0x00000000
x4: 	0x00000000
x5: 	0x00000000
x6: 	0x00000000
x7: 	0x00000000
x8: 	0x00000000
x9: 	0x00000000
x10: 	0x00000000
x11: 	0x00000000
x12: 	0x00000000
x13: 	0x00000000
x14: 	0x00000000
x15: 	0x00000000
x16: 	0x00000000
x17: 	0x00000000
x18: 	0x00000000
x19: 	0x00000000
x20: 	0x00000000
x21: 	0x00000000
x22: 	0x00000000
x23: 	0x00000000
x24: 	0x00000000
x25: 	0x00000000
x26: 	0x00000000
x27: 	0x00000000
x28: 	0x00000000
x29: 	0x00000000
x30: 	0x00000000
x31: 	0x00000000

0x00000924	0x00000000	Unkown Instruction 

All Registers: 
x0: 	0x00000000
x1: 	0x00000000
x2: 	0x00000000
x3: 	0x00000000
x4: 	0x00000000
x5: 	0x00000000
x6: 	0x00000000
x7: 	0x00000000
x8: 	0x00000000
x9: 	0x00000000
x10: 	0x00000000
x11: 	0x00000000
x12: 	0x00000000
x13: 	0x00000000
x14: 	0x00000000
x15: 	0x00000000
x16: 	0x00000000
x17: 	0x00000000
x18: 	0x00000000
x19: 	0x00000000
x20: 	0x00000000
x21: 	0x00000000
x22: 	0x00000000
x23: 	0x00000000
x24: 	0x00000000
x25: 	0x00000000
x26: 	0x00000000
x27: 	0x00000000
x28: 	0x00000000
x29: 	0x00000000
x30: 	0x00000000
x31: 	0x00000000

0x00000928	0x00000000	Unkown Instruction 

All Registers: 
x0: 	0x00000000
x1: 	0x00000000
x2: 	0x00000000
x3: 	0x00000000
x4: 	0x00000000
x5: 	0x00000000
x6: 	0x00000000
x7: 	0x00000000
x8: 	0x00000000
x9: 	0x00000000
x10: 	0x00000000
x11: 	0x00000000
x12: 	0x00000000
x13: 	0x00000000
x14: 	0x00000000
x15: 	0x00000000
x16: 	0x00000000
x17: 	0x00000000
x18: 	0x00000000
x19: 	0x00000000
x20: 	0x00000000
x21: 	0x00000000
x22: 	0x00000000
x23: 	0x00000000
x24: 	0x00000000
x25: 	0x00000000
x26: 	0x00000000
x27: 	0x00000000
x28: 	0x00000000
x29: 	0x00000000
x30: 	0x00000000
x31: 	0x00000000

0x0000092c	0x00000000	Unkown Instruction 

All Registers: 
x0: 	0x00000000
x1: 	0x00000000
x2: 	0x00000000
x3: 	0x00000000
x4: 	0x00000000
x5: 	0x00000000
x6: 	0x00000000
x7: 	0x00000000
x8: 	0x00000000
x9: 	0x00000000
x10: 	0x00000000
x11: 	0x00000000
x12: 	0x00000000
x13: 	0x00000000
x14: 	0x00000000
x15: 	0x00000000
x16: 	0x00000000
x17: 	0x00000000
x18: 	0x00000000
x19: 	0x00000000
x20: 	0x00000000
x21: 	0x00000000
x22: 	0x00000000
x23: 	0x00000000
x24: 	0x00000000
x25: 	0x00000000
x26: 	0x00000000
x27: 	0x00000000
x28: 	0x00000000
x29: 	0x00000000
x30: 	0x00000000
x31: 	0x00000000

0x00000930	0x00000000	Unkown Instruction 

All Registers: 
x0: 	0x00000000
x1: 	0x00000000
x2: 	0x00000000
x3: 	0x00000000
x4: 	0x00000000
x5: 	0x00000000
x6: 	0x00000000
x7: 	0x00000000
x8: 	0x00000000
x9: 	0x00000000
x10: 	0x00000000
x11: 	0x00000000
x12: 	0x00000000
x13: 	0x00000000
x14: 	0x00000000
x15: 	0x00000000
x16: 	0x00000000
x17: 	0x00000000
x18: 	0x00000000
x19: 	0x00000000
x20: 	0x00000000
x21: 	0x00000000
x22: 	0x00000000
x23: 	0x00000000
x24: 	0x00000000
x25: 	0x00000000
x26: 	0x00000000
x27: 	0x00000000
x28: 	0x00000000
x29: 	0x00000000
x30: 	0x00000000
x31: 	0x00000000

0x00000934	0x00000000	Unkown Instruction 

All Registers: 
x0: 	0x00000000
x1: 	0x00000000
x2: 	0x00000000
x3: 	0x00000000
x4: 	0x00000000
x5: 	0x00000000
x6: 	0x00000000
x7: 	0x00000000
x8: 	0x00000000
x9: 	0x00000000
x10: 	0x00000000
x11: 	0x00000000
x12: 	0x00000000
x13: 	0x00000000
x14: 	0x00000000
x15: 	0x00000000
x16: 	0x00000000
x17: 	0x00000000
x18: 	0x00000000
x19: 	0x00000000
x20: 	0x00000000
x21: 	0x00000000
x22: 	0x00000000
x23: 	0x00000000
x24: 	0x00000000
x25: 	0x00000000
x26: 	0x00000000
x27: 	0x00000000
x28: 	0x00000000
x29: 	0x00000000
x30: 	0x00000000
x31: 	0x00000000

0x00000938	0x00000000	Unkown Instruction 

All Registers: 
x0: 	0x00000000
x1: 	0x00000000
x2: 	0x00000000
x3: 	0x00000000
x4: 	0x00000000
x5: 	0x00000000
x6: 	0x00000000
x7: 	0x00000000
x8: 	0x00000000
x9: 	0x00000000
x10: 	0x00000000
x11: 	0x00000000
x12: 	0x00000000
x13: 	0x00000000
x14: 	0x00000000
x15: 	0x00000000
x16: 	0x00000000
x17: 	0x00000000
x18: 	0x00000000
x19: 	0x00000000
x20: 	0x00000000
x21: 	0x00000000
x22: 	0x00000000
x23: 	0x00000000
x24: 	0x00000000
x25: 	0x00000000
x26: 	0x00000000
x27: 	0x00000000
x28: 	0x00000000
x29: 	0x00000000
x30: 	0x00000000
x31: 	0x00000000

0x0000093c	0x00000000	Unkown Instruction 

All Registers: 
x0: 	0x00000000
x1: 	0x00000000
x2: 	0x00000000
x3: 	0x00000000
x4: 	0x00000000
x5: 	0x00000000
x6: 	0x00000000
x7: 	0x00000000
x8: 	0x00000000
x9: 	0x00000000
x10: 	0x00000000
x11: 	0x00000000
x12: 	0x00000000
x13: 	0x00000000
x14: 	0x00000000
x15: 	0x00000000
x16: 	0x00000000
x17: 	0x00000000
x18: 	0x00000000
x19: 	0x00000000
x20: 	0x00000000
x21: 	0x00000000
x22: 	0x00000000
x23: 	0x00000000
x24: 	0x00000000
x25: 	0x00000000
x26: 	0x00000000
x27: 	0x00000000
x28: 	0x00000000
x29: 	0x00000000
x30: 	0x00000000
x31: 	0x00000000

0x00000940	0x00000000	Unkown Instruction 

All Registers: 
x0: 	0x00000000
x1: 	0x00000000
x2: 	0x00000000
x3: 	0x00000000
x4: 	0x00000000
x5: 	0x00000000
x6: 	0x00000000
x7: 	0x00000000
x8: 	0x00000000
x9: 	0x00000000
x10: 	0x00000000
x11: 	0x00000000
x12: 	0x00000000
x13: 	0x00000000
x14: 	0x00000000
x15: 	0x00000000
x16: 	0x00000000
x17: 	0x00000000
x18: 	0x00000000
x19: 	0x00000000
x20: 	0x00000000
x21: 	0x00000000
x22: 	0x00000000
x23: 	0x00000000
x24: 	0x00000000
x25: 	0x00000000
x26: 	0x00000000
x27: 	0x00000000
x28: 	0x00000000
x29: 	0x00000000
x30: 	0x00000000
x31: 	0x00000000

0x00000944	0x00000000	Unkown Instruction 

All Registers: 
x0: 	0x00000000
x1: 	0x00000000
x2: 	0x00000000
x3: 	0x00000000
x4: 	0x00000000
x5: 	0x00000000
x6: 	0x00000000
x7: 	0x00000000
x8: 	0x00000000
x9: 	0x00000000
x10: 	0x00000000
x11: 	0x00000000
x12: 	0x00000000
x13: 	0x00000000
x14: 	0x00000000
x15: 	0x00000000
x16: 	0x00000000
x17: 	0x00000000
x18: 	0x00000000
x19: 	0x00000000
x20: 	0x00000000
x21: 	0x00000000
x22: 	0x00000000
x23: 	0x00000000
x24: 	0x00000000
x25: 	0x00000000
x26: 	0x00000000
x27: 	0x00000000
x28: 	0x00000000
x29: 	0x00000000
x30: 	0x00000000
x31: 	0x00000000

0x00000948	0x00000000	Unkown Instruction 

All Registers: 
x0: 	0x00000000
x1: 	0x00000000
x2: 	0x00000000
x3: 	0x00000000
x4: 	0x00000000
x5: 	0x00000000
x6: 	0x00000000
x7: 	0x00000000
x8: 	0x00000000
x9: 	0x00000000
x10: 	0x00000000
x11: 	0x00000000
x12: 	0x00000000
x13: 	0x00000000
x14: 	0x00000000
x15: 	0x00000000
x16: 	0x00000000
x17: 	0x00000000
x18: 	0x00000000
x19: 	0x00000000
x20: 	0x00000000
x21: 	0x00000000
x22: 	0x00000000
x23: 	0x00000000
x24: 	0x00000000
x25: 	0x00000000
x26: 	0x00000000
x27: 	0x00000000
x28: 	0x00000000
x29: 	0x00000000
x30: 	0x00000000
x31: 	0x00000000

0x0000094c	0x00000000	Unkown Instruction 

All Registers: 
x0: 	0x00000000
x1: 	0x00000000
x2: 	0x00000000
x3: 	0x00000000
x4: 	0x00000000
x5: 	0x00000000
x6: 	0x00000000
x7: 	0x00000000
x8: 	0x00000000
x9: 	0x00000000
x10: 	0x00000000
x11: 	0x00000000
x12: 	0x00000000
x13: 	0x00000000
x14: 	0x00000000
x15: 	0x00000000
x16: 	0x00000000
x17: 	0x00000000
x18: 	0x00000000
x19: 	0x00000000
x20: 	0x00000000
x21: 	0x00000000
x22: 	0x00000000
x23: 	0x00000000
x24: 	0x00000000
x25: 	0x00000000
x26: 	0x00000000
x27: 	0x00000000
x28: 	0x00000000
x29: 	0x00000000
x30: 	0x00000000
x31: 	0x00000000

0x00000950	0x00000000	Unkown Instruction 

All Registers: 
x0: 	0x00000000
x1: 	0x00000000
x2: 	0x00000000
x3: 	0x00000000
x4: 	0x00000000
x5: 	0x00000000
x6: 	0x00000000
x7: 	0x00000000
x8: 	0x00000000
x9: 	0x00000000
x10: 	0x00000000
x11: 	0x00000000
x12: 	0x00000000
x13: 	0x00000000
x14: 	0x00000000
x15: 	0x00000000
x16: 	0x00000000
x17: 	0x00000000
x18: 	0x00000000
x19: 	0x00000000
x20: 	0x00000000
x21: 	0x00000000
x22: 	0x00000000
x23: 	0x00000000
x24: 	0x00000000
x25: 	0x00000000
x26: 	0x00000000
x27: 	0x00000000
x28: 	0x00000000
x29: 	0x00000000
x30: 	0x00000000
x31: 	0x00000000

0x00000954	0x00000000	Unkown Instruction 

All Registers: 
x0: 	0x00000000
x1: 	0x00000000
x2: 	0x00000000
x3: 	0x00000000
x4: 	0x00000000
x5: 	0x00000000
x6: 	0x00000000
x7: 	0x00000000
x8: 	0x00000000
x9: 	0x00000000
x10: 	0x00000000
x11: 	0x00000000
x12: 	0x00000000
x13: 	0x00000000
x14: 	0x00000000
x15: 	0x00000000
x16: 	0x00000000
x17: 	0x00000000
x18: 	0x00000000
x19: 	0x00000000
x20: 	0x00000000
x21: 	0x00000000
x22: 	0x00000000
x23: 	0x00000000
x24: 	0x00000000
x25: 	0x00000000
x26: 	0x00000000
x27: 	0x00000000
x28: 	0x00000000
x29: 	0x00000000
x30: 	0x00000000
x31: 	0x00000000

0x00000958	0x00000000	Unkown Instruction 

All Registers: 
x0: 	0x00000000
x1: 	0x00000000
x2: 	0x00000000
x3: 	0x00000000
x4: 	0x00000000
x5: 	0x00000000
x6: 	0x00000000
x7: 	0x00000000
x8: 	0x00000000
x9: 	0x00000000
x10: 	0x00000000
x11: 	0x00000000
x12: 	0x00000000
x13: 	0x00000000
x14: 	0x00000000
x15: 	0x00000000
x16: 	0x00000000
x17: 	0x00000000
x18: 	0x00000000
x19: 	0x00000000
x20: 	0x00000000
x21: 	0x00000000
x22: 	0x00000000
x23: 	0x00000000
x24: 	0x00000000
x25: 	0x00000000
x26: 	0x00000000
x27: 	0x00000000
x28: 	0x00000000
x29: 	0x00000000
x30: 	0x00000000
x31: 	0x00000000

0x0000095c	0x00000000	Unkown Instruction 

All Registers: 
x0: 	0x00000000
x1: 	0x00000000
x2: 	0x00000000
x3: 	0x00000000
x4: 	0x00000000
x5: 	0x00000000
x6: 	0x00000000
x7: 	0x00000000
x8: 	0x00000000
x9: 	0x00000000
x10: 	0x00000000
x11: 	0x00000000
x12: 	0x00000000
x13: 	0x00000000
x14: 	0x00000000
x15: 	0x00000000
x16: 	0x00000000
x17: 	0x00000000
x18: 	0x00000000
x19: 	0x00000000
x20: 	0x00000000
x21: 	0x00000000
x22: 	0x00000000
x23: 	0x00000000
x24: 	0x00000000
x25: 	0x00000000
x26: 	0x00000000
x27: 	0x00000000
x28: 	0x00000000
x29: 	0x00000000
x30: 	0x00000000
x31: 	0x00000000

0x00000960	0x00000000	Unkown Instruction 

All Registers: 
x0: 	0x00000000
x1: 	0x00000000
x2: 	0x00000000
x3: 	0x00000000
x4: 	0x00000000
x5: 	0x00000000
x6: 	0x00000000
x7: 	0x00000000
x8: 	0x00000000
x9: 	0x00000000
x10: 	0x00000000
x11: 	0x00000000
x12: 	0x00000000
x13: 	0x00000000
x14: 	0x00000000
x15: 	0x00000000
x16: 	0x00000000
x17: 	0x00000000
x18: 	0x00000000
x19: 	0x00000000
x20: 	0x00000000
x21: 	0x00000000
x22: 	0x00000000
x23: 	0x00000000
x24: 	0x00000000
x25: 	0x00000000
x26: 	0x00000000
x27: 	0x00000000
x28: 	0x00000000
x29: 	0x00000000
x30: 	0x00000000
x31: 	0x00000000

0x00000964	0x00000000	Unkown Instruction 

All Registers: 
x0: 	0x00000000
x1: 	0x00000000
x2: 	0x00000000
x3: 	0x00000000
x4: 	0x00000000
x5: 	0x00000000
x6: 	0x00000000
x7: 	0x00000000
x8: 	0x00000000
x9: 	0x00000000
x10: 	0x00000000
x11: 	0x00000000
x12: 	0x00000000
x13: 	0x00000000
x14: 	0x00000000
x15: 	0x00000000
x16: 	0x00000000
x17: 	0x00000000
x18: 	0x00000000
x19: 	0x00000000
x20: 	0x00000000
x21: 	0x00000000
x22: 	0x00000000
x23: 	0x00000000
x24: 	0x00000000
x25: 	0x00000000
x26: 	0x00000000
x27: 	0x00000000
x28: 	0x00000000
x29: 	0x00000000
x30: 	0x00000000
x31: 	0x00000000

0x00000968	0x00000000	Unkown Instruction 

All Registers: 
x0: 	0x00000000
x1: 	0x00000000
x2: 	0x00000000
x3: 	0x00000000
x4: 	0x00000000
x5: 	0x00000000
x6: 	0x00000000
x7: 	0x00000000
x8: 	0x00000000
x9: 	0x00000000
x10: 	0x00000000
x11: 	0x00000000
x12: 	0x00000000
x13: 	0x00000000
x14: 	0x00000000
x15: 	0x00000000
x16: 	0x00000000
x17: 	0x00000000
x18: 	0x00000000
x19: 	0x00000000
x20: 	0x00000000
x21: 	0x00000000
x22: 	0x00000000
x23: 	0x00000000
x24: 	0x00000000
x25: 	0x00000000
x26: 	0x00000000
x27: 	0x00000000
x28: 	0x00000000
x29: 	0x00000000
x30: 	0x00000000
x31: 	0x00000000

0x0000096c	0x00000000	Unkown Instruction 

All Registers: 
x0: 	0x00000000
x1: 	0x00000000
x2: 	0x00000000
x3: 	0x00000000
x4: 	0x00000000
x5: 	0x00000000
x6: 	0x00000000
x7: 	0x00000000
x8: 	0x00000000
x9: 	0x00000000
x10: 	0x00000000
x11: 	0x00000000
x12: 	0x00000000
x13: 	0x00000000
x14: 	0x00000000
x15: 	0x00000000
x16: 	0x00000000
x17: 	0x00000000
x18: 	0x00000000
x19: 	0x00000000
x20: 	0x00000000
x21: 	0x00000000
x22: 	0x00000000
x23: 	0x00000000
x24: 	0x00000000
x25: 	0x00000000
x26: 	0x00000000
x27: 	0x00000000
x28: 	0x00000000
x29: 	0x00000000
x30: 	0x00000000
x31: 	0x00000000

0x00000970	0x00000000	Unkown Instruction 

All Registers: 
x0: 	0x00000000
x1: 	0x00000000
x2: 	0x00000000
x3: 	0x00000000
x4: 	0x00000000
x5: 	0x00000000
x6: 	0x00000000
x7: 	0x00000000
x8: 	0x00000000
x9: 	0x00000000
x10: 	0x00000000
x11: 	0x00000000
x12: 	0x00000000
x13: 	0x00000000
x14: 	0x00000000
x15: 	0x00000000
x16: 	0x00000000
x17: 	0x00000000
x18: 	0x00000000
x19: 	0x00000000
x20: 	0x00000000
x21: 	0x00000000
x22: 	0x00000000
x23: 	0x00000000
x24: 	0x00000000
x25: 	0x00000000
x26: 	0x00000000
x27: 	0x00000000
x28: 	0x00000000
x29: 	0x00000000
x30: 	0x00000000
x31: 	0x00000000

0x00000974	0x00000000	Unkown Instruction 

All Registers: 
x0: 	0x00000000
x1: 	0x00000000
x2: 	0x00000000
x3: 	0x00000000
x4: 	0x00000000
x5: 	0x00000000
x6: 	0x00000000
x7: 	0x00000000
x8: 	0x00000000
x9: 	0x00000000
x10: 	0x00000000
x11: 	0x00000000
x12: 	0x00000000
x13: 	0x00000000
x14: 	0x00000000
x15: 	0x00000000
x16: 	0x00000000
x17: 	0x00000000
x18: 	0x00000000
x19: 	0x00000000
x20: 	0x00000000
x21: 	0x00000000
x22: 	0x00000000
x23: 	0x00000000
x24: 	0x00000000
x25: 	0x00000000
x26: 	0x00000000
x27: 	0x00000000
x28: 	0x00000000
x29: 	0x00000000
x30: 	0x00000000
x31: 	0x00000000

0x00000978	0x00000000	Unkown Instruction 

All Registers: 
x0: 	0x00000000
x1: 	0x00000000
x2: 	0x00000000
x3: 	0x00000000
x4: 	0x00000000
x5: 	0x00000000
x6: 	0x00000000
x7: 	0x00000000
x8: 	0x00000000
x9: 	0x00000000
x10: 	0x00000000
x11: 	0x00000000
x12: 	0x00000000
x13: 	0x00000000
x14: 	0x00000000
x15: 	0x00000000
x16: 	0x00000000
x17: 	0x00000000
x18: 	0x00000000
x19: 	0x00000000
x20: 	0x00000000
x21: 	0x00000000
x22: 	0x00000000
x23: 	0x00000000
x24: 	0x00000000
x25: 	0x00000000
x26: 	0x00000000
x27: 	0x00000000
x28: 	0x00000000
x29: 	0x00000000
x30: 	0x00000000
x31: 	0x00000000

0x0000097c	0x00000000	Unkown Instruction 

All Registers: 
x0: 	0x00000000
x1: 	0x00000000
x2: 	0x00000000
x3: 	0x00000000
x4: 	0x00000000
x5: 	0x00000000
x6: 	0x00000000
x7: 	0x00000000
x8: 	0x00000000
x9: 	0x00000000
x10: 	0x00000000
x11: 	0x00000000
x12: 	0x00000000
x13: 	0x00000000
x14: 	0x00000000
x15: 	0x00000000
x16: 	0x00000000
x17: 	0x00000000
x18: 	0x00000000
x19: 	0x00000000
x20: 	0x00000000
x21: 	0x00000000
x22: 	0x00000000
x23: 	0x00000000
x24: 	0x00000000
x25: 	0x00000000
x26: 	0x00000000
x27: 	0x00000000
x28: 	0x00000000
x29: 	0x00000000
x30: 	0x00000000
x31: 	0x00000000

0x00000980	0x00000000	Unkown Instruction 

All Registers: 
x0: 	0x00000000
x1: 	0x00000000
x2: 	0x00000000
x3: 	0x00000000
x4: 	0x00000000
x5: 	0x00000000
x6: 	0x00000000
x7: 	0x00000000
x8: 	0x00000000
x9: 	0x00000000
x10: 	0x00000000
x11: 	0x00000000
x12: 	0x00000000
x13: 	0x00000000
x14: 	0x00000000
x15: 	0x00000000
x16: 	0x00000000
x17: 	0x00000000
x18: 	0x00000000
x19: 	0x00000000
x20: 	0x00000000
x21: 	0x00000000
x22: 	0x00000000
x23: 	0x00000000
x24: 	0x00000000
x25: 	0x00000000
x26: 	0x00000000
x27: 	0x00000000
x28: 	0x00000000
x29: 	0x00000000
x30: 	0x00000000
x31: 	0x00000000

0x00000984	0x00000000	Unkown Instruction 

All Registers: 
x0: 	0x00000000
x1: 	0x00000000
x2: 	0x00000000
x3: 	0x00000000
x4: 	0x00000000
x5: 	0x00000000
x6: 	0x00000000
x7: 	0x00000000
x8: 	0x00000000
x9: 	0x00000000
x10: 	0x00000000
x11: 	0x00000000
x12: 	0x00000000
x13: 	0x00000000
x14: 	0x00000000
x15: 	0x00000000
x16: 	0x00000000
x17: 	0x00000000
x18: 	0x00000000
x19: 	0x00000000
x20: 	0x00000000
x21: 	0x00000000
x22: 	0x00000000
x23: 	0x00000000
x24: 	0x00000000
x25: 	0x00000000
x26: 	0x00000000
x27: 	0x00000000
x28: 	0x00000000
x29: 	0x00000000
x30: 	0x00000000
x31: 	0x00000000

0x00000988	0x00000000	Unkown Instruction 

All Registers: 
x0: 	0x00000000
x1: 	0x00000000
x2: 	0x00000000
x3: 	0x00000000
x4: 	0x00000000
x5: 	0x00000000
x6: 	0x00000000
x7: 	0x00000000
x8: 	0x00000000
x9: 	0x00000000
x10: 	0x00000000
x11: 	0x00000000
x12: 	0x00000000
x13: 	0x00000000
x14: 	0x00000000
x15: 	0x00000000
x16: 	0x00000000
x17: 	0x00000000
x18: 	0x00000000
x19: 	0x00000000
x20: 	0x00000000
x21: 	0x00000000
x22: 	0x00000000
x23: 	0x00000000
x24: 	0x00000000
x25: 	0x00000000
x26: 	0x00000000
x27: 	0x00000000
x28: 	0x00000000
x29: 	0x00000000
x30: 	0x00000000
x31: 	0x00000000

0x0000098c	0x00000000	Unkown Instruction 

All Registers: 
x0: 	0x00000000
x1: 	0x00000000
x2: 	0x00000000
x3: 	0x00000000
x4: 	0x00000000
x5: 	0x00000000
x6: 	0x00000000
x7: 	0x00000000
x8: 	0x00000000
x9: 	0x00000000
x10: 	0x00000000
x11: 	0x00000000
x12: 	0x00000000
x13: 	0x00000000
x14: 	0x00000000
x15: 	0x00000000
x16: 	0x00000000
x17: 	0x00000000
x18: 	0x00000000
x19: 	0x00000000
x20: 	0x00000000
x21: 	0x00000000
x22: 	0x00000000
x23: 	0x00000000
x24: 	0x00000000
x25: 	0x00000000
x26: 	0x00000000
x27: 	0x00000000
x28: 	0x00000000
x29: 	0x00000000
x30: 	0x00000000
x31: 	0x00000000

0x00000990	0x00000000	Unkown Instruction 

All Registers: 
x0: 	0x00000000
x1: 	0x00000000
x2: 	0x00000000
x3: 	0x00000000
x4: 	0x00000000
x5: 	0x00000000
x6: 	0x00000000
x7: 	0x00000000
x8: 	0x00000000
x9: 	0x00000000
x10: 	0x00000000
x11: 	0x00000000
x12: 	0x00000000
x13: 	0x00000000
x14: 	0x00000000
x15: 	0x00000000
x16: 	0x00000000
x17: 	0x00000000
x18: 	0x00000000
x19: 	0x00000000
x20: 	0x00000000
x21: 	0x00000000
x22: 	0x00000000
x23: 	0x00000000
x24: 	0x00000000
x25: 	0x00000000
x26: 	0x00000000
x27: 	0x00000000
x28: 	0x00000000
x29: 	0x00000000
x30: 	0x00000000
x31: 	0x00000000

0x00000994	0x00000000	Unkown Instruction 

All Registers: 
x0: 	0x00000000
x1: 	0x00000000
x2: 	0x00000000
x3: 	0x00000000
x4: 	0x00000000
x5: 	0x00000000
x6: 	0x00000000
x7: 	0x00000000
x8: 	0x00000000
x9: 	0x00000000
x10: 	0x00000000
x11: 	0x00000000
x12: 	0x00000000
x13: 	0x00000000
x14: 	0x00000000
x15: 	0x00000000
x16: 	0x00000000
x17: 	0x00000000
x18: 	0x00000000
x19: 	0x00000000
x20: 	0x00000000
x21: 	0x00000000
x22: 	0x00000000
x23: 	0x00000000
x24: 	0x00000000
x25: 	0x00000000
x26: 	0x00000000
x27: 	0x00000000
x28: 	0x00000000
x29: 	0x00000000
x30: 	0x00000000
x31: 	0x00000000

0x00000998	0x00000000	Unkown Instruction 

All Registers: 
x0: 	0x00000000
x1: 	0x00000000
x2: 	0x00000000
x3: 	0x00000000
x4: 	0x00000000
x5: 	0x00000000
x6: 	0x00000000
x7: 	0x00000000
x8: 	0x00000000
x9: 	0x00000000
x10: 	0x00000000
x11: 	0x00000000
x12: 	0x00000000
x13: 	0x00000000
x14: 	0x00000000
x15: 	0x00000000
x16: 	0x00000000
x17: 	0x00000000
x18: 	0x00000000
x19: 	0x00000000
x20: 	0x00000000
x21: 	0x00000000
x22: 	0x00000000
x23: 	0x00000000
x24: 	0x00000000
x25: 	0x00000000
x26: 	0x00000000
x27: 	0x00000000
x28: 	0x00000000
x29: 	0x00000000
x30: 	0x00000000
x31: 	0x00000000

0x0000099c	0x00000000	Unkown Instruction 

All Registers: 
x0: 	0x00000000
x1: 	0x00000000
x2: 	0x00000000
x3: 	0x00000000
x4: 	0x00000000
x5: 	0x00000000
x6: 	0x00000000
x7: 	0x00000000
x8: 	0x00000000
x9: 	0x00000000
x10: 	0x00000000
x11: 	0x00000000
x12: 	0x00000000
x13: 	0x00000000
x14: 	0x00000000
x15: 	0x00000000
x16: 	0x00000000
x17: 	0x00000000
x18: 	0x00000000
x19: 	0x00000000
x20: 	0x00000000
x21: 	0x00000000
x22: 	0x00000000
x23: 	0x00000000
x24: 	0x00000000
x25: 	0x00000000
x26: 	0x00000000
x27: 	0x00000000
x28: 	0x00000000
x29: 	0x00000000
x30: 	0x00000000
x31: 	0x00000000

0x000009a0	0x00000000	Unkown Instruction 

All Registers: 
x0: 	0x00000000
x1: 	0x00000000
x2: 	0x00000000
x3: 	0x00000000
x4: 	0x00000000
x5: 	0x00000000
x6: 	0x00000000
x7: 	0x00000000
x8: 	0x00000000
x9: 	0x00000000
x10: 	0x00000000
x11: 	0x00000000
x12: 	0x00000000
x13: 	0x00000000
x14: 	0x00000000
x15: 	0x00000000
x16: 	0x00000000
x17: 	0x00000000
x18: 	0x00000000
x19: 	0x00000000
x20: 	0x00000000
x21: 	0x00000000
x22: 	0x00000000
x23: 	0x00000000
x24: 	0x00000000
x25: 	0x00000000
x26: 	0x00000000
x27: 	0x00000000
x28: 	0x00000000
x29: 	0x00000000
x30: 	0x00000000
x31: 	0x00000000

0x000009a4	0x00000000	Unkown Instruction 

All Registers: 
x0: 	0x00000000
x1: 	0x00000000
x2: 	0x00000000
x3: 	0x00000000
x4: 	0x00000000
x5: 	0x00000000
x6: 	0x00000000
x7: 	0x00000000
x8: 	0x00000000
x9: 	0x00000000
x10: 	0x00000000
x11: 	0x00000000
x12: 	0x00000000
x13: 	0x00000000
x14: 	0x00000000
x15: 	0x00000000
x16: 	0x00000000
x17: 	0x00000000
x18: 	0x00000000
x19: 	0x00000000
x20: 	0x00000000
x21: 	0x00000000
x22: 	0x00000000
x23: 	0x00000000
x24: 	0x00000000
x25: 	0x00000000
x26: 	0x00000000
x27: 	0x00000000
x28: 	0x00000000
x29: 	0x00000000
x30: 	0x00000000
x31: 	0x00000000

0x000009a8	0x00000000	Unkown Instruction 

All Registers: 
x0: 	0x00000000
x1: 	0x00000000
x2: 	0x00000000
x3: 	0x00000000
x4: 	0x00000000
x5: 	0x00000000
x6: 	0x00000000
x7: 	0x00000000
x8: 	0x00000000
x9: 	0x00000000
x10: 	0x00000000
x11: 	0x00000000
x12: 	0x00000000
x13: 	0x00000000
x14: 	0x00000000
x15: 	0x00000000
x16: 	0x00000000
x17: 	0x00000000
x18: 	0x00000000
x19: 	0x00000000
x20: 	0x00000000
x21: 	0x00000000
x22: 	0x00000000
x23: 	0x00000000
x24: 	0x00000000
x25: 	0x00000000
x26: 	0x00000000
x27: 	0x00000000
x28: 	0x00000000
x29: 	0x00000000
x30: 	0x00000000
x31: 	0x00000000

0x000009ac	0x00000000	Unkown Instruction 

All Registers: 
x0: 	0x00000000
x1: 	0x00000000
x2: 	0x00000000
x3: 	0x00000000
x4: 	0x00000000
x5: 	0x00000000
x6: 	0x00000000
x7: 	0x00000000
x8: 	0x00000000
x9: 	0x00000000
x10: 	0x00000000
x11: 	0x00000000
x12: 	0x00000000
x13: 	0x00000000
x14: 	0x00000000
x15: 	0x00000000
x16: 	0x00000000
x17: 	0x00000000
x18: 	0x00000000
x19: 	0x00000000
x20: 	0x00000000
x21: 	0x00000000
x22: 	0x00000000
x23: 	0x00000000
x24: 	0x00000000
x25: 	0x00000000
x26: 	0x00000000
x27: 	0x00000000
x28: 	0x00000000
x29: 	0x00000000
x30: 	0x00000000
x31: 	0x00000000

0x000009b0	0x00000000	Unkown Instruction 

All Registers: 
x0: 	0x00000000
x1: 	0x00000000
x2: 	0x00000000
x3: 	0x00000000
x4: 	0x00000000
x5: 	0x00000000
x6: 	0x00000000
x7: 	0x00000000
x8: 	0x00000000
x9: 	0x00000000
x10: 	0x00000000
x11: 	0x00000000
x12: 	0x00000000
x13: 	0x00000000
x14: 	0x00000000
x15: 	0x00000000
x16: 	0x00000000
x17: 	0x00000000
x18: 	0x00000000
x19: 	0x00000000
x20: 	0x00000000
x21: 	0x00000000
x22: 	0x00000000
x23: 	0x00000000
x24: 	0x00000000
x25: 	0x00000000
x26: 	0x00000000
x27: 	0x00000000
x28: 	0x00000000
x29: 	0x00000000
x30: 	0x00000000
x31: 	0x00000000

0x000009b4	0x00000000	Unkown Instruction 

All Registers: 
x0: 	0x00000000
x1: 	0x00000000
x2: 	0x00000000
x3: 	0x00000000
x4: 	0x00000000
x5: 	0x00000000
x6: 	0x00000000
x7: 	0x00000000
x8: 	0x00000000
x9: 	0x00000000
x10: 	0x00000000
x11: 	0x00000000
x12: 	0x00000000
x13: 	0x00000000
x14: 	0x00000000
x15: 	0x00000000
x16: 	0x00000000
x17: 	0x00000000
x18: 	0x00000000
x19: 	0x00000000
x20: 	0x00000000
x21: 	0x00000000
x22: 	0x00000000
x23: 	0x00000000
x24: 	0x00000000
x25: 	0x00000000
x26: 	0x00000000
x27: 	0x00000000
x28: 	0x00000000
x29: 	0x00000000
x30: 	0x00000000
x31: 	0x00000000

0x000009b8	0x00000000	Unkown Instruction 

All Registers: 
x0: 	0x00000000
x1: 	0x00000000
x2: 	0x00000000
x3: 	0x00000000
x4: 	0x00000000
x5: 	0x00000000
x6: 	0x00000000
x7: 	0x00000000
x8: 	0x00000000
x9: 	0x00000000
x10: 	0x00000000
x11: 	0x00000000
x12: 	0x00000000
x13: 	0x00000000
x14: 	0x00000000
x15: 	0x00000000
x16: 	0x00000000
x17: 	0x00000000
x18: 	0x00000000
x19: 	0x00000000
x20: 	0x00000000
x21: 	0x00000000
x22: 	0x00000000
x23: 	0x00000000
x24: 	0x00000000
x25: 	0x00000000
x26: 	0x00000000
x27: 	0x00000000
x28: 	0x00000000
x29: 	0x00000000
x30: 	0x00000000
x31: 	0x00000000

0x000009bc	0x00000000	Unkown Instruction 

All Registers: 
x0: 	0x00000000
x1: 	0x00000000
x2: 	0x00000000
x3: 	0x00000000
x4: 	0x00000000
x5: 	0x00000000
x6: 	0x00000000
x7: 	0x00000000
x8: 	0x00000000
x9: 	0x00000000
x10: 	0x00000000
x11: 	0x00000000
x12: 	0x00000000
x13: 	0x00000000
x14: 	0x00000000
x15: 	0x00000000
x16: 	0x00000000
x17: 	0x00000000
x18: 	0x00000000
x19: 	0x00000000
x20: 	0x00000000
x21: 	0x00000000
x22: 	0x00000000
x23: 	0x00000000
x24: 	0x00000000
x25: 	0x00000000
x26: 	0x00000000
x27: 	0x00000000
x28: 	0x00000000
x29: 	0x00000000
x30: 	0x00000000
x31: 	0x00000000

0x000009c0	0x00000000	Unkown Instruction 

All Registers: 
x0: 	0x00000000
x1: 	0x00000000
x2: 	0x00000000
x3: 	0x00000000
x4: 	0x00000000
x5: 	0x00000000
x6: 	0x00000000
x7: 	0x00000000
x8: 	0x00000000
x9: 	0x00000000
x10: 	0x00000000
x11: 	0x00000000
x12: 	0x00000000
x13: 	0x00000000
x14: 	0x00000000
x15: 	0x00000000
x16: 	0x00000000
x17: 	0x00000000
x18: 	0x00000000
x19: 	0x00000000
x20: 	0x00000000
x21: 	0x00000000
x22: 	0x00000000
x23: 	0x00000000
x24: 	0x00000000
x25: 	0x00000000
x26: 	0x00000000
x27: 	0x00000000
x28: 	0x00000000
x29: 	0x00000000
x30: 	0x00000000
x31: 	0x00000000

0x000009c4	0x00000000	Unkown Instruction 

All Registers: 
x0: 	0x00000000
x1: 	0x00000000
x2: 	0x00000000
x3: 	0x00000000
x4: 	0x00000000
x5: 	0x00000000
x6: 	0x00000000
x7: 	0x00000000
x8: 	0x00000000
x9: 	0x00000000
x10: 	0x00000000
x11: 	0x00000000
x12: 	0x00000000
x13: 	0x00000000
x14: 	0x00000000
x15: 	0x00000000
x16: 	0x00000000
x17: 	0x00000000
x18: 	0x00000000
x19: 	0x00000000
x20: 	0x00000000
x21: 	0x00000000
x22: 	0x00000000
x23: 	0x00000000
x24: 	0x00000000
x25: 	0x00000000
x26: 	0x00000000
x27: 	0x00000000
x28: 	0x00000000
x29: 	0x00000000
x30: 	0x00000000
x31: 	0x00000000

0x000009c8	0x00000000	Unkown Instruction 

All Registers: 
x0: 	0x00000000
x1: 	0x00000000
x2: 	0x00000000
x3: 	0x00000000
x4: 	0x00000000
x5: 	0x00000000
x6: 	0x00000000
x7: 	0x00000000
x8: 	0x00000000
x9: 	0x00000000
x10: 	0x00000000
x11: 	0x00000000
x12: 	0x00000000
x13: 	0x00000000
x14: 	0x00000000
x15: 	0x00000000
x16: 	0x00000000
x17: 	0x00000000
x18: 	0x00000000
x19: 	0x00000000
x20: 	0x00000000
x21: 	0x00000000
x22: 	0x00000000
x23: 	0x00000000
x24: 	0x00000000
x25: 	0x00000000
x26: 	0x00000000
x27: 	0x00000000
x28: 	0x00000000
x29: 	0x00000000
x30: 	0x00000000
x31: 	0x00000000

0x000009cc	0x00000000	Unkown Instruction 

All Registers: 
x0: 	0x00000000
x1: 	0x00000000
x2: 	0x00000000
x3: 	0x00000000
x4: 	0x00000000
x5: 	0x00000000
x6: 	0x00000000
x7: 	0x00000000
x8: 	0x00000000
x9: 	0x00000000
x10: 	0x00000000
x11: 	0x00000000
x12: 	0x00000000
x13: 	0x00000000
x14: 	0x00000000
x15: 	0x00000000
x16: 	0x00000000
x17: 	0x00000000
x18: 	0x00000000
x19: 	0x00000000
x20: 	0x00000000
x21: 	0x00000000
x22: 	0x00000000
x23: 	0x00000000
x24: 	0x00000000
x25: 	0x00000000
x26: 	0x00000000
x27: 	0x00000000
x28: 	0x00000000
x29: 	0x00000000
x30: 	0x00000000
x31: 	0x00000000

0x000009d0	0x00000000	Unkown Instruction 

All Registers: 
x0: 	0x00000000
x1: 	0x00000000
x2: 	0x00000000
x3: 	0x00000000
x4: 	0x00000000
x5: 	0x00000000
x6: 	0x00000000
x7: 	0x00000000
x8: 	0x00000000
x9: 	0x00000000
x10: 	0x00000000
x11: 	0x00000000
x12: 	0x00000000
x13: 	0x00000000
x14: 	0x00000000
x15: 	0x00000000
x16: 	0x00000000
x17: 	0x00000000
x18: 	0x00000000
x19: 	0x00000000
x20: 	0x00000000
x21: 	0x00000000
x22: 	0x00000000
x23: 	0x00000000
x24: 	0x00000000
x25: 	0x00000000
x26: 	0x00000000
x27: 	0x00000000
x28: 	0x00000000
x29: 	0x00000000
x30: 	0x00000000
x31: 	0x00000000

0x000009d4	0x00000000	Unkown Instruction 

All Registers: 
x0: 	0x00000000
x1: 	0x00000000
x2: 	0x00000000
x3: 	0x00000000
x4: 	0x00000000
x5: 	0x00000000
x6: 	0x00000000
x7: 	0x00000000
x8: 	0x00000000
x9: 	0x00000000
x10: 	0x00000000
x11: 	0x00000000
x12: 	0x00000000
x13: 	0x00000000
x14: 	0x00000000
x15: 	0x00000000
x16: 	0x00000000
x17: 	0x00000000
x18: 	0x00000000
x19: 	0x00000000
x20: 	0x00000000
x21: 	0x00000000
x22: 	0x00000000
x23: 	0x00000000
x24: 	0x00000000
x25: 	0x00000000
x26: 	0x00000000
x27: 	0x00000000
x28: 	0x00000000
x29: 	0x00000000
x30: 	0x00000000
x31: 	0x00000000

0x000009d8	0x00000000	Unkown Instruction 

All Registers: 
x0: 	0x00000000
x1: 	0x00000000
x2: 	0x00000000
x3: 	0x00000000
x4: 	0x00000000
x5: 	0x00000000
x6: 	0x00000000
x7: 	0x00000000
x8: 	0x00000000
x9: 	0x00000000
x10: 	0x00000000
x11: 	0x00000000
x12: 	0x00000000
x13: 	0x00000000
x14: 	0x00000000
x15: 	0x00000000
x16: 	0x00000000
x17: 	0x00000000
x18: 	0x00000000
x19: 	0x00000000
x20: 	0x00000000
x21: 	0x00000000
x22: 	0x00000000
x23: 	0x00000000
x24: 	0x00000000
x25: 	0x00000000
x26: 	0x00000000
x27: 	0x00000000
x28: 	0x00000000
x29: 	0x00000000
x30: 	0x00000000
x31: 	0x00000000

0x000009dc	0x00000000	Unkown Instruction 

All Registers: 
x0: 	0x00000000
x1: 	0x00000000
x2: 	0x00000000
x3: 	0x00000000
x4: 	0x00000000
x5: 	0x00000000
x6: 	0x00000000
x7: 	0x00000000
x8: 	0x00000000
x9: 	0x00000000
x10: 	0x00000000
x11: 	0x00000000
x12: 	0x00000000
x13: 	0x00000000
x14: 	0x00000000
x15: 	0x00000000
x16: 	0x00000000
x17: 	0x00000000
x18: 	0x00000000
x19: 	0x00000000
x20: 	0x00000000
x21: 	0x00000000
x22: 	0x00000000
x23: 	0x00000000
x24: 	0x00000000
x25: 	0x00000000
x26: 	0x00000000
x27: 	0x00000000
x28: 	0x00000000
x29: 	0x00000000
x30: 	0x00000000
x31: 	0x00000000

0x000009e0	0x00000000	Unkown Instruction 

All Registers: 
x0: 	0x00000000
x1: 	0x00000000
x2: 	0x00000000
x3: 	0x00000000
x4: 	0x00000000
x5: 	0x00000000
x6: 	0x00000000
x7: 	0x00000000
x8: 	0x00000000
x9: 	0x00000000
x10: 	0x00000000
x11: 	0x00000000
x12: 	0x00000000
x13: 	0x00000000
x14: 	0x00000000
x15: 	0x00000000
x16: 	0x00000000
x17: 	0x00000000
x18: 	0x00000000
x19: 	0x00000000
x20: 	0x00000000
x21: 	0x00000000
x22: 	0x00000000
x23: 	0x00000000
x24: 	0x00000000
x25: 	0x00000000
x26: 	0x00000000
x27: 	0x00000000
x28: 	0x00000000
x29: 	0x00000000
x30: 	0x00000000
x31: 	0x00000000

0x000009e4	0x00000000	Unkown Instruction 

All Registers: 
x0: 	0x00000000
x1: 	0x00000000
x2: 	0x00000000
x3: 	0x00000000
x4: 	0x00000000
x5: 	0x00000000
x6: 	0x00000000
x7: 	0x00000000
x8: 	0x00000000
x9: 	0x00000000
x10: 	0x00000000
x11: 	0x00000000
x12: 	0x00000000
x13: 	0x00000000
x14: 	0x00000000
x15: 	0x00000000
x16: 	0x00000000
x17: 	0x00000000
x18: 	0x00000000
x19: 	0x00000000
x20: 	0x00000000
x21: 	0x00000000
x22: 	0x00000000
x23: 	0x00000000
x24: 	0x00000000
x25: 	0x00000000
x26: 	0x00000000
x27: 	0x00000000
x28: 	0x00000000
x29: 	0x00000000
x30: 	0x00000000
x31: 	0x00000000

0x000009e8	0x00000000	Unkown Instruction 

All Registers: 
x0: 	0x00000000
x1: 	0x00000000
x2: 	0x00000000
x3: 	0x00000000
x4: 	0x00000000
x5: 	0x00000000
x6: 	0x00000000
x7: 	0x00000000
x8: 	0x00000000
x9: 	0x00000000
x10: 	0x00000000
x11: 	0x00000000
x12: 	0x00000000
x13: 	0x00000000
x14: 	0x00000000
x15: 	0x00000000
x16: 	0x00000000
x17: 	0x00000000
x18: 	0x00000000
x19: 	0x00000000
x20: 	0x00000000
x21: 	0x00000000
x22: 	0x00000000
x23: 	0x00000000
x24: 	0x00000000
x25: 	0x00000000
x26: 	0x00000000
x27: 	0x00000000
x28: 	0x00000000
x29: 	0x00000000
x30: 	0x00000000
x31: 	0x00000000

0x000009ec	0x00000000	Unkown Instruction 

All Registers: 
x0: 	0x00000000
x1: 	0x00000000
x2: 	0x00000000
x3: 	0x00000000
x4: 	0x00000000
x5: 	0x00000000
x6: 	0x00000000
x7: 	0x00000000
x8: 	0x00000000
x9: 	0x00000000
x10: 	0x00000000
x11: 	0x00000000
x12: 	0x00000000
x13: 	0x00000000
x14: 	0x00000000
x15: 	0x00000000
x16: 	0x00000000
x17: 	0x00000000
x18: 	0x00000000
x19: 	0x00000000
x20: 	0x00000000
x21: 	0x00000000
x22: 	0x00000000
x23: 	0x00000000
x24: 	0x00000000
x25: 	0x00000000
x26: 	0x00000000
x27: 	0x00000000
x28: 	0x00000000
x29: 	0x00000000
x30: 	0x00000000
x31: 	0x00000000

0x000009f0	0x00000000	Unkown Instruction 

All Registers: 
x0: 	0x00000000
x1: 	0x00000000
x2: 	0x00000000
x3: 	0x00000000
x4: 	0x00000000
x5: 	0x00000000
x6: 	0x00000000
x7: 	0x00000000
x8: 	0x00000000
x9: 	0x00000000
x10: 	0x00000000
x11: 	0x00000000
x12: 	0x00000000
x13: 	0x00000000
x14: 	0x00000000
x15: 	0x00000000
x16: 	0x00000000
x17: 	0x00000000
x18: 	0x00000000
x19: 	0x00000000
x20: 	0x00000000
x21: 	0x00000000
x22: 	0x00000000
x23: 	0x00000000
x24: 	0x00000000
x25: 	0x00000000
x26: 	0x00000000
x27: 	0x00000000
x28: 	0x00000000
x29: 	0x00000000
x30: 	0x00000000
x31: 	0x00000000

0x000009f4	0x00000000	Unkown Instruction 

All Registers: 
x0: 	0x00000000
x1: 	0x00000000
x2: 	0x00000000
x3: 	0x00000000
x4: 	0x00000000
x5: 	0x00000000
x6: 	0x00000000
x7: 	0x00000000
x8: 	0x00000000
x9: 	0x00000000
x10: 	0x00000000
x11: 	0x00000000
x12: 	0x00000000
x13: 	0x00000000
x14: 	0x00000000
x15: 	0x00000000
x16: 	0x00000000
x17: 	0x00000000
x18: 	0x00000000
x19: 	0x00000000
x20: 	0x00000000
x21: 	0x00000000
x22: 	0x00000000
x23: 	0x00000000
x24: 	0x00000000
x25: 	0x00000000
x26: 	0x00000000
x27: 	0x00000000
x28: 	0x00000000
x29: 	0x00000000
x30: 	0x00000000
x31: 	0x00000000

0x000009f8	0x00000000	Unkown Instruction 

All Registers: 
x0: 	0x00000000
x1: 	0x00000000
x2: 	0x00000000
x3: 	0x00000000
x4: 	0x00000000
x5: 	0x00000000
x6: 	0x00000000
x7: 	0x00000000
x8: 	0x00000000
x9: 	0x00000000
x10: 	0x00000000
x11: 	0x00000000
x12: 	0x00000000
x13: 	0x00000000
x14: 	0x00000000
x15: 	0x00000000
x16: 	0x00000000
x17: 	0x00000000
x18: 	0x00000000
x19: 	0x00000000
x20: 	0x00000000
x21: 	0x00000000
x22: 	0x00000000
x23: 	0x00000000
x24: 	0x00000000
x25: 	0x00000000
x26: 	0x00000000
x27: 	0x00000000
x28: 	0x00000000
x29: 	0x00000000
x30: 	0x00000000
x31: 	0x00000000

0x000009fc	0x00000000	Unkown Instruction 

All Registers: 
x0: 	0x00000000
x1: 	0x00000000
x2: 	0x00000000
x3: 	0x00000000
x4: 	0x00000000
x5: 	0x00000000
x6: 	0x00000000
x7: 	0x00000000
x8: 	0x00000000
x9: 	0x00000000
x10: 	0x00000000
x11: 	0x00000000
x12: 	0x00000000
x13: 	0x00000000
x14: 	0x00000000
x15: 	0x00000000
x16: 	0x00000000
x17: 	0x00000000
x18: 	0x00000000
x19: 	0x00000000
x20: 	0x00000000
x21: 	0x00000000
x22: 	0x00000000
x23: 	0x00000000
x24: 	0x00000000
x25: 	0x00000000
x26: 	0x00000000
x27: 	0x00000000
x28: 	0x00000000
x29: 	0x00000000
x30: 	0x00000000
x31: 	0x00000000

0x00000a00	0x00000000	Unkown Instruction 

All Registers: 
x0: 	0x00000000
x1: 	0x00000000
x2: 	0x00000000
x3: 	0x00000000
x4: 	0x00000000
x5: 	0x00000000
x6: 	0x00000000
x7: 	0x00000000
x8: 	0x00000000
x9: 	0x00000000
x10: 	0x00000000
x11: 	0x00000000
x12: 	0x00000000
x13: 	0x00000000
x14: 	0x00000000
x15: 	0x00000000
x16: 	0x00000000
x17: 	0x00000000
x18: 	0x00000000
x19: 	0x00000000
x20: 	0x00000000
x21: 	0x00000000
x22: 	0x00000000
x23: 	0x00000000
x24: 	0x00000000
x25: 	0x00000000
x26: 	0x00000000
x27: 	0x00000000
x28: 	0x00000000
x29: 	0x00000000
x30: 	0x00000000
x31: 	0x00000000

0x00000a04	0x00000000	Unkown Instruction 

All Registers: 
x0: 	0x00000000
x1: 	0x00000000
x2: 	0x00000000
x3: 	0x00000000
x4: 	0x00000000
x5: 	0x00000000
x6: 	0x00000000
x7: 	0x00000000
x8: 	0x00000000
x9: 	0x00000000
x10: 	0x00000000
x11: 	0x00000000
x12: 	0x00000000
x13: 	0x00000000
x14: 	0x00000000
x15: 	0x00000000
x16: 	0x00000000
x17: 	0x00000000
x18: 	0x00000000
x19: 	0x00000000
x20: 	0x00000000
x21: 	0x00000000
x22: 	0x00000000
x23: 	0x00000000
x24: 	0x00000000
x25: 	0x00000000
x26: 	0x00000000
x27: 	0x00000000
x28: 	0x00000000
x29: 	0x00000000
x30: 	0x00000000
x31: 	0x00000000

0x00000a08	0x00000000	Unkown Instruction 

All Registers: 
x0: 	0x00000000
x1: 	0x00000000
x2: 	0x00000000
x3: 	0x00000000
x4: 	0x00000000
x5: 	0x00000000
x6: 	0x00000000
x7: 	0x00000000
x8: 	0x00000000
x9: 	0x00000000
x10: 	0x00000000
x11: 	0x00000000
x12: 	0x00000000
x13: 	0x00000000
x14: 	0x00000000
x15: 	0x00000000
x16: 	0x00000000
x17: 	0x00000000
x18: 	0x00000000
x19: 	0x00000000
x20: 	0x00000000
x21: 	0x00000000
x22: 	0x00000000
x23: 	0x00000000
x24: 	0x00000000
x25: 	0x00000000
x26: 	0x00000000
x27: 	0x00000000
x28: 	0x00000000
x29: 	0x00000000
x30: 	0x00000000
x31: 	0x00000000

0x00000a0c	0x00000000	Unkown Instruction 

All Registers: 
x0: 	0x00000000
x1: 	0x00000000
x2: 	0x00000000
x3: 	0x00000000
x4: 	0x00000000
x5: 	0x00000000
x6: 	0x00000000
x7: 	0x00000000
x8: 	0x00000000
x9: 	0x00000000
x10: 	0x00000000
x11: 	0x00000000
x12: 	0x00000000
x13: 	0x00000000
x14: 	0x00000000
x15: 	0x00000000
x16: 	0x00000000
x17: 	0x00000000
x18: 	0x00000000
x19: 	0x00000000
x20: 	0x00000000
x21: 	0x00000000
x22: 	0x00000000
x23: 	0x00000000
x24: 	0x00000000
x25: 	0x00000000
x26: 	0x00000000
x27: 	0x00000000
x28: 	0x00000000
x29: 	0x00000000
x30: 	0x00000000
x31: 	0x00000000

0x00000a10	0x00000000	Unkown Instruction 

All Registers: 
x0: 	0x00000000
x1: 	0x00000000
x2: 	0x00000000
x3: 	0x00000000
x4: 	0x00000000
x5: 	0x00000000
x6: 	0x00000000
x7: 	0x00000000
x8: 	0x00000000
x9: 	0x00000000
x10: 	0x00000000
x11: 	0x00000000
x12: 	0x00000000
x13: 	0x00000000
x14: 	0x00000000
x15: 	0x00000000
x16: 	0x00000000
x17: 	0x00000000
x18: 	0x00000000
x19: 	0x00000000
x20: 	0x00000000
x21: 	0x00000000
x22: 	0x00000000
x23: 	0x00000000
x24: 	0x00000000
x25: 	0x00000000
x26: 	0x00000000
x27: 	0x00000000
x28: 	0x00000000
x29: 	0x00000000
x30: 	0x00000000
x31: 	0x00000000

0x00000a14	0x00000000	Unkown Instruction 

All Registers: 
x0: 	0x00000000
x1: 	0x00000000
x2: 	0x00000000
x3: 	0x00000000
x4: 	0x00000000
x5: 	0x00000000
x6: 	0x00000000
x7: 	0x00000000
x8: 	0x00000000
x9: 	0x00000000
x10: 	0x00000000
x11: 	0x00000000
x12: 	0x00000000
x13: 	0x00000000
x14: 	0x00000000
x15: 	0x00000000
x16: 	0x00000000
x17: 	0x00000000
x18: 	0x00000000
x19: 	0x00000000
x20: 	0x00000000
x21: 	0x00000000
x22: 	0x00000000
x23: 	0x00000000
x24: 	0x00000000
x25: 	0x00000000
x26: 	0x00000000
x27: 	0x00000000
x28: 	0x00000000
x29: 	0x00000000
x30: 	0x00000000
x31: 	0x00000000

0x00000a18	0x00000000	Unkown Instruction 

All Registers: 
x0: 	0x00000000
x1: 	0x00000000
x2: 	0x00000000
x3: 	0x00000000
x4: 	0x00000000
x5: 	0x00000000
x6: 	0x00000000
x7: 	0x00000000
x8: 	0x00000000
x9: 	0x00000000
x10: 	0x00000000
x11: 	0x00000000
x12: 	0x00000000
x13: 	0x00000000
x14: 	0x00000000
x15: 	0x00000000
x16: 	0x00000000
x17: 	0x00000000
x18: 	0x00000000
x19: 	0x00000000
x20: 	0x00000000
x21: 	0x00000000
x22: 	0x00000000
x23: 	0x00000000
x24: 	0x00000000
x25: 	0x00000000
x26: 	0x00000000
x27: 	0x00000000
x28: 	0x00000000
x29: 	0x00000000
x30: 	0x00000000
x31: 	0x00000000

0x00000a1c	0x00000000	Unkown Instruction 

All Registers: 
x0: 	0x00000000
x1: 	0x00000000
x2: 	0x00000000
x3: 	0x00000000
x4: 	0x00000000
x5: 	0x00000000
x6: 	0x00000000
x7: 	0x00000000
x8: 	0x00000000
x9: 	0x00000000
x10: 	0x00000000
x11: 	0x00000000
x12: 	0x00000000
x13: 	0x00000000
x14: 	0x00000000
x15: 	0x00000000
x16: 	0x00000000
x17: 	0x00000000
x18: 	0x00000000
x19: 	0x00000000
x20: 	0x00000000
x21: 	0x00000000
x22: 	0x00000000
x23: 	0x00000000
x24: 	0x00000000
x25: 	0x00000000
x26: 	0x00000000
x27: 	0x00000000
x28: 	0x00000000
x29: 	0x00000000
x30: 	0x00000000
x31: 	0x00000000

0x00000a20	0x00000000	Unkown Instruction 

All Registers: 
x0: 	0x00000000
x1: 	0x00000000
x2: 	0x00000000
x3: 	0x00000000
x4: 	0x00000000
x5: 	0x00000000
x6: 	0x00000000
x7: 	0x00000000
x8: 	0x00000000
x9: 	0x00000000
x10: 	0x00000000
x11: 	0x00000000
x12: 	0x00000000
x13: 	0x00000000
x14: 	0x00000000
x15: 	0x00000000
x16: 	0x00000000
x17: 	0x00000000
x18: 	0x00000000
x19: 	0x00000000
x20: 	0x00000000
x21: 	0x00000000
x22: 	0x00000000
x23: 	0x00000000
x24: 	0x00000000
x25: 	0x00000000
x26: 	0x00000000
x27: 	0x00000000
x28: 	0x00000000
x29: 	0x00000000
x30: 	0x00000000
x31: 	0x00000000

0x00000a24	0x00000000	Unkown Instruction 

All Registers: 
x0: 	0x00000000
x1: 	0x00000000
x2: 	0x00000000
x3: 	0x00000000
x4: 	0x00000000
x5: 	0x00000000
x6: 	0x00000000
x7: 	0x00000000
x8: 	0x00000000
x9: 	0x00000000
x10: 	0x00000000
x11: 	0x00000000
x12: 	0x00000000
x13: 	0x00000000
x14: 	0x00000000
x15: 	0x00000000
x16: 	0x00000000
x17: 	0x00000000
x18: 	0x00000000
x19: 	0x00000000
x20: 	0x00000000
x21: 	0x00000000
x22: 	0x00000000
x23: 	0x00000000
x24: 	0x00000000
x25: 	0x00000000
x26: 	0x00000000
x27: 	0x00000000
x28: 	0x00000000
x29: 	0x00000000
x30: 	0x00000000
x31: 	0x00000000

0x00000a28	0x00000000	Unkown Instruction 

All Registers: 
x0: 	0x00000000
x1: 	0x00000000
x2: 	0x00000000
x3: 	0x00000000
x4: 	0x00000000
x5: 	0x00000000
x6: 	0x00000000
x7: 	0x00000000
x8: 	0x00000000
x9: 	0x00000000
x10: 	0x00000000
x11: 	0x00000000
x12: 	0x00000000
x13: 	0x00000000
x14: 	0x00000000
x15: 	0x00000000
x16: 	0x00000000
x17: 	0x00000000
x18: 	0x00000000
x19: 	0x00000000
x20: 	0x00000000
x21: 	0x00000000
x22: 	0x00000000
x23: 	0x00000000
x24: 	0x00000000
x25: 	0x00000000
x26: 	0x00000000
x27: 	0x00000000
x28: 	0x00000000
x29: 	0x00000000
x30: 	0x00000000
x31: 	0x00000000

0x00000a2c	0x00000000	Unkown Instruction 

All Registers: 
x0: 	0x00000000
x1: 	0x00000000
x2: 	0x00000000
x3: 	0x00000000
x4: 	0x00000000
x5: 	0x00000000
x6: 	0x00000000
x7: 	0x00000000
x8: 	0x00000000
x9: 	0x00000000
x10: 	0x00000000
x11: 	0x00000000
x12: 	0x00000000
x13: 	0x00000000
x14: 	0x00000000
x15: 	0x00000000
x16: 	0x00000000
x17: 	0x00000000
x18: 	0x00000000
x19: 	0x00000000
x20: 	0x00000000
x21: 	0x00000000
x22: 	0x00000000
x23: 	0x00000000
x24: 	0x00000000
x25: 	0x00000000
x26: 	0x00000000
x27: 	0x00000000
x28: 	0x00000000
x29: 	0x00000000
x30: 	0x00000000
x31: 	0x00000000

0x00000a30	0x00000000	Unkown Instruction 

All Registers: 
x0: 	0x00000000
x1: 	0x00000000
x2: 	0x00000000
x3: 	0x00000000
x4: 	0x00000000
x5: 	0x00000000
x6: 	0x00000000
x7: 	0x00000000
x8: 	0x00000000
x9: 	0x00000000
x10: 	0x00000000
x11: 	0x00000000
x12: 	0x00000000
x13: 	0x00000000
x14: 	0x00000000
x15: 	0x00000000
x16: 	0x00000000
x17: 	0x00000000
x18: 	0x00000000
x19: 	0x00000000
x20: 	0x00000000
x21: 	0x00000000
x22: 	0x00000000
x23: 	0x00000000
x24: 	0x00000000
x25: 	0x00000000
x26: 	0x00000000
x27: 	0x00000000
x28: 	0x00000000
x29: 	0x00000000
x30: 	0x00000000
x31: 	0x00000000

0x00000a34	0x00000000	Unkown Instruction 

All Registers: 
x0: 	0x00000000
x1: 	0x00000000
x2: 	0x00000000
x3: 	0x00000000
x4: 	0x00000000
x5: 	0x00000000
x6: 	0x00000000
x7: 	0x00000000
x8: 	0x00000000
x9: 	0x00000000
x10: 	0x00000000
x11: 	0x00000000
x12: 	0x00000000
x13: 	0x00000000
x14: 	0x00000000
x15: 	0x00000000
x16: 	0x00000000
x17: 	0x00000000
x18: 	0x00000000
x19: 	0x00000000
x20: 	0x00000000
x21: 	0x00000000
x22: 	0x00000000
x23: 	0x00000000
x24: 	0x00000000
x25: 	0x00000000
x26: 	0x00000000
x27: 	0x00000000
x28: 	0x00000000
x29: 	0x00000000
x30: 	0x00000000
x31: 	0x00000000

0x00000a38	0x00000000	Unkown Instruction 

All Registers: 
x0: 	0x00000000
x1: 	0x00000000
x2: 	0x00000000
x3: 	0x00000000
x4: 	0x00000000
x5: 	0x00000000
x6: 	0x00000000
x7: 	0x00000000
x8: 	0x00000000
x9: 	0x00000000
x10: 	0x00000000
x11: 	0x00000000
x12: 	0x00000000
x13: 	0x00000000
x14: 	0x00000000
x15: 	0x00000000
x16: 	0x00000000
x17: 	0x00000000
x18: 	0x00000000
x19: 	0x00000000
x20: 	0x00000000
x21: 	0x00000000
x22: 	0x00000000
x23: 	0x00000000
x24: 	0x00000000
x25: 	0x00000000
x26: 	0x00000000
x27: 	0x00000000
x28: 	0x00000000
x29: 	0x00000000
x30: 	0x00000000
x31: 	0x00000000

0x00000a3c	0x00000000	Unkown Instruction 

All Registers: 
x0: 	0x00000000
x1: 	0x00000000
x2: 	0x00000000
x3: 	0x00000000
x4: 	0x00000000
x5: 	0x00000000
x6: 	0x00000000
x7: 	0x00000000
x8: 	0x00000000
x9: 	0x00000000
x10: 	0x00000000
x11: 	0x00000000
x12: 	0x00000000
x13: 	0x00000000
x14: 	0x00000000
x15: 	0x00000000
x16: 	0x00000000
x17: 	0x00000000
x18: 	0x00000000
x19: 	0x00000000
x20: 	0x00000000
x21: 	0x00000000
x22: 	0x00000000
x23: 	0x00000000
x24: 	0x00000000
x25: 	0x00000000
x26: 	0x00000000
x27: 	0x00000000
x28: 	0x00000000
x29: 	0x00000000
x30: 	0x00000000
x31: 	0x00000000

0x00000a40	0x00000000	Unkown Instruction 

All Registers: 
x0: 	0x00000000
x1: 	0x00000000
x2: 	0x00000000
x3: 	0x00000000
x4: 	0x00000000
x5: 	0x00000000
x6: 	0x00000000
x7: 	0x00000000
x8: 	0x00000000
x9: 	0x00000000
x10: 	0x00000000
x11: 	0x00000000
x12: 	0x00000000
x13: 	0x00000000
x14: 	0x00000000
x15: 	0x00000000
x16: 	0x00000000
x17: 	0x00000000
x18: 	0x00000000
x19: 	0x00000000
x20: 	0x00000000
x21: 	0x00000000
x22: 	0x00000000
x23: 	0x00000000
x24: 	0x00000000
x25: 	0x00000000
x26: 	0x00000000
x27: 	0x00000000
x28: 	0x00000000
x29: 	0x00000000
x30: 	0x00000000
x31: 	0x00000000

0x00000a44	0x00000000	Unkown Instruction 

All Registers: 
x0: 	0x00000000
x1: 	0x00000000
x2: 	0x00000000
x3: 	0x00000000
x4: 	0x00000000
x5: 	0x00000000
x6: 	0x00000000
x7: 	0x00000000
x8: 	0x00000000
x9: 	0x00000000
x10: 	0x00000000
x11: 	0x00000000
x12: 	0x00000000
x13: 	0x00000000
x14: 	0x00000000
x15: 	0x00000000
x16: 	0x00000000
x17: 	0x00000000
x18: 	0x00000000
x19: 	0x00000000
x20: 	0x00000000
x21: 	0x00000000
x22: 	0x00000000
x23: 	0x00000000
x24: 	0x00000000
x25: 	0x00000000
x26: 	0x00000000
x27: 	0x00000000
x28: 	0x00000000
x29: 	0x00000000
x30: 	0x00000000
x31: 	0x00000000

0x00000a48	0x00000000	Unkown Instruction 

All Registers: 
x0: 	0x00000000
x1: 	0x00000000
x2: 	0x00000000
x3: 	0x00000000
x4: 	0x00000000
x5: 	0x00000000
x6: 	0x00000000
x7: 	0x00000000
x8: 	0x00000000
x9: 	0x00000000
x10: 	0x00000000
x11: 	0x00000000
x12: 	0x00000000
x13: 	0x00000000
x14: 	0x00000000
x15: 	0x00000000
x16: 	0x00000000
x17: 	0x00000000
x18: 	0x00000000
x19: 	0x00000000
x20: 	0x00000000
x21: 	0x00000000
x22: 	0x00000000
x23: 	0x00000000
x24: 	0x00000000
x25: 	0x00000000
x26: 	0x00000000
x27: 	0x00000000
x28: 	0x00000000
x29: 	0x00000000
x30: 	0x00000000
x31: 	0x00000000

0x00000a4c	0x00000000	Unkown Instruction 

All Registers: 
x0: 	0x00000000
x1: 	0x00000000
x2: 	0x00000000
x3: 	0x00000000
x4: 	0x00000000
x5: 	0x00000000
x6: 	0x00000000
x7: 	0x00000000
x8: 	0x00000000
x9: 	0x00000000
x10: 	0x00000000
x11: 	0x00000000
x12: 	0x00000000
x13: 	0x00000000
x14: 	0x00000000
x15: 	0x00000000
x16: 	0x00000000
x17: 	0x00000000
x18: 	0x00000000
x19: 	0x00000000
x20: 	0x00000000
x21: 	0x00000000
x22: 	0x00000000
x23: 	0x00000000
x24: 	0x00000000
x25: 	0x00000000
x26: 	0x00000000
x27: 	0x00000000
x28: 	0x00000000
x29: 	0x00000000
x30: 	0x00000000
x31: 	0x00000000

0x00000a50	0x00000000	Unkown Instruction 

All Registers: 
x0: 	0x00000000
x1: 	0x00000000
x2: 	0x00000000
x3: 	0x00000000
x4: 	0x00000000
x5: 	0x00000000
x6: 	0x00000000
x7: 	0x00000000
x8: 	0x00000000
x9: 	0x00000000
x10: 	0x00000000
x11: 	0x00000000
x12: 	0x00000000
x13: 	0x00000000
x14: 	0x00000000
x15: 	0x00000000
x16: 	0x00000000
x17: 	0x00000000
x18: 	0x00000000
x19: 	0x00000000
x20: 	0x00000000
x21: 	0x00000000
x22: 	0x00000000
x23: 	0x00000000
x24: 	0x00000000
x25: 	0x00000000
x26: 	0x00000000
x27: 	0x00000000
x28: 	0x00000000
x29: 	0x00000000
x30: 	0x00000000
x31: 	0x00000000

0x00000a54	0x00000000	Unkown Instruction 

All Registers: 
x0: 	0x00000000
x1: 	0x00000000
x2: 	0x00000000
x3: 	0x00000000
x4: 	0x00000000
x5: 	0x00000000
x6: 	0x00000000
x7: 	0x00000000
x8: 	0x00000000
x9: 	0x00000000
x10: 	0x00000000
x11: 	0x00000000
x12: 	0x00000000
x13: 	0x00000000
x14: 	0x00000000
x15: 	0x00000000
x16: 	0x00000000
x17: 	0x00000000
x18: 	0x00000000
x19: 	0x00000000
x20: 	0x00000000
x21: 	0x00000000
x22: 	0x00000000
x23: 	0x00000000
x24: 	0x00000000
x25: 	0x00000000
x26: 	0x00000000
x27: 	0x00000000
x28: 	0x00000000
x29: 	0x00000000
x30: 	0x00000000
x31: 	0x00000000

0x00000a58	0x00000000	Unkown Instruction 

All Registers: 
x0: 	0x00000000
x1: 	0x00000000
x2: 	0x00000000
x3: 	0x00000000
x4: 	0x00000000
x5: 	0x00000000
x6: 	0x00000000
x7: 	0x00000000
x8: 	0x00000000
x9: 	0x00000000
x10: 	0x00000000
x11: 	0x00000000
x12: 	0x00000000
x13: 	0x00000000
x14: 	0x00000000
x15: 	0x00000000
x16: 	0x00000000
x17: 	0x00000000
x18: 	0x00000000
x19: 	0x00000000
x20: 	0x00000000
x21: 	0x00000000
x22: 	0x00000000
x23: 	0x00000000
x24: 	0x00000000
x25: 	0x00000000
x26: 	0x00000000
x27: 	0x00000000
x28: 	0x00000000
x29: 	0x00000000
x30: 	0x00000000
x31: 	0x00000000

0x00000a5c	0x00000000	Unkown Instruction 

All Registers: 
x0: 	0x00000000
x1: 	0x00000000
x2: 	0x00000000
x3: 	0x00000000
x4: 	0x00000000
x5: 	0x00000000
x6: 	0x00000000
x7: 	0x00000000
x8: 	0x00000000
x9: 	0x00000000
x10: 	0x00000000
x11: 	0x00000000
x12: 	0x00000000
x13: 	0x00000000
x14: 	0x00000000
x15: 	0x00000000
x16: 	0x00000000
x17: 	0x00000000
x18: 	0x00000000
x19: 	0x00000000
x20: 	0x00000000
x21: 	0x00000000
x22: 	0x00000000
x23: 	0x00000000
x24: 	0x00000000
x25: 	0x00000000
x26: 	0x00000000
x27: 	0x00000000
x28: 	0x00000000
x29: 	0x00000000
x30: 	0x00000000
x31: 	0x00000000

0x00000a60	0x00000000	Unkown Instruction 

All Registers: 
x0: 	0x00000000
x1: 	0x00000000
x2: 	0x00000000
x3: 	0x00000000
x4: 	0x00000000
x5: 	0x00000000
x6: 	0x00000000
x7: 	0x00000000
x8: 	0x00000000
x9: 	0x00000000
x10: 	0x00000000
x11: 	0x00000000
x12: 	0x00000000
x13: 	0x00000000
x14: 	0x00000000
x15: 	0x00000000
x16: 	0x00000000
x17: 	0x00000000
x18: 	0x00000000
x19: 	0x00000000
x20: 	0x00000000
x21: 	0x00000000
x22: 	0x00000000
x23: 	0x00000000
x24: 	0x00000000
x25: 	0x00000000
x26: 	0x00000000
x27: 	0x00000000
x28: 	0x00000000
x29: 	0x00000000
x30: 	0x00000000
x31: 	0x00000000

0x00000a64	0x00000000	Unkown Instruction 

All Registers: 
x0: 	0x00000000
x1: 	0x00000000
x2: 	0x00000000
x3: 	0x00000000
x4: 	0x00000000
x5: 	0x00000000
x6: 	0x00000000
x7: 	0x00000000
x8: 	0x00000000
x9: 	0x00000000
x10: 	0x00000000
x11: 	0x00000000
x12: 	0x00000000
x13: 	0x00000000
x14: 	0x00000000
x15: 	0x00000000
x16: 	0x00000000
x17: 	0x00000000
x18: 	0x00000000
x19: 	0x00000000
x20: 	0x00000000
x21: 	0x00000000
x22: 	0x00000000
x23: 	0x00000000
x24: 	0x00000000
x25: 	0x00000000
x26: 	0x00000000
x27: 	0x00000000
x28: 	0x00000000
x29: 	0x00000000
x30: 	0x00000000
x31: 	0x00000000

0x00000a68	0x00000000	Unkown Instruction 

All Registers: 
x0: 	0x00000000
x1: 	0x00000000
x2: 	0x00000000
x3: 	0x00000000
x4: 	0x00000000
x5: 	0x00000000
x6: 	0x00000000
x7: 	0x00000000
x8: 	0x00000000
x9: 	0x00000000
x10: 	0x00000000
x11: 	0x00000000
x12: 	0x00000000
x13: 	0x00000000
x14: 	0x00000000
x15: 	0x00000000
x16: 	0x00000000
x17: 	0x00000000
x18: 	0x00000000
x19: 	0x00000000
x20: 	0x00000000
x21: 	0x00000000
x22: 	0x00000000
x23: 	0x00000000
x24: 	0x00000000
x25: 	0x00000000
x26: 	0x00000000
x27: 	0x00000000
x28: 	0x00000000
x29: 	0x00000000
x30: 	0x00000000
x31: 	0x00000000

0x00000a6c	0x00000000	Unkown Instruction 

All Registers: 
x0: 	0x00000000
x1: 	0x00000000
x2: 	0x00000000
x3: 	0x00000000
x4: 	0x00000000
x5: 	0x00000000
x6: 	0x00000000
x7: 	0x00000000
x8: 	0x00000000
x9: 	0x00000000
x10: 	0x00000000
x11: 	0x00000000
x12: 	0x00000000
x13: 	0x00000000
x14: 	0x00000000
x15: 	0x00000000
x16: 	0x00000000
x17: 	0x00000000
x18: 	0x00000000
x19: 	0x00000000
x20: 	0x00000000
x21: 	0x00000000
x22: 	0x00000000
x23: 	0x00000000
x24: 	0x00000000
x25: 	0x00000000
x26: 	0x00000000
x27: 	0x00000000
x28: 	0x00000000
x29: 	0x00000000
x30: 	0x00000000
x31: 	0x00000000

0x00000a70	0x00000000	Unkown Instruction 

All Registers: 
x0: 	0x00000000
x1: 	0x00000000
x2: 	0x00000000
x3: 	0x00000000
x4: 	0x00000000
x5: 	0x00000000
x6: 	0x00000000
x7: 	0x00000000
x8: 	0x00000000
x9: 	0x00000000
x10: 	0x00000000
x11: 	0x00000000
x12: 	0x00000000
x13: 	0x00000000
x14: 	0x00000000
x15: 	0x00000000
x16: 	0x00000000
x17: 	0x00000000
x18: 	0x00000000
x19: 	0x00000000
x20: 	0x00000000
x21: 	0x00000000
x22: 	0x00000000
x23: 	0x00000000
x24: 	0x00000000
x25: 	0x00000000
x26: 	0x00000000
x27: 	0x00000000
x28: 	0x00000000
x29: 	0x00000000
x30: 	0x00000000
x31: 	0x00000000

0x00000a74	0x00000000	Unkown Instruction 

All Registers: 
x0: 	0x00000000
x1: 	0x00000000
x2: 	0x00000000
x3: 	0x00000000
x4: 	0x00000000
x5: 	0x00000000
x6: 	0x00000000
x7: 	0x00000000
x8: 	0x00000000
x9: 	0x00000000
x10: 	0x00000000
x11: 	0x00000000
x12: 	0x00000000
x13: 	0x00000000
x14: 	0x00000000
x15: 	0x00000000
x16: 	0x00000000
x17: 	0x00000000
x18: 	0x00000000
x19: 	0x00000000
x20: 	0x00000000
x21: 	0x00000000
x22: 	0x00000000
x23: 	0x00000000
x24: 	0x00000000
x25: 	0x00000000
x26: 	0x00000000
x27: 	0x00000000
x28: 	0x00000000
x29: 	0x00000000
x30: 	0x00000000
x31: 	0x00000000

0x00000a78	0x00000000	Unkown Instruction 

All Registers: 
x0: 	0x00000000
x1: 	0x00000000
x2: 	0x00000000
x3: 	0x00000000
x4: 	0x00000000
x5: 	0x00000000
x6: 	0x00000000
x7: 	0x00000000
x8: 	0x00000000
x9: 	0x00000000
x10: 	0x00000000
x11: 	0x00000000
x12: 	0x00000000
x13: 	0x00000000
x14: 	0x00000000
x15: 	0x00000000
x16: 	0x00000000
x17: 	0x00000000
x18: 	0x00000000
x19: 	0x00000000
x20: 	0x00000000
x21: 	0x00000000
x22: 	0x00000000
x23: 	0x00000000
x24: 	0x00000000
x25: 	0x00000000
x26: 	0x00000000
x27: 	0x00000000
x28: 	0x00000000
x29: 	0x00000000
x30: 	0x00000000
x31: 	0x00000000

0x00000a7c	0x00000000	Unkown Instruction 

All Registers: 
x0: 	0x00000000
x1: 	0x00000000
x2: 	0x00000000
x3: 	0x00000000
x4: 	0x00000000
x5: 	0x00000000
x6: 	0x00000000
x7: 	0x00000000
x8: 	0x00000000
x9: 	0x00000000
x10: 	0x00000000
x11: 	0x00000000
x12: 	0x00000000
x13: 	0x00000000
x14: 	0x00000000
x15: 	0x00000000
x16: 	0x00000000
x17: 	0x00000000
x18: 	0x00000000
x19: 	0x00000000
x20: 	0x00000000
x21: 	0x00000000
x22: 	0x00000000
x23: 	0x00000000
x24: 	0x00000000
x25: 	0x00000000
x26: 	0x00000000
x27: 	0x00000000
x28: 	0x00000000
x29: 	0x00000000
x30: 	0x00000000
x31: 	0x00000000

0x00000a80	0x00000000	Unkown Instruction 

All Registers: 
x0: 	0x00000000
x1: 	0x00000000
x2: 	0x00000000
x3: 	0x00000000
x4: 	0x00000000
x5: 	0x00000000
x6: 	0x00000000
x7: 	0x00000000
x8: 	0x00000000
x9: 	0x00000000
x10: 	0x00000000
x11: 	0x00000000
x12: 	0x00000000
x13: 	0x00000000
x14: 	0x00000000
x15: 	0x00000000
x16: 	0x00000000
x17: 	0x00000000
x18: 	0x00000000
x19: 	0x00000000
x20: 	0x00000000
x21: 	0x00000000
x22: 	0x00000000
x23: 	0x00000000
x24: 	0x00000000
x25: 	0x00000000
x26: 	0x00000000
x27: 	0x00000000
x28: 	0x00000000
x29: 	0x00000000
x30: 	0x00000000
x31: 	0x00000000

0x00000a84	0x00000000	Unkown Instruction 

All Registers: 
x0: 	0x00000000
x1: 	0x00000000
x2: 	0x00000000
x3: 	0x00000000
x4: 	0x00000000
x5: 	0x00000000
x6: 	0x00000000
x7: 	0x00000000
x8: 	0x00000000
x9: 	0x00000000
x10: 	0x00000000
x11: 	0x00000000
x12: 	0x00000000
x13: 	0x00000000
x14: 	0x00000000
x15: 	0x00000000
x16: 	0x00000000
x17: 	0x00000000
x18: 	0x00000000
x19: 	0x00000000
x20: 	0x00000000
x21: 	0x00000000
x22: 	0x00000000
x23: 	0x00000000
x24: 	0x00000000
x25: 	0x00000000
x26: 	0x00000000
x27: 	0x00000000
x28: 	0x00000000
x29: 	0x00000000
x30: 	0x00000000
x31: 	0x00000000

0x00000a88	0x00000000	Unkown Instruction 

All Registers: 
x0: 	0x00000000
x1: 	0x00000000
x2: 	0x00000000
x3: 	0x00000000
x4: 	0x00000000
x5: 	0x00000000
x6: 	0x00000000
x7: 	0x00000000
x8: 	0x00000000
x9: 	0x00000000
x10: 	0x00000000
x11: 	0x00000000
x12: 	0x00000000
x13: 	0x00000000
x14: 	0x00000000
x15: 	0x00000000
x16: 	0x00000000
x17: 	0x00000000
x18: 	0x00000000
x19: 	0x00000000
x20: 	0x00000000
x21: 	0x00000000
x22: 	0x00000000
x23: 	0x00000000
x24: 	0x00000000
x25: 	0x00000000
x26: 	0x00000000
x27: 	0x00000000
x28: 	0x00000000
x29: 	0x00000000
x30: 	0x00000000
x31: 	0x00000000

0x00000a8c	0x00000000	Unkown Instruction 

All Registers: 
x0: 	0x00000000
x1: 	0x00000000
x2: 	0x00000000
x3: 	0x00000000
x4: 	0x00000000
x5: 	0x00000000
x6: 	0x00000000
x7: 	0x00000000
x8: 	0x00000000
x9: 	0x00000000
x10: 	0x00000000
x11: 	0x00000000
x12: 	0x00000000
x13: 	0x00000000
x14: 	0x00000000
x15: 	0x00000000
x16: 	0x00000000
x17: 	0x00000000
x18: 	0x00000000
x19: 	0x00000000
x20: 	0x00000000
x21: 	0x00000000
x22: 	0x00000000
x23: 	0x00000000
x24: 	0x00000000
x25: 	0x00000000
x26: 	0x00000000
x27: 	0x00000000
x28: 	0x00000000
x29: 	0x00000000
x30: 	0x00000000
x31: 	0x00000000

0x00000a90	0x00000000	Unkown Instruction 

All Registers: 
x0: 	0x00000000
x1: 	0x00000000
x2: 	0x00000000
x3: 	0x00000000
x4: 	0x00000000
x5: 	0x00000000
x6: 	0x00000000
x7: 	0x00000000
x8: 	0x00000000
x9: 	0x00000000
x10: 	0x00000000
x11: 	0x00000000
x12: 	0x00000000
x13: 	0x00000000
x14: 	0x00000000
x15: 	0x00000000
x16: 	0x00000000
x17: 	0x00000000
x18: 	0x00000000
x19: 	0x00000000
x20: 	0x00000000
x21: 	0x00000000
x22: 	0x00000000
x23: 	0x00000000
x24: 	0x00000000
x25: 	0x00000000
x26: 	0x00000000
x27: 	0x00000000
x28: 	0x00000000
x29: 	0x00000000
x30: 	0x00000000
x31: 	0x00000000

0x00000a94	0x00000000	Unkown Instruction 

All Registers: 
x0: 	0x00000000
x1: 	0x00000000
x2: 	0x00000000
x3: 	0x00000000
x4: 	0x00000000
x5: 	0x00000000
x6: 	0x00000000
x7: 	0x00000000
x8: 	0x00000000
x9: 	0x00000000
x10: 	0x00000000
x11: 	0x00000000
x12: 	0x00000000
x13: 	0x00000000
x14: 	0x00000000
x15: 	0x00000000
x16: 	0x00000000
x17: 	0x00000000
x18: 	0x00000000
x19: 	0x00000000
x20: 	0x00000000
x21: 	0x00000000
x22: 	0x00000000
x23: 	0x00000000
x24: 	0x00000000
x25: 	0x00000000
x26: 	0x00000000
x27: 	0x00000000
x28: 	0x00000000
x29: 	0x00000000
x30: 	0x00000000
x31: 	0x00000000

0x00000a98	0x00000000	Unkown Instruction 

All Registers: 
x0: 	0x00000000
x1: 	0x00000000
x2: 	0x00000000
x3: 	0x00000000
x4: 	0x00000000
x5: 	0x00000000
x6: 	0x00000000
x7: 	0x00000000
x8: 	0x00000000
x9: 	0x00000000
x10: 	0x00000000
x11: 	0x00000000
x12: 	0x00000000
x13: 	0x00000000
x14: 	0x00000000
x15: 	0x00000000
x16: 	0x00000000
x17: 	0x00000000
x18: 	0x00000000
x19: 	0x00000000
x20: 	0x00000000
x21: 	0x00000000
x22: 	0x00000000
x23: 	0x00000000
x24: 	0x00000000
x25: 	0x00000000
x26: 	0x00000000
x27: 	0x00000000
x28: 	0x00000000
x29: 	0x00000000
x30: 	0x00000000
x31: 	0x00000000

0x00000a9c	0x00000000	Unkown Instruction 

All Registers: 
x0: 	0x00000000
x1: 	0x00000000
x2: 	0x00000000
x3: 	0x00000000
x4: 	0x00000000
x5: 	0x00000000
x6: 	0x00000000
x7: 	0x00000000
x8: 	0x00000000
x9: 	0x00000000
x10: 	0x00000000
x11: 	0x00000000
x12: 	0x00000000
x13: 	0x00000000
x14: 	0x00000000
x15: 	0x00000000
x16: 	0x00000000
x17: 	0x00000000
x18: 	0x00000000
x19: 	0x00000000
x20: 	0x00000000
x21: 	0x00000000
x22: 	0x00000000
x23: 	0x00000000
x24: 	0x00000000
x25: 	0x00000000
x26: 	0x00000000
x27: 	0x00000000
x28: 	0x00000000
x29: 	0x00000000
x30: 	0x00000000
x31: 	0x00000000

0x00000aa0	0x00000000	Unkown Instruction 

All Registers: 
x0: 	0x00000000
x1: 	0x00000000
x2: 	0x00000000
x3: 	0x00000000
x4: 	0x00000000
x5: 	0x00000000
x6: 	0x00000000
x7: 	0x00000000
x8: 	0x00000000
x9: 	0x00000000
x10: 	0x00000000
x11: 	0x00000000
x12: 	0x00000000
x13: 	0x00000000
x14: 	0x00000000
x15: 	0x00000000
x16: 	0x00000000
x17: 	0x00000000
x18: 	0x00000000
x19: 	0x00000000
x20: 	0x00000000
x21: 	0x00000000
x22: 	0x00000000
x23: 	0x00000000
x24: 	0x00000000
x25: 	0x00000000
x26: 	0x00000000
x27: 	0x00000000
x28: 	0x00000000
x29: 	0x00000000
x30: 	0x00000000
x31: 	0x00000000

0x00000aa4	0x00000000	Unkown Instruction 

All Registers: 
x0: 	0x00000000
x1: 	0x00000000
x2: 	0x00000000
x3: 	0x00000000
x4: 	0x00000000
x5: 	0x00000000
x6: 	0x00000000
x7: 	0x00000000
x8: 	0x00000000
x9: 	0x00000000
x10: 	0x00000000
x11: 	0x00000000
x12: 	0x00000000
x13: 	0x00000000
x14: 	0x00000000
x15: 	0x00000000
x16: 	0x00000000
x17: 	0x00000000
x18: 	0x00000000
x19: 	0x00000000
x20: 	0x00000000
x21: 	0x00000000
x22: 	0x00000000
x23: 	0x00000000
x24: 	0x00000000
x25: 	0x00000000
x26: 	0x00000000
x27: 	0x00000000
x28: 	0x00000000
x29: 	0x00000000
x30: 	0x00000000
x31: 	0x00000000

0x00000aa8	0x00000000	Unkown Instruction 

All Registers: 
x0: 	0x00000000
x1: 	0x00000000
x2: 	0x00000000
x3: 	0x00000000
x4: 	0x00000000
x5: 	0x00000000
x6: 	0x00000000
x7: 	0x00000000
x8: 	0x00000000
x9: 	0x00000000
x10: 	0x00000000
x11: 	0x00000000
x12: 	0x00000000
x13: 	0x00000000
x14: 	0x00000000
x15: 	0x00000000
x16: 	0x00000000
x17: 	0x00000000
x18: 	0x00000000
x19: 	0x00000000
x20: 	0x00000000
x21: 	0x00000000
x22: 	0x00000000
x23: 	0x00000000
x24: 	0x00000000
x25: 	0x00000000
x26: 	0x00000000
x27: 	0x00000000
x28: 	0x00000000
x29: 	0x00000000
x30: 	0x00000000
x31: 	0x00000000

0x00000aac	0x00000000	Unkown Instruction 

All Registers: 
x0: 	0x00000000
x1: 	0x00000000
x2: 	0x00000000
x3: 	0x00000000
x4: 	0x00000000
x5: 	0x00000000
x6: 	0x00000000
x7: 	0x00000000
x8: 	0x00000000
x9: 	0x00000000
x10: 	0x00000000
x11: 	0x00000000
x12: 	0x00000000
x13: 	0x00000000
x14: 	0x00000000
x15: 	0x00000000
x16: 	0x00000000
x17: 	0x00000000
x18: 	0x00000000
x19: 	0x00000000
x20: 	0x00000000
x21: 	0x00000000
x22: 	0x00000000
x23: 	0x00000000
x24: 	0x00000000
x25: 	0x00000000
x26: 	0x00000000
x27: 	0x00000000
x28: 	0x00000000
x29: 	0x00000000
x30: 	0x00000000
x31: 	0x00000000

0x00000ab0	0x00000000	Unkown Instruction 

All Registers: 
x0: 	0x00000000
x1: 	0x00000000
x2: 	0x00000000
x3: 	0x00000000
x4: 	0x00000000
x5: 	0x00000000
x6: 	0x00000000
x7: 	0x00000000
x8: 	0x00000000
x9: 	0x00000000
x10: 	0x00000000
x11: 	0x00000000
x12: 	0x00000000
x13: 	0x00000000
x14: 	0x00000000
x15: 	0x00000000
x16: 	0x00000000
x17: 	0x00000000
x18: 	0x00000000
x19: 	0x00000000
x20: 	0x00000000
x21: 	0x00000000
x22: 	0x00000000
x23: 	0x00000000
x24: 	0x00000000
x25: 	0x00000000
x26: 	0x00000000
x27: 	0x00000000
x28: 	0x00000000
x29: 	0x00000000
x30: 	0x00000000
x31: 	0x00000000

0x00000ab4	0x00000000	Unkown Instruction 

All Registers: 
x0: 	0x00000000
x1: 	0x00000000
x2: 	0x00000000
x3: 	0x00000000
x4: 	0x00000000
x5: 	0x00000000
x6: 	0x00000000
x7: 	0x00000000
x8: 	0x00000000
x9: 	0x00000000
x10: 	0x00000000
x11: 	0x00000000
x12: 	0x00000000
x13: 	0x00000000
x14: 	0x00000000
x15: 	0x00000000
x16: 	0x00000000
x17: 	0x00000000
x18: 	0x00000000
x19: 	0x00000000
x20: 	0x00000000
x21: 	0x00000000
x22: 	0x00000000
x23: 	0x00000000
x24: 	0x00000000
x25: 	0x00000000
x26: 	0x00000000
x27: 	0x00000000
x28: 	0x00000000
x29: 	0x00000000
x30: 	0x00000000
x31: 	0x00000000

0x00000ab8	0x00000000	Unkown Instruction 

All Registers: 
x0: 	0x00000000
x1: 	0x00000000
x2: 	0x00000000
x3: 	0x00000000
x4: 	0x00000000
x5: 	0x00000000
x6: 	0x00000000
x7: 	0x00000000
x8: 	0x00000000
x9: 	0x00000000
x10: 	0x00000000
x11: 	0x00000000
x12: 	0x00000000
x13: 	0x00000000
x14: 	0x00000000
x15: 	0x00000000
x16: 	0x00000000
x17: 	0x00000000
x18: 	0x00000000
x19: 	0x00000000
x20: 	0x00000000
x21: 	0x00000000
x22: 	0x00000000
x23: 	0x00000000
x24: 	0x00000000
x25: 	0x00000000
x26: 	0x00000000
x27: 	0x00000000
x28: 	0x00000000
x29: 	0x00000000
x30: 	0x00000000
x31: 	0x00000000

0x00000abc	0x00000000	Unkown Instruction 

All Registers: 
x0: 	0x00000000
x1: 	0x00000000
x2: 	0x00000000
x3: 	0x00000000
x4: 	0x00000000
x5: 	0x00000000
x6: 	0x00000000
x7: 	0x00000000
x8: 	0x00000000
x9: 	0x00000000
x10: 	0x00000000
x11: 	0x00000000
x12: 	0x00000000
x13: 	0x00000000
x14: 	0x00000000
x15: 	0x00000000
x16: 	0x00000000
x17: 	0x00000000
x18: 	0x00000000
x19: 	0x00000000
x20: 	0x00000000
x21: 	0x00000000
x22: 	0x00000000
x23: 	0x00000000
x24: 	0x00000000
x25: 	0x00000000
x26: 	0x00000000
x27: 	0x00000000
x28: 	0x00000000
x29: 	0x00000000
x30: 	0x00000000
x31: 	0x00000000

0x00000ac0	0x00000000	Unkown Instruction 

All Registers: 
x0: 	0x00000000
x1: 	0x00000000
x2: 	0x00000000
x3: 	0x00000000
x4: 	0x00000000
x5: 	0x00000000
x6: 	0x00000000
x7: 	0x00000000
x8: 	0x00000000
x9: 	0x00000000
x10: 	0x00000000
x11: 	0x00000000
x12: 	0x00000000
x13: 	0x00000000
x14: 	0x00000000
x15: 	0x00000000
x16: 	0x00000000
x17: 	0x00000000
x18: 	0x00000000
x19: 	0x00000000
x20: 	0x00000000
x21: 	0x00000000
x22: 	0x00000000
x23: 	0x00000000
x24: 	0x00000000
x25: 	0x00000000
x26: 	0x00000000
x27: 	0x00000000
x28: 	0x00000000
x29: 	0x00000000
x30: 	0x00000000
x31: 	0x00000000

0x00000ac4	0x00000000	Unkown Instruction 

All Registers: 
x0: 	0x00000000
x1: 	0x00000000
x2: 	0x00000000
x3: 	0x00000000
x4: 	0x00000000
x5: 	0x00000000
x6: 	0x00000000
x7: 	0x00000000
x8: 	0x00000000
x9: 	0x00000000
x10: 	0x00000000
x11: 	0x00000000
x12: 	0x00000000
x13: 	0x00000000
x14: 	0x00000000
x15: 	0x00000000
x16: 	0x00000000
x17: 	0x00000000
x18: 	0x00000000
x19: 	0x00000000
x20: 	0x00000000
x21: 	0x00000000
x22: 	0x00000000
x23: 	0x00000000
x24: 	0x00000000
x25: 	0x00000000
x26: 	0x00000000
x27: 	0x00000000
x28: 	0x00000000
x29: 	0x00000000
x30: 	0x00000000
x31: 	0x00000000

0x00000ac8	0x00000000	Unkown Instruction 

All Registers: 
x0: 	0x00000000
x1: 	0x00000000
x2: 	0x00000000
x3: 	0x00000000
x4: 	0x00000000
x5: 	0x00000000
x6: 	0x00000000
x7: 	0x00000000
x8: 	0x00000000
x9: 	0x00000000
x10: 	0x00000000
x11: 	0x00000000
x12: 	0x00000000
x13: 	0x00000000
x14: 	0x00000000
x15: 	0x00000000
x16: 	0x00000000
x17: 	0x00000000
x18: 	0x00000000
x19: 	0x00000000
x20: 	0x00000000
x21: 	0x00000000
x22: 	0x00000000
x23: 	0x00000000
x24: 	0x00000000
x25: 	0x00000000
x26: 	0x00000000
x27: 	0x00000000
x28: 	0x00000000
x29: 	0x00000000
x30: 	0x00000000
x31: 	0x00000000

0x00000acc	0x00000000	Unkown Instruction 

All Registers: 
x0: 	0x00000000
x1: 	0x00000000
x2: 	0x00000000
x3: 	0x00000000
x4: 	0x00000000
x5: 	0x00000000
x6: 	0x00000000
x7: 	0x00000000
x8: 	0x00000000
x9: 	0x00000000
x10: 	0x00000000
x11: 	0x00000000
x12: 	0x00000000
x13: 	0x00000000
x14: 	0x00000000
x15: 	0x00000000
x16: 	0x00000000
x17: 	0x00000000
x18: 	0x00000000
x19: 	0x00000000
x20: 	0x00000000
x21: 	0x00000000
x22: 	0x00000000
x23: 	0x00000000
x24: 	0x00000000
x25: 	0x00000000
x26: 	0x00000000
x27: 	0x00000000
x28: 	0x00000000
x29: 	0x00000000
x30: 	0x00000000
x31: 	0x00000000

0x00000ad0	0x00000000	Unkown Instruction 

All Registers: 
x0: 	0x00000000
x1: 	0x00000000
x2: 	0x00000000
x3: 	0x00000000
x4: 	0x00000000
x5: 	0x00000000
x6: 	0x00000000
x7: 	0x00000000
x8: 	0x00000000
x9: 	0x00000000
x10: 	0x00000000
x11: 	0x00000000
x12: 	0x00000000
x13: 	0x00000000
x14: 	0x00000000
x15: 	0x00000000
x16: 	0x00000000
x17: 	0x00000000
x18: 	0x00000000
x19: 	0x00000000
x20: 	0x00000000
x21: 	0x00000000
x22: 	0x00000000
x23: 	0x00000000
x24: 	0x00000000
x25: 	0x00000000
x26: 	0x00000000
x27: 	0x00000000
x28: 	0x00000000
x29: 	0x00000000
x30: 	0x00000000
x31: 	0x00000000

0x00000ad4	0x00000000	Unkown Instruction 

All Registers: 
x0: 	0x00000000
x1: 	0x00000000
x2: 	0x00000000
x3: 	0x00000000
x4: 	0x00000000
x5: 	0x00000000
x6: 	0x00000000
x7: 	0x00000000
x8: 	0x00000000
x9: 	0x00000000
x10: 	0x00000000
x11: 	0x00000000
x12: 	0x00000000
x13: 	0x00000000
x14: 	0x00000000
x15: 	0x00000000
x16: 	0x00000000
x17: 	0x00000000
x18: 	0x00000000
x19: 	0x00000000
x20: 	0x00000000
x21: 	0x00000000
x22: 	0x00000000
x23: 	0x00000000
x24: 	0x00000000
x25: 	0x00000000
x26: 	0x00000000
x27: 	0x00000000
x28: 	0x00000000
x29: 	0x00000000
x30: 	0x00000000
x31: 	0x00000000

0x00000ad8	0x00000000	Unkown Instruction 

All Registers: 
x0: 	0x00000000
x1: 	0x00000000
x2: 	0x00000000
x3: 	0x00000000
x4: 	0x00000000
x5: 	0x00000000
x6: 	0x00000000
x7: 	0x00000000
x8: 	0x00000000
x9: 	0x00000000
x10: 	0x00000000
x11: 	0x00000000
x12: 	0x00000000
x13: 	0x00000000
x14: 	0x00000000
x15: 	0x00000000
x16: 	0x00000000
x17: 	0x00000000
x18: 	0x00000000
x19: 	0x00000000
x20: 	0x00000000
x21: 	0x00000000
x22: 	0x00000000
x23: 	0x00000000
x24: 	0x00000000
x25: 	0x00000000
x26: 	0x00000000
x27: 	0x00000000
x28: 	0x00000000
x29: 	0x00000000
x30: 	0x00000000
x31: 	0x00000000

0x00000adc	0x00000000	Unkown Instruction 

All Registers: 
x0: 	0x00000000
x1: 	0x00000000
x2: 	0x00000000
x3: 	0x00000000
x4: 	0x00000000
x5: 	0x00000000
x6: 	0x00000000
x7: 	0x00000000
x8: 	0x00000000
x9: 	0x00000000
x10: 	0x00000000
x11: 	0x00000000
x12: 	0x00000000
x13: 	0x00000000
x14: 	0x00000000
x15: 	0x00000000
x16: 	0x00000000
x17: 	0x00000000
x18: 	0x00000000
x19: 	0x00000000
x20: 	0x00000000
x21: 	0x00000000
x22: 	0x00000000
x23: 	0x00000000
x24: 	0x00000000
x25: 	0x00000000
x26: 	0x00000000
x27: 	0x00000000
x28: 	0x00000000
x29: 	0x00000000
x30: 	0x00000000
x31: 	0x00000000

0x00000ae0	0x00000000	Unkown Instruction 

All Registers: 
x0: 	0x00000000
x1: 	0x00000000
x2: 	0x00000000
x3: 	0x00000000
x4: 	0x00000000
x5: 	0x00000000
x6: 	0x00000000
x7: 	0x00000000
x8: 	0x00000000
x9: 	0x00000000
x10: 	0x00000000
x11: 	0x00000000
x12: 	0x00000000
x13: 	0x00000000
x14: 	0x00000000
x15: 	0x00000000
x16: 	0x00000000
x17: 	0x00000000
x18: 	0x00000000
x19: 	0x00000000
x20: 	0x00000000
x21: 	0x00000000
x22: 	0x00000000
x23: 	0x00000000
x24: 	0x00000000
x25: 	0x00000000
x26: 	0x00000000
x27: 	0x00000000
x28: 	0x00000000
x29: 	0x00000000
x30: 	0x00000000
x31: 	0x00000000

0x00000ae4	0x00000000	Unkown Instruction 

All Registers: 
x0: 	0x00000000
x1: 	0x00000000
x2: 	0x00000000
x3: 	0x00000000
x4: 	0x00000000
x5: 	0x00000000
x6: 	0x00000000
x7: 	0x00000000
x8: 	0x00000000
x9: 	0x00000000
x10: 	0x00000000
x11: 	0x00000000
x12: 	0x00000000
x13: 	0x00000000
x14: 	0x00000000
x15: 	0x00000000
x16: 	0x00000000
x17: 	0x00000000
x18: 	0x00000000
x19: 	0x00000000
x20: 	0x00000000
x21: 	0x00000000
x22: 	0x00000000
x23: 	0x00000000
x24: 	0x00000000
x25: 	0x00000000
x26: 	0x00000000
x27: 	0x00000000
x28: 	0x00000000
x29: 	0x00000000
x30: 	0x00000000
x31: 	0x00000000

0x00000ae8	0x00000000	Unkown Instruction 

All Registers: 
x0: 	0x00000000
x1: 	0x00000000
x2: 	0x00000000
x3: 	0x00000000
x4: 	0x00000000
x5: 	0x00000000
x6: 	0x00000000
x7: 	0x00000000
x8: 	0x00000000
x9: 	0x00000000
x10: 	0x00000000
x11: 	0x00000000
x12: 	0x00000000
x13: 	0x00000000
x14: 	0x00000000
x15: 	0x00000000
x16: 	0x00000000
x17: 	0x00000000
x18: 	0x00000000
x19: 	0x00000000
x20: 	0x00000000
x21: 	0x00000000
x22: 	0x00000000
x23: 	0x00000000
x24: 	0x00000000
x25: 	0x00000000
x26: 	0x00000000
x27: 	0x00000000
x28: 	0x00000000
x29: 	0x00000000
x30: 	0x00000000
x31: 	0x00000000

0x00000aec	0x00000000	Unkown Instruction 

All Registers: 
x0: 	0x00000000
x1: 	0x00000000
x2: 	0x00000000
x3: 	0x00000000
x4: 	0x00000000
x5: 	0x00000000
x6: 	0x00000000
x7: 	0x00000000
x8: 	0x00000000
x9: 	0x00000000
x10: 	0x00000000
x11: 	0x00000000
x12: 	0x00000000
x13: 	0x00000000
x14: 	0x00000000
x15: 	0x00000000
x16: 	0x00000000
x17: 	0x00000000
x18: 	0x00000000
x19: 	0x00000000
x20: 	0x00000000
x21: 	0x00000000
x22: 	0x00000000
x23: 	0x00000000
x24: 	0x00000000
x25: 	0x00000000
x26: 	0x00000000
x27: 	0x00000000
x28: 	0x00000000
x29: 	0x00000000
x30: 	0x00000000
x31: 	0x00000000

0x00000af0	0x00000000	Unkown Instruction 

All Registers: 
x0: 	0x00000000
x1: 	0x00000000
x2: 	0x00000000
x3: 	0x00000000
x4: 	0x00000000
x5: 	0x00000000
x6: 	0x00000000
x7: 	0x00000000
x8: 	0x00000000
x9: 	0x00000000
x10: 	0x00000000
x11: 	0x00000000
x12: 	0x00000000
x13: 	0x00000000
x14: 	0x00000000
x15: 	0x00000000
x16: 	0x00000000
x17: 	0x00000000
x18: 	0x00000000
x19: 	0x00000000
x20: 	0x00000000
x21: 	0x00000000
x22: 	0x00000000
x23: 	0x00000000
x24: 	0x00000000
x25: 	0x00000000
x26: 	0x00000000
x27: 	0x00000000
x28: 	0x00000000
x29: 	0x00000000
x30: 	0x00000000
x31: 	0x00000000

0x00000af4	0x00000000	Unkown Instruction 

All Registers: 
x0: 	0x00000000
x1: 	0x00000000
x2: 	0x00000000
x3: 	0x00000000
x4: 	0x00000000
x5: 	0x00000000
x6: 	0x00000000
x7: 	0x00000000
x8: 	0x00000000
x9: 	0x00000000
x10: 	0x00000000
x11: 	0x00000000
x12: 	0x00000000
x13: 	0x00000000
x14: 	0x00000000
x15: 	0x00000000
x16: 	0x00000000
x17: 	0x00000000
x18: 	0x00000000
x19: 	0x00000000
x20: 	0x00000000
x21: 	0x00000000
x22: 	0x00000000
x23: 	0x00000000
x24: 	0x00000000
x25: 	0x00000000
x26: 	0x00000000
x27: 	0x00000000
x28: 	0x00000000
x29: 	0x00000000
x30: 	0x00000000
x31: 	0x00000000

0x00000af8	0x00000000	Unkown Instruction 

All Registers: 
x0: 	0x00000000
x1: 	0x00000000
x2: 	0x00000000
x3: 	0x00000000
x4: 	0x00000000
x5: 	0x00000000
x6: 	0x00000000
x7: 	0x00000000
x8: 	0x00000000
x9: 	0x00000000
x10: 	0x00000000
x11: 	0x00000000
x12: 	0x00000000
x13: 	0x00000000
x14: 	0x00000000
x15: 	0x00000000
x16: 	0x00000000
x17: 	0x00000000
x18: 	0x00000000
x19: 	0x00000000
x20: 	0x00000000
x21: 	0x00000000
x22: 	0x00000000
x23: 	0x00000000
x24: 	0x00000000
x25: 	0x00000000
x26: 	0x00000000
x27: 	0x00000000
x28: 	0x00000000
x29: 	0x00000000
x30: 	0x00000000
x31: 	0x00000000

0x00000afc	0x00000000	Unkown Instruction 

All Registers: 
x0: 	0x00000000
x1: 	0x00000000
x2: 	0x00000000
x3: 	0x00000000
x4: 	0x00000000
x5: 	0x00000000
x6: 	0x00000000
x7: 	0x00000000
x8: 	0x00000000
x9: 	0x00000000
x10: 	0x00000000
x11: 	0x00000000
x12: 	0x00000000
x13: 	0x00000000
x14: 	0x00000000
x15: 	0x00000000
x16: 	0x00000000
x17: 	0x00000000
x18: 	0x00000000
x19: 	0x00000000
x20: 	0x00000000
x21: 	0x00000000
x22: 	0x00000000
x23: 	0x00000000
x24: 	0x00000000
x25: 	0x00000000
x26: 	0x00000000
x27: 	0x00000000
x28: 	0x00000000
x29: 	0x00000000
x30: 	0x00000000
x31: 	0x00000000

0x00000b00	0x00000000	Unkown Instruction 

All Registers: 
x0: 	0x00000000
x1: 	0x00000000
x2: 	0x00000000
x3: 	0x00000000
x4: 	0x00000000
x5: 	0x00000000
x6: 	0x00000000
x7: 	0x00000000
x8: 	0x00000000
x9: 	0x00000000
x10: 	0x00000000
x11: 	0x00000000
x12: 	0x00000000
x13: 	0x00000000
x14: 	0x00000000
x15: 	0x00000000
x16: 	0x00000000
x17: 	0x00000000
x18: 	0x00000000
x19: 	0x00000000
x20: 	0x00000000
x21: 	0x00000000
x22: 	0x00000000
x23: 	0x00000000
x24: 	0x00000000
x25: 	0x00000000
x26: 	0x00000000
x27: 	0x00000000
x28: 	0x00000000
x29: 	0x00000000
x30: 	0x00000000
x31: 	0x00000000

0x00000b04	0x00000000	Unkown Instruction 

All Registers: 
x0: 	0x00000000
x1: 	0x00000000
x2: 	0x00000000
x3: 	0x00000000
x4: 	0x00000000
x5: 	0x00000000
x6: 	0x00000000
x7: 	0x00000000
x8: 	0x00000000
x9: 	0x00000000
x10: 	0x00000000
x11: 	0x00000000
x12: 	0x00000000
x13: 	0x00000000
x14: 	0x00000000
x15: 	0x00000000
x16: 	0x00000000
x17: 	0x00000000
x18: 	0x00000000
x19: 	0x00000000
x20: 	0x00000000
x21: 	0x00000000
x22: 	0x00000000
x23: 	0x00000000
x24: 	0x00000000
x25: 	0x00000000
x26: 	0x00000000
x27: 	0x00000000
x28: 	0x00000000
x29: 	0x00000000
x30: 	0x00000000
x31: 	0x00000000

0x00000b08	0x00000000	Unkown Instruction 

All Registers: 
x0: 	0x00000000
x1: 	0x00000000
x2: 	0x00000000
x3: 	0x00000000
x4: 	0x00000000
x5: 	0x00000000
x6: 	0x00000000
x7: 	0x00000000
x8: 	0x00000000
x9: 	0x00000000
x10: 	0x00000000
x11: 	0x00000000
x12: 	0x00000000
x13: 	0x00000000
x14: 	0x00000000
x15: 	0x00000000
x16: 	0x00000000
x17: 	0x00000000
x18: 	0x00000000
x19: 	0x00000000
x20: 	0x00000000
x21: 	0x00000000
x22: 	0x00000000
x23: 	0x00000000
x24: 	0x00000000
x25: 	0x00000000
x26: 	0x00000000
x27: 	0x00000000
x28: 	0x00000000
x29: 	0x00000000
x30: 	0x00000000
x31: 	0x00000000

0x00000b0c	0x00000000	Unkown Instruction 

All Registers: 
x0: 	0x00000000
x1: 	0x00000000
x2: 	0x00000000
x3: 	0x00000000
x4: 	0x00000000
x5: 	0x00000000
x6: 	0x00000000
x7: 	0x00000000
x8: 	0x00000000
x9: 	0x00000000
x10: 	0x00000000
x11: 	0x00000000
x12: 	0x00000000
x13: 	0x00000000
x14: 	0x00000000
x15: 	0x00000000
x16: 	0x00000000
x17: 	0x00000000
x18: 	0x00000000
x19: 	0x00000000
x20: 	0x00000000
x21: 	0x00000000
x22: 	0x00000000
x23: 	0x00000000
x24: 	0x00000000
x25: 	0x00000000
x26: 	0x00000000
x27: 	0x00000000
x28: 	0x00000000
x29: 	0x00000000
x30: 	0x00000000
x31: 	0x00000000

0x00000b10	0x00000000	Unkown Instruction 

All Registers: 
x0: 	0x00000000
x1: 	0x00000000
x2: 	0x00000000
x3: 	0x00000000
x4: 	0x00000000
x5: 	0x00000000
x6: 	0x00000000
x7: 	0x00000000
x8: 	0x00000000
x9: 	0x00000000
x10: 	0x00000000
x11: 	0x00000000
x12: 	0x00000000
x13: 	0x00000000
x14: 	0x00000000
x15: 	0x00000000
x16: 	0x00000000
x17: 	0x00000000
x18: 	0x00000000
x19: 	0x00000000
x20: 	0x00000000
x21: 	0x00000000
x22: 	0x00000000
x23: 	0x00000000
x24: 	0x00000000
x25: 	0x00000000
x26: 	0x00000000
x27: 	0x00000000
x28: 	0x00000000
x29: 	0x00000000
x30: 	0x00000000
x31: 	0x00000000

0x00000b14	0x00000000	Unkown Instruction 

All Registers: 
x0: 	0x00000000
x1: 	0x00000000
x2: 	0x00000000
x3: 	0x00000000
x4: 	0x00000000
x5: 	0x00000000
x6: 	0x00000000
x7: 	0x00000000
x8: 	0x00000000
x9: 	0x00000000
x10: 	0x00000000
x11: 	0x00000000
x12: 	0x00000000
x13: 	0x00000000
x14: 	0x00000000
x15: 	0x00000000
x16: 	0x00000000
x17: 	0x00000000
x18: 	0x00000000
x19: 	0x00000000
x20: 	0x00000000
x21: 	0x00000000
x22: 	0x00000000
x23: 	0x00000000
x24: 	0x00000000
x25: 	0x00000000
x26: 	0x00000000
x27: 	0x00000000
x28: 	0x00000000
x29: 	0x00000000
x30: 	0x00000000
x31: 	0x00000000

0x00000b18	0x00000000	Unkown Instruction 

All Registers: 
x0: 	0x00000000
x1: 	0x00000000
x2: 	0x00000000
x3: 	0x00000000
x4: 	0x00000000
x5: 	0x00000000
x6: 	0x00000000
x7: 	0x00000000
x8: 	0x00000000
x9: 	0x00000000
x10: 	0x00000000
x11: 	0x00000000
x12: 	0x00000000
x13: 	0x00000000
x14: 	0x00000000
x15: 	0x00000000
x16: 	0x00000000
x17: 	0x00000000
x18: 	0x00000000
x19: 	0x00000000
x20: 	0x00000000
x21: 	0x00000000
x22: 	0x00000000
x23: 	0x00000000
x24: 	0x00000000
x25: 	0x00000000
x26: 	0x00000000
x27: 	0x00000000
x28: 	0x00000000
x29: 	0x00000000
x30: 	0x00000000
x31: 	0x00000000

0x00000b1c	0x00000000	Unkown Instruction 

All Registers: 
x0: 	0x00000000
x1: 	0x00000000
x2: 	0x00000000
x3: 	0x00000000
x4: 	0x00000000
x5: 	0x00000000
x6: 	0x00000000
x7: 	0x00000000
x8: 	0x00000000
x9: 	0x00000000
x10: 	0x00000000
x11: 	0x00000000
x12: 	0x00000000
x13: 	0x00000000
x14: 	0x00000000
x15: 	0x00000000
x16: 	0x00000000
x17: 	0x00000000
x18: 	0x00000000
x19: 	0x00000000
x20: 	0x00000000
x21: 	0x00000000
x22: 	0x00000000
x23: 	0x00000000
x24: 	0x00000000
x25: 	0x00000000
x26: 	0x00000000
x27: 	0x00000000
x28: 	0x00000000
x29: 	0x00000000
x30: 	0x00000000
x31: 	0x00000000

0x00000b20	0x00000000	Unkown Instruction 

All Registers: 
x0: 	0x00000000
x1: 	0x00000000
x2: 	0x00000000
x3: 	0x00000000
x4: 	0x00000000
x5: 	0x00000000
x6: 	0x00000000
x7: 	0x00000000
x8: 	0x00000000
x9: 	0x00000000
x10: 	0x00000000
x11: 	0x00000000
x12: 	0x00000000
x13: 	0x00000000
x14: 	0x00000000
x15: 	0x00000000
x16: 	0x00000000
x17: 	0x00000000
x18: 	0x00000000
x19: 	0x00000000
x20: 	0x00000000
x21: 	0x00000000
x22: 	0x00000000
x23: 	0x00000000
x24: 	0x00000000
x25: 	0x00000000
x26: 	0x00000000
x27: 	0x00000000
x28: 	0x00000000
x29: 	0x00000000
x30: 	0x00000000
x31: 	0x00000000

0x00000b24	0x00000000	Unkown Instruction 

All Registers: 
x0: 	0x00000000
x1: 	0x00000000
x2: 	0x00000000
x3: 	0x00000000
x4: 	0x00000000
x5: 	0x00000000
x6: 	0x00000000
x7: 	0x00000000
x8: 	0x00000000
x9: 	0x00000000
x10: 	0x00000000
x11: 	0x00000000
x12: 	0x00000000
x13: 	0x00000000
x14: 	0x00000000
x15: 	0x00000000
x16: 	0x00000000
x17: 	0x00000000
x18: 	0x00000000
x19: 	0x00000000
x20: 	0x00000000
x21: 	0x00000000
x22: 	0x00000000
x23: 	0x00000000
x24: 	0x00000000
x25: 	0x00000000
x26: 	0x00000000
x27: 	0x00000000
x28: 	0x00000000
x29: 	0x00000000
x30: 	0x00000000
x31: 	0x00000000

0x00000b28	0x00000000	Unkown Instruction 

All Registers: 
x0: 	0x00000000
x1: 	0x00000000
x2: 	0x00000000
x3: 	0x00000000
x4: 	0x00000000
x5: 	0x00000000
x6: 	0x00000000
x7: 	0x00000000
x8: 	0x00000000
x9: 	0x00000000
x10: 	0x00000000
x11: 	0x00000000
x12: 	0x00000000
x13: 	0x00000000
x14: 	0x00000000
x15: 	0x00000000
x16: 	0x00000000
x17: 	0x00000000
x18: 	0x00000000
x19: 	0x00000000
x20: 	0x00000000
x21: 	0x00000000
x22: 	0x00000000
x23: 	0x00000000
x24: 	0x00000000
x25: 	0x00000000
x26: 	0x00000000
x27: 	0x00000000
x28: 	0x00000000
x29: 	0x00000000
x30: 	0x00000000
x31: 	0x00000000

0x00000b2c	0x00000000	Unkown Instruction 

All Registers: 
x0: 	0x00000000
x1: 	0x00000000
x2: 	0x00000000
x3: 	0x00000000
x4: 	0x00000000
x5: 	0x00000000
x6: 	0x00000000
x7: 	0x00000000
x8: 	0x00000000
x9: 	0x00000000
x10: 	0x00000000
x11: 	0x00000000
x12: 	0x00000000
x13: 	0x00000000
x14: 	0x00000000
x15: 	0x00000000
x16: 	0x00000000
x17: 	0x00000000
x18: 	0x00000000
x19: 	0x00000000
x20: 	0x00000000
x21: 	0x00000000
x22: 	0x00000000
x23: 	0x00000000
x24: 	0x00000000
x25: 	0x00000000
x26: 	0x00000000
x27: 	0x00000000
x28: 	0x00000000
x29: 	0x00000000
x30: 	0x00000000
x31: 	0x00000000

0x00000b30	0x00000000	Unkown Instruction 

All Registers: 
x0: 	0x00000000
x1: 	0x00000000
x2: 	0x00000000
x3: 	0x00000000
x4: 	0x00000000
x5: 	0x00000000
x6: 	0x00000000
x7: 	0x00000000
x8: 	0x00000000
x9: 	0x00000000
x10: 	0x00000000
x11: 	0x00000000
x12: 	0x00000000
x13: 	0x00000000
x14: 	0x00000000
x15: 	0x00000000
x16: 	0x00000000
x17: 	0x00000000
x18: 	0x00000000
x19: 	0x00000000
x20: 	0x00000000
x21: 	0x00000000
x22: 	0x00000000
x23: 	0x00000000
x24: 	0x00000000
x25: 	0x00000000
x26: 	0x00000000
x27: 	0x00000000
x28: 	0x00000000
x29: 	0x00000000
x30: 	0x00000000
x31: 	0x00000000

0x00000b34	0x00000000	Unkown Instruction 

All Registers: 
x0: 	0x00000000
x1: 	0x00000000
x2: 	0x00000000
x3: 	0x00000000
x4: 	0x00000000
x5: 	0x00000000
x6: 	0x00000000
x7: 	0x00000000
x8: 	0x00000000
x9: 	0x00000000
x10: 	0x00000000
x11: 	0x00000000
x12: 	0x00000000
x13: 	0x00000000
x14: 	0x00000000
x15: 	0x00000000
x16: 	0x00000000
x17: 	0x00000000
x18: 	0x00000000
x19: 	0x00000000
x20: 	0x00000000
x21: 	0x00000000
x22: 	0x00000000
x23: 	0x00000000
x24: 	0x00000000
x25: 	0x00000000
x26: 	0x00000000
x27: 	0x00000000
x28: 	0x00000000
x29: 	0x00000000
x30: 	0x00000000
x31: 	0x00000000

0x00000b38	0x00000000	Unkown Instruction 

All Registers: 
x0: 	0x00000000
x1: 	0x00000000
x2: 	0x00000000
x3: 	0x00000000
x4: 	0x00000000
x5: 	0x00000000
x6: 	0x00000000
x7: 	0x00000000
x8: 	0x00000000
x9: 	0x00000000
x10: 	0x00000000
x11: 	0x00000000
x12: 	0x00000000
x13: 	0x00000000
x14: 	0x00000000
x15: 	0x00000000
x16: 	0x00000000
x17: 	0x00000000
x18: 	0x00000000
x19: 	0x00000000
x20: 	0x00000000
x21: 	0x00000000
x22: 	0x00000000
x23: 	0x00000000
x24: 	0x00000000
x25: 	0x00000000
x26: 	0x00000000
x27: 	0x00000000
x28: 	0x00000000
x29: 	0x00000000
x30: 	0x00000000
x31: 	0x00000000

0x00000b3c	0x00000000	Unkown Instruction 

All Registers: 
x0: 	0x00000000
x1: 	0x00000000
x2: 	0x00000000
x3: 	0x00000000
x4: 	0x00000000
x5: 	0x00000000
x6: 	0x00000000
x7: 	0x00000000
x8: 	0x00000000
x9: 	0x00000000
x10: 	0x00000000
x11: 	0x00000000
x12: 	0x00000000
x13: 	0x00000000
x14: 	0x00000000
x15: 	0x00000000
x16: 	0x00000000
x17: 	0x00000000
x18: 	0x00000000
x19: 	0x00000000
x20: 	0x00000000
x21: 	0x00000000
x22: 	0x00000000
x23: 	0x00000000
x24: 	0x00000000
x25: 	0x00000000
x26: 	0x00000000
x27: 	0x00000000
x28: 	0x00000000
x29: 	0x00000000
x30: 	0x00000000
x31: 	0x00000000

0x00000b40	0x00000000	Unkown Instruction 

All Registers: 
x0: 	0x00000000
x1: 	0x00000000
x2: 	0x00000000
x3: 	0x00000000
x4: 	0x00000000
x5: 	0x00000000
x6: 	0x00000000
x7: 	0x00000000
x8: 	0x00000000
x9: 	0x00000000
x10: 	0x00000000
x11: 	0x00000000
x12: 	0x00000000
x13: 	0x00000000
x14: 	0x00000000
x15: 	0x00000000
x16: 	0x00000000
x17: 	0x00000000
x18: 	0x00000000
x19: 	0x00000000
x20: 	0x00000000
x21: 	0x00000000
x22: 	0x00000000
x23: 	0x00000000
x24: 	0x00000000
x25: 	0x00000000
x26: 	0x00000000
x27: 	0x00000000
x28: 	0x00000000
x29: 	0x00000000
x30: 	0x00000000
x31: 	0x00000000

0x00000b44	0x00000000	Unkown Instruction 

All Registers: 
x0: 	0x00000000
x1: 	0x00000000
x2: 	0x00000000
x3: 	0x00000000
x4: 	0x00000000
x5: 	0x00000000
x6: 	0x00000000
x7: 	0x00000000
x8: 	0x00000000
x9: 	0x00000000
x10: 	0x00000000
x11: 	0x00000000
x12: 	0x00000000
x13: 	0x00000000
x14: 	0x00000000
x15: 	0x00000000
x16: 	0x00000000
x17: 	0x00000000
x18: 	0x00000000
x19: 	0x00000000
x20: 	0x00000000
x21: 	0x00000000
x22: 	0x00000000
x23: 	0x00000000
x24: 	0x00000000
x25: 	0x00000000
x26: 	0x00000000
x27: 	0x00000000
x28: 	0x00000000
x29: 	0x00000000
x30: 	0x00000000
x31: 	0x00000000

0x00000b48	0x00000000	Unkown Instruction 

All Registers: 
x0: 	0x00000000
x1: 	0x00000000
x2: 	0x00000000
x3: 	0x00000000
x4: 	0x00000000
x5: 	0x00000000
x6: 	0x00000000
x7: 	0x00000000
x8: 	0x00000000
x9: 	0x00000000
x10: 	0x00000000
x11: 	0x00000000
x12: 	0x00000000
x13: 	0x00000000
x14: 	0x00000000
x15: 	0x00000000
x16: 	0x00000000
x17: 	0x00000000
x18: 	0x00000000
x19: 	0x00000000
x20: 	0x00000000
x21: 	0x00000000
x22: 	0x00000000
x23: 	0x00000000
x24: 	0x00000000
x25: 	0x00000000
x26: 	0x00000000
x27: 	0x00000000
x28: 	0x00000000
x29: 	0x00000000
x30: 	0x00000000
x31: 	0x00000000

0x00000b4c	0x00000000	Unkown Instruction 

All Registers: 
x0: 	0x00000000
x1: 	0x00000000
x2: 	0x00000000
x3: 	0x00000000
x4: 	0x00000000
x5: 	0x00000000
x6: 	0x00000000
x7: 	0x00000000
x8: 	0x00000000
x9: 	0x00000000
x10: 	0x00000000
x11: 	0x00000000
x12: 	0x00000000
x13: 	0x00000000
x14: 	0x00000000
x15: 	0x00000000
x16: 	0x00000000
x17: 	0x00000000
x18: 	0x00000000
x19: 	0x00000000
x20: 	0x00000000
x21: 	0x00000000
x22: 	0x00000000
x23: 	0x00000000
x24: 	0x00000000
x25: 	0x00000000
x26: 	0x00000000
x27: 	0x00000000
x28: 	0x00000000
x29: 	0x00000000
x30: 	0x00000000
x31: 	0x00000000

0x00000b50	0x00000000	Unkown Instruction 

All Registers: 
x0: 	0x00000000
x1: 	0x00000000
x2: 	0x00000000
x3: 	0x00000000
x4: 	0x00000000
x5: 	0x00000000
x6: 	0x00000000
x7: 	0x00000000
x8: 	0x00000000
x9: 	0x00000000
x10: 	0x00000000
x11: 	0x00000000
x12: 	0x00000000
x13: 	0x00000000
x14: 	0x00000000
x15: 	0x00000000
x16: 	0x00000000
x17: 	0x00000000
x18: 	0x00000000
x19: 	0x00000000
x20: 	0x00000000
x21: 	0x00000000
x22: 	0x00000000
x23: 	0x00000000
x24: 	0x00000000
x25: 	0x00000000
x26: 	0x00000000
x27: 	0x00000000
x28: 	0x00000000
x29: 	0x00000000
x30: 	0x00000000
x31: 	0x00000000

0x00000b54	0x00000000	Unkown Instruction 

All Registers: 
x0: 	0x00000000
x1: 	0x00000000
x2: 	0x00000000
x3: 	0x00000000
x4: 	0x00000000
x5: 	0x00000000
x6: 	0x00000000
x7: 	0x00000000
x8: 	0x00000000
x9: 	0x00000000
x10: 	0x00000000
x11: 	0x00000000
x12: 	0x00000000
x13: 	0x00000000
x14: 	0x00000000
x15: 	0x00000000
x16: 	0x00000000
x17: 	0x00000000
x18: 	0x00000000
x19: 	0x00000000
x20: 	0x00000000
x21: 	0x00000000
x22: 	0x00000000
x23: 	0x00000000
x24: 	0x00000000
x25: 	0x00000000
x26: 	0x00000000
x27: 	0x00000000
x28: 	0x00000000
x29: 	0x00000000
x30: 	0x00000000
x31: 	0x00000000

0x00000b58	0x00000000	Unkown Instruction 

All Registers: 
x0: 	0x00000000
x1: 	0x00000000
x2: 	0x00000000
x3: 	0x00000000
x4: 	0x00000000
x5: 	0x00000000
x6: 	0x00000000
x7: 	0x00000000
x8: 	0x00000000
x9: 	0x00000000
x10: 	0x00000000
x11: 	0x00000000
x12: 	0x00000000
x13: 	0x00000000
x14: 	0x00000000
x15: 	0x00000000
x16: 	0x00000000
x17: 	0x00000000
x18: 	0x00000000
x19: 	0x00000000
x20: 	0x00000000
x21: 	0x00000000
x22: 	0x00000000
x23: 	0x00000000
x24: 	0x00000000
x25: 	0x00000000
x26: 	0x00000000
x27: 	0x00000000
x28: 	0x00000000
x29: 	0x00000000
x30: 	0x00000000
x31: 	0x00000000

0x00000b5c	0x00000000	Unkown Instruction 

All Registers: 
x0: 	0x00000000
x1: 	0x00000000
x2: 	0x00000000
x3: 	0x00000000
x4: 	0x00000000
x5: 	0x00000000
x6: 	0x00000000
x7: 	0x00000000
x8: 	0x00000000
x9: 	0x00000000
x10: 	0x00000000
x11: 	0x00000000
x12: 	0x00000000
x13: 	0x00000000
x14: 	0x00000000
x15: 	0x00000000
x16: 	0x00000000
x17: 	0x00000000
x18: 	0x00000000
x19: 	0x00000000
x20: 	0x00000000
x21: 	0x00000000
x22: 	0x00000000
x23: 	0x00000000
x24: 	0x00000000
x25: 	0x00000000
x26: 	0x00000000
x27: 	0x00000000
x28: 	0x00000000
x29: 	0x00000000
x30: 	0x00000000
x31: 	0x00000000

0x00000b60	0x00000000	Unkown Instruction 

All Registers: 
x0: 	0x00000000
x1: 	0x00000000
x2: 	0x00000000
x3: 	0x00000000
x4: 	0x00000000
x5: 	0x00000000
x6: 	0x00000000
x7: 	0x00000000
x8: 	0x00000000
x9: 	0x00000000
x10: 	0x00000000
x11: 	0x00000000
x12: 	0x00000000
x13: 	0x00000000
x14: 	0x00000000
x15: 	0x00000000
x16: 	0x00000000
x17: 	0x00000000
x18: 	0x00000000
x19: 	0x00000000
x20: 	0x00000000
x21: 	0x00000000
x22: 	0x00000000
x23: 	0x00000000
x24: 	0x00000000
x25: 	0x00000000
x26: 	0x00000000
x27: 	0x00000000
x28: 	0x00000000
x29: 	0x00000000
x30: 	0x00000000
x31: 	0x00000000

0x00000b64	0x00000000	Unkown Instruction 

All Registers: 
x0: 	0x00000000
x1: 	0x00000000
x2: 	0x00000000
x3: 	0x00000000
x4: 	0x00000000
x5: 	0x00000000
x6: 	0x00000000
x7: 	0x00000000
x8: 	0x00000000
x9: 	0x00000000
x10: 	0x00000000
x11: 	0x00000000
x12: 	0x00000000
x13: 	0x00000000
x14: 	0x00000000
x15: 	0x00000000
x16: 	0x00000000
x17: 	0x00000000
x18: 	0x00000000
x19: 	0x00000000
x20: 	0x00000000
x21: 	0x00000000
x22: 	0x00000000
x23: 	0x00000000
x24: 	0x00000000
x25: 	0x00000000
x26: 	0x00000000
x27: 	0x00000000
x28: 	0x00000000
x29: 	0x00000000
x30: 	0x00000000
x31: 	0x00000000

0x00000b68	0x00000000	Unkown Instruction 

All Registers: 
x0: 	0x00000000
x1: 	0x00000000
x2: 	0x00000000
x3: 	0x00000000
x4: 	0x00000000
x5: 	0x00000000
x6: 	0x00000000
x7: 	0x00000000
x8: 	0x00000000
x9: 	0x00000000
x10: 	0x00000000
x11: 	0x00000000
x12: 	0x00000000
x13: 	0x00000000
x14: 	0x00000000
x15: 	0x00000000
x16: 	0x00000000
x17: 	0x00000000
x18: 	0x00000000
x19: 	0x00000000
x20: 	0x00000000
x21: 	0x00000000
x22: 	0x00000000
x23: 	0x00000000
x24: 	0x00000000
x25: 	0x00000000
x26: 	0x00000000
x27: 	0x00000000
x28: 	0x00000000
x29: 	0x00000000
x30: 	0x00000000
x31: 	0x00000000

0x00000b6c	0x00000000	Unkown Instruction 

All Registers: 
x0: 	0x00000000
x1: 	0x00000000
x2: 	0x00000000
x3: 	0x00000000
x4: 	0x00000000
x5: 	0x00000000
x6: 	0x00000000
x7: 	0x00000000
x8: 	0x00000000
x9: 	0x00000000
x10: 	0x00000000
x11: 	0x00000000
x12: 	0x00000000
x13: 	0x00000000
x14: 	0x00000000
x15: 	0x00000000
x16: 	0x00000000
x17: 	0x00000000
x18: 	0x00000000
x19: 	0x00000000
x20: 	0x00000000
x21: 	0x00000000
x22: 	0x00000000
x23: 	0x00000000
x24: 	0x00000000
x25: 	0x00000000
x26: 	0x00000000
x27: 	0x00000000
x28: 	0x00000000
x29: 	0x00000000
x30: 	0x00000000
x31: 	0x00000000

0x00000b70	0x00000000	Unkown Instruction 

All Registers: 
x0: 	0x00000000
x1: 	0x00000000
x2: 	0x00000000
x3: 	0x00000000
x4: 	0x00000000
x5: 	0x00000000
x6: 	0x00000000
x7: 	0x00000000
x8: 	0x00000000
x9: 	0x00000000
x10: 	0x00000000
x11: 	0x00000000
x12: 	0x00000000
x13: 	0x00000000
x14: 	0x00000000
x15: 	0x00000000
x16: 	0x00000000
x17: 	0x00000000
x18: 	0x00000000
x19: 	0x00000000
x20: 	0x00000000
x21: 	0x00000000
x22: 	0x00000000
x23: 	0x00000000
x24: 	0x00000000
x25: 	0x00000000
x26: 	0x00000000
x27: 	0x00000000
x28: 	0x00000000
x29: 	0x00000000
x30: 	0x00000000
x31: 	0x00000000

0x00000b74	0x00000000	Unkown Instruction 

All Registers: 
x0: 	0x00000000
x1: 	0x00000000
x2: 	0x00000000
x3: 	0x00000000
x4: 	0x00000000
x5: 	0x00000000
x6: 	0x00000000
x7: 	0x00000000
x8: 	0x00000000
x9: 	0x00000000
x10: 	0x00000000
x11: 	0x00000000
x12: 	0x00000000
x13: 	0x00000000
x14: 	0x00000000
x15: 	0x00000000
x16: 	0x00000000
x17: 	0x00000000
x18: 	0x00000000
x19: 	0x00000000
x20: 	0x00000000
x21: 	0x00000000
x22: 	0x00000000
x23: 	0x00000000
x24: 	0x00000000
x25: 	0x00000000
x26: 	0x00000000
x27: 	0x00000000
x28: 	0x00000000
x29: 	0x00000000
x30: 	0x00000000
x31: 	0x00000000

0x00000b78	0x00000000	Unkown Instruction 

All Registers: 
x0: 	0x00000000
x1: 	0x00000000
x2: 	0x00000000
x3: 	0x00000000
x4: 	0x00000000
x5: 	0x00000000
x6: 	0x00000000
x7: 	0x00000000
x8: 	0x00000000
x9: 	0x00000000
x10: 	0x00000000
x11: 	0x00000000
x12: 	0x00000000
x13: 	0x00000000
x14: 	0x00000000
x15: 	0x00000000
x16: 	0x00000000
x17: 	0x00000000
x18: 	0x00000000
x19: 	0x00000000
x20: 	0x00000000
x21: 	0x00000000
x22: 	0x00000000
x23: 	0x00000000
x24: 	0x00000000
x25: 	0x00000000
x26: 	0x00000000
x27: 	0x00000000
x28: 	0x00000000
x29: 	0x00000000
x30: 	0x00000000
x31: 	0x00000000

0x00000b7c	0x00000000	Unkown Instruction 

All Registers: 
x0: 	0x00000000
x1: 	0x00000000
x2: 	0x00000000
x3: 	0x00000000
x4: 	0x00000000
x5: 	0x00000000
x6: 	0x00000000
x7: 	0x00000000
x8: 	0x00000000
x9: 	0x00000000
x10: 	0x00000000
x11: 	0x00000000
x12: 	0x00000000
x13: 	0x00000000
x14: 	0x00000000
x15: 	0x00000000
x16: 	0x00000000
x17: 	0x00000000
x18: 	0x00000000
x19: 	0x00000000
x20: 	0x00000000
x21: 	0x00000000
x22: 	0x00000000
x23: 	0x00000000
x24: 	0x00000000
x25: 	0x00000000
x26: 	0x00000000
x27: 	0x00000000
x28: 	0x00000000
x29: 	0x00000000
x30: 	0x00000000
x31: 	0x00000000

0x00000b80	0x00000000	Unkown Instruction 

All Registers: 
x0: 	0x00000000
x1: 	0x00000000
x2: 	0x00000000
x3: 	0x00000000
x4: 	0x00000000
x5: 	0x00000000
x6: 	0x00000000
x7: 	0x00000000
x8: 	0x00000000
x9: 	0x00000000
x10: 	0x00000000
x11: 	0x00000000
x12: 	0x00000000
x13: 	0x00000000
x14: 	0x00000000
x15: 	0x00000000
x16: 	0x00000000
x17: 	0x00000000
x18: 	0x00000000
x19: 	0x00000000
x20: 	0x00000000
x21: 	0x00000000
x22: 	0x00000000
x23: 	0x00000000
x24: 	0x00000000
x25: 	0x00000000
x26: 	0x00000000
x27: 	0x00000000
x28: 	0x00000000
x29: 	0x00000000
x30: 	0x00000000
x31: 	0x00000000

0x00000b84	0x00000000	Unkown Instruction 

All Registers: 
x0: 	0x00000000
x1: 	0x00000000
x2: 	0x00000000
x3: 	0x00000000
x4: 	0x00000000
x5: 	0x00000000
x6: 	0x00000000
x7: 	0x00000000
x8: 	0x00000000
x9: 	0x00000000
x10: 	0x00000000
x11: 	0x00000000
x12: 	0x00000000
x13: 	0x00000000
x14: 	0x00000000
x15: 	0x00000000
x16: 	0x00000000
x17: 	0x00000000
x18: 	0x00000000
x19: 	0x00000000
x20: 	0x00000000
x21: 	0x00000000
x22: 	0x00000000
x23: 	0x00000000
x24: 	0x00000000
x25: 	0x00000000
x26: 	0x00000000
x27: 	0x00000000
x28: 	0x00000000
x29: 	0x00000000
x30: 	0x00000000
x31: 	0x00000000

0x00000b88	0x00000000	Unkown Instruction 

All Registers: 
x0: 	0x00000000
x1: 	0x00000000
x2: 	0x00000000
x3: 	0x00000000
x4: 	0x00000000
x5: 	0x00000000
x6: 	0x00000000
x7: 	0x00000000
x8: 	0x00000000
x9: 	0x00000000
x10: 	0x00000000
x11: 	0x00000000
x12: 	0x00000000
x13: 	0x00000000
x14: 	0x00000000
x15: 	0x00000000
x16: 	0x00000000
x17: 	0x00000000
x18: 	0x00000000
x19: 	0x00000000
x20: 	0x00000000
x21: 	0x00000000
x22: 	0x00000000
x23: 	0x00000000
x24: 	0x00000000
x25: 	0x00000000
x26: 	0x00000000
x27: 	0x00000000
x28: 	0x00000000
x29: 	0x00000000
x30: 	0x00000000
x31: 	0x00000000

0x00000b8c	0x00000000	Unkown Instruction 

All Registers: 
x0: 	0x00000000
x1: 	0x00000000
x2: 	0x00000000
x3: 	0x00000000
x4: 	0x00000000
x5: 	0x00000000
x6: 	0x00000000
x7: 	0x00000000
x8: 	0x00000000
x9: 	0x00000000
x10: 	0x00000000
x11: 	0x00000000
x12: 	0x00000000
x13: 	0x00000000
x14: 	0x00000000
x15: 	0x00000000
x16: 	0x00000000
x17: 	0x00000000
x18: 	0x00000000
x19: 	0x00000000
x20: 	0x00000000
x21: 	0x00000000
x22: 	0x00000000
x23: 	0x00000000
x24: 	0x00000000
x25: 	0x00000000
x26: 	0x00000000
x27: 	0x00000000
x28: 	0x00000000
x29: 	0x00000000
x30: 	0x00000000
x31: 	0x00000000

0x00000b90	0x00000000	Unkown Instruction 

All Registers: 
x0: 	0x00000000
x1: 	0x00000000
x2: 	0x00000000
x3: 	0x00000000
x4: 	0x00000000
x5: 	0x00000000
x6: 	0x00000000
x7: 	0x00000000
x8: 	0x00000000
x9: 	0x00000000
x10: 	0x00000000
x11: 	0x00000000
x12: 	0x00000000
x13: 	0x00000000
x14: 	0x00000000
x15: 	0x00000000
x16: 	0x00000000
x17: 	0x00000000
x18: 	0x00000000
x19: 	0x00000000
x20: 	0x00000000
x21: 	0x00000000
x22: 	0x00000000
x23: 	0x00000000
x24: 	0x00000000
x25: 	0x00000000
x26: 	0x00000000
x27: 	0x00000000
x28: 	0x00000000
x29: 	0x00000000
x30: 	0x00000000
x31: 	0x00000000

0x00000b94	0x00000000	Unkown Instruction 

All Registers: 
x0: 	0x00000000
x1: 	0x00000000
x2: 	0x00000000
x3: 	0x00000000
x4: 	0x00000000
x5: 	0x00000000
x6: 	0x00000000
x7: 	0x00000000
x8: 	0x00000000
x9: 	0x00000000
x10: 	0x00000000
x11: 	0x00000000
x12: 	0x00000000
x13: 	0x00000000
x14: 	0x00000000
x15: 	0x00000000
x16: 	0x00000000
x17: 	0x00000000
x18: 	0x00000000
x19: 	0x00000000
x20: 	0x00000000
x21: 	0x00000000
x22: 	0x00000000
x23: 	0x00000000
x24: 	0x00000000
x25: 	0x00000000
x26: 	0x00000000
x27: 	0x00000000
x28: 	0x00000000
x29: 	0x00000000
x30: 	0x00000000
x31: 	0x00000000

0x00000b98	0x00000000	Unkown Instruction 

All Registers: 
x0: 	0x00000000
x1: 	0x00000000
x2: 	0x00000000
x3: 	0x00000000
x4: 	0x00000000
x5: 	0x00000000
x6: 	0x00000000
x7: 	0x00000000
x8: 	0x00000000
x9: 	0x00000000
x10: 	0x00000000
x11: 	0x00000000
x12: 	0x00000000
x13: 	0x00000000
x14: 	0x00000000
x15: 	0x00000000
x16: 	0x00000000
x17: 	0x00000000
x18: 	0x00000000
x19: 	0x00000000
x20: 	0x00000000
x21: 	0x00000000
x22: 	0x00000000
x23: 	0x00000000
x24: 	0x00000000
x25: 	0x00000000
x26: 	0x00000000
x27: 	0x00000000
x28: 	0x00000000
x29: 	0x00000000
x30: 	0x00000000
x31: 	0x00000000

0x00000b9c	0x00000000	Unkown Instruction 

All Registers: 
x0: 	0x00000000
x1: 	0x00000000
x2: 	0x00000000
x3: 	0x00000000
x4: 	0x00000000
x5: 	0x00000000
x6: 	0x00000000
x7: 	0x00000000
x8: 	0x00000000
x9: 	0x00000000
x10: 	0x00000000
x11: 	0x00000000
x12: 	0x00000000
x13: 	0x00000000
x14: 	0x00000000
x15: 	0x00000000
x16: 	0x00000000
x17: 	0x00000000
x18: 	0x00000000
x19: 	0x00000000
x20: 	0x00000000
x21: 	0x00000000
x22: 	0x00000000
x23: 	0x00000000
x24: 	0x00000000
x25: 	0x00000000
x26: 	0x00000000
x27: 	0x00000000
x28: 	0x00000000
x29: 	0x00000000
x30: 	0x00000000
x31: 	0x00000000

0x00000ba0	0x00000000	Unkown Instruction 

All Registers: 
x0: 	0x00000000
x1: 	0x00000000
x2: 	0x00000000
x3: 	0x00000000
x4: 	0x00000000
x5: 	0x00000000
x6: 	0x00000000
x7: 	0x00000000
x8: 	0x00000000
x9: 	0x00000000
x10: 	0x00000000
x11: 	0x00000000
x12: 	0x00000000
x13: 	0x00000000
x14: 	0x00000000
x15: 	0x00000000
x16: 	0x00000000
x17: 	0x00000000
x18: 	0x00000000
x19: 	0x00000000
x20: 	0x00000000
x21: 	0x00000000
x22: 	0x00000000
x23: 	0x00000000
x24: 	0x00000000
x25: 	0x00000000
x26: 	0x00000000
x27: 	0x00000000
x28: 	0x00000000
x29: 	0x00000000
x30: 	0x00000000
x31: 	0x00000000

0x00000ba4	0x00000000	Unkown Instruction 

All Registers: 
x0: 	0x00000000
x1: 	0x00000000
x2: 	0x00000000
x3: 	0x00000000
x4: 	0x00000000
x5: 	0x00000000
x6: 	0x00000000
x7: 	0x00000000
x8: 	0x00000000
x9: 	0x00000000
x10: 	0x00000000
x11: 	0x00000000
x12: 	0x00000000
x13: 	0x00000000
x14: 	0x00000000
x15: 	0x00000000
x16: 	0x00000000
x17: 	0x00000000
x18: 	0x00000000
x19: 	0x00000000
x20: 	0x00000000
x21: 	0x00000000
x22: 	0x00000000
x23: 	0x00000000
x24: 	0x00000000
x25: 	0x00000000
x26: 	0x00000000
x27: 	0x00000000
x28: 	0x00000000
x29: 	0x00000000
x30: 	0x00000000
x31: 	0x00000000

0x00000ba8	0x00000000	Unkown Instruction 

All Registers: 
x0: 	0x00000000
x1: 	0x00000000
x2: 	0x00000000
x3: 	0x00000000
x4: 	0x00000000
x5: 	0x00000000
x6: 	0x00000000
x7: 	0x00000000
x8: 	0x00000000
x9: 	0x00000000
x10: 	0x00000000
x11: 	0x00000000
x12: 	0x00000000
x13: 	0x00000000
x14: 	0x00000000
x15: 	0x00000000
x16: 	0x00000000
x17: 	0x00000000
x18: 	0x00000000
x19: 	0x00000000
x20: 	0x00000000
x21: 	0x00000000
x22: 	0x00000000
x23: 	0x00000000
x24: 	0x00000000
x25: 	0x00000000
x26: 	0x00000000
x27: 	0x00000000
x28: 	0x00000000
x29: 	0x00000000
x30: 	0x00000000
x31: 	0x00000000

0x00000bac	0x00000000	Unkown Instruction 

All Registers: 
x0: 	0x00000000
x1: 	0x00000000
x2: 	0x00000000
x3: 	0x00000000
x4: 	0x00000000
x5: 	0x00000000
x6: 	0x00000000
x7: 	0x00000000
x8: 	0x00000000
x9: 	0x00000000
x10: 	0x00000000
x11: 	0x00000000
x12: 	0x00000000
x13: 	0x00000000
x14: 	0x00000000
x15: 	0x00000000
x16: 	0x00000000
x17: 	0x00000000
x18: 	0x00000000
x19: 	0x00000000
x20: 	0x00000000
x21: 	0x00000000
x22: 	0x00000000
x23: 	0x00000000
x24: 	0x00000000
x25: 	0x00000000
x26: 	0x00000000
x27: 	0x00000000
x28: 	0x00000000
x29: 	0x00000000
x30: 	0x00000000
x31: 	0x00000000

0x00000bb0	0x00000000	Unkown Instruction 

All Registers: 
x0: 	0x00000000
x1: 	0x00000000
x2: 	0x00000000
x3: 	0x00000000
x4: 	0x00000000
x5: 	0x00000000
x6: 	0x00000000
x7: 	0x00000000
x8: 	0x00000000
x9: 	0x00000000
x10: 	0x00000000
x11: 	0x00000000
x12: 	0x00000000
x13: 	0x00000000
x14: 	0x00000000
x15: 	0x00000000
x16: 	0x00000000
x17: 	0x00000000
x18: 	0x00000000
x19: 	0x00000000
x20: 	0x00000000
x21: 	0x00000000
x22: 	0x00000000
x23: 	0x00000000
x24: 	0x00000000
x25: 	0x00000000
x26: 	0x00000000
x27: 	0x00000000
x28: 	0x00000000
x29: 	0x00000000
x30: 	0x00000000
x31: 	0x00000000

0x00000bb4	0x00000000	Unkown Instruction 

All Registers: 
x0: 	0x00000000
x1: 	0x00000000
x2: 	0x00000000
x3: 	0x00000000
x4: 	0x00000000
x5: 	0x00000000
x6: 	0x00000000
x7: 	0x00000000
x8: 	0x00000000
x9: 	0x00000000
x10: 	0x00000000
x11: 	0x00000000
x12: 	0x00000000
x13: 	0x00000000
x14: 	0x00000000
x15: 	0x00000000
x16: 	0x00000000
x17: 	0x00000000
x18: 	0x00000000
x19: 	0x00000000
x20: 	0x00000000
x21: 	0x00000000
x22: 	0x00000000
x23: 	0x00000000
x24: 	0x00000000
x25: 	0x00000000
x26: 	0x00000000
x27: 	0x00000000
x28: 	0x00000000
x29: 	0x00000000
x30: 	0x00000000
x31: 	0x00000000

0x00000bb8	0x00000000	Unkown Instruction 

All Registers: 
x0: 	0x00000000
x1: 	0x00000000
x2: 	0x00000000
x3: 	0x00000000
x4: 	0x00000000
x5: 	0x00000000
x6: 	0x00000000
x7: 	0x00000000
x8: 	0x00000000
x9: 	0x00000000
x10: 	0x00000000
x11: 	0x00000000
x12: 	0x00000000
x13: 	0x00000000
x14: 	0x00000000
x15: 	0x00000000
x16: 	0x00000000
x17: 	0x00000000
x18: 	0x00000000
x19: 	0x00000000
x20: 	0x00000000
x21: 	0x00000000
x22: 	0x00000000
x23: 	0x00000000
x24: 	0x00000000
x25: 	0x00000000
x26: 	0x00000000
x27: 	0x00000000
x28: 	0x00000000
x29: 	0x00000000
x30: 	0x00000000
x31: 	0x00000000

0x00000bbc	0x00000000	Unkown Instruction 

All Registers: 
x0: 	0x00000000
x1: 	0x00000000
x2: 	0x00000000
x3: 	0x00000000
x4: 	0x00000000
x5: 	0x00000000
x6: 	0x00000000
x7: 	0x00000000
x8: 	0x00000000
x9: 	0x00000000
x10: 	0x00000000
x11: 	0x00000000
x12: 	0x00000000
x13: 	0x00000000
x14: 	0x00000000
x15: 	0x00000000
x16: 	0x00000000
x17: 	0x00000000
x18: 	0x00000000
x19: 	0x00000000
x20: 	0x00000000
x21: 	0x00000000
x22: 	0x00000000
x23: 	0x00000000
x24: 	0x00000000
x25: 	0x00000000
x26: 	0x00000000
x27: 	0x00000000
x28: 	0x00000000
x29: 	0x00000000
x30: 	0x00000000
x31: 	0x00000000

0x00000bc0	0x00000000	Unkown Instruction 

All Registers: 
x0: 	0x00000000
x1: 	0x00000000
x2: 	0x00000000
x3: 	0x00000000
x4: 	0x00000000
x5: 	0x00000000
x6: 	0x00000000
x7: 	0x00000000
x8: 	0x00000000
x9: 	0x00000000
x10: 	0x00000000
x11: 	0x00000000
x12: 	0x00000000
x13: 	0x00000000
x14: 	0x00000000
x15: 	0x00000000
x16: 	0x00000000
x17: 	0x00000000
x18: 	0x00000000
x19: 	0x00000000
x20: 	0x00000000
x21: 	0x00000000
x22: 	0x00000000
x23: 	0x00000000
x24: 	0x00000000
x25: 	0x00000000
x26: 	0x00000000
x27: 	0x00000000
x28: 	0x00000000
x29: 	0x00000000
x30: 	0x00000000
x31: 	0x00000000

0x00000bc4	0x00000000	Unkown Instruction 

All Registers: 
x0: 	0x00000000
x1: 	0x00000000
x2: 	0x00000000
x3: 	0x00000000
x4: 	0x00000000
x5: 	0x00000000
x6: 	0x00000000
x7: 	0x00000000
x8: 	0x00000000
x9: 	0x00000000
x10: 	0x00000000
x11: 	0x00000000
x12: 	0x00000000
x13: 	0x00000000
x14: 	0x00000000
x15: 	0x00000000
x16: 	0x00000000
x17: 	0x00000000
x18: 	0x00000000
x19: 	0x00000000
x20: 	0x00000000
x21: 	0x00000000
x22: 	0x00000000
x23: 	0x00000000
x24: 	0x00000000
x25: 	0x00000000
x26: 	0x00000000
x27: 	0x00000000
x28: 	0x00000000
x29: 	0x00000000
x30: 	0x00000000
x31: 	0x00000000

0x00000bc8	0x00000000	Unkown Instruction 

All Registers: 
x0: 	0x00000000
x1: 	0x00000000
x2: 	0x00000000
x3: 	0x00000000
x4: 	0x00000000
x5: 	0x00000000
x6: 	0x00000000
x7: 	0x00000000
x8: 	0x00000000
x9: 	0x00000000
x10: 	0x00000000
x11: 	0x00000000
x12: 	0x00000000
x13: 	0x00000000
x14: 	0x00000000
x15: 	0x00000000
x16: 	0x00000000
x17: 	0x00000000
x18: 	0x00000000
x19: 	0x00000000
x20: 	0x00000000
x21: 	0x00000000
x22: 	0x00000000
x23: 	0x00000000
x24: 	0x00000000
x25: 	0x00000000
x26: 	0x00000000
x27: 	0x00000000
x28: 	0x00000000
x29: 	0x00000000
x30: 	0x00000000
x31: 	0x00000000

0x00000bcc	0x00000000	Unkown Instruction 

All Registers: 
x0: 	0x00000000
x1: 	0x00000000
x2: 	0x00000000
x3: 	0x00000000
x4: 	0x00000000
x5: 	0x00000000
x6: 	0x00000000
x7: 	0x00000000
x8: 	0x00000000
x9: 	0x00000000
x10: 	0x00000000
x11: 	0x00000000
x12: 	0x00000000
x13: 	0x00000000
x14: 	0x00000000
x15: 	0x00000000
x16: 	0x00000000
x17: 	0x00000000
x18: 	0x00000000
x19: 	0x00000000
x20: 	0x00000000
x21: 	0x00000000
x22: 	0x00000000
x23: 	0x00000000
x24: 	0x00000000
x25: 	0x00000000
x26: 	0x00000000
x27: 	0x00000000
x28: 	0x00000000
x29: 	0x00000000
x30: 	0x00000000
x31: 	0x00000000

0x00000bd0	0x00000000	Unkown Instruction 

All Registers: 
x0: 	0x00000000
x1: 	0x00000000
x2: 	0x00000000
x3: 	0x00000000
x4: 	0x00000000
x5: 	0x00000000
x6: 	0x00000000
x7: 	0x00000000
x8: 	0x00000000
x9: 	0x00000000
x10: 	0x00000000
x11: 	0x00000000
x12: 	0x00000000
x13: 	0x00000000
x14: 	0x00000000
x15: 	0x00000000
x16: 	0x00000000
x17: 	0x00000000
x18: 	0x00000000
x19: 	0x00000000
x20: 	0x00000000
x21: 	0x00000000
x22: 	0x00000000
x23: 	0x00000000
x24: 	0x00000000
x25: 	0x00000000
x26: 	0x00000000
x27: 	0x00000000
x28: 	0x00000000
x29: 	0x00000000
x30: 	0x00000000
x31: 	0x00000000

0x00000bd4	0x00000000	Unkown Instruction 

All Registers: 
x0: 	0x00000000
x1: 	0x00000000
x2: 	0x00000000
x3: 	0x00000000
x4: 	0x00000000
x5: 	0x00000000
x6: 	0x00000000
x7: 	0x00000000
x8: 	0x00000000
x9: 	0x00000000
x10: 	0x00000000
x11: 	0x00000000
x12: 	0x00000000
x13: 	0x00000000
x14: 	0x00000000
x15: 	0x00000000
x16: 	0x00000000
x17: 	0x00000000
x18: 	0x00000000
x19: 	0x00000000
x20: 	0x00000000
x21: 	0x00000000
x22: 	0x00000000
x23: 	0x00000000
x24: 	0x00000000
x25: 	0x00000000
x26: 	0x00000000
x27: 	0x00000000
x28: 	0x00000000
x29: 	0x00000000
x30: 	0x00000000
x31: 	0x00000000

0x00000bd8	0x00000000	Unkown Instruction 

All Registers: 
x0: 	0x00000000
x1: 	0x00000000
x2: 	0x00000000
x3: 	0x00000000
x4: 	0x00000000
x5: 	0x00000000
x6: 	0x00000000
x7: 	0x00000000
x8: 	0x00000000
x9: 	0x00000000
x10: 	0x00000000
x11: 	0x00000000
x12: 	0x00000000
x13: 	0x00000000
x14: 	0x00000000
x15: 	0x00000000
x16: 	0x00000000
x17: 	0x00000000
x18: 	0x00000000
x19: 	0x00000000
x20: 	0x00000000
x21: 	0x00000000
x22: 	0x00000000
x23: 	0x00000000
x24: 	0x00000000
x25: 	0x00000000
x26: 	0x00000000
x27: 	0x00000000
x28: 	0x00000000
x29: 	0x00000000
x30: 	0x00000000
x31: 	0x00000000

0x00000bdc	0x00000000	Unkown Instruction 

All Registers: 
x0: 	0x00000000
x1: 	0x00000000
x2: 	0x00000000
x3: 	0x00000000
x4: 	0x00000000
x5: 	0x00000000
x6: 	0x00000000
x7: 	0x00000000
x8: 	0x00000000
x9: 	0x00000000
x10: 	0x00000000
x11: 	0x00000000
x12: 	0x00000000
x13: 	0x00000000
x14: 	0x00000000
x15: 	0x00000000
x16: 	0x00000000
x17: 	0x00000000
x18: 	0x00000000
x19: 	0x00000000
x20: 	0x00000000
x21: 	0x00000000
x22: 	0x00000000
x23: 	0x00000000
x24: 	0x00000000
x25: 	0x00000000
x26: 	0x00000000
x27: 	0x00000000
x28: 	0x00000000
x29: 	0x00000000
x30: 	0x00000000
x31: 	0x00000000

0x00000be0	0x00000000	Unkown Instruction 

All Registers: 
x0: 	0x00000000
x1: 	0x00000000
x2: 	0x00000000
x3: 	0x00000000
x4: 	0x00000000
x5: 	0x00000000
x6: 	0x00000000
x7: 	0x00000000
x8: 	0x00000000
x9: 	0x00000000
x10: 	0x00000000
x11: 	0x00000000
x12: 	0x00000000
x13: 	0x00000000
x14: 	0x00000000
x15: 	0x00000000
x16: 	0x00000000
x17: 	0x00000000
x18: 	0x00000000
x19: 	0x00000000
x20: 	0x00000000
x21: 	0x00000000
x22: 	0x00000000
x23: 	0x00000000
x24: 	0x00000000
x25: 	0x00000000
x26: 	0x00000000
x27: 	0x00000000
x28: 	0x00000000
x29: 	0x00000000
x30: 	0x00000000
x31: 	0x00000000

0x00000be4	0x00000000	Unkown Instruction 

All Registers: 
x0: 	0x00000000
x1: 	0x00000000
x2: 	0x00000000
x3: 	0x00000000
x4: 	0x00000000
x5: 	0x00000000
x6: 	0x00000000
x7: 	0x00000000
x8: 	0x00000000
x9: 	0x00000000
x10: 	0x00000000
x11: 	0x00000000
x12: 	0x00000000
x13: 	0x00000000
x14: 	0x00000000
x15: 	0x00000000
x16: 	0x00000000
x17: 	0x00000000
x18: 	0x00000000
x19: 	0x00000000
x20: 	0x00000000
x21: 	0x00000000
x22: 	0x00000000
x23: 	0x00000000
x24: 	0x00000000
x25: 	0x00000000
x26: 	0x00000000
x27: 	0x00000000
x28: 	0x00000000
x29: 	0x00000000
x30: 	0x00000000
x31: 	0x00000000

0x00000be8	0x00000000	Unkown Instruction 

All Registers: 
x0: 	0x00000000
x1: 	0x00000000
x2: 	0x00000000
x3: 	0x00000000
x4: 	0x00000000
x5: 	0x00000000
x6: 	0x00000000
x7: 	0x00000000
x8: 	0x00000000
x9: 	0x00000000
x10: 	0x00000000
x11: 	0x00000000
x12: 	0x00000000
x13: 	0x00000000
x14: 	0x00000000
x15: 	0x00000000
x16: 	0x00000000
x17: 	0x00000000
x18: 	0x00000000
x19: 	0x00000000
x20: 	0x00000000
x21: 	0x00000000
x22: 	0x00000000
x23: 	0x00000000
x24: 	0x00000000
x25: 	0x00000000
x26: 	0x00000000
x27: 	0x00000000
x28: 	0x00000000
x29: 	0x00000000
x30: 	0x00000000
x31: 	0x00000000

0x00000bec	0x00000000	Unkown Instruction 

All Registers: 
x0: 	0x00000000
x1: 	0x00000000
x2: 	0x00000000
x3: 	0x00000000
x4: 	0x00000000
x5: 	0x00000000
x6: 	0x00000000
x7: 	0x00000000
x8: 	0x00000000
x9: 	0x00000000
x10: 	0x00000000
x11: 	0x00000000
x12: 	0x00000000
x13: 	0x00000000
x14: 	0x00000000
x15: 	0x00000000
x16: 	0x00000000
x17: 	0x00000000
x18: 	0x00000000
x19: 	0x00000000
x20: 	0x00000000
x21: 	0x00000000
x22: 	0x00000000
x23: 	0x00000000
x24: 	0x00000000
x25: 	0x00000000
x26: 	0x00000000
x27: 	0x00000000
x28: 	0x00000000
x29: 	0x00000000
x30: 	0x00000000
x31: 	0x00000000

0x00000bf0	0x00000000	Unkown Instruction 

All Registers: 
x0: 	0x00000000
x1: 	0x00000000
x2: 	0x00000000
x3: 	0x00000000
x4: 	0x00000000
x5: 	0x00000000
x6: 	0x00000000
x7: 	0x00000000
x8: 	0x00000000
x9: 	0x00000000
x10: 	0x00000000
x11: 	0x00000000
x12: 	0x00000000
x13: 	0x00000000
x14: 	0x00000000
x15: 	0x00000000
x16: 	0x00000000
x17: 	0x00000000
x18: 	0x00000000
x19: 	0x00000000
x20: 	0x00000000
x21: 	0x00000000
x22: 	0x00000000
x23: 	0x00000000
x24: 	0x00000000
x25: 	0x00000000
x26: 	0x00000000
x27: 	0x00000000
x28: 	0x00000000
x29: 	0x00000000
x30: 	0x00000000
x31: 	0x00000000

0x00000bf4	0x00000000	Unkown Instruction 

All Registers: 
x0: 	0x00000000
x1: 	0x00000000
x2: 	0x00000000
x3: 	0x00000000
x4: 	0x00000000
x5: 	0x00000000
x6: 	0x00000000
x7: 	0x00000000
x8: 	0x00000000
x9: 	0x00000000
x10: 	0x00000000
x11: 	0x00000000
x12: 	0x00000000
x13: 	0x00000000
x14: 	0x00000000
x15: 	0x00000000
x16: 	0x00000000
x17: 	0x00000000
x18: 	0x00000000
x19: 	0x00000000
x20: 	0x00000000
x21: 	0x00000000
x22: 	0x00000000
x23: 	0x00000000
x24: 	0x00000000
x25: 	0x00000000
x26: 	0x00000000
x27: 	0x00000000
x28: 	0x00000000
x29: 	0x00000000
x30: 	0x00000000
x31: 	0x00000000

0x00000bf8	0x00000000	Unkown Instruction 

All Registers: 
x0: 	0x00000000
x1: 	0x00000000
x2: 	0x00000000
x3: 	0x00000000
x4: 	0x00000000
x5: 	0x00000000
x6: 	0x00000000
x7: 	0x00000000
x8: 	0x00000000
x9: 	0x00000000
x10: 	0x00000000
x11: 	0x00000000
x12: 	0x00000000
x13: 	0x00000000
x14: 	0x00000000
x15: 	0x00000000
x16: 	0x00000000
x17: 	0x00000000
x18: 	0x00000000
x19: 	0x00000000
x20: 	0x00000000
x21: 	0x00000000
x22: 	0x00000000
x23: 	0x00000000
x24: 	0x00000000
x25: 	0x00000000
x26: 	0x00000000
x27: 	0x00000000
x28: 	0x00000000
x29: 	0x00000000
x30: 	0x00000000
x31: 	0x00000000

0x00000bfc	0x00000000	Unkown Instruction 

All Registers: 
x0: 	0x00000000
x1: 	0x00000000
x2: 	0x00000000
x3: 	0x00000000
x4: 	0x00000000
x5: 	0x00000000
x6: 	0x00000000
x7: 	0x00000000
x8: 	0x00000000
x9: 	0x00000000
x10: 	0x00000000
x11: 	0x00000000
x12: 	0x00000000
x13: 	0x00000000
x14: 	0x00000000
x15: 	0x00000000
x16: 	0x00000000
x17: 	0x00000000
x18: 	0x00000000
x19: 	0x00000000
x20: 	0x00000000
x21: 	0x00000000
x22: 	0x00000000
x23: 	0x00000000
x24: 	0x00000000
x25: 	0x00000000
x26: 	0x00000000
x27: 	0x00000000
x28: 	0x00000000
x29: 	0x00000000
x30: 	0x00000000
x31: 	0x00000000

0x00000c00	0x00000000	Unkown Instruction 

All Registers: 
x0: 	0x00000000
x1: 	0x00000000
x2: 	0x00000000
x3: 	0x00000000
x4: 	0x00000000
x5: 	0x00000000
x6: 	0x00000000
x7: 	0x00000000
x8: 	0x00000000
x9: 	0x00000000
x10: 	0x00000000
x11: 	0x00000000
x12: 	0x00000000
x13: 	0x00000000
x14: 	0x00000000
x15: 	0x00000000
x16: 	0x00000000
x17: 	0x00000000
x18: 	0x00000000
x19: 	0x00000000
x20: 	0x00000000
x21: 	0x00000000
x22: 	0x00000000
x23: 	0x00000000
x24: 	0x00000000
x25: 	0x00000000
x26: 	0x00000000
x27: 	0x00000000
x28: 	0x00000000
x29: 	0x00000000
x30: 	0x00000000
x31: 	0x00000000

0x00000c04	0x00000000	Unkown Instruction 

All Registers: 
x0: 	0x00000000
x1: 	0x00000000
x2: 	0x00000000
x3: 	0x00000000
x4: 	0x00000000
x5: 	0x00000000
x6: 	0x00000000
x7: 	0x00000000
x8: 	0x00000000
x9: 	0x00000000
x10: 	0x00000000
x11: 	0x00000000
x12: 	0x00000000
x13: 	0x00000000
x14: 	0x00000000
x15: 	0x00000000
x16: 	0x00000000
x17: 	0x00000000
x18: 	0x00000000
x19: 	0x00000000
x20: 	0x00000000
x21: 	0x00000000
x22: 	0x00000000
x23: 	0x00000000
x24: 	0x00000000
x25: 	0x00000000
x26: 	0x00000000
x27: 	0x00000000
x28: 	0x00000000
x29: 	0x00000000
x30: 	0x00000000
x31: 	0x00000000

0x00000c08	0x00000000	Unkown Instruction 

All Registers: 
x0: 	0x00000000
x1: 	0x00000000
x2: 	0x00000000
x3: 	0x00000000
x4: 	0x00000000
x5: 	0x00000000
x6: 	0x00000000
x7: 	0x00000000
x8: 	0x00000000
x9: 	0x00000000
x10: 	0x00000000
x11: 	0x00000000
x12: 	0x00000000
x13: 	0x00000000
x14: 	0x00000000
x15: 	0x00000000
x16: 	0x00000000
x17: 	0x00000000
x18: 	0x00000000
x19: 	0x00000000
x20: 	0x00000000
x21: 	0x00000000
x22: 	0x00000000
x23: 	0x00000000
x24: 	0x00000000
x25: 	0x00000000
x26: 	0x00000000
x27: 	0x00000000
x28: 	0x00000000
x29: 	0x00000000
x30: 	0x00000000
x31: 	0x00000000

0x00000c0c	0x00000000	Unkown Instruction 

All Registers: 
x0: 	0x00000000
x1: 	0x00000000
x2: 	0x00000000
x3: 	0x00000000
x4: 	0x00000000
x5: 	0x00000000
x6: 	0x00000000
x7: 	0x00000000
x8: 	0x00000000
x9: 	0x00000000
x10: 	0x00000000
x11: 	0x00000000
x12: 	0x00000000
x13: 	0x00000000
x14: 	0x00000000
x15: 	0x00000000
x16: 	0x00000000
x17: 	0x00000000
x18: 	0x00000000
x19: 	0x00000000
x20: 	0x00000000
x21: 	0x00000000
x22: 	0x00000000
x23: 	0x00000000
x24: 	0x00000000
x25: 	0x00000000
x26: 	0x00000000
x27: 	0x00000000
x28: 	0x00000000
x29: 	0x00000000
x30: 	0x00000000
x31: 	0x00000000

0x00000c10	0x00000000	Unkown Instruction 

All Registers: 
x0: 	0x00000000
x1: 	0x00000000
x2: 	0x00000000
x3: 	0x00000000
x4: 	0x00000000
x5: 	0x00000000
x6: 	0x00000000
x7: 	0x00000000
x8: 	0x00000000
x9: 	0x00000000
x10: 	0x00000000
x11: 	0x00000000
x12: 	0x00000000
x13: 	0x00000000
x14: 	0x00000000
x15: 	0x00000000
x16: 	0x00000000
x17: 	0x00000000
x18: 	0x00000000
x19: 	0x00000000
x20: 	0x00000000
x21: 	0x00000000
x22: 	0x00000000
x23: 	0x00000000
x24: 	0x00000000
x25: 	0x00000000
x26: 	0x00000000
x27: 	0x00000000
x28: 	0x00000000
x29: 	0x00000000
x30: 	0x00000000
x31: 	0x00000000

0x00000c14	0x00000000	Unkown Instruction 

All Registers: 
x0: 	0x00000000
x1: 	0x00000000
x2: 	0x00000000
x3: 	0x00000000
x4: 	0x00000000
x5: 	0x00000000
x6: 	0x00000000
x7: 	0x00000000
x8: 	0x00000000
x9: 	0x00000000
x10: 	0x00000000
x11: 	0x00000000
x12: 	0x00000000
x13: 	0x00000000
x14: 	0x00000000
x15: 	0x00000000
x16: 	0x00000000
x17: 	0x00000000
x18: 	0x00000000
x19: 	0x00000000
x20: 	0x00000000
x21: 	0x00000000
x22: 	0x00000000
x23: 	0x00000000
x24: 	0x00000000
x25: 	0x00000000
x26: 	0x00000000
x27: 	0x00000000
x28: 	0x00000000
x29: 	0x00000000
x30: 	0x00000000
x31: 	0x00000000

0x00000c18	0x00000000	Unkown Instruction 

All Registers: 
x0: 	0x00000000
x1: 	0x00000000
x2: 	0x00000000
x3: 	0x00000000
x4: 	0x00000000
x5: 	0x00000000
x6: 	0x00000000
x7: 	0x00000000
x8: 	0x00000000
x9: 	0x00000000
x10: 	0x00000000
x11: 	0x00000000
x12: 	0x00000000
x13: 	0x00000000
x14: 	0x00000000
x15: 	0x00000000
x16: 	0x00000000
x17: 	0x00000000
x18: 	0x00000000
x19: 	0x00000000
x20: 	0x00000000
x21: 	0x00000000
x22: 	0x00000000
x23: 	0x00000000
x24: 	0x00000000
x25: 	0x00000000
x26: 	0x00000000
x27: 	0x00000000
x28: 	0x00000000
x29: 	0x00000000
x30: 	0x00000000
x31: 	0x00000000

0x00000c1c	0x00000000	Unkown Instruction 

All Registers: 
x0: 	0x00000000
x1: 	0x00000000
x2: 	0x00000000
x3: 	0x00000000
x4: 	0x00000000
x5: 	0x00000000
x6: 	0x00000000
x7: 	0x00000000
x8: 	0x00000000
x9: 	0x00000000
x10: 	0x00000000
x11: 	0x00000000
x12: 	0x00000000
x13: 	0x00000000
x14: 	0x00000000
x15: 	0x00000000
x16: 	0x00000000
x17: 	0x00000000
x18: 	0x00000000
x19: 	0x00000000
x20: 	0x00000000
x21: 	0x00000000
x22: 	0x00000000
x23: 	0x00000000
x24: 	0x00000000
x25: 	0x00000000
x26: 	0x00000000
x27: 	0x00000000
x28: 	0x00000000
x29: 	0x00000000
x30: 	0x00000000
x31: 	0x00000000

0x00000c20	0x00000000	Unkown Instruction 

All Registers: 
x0: 	0x00000000
x1: 	0x00000000
x2: 	0x00000000
x3: 	0x00000000
x4: 	0x00000000
x5: 	0x00000000
x6: 	0x00000000
x7: 	0x00000000
x8: 	0x00000000
x9: 	0x00000000
x10: 	0x00000000
x11: 	0x00000000
x12: 	0x00000000
x13: 	0x00000000
x14: 	0x00000000
x15: 	0x00000000
x16: 	0x00000000
x17: 	0x00000000
x18: 	0x00000000
x19: 	0x00000000
x20: 	0x00000000
x21: 	0x00000000
x22: 	0x00000000
x23: 	0x00000000
x24: 	0x00000000
x25: 	0x00000000
x26: 	0x00000000
x27: 	0x00000000
x28: 	0x00000000
x29: 	0x00000000
x30: 	0x00000000
x31: 	0x00000000

0x00000c24	0x00000000	Unkown Instruction 

All Registers: 
x0: 	0x00000000
x1: 	0x00000000
x2: 	0x00000000
x3: 	0x00000000
x4: 	0x00000000
x5: 	0x00000000
x6: 	0x00000000
x7: 	0x00000000
x8: 	0x00000000
x9: 	0x00000000
x10: 	0x00000000
x11: 	0x00000000
x12: 	0x00000000
x13: 	0x00000000
x14: 	0x00000000
x15: 	0x00000000
x16: 	0x00000000
x17: 	0x00000000
x18: 	0x00000000
x19: 	0x00000000
x20: 	0x00000000
x21: 	0x00000000
x22: 	0x00000000
x23: 	0x00000000
x24: 	0x00000000
x25: 	0x00000000
x26: 	0x00000000
x27: 	0x00000000
x28: 	0x00000000
x29: 	0x00000000
x30: 	0x00000000
x31: 	0x00000000

0x00000c28	0x00000000	Unkown Instruction 

All Registers: 
x0: 	0x00000000
x1: 	0x00000000
x2: 	0x00000000
x3: 	0x00000000
x4: 	0x00000000
x5: 	0x00000000
x6: 	0x00000000
x7: 	0x00000000
x8: 	0x00000000
x9: 	0x00000000
x10: 	0x00000000
x11: 	0x00000000
x12: 	0x00000000
x13: 	0x00000000
x14: 	0x00000000
x15: 	0x00000000
x16: 	0x00000000
x17: 	0x00000000
x18: 	0x00000000
x19: 	0x00000000
x20: 	0x00000000
x21: 	0x00000000
x22: 	0x00000000
x23: 	0x00000000
x24: 	0x00000000
x25: 	0x00000000
x26: 	0x00000000
x27: 	0x00000000
x28: 	0x00000000
x29: 	0x00000000
x30: 	0x00000000
x31: 	0x00000000

0x00000c2c	0x00000000	Unkown Instruction 

All Registers: 
x0: 	0x00000000
x1: 	0x00000000
x2: 	0x00000000
x3: 	0x00000000
x4: 	0x00000000
x5: 	0x00000000
x6: 	0x00000000
x7: 	0x00000000
x8: 	0x00000000
x9: 	0x00000000
x10: 	0x00000000
x11: 	0x00000000
x12: 	0x00000000
x13: 	0x00000000
x14: 	0x00000000
x15: 	0x00000000
x16: 	0x00000000
x17: 	0x00000000
x18: 	0x00000000
x19: 	0x00000000
x20: 	0x00000000
x21: 	0x00000000
x22: 	0x00000000
x23: 	0x00000000
x24: 	0x00000000
x25: 	0x00000000
x26: 	0x00000000
x27: 	0x00000000
x28: 	0x00000000
x29: 	0x00000000
x30: 	0x00000000
x31: 	0x00000000

0x00000c30	0x00000000	Unkown Instruction 

All Registers: 
x0: 	0x00000000
x1: 	0x00000000
x2: 	0x00000000
x3: 	0x00000000
x4: 	0x00000000
x5: 	0x00000000
x6: 	0x00000000
x7: 	0x00000000
x8: 	0x00000000
x9: 	0x00000000
x10: 	0x00000000
x11: 	0x00000000
x12: 	0x00000000
x13: 	0x00000000
x14: 	0x00000000
x15: 	0x00000000
x16: 	0x00000000
x17: 	0x00000000
x18: 	0x00000000
x19: 	0x00000000
x20: 	0x00000000
x21: 	0x00000000
x22: 	0x00000000
x23: 	0x00000000
x24: 	0x00000000
x25: 	0x00000000
x26: 	0x00000000
x27: 	0x00000000
x28: 	0x00000000
x29: 	0x00000000
x30: 	0x00000000
x31: 	0x00000000

0x00000c34	0x00000000	Unkown Instruction 

All Registers: 
x0: 	0x00000000
x1: 	0x00000000
x2: 	0x00000000
x3: 	0x00000000
x4: 	0x00000000
x5: 	0x00000000
x6: 	0x00000000
x7: 	0x00000000
x8: 	0x00000000
x9: 	0x00000000
x10: 	0x00000000
x11: 	0x00000000
x12: 	0x00000000
x13: 	0x00000000
x14: 	0x00000000
x15: 	0x00000000
x16: 	0x00000000
x17: 	0x00000000
x18: 	0x00000000
x19: 	0x00000000
x20: 	0x00000000
x21: 	0x00000000
x22: 	0x00000000
x23: 	0x00000000
x24: 	0x00000000
x25: 	0x00000000
x26: 	0x00000000
x27: 	0x00000000
x28: 	0x00000000
x29: 	0x00000000
x30: 	0x00000000
x31: 	0x00000000

0x00000c38	0x00000000	Unkown Instruction 

All Registers: 
x0: 	0x00000000
x1: 	0x00000000
x2: 	0x00000000
x3: 	0x00000000
x4: 	0x00000000
x5: 	0x00000000
x6: 	0x00000000
x7: 	0x00000000
x8: 	0x00000000
x9: 	0x00000000
x10: 	0x00000000
x11: 	0x00000000
x12: 	0x00000000
x13: 	0x00000000
x14: 	0x00000000
x15: 	0x00000000
x16: 	0x00000000
x17: 	0x00000000
x18: 	0x00000000
x19: 	0x00000000
x20: 	0x00000000
x21: 	0x00000000
x22: 	0x00000000
x23: 	0x00000000
x24: 	0x00000000
x25: 	0x00000000
x26: 	0x00000000
x27: 	0x00000000
x28: 	0x00000000
x29: 	0x00000000
x30: 	0x00000000
x31: 	0x00000000

0x00000c3c	0x00000000	Unkown Instruction 

All Registers: 
x0: 	0x00000000
x1: 	0x00000000
x2: 	0x00000000
x3: 	0x00000000
x4: 	0x00000000
x5: 	0x00000000
x6: 	0x00000000
x7: 	0x00000000
x8: 	0x00000000
x9: 	0x00000000
x10: 	0x00000000
x11: 	0x00000000
x12: 	0x00000000
x13: 	0x00000000
x14: 	0x00000000
x15: 	0x00000000
x16: 	0x00000000
x17: 	0x00000000
x18: 	0x00000000
x19: 	0x00000000
x20: 	0x00000000
x21: 	0x00000000
x22: 	0x00000000
x23: 	0x00000000
x24: 	0x00000000
x25: 	0x00000000
x26: 	0x00000000
x27: 	0x00000000
x28: 	0x00000000
x29: 	0x00000000
x30: 	0x00000000
x31: 	0x00000000

0x00000c40	0x00000000	Unkown Instruction 

All Registers: 
x0: 	0x00000000
x1: 	0x00000000
x2: 	0x00000000
x3: 	0x00000000
x4: 	0x00000000
x5: 	0x00000000
x6: 	0x00000000
x7: 	0x00000000
x8: 	0x00000000
x9: 	0x00000000
x10: 	0x00000000
x11: 	0x00000000
x12: 	0x00000000
x13: 	0x00000000
x14: 	0x00000000
x15: 	0x00000000
x16: 	0x00000000
x17: 	0x00000000
x18: 	0x00000000
x19: 	0x00000000
x20: 	0x00000000
x21: 	0x00000000
x22: 	0x00000000
x23: 	0x00000000
x24: 	0x00000000
x25: 	0x00000000
x26: 	0x00000000
x27: 	0x00000000
x28: 	0x00000000
x29: 	0x00000000
x30: 	0x00000000
x31: 	0x00000000

0x00000c44	0x00000000	Unkown Instruction 

All Registers: 
x0: 	0x00000000
x1: 	0x00000000
x2: 	0x00000000
x3: 	0x00000000
x4: 	0x00000000
x5: 	0x00000000
x6: 	0x00000000
x7: 	0x00000000
x8: 	0x00000000
x9: 	0x00000000
x10: 	0x00000000
x11: 	0x00000000
x12: 	0x00000000
x13: 	0x00000000
x14: 	0x00000000
x15: 	0x00000000
x16: 	0x00000000
x17: 	0x00000000
x18: 	0x00000000
x19: 	0x00000000
x20: 	0x00000000
x21: 	0x00000000
x22: 	0x00000000
x23: 	0x00000000
x24: 	0x00000000
x25: 	0x00000000
x26: 	0x00000000
x27: 	0x00000000
x28: 	0x00000000
x29: 	0x00000000
x30: 	0x00000000
x31: 	0x00000000

0x00000c48	0x00000000	Unkown Instruction 

All Registers: 
x0: 	0x00000000
x1: 	0x00000000
x2: 	0x00000000
x3: 	0x00000000
x4: 	0x00000000
x5: 	0x00000000
x6: 	0x00000000
x7: 	0x00000000
x8: 	0x00000000
x9: 	0x00000000
x10: 	0x00000000
x11: 	0x00000000
x12: 	0x00000000
x13: 	0x00000000
x14: 	0x00000000
x15: 	0x00000000
x16: 	0x00000000
x17: 	0x00000000
x18: 	0x00000000
x19: 	0x00000000
x20: 	0x00000000
x21: 	0x00000000
x22: 	0x00000000
x23: 	0x00000000
x24: 	0x00000000
x25: 	0x00000000
x26: 	0x00000000
x27: 	0x00000000
x28: 	0x00000000
x29: 	0x00000000
x30: 	0x00000000
x31: 	0x00000000

0x00000c4c	0x00000000	Unkown Instruction 

All Registers: 
x0: 	0x00000000
x1: 	0x00000000
x2: 	0x00000000
x3: 	0x00000000
x4: 	0x00000000
x5: 	0x00000000
x6: 	0x00000000
x7: 	0x00000000
x8: 	0x00000000
x9: 	0x00000000
x10: 	0x00000000
x11: 	0x00000000
x12: 	0x00000000
x13: 	0x00000000
x14: 	0x00000000
x15: 	0x00000000
x16: 	0x00000000
x17: 	0x00000000
x18: 	0x00000000
x19: 	0x00000000
x20: 	0x00000000
x21: 	0x00000000
x22: 	0x00000000
x23: 	0x00000000
x24: 	0x00000000
x25: 	0x00000000
x26: 	0x00000000
x27: 	0x00000000
x28: 	0x00000000
x29: 	0x00000000
x30: 	0x00000000
x31: 	0x00000000

0x00000c50	0x00000000	Unkown Instruction 

All Registers: 
x0: 	0x00000000
x1: 	0x00000000
x2: 	0x00000000
x3: 	0x00000000
x4: 	0x00000000
x5: 	0x00000000
x6: 	0x00000000
x7: 	0x00000000
x8: 	0x00000000
x9: 	0x00000000
x10: 	0x00000000
x11: 	0x00000000
x12: 	0x00000000
x13: 	0x00000000
x14: 	0x00000000
x15: 	0x00000000
x16: 	0x00000000
x17: 	0x00000000
x18: 	0x00000000
x19: 	0x00000000
x20: 	0x00000000
x21: 	0x00000000
x22: 	0x00000000
x23: 	0x00000000
x24: 	0x00000000
x25: 	0x00000000
x26: 	0x00000000
x27: 	0x00000000
x28: 	0x00000000
x29: 	0x00000000
x30: 	0x00000000
x31: 	0x00000000

0x00000c54	0x00000000	Unkown Instruction 

All Registers: 
x0: 	0x00000000
x1: 	0x00000000
x2: 	0x00000000
x3: 	0x00000000
x4: 	0x00000000
x5: 	0x00000000
x6: 	0x00000000
x7: 	0x00000000
x8: 	0x00000000
x9: 	0x00000000
x10: 	0x00000000
x11: 	0x00000000
x12: 	0x00000000
x13: 	0x00000000
x14: 	0x00000000
x15: 	0x00000000
x16: 	0x00000000
x17: 	0x00000000
x18: 	0x00000000
x19: 	0x00000000
x20: 	0x00000000
x21: 	0x00000000
x22: 	0x00000000
x23: 	0x00000000
x24: 	0x00000000
x25: 	0x00000000
x26: 	0x00000000
x27: 	0x00000000
x28: 	0x00000000
x29: 	0x00000000
x30: 	0x00000000
x31: 	0x00000000

0x00000c58	0x00000000	Unkown Instruction 

All Registers: 
x0: 	0x00000000
x1: 	0x00000000
x2: 	0x00000000
x3: 	0x00000000
x4: 	0x00000000
x5: 	0x00000000
x6: 	0x00000000
x7: 	0x00000000
x8: 	0x00000000
x9: 	0x00000000
x10: 	0x00000000
x11: 	0x00000000
x12: 	0x00000000
x13: 	0x00000000
x14: 	0x00000000
x15: 	0x00000000
x16: 	0x00000000
x17: 	0x00000000
x18: 	0x00000000
x19: 	0x00000000
x20: 	0x00000000
x21: 	0x00000000
x22: 	0x00000000
x23: 	0x00000000
x24: 	0x00000000
x25: 	0x00000000
x26: 	0x00000000
x27: 	0x00000000
x28: 	0x00000000
x29: 	0x00000000
x30: 	0x00000000
x31: 	0x00000000

0x00000c5c	0x00000000	Unkown Instruction 

All Registers: 
x0: 	0x00000000
x1: 	0x00000000
x2: 	0x00000000
x3: 	0x00000000
x4: 	0x00000000
x5: 	0x00000000
x6: 	0x00000000
x7: 	0x00000000
x8: 	0x00000000
x9: 	0x00000000
x10: 	0x00000000
x11: 	0x00000000
x12: 	0x00000000
x13: 	0x00000000
x14: 	0x00000000
x15: 	0x00000000
x16: 	0x00000000
x17: 	0x00000000
x18: 	0x00000000
x19: 	0x00000000
x20: 	0x00000000
x21: 	0x00000000
x22: 	0x00000000
x23: 	0x00000000
x24: 	0x00000000
x25: 	0x00000000
x26: 	0x00000000
x27: 	0x00000000
x28: 	0x00000000
x29: 	0x00000000
x30: 	0x00000000
x31: 	0x00000000

0x00000c60	0x00000000	Unkown Instruction 

All Registers: 
x0: 	0x00000000
x1: 	0x00000000
x2: 	0x00000000
x3: 	0x00000000
x4: 	0x00000000
x5: 	0x00000000
x6: 	0x00000000
x7: 	0x00000000
x8: 	0x00000000
x9: 	0x00000000
x10: 	0x00000000
x11: 	0x00000000
x12: 	0x00000000
x13: 	0x00000000
x14: 	0x00000000
x15: 	0x00000000
x16: 	0x00000000
x17: 	0x00000000
x18: 	0x00000000
x19: 	0x00000000
x20: 	0x00000000
x21: 	0x00000000
x22: 	0x00000000
x23: 	0x00000000
x24: 	0x00000000
x25: 	0x00000000
x26: 	0x00000000
x27: 	0x00000000
x28: 	0x00000000
x29: 	0x00000000
x30: 	0x00000000
x31: 	0x00000000

0x00000c64	0x00000000	Unkown Instruction 

All Registers: 
x0: 	0x00000000
x1: 	0x00000000
x2: 	0x00000000
x3: 	0x00000000
x4: 	0x00000000
x5: 	0x00000000
x6: 	0x00000000
x7: 	0x00000000
x8: 	0x00000000
x9: 	0x00000000
x10: 	0x00000000
x11: 	0x00000000
x12: 	0x00000000
x13: 	0x00000000
x14: 	0x00000000
x15: 	0x00000000
x16: 	0x00000000
x17: 	0x00000000
x18: 	0x00000000
x19: 	0x00000000
x20: 	0x00000000
x21: 	0x00000000
x22: 	0x00000000
x23: 	0x00000000
x24: 	0x00000000
x25: 	0x00000000
x26: 	0x00000000
x27: 	0x00000000
x28: 	0x00000000
x29: 	0x00000000
x30: 	0x00000000
x31: 	0x00000000

0x00000c68	0x00000000	Unkown Instruction 

All Registers: 
x0: 	0x00000000
x1: 	0x00000000
x2: 	0x00000000
x3: 	0x00000000
x4: 	0x00000000
x5: 	0x00000000
x6: 	0x00000000
x7: 	0x00000000
x8: 	0x00000000
x9: 	0x00000000
x10: 	0x00000000
x11: 	0x00000000
x12: 	0x00000000
x13: 	0x00000000
x14: 	0x00000000
x15: 	0x00000000
x16: 	0x00000000
x17: 	0x00000000
x18: 	0x00000000
x19: 	0x00000000
x20: 	0x00000000
x21: 	0x00000000
x22: 	0x00000000
x23: 	0x00000000
x24: 	0x00000000
x25: 	0x00000000
x26: 	0x00000000
x27: 	0x00000000
x28: 	0x00000000
x29: 	0x00000000
x30: 	0x00000000
x31: 	0x00000000

0x00000c6c	0x00000000	Unkown Instruction 

All Registers: 
x0: 	0x00000000
x1: 	0x00000000
x2: 	0x00000000
x3: 	0x00000000
x4: 	0x00000000
x5: 	0x00000000
x6: 	0x00000000
x7: 	0x00000000
x8: 	0x00000000
x9: 	0x00000000
x10: 	0x00000000
x11: 	0x00000000
x12: 	0x00000000
x13: 	0x00000000
x14: 	0x00000000
x15: 	0x00000000
x16: 	0x00000000
x17: 	0x00000000
x18: 	0x00000000
x19: 	0x00000000
x20: 	0x00000000
x21: 	0x00000000
x22: 	0x00000000
x23: 	0x00000000
x24: 	0x00000000
x25: 	0x00000000
x26: 	0x00000000
x27: 	0x00000000
x28: 	0x00000000
x29: 	0x00000000
x30: 	0x00000000
x31: 	0x00000000

0x00000c70	0x00000000	Unkown Instruction 

All Registers: 
x0: 	0x00000000
x1: 	0x00000000
x2: 	0x00000000
x3: 	0x00000000
x4: 	0x00000000
x5: 	0x00000000
x6: 	0x00000000
x7: 	0x00000000
x8: 	0x00000000
x9: 	0x00000000
x10: 	0x00000000
x11: 	0x00000000
x12: 	0x00000000
x13: 	0x00000000
x14: 	0x00000000
x15: 	0x00000000
x16: 	0x00000000
x17: 	0x00000000
x18: 	0x00000000
x19: 	0x00000000
x20: 	0x00000000
x21: 	0x00000000
x22: 	0x00000000
x23: 	0x00000000
x24: 	0x00000000
x25: 	0x00000000
x26: 	0x00000000
x27: 	0x00000000
x28: 	0x00000000
x29: 	0x00000000
x30: 	0x00000000
x31: 	0x00000000

0x00000c74	0x00000000	Unkown Instruction 

All Registers: 
x0: 	0x00000000
x1: 	0x00000000
x2: 	0x00000000
x3: 	0x00000000
x4: 	0x00000000
x5: 	0x00000000
x6: 	0x00000000
x7: 	0x00000000
x8: 	0x00000000
x9: 	0x00000000
x10: 	0x00000000
x11: 	0x00000000
x12: 	0x00000000
x13: 	0x00000000
x14: 	0x00000000
x15: 	0x00000000
x16: 	0x00000000
x17: 	0x00000000
x18: 	0x00000000
x19: 	0x00000000
x20: 	0x00000000
x21: 	0x00000000
x22: 	0x00000000
x23: 	0x00000000
x24: 	0x00000000
x25: 	0x00000000
x26: 	0x00000000
x27: 	0x00000000
x28: 	0x00000000
x29: 	0x00000000
x30: 	0x00000000
x31: 	0x00000000

0x00000c78	0x00000000	Unkown Instruction 

All Registers: 
x0: 	0x00000000
x1: 	0x00000000
x2: 	0x00000000
x3: 	0x00000000
x4: 	0x00000000
x5: 	0x00000000
x6: 	0x00000000
x7: 	0x00000000
x8: 	0x00000000
x9: 	0x00000000
x10: 	0x00000000
x11: 	0x00000000
x12: 	0x00000000
x13: 	0x00000000
x14: 	0x00000000
x15: 	0x00000000
x16: 	0x00000000
x17: 	0x00000000
x18: 	0x00000000
x19: 	0x00000000
x20: 	0x00000000
x21: 	0x00000000
x22: 	0x00000000
x23: 	0x00000000
x24: 	0x00000000
x25: 	0x00000000
x26: 	0x00000000
x27: 	0x00000000
x28: 	0x00000000
x29: 	0x00000000
x30: 	0x00000000
x31: 	0x00000000

0x00000c7c	0x00000000	Unkown Instruction 

All Registers: 
x0: 	0x00000000
x1: 	0x00000000
x2: 	0x00000000
x3: 	0x00000000
x4: 	0x00000000
x5: 	0x00000000
x6: 	0x00000000
x7: 	0x00000000
x8: 	0x00000000
x9: 	0x00000000
x10: 	0x00000000
x11: 	0x00000000
x12: 	0x00000000
x13: 	0x00000000
x14: 	0x00000000
x15: 	0x00000000
x16: 	0x00000000
x17: 	0x00000000
x18: 	0x00000000
x19: 	0x00000000
x20: 	0x00000000
x21: 	0x00000000
x22: 	0x00000000
x23: 	0x00000000
x24: 	0x00000000
x25: 	0x00000000
x26: 	0x00000000
x27: 	0x00000000
x28: 	0x00000000
x29: 	0x00000000
x30: 	0x00000000
x31: 	0x00000000

0x00000c80	0x00000000	Unkown Instruction 

All Registers: 
x0: 	0x00000000
x1: 	0x00000000
x2: 	0x00000000
x3: 	0x00000000
x4: 	0x00000000
x5: 	0x00000000
x6: 	0x00000000
x7: 	0x00000000
x8: 	0x00000000
x9: 	0x00000000
x10: 	0x00000000
x11: 	0x00000000
x12: 	0x00000000
x13: 	0x00000000
x14: 	0x00000000
x15: 	0x00000000
x16: 	0x00000000
x17: 	0x00000000
x18: 	0x00000000
x19: 	0x00000000
x20: 	0x00000000
x21: 	0x00000000
x22: 	0x00000000
x23: 	0x00000000
x24: 	0x00000000
x25: 	0x00000000
x26: 	0x00000000
x27: 	0x00000000
x28: 	0x00000000
x29: 	0x00000000
x30: 	0x00000000
x31: 	0x00000000

0x00000c84	0x00000000	Unkown Instruction 

All Registers: 
x0: 	0x00000000
x1: 	0x00000000
x2: 	0x00000000
x3: 	0x00000000
x4: 	0x00000000
x5: 	0x00000000
x6: 	0x00000000
x7: 	0x00000000
x8: 	0x00000000
x9: 	0x00000000
x10: 	0x00000000
x11: 	0x00000000
x12: 	0x00000000
x13: 	0x00000000
x14: 	0x00000000
x15: 	0x00000000
x16: 	0x00000000
x17: 	0x00000000
x18: 	0x00000000
x19: 	0x00000000
x20: 	0x00000000
x21: 	0x00000000
x22: 	0x00000000
x23: 	0x00000000
x24: 	0x00000000
x25: 	0x00000000
x26: 	0x00000000
x27: 	0x00000000
x28: 	0x00000000
x29: 	0x00000000
x30: 	0x00000000
x31: 	0x00000000

0x00000c88	0x00000000	Unkown Instruction 

All Registers: 
x0: 	0x00000000
x1: 	0x00000000
x2: 	0x00000000
x3: 	0x00000000
x4: 	0x00000000
x5: 	0x00000000
x6: 	0x00000000
x7: 	0x00000000
x8: 	0x00000000
x9: 	0x00000000
x10: 	0x00000000
x11: 	0x00000000
x12: 	0x00000000
x13: 	0x00000000
x14: 	0x00000000
x15: 	0x00000000
x16: 	0x00000000
x17: 	0x00000000
x18: 	0x00000000
x19: 	0x00000000
x20: 	0x00000000
x21: 	0x00000000
x22: 	0x00000000
x23: 	0x00000000
x24: 	0x00000000
x25: 	0x00000000
x26: 	0x00000000
x27: 	0x00000000
x28: 	0x00000000
x29: 	0x00000000
x30: 	0x00000000
x31: 	0x00000000

0x00000c8c	0x00000000	Unkown Instruction 

All Registers: 
x0: 	0x00000000
x1: 	0x00000000
x2: 	0x00000000
x3: 	0x00000000
x4: 	0x00000000
x5: 	0x00000000
x6: 	0x00000000
x7: 	0x00000000
x8: 	0x00000000
x9: 	0x00000000
x10: 	0x00000000
x11: 	0x00000000
x12: 	0x00000000
x13: 	0x00000000
x14: 	0x00000000
x15: 	0x00000000
x16: 	0x00000000
x17: 	0x00000000
x18: 	0x00000000
x19: 	0x00000000
x20: 	0x00000000
x21: 	0x00000000
x22: 	0x00000000
x23: 	0x00000000
x24: 	0x00000000
x25: 	0x00000000
x26: 	0x00000000
x27: 	0x00000000
x28: 	0x00000000
x29: 	0x00000000
x30: 	0x00000000
x31: 	0x00000000

0x00000c90	0x00000000	Unkown Instruction 

All Registers: 
x0: 	0x00000000
x1: 	0x00000000
x2: 	0x00000000
x3: 	0x00000000
x4: 	0x00000000
x5: 	0x00000000
x6: 	0x00000000
x7: 	0x00000000
x8: 	0x00000000
x9: 	0x00000000
x10: 	0x00000000
x11: 	0x00000000
x12: 	0x00000000
x13: 	0x00000000
x14: 	0x00000000
x15: 	0x00000000
x16: 	0x00000000
x17: 	0x00000000
x18: 	0x00000000
x19: 	0x00000000
x20: 	0x00000000
x21: 	0x00000000
x22: 	0x00000000
x23: 	0x00000000
x24: 	0x00000000
x25: 	0x00000000
x26: 	0x00000000
x27: 	0x00000000
x28: 	0x00000000
x29: 	0x00000000
x30: 	0x00000000
x31: 	0x00000000

0x00000c94	0x00000000	Unkown Instruction 

All Registers: 
x0: 	0x00000000
x1: 	0x00000000
x2: 	0x00000000
x3: 	0x00000000
x4: 	0x00000000
x5: 	0x00000000
x6: 	0x00000000
x7: 	0x00000000
x8: 	0x00000000
x9: 	0x00000000
x10: 	0x00000000
x11: 	0x00000000
x12: 	0x00000000
x13: 	0x00000000
x14: 	0x00000000
x15: 	0x00000000
x16: 	0x00000000
x17: 	0x00000000
x18: 	0x00000000
x19: 	0x00000000
x20: 	0x00000000
x21: 	0x00000000
x22: 	0x00000000
x23: 	0x00000000
x24: 	0x00000000
x25: 	0x00000000
x26: 	0x00000000
x27: 	0x00000000
x28: 	0x00000000
x29: 	0x00000000
x30: 	0x00000000
x31: 	0x00000000

0x00000c98	0x00000000	Unkown Instruction 

All Registers: 
x0: 	0x00000000
x1: 	0x00000000
x2: 	0x00000000
x3: 	0x00000000
x4: 	0x00000000
x5: 	0x00000000
x6: 	0x00000000
x7: 	0x00000000
x8: 	0x00000000
x9: 	0x00000000
x10: 	0x00000000
x11: 	0x00000000
x12: 	0x00000000
x13: 	0x00000000
x14: 	0x00000000
x15: 	0x00000000
x16: 	0x00000000
x17: 	0x00000000
x18: 	0x00000000
x19: 	0x00000000
x20: 	0x00000000
x21: 	0x00000000
x22: 	0x00000000
x23: 	0x00000000
x24: 	0x00000000
x25: 	0x00000000
x26: 	0x00000000
x27: 	0x00000000
x28: 	0x00000000
x29: 	0x00000000
x30: 	0x00000000
x31: 	0x00000000

0x00000c9c	0x00000000	Unkown Instruction 

All Registers: 
x0: 	0x00000000
x1: 	0x00000000
x2: 	0x00000000
x3: 	0x00000000
x4: 	0x00000000
x5: 	0x00000000
x6: 	0x00000000
x7: 	0x00000000
x8: 	0x00000000
x9: 	0x00000000
x10: 	0x00000000
x11: 	0x00000000
x12: 	0x00000000
x13: 	0x00000000
x14: 	0x00000000
x15: 	0x00000000
x16: 	0x00000000
x17: 	0x00000000
x18: 	0x00000000
x19: 	0x00000000
x20: 	0x00000000
x21: 	0x00000000
x22: 	0x00000000
x23: 	0x00000000
x24: 	0x00000000
x25: 	0x00000000
x26: 	0x00000000
x27: 	0x00000000
x28: 	0x00000000
x29: 	0x00000000
x30: 	0x00000000
x31: 	0x00000000

0x00000ca0	0x00000000	Unkown Instruction 

All Registers: 
x0: 	0x00000000
x1: 	0x00000000
x2: 	0x00000000
x3: 	0x00000000
x4: 	0x00000000
x5: 	0x00000000
x6: 	0x00000000
x7: 	0x00000000
x8: 	0x00000000
x9: 	0x00000000
x10: 	0x00000000
x11: 	0x00000000
x12: 	0x00000000
x13: 	0x00000000
x14: 	0x00000000
x15: 	0x00000000
x16: 	0x00000000
x17: 	0x00000000
x18: 	0x00000000
x19: 	0x00000000
x20: 	0x00000000
x21: 	0x00000000
x22: 	0x00000000
x23: 	0x00000000
x24: 	0x00000000
x25: 	0x00000000
x26: 	0x00000000
x27: 	0x00000000
x28: 	0x00000000
x29: 	0x00000000
x30: 	0x00000000
x31: 	0x00000000

0x00000ca4	0x00000000	Unkown Instruction 

All Registers: 
x0: 	0x00000000
x1: 	0x00000000
x2: 	0x00000000
x3: 	0x00000000
x4: 	0x00000000
x5: 	0x00000000
x6: 	0x00000000
x7: 	0x00000000
x8: 	0x00000000
x9: 	0x00000000
x10: 	0x00000000
x11: 	0x00000000
x12: 	0x00000000
x13: 	0x00000000
x14: 	0x00000000
x15: 	0x00000000
x16: 	0x00000000
x17: 	0x00000000
x18: 	0x00000000
x19: 	0x00000000
x20: 	0x00000000
x21: 	0x00000000
x22: 	0x00000000
x23: 	0x00000000
x24: 	0x00000000
x25: 	0x00000000
x26: 	0x00000000
x27: 	0x00000000
x28: 	0x00000000
x29: 	0x00000000
x30: 	0x00000000
x31: 	0x00000000

0x00000ca8	0x00000000	Unkown Instruction 

All Registers: 
x0: 	0x00000000
x1: 	0x00000000
x2: 	0x00000000
x3: 	0x00000000
x4: 	0x00000000
x5: 	0x00000000
x6: 	0x00000000
x7: 	0x00000000
x8: 	0x00000000
x9: 	0x00000000
x10: 	0x00000000
x11: 	0x00000000
x12: 	0x00000000
x13: 	0x00000000
x14: 	0x00000000
x15: 	0x00000000
x16: 	0x00000000
x17: 	0x00000000
x18: 	0x00000000
x19: 	0x00000000
x20: 	0x00000000
x21: 	0x00000000
x22: 	0x00000000
x23: 	0x00000000
x24: 	0x00000000
x25: 	0x00000000
x26: 	0x00000000
x27: 	0x00000000
x28: 	0x00000000
x29: 	0x00000000
x30: 	0x00000000
x31: 	0x00000000

0x00000cac	0x00000000	Unkown Instruction 

All Registers: 
x0: 	0x00000000
x1: 	0x00000000
x2: 	0x00000000
x3: 	0x00000000
x4: 	0x00000000
x5: 	0x00000000
x6: 	0x00000000
x7: 	0x00000000
x8: 	0x00000000
x9: 	0x00000000
x10: 	0x00000000
x11: 	0x00000000
x12: 	0x00000000
x13: 	0x00000000
x14: 	0x00000000
x15: 	0x00000000
x16: 	0x00000000
x17: 	0x00000000
x18: 	0x00000000
x19: 	0x00000000
x20: 	0x00000000
x21: 	0x00000000
x22: 	0x00000000
x23: 	0x00000000
x24: 	0x00000000
x25: 	0x00000000
x26: 	0x00000000
x27: 	0x00000000
x28: 	0x00000000
x29: 	0x00000000
x30: 	0x00000000
x31: 	0x00000000

0x00000cb0	0x00000000	Unkown Instruction 

All Registers: 
x0: 	0x00000000
x1: 	0x00000000
x2: 	0x00000000
x3: 	0x00000000
x4: 	0x00000000
x5: 	0x00000000
x6: 	0x00000000
x7: 	0x00000000
x8: 	0x00000000
x9: 	0x00000000
x10: 	0x00000000
x11: 	0x00000000
x12: 	0x00000000
x13: 	0x00000000
x14: 	0x00000000
x15: 	0x00000000
x16: 	0x00000000
x17: 	0x00000000
x18: 	0x00000000
x19: 	0x00000000
x20: 	0x00000000
x21: 	0x00000000
x22: 	0x00000000
x23: 	0x00000000
x24: 	0x00000000
x25: 	0x00000000
x26: 	0x00000000
x27: 	0x00000000
x28: 	0x00000000
x29: 	0x00000000
x30: 	0x00000000
x31: 	0x00000000

0x00000cb4	0x00000000	Unkown Instruction 

All Registers: 
x0: 	0x00000000
x1: 	0x00000000
x2: 	0x00000000
x3: 	0x00000000
x4: 	0x00000000
x5: 	0x00000000
x6: 	0x00000000
x7: 	0x00000000
x8: 	0x00000000
x9: 	0x00000000
x10: 	0x00000000
x11: 	0x00000000
x12: 	0x00000000
x13: 	0x00000000
x14: 	0x00000000
x15: 	0x00000000
x16: 	0x00000000
x17: 	0x00000000
x18: 	0x00000000
x19: 	0x00000000
x20: 	0x00000000
x21: 	0x00000000
x22: 	0x00000000
x23: 	0x00000000
x24: 	0x00000000
x25: 	0x00000000
x26: 	0x00000000
x27: 	0x00000000
x28: 	0x00000000
x29: 	0x00000000
x30: 	0x00000000
x31: 	0x00000000

0x00000cb8	0x00000000	Unkown Instruction 

All Registers: 
x0: 	0x00000000
x1: 	0x00000000
x2: 	0x00000000
x3: 	0x00000000
x4: 	0x00000000
x5: 	0x00000000
x6: 	0x00000000
x7: 	0x00000000
x8: 	0x00000000
x9: 	0x00000000
x10: 	0x00000000
x11: 	0x00000000
x12: 	0x00000000
x13: 	0x00000000
x14: 	0x00000000
x15: 	0x00000000
x16: 	0x00000000
x17: 	0x00000000
x18: 	0x00000000
x19: 	0x00000000
x20: 	0x00000000
x21: 	0x00000000
x22: 	0x00000000
x23: 	0x00000000
x24: 	0x00000000
x25: 	0x00000000
x26: 	0x00000000
x27: 	0x00000000
x28: 	0x00000000
x29: 	0x00000000
x30: 	0x00000000
x31: 	0x00000000

0x00000cbc	0x00000000	Unkown Instruction 

All Registers: 
x0: 	0x00000000
x1: 	0x00000000
x2: 	0x00000000
x3: 	0x00000000
x4: 	0x00000000
x5: 	0x00000000
x6: 	0x00000000
x7: 	0x00000000
x8: 	0x00000000
x9: 	0x00000000
x10: 	0x00000000
x11: 	0x00000000
x12: 	0x00000000
x13: 	0x00000000
x14: 	0x00000000
x15: 	0x00000000
x16: 	0x00000000
x17: 	0x00000000
x18: 	0x00000000
x19: 	0x00000000
x20: 	0x00000000
x21: 	0x00000000
x22: 	0x00000000
x23: 	0x00000000
x24: 	0x00000000
x25: 	0x00000000
x26: 	0x00000000
x27: 	0x00000000
x28: 	0x00000000
x29: 	0x00000000
x30: 	0x00000000
x31: 	0x00000000

0x00000cc0	0x00000000	Unkown Instruction 

All Registers: 
x0: 	0x00000000
x1: 	0x00000000
x2: 	0x00000000
x3: 	0x00000000
x4: 	0x00000000
x5: 	0x00000000
x6: 	0x00000000
x7: 	0x00000000
x8: 	0x00000000
x9: 	0x00000000
x10: 	0x00000000
x11: 	0x00000000
x12: 	0x00000000
x13: 	0x00000000
x14: 	0x00000000
x15: 	0x00000000
x16: 	0x00000000
x17: 	0x00000000
x18: 	0x00000000
x19: 	0x00000000
x20: 	0x00000000
x21: 	0x00000000
x22: 	0x00000000
x23: 	0x00000000
x24: 	0x00000000
x25: 	0x00000000
x26: 	0x00000000
x27: 	0x00000000
x28: 	0x00000000
x29: 	0x00000000
x30: 	0x00000000
x31: 	0x00000000

0x00000cc4	0x00000000	Unkown Instruction 

All Registers: 
x0: 	0x00000000
x1: 	0x00000000
x2: 	0x00000000
x3: 	0x00000000
x4: 	0x00000000
x5: 	0x00000000
x6: 	0x00000000
x7: 	0x00000000
x8: 	0x00000000
x9: 	0x00000000
x10: 	0x00000000
x11: 	0x00000000
x12: 	0x00000000
x13: 	0x00000000
x14: 	0x00000000
x15: 	0x00000000
x16: 	0x00000000
x17: 	0x00000000
x18: 	0x00000000
x19: 	0x00000000
x20: 	0x00000000
x21: 	0x00000000
x22: 	0x00000000
x23: 	0x00000000
x24: 	0x00000000
x25: 	0x00000000
x26: 	0x00000000
x27: 	0x00000000
x28: 	0x00000000
x29: 	0x00000000
x30: 	0x00000000
x31: 	0x00000000

0x00000cc8	0x00000000	Unkown Instruction 

All Registers: 
x0: 	0x00000000
x1: 	0x00000000
x2: 	0x00000000
x3: 	0x00000000
x4: 	0x00000000
x5: 	0x00000000
x6: 	0x00000000
x7: 	0x00000000
x8: 	0x00000000
x9: 	0x00000000
x10: 	0x00000000
x11: 	0x00000000
x12: 	0x00000000
x13: 	0x00000000
x14: 	0x00000000
x15: 	0x00000000
x16: 	0x00000000
x17: 	0x00000000
x18: 	0x00000000
x19: 	0x00000000
x20: 	0x00000000
x21: 	0x00000000
x22: 	0x00000000
x23: 	0x00000000
x24: 	0x00000000
x25: 	0x00000000
x26: 	0x00000000
x27: 	0x00000000
x28: 	0x00000000
x29: 	0x00000000
x30: 	0x00000000
x31: 	0x00000000

0x00000ccc	0x00000000	Unkown Instruction 

All Registers: 
x0: 	0x00000000
x1: 	0x00000000
x2: 	0x00000000
x3: 	0x00000000
x4: 	0x00000000
x5: 	0x00000000
x6: 	0x00000000
x7: 	0x00000000
x8: 	0x00000000
x9: 	0x00000000
x10: 	0x00000000
x11: 	0x00000000
x12: 	0x00000000
x13: 	0x00000000
x14: 	0x00000000
x15: 	0x00000000
x16: 	0x00000000
x17: 	0x00000000
x18: 	0x00000000
x19: 	0x00000000
x20: 	0x00000000
x21: 	0x00000000
x22: 	0x00000000
x23: 	0x00000000
x24: 	0x00000000
x25: 	0x00000000
x26: 	0x00000000
x27: 	0x00000000
x28: 	0x00000000
x29: 	0x00000000
x30: 	0x00000000
x31: 	0x00000000

0x00000cd0	0x00000000	Unkown Instruction 

All Registers: 
x0: 	0x00000000
x1: 	0x00000000
x2: 	0x00000000
x3: 	0x00000000
x4: 	0x00000000
x5: 	0x00000000
x6: 	0x00000000
x7: 	0x00000000
x8: 	0x00000000
x9: 	0x00000000
x10: 	0x00000000
x11: 	0x00000000
x12: 	0x00000000
x13: 	0x00000000
x14: 	0x00000000
x15: 	0x00000000
x16: 	0x00000000
x17: 	0x00000000
x18: 	0x00000000
x19: 	0x00000000
x20: 	0x00000000
x21: 	0x00000000
x22: 	0x00000000
x23: 	0x00000000
x24: 	0x00000000
x25: 	0x00000000
x26: 	0x00000000
x27: 	0x00000000
x28: 	0x00000000
x29: 	0x00000000
x30: 	0x00000000
x31: 	0x00000000

0x00000cd4	0x00000000	Unkown Instruction 

All Registers: 
x0: 	0x00000000
x1: 	0x00000000
x2: 	0x00000000
x3: 	0x00000000
x4: 	0x00000000
x5: 	0x00000000
x6: 	0x00000000
x7: 	0x00000000
x8: 	0x00000000
x9: 	0x00000000
x10: 	0x00000000
x11: 	0x00000000
x12: 	0x00000000
x13: 	0x00000000
x14: 	0x00000000
x15: 	0x00000000
x16: 	0x00000000
x17: 	0x00000000
x18: 	0x00000000
x19: 	0x00000000
x20: 	0x00000000
x21: 	0x00000000
x22: 	0x00000000
x23: 	0x00000000
x24: 	0x00000000
x25: 	0x00000000
x26: 	0x00000000
x27: 	0x00000000
x28: 	0x00000000
x29: 	0x00000000
x30: 	0x00000000
x31: 	0x00000000

0x00000cd8	0x00000000	Unkown Instruction 

All Registers: 
x0: 	0x00000000
x1: 	0x00000000
x2: 	0x00000000
x3: 	0x00000000
x4: 	0x00000000
x5: 	0x00000000
x6: 	0x00000000
x7: 	0x00000000
x8: 	0x00000000
x9: 	0x00000000
x10: 	0x00000000
x11: 	0x00000000
x12: 	0x00000000
x13: 	0x00000000
x14: 	0x00000000
x15: 	0x00000000
x16: 	0x00000000
x17: 	0x00000000
x18: 	0x00000000
x19: 	0x00000000
x20: 	0x00000000
x21: 	0x00000000
x22: 	0x00000000
x23: 	0x00000000
x24: 	0x00000000
x25: 	0x00000000
x26: 	0x00000000
x27: 	0x00000000
x28: 	0x00000000
x29: 	0x00000000
x30: 	0x00000000
x31: 	0x00000000

0x00000cdc	0x00000000	Unkown Instruction 

All Registers: 
x0: 	0x00000000
x1: 	0x00000000
x2: 	0x00000000
x3: 	0x00000000
x4: 	0x00000000
x5: 	0x00000000
x6: 	0x00000000
x7: 	0x00000000
x8: 	0x00000000
x9: 	0x00000000
x10: 	0x00000000
x11: 	0x00000000
x12: 	0x00000000
x13: 	0x00000000
x14: 	0x00000000
x15: 	0x00000000
x16: 	0x00000000
x17: 	0x00000000
x18: 	0x00000000
x19: 	0x00000000
x20: 	0x00000000
x21: 	0x00000000
x22: 	0x00000000
x23: 	0x00000000
x24: 	0x00000000
x25: 	0x00000000
x26: 	0x00000000
x27: 	0x00000000
x28: 	0x00000000
x29: 	0x00000000
x30: 	0x00000000
x31: 	0x00000000

0x00000ce0	0x00000000	Unkown Instruction 

All Registers: 
x0: 	0x00000000
x1: 	0x00000000
x2: 	0x00000000
x3: 	0x00000000
x4: 	0x00000000
x5: 	0x00000000
x6: 	0x00000000
x7: 	0x00000000
x8: 	0x00000000
x9: 	0x00000000
x10: 	0x00000000
x11: 	0x00000000
x12: 	0x00000000
x13: 	0x00000000
x14: 	0x00000000
x15: 	0x00000000
x16: 	0x00000000
x17: 	0x00000000
x18: 	0x00000000
x19: 	0x00000000
x20: 	0x00000000
x21: 	0x00000000
x22: 	0x00000000
x23: 	0x00000000
x24: 	0x00000000
x25: 	0x00000000
x26: 	0x00000000
x27: 	0x00000000
x28: 	0x00000000
x29: 	0x00000000
x30: 	0x00000000
x31: 	0x00000000

0x00000ce4	0x00000000	Unkown Instruction 

All Registers: 
x0: 	0x00000000
x1: 	0x00000000
x2: 	0x00000000
x3: 	0x00000000
x4: 	0x00000000
x5: 	0x00000000
x6: 	0x00000000
x7: 	0x00000000
x8: 	0x00000000
x9: 	0x00000000
x10: 	0x00000000
x11: 	0x00000000
x12: 	0x00000000
x13: 	0x00000000
x14: 	0x00000000
x15: 	0x00000000
x16: 	0x00000000
x17: 	0x00000000
x18: 	0x00000000
x19: 	0x00000000
x20: 	0x00000000
x21: 	0x00000000
x22: 	0x00000000
x23: 	0x00000000
x24: 	0x00000000
x25: 	0x00000000
x26: 	0x00000000
x27: 	0x00000000
x28: 	0x00000000
x29: 	0x00000000
x30: 	0x00000000
x31: 	0x00000000

0x00000ce8	0x00000000	Unkown Instruction 

All Registers: 
x0: 	0x00000000
x1: 	0x00000000
x2: 	0x00000000
x3: 	0x00000000
x4: 	0x00000000
x5: 	0x00000000
x6: 	0x00000000
x7: 	0x00000000
x8: 	0x00000000
x9: 	0x00000000
x10: 	0x00000000
x11: 	0x00000000
x12: 	0x00000000
x13: 	0x00000000
x14: 	0x00000000
x15: 	0x00000000
x16: 	0x00000000
x17: 	0x00000000
x18: 	0x00000000
x19: 	0x00000000
x20: 	0x00000000
x21: 	0x00000000
x22: 	0x00000000
x23: 	0x00000000
x24: 	0x00000000
x25: 	0x00000000
x26: 	0x00000000
x27: 	0x00000000
x28: 	0x00000000
x29: 	0x00000000
x30: 	0x00000000
x31: 	0x00000000

0x00000cec	0x00000000	Unkown Instruction 

All Registers: 
x0: 	0x00000000
x1: 	0x00000000
x2: 	0x00000000
x3: 	0x00000000
x4: 	0x00000000
x5: 	0x00000000
x6: 	0x00000000
x7: 	0x00000000
x8: 	0x00000000
x9: 	0x00000000
x10: 	0x00000000
x11: 	0x00000000
x12: 	0x00000000
x13: 	0x00000000
x14: 	0x00000000
x15: 	0x00000000
x16: 	0x00000000
x17: 	0x00000000
x18: 	0x00000000
x19: 	0x00000000
x20: 	0x00000000
x21: 	0x00000000
x22: 	0x00000000
x23: 	0x00000000
x24: 	0x00000000
x25: 	0x00000000
x26: 	0x00000000
x27: 	0x00000000
x28: 	0x00000000
x29: 	0x00000000
x30: 	0x00000000
x31: 	0x00000000

0x00000cf0	0x00000000	Unkown Instruction 

All Registers: 
x0: 	0x00000000
x1: 	0x00000000
x2: 	0x00000000
x3: 	0x00000000
x4: 	0x00000000
x5: 	0x00000000
x6: 	0x00000000
x7: 	0x00000000
x8: 	0x00000000
x9: 	0x00000000
x10: 	0x00000000
x11: 	0x00000000
x12: 	0x00000000
x13: 	0x00000000
x14: 	0x00000000
x15: 	0x00000000
x16: 	0x00000000
x17: 	0x00000000
x18: 	0x00000000
x19: 	0x00000000
x20: 	0x00000000
x21: 	0x00000000
x22: 	0x00000000
x23: 	0x00000000
x24: 	0x00000000
x25: 	0x00000000
x26: 	0x00000000
x27: 	0x00000000
x28: 	0x00000000
x29: 	0x00000000
x30: 	0x00000000
x31: 	0x00000000

0x00000cf4	0x00000000	Unkown Instruction 

All Registers: 
x0: 	0x00000000
x1: 	0x00000000
x2: 	0x00000000
x3: 	0x00000000
x4: 	0x00000000
x5: 	0x00000000
x6: 	0x00000000
x7: 	0x00000000
x8: 	0x00000000
x9: 	0x00000000
x10: 	0x00000000
x11: 	0x00000000
x12: 	0x00000000
x13: 	0x00000000
x14: 	0x00000000
x15: 	0x00000000
x16: 	0x00000000
x17: 	0x00000000
x18: 	0x00000000
x19: 	0x00000000
x20: 	0x00000000
x21: 	0x00000000
x22: 	0x00000000
x23: 	0x00000000
x24: 	0x00000000
x25: 	0x00000000
x26: 	0x00000000
x27: 	0x00000000
x28: 	0x00000000
x29: 	0x00000000
x30: 	0x00000000
x31: 	0x00000000

0x00000cf8	0x00000000	Unkown Instruction 

All Registers: 
x0: 	0x00000000
x1: 	0x00000000
x2: 	0x00000000
x3: 	0x00000000
x4: 	0x00000000
x5: 	0x00000000
x6: 	0x00000000
x7: 	0x00000000
x8: 	0x00000000
x9: 	0x00000000
x10: 	0x00000000
x11: 	0x00000000
x12: 	0x00000000
x13: 	0x00000000
x14: 	0x00000000
x15: 	0x00000000
x16: 	0x00000000
x17: 	0x00000000
x18: 	0x00000000
x19: 	0x00000000
x20: 	0x00000000
x21: 	0x00000000
x22: 	0x00000000
x23: 	0x00000000
x24: 	0x00000000
x25: 	0x00000000
x26: 	0x00000000
x27: 	0x00000000
x28: 	0x00000000
x29: 	0x00000000
x30: 	0x00000000
x31: 	0x00000000

0x00000cfc	0x00000000	Unkown Instruction 

All Registers: 
x0: 	0x00000000
x1: 	0x00000000
x2: 	0x00000000
x3: 	0x00000000
x4: 	0x00000000
x5: 	0x00000000
x6: 	0x00000000
x7: 	0x00000000
x8: 	0x00000000
x9: 	0x00000000
x10: 	0x00000000
x11: 	0x00000000
x12: 	0x00000000
x13: 	0x00000000
x14: 	0x00000000
x15: 	0x00000000
x16: 	0x00000000
x17: 	0x00000000
x18: 	0x00000000
x19: 	0x00000000
x20: 	0x00000000
x21: 	0x00000000
x22: 	0x00000000
x23: 	0x00000000
x24: 	0x00000000
x25: 	0x00000000
x26: 	0x00000000
x27: 	0x00000000
x28: 	0x00000000
x29: 	0x00000000
x30: 	0x00000000
x31: 	0x00000000

0x00000d00	0x00000000	Unkown Instruction 

All Registers: 
x0: 	0x00000000
x1: 	0x00000000
x2: 	0x00000000
x3: 	0x00000000
x4: 	0x00000000
x5: 	0x00000000
x6: 	0x00000000
x7: 	0x00000000
x8: 	0x00000000
x9: 	0x00000000
x10: 	0x00000000
x11: 	0x00000000
x12: 	0x00000000
x13: 	0x00000000
x14: 	0x00000000
x15: 	0x00000000
x16: 	0x00000000
x17: 	0x00000000
x18: 	0x00000000
x19: 	0x00000000
x20: 	0x00000000
x21: 	0x00000000
x22: 	0x00000000
x23: 	0x00000000
x24: 	0x00000000
x25: 	0x00000000
x26: 	0x00000000
x27: 	0x00000000
x28: 	0x00000000
x29: 	0x00000000
x30: 	0x00000000
x31: 	0x00000000

0x00000d04	0x00000000	Unkown Instruction 

All Registers: 
x0: 	0x00000000
x1: 	0x00000000
x2: 	0x00000000
x3: 	0x00000000
x4: 	0x00000000
x5: 	0x00000000
x6: 	0x00000000
x7: 	0x00000000
x8: 	0x00000000
x9: 	0x00000000
x10: 	0x00000000
x11: 	0x00000000
x12: 	0x00000000
x13: 	0x00000000
x14: 	0x00000000
x15: 	0x00000000
x16: 	0x00000000
x17: 	0x00000000
x18: 	0x00000000
x19: 	0x00000000
x20: 	0x00000000
x21: 	0x00000000
x22: 	0x00000000
x23: 	0x00000000
x24: 	0x00000000
x25: 	0x00000000
x26: 	0x00000000
x27: 	0x00000000
x28: 	0x00000000
x29: 	0x00000000
x30: 	0x00000000
x31: 	0x00000000

0x00000d08	0x00000000	Unkown Instruction 

All Registers: 
x0: 	0x00000000
x1: 	0x00000000
x2: 	0x00000000
x3: 	0x00000000
x4: 	0x00000000
x5: 	0x00000000
x6: 	0x00000000
x7: 	0x00000000
x8: 	0x00000000
x9: 	0x00000000
x10: 	0x00000000
x11: 	0x00000000
x12: 	0x00000000
x13: 	0x00000000
x14: 	0x00000000
x15: 	0x00000000
x16: 	0x00000000
x17: 	0x00000000
x18: 	0x00000000
x19: 	0x00000000
x20: 	0x00000000
x21: 	0x00000000
x22: 	0x00000000
x23: 	0x00000000
x24: 	0x00000000
x25: 	0x00000000
x26: 	0x00000000
x27: 	0x00000000
x28: 	0x00000000
x29: 	0x00000000
x30: 	0x00000000
x31: 	0x00000000

0x00000d0c	0x00000000	Unkown Instruction 

All Registers: 
x0: 	0x00000000
x1: 	0x00000000
x2: 	0x00000000
x3: 	0x00000000
x4: 	0x00000000
x5: 	0x00000000
x6: 	0x00000000
x7: 	0x00000000
x8: 	0x00000000
x9: 	0x00000000
x10: 	0x00000000
x11: 	0x00000000
x12: 	0x00000000
x13: 	0x00000000
x14: 	0x00000000
x15: 	0x00000000
x16: 	0x00000000
x17: 	0x00000000
x18: 	0x00000000
x19: 	0x00000000
x20: 	0x00000000
x21: 	0x00000000
x22: 	0x00000000
x23: 	0x00000000
x24: 	0x00000000
x25: 	0x00000000
x26: 	0x00000000
x27: 	0x00000000
x28: 	0x00000000
x29: 	0x00000000
x30: 	0x00000000
x31: 	0x00000000

0x00000d10	0x00000000	Unkown Instruction 

All Registers: 
x0: 	0x00000000
x1: 	0x00000000
x2: 	0x00000000
x3: 	0x00000000
x4: 	0x00000000
x5: 	0x00000000
x6: 	0x00000000
x7: 	0x00000000
x8: 	0x00000000
x9: 	0x00000000
x10: 	0x00000000
x11: 	0x00000000
x12: 	0x00000000
x13: 	0x00000000
x14: 	0x00000000
x15: 	0x00000000
x16: 	0x00000000
x17: 	0x00000000
x18: 	0x00000000
x19: 	0x00000000
x20: 	0x00000000
x21: 	0x00000000
x22: 	0x00000000
x23: 	0x00000000
x24: 	0x00000000
x25: 	0x00000000
x26: 	0x00000000
x27: 	0x00000000
x28: 	0x00000000
x29: 	0x00000000
x30: 	0x00000000
x31: 	0x00000000

0x00000d14	0x00000000	Unkown Instruction 

All Registers: 
x0: 	0x00000000
x1: 	0x00000000
x2: 	0x00000000
x3: 	0x00000000
x4: 	0x00000000
x5: 	0x00000000
x6: 	0x00000000
x7: 	0x00000000
x8: 	0x00000000
x9: 	0x00000000
x10: 	0x00000000
x11: 	0x00000000
x12: 	0x00000000
x13: 	0x00000000
x14: 	0x00000000
x15: 	0x00000000
x16: 	0x00000000
x17: 	0x00000000
x18: 	0x00000000
x19: 	0x00000000
x20: 	0x00000000
x21: 	0x00000000
x22: 	0x00000000
x23: 	0x00000000
x24: 	0x00000000
x25: 	0x00000000
x26: 	0x00000000
x27: 	0x00000000
x28: 	0x00000000
x29: 	0x00000000
x30: 	0x00000000
x31: 	0x00000000

0x00000d18	0x00000000	Unkown Instruction 

All Registers: 
x0: 	0x00000000
x1: 	0x00000000
x2: 	0x00000000
x3: 	0x00000000
x4: 	0x00000000
x5: 	0x00000000
x6: 	0x00000000
x7: 	0x00000000
x8: 	0x00000000
x9: 	0x00000000
x10: 	0x00000000
x11: 	0x00000000
x12: 	0x00000000
x13: 	0x00000000
x14: 	0x00000000
x15: 	0x00000000
x16: 	0x00000000
x17: 	0x00000000
x18: 	0x00000000
x19: 	0x00000000
x20: 	0x00000000
x21: 	0x00000000
x22: 	0x00000000
x23: 	0x00000000
x24: 	0x00000000
x25: 	0x00000000
x26: 	0x00000000
x27: 	0x00000000
x28: 	0x00000000
x29: 	0x00000000
x30: 	0x00000000
x31: 	0x00000000

0x00000d1c	0x00000000	Unkown Instruction 

All Registers: 
x0: 	0x00000000
x1: 	0x00000000
x2: 	0x00000000
x3: 	0x00000000
x4: 	0x00000000
x5: 	0x00000000
x6: 	0x00000000
x7: 	0x00000000
x8: 	0x00000000
x9: 	0x00000000
x10: 	0x00000000
x11: 	0x00000000
x12: 	0x00000000
x13: 	0x00000000
x14: 	0x00000000
x15: 	0x00000000
x16: 	0x00000000
x17: 	0x00000000
x18: 	0x00000000
x19: 	0x00000000
x20: 	0x00000000
x21: 	0x00000000
x22: 	0x00000000
x23: 	0x00000000
x24: 	0x00000000
x25: 	0x00000000
x26: 	0x00000000
x27: 	0x00000000
x28: 	0x00000000
x29: 	0x00000000
x30: 	0x00000000
x31: 	0x00000000

0x00000d20	0x00000000	Unkown Instruction 

All Registers: 
x0: 	0x00000000
x1: 	0x00000000
x2: 	0x00000000
x3: 	0x00000000
x4: 	0x00000000
x5: 	0x00000000
x6: 	0x00000000
x7: 	0x00000000
x8: 	0x00000000
x9: 	0x00000000
x10: 	0x00000000
x11: 	0x00000000
x12: 	0x00000000
x13: 	0x00000000
x14: 	0x00000000
x15: 	0x00000000
x16: 	0x00000000
x17: 	0x00000000
x18: 	0x00000000
x19: 	0x00000000
x20: 	0x00000000
x21: 	0x00000000
x22: 	0x00000000
x23: 	0x00000000
x24: 	0x00000000
x25: 	0x00000000
x26: 	0x00000000
x27: 	0x00000000
x28: 	0x00000000
x29: 	0x00000000
x30: 	0x00000000
x31: 	0x00000000

0x00000d24	0x00000000	Unkown Instruction 

All Registers: 
x0: 	0x00000000
x1: 	0x00000000
x2: 	0x00000000
x3: 	0x00000000
x4: 	0x00000000
x5: 	0x00000000
x6: 	0x00000000
x7: 	0x00000000
x8: 	0x00000000
x9: 	0x00000000
x10: 	0x00000000
x11: 	0x00000000
x12: 	0x00000000
x13: 	0x00000000
x14: 	0x00000000
x15: 	0x00000000
x16: 	0x00000000
x17: 	0x00000000
x18: 	0x00000000
x19: 	0x00000000
x20: 	0x00000000
x21: 	0x00000000
x22: 	0x00000000
x23: 	0x00000000
x24: 	0x00000000
x25: 	0x00000000
x26: 	0x00000000
x27: 	0x00000000
x28: 	0x00000000
x29: 	0x00000000
x30: 	0x00000000
x31: 	0x00000000

0x00000d28	0x00000000	Unkown Instruction 

All Registers: 
x0: 	0x00000000
x1: 	0x00000000
x2: 	0x00000000
x3: 	0x00000000
x4: 	0x00000000
x5: 	0x00000000
x6: 	0x00000000
x7: 	0x00000000
x8: 	0x00000000
x9: 	0x00000000
x10: 	0x00000000
x11: 	0x00000000
x12: 	0x00000000
x13: 	0x00000000
x14: 	0x00000000
x15: 	0x00000000
x16: 	0x00000000
x17: 	0x00000000
x18: 	0x00000000
x19: 	0x00000000
x20: 	0x00000000
x21: 	0x00000000
x22: 	0x00000000
x23: 	0x00000000
x24: 	0x00000000
x25: 	0x00000000
x26: 	0x00000000
x27: 	0x00000000
x28: 	0x00000000
x29: 	0x00000000
x30: 	0x00000000
x31: 	0x00000000

0x00000d2c	0x00000000	Unkown Instruction 

All Registers: 
x0: 	0x00000000
x1: 	0x00000000
x2: 	0x00000000
x3: 	0x00000000
x4: 	0x00000000
x5: 	0x00000000
x6: 	0x00000000
x7: 	0x00000000
x8: 	0x00000000
x9: 	0x00000000
x10: 	0x00000000
x11: 	0x00000000
x12: 	0x00000000
x13: 	0x00000000
x14: 	0x00000000
x15: 	0x00000000
x16: 	0x00000000
x17: 	0x00000000
x18: 	0x00000000
x19: 	0x00000000
x20: 	0x00000000
x21: 	0x00000000
x22: 	0x00000000
x23: 	0x00000000
x24: 	0x00000000
x25: 	0x00000000
x26: 	0x00000000
x27: 	0x00000000
x28: 	0x00000000
x29: 	0x00000000
x30: 	0x00000000
x31: 	0x00000000

0x00000d30	0x00000000	Unkown Instruction 

All Registers: 
x0: 	0x00000000
x1: 	0x00000000
x2: 	0x00000000
x3: 	0x00000000
x4: 	0x00000000
x5: 	0x00000000
x6: 	0x00000000
x7: 	0x00000000
x8: 	0x00000000
x9: 	0x00000000
x10: 	0x00000000
x11: 	0x00000000
x12: 	0x00000000
x13: 	0x00000000
x14: 	0x00000000
x15: 	0x00000000
x16: 	0x00000000
x17: 	0x00000000
x18: 	0x00000000
x19: 	0x00000000
x20: 	0x00000000
x21: 	0x00000000
x22: 	0x00000000
x23: 	0x00000000
x24: 	0x00000000
x25: 	0x00000000
x26: 	0x00000000
x27: 	0x00000000
x28: 	0x00000000
x29: 	0x00000000
x30: 	0x00000000
x31: 	0x00000000

0x00000d34	0x00000000	Unkown Instruction 

All Registers: 
x0: 	0x00000000
x1: 	0x00000000
x2: 	0x00000000
x3: 	0x00000000
x4: 	0x00000000
x5: 	0x00000000
x6: 	0x00000000
x7: 	0x00000000
x8: 	0x00000000
x9: 	0x00000000
x10: 	0x00000000
x11: 	0x00000000
x12: 	0x00000000
x13: 	0x00000000
x14: 	0x00000000
x15: 	0x00000000
x16: 	0x00000000
x17: 	0x00000000
x18: 	0x00000000
x19: 	0x00000000
x20: 	0x00000000
x21: 	0x00000000
x22: 	0x00000000
x23: 	0x00000000
x24: 	0x00000000
x25: 	0x00000000
x26: 	0x00000000
x27: 	0x00000000
x28: 	0x00000000
x29: 	0x00000000
x30: 	0x00000000
x31: 	0x00000000

0x00000d38	0x00000000	Unkown Instruction 

All Registers: 
x0: 	0x00000000
x1: 	0x00000000
x2: 	0x00000000
x3: 	0x00000000
x4: 	0x00000000
x5: 	0x00000000
x6: 	0x00000000
x7: 	0x00000000
x8: 	0x00000000
x9: 	0x00000000
x10: 	0x00000000
x11: 	0x00000000
x12: 	0x00000000
x13: 	0x00000000
x14: 	0x00000000
x15: 	0x00000000
x16: 	0x00000000
x17: 	0x00000000
x18: 	0x00000000
x19: 	0x00000000
x20: 	0x00000000
x21: 	0x00000000
x22: 	0x00000000
x23: 	0x00000000
x24: 	0x00000000
x25: 	0x00000000
x26: 	0x00000000
x27: 	0x00000000
x28: 	0x00000000
x29: 	0x00000000
x30: 	0x00000000
x31: 	0x00000000

0x00000d3c	0x00000000	Unkown Instruction 

All Registers: 
x0: 	0x00000000
x1: 	0x00000000
x2: 	0x00000000
x3: 	0x00000000
x4: 	0x00000000
x5: 	0x00000000
x6: 	0x00000000
x7: 	0x00000000
x8: 	0x00000000
x9: 	0x00000000
x10: 	0x00000000
x11: 	0x00000000
x12: 	0x00000000
x13: 	0x00000000
x14: 	0x00000000
x15: 	0x00000000
x16: 	0x00000000
x17: 	0x00000000
x18: 	0x00000000
x19: 	0x00000000
x20: 	0x00000000
x21: 	0x00000000
x22: 	0x00000000
x23: 	0x00000000
x24: 	0x00000000
x25: 	0x00000000
x26: 	0x00000000
x27: 	0x00000000
x28: 	0x00000000
x29: 	0x00000000
x30: 	0x00000000
x31: 	0x00000000

0x00000d40	0x00000000	Unkown Instruction 

All Registers: 
x0: 	0x00000000
x1: 	0x00000000
x2: 	0x00000000
x3: 	0x00000000
x4: 	0x00000000
x5: 	0x00000000
x6: 	0x00000000
x7: 	0x00000000
x8: 	0x00000000
x9: 	0x00000000
x10: 	0x00000000
x11: 	0x00000000
x12: 	0x00000000
x13: 	0x00000000
x14: 	0x00000000
x15: 	0x00000000
x16: 	0x00000000
x17: 	0x00000000
x18: 	0x00000000
x19: 	0x00000000
x20: 	0x00000000
x21: 	0x00000000
x22: 	0x00000000
x23: 	0x00000000
x24: 	0x00000000
x25: 	0x00000000
x26: 	0x00000000
x27: 	0x00000000
x28: 	0x00000000
x29: 	0x00000000
x30: 	0x00000000
x31: 	0x00000000

0x00000d44	0x00000000	Unkown Instruction 

All Registers: 
x0: 	0x00000000
x1: 	0x00000000
x2: 	0x00000000
x3: 	0x00000000
x4: 	0x00000000
x5: 	0x00000000
x6: 	0x00000000
x7: 	0x00000000
x8: 	0x00000000
x9: 	0x00000000
x10: 	0x00000000
x11: 	0x00000000
x12: 	0x00000000
x13: 	0x00000000
x14: 	0x00000000
x15: 	0x00000000
x16: 	0x00000000
x17: 	0x00000000
x18: 	0x00000000
x19: 	0x00000000
x20: 	0x00000000
x21: 	0x00000000
x22: 	0x00000000
x23: 	0x00000000
x24: 	0x00000000
x25: 	0x00000000
x26: 	0x00000000
x27: 	0x00000000
x28: 	0x00000000
x29: 	0x00000000
x30: 	0x00000000
x31: 	0x00000000

0x00000d48	0x00000000	Unkown Instruction 

All Registers: 
x0: 	0x00000000
x1: 	0x00000000
x2: 	0x00000000
x3: 	0x00000000
x4: 	0x00000000
x5: 	0x00000000
x6: 	0x00000000
x7: 	0x00000000
x8: 	0x00000000
x9: 	0x00000000
x10: 	0x00000000
x11: 	0x00000000
x12: 	0x00000000
x13: 	0x00000000
x14: 	0x00000000
x15: 	0x00000000
x16: 	0x00000000
x17: 	0x00000000
x18: 	0x00000000
x19: 	0x00000000
x20: 	0x00000000
x21: 	0x00000000
x22: 	0x00000000
x23: 	0x00000000
x24: 	0x00000000
x25: 	0x00000000
x26: 	0x00000000
x27: 	0x00000000
x28: 	0x00000000
x29: 	0x00000000
x30: 	0x00000000
x31: 	0x00000000

0x00000d4c	0x00000000	Unkown Instruction 

All Registers: 
x0: 	0x00000000
x1: 	0x00000000
x2: 	0x00000000
x3: 	0x00000000
x4: 	0x00000000
x5: 	0x00000000
x6: 	0x00000000
x7: 	0x00000000
x8: 	0x00000000
x9: 	0x00000000
x10: 	0x00000000
x11: 	0x00000000
x12: 	0x00000000
x13: 	0x00000000
x14: 	0x00000000
x15: 	0x00000000
x16: 	0x00000000
x17: 	0x00000000
x18: 	0x00000000
x19: 	0x00000000
x20: 	0x00000000
x21: 	0x00000000
x22: 	0x00000000
x23: 	0x00000000
x24: 	0x00000000
x25: 	0x00000000
x26: 	0x00000000
x27: 	0x00000000
x28: 	0x00000000
x29: 	0x00000000
x30: 	0x00000000
x31: 	0x00000000

0x00000d50	0x00000000	Unkown Instruction 

All Registers: 
x0: 	0x00000000
x1: 	0x00000000
x2: 	0x00000000
x3: 	0x00000000
x4: 	0x00000000
x5: 	0x00000000
x6: 	0x00000000
x7: 	0x00000000
x8: 	0x00000000
x9: 	0x00000000
x10: 	0x00000000
x11: 	0x00000000
x12: 	0x00000000
x13: 	0x00000000
x14: 	0x00000000
x15: 	0x00000000
x16: 	0x00000000
x17: 	0x00000000
x18: 	0x00000000
x19: 	0x00000000
x20: 	0x00000000
x21: 	0x00000000
x22: 	0x00000000
x23: 	0x00000000
x24: 	0x00000000
x25: 	0x00000000
x26: 	0x00000000
x27: 	0x00000000
x28: 	0x00000000
x29: 	0x00000000
x30: 	0x00000000
x31: 	0x00000000

0x00000d54	0x00000000	Unkown Instruction 

All Registers: 
x0: 	0x00000000
x1: 	0x00000000
x2: 	0x00000000
x3: 	0x00000000
x4: 	0x00000000
x5: 	0x00000000
x6: 	0x00000000
x7: 	0x00000000
x8: 	0x00000000
x9: 	0x00000000
x10: 	0x00000000
x11: 	0x00000000
x12: 	0x00000000
x13: 	0x00000000
x14: 	0x00000000
x15: 	0x00000000
x16: 	0x00000000
x17: 	0x00000000
x18: 	0x00000000
x19: 	0x00000000
x20: 	0x00000000
x21: 	0x00000000
x22: 	0x00000000
x23: 	0x00000000
x24: 	0x00000000
x25: 	0x00000000
x26: 	0x00000000
x27: 	0x00000000
x28: 	0x00000000
x29: 	0x00000000
x30: 	0x00000000
x31: 	0x00000000

0x00000d58	0x00000000	Unkown Instruction 

All Registers: 
x0: 	0x00000000
x1: 	0x00000000
x2: 	0x00000000
x3: 	0x00000000
x4: 	0x00000000
x5: 	0x00000000
x6: 	0x00000000
x7: 	0x00000000
x8: 	0x00000000
x9: 	0x00000000
x10: 	0x00000000
x11: 	0x00000000
x12: 	0x00000000
x13: 	0x00000000
x14: 	0x00000000
x15: 	0x00000000
x16: 	0x00000000
x17: 	0x00000000
x18: 	0x00000000
x19: 	0x00000000
x20: 	0x00000000
x21: 	0x00000000
x22: 	0x00000000
x23: 	0x00000000
x24: 	0x00000000
x25: 	0x00000000
x26: 	0x00000000
x27: 	0x00000000
x28: 	0x00000000
x29: 	0x00000000
x30: 	0x00000000
x31: 	0x00000000

0x00000d5c	0x00000000	Unkown Instruction 

All Registers: 
x0: 	0x00000000
x1: 	0x00000000
x2: 	0x00000000
x3: 	0x00000000
x4: 	0x00000000
x5: 	0x00000000
x6: 	0x00000000
x7: 	0x00000000
x8: 	0x00000000
x9: 	0x00000000
x10: 	0x00000000
x11: 	0x00000000
x12: 	0x00000000
x13: 	0x00000000
x14: 	0x00000000
x15: 	0x00000000
x16: 	0x00000000
x17: 	0x00000000
x18: 	0x00000000
x19: 	0x00000000
x20: 	0x00000000
x21: 	0x00000000
x22: 	0x00000000
x23: 	0x00000000
x24: 	0x00000000
x25: 	0x00000000
x26: 	0x00000000
x27: 	0x00000000
x28: 	0x00000000
x29: 	0x00000000
x30: 	0x00000000
x31: 	0x00000000

0x00000d60	0x00000000	Unkown Instruction 

All Registers: 
x0: 	0x00000000
x1: 	0x00000000
x2: 	0x00000000
x3: 	0x00000000
x4: 	0x00000000
x5: 	0x00000000
x6: 	0x00000000
x7: 	0x00000000
x8: 	0x00000000
x9: 	0x00000000
x10: 	0x00000000
x11: 	0x00000000
x12: 	0x00000000
x13: 	0x00000000
x14: 	0x00000000
x15: 	0x00000000
x16: 	0x00000000
x17: 	0x00000000
x18: 	0x00000000
x19: 	0x00000000
x20: 	0x00000000
x21: 	0x00000000
x22: 	0x00000000
x23: 	0x00000000
x24: 	0x00000000
x25: 	0x00000000
x26: 	0x00000000
x27: 	0x00000000
x28: 	0x00000000
x29: 	0x00000000
x30: 	0x00000000
x31: 	0x00000000

0x00000d64	0x00000000	Unkown Instruction 

All Registers: 
x0: 	0x00000000
x1: 	0x00000000
x2: 	0x00000000
x3: 	0x00000000
x4: 	0x00000000
x5: 	0x00000000
x6: 	0x00000000
x7: 	0x00000000
x8: 	0x00000000
x9: 	0x00000000
x10: 	0x00000000
x11: 	0x00000000
x12: 	0x00000000
x13: 	0x00000000
x14: 	0x00000000
x15: 	0x00000000
x16: 	0x00000000
x17: 	0x00000000
x18: 	0x00000000
x19: 	0x00000000
x20: 	0x00000000
x21: 	0x00000000
x22: 	0x00000000
x23: 	0x00000000
x24: 	0x00000000
x25: 	0x00000000
x26: 	0x00000000
x27: 	0x00000000
x28: 	0x00000000
x29: 	0x00000000
x30: 	0x00000000
x31: 	0x00000000

0x00000d68	0x00000000	Unkown Instruction 

All Registers: 
x0: 	0x00000000
x1: 	0x00000000
x2: 	0x00000000
x3: 	0x00000000
x4: 	0x00000000
x5: 	0x00000000
x6: 	0x00000000
x7: 	0x00000000
x8: 	0x00000000
x9: 	0x00000000
x10: 	0x00000000
x11: 	0x00000000
x12: 	0x00000000
x13: 	0x00000000
x14: 	0x00000000
x15: 	0x00000000
x16: 	0x00000000
x17: 	0x00000000
x18: 	0x00000000
x19: 	0x00000000
x20: 	0x00000000
x21: 	0x00000000
x22: 	0x00000000
x23: 	0x00000000
x24: 	0x00000000
x25: 	0x00000000
x26: 	0x00000000
x27: 	0x00000000
x28: 	0x00000000
x29: 	0x00000000
x30: 	0x00000000
x31: 	0x00000000

0x00000d6c	0x00000000	Unkown Instruction 

All Registers: 
x0: 	0x00000000
x1: 	0x00000000
x2: 	0x00000000
x3: 	0x00000000
x4: 	0x00000000
x5: 	0x00000000
x6: 	0x00000000
x7: 	0x00000000
x8: 	0x00000000
x9: 	0x00000000
x10: 	0x00000000
x11: 	0x00000000
x12: 	0x00000000
x13: 	0x00000000
x14: 	0x00000000
x15: 	0x00000000
x16: 	0x00000000
x17: 	0x00000000
x18: 	0x00000000
x19: 	0x00000000
x20: 	0x00000000
x21: 	0x00000000
x22: 	0x00000000
x23: 	0x00000000
x24: 	0x00000000
x25: 	0x00000000
x26: 	0x00000000
x27: 	0x00000000
x28: 	0x00000000
x29: 	0x00000000
x30: 	0x00000000
x31: 	0x00000000

0x00000d70	0x00000000	Unkown Instruction 

All Registers: 
x0: 	0x00000000
x1: 	0x00000000
x2: 	0x00000000
x3: 	0x00000000
x4: 	0x00000000
x5: 	0x00000000
x6: 	0x00000000
x7: 	0x00000000
x8: 	0x00000000
x9: 	0x00000000
x10: 	0x00000000
x11: 	0x00000000
x12: 	0x00000000
x13: 	0x00000000
x14: 	0x00000000
x15: 	0x00000000
x16: 	0x00000000
x17: 	0x00000000
x18: 	0x00000000
x19: 	0x00000000
x20: 	0x00000000
x21: 	0x00000000
x22: 	0x00000000
x23: 	0x00000000
x24: 	0x00000000
x25: 	0x00000000
x26: 	0x00000000
x27: 	0x00000000
x28: 	0x00000000
x29: 	0x00000000
x30: 	0x00000000
x31: 	0x00000000

0x00000d74	0x00000000	Unkown Instruction 

All Registers: 
x0: 	0x00000000
x1: 	0x00000000
x2: 	0x00000000
x3: 	0x00000000
x4: 	0x00000000
x5: 	0x00000000
x6: 	0x00000000
x7: 	0x00000000
x8: 	0x00000000
x9: 	0x00000000
x10: 	0x00000000
x11: 	0x00000000
x12: 	0x00000000
x13: 	0x00000000
x14: 	0x00000000
x15: 	0x00000000
x16: 	0x00000000
x17: 	0x00000000
x18: 	0x00000000
x19: 	0x00000000
x20: 	0x00000000
x21: 	0x00000000
x22: 	0x00000000
x23: 	0x00000000
x24: 	0x00000000
x25: 	0x00000000
x26: 	0x00000000
x27: 	0x00000000
x28: 	0x00000000
x29: 	0x00000000
x30: 	0x00000000
x31: 	0x00000000

0x00000d78	0x00000000	Unkown Instruction 

All Registers: 
x0: 	0x00000000
x1: 	0x00000000
x2: 	0x00000000
x3: 	0x00000000
x4: 	0x00000000
x5: 	0x00000000
x6: 	0x00000000
x7: 	0x00000000
x8: 	0x00000000
x9: 	0x00000000
x10: 	0x00000000
x11: 	0x00000000
x12: 	0x00000000
x13: 	0x00000000
x14: 	0x00000000
x15: 	0x00000000
x16: 	0x00000000
x17: 	0x00000000
x18: 	0x00000000
x19: 	0x00000000
x20: 	0x00000000
x21: 	0x00000000
x22: 	0x00000000
x23: 	0x00000000
x24: 	0x00000000
x25: 	0x00000000
x26: 	0x00000000
x27: 	0x00000000
x28: 	0x00000000
x29: 	0x00000000
x30: 	0x00000000
x31: 	0x00000000

0x00000d7c	0x00000000	Unkown Instruction 

All Registers: 
x0: 	0x00000000
x1: 	0x00000000
x2: 	0x00000000
x3: 	0x00000000
x4: 	0x00000000
x5: 	0x00000000
x6: 	0x00000000
x7: 	0x00000000
x8: 	0x00000000
x9: 	0x00000000
x10: 	0x00000000
x11: 	0x00000000
x12: 	0x00000000
x13: 	0x00000000
x14: 	0x00000000
x15: 	0x00000000
x16: 	0x00000000
x17: 	0x00000000
x18: 	0x00000000
x19: 	0x00000000
x20: 	0x00000000
x21: 	0x00000000
x22: 	0x00000000
x23: 	0x00000000
x24: 	0x00000000
x25: 	0x00000000
x26: 	0x00000000
x27: 	0x00000000
x28: 	0x00000000
x29: 	0x00000000
x30: 	0x00000000
x31: 	0x00000000

0x00000d80	0x00000000	Unkown Instruction 

All Registers: 
x0: 	0x00000000
x1: 	0x00000000
x2: 	0x00000000
x3: 	0x00000000
x4: 	0x00000000
x5: 	0x00000000
x6: 	0x00000000
x7: 	0x00000000
x8: 	0x00000000
x9: 	0x00000000
x10: 	0x00000000
x11: 	0x00000000
x12: 	0x00000000
x13: 	0x00000000
x14: 	0x00000000
x15: 	0x00000000
x16: 	0x00000000
x17: 	0x00000000
x18: 	0x00000000
x19: 	0x00000000
x20: 	0x00000000
x21: 	0x00000000
x22: 	0x00000000
x23: 	0x00000000
x24: 	0x00000000
x25: 	0x00000000
x26: 	0x00000000
x27: 	0x00000000
x28: 	0x00000000
x29: 	0x00000000
x30: 	0x00000000
x31: 	0x00000000

0x00000d84	0x00000000	Unkown Instruction 

All Registers: 
x0: 	0x00000000
x1: 	0x00000000
x2: 	0x00000000
x3: 	0x00000000
x4: 	0x00000000
x5: 	0x00000000
x6: 	0x00000000
x7: 	0x00000000
x8: 	0x00000000
x9: 	0x00000000
x10: 	0x00000000
x11: 	0x00000000
x12: 	0x00000000
x13: 	0x00000000
x14: 	0x00000000
x15: 	0x00000000
x16: 	0x00000000
x17: 	0x00000000
x18: 	0x00000000
x19: 	0x00000000
x20: 	0x00000000
x21: 	0x00000000
x22: 	0x00000000
x23: 	0x00000000
x24: 	0x00000000
x25: 	0x00000000
x26: 	0x00000000
x27: 	0x00000000
x28: 	0x00000000
x29: 	0x00000000
x30: 	0x00000000
x31: 	0x00000000

0x00000d88	0x00000000	Unkown Instruction 

All Registers: 
x0: 	0x00000000
x1: 	0x00000000
x2: 	0x00000000
x3: 	0x00000000
x4: 	0x00000000
x5: 	0x00000000
x6: 	0x00000000
x7: 	0x00000000
x8: 	0x00000000
x9: 	0x00000000
x10: 	0x00000000
x11: 	0x00000000
x12: 	0x00000000
x13: 	0x00000000
x14: 	0x00000000
x15: 	0x00000000
x16: 	0x00000000
x17: 	0x00000000
x18: 	0x00000000
x19: 	0x00000000
x20: 	0x00000000
x21: 	0x00000000
x22: 	0x00000000
x23: 	0x00000000
x24: 	0x00000000
x25: 	0x00000000
x26: 	0x00000000
x27: 	0x00000000
x28: 	0x00000000
x29: 	0x00000000
x30: 	0x00000000
x31: 	0x00000000

0x00000d8c	0x00000000	Unkown Instruction 

All Registers: 
x0: 	0x00000000
x1: 	0x00000000
x2: 	0x00000000
x3: 	0x00000000
x4: 	0x00000000
x5: 	0x00000000
x6: 	0x00000000
x7: 	0x00000000
x8: 	0x00000000
x9: 	0x00000000
x10: 	0x00000000
x11: 	0x00000000
x12: 	0x00000000
x13: 	0x00000000
x14: 	0x00000000
x15: 	0x00000000
x16: 	0x00000000
x17: 	0x00000000
x18: 	0x00000000
x19: 	0x00000000
x20: 	0x00000000
x21: 	0x00000000
x22: 	0x00000000
x23: 	0x00000000
x24: 	0x00000000
x25: 	0x00000000
x26: 	0x00000000
x27: 	0x00000000
x28: 	0x00000000
x29: 	0x00000000
x30: 	0x00000000
x31: 	0x00000000

0x00000d90	0x00000000	Unkown Instruction 

All Registers: 
x0: 	0x00000000
x1: 	0x00000000
x2: 	0x00000000
x3: 	0x00000000
x4: 	0x00000000
x5: 	0x00000000
x6: 	0x00000000
x7: 	0x00000000
x8: 	0x00000000
x9: 	0x00000000
x10: 	0x00000000
x11: 	0x00000000
x12: 	0x00000000
x13: 	0x00000000
x14: 	0x00000000
x15: 	0x00000000
x16: 	0x00000000
x17: 	0x00000000
x18: 	0x00000000
x19: 	0x00000000
x20: 	0x00000000
x21: 	0x00000000
x22: 	0x00000000
x23: 	0x00000000
x24: 	0x00000000
x25: 	0x00000000
x26: 	0x00000000
x27: 	0x00000000
x28: 	0x00000000
x29: 	0x00000000
x30: 	0x00000000
x31: 	0x00000000

0x00000d94	0x00000000	Unkown Instruction 

All Registers: 
x0: 	0x00000000
x1: 	0x00000000
x2: 	0x00000000
x3: 	0x00000000
x4: 	0x00000000
x5: 	0x00000000
x6: 	0x00000000
x7: 	0x00000000
x8: 	0x00000000
x9: 	0x00000000
x10: 	0x00000000
x11: 	0x00000000
x12: 	0x00000000
x13: 	0x00000000
x14: 	0x00000000
x15: 	0x00000000
x16: 	0x00000000
x17: 	0x00000000
x18: 	0x00000000
x19: 	0x00000000
x20: 	0x00000000
x21: 	0x00000000
x22: 	0x00000000
x23: 	0x00000000
x24: 	0x00000000
x25: 	0x00000000
x26: 	0x00000000
x27: 	0x00000000
x28: 	0x00000000
x29: 	0x00000000
x30: 	0x00000000
x31: 	0x00000000

0x00000d98	0x00000000	Unkown Instruction 

All Registers: 
x0: 	0x00000000
x1: 	0x00000000
x2: 	0x00000000
x3: 	0x00000000
x4: 	0x00000000
x5: 	0x00000000
x6: 	0x00000000
x7: 	0x00000000
x8: 	0x00000000
x9: 	0x00000000
x10: 	0x00000000
x11: 	0x00000000
x12: 	0x00000000
x13: 	0x00000000
x14: 	0x00000000
x15: 	0x00000000
x16: 	0x00000000
x17: 	0x00000000
x18: 	0x00000000
x19: 	0x00000000
x20: 	0x00000000
x21: 	0x00000000
x22: 	0x00000000
x23: 	0x00000000
x24: 	0x00000000
x25: 	0x00000000
x26: 	0x00000000
x27: 	0x00000000
x28: 	0x00000000
x29: 	0x00000000
x30: 	0x00000000
x31: 	0x00000000

0x00000d9c	0x00000000	Unkown Instruction 

All Registers: 
x0: 	0x00000000
x1: 	0x00000000
x2: 	0x00000000
x3: 	0x00000000
x4: 	0x00000000
x5: 	0x00000000
x6: 	0x00000000
x7: 	0x00000000
x8: 	0x00000000
x9: 	0x00000000
x10: 	0x00000000
x11: 	0x00000000
x12: 	0x00000000
x13: 	0x00000000
x14: 	0x00000000
x15: 	0x00000000
x16: 	0x00000000
x17: 	0x00000000
x18: 	0x00000000
x19: 	0x00000000
x20: 	0x00000000
x21: 	0x00000000
x22: 	0x00000000
x23: 	0x00000000
x24: 	0x00000000
x25: 	0x00000000
x26: 	0x00000000
x27: 	0x00000000
x28: 	0x00000000
x29: 	0x00000000
x30: 	0x00000000
x31: 	0x00000000

0x00000da0	0x00000000	Unkown Instruction 

All Registers: 
x0: 	0x00000000
x1: 	0x00000000
x2: 	0x00000000
x3: 	0x00000000
x4: 	0x00000000
x5: 	0x00000000
x6: 	0x00000000
x7: 	0x00000000
x8: 	0x00000000
x9: 	0x00000000
x10: 	0x00000000
x11: 	0x00000000
x12: 	0x00000000
x13: 	0x00000000
x14: 	0x00000000
x15: 	0x00000000
x16: 	0x00000000
x17: 	0x00000000
x18: 	0x00000000
x19: 	0x00000000
x20: 	0x00000000
x21: 	0x00000000
x22: 	0x00000000
x23: 	0x00000000
x24: 	0x00000000
x25: 	0x00000000
x26: 	0x00000000
x27: 	0x00000000
x28: 	0x00000000
x29: 	0x00000000
x30: 	0x00000000
x31: 	0x00000000

0x00000da4	0x00000000	Unkown Instruction 

All Registers: 
x0: 	0x00000000
x1: 	0x00000000
x2: 	0x00000000
x3: 	0x00000000
x4: 	0x00000000
x5: 	0x00000000
x6: 	0x00000000
x7: 	0x00000000
x8: 	0x00000000
x9: 	0x00000000
x10: 	0x00000000
x11: 	0x00000000
x12: 	0x00000000
x13: 	0x00000000
x14: 	0x00000000
x15: 	0x00000000
x16: 	0x00000000
x17: 	0x00000000
x18: 	0x00000000
x19: 	0x00000000
x20: 	0x00000000
x21: 	0x00000000
x22: 	0x00000000
x23: 	0x00000000
x24: 	0x00000000
x25: 	0x00000000
x26: 	0x00000000
x27: 	0x00000000
x28: 	0x00000000
x29: 	0x00000000
x30: 	0x00000000
x31: 	0x00000000

0x00000da8	0x00000000	Unkown Instruction 

All Registers: 
x0: 	0x00000000
x1: 	0x00000000
x2: 	0x00000000
x3: 	0x00000000
x4: 	0x00000000
x5: 	0x00000000
x6: 	0x00000000
x7: 	0x00000000
x8: 	0x00000000
x9: 	0x00000000
x10: 	0x00000000
x11: 	0x00000000
x12: 	0x00000000
x13: 	0x00000000
x14: 	0x00000000
x15: 	0x00000000
x16: 	0x00000000
x17: 	0x00000000
x18: 	0x00000000
x19: 	0x00000000
x20: 	0x00000000
x21: 	0x00000000
x22: 	0x00000000
x23: 	0x00000000
x24: 	0x00000000
x25: 	0x00000000
x26: 	0x00000000
x27: 	0x00000000
x28: 	0x00000000
x29: 	0x00000000
x30: 	0x00000000
x31: 	0x00000000

0x00000dac	0x00000000	Unkown Instruction 

All Registers: 
x0: 	0x00000000
x1: 	0x00000000
x2: 	0x00000000
x3: 	0x00000000
x4: 	0x00000000
x5: 	0x00000000
x6: 	0x00000000
x7: 	0x00000000
x8: 	0x00000000
x9: 	0x00000000
x10: 	0x00000000
x11: 	0x00000000
x12: 	0x00000000
x13: 	0x00000000
x14: 	0x00000000
x15: 	0x00000000
x16: 	0x00000000
x17: 	0x00000000
x18: 	0x00000000
x19: 	0x00000000
x20: 	0x00000000
x21: 	0x00000000
x22: 	0x00000000
x23: 	0x00000000
x24: 	0x00000000
x25: 	0x00000000
x26: 	0x00000000
x27: 	0x00000000
x28: 	0x00000000
x29: 	0x00000000
x30: 	0x00000000
x31: 	0x00000000

0x00000db0	0x00000000	Unkown Instruction 

All Registers: 
x0: 	0x00000000
x1: 	0x00000000
x2: 	0x00000000
x3: 	0x00000000
x4: 	0x00000000
x5: 	0x00000000
x6: 	0x00000000
x7: 	0x00000000
x8: 	0x00000000
x9: 	0x00000000
x10: 	0x00000000
x11: 	0x00000000
x12: 	0x00000000
x13: 	0x00000000
x14: 	0x00000000
x15: 	0x00000000
x16: 	0x00000000
x17: 	0x00000000
x18: 	0x00000000
x19: 	0x00000000
x20: 	0x00000000
x21: 	0x00000000
x22: 	0x00000000
x23: 	0x00000000
x24: 	0x00000000
x25: 	0x00000000
x26: 	0x00000000
x27: 	0x00000000
x28: 	0x00000000
x29: 	0x00000000
x30: 	0x00000000
x31: 	0x00000000

0x00000db4	0x00000000	Unkown Instruction 

All Registers: 
x0: 	0x00000000
x1: 	0x00000000
x2: 	0x00000000
x3: 	0x00000000
x4: 	0x00000000
x5: 	0x00000000
x6: 	0x00000000
x7: 	0x00000000
x8: 	0x00000000
x9: 	0x00000000
x10: 	0x00000000
x11: 	0x00000000
x12: 	0x00000000
x13: 	0x00000000
x14: 	0x00000000
x15: 	0x00000000
x16: 	0x00000000
x17: 	0x00000000
x18: 	0x00000000
x19: 	0x00000000
x20: 	0x00000000
x21: 	0x00000000
x22: 	0x00000000
x23: 	0x00000000
x24: 	0x00000000
x25: 	0x00000000
x26: 	0x00000000
x27: 	0x00000000
x28: 	0x00000000
x29: 	0x00000000
x30: 	0x00000000
x31: 	0x00000000

0x00000db8	0x00000000	Unkown Instruction 

All Registers: 
x0: 	0x00000000
x1: 	0x00000000
x2: 	0x00000000
x3: 	0x00000000
x4: 	0x00000000
x5: 	0x00000000
x6: 	0x00000000
x7: 	0x00000000
x8: 	0x00000000
x9: 	0x00000000
x10: 	0x00000000
x11: 	0x00000000
x12: 	0x00000000
x13: 	0x00000000
x14: 	0x00000000
x15: 	0x00000000
x16: 	0x00000000
x17: 	0x00000000
x18: 	0x00000000
x19: 	0x00000000
x20: 	0x00000000
x21: 	0x00000000
x22: 	0x00000000
x23: 	0x00000000
x24: 	0x00000000
x25: 	0x00000000
x26: 	0x00000000
x27: 	0x00000000
x28: 	0x00000000
x29: 	0x00000000
x30: 	0x00000000
x31: 	0x00000000

0x00000dbc	0x00000000	Unkown Instruction 

All Registers: 
x0: 	0x00000000
x1: 	0x00000000
x2: 	0x00000000
x3: 	0x00000000
x4: 	0x00000000
x5: 	0x00000000
x6: 	0x00000000
x7: 	0x00000000
x8: 	0x00000000
x9: 	0x00000000
x10: 	0x00000000
x11: 	0x00000000
x12: 	0x00000000
x13: 	0x00000000
x14: 	0x00000000
x15: 	0x00000000
x16: 	0x00000000
x17: 	0x00000000
x18: 	0x00000000
x19: 	0x00000000
x20: 	0x00000000
x21: 	0x00000000
x22: 	0x00000000
x23: 	0x00000000
x24: 	0x00000000
x25: 	0x00000000
x26: 	0x00000000
x27: 	0x00000000
x28: 	0x00000000
x29: 	0x00000000
x30: 	0x00000000
x31: 	0x00000000

0x00000dc0	0x00000000	Unkown Instruction 

All Registers: 
x0: 	0x00000000
x1: 	0x00000000
x2: 	0x00000000
x3: 	0x00000000
x4: 	0x00000000
x5: 	0x00000000
x6: 	0x00000000
x7: 	0x00000000
x8: 	0x00000000
x9: 	0x00000000
x10: 	0x00000000
x11: 	0x00000000
x12: 	0x00000000
x13: 	0x00000000
x14: 	0x00000000
x15: 	0x00000000
x16: 	0x00000000
x17: 	0x00000000
x18: 	0x00000000
x19: 	0x00000000
x20: 	0x00000000
x21: 	0x00000000
x22: 	0x00000000
x23: 	0x00000000
x24: 	0x00000000
x25: 	0x00000000
x26: 	0x00000000
x27: 	0x00000000
x28: 	0x00000000
x29: 	0x00000000
x30: 	0x00000000
x31: 	0x00000000

0x00000dc4	0x00000000	Unkown Instruction 

All Registers: 
x0: 	0x00000000
x1: 	0x00000000
x2: 	0x00000000
x3: 	0x00000000
x4: 	0x00000000
x5: 	0x00000000
x6: 	0x00000000
x7: 	0x00000000
x8: 	0x00000000
x9: 	0x00000000
x10: 	0x00000000
x11: 	0x00000000
x12: 	0x00000000
x13: 	0x00000000
x14: 	0x00000000
x15: 	0x00000000
x16: 	0x00000000
x17: 	0x00000000
x18: 	0x00000000
x19: 	0x00000000
x20: 	0x00000000
x21: 	0x00000000
x22: 	0x00000000
x23: 	0x00000000
x24: 	0x00000000
x25: 	0x00000000
x26: 	0x00000000
x27: 	0x00000000
x28: 	0x00000000
x29: 	0x00000000
x30: 	0x00000000
x31: 	0x00000000

0x00000dc8	0x00000000	Unkown Instruction 

All Registers: 
x0: 	0x00000000
x1: 	0x00000000
x2: 	0x00000000
x3: 	0x00000000
x4: 	0x00000000
x5: 	0x00000000
x6: 	0x00000000
x7: 	0x00000000
x8: 	0x00000000
x9: 	0x00000000
x10: 	0x00000000
x11: 	0x00000000
x12: 	0x00000000
x13: 	0x00000000
x14: 	0x00000000
x15: 	0x00000000
x16: 	0x00000000
x17: 	0x00000000
x18: 	0x00000000
x19: 	0x00000000
x20: 	0x00000000
x21: 	0x00000000
x22: 	0x00000000
x23: 	0x00000000
x24: 	0x00000000
x25: 	0x00000000
x26: 	0x00000000
x27: 	0x00000000
x28: 	0x00000000
x29: 	0x00000000
x30: 	0x00000000
x31: 	0x00000000

0x00000dcc	0x00000000	Unkown Instruction 

All Registers: 
x0: 	0x00000000
x1: 	0x00000000
x2: 	0x00000000
x3: 	0x00000000
x4: 	0x00000000
x5: 	0x00000000
x6: 	0x00000000
x7: 	0x00000000
x8: 	0x00000000
x9: 	0x00000000
x10: 	0x00000000
x11: 	0x00000000
x12: 	0x00000000
x13: 	0x00000000
x14: 	0x00000000
x15: 	0x00000000
x16: 	0x00000000
x17: 	0x00000000
x18: 	0x00000000
x19: 	0x00000000
x20: 	0x00000000
x21: 	0x00000000
x22: 	0x00000000
x23: 	0x00000000
x24: 	0x00000000
x25: 	0x00000000
x26: 	0x00000000
x27: 	0x00000000
x28: 	0x00000000
x29: 	0x00000000
x30: 	0x00000000
x31: 	0x00000000

0x00000dd0	0x00000000	Unkown Instruction 

All Registers: 
x0: 	0x00000000
x1: 	0x00000000
x2: 	0x00000000
x3: 	0x00000000
x4: 	0x00000000
x5: 	0x00000000
x6: 	0x00000000
x7: 	0x00000000
x8: 	0x00000000
x9: 	0x00000000
x10: 	0x00000000
x11: 	0x00000000
x12: 	0x00000000
x13: 	0x00000000
x14: 	0x00000000
x15: 	0x00000000
x16: 	0x00000000
x17: 	0x00000000
x18: 	0x00000000
x19: 	0x00000000
x20: 	0x00000000
x21: 	0x00000000
x22: 	0x00000000
x23: 	0x00000000
x24: 	0x00000000
x25: 	0x00000000
x26: 	0x00000000
x27: 	0x00000000
x28: 	0x00000000
x29: 	0x00000000
x30: 	0x00000000
x31: 	0x00000000

0x00000dd4	0x00000000	Unkown Instruction 

All Registers: 
x0: 	0x00000000
x1: 	0x00000000
x2: 	0x00000000
x3: 	0x00000000
x4: 	0x00000000
x5: 	0x00000000
x6: 	0x00000000
x7: 	0x00000000
x8: 	0x00000000
x9: 	0x00000000
x10: 	0x00000000
x11: 	0x00000000
x12: 	0x00000000
x13: 	0x00000000
x14: 	0x00000000
x15: 	0x00000000
x16: 	0x00000000
x17: 	0x00000000
x18: 	0x00000000
x19: 	0x00000000
x20: 	0x00000000
x21: 	0x00000000
x22: 	0x00000000
x23: 	0x00000000
x24: 	0x00000000
x25: 	0x00000000
x26: 	0x00000000
x27: 	0x00000000
x28: 	0x00000000
x29: 	0x00000000
x30: 	0x00000000
x31: 	0x00000000

0x00000dd8	0x00000000	Unkown Instruction 

All Registers: 
x0: 	0x00000000
x1: 	0x00000000
x2: 	0x00000000
x3: 	0x00000000
x4: 	0x00000000
x5: 	0x00000000
x6: 	0x00000000
x7: 	0x00000000
x8: 	0x00000000
x9: 	0x00000000
x10: 	0x00000000
x11: 	0x00000000
x12: 	0x00000000
x13: 	0x00000000
x14: 	0x00000000
x15: 	0x00000000
x16: 	0x00000000
x17: 	0x00000000
x18: 	0x00000000
x19: 	0x00000000
x20: 	0x00000000
x21: 	0x00000000
x22: 	0x00000000
x23: 	0x00000000
x24: 	0x00000000
x25: 	0x00000000
x26: 	0x00000000
x27: 	0x00000000
x28: 	0x00000000
x29: 	0x00000000
x30: 	0x00000000
x31: 	0x00000000

0x00000ddc	0x00000000	Unkown Instruction 

All Registers: 
x0: 	0x00000000
x1: 	0x00000000
x2: 	0x00000000
x3: 	0x00000000
x4: 	0x00000000
x5: 	0x00000000
x6: 	0x00000000
x7: 	0x00000000
x8: 	0x00000000
x9: 	0x00000000
x10: 	0x00000000
x11: 	0x00000000
x12: 	0x00000000
x13: 	0x00000000
x14: 	0x00000000
x15: 	0x00000000
x16: 	0x00000000
x17: 	0x00000000
x18: 	0x00000000
x19: 	0x00000000
x20: 	0x00000000
x21: 	0x00000000
x22: 	0x00000000
x23: 	0x00000000
x24: 	0x00000000
x25: 	0x00000000
x26: 	0x00000000
x27: 	0x00000000
x28: 	0x00000000
x29: 	0x00000000
x30: 	0x00000000
x31: 	0x00000000

0x00000de0	0x00000000	Unkown Instruction 

All Registers: 
x0: 	0x00000000
x1: 	0x00000000
x2: 	0x00000000
x3: 	0x00000000
x4: 	0x00000000
x5: 	0x00000000
x6: 	0x00000000
x7: 	0x00000000
x8: 	0x00000000
x9: 	0x00000000
x10: 	0x00000000
x11: 	0x00000000
x12: 	0x00000000
x13: 	0x00000000
x14: 	0x00000000
x15: 	0x00000000
x16: 	0x00000000
x17: 	0x00000000
x18: 	0x00000000
x19: 	0x00000000
x20: 	0x00000000
x21: 	0x00000000
x22: 	0x00000000
x23: 	0x00000000
x24: 	0x00000000
x25: 	0x00000000
x26: 	0x00000000
x27: 	0x00000000
x28: 	0x00000000
x29: 	0x00000000
x30: 	0x00000000
x31: 	0x00000000

0x00000de4	0x00000000	Unkown Instruction 

All Registers: 
x0: 	0x00000000
x1: 	0x00000000
x2: 	0x00000000
x3: 	0x00000000
x4: 	0x00000000
x5: 	0x00000000
x6: 	0x00000000
x7: 	0x00000000
x8: 	0x00000000
x9: 	0x00000000
x10: 	0x00000000
x11: 	0x00000000
x12: 	0x00000000
x13: 	0x00000000
x14: 	0x00000000
x15: 	0x00000000
x16: 	0x00000000
x17: 	0x00000000
x18: 	0x00000000
x19: 	0x00000000
x20: 	0x00000000
x21: 	0x00000000
x22: 	0x00000000
x23: 	0x00000000
x24: 	0x00000000
x25: 	0x00000000
x26: 	0x00000000
x27: 	0x00000000
x28: 	0x00000000
x29: 	0x00000000
x30: 	0x00000000
x31: 	0x00000000

0x00000de8	0x00000000	Unkown Instruction 

All Registers: 
x0: 	0x00000000
x1: 	0x00000000
x2: 	0x00000000
x3: 	0x00000000
x4: 	0x00000000
x5: 	0x00000000
x6: 	0x00000000
x7: 	0x00000000
x8: 	0x00000000
x9: 	0x00000000
x10: 	0x00000000
x11: 	0x00000000
x12: 	0x00000000
x13: 	0x00000000
x14: 	0x00000000
x15: 	0x00000000
x16: 	0x00000000
x17: 	0x00000000
x18: 	0x00000000
x19: 	0x00000000
x20: 	0x00000000
x21: 	0x00000000
x22: 	0x00000000
x23: 	0x00000000
x24: 	0x00000000
x25: 	0x00000000
x26: 	0x00000000
x27: 	0x00000000
x28: 	0x00000000
x29: 	0x00000000
x30: 	0x00000000
x31: 	0x00000000

0x00000dec	0x00000000	Unkown Instruction 

All Registers: 
x0: 	0x00000000
x1: 	0x00000000
x2: 	0x00000000
x3: 	0x00000000
x4: 	0x00000000
x5: 	0x00000000
x6: 	0x00000000
x7: 	0x00000000
x8: 	0x00000000
x9: 	0x00000000
x10: 	0x00000000
x11: 	0x00000000
x12: 	0x00000000
x13: 	0x00000000
x14: 	0x00000000
x15: 	0x00000000
x16: 	0x00000000
x17: 	0x00000000
x18: 	0x00000000
x19: 	0x00000000
x20: 	0x00000000
x21: 	0x00000000
x22: 	0x00000000
x23: 	0x00000000
x24: 	0x00000000
x25: 	0x00000000
x26: 	0x00000000
x27: 	0x00000000
x28: 	0x00000000
x29: 	0x00000000
x30: 	0x00000000
x31: 	0x00000000

0x00000df0	0x00000000	Unkown Instruction 

All Registers: 
x0: 	0x00000000
x1: 	0x00000000
x2: 	0x00000000
x3: 	0x00000000
x4: 	0x00000000
x5: 	0x00000000
x6: 	0x00000000
x7: 	0x00000000
x8: 	0x00000000
x9: 	0x00000000
x10: 	0x00000000
x11: 	0x00000000
x12: 	0x00000000
x13: 	0x00000000
x14: 	0x00000000
x15: 	0x00000000
x16: 	0x00000000
x17: 	0x00000000
x18: 	0x00000000
x19: 	0x00000000
x20: 	0x00000000
x21: 	0x00000000
x22: 	0x00000000
x23: 	0x00000000
x24: 	0x00000000
x25: 	0x00000000
x26: 	0x00000000
x27: 	0x00000000
x28: 	0x00000000
x29: 	0x00000000
x30: 	0x00000000
x31: 	0x00000000

0x00000df4	0x00000000	Unkown Instruction 

All Registers: 
x0: 	0x00000000
x1: 	0x00000000
x2: 	0x00000000
x3: 	0x00000000
x4: 	0x00000000
x5: 	0x00000000
x6: 	0x00000000
x7: 	0x00000000
x8: 	0x00000000
x9: 	0x00000000
x10: 	0x00000000
x11: 	0x00000000
x12: 	0x00000000
x13: 	0x00000000
x14: 	0x00000000
x15: 	0x00000000
x16: 	0x00000000
x17: 	0x00000000
x18: 	0x00000000
x19: 	0x00000000
x20: 	0x00000000
x21: 	0x00000000
x22: 	0x00000000
x23: 	0x00000000
x24: 	0x00000000
x25: 	0x00000000
x26: 	0x00000000
x27: 	0x00000000
x28: 	0x00000000
x29: 	0x00000000
x30: 	0x00000000
x31: 	0x00000000

0x00000df8	0x00000000	Unkown Instruction 

All Registers: 
x0: 	0x00000000
x1: 	0x00000000
x2: 	0x00000000
x3: 	0x00000000
x4: 	0x00000000
x5: 	0x00000000
x6: 	0x00000000
x7: 	0x00000000
x8: 	0x00000000
x9: 	0x00000000
x10: 	0x00000000
x11: 	0x00000000
x12: 	0x00000000
x13: 	0x00000000
x14: 	0x00000000
x15: 	0x00000000
x16: 	0x00000000
x17: 	0x00000000
x18: 	0x00000000
x19: 	0x00000000
x20: 	0x00000000
x21: 	0x00000000
x22: 	0x00000000
x23: 	0x00000000
x24: 	0x00000000
x25: 	0x00000000
x26: 	0x00000000
x27: 	0x00000000
x28: 	0x00000000
x29: 	0x00000000
x30: 	0x00000000
x31: 	0x00000000

0x00000dfc	0x00000000	Unkown Instruction 

All Registers: 
x0: 	0x00000000
x1: 	0x00000000
x2: 	0x00000000
x3: 	0x00000000
x4: 	0x00000000
x5: 	0x00000000
x6: 	0x00000000
x7: 	0x00000000
x8: 	0x00000000
x9: 	0x00000000
x10: 	0x00000000
x11: 	0x00000000
x12: 	0x00000000
x13: 	0x00000000
x14: 	0x00000000
x15: 	0x00000000
x16: 	0x00000000
x17: 	0x00000000
x18: 	0x00000000
x19: 	0x00000000
x20: 	0x00000000
x21: 	0x00000000
x22: 	0x00000000
x23: 	0x00000000
x24: 	0x00000000
x25: 	0x00000000
x26: 	0x00000000
x27: 	0x00000000
x28: 	0x00000000
x29: 	0x00000000
x30: 	0x00000000
x31: 	0x00000000

0x00000e00	0x00000000	Unkown Instruction 

All Registers: 
x0: 	0x00000000
x1: 	0x00000000
x2: 	0x00000000
x3: 	0x00000000
x4: 	0x00000000
x5: 	0x00000000
x6: 	0x00000000
x7: 	0x00000000
x8: 	0x00000000
x9: 	0x00000000
x10: 	0x00000000
x11: 	0x00000000
x12: 	0x00000000
x13: 	0x00000000
x14: 	0x00000000
x15: 	0x00000000
x16: 	0x00000000
x17: 	0x00000000
x18: 	0x00000000
x19: 	0x00000000
x20: 	0x00000000
x21: 	0x00000000
x22: 	0x00000000
x23: 	0x00000000
x24: 	0x00000000
x25: 	0x00000000
x26: 	0x00000000
x27: 	0x00000000
x28: 	0x00000000
x29: 	0x00000000
x30: 	0x00000000
x31: 	0x00000000

0x00000e04	0x00000000	Unkown Instruction 

All Registers: 
x0: 	0x00000000
x1: 	0x00000000
x2: 	0x00000000
x3: 	0x00000000
x4: 	0x00000000
x5: 	0x00000000
x6: 	0x00000000
x7: 	0x00000000
x8: 	0x00000000
x9: 	0x00000000
x10: 	0x00000000
x11: 	0x00000000
x12: 	0x00000000
x13: 	0x00000000
x14: 	0x00000000
x15: 	0x00000000
x16: 	0x00000000
x17: 	0x00000000
x18: 	0x00000000
x19: 	0x00000000
x20: 	0x00000000
x21: 	0x00000000
x22: 	0x00000000
x23: 	0x00000000
x24: 	0x00000000
x25: 	0x00000000
x26: 	0x00000000
x27: 	0x00000000
x28: 	0x00000000
x29: 	0x00000000
x30: 	0x00000000
x31: 	0x00000000

0x00000e08	0x00000000	Unkown Instruction 

All Registers: 
x0: 	0x00000000
x1: 	0x00000000
x2: 	0x00000000
x3: 	0x00000000
x4: 	0x00000000
x5: 	0x00000000
x6: 	0x00000000
x7: 	0x00000000
x8: 	0x00000000
x9: 	0x00000000
x10: 	0x00000000
x11: 	0x00000000
x12: 	0x00000000
x13: 	0x00000000
x14: 	0x00000000
x15: 	0x00000000
x16: 	0x00000000
x17: 	0x00000000
x18: 	0x00000000
x19: 	0x00000000
x20: 	0x00000000
x21: 	0x00000000
x22: 	0x00000000
x23: 	0x00000000
x24: 	0x00000000
x25: 	0x00000000
x26: 	0x00000000
x27: 	0x00000000
x28: 	0x00000000
x29: 	0x00000000
x30: 	0x00000000
x31: 	0x00000000

0x00000e0c	0x00000000	Unkown Instruction 

All Registers: 
x0: 	0x00000000
x1: 	0x00000000
x2: 	0x00000000
x3: 	0x00000000
x4: 	0x00000000
x5: 	0x00000000
x6: 	0x00000000
x7: 	0x00000000
x8: 	0x00000000
x9: 	0x00000000
x10: 	0x00000000
x11: 	0x00000000
x12: 	0x00000000
x13: 	0x00000000
x14: 	0x00000000
x15: 	0x00000000
x16: 	0x00000000
x17: 	0x00000000
x18: 	0x00000000
x19: 	0x00000000
x20: 	0x00000000
x21: 	0x00000000
x22: 	0x00000000
x23: 	0x00000000
x24: 	0x00000000
x25: 	0x00000000
x26: 	0x00000000
x27: 	0x00000000
x28: 	0x00000000
x29: 	0x00000000
x30: 	0x00000000
x31: 	0x00000000

0x00000e10	0x00000000	Unkown Instruction 

All Registers: 
x0: 	0x00000000
x1: 	0x00000000
x2: 	0x00000000
x3: 	0x00000000
x4: 	0x00000000
x5: 	0x00000000
x6: 	0x00000000
x7: 	0x00000000
x8: 	0x00000000
x9: 	0x00000000
x10: 	0x00000000
x11: 	0x00000000
x12: 	0x00000000
x13: 	0x00000000
x14: 	0x00000000
x15: 	0x00000000
x16: 	0x00000000
x17: 	0x00000000
x18: 	0x00000000
x19: 	0x00000000
x20: 	0x00000000
x21: 	0x00000000
x22: 	0x00000000
x23: 	0x00000000
x24: 	0x00000000
x25: 	0x00000000
x26: 	0x00000000
x27: 	0x00000000
x28: 	0x00000000
x29: 	0x00000000
x30: 	0x00000000
x31: 	0x00000000

0x00000e14	0x00000000	Unkown Instruction 

All Registers: 
x0: 	0x00000000
x1: 	0x00000000
x2: 	0x00000000
x3: 	0x00000000
x4: 	0x00000000
x5: 	0x00000000
x6: 	0x00000000
x7: 	0x00000000
x8: 	0x00000000
x9: 	0x00000000
x10: 	0x00000000
x11: 	0x00000000
x12: 	0x00000000
x13: 	0x00000000
x14: 	0x00000000
x15: 	0x00000000
x16: 	0x00000000
x17: 	0x00000000
x18: 	0x00000000
x19: 	0x00000000
x20: 	0x00000000
x21: 	0x00000000
x22: 	0x00000000
x23: 	0x00000000
x24: 	0x00000000
x25: 	0x00000000
x26: 	0x00000000
x27: 	0x00000000
x28: 	0x00000000
x29: 	0x00000000
x30: 	0x00000000
x31: 	0x00000000

0x00000e18	0x00000000	Unkown Instruction 

All Registers: 
x0: 	0x00000000
x1: 	0x00000000
x2: 	0x00000000
x3: 	0x00000000
x4: 	0x00000000
x5: 	0x00000000
x6: 	0x00000000
x7: 	0x00000000
x8: 	0x00000000
x9: 	0x00000000
x10: 	0x00000000
x11: 	0x00000000
x12: 	0x00000000
x13: 	0x00000000
x14: 	0x00000000
x15: 	0x00000000
x16: 	0x00000000
x17: 	0x00000000
x18: 	0x00000000
x19: 	0x00000000
x20: 	0x00000000
x21: 	0x00000000
x22: 	0x00000000
x23: 	0x00000000
x24: 	0x00000000
x25: 	0x00000000
x26: 	0x00000000
x27: 	0x00000000
x28: 	0x00000000
x29: 	0x00000000
x30: 	0x00000000
x31: 	0x00000000

0x00000e1c	0x00000000	Unkown Instruction 

All Registers: 
x0: 	0x00000000
x1: 	0x00000000
x2: 	0x00000000
x3: 	0x00000000
x4: 	0x00000000
x5: 	0x00000000
x6: 	0x00000000
x7: 	0x00000000
x8: 	0x00000000
x9: 	0x00000000
x10: 	0x00000000
x11: 	0x00000000
x12: 	0x00000000
x13: 	0x00000000
x14: 	0x00000000
x15: 	0x00000000
x16: 	0x00000000
x17: 	0x00000000
x18: 	0x00000000
x19: 	0x00000000
x20: 	0x00000000
x21: 	0x00000000
x22: 	0x00000000
x23: 	0x00000000
x24: 	0x00000000
x25: 	0x00000000
x26: 	0x00000000
x27: 	0x00000000
x28: 	0x00000000
x29: 	0x00000000
x30: 	0x00000000
x31: 	0x00000000

0x00000e20	0x00000000	Unkown Instruction 

All Registers: 
x0: 	0x00000000
x1: 	0x00000000
x2: 	0x00000000
x3: 	0x00000000
x4: 	0x00000000
x5: 	0x00000000
x6: 	0x00000000
x7: 	0x00000000
x8: 	0x00000000
x9: 	0x00000000
x10: 	0x00000000
x11: 	0x00000000
x12: 	0x00000000
x13: 	0x00000000
x14: 	0x00000000
x15: 	0x00000000
x16: 	0x00000000
x17: 	0x00000000
x18: 	0x00000000
x19: 	0x00000000
x20: 	0x00000000
x21: 	0x00000000
x22: 	0x00000000
x23: 	0x00000000
x24: 	0x00000000
x25: 	0x00000000
x26: 	0x00000000
x27: 	0x00000000
x28: 	0x00000000
x29: 	0x00000000
x30: 	0x00000000
x31: 	0x00000000

0x00000e24	0x00000000	Unkown Instruction 

All Registers: 
x0: 	0x00000000
x1: 	0x00000000
x2: 	0x00000000
x3: 	0x00000000
x4: 	0x00000000
x5: 	0x00000000
x6: 	0x00000000
x7: 	0x00000000
x8: 	0x00000000
x9: 	0x00000000
x10: 	0x00000000
x11: 	0x00000000
x12: 	0x00000000
x13: 	0x00000000
x14: 	0x00000000
x15: 	0x00000000
x16: 	0x00000000
x17: 	0x00000000
x18: 	0x00000000
x19: 	0x00000000
x20: 	0x00000000
x21: 	0x00000000
x22: 	0x00000000
x23: 	0x00000000
x24: 	0x00000000
x25: 	0x00000000
x26: 	0x00000000
x27: 	0x00000000
x28: 	0x00000000
x29: 	0x00000000
x30: 	0x00000000
x31: 	0x00000000

0x00000e28	0x00000000	Unkown Instruction 

All Registers: 
x0: 	0x00000000
x1: 	0x00000000
x2: 	0x00000000
x3: 	0x00000000
x4: 	0x00000000
x5: 	0x00000000
x6: 	0x00000000
x7: 	0x00000000
x8: 	0x00000000
x9: 	0x00000000
x10: 	0x00000000
x11: 	0x00000000
x12: 	0x00000000
x13: 	0x00000000
x14: 	0x00000000
x15: 	0x00000000
x16: 	0x00000000
x17: 	0x00000000
x18: 	0x00000000
x19: 	0x00000000
x20: 	0x00000000
x21: 	0x00000000
x22: 	0x00000000
x23: 	0x00000000
x24: 	0x00000000
x25: 	0x00000000
x26: 	0x00000000
x27: 	0x00000000
x28: 	0x00000000
x29: 	0x00000000
x30: 	0x00000000
x31: 	0x00000000

0x00000e2c	0x00000000	Unkown Instruction 

All Registers: 
x0: 	0x00000000
x1: 	0x00000000
x2: 	0x00000000
x3: 	0x00000000
x4: 	0x00000000
x5: 	0x00000000
x6: 	0x00000000
x7: 	0x00000000
x8: 	0x00000000
x9: 	0x00000000
x10: 	0x00000000
x11: 	0x00000000
x12: 	0x00000000
x13: 	0x00000000
x14: 	0x00000000
x15: 	0x00000000
x16: 	0x00000000
x17: 	0x00000000
x18: 	0x00000000
x19: 	0x00000000
x20: 	0x00000000
x21: 	0x00000000
x22: 	0x00000000
x23: 	0x00000000
x24: 	0x00000000
x25: 	0x00000000
x26: 	0x00000000
x27: 	0x00000000
x28: 	0x00000000
x29: 	0x00000000
x30: 	0x00000000
x31: 	0x00000000

0x00000e30	0x00000000	Unkown Instruction 

All Registers: 
x0: 	0x00000000
x1: 	0x00000000
x2: 	0x00000000
x3: 	0x00000000
x4: 	0x00000000
x5: 	0x00000000
x6: 	0x00000000
x7: 	0x00000000
x8: 	0x00000000
x9: 	0x00000000
x10: 	0x00000000
x11: 	0x00000000
x12: 	0x00000000
x13: 	0x00000000
x14: 	0x00000000
x15: 	0x00000000
x16: 	0x00000000
x17: 	0x00000000
x18: 	0x00000000
x19: 	0x00000000
x20: 	0x00000000
x21: 	0x00000000
x22: 	0x00000000
x23: 	0x00000000
x24: 	0x00000000
x25: 	0x00000000
x26: 	0x00000000
x27: 	0x00000000
x28: 	0x00000000
x29: 	0x00000000
x30: 	0x00000000
x31: 	0x00000000

0x00000e34	0x00000000	Unkown Instruction 

All Registers: 
x0: 	0x00000000
x1: 	0x00000000
x2: 	0x00000000
x3: 	0x00000000
x4: 	0x00000000
x5: 	0x00000000
x6: 	0x00000000
x7: 	0x00000000
x8: 	0x00000000
x9: 	0x00000000
x10: 	0x00000000
x11: 	0x00000000
x12: 	0x00000000
x13: 	0x00000000
x14: 	0x00000000
x15: 	0x00000000
x16: 	0x00000000
x17: 	0x00000000
x18: 	0x00000000
x19: 	0x00000000
x20: 	0x00000000
x21: 	0x00000000
x22: 	0x00000000
x23: 	0x00000000
x24: 	0x00000000
x25: 	0x00000000
x26: 	0x00000000
x27: 	0x00000000
x28: 	0x00000000
x29: 	0x00000000
x30: 	0x00000000
x31: 	0x00000000

0x00000e38	0x00000000	Unkown Instruction 

All Registers: 
x0: 	0x00000000
x1: 	0x00000000
x2: 	0x00000000
x3: 	0x00000000
x4: 	0x00000000
x5: 	0x00000000
x6: 	0x00000000
x7: 	0x00000000
x8: 	0x00000000
x9: 	0x00000000
x10: 	0x00000000
x11: 	0x00000000
x12: 	0x00000000
x13: 	0x00000000
x14: 	0x00000000
x15: 	0x00000000
x16: 	0x00000000
x17: 	0x00000000
x18: 	0x00000000
x19: 	0x00000000
x20: 	0x00000000
x21: 	0x00000000
x22: 	0x00000000
x23: 	0x00000000
x24: 	0x00000000
x25: 	0x00000000
x26: 	0x00000000
x27: 	0x00000000
x28: 	0x00000000
x29: 	0x00000000
x30: 	0x00000000
x31: 	0x00000000

0x00000e3c	0x00000000	Unkown Instruction 

All Registers: 
x0: 	0x00000000
x1: 	0x00000000
x2: 	0x00000000
x3: 	0x00000000
x4: 	0x00000000
x5: 	0x00000000
x6: 	0x00000000
x7: 	0x00000000
x8: 	0x00000000
x9: 	0x00000000
x10: 	0x00000000
x11: 	0x00000000
x12: 	0x00000000
x13: 	0x00000000
x14: 	0x00000000
x15: 	0x00000000
x16: 	0x00000000
x17: 	0x00000000
x18: 	0x00000000
x19: 	0x00000000
x20: 	0x00000000
x21: 	0x00000000
x22: 	0x00000000
x23: 	0x00000000
x24: 	0x00000000
x25: 	0x00000000
x26: 	0x00000000
x27: 	0x00000000
x28: 	0x00000000
x29: 	0x00000000
x30: 	0x00000000
x31: 	0x00000000

0x00000e40	0x00000000	Unkown Instruction 

All Registers: 
x0: 	0x00000000
x1: 	0x00000000
x2: 	0x00000000
x3: 	0x00000000
x4: 	0x00000000
x5: 	0x00000000
x6: 	0x00000000
x7: 	0x00000000
x8: 	0x00000000
x9: 	0x00000000
x10: 	0x00000000
x11: 	0x00000000
x12: 	0x00000000
x13: 	0x00000000
x14: 	0x00000000
x15: 	0x00000000
x16: 	0x00000000
x17: 	0x00000000
x18: 	0x00000000
x19: 	0x00000000
x20: 	0x00000000
x21: 	0x00000000
x22: 	0x00000000
x23: 	0x00000000
x24: 	0x00000000
x25: 	0x00000000
x26: 	0x00000000
x27: 	0x00000000
x28: 	0x00000000
x29: 	0x00000000
x30: 	0x00000000
x31: 	0x00000000

0x00000e44	0x00000000	Unkown Instruction 

All Registers: 
x0: 	0x00000000
x1: 	0x00000000
x2: 	0x00000000
x3: 	0x00000000
x4: 	0x00000000
x5: 	0x00000000
x6: 	0x00000000
x7: 	0x00000000
x8: 	0x00000000
x9: 	0x00000000
x10: 	0x00000000
x11: 	0x00000000
x12: 	0x00000000
x13: 	0x00000000
x14: 	0x00000000
x15: 	0x00000000
x16: 	0x00000000
x17: 	0x00000000
x18: 	0x00000000
x19: 	0x00000000
x20: 	0x00000000
x21: 	0x00000000
x22: 	0x00000000
x23: 	0x00000000
x24: 	0x00000000
x25: 	0x00000000
x26: 	0x00000000
x27: 	0x00000000
x28: 	0x00000000
x29: 	0x00000000
x30: 	0x00000000
x31: 	0x00000000

0x00000e48	0x00000000	Unkown Instruction 

All Registers: 
x0: 	0x00000000
x1: 	0x00000000
x2: 	0x00000000
x3: 	0x00000000
x4: 	0x00000000
x5: 	0x00000000
x6: 	0x00000000
x7: 	0x00000000
x8: 	0x00000000
x9: 	0x00000000
x10: 	0x00000000
x11: 	0x00000000
x12: 	0x00000000
x13: 	0x00000000
x14: 	0x00000000
x15: 	0x00000000
x16: 	0x00000000
x17: 	0x00000000
x18: 	0x00000000
x19: 	0x00000000
x20: 	0x00000000
x21: 	0x00000000
x22: 	0x00000000
x23: 	0x00000000
x24: 	0x00000000
x25: 	0x00000000
x26: 	0x00000000
x27: 	0x00000000
x28: 	0x00000000
x29: 	0x00000000
x30: 	0x00000000
x31: 	0x00000000

0x00000e4c	0x00000000	Unkown Instruction 

All Registers: 
x0: 	0x00000000
x1: 	0x00000000
x2: 	0x00000000
x3: 	0x00000000
x4: 	0x00000000
x5: 	0x00000000
x6: 	0x00000000
x7: 	0x00000000
x8: 	0x00000000
x9: 	0x00000000
x10: 	0x00000000
x11: 	0x00000000
x12: 	0x00000000
x13: 	0x00000000
x14: 	0x00000000
x15: 	0x00000000
x16: 	0x00000000
x17: 	0x00000000
x18: 	0x00000000
x19: 	0x00000000
x20: 	0x00000000
x21: 	0x00000000
x22: 	0x00000000
x23: 	0x00000000
x24: 	0x00000000
x25: 	0x00000000
x26: 	0x00000000
x27: 	0x00000000
x28: 	0x00000000
x29: 	0x00000000
x30: 	0x00000000
x31: 	0x00000000

0x00000e50	0x00000000	Unkown Instruction 

All Registers: 
x0: 	0x00000000
x1: 	0x00000000
x2: 	0x00000000
x3: 	0x00000000
x4: 	0x00000000
x5: 	0x00000000
x6: 	0x00000000
x7: 	0x00000000
x8: 	0x00000000
x9: 	0x00000000
x10: 	0x00000000
x11: 	0x00000000
x12: 	0x00000000
x13: 	0x00000000
x14: 	0x00000000
x15: 	0x00000000
x16: 	0x00000000
x17: 	0x00000000
x18: 	0x00000000
x19: 	0x00000000
x20: 	0x00000000
x21: 	0x00000000
x22: 	0x00000000
x23: 	0x00000000
x24: 	0x00000000
x25: 	0x00000000
x26: 	0x00000000
x27: 	0x00000000
x28: 	0x00000000
x29: 	0x00000000
x30: 	0x00000000
x31: 	0x00000000

0x00000e54	0x00000000	Unkown Instruction 

All Registers: 
x0: 	0x00000000
x1: 	0x00000000
x2: 	0x00000000
x3: 	0x00000000
x4: 	0x00000000
x5: 	0x00000000
x6: 	0x00000000
x7: 	0x00000000
x8: 	0x00000000
x9: 	0x00000000
x10: 	0x00000000
x11: 	0x00000000
x12: 	0x00000000
x13: 	0x00000000
x14: 	0x00000000
x15: 	0x00000000
x16: 	0x00000000
x17: 	0x00000000
x18: 	0x00000000
x19: 	0x00000000
x20: 	0x00000000
x21: 	0x00000000
x22: 	0x00000000
x23: 	0x00000000
x24: 	0x00000000
x25: 	0x00000000
x26: 	0x00000000
x27: 	0x00000000
x28: 	0x00000000
x29: 	0x00000000
x30: 	0x00000000
x31: 	0x00000000

0x00000e58	0x00000000	Unkown Instruction 

All Registers: 
x0: 	0x00000000
x1: 	0x00000000
x2: 	0x00000000
x3: 	0x00000000
x4: 	0x00000000
x5: 	0x00000000
x6: 	0x00000000
x7: 	0x00000000
x8: 	0x00000000
x9: 	0x00000000
x10: 	0x00000000
x11: 	0x00000000
x12: 	0x00000000
x13: 	0x00000000
x14: 	0x00000000
x15: 	0x00000000
x16: 	0x00000000
x17: 	0x00000000
x18: 	0x00000000
x19: 	0x00000000
x20: 	0x00000000
x21: 	0x00000000
x22: 	0x00000000
x23: 	0x00000000
x24: 	0x00000000
x25: 	0x00000000
x26: 	0x00000000
x27: 	0x00000000
x28: 	0x00000000
x29: 	0x00000000
x30: 	0x00000000
x31: 	0x00000000

0x00000e5c	0x00000000	Unkown Instruction 

All Registers: 
x0: 	0x00000000
x1: 	0x00000000
x2: 	0x00000000
x3: 	0x00000000
x4: 	0x00000000
x5: 	0x00000000
x6: 	0x00000000
x7: 	0x00000000
x8: 	0x00000000
x9: 	0x00000000
x10: 	0x00000000
x11: 	0x00000000
x12: 	0x00000000
x13: 	0x00000000
x14: 	0x00000000
x15: 	0x00000000
x16: 	0x00000000
x17: 	0x00000000
x18: 	0x00000000
x19: 	0x00000000
x20: 	0x00000000
x21: 	0x00000000
x22: 	0x00000000
x23: 	0x00000000
x24: 	0x00000000
x25: 	0x00000000
x26: 	0x00000000
x27: 	0x00000000
x28: 	0x00000000
x29: 	0x00000000
x30: 	0x00000000
x31: 	0x00000000

0x00000e60	0x00000000	Unkown Instruction 

All Registers: 
x0: 	0x00000000
x1: 	0x00000000
x2: 	0x00000000
x3: 	0x00000000
x4: 	0x00000000
x5: 	0x00000000
x6: 	0x00000000
x7: 	0x00000000
x8: 	0x00000000
x9: 	0x00000000
x10: 	0x00000000
x11: 	0x00000000
x12: 	0x00000000
x13: 	0x00000000
x14: 	0x00000000
x15: 	0x00000000
x16: 	0x00000000
x17: 	0x00000000
x18: 	0x00000000
x19: 	0x00000000
x20: 	0x00000000
x21: 	0x00000000
x22: 	0x00000000
x23: 	0x00000000
x24: 	0x00000000
x25: 	0x00000000
x26: 	0x00000000
x27: 	0x00000000
x28: 	0x00000000
x29: 	0x00000000
x30: 	0x00000000
x31: 	0x00000000

0x00000e64	0x00000000	Unkown Instruction 

All Registers: 
x0: 	0x00000000
x1: 	0x00000000
x2: 	0x00000000
x3: 	0x00000000
x4: 	0x00000000
x5: 	0x00000000
x6: 	0x00000000
x7: 	0x00000000
x8: 	0x00000000
x9: 	0x00000000
x10: 	0x00000000
x11: 	0x00000000
x12: 	0x00000000
x13: 	0x00000000
x14: 	0x00000000
x15: 	0x00000000
x16: 	0x00000000
x17: 	0x00000000
x18: 	0x00000000
x19: 	0x00000000
x20: 	0x00000000
x21: 	0x00000000
x22: 	0x00000000
x23: 	0x00000000
x24: 	0x00000000
x25: 	0x00000000
x26: 	0x00000000
x27: 	0x00000000
x28: 	0x00000000
x29: 	0x00000000
x30: 	0x00000000
x31: 	0x00000000

0x00000e68	0x00000000	Unkown Instruction 

All Registers: 
x0: 	0x00000000
x1: 	0x00000000
x2: 	0x00000000
x3: 	0x00000000
x4: 	0x00000000
x5: 	0x00000000
x6: 	0x00000000
x7: 	0x00000000
x8: 	0x00000000
x9: 	0x00000000
x10: 	0x00000000
x11: 	0x00000000
x12: 	0x00000000
x13: 	0x00000000
x14: 	0x00000000
x15: 	0x00000000
x16: 	0x00000000
x17: 	0x00000000
x18: 	0x00000000
x19: 	0x00000000
x20: 	0x00000000
x21: 	0x00000000
x22: 	0x00000000
x23: 	0x00000000
x24: 	0x00000000
x25: 	0x00000000
x26: 	0x00000000
x27: 	0x00000000
x28: 	0x00000000
x29: 	0x00000000
x30: 	0x00000000
x31: 	0x00000000

0x00000e6c	0x00000000	Unkown Instruction 

All Registers: 
x0: 	0x00000000
x1: 	0x00000000
x2: 	0x00000000
x3: 	0x00000000
x4: 	0x00000000
x5: 	0x00000000
x6: 	0x00000000
x7: 	0x00000000
x8: 	0x00000000
x9: 	0x00000000
x10: 	0x00000000
x11: 	0x00000000
x12: 	0x00000000
x13: 	0x00000000
x14: 	0x00000000
x15: 	0x00000000
x16: 	0x00000000
x17: 	0x00000000
x18: 	0x00000000
x19: 	0x00000000
x20: 	0x00000000
x21: 	0x00000000
x22: 	0x00000000
x23: 	0x00000000
x24: 	0x00000000
x25: 	0x00000000
x26: 	0x00000000
x27: 	0x00000000
x28: 	0x00000000
x29: 	0x00000000
x30: 	0x00000000
x31: 	0x00000000

0x00000e70	0x00000000	Unkown Instruction 

All Registers: 
x0: 	0x00000000
x1: 	0x00000000
x2: 	0x00000000
x3: 	0x00000000
x4: 	0x00000000
x5: 	0x00000000
x6: 	0x00000000
x7: 	0x00000000
x8: 	0x00000000
x9: 	0x00000000
x10: 	0x00000000
x11: 	0x00000000
x12: 	0x00000000
x13: 	0x00000000
x14: 	0x00000000
x15: 	0x00000000
x16: 	0x00000000
x17: 	0x00000000
x18: 	0x00000000
x19: 	0x00000000
x20: 	0x00000000
x21: 	0x00000000
x22: 	0x00000000
x23: 	0x00000000
x24: 	0x00000000
x25: 	0x00000000
x26: 	0x00000000
x27: 	0x00000000
x28: 	0x00000000
x29: 	0x00000000
x30: 	0x00000000
x31: 	0x00000000

0x00000e74	0x00000000	Unkown Instruction 

All Registers: 
x0: 	0x00000000
x1: 	0x00000000
x2: 	0x00000000
x3: 	0x00000000
x4: 	0x00000000
x5: 	0x00000000
x6: 	0x00000000
x7: 	0x00000000
x8: 	0x00000000
x9: 	0x00000000
x10: 	0x00000000
x11: 	0x00000000
x12: 	0x00000000
x13: 	0x00000000
x14: 	0x00000000
x15: 	0x00000000
x16: 	0x00000000
x17: 	0x00000000
x18: 	0x00000000
x19: 	0x00000000
x20: 	0x00000000
x21: 	0x00000000
x22: 	0x00000000
x23: 	0x00000000
x24: 	0x00000000
x25: 	0x00000000
x26: 	0x00000000
x27: 	0x00000000
x28: 	0x00000000
x29: 	0x00000000
x30: 	0x00000000
x31: 	0x00000000

0x00000e78	0x00000000	Unkown Instruction 

All Registers: 
x0: 	0x00000000
x1: 	0x00000000
x2: 	0x00000000
x3: 	0x00000000
x4: 	0x00000000
x5: 	0x00000000
x6: 	0x00000000
x7: 	0x00000000
x8: 	0x00000000
x9: 	0x00000000
x10: 	0x00000000
x11: 	0x00000000
x12: 	0x00000000
x13: 	0x00000000
x14: 	0x00000000
x15: 	0x00000000
x16: 	0x00000000
x17: 	0x00000000
x18: 	0x00000000
x19: 	0x00000000
x20: 	0x00000000
x21: 	0x00000000
x22: 	0x00000000
x23: 	0x00000000
x24: 	0x00000000
x25: 	0x00000000
x26: 	0x00000000
x27: 	0x00000000
x28: 	0x00000000
x29: 	0x00000000
x30: 	0x00000000
x31: 	0x00000000

0x00000e7c	0x00000000	Unkown Instruction 

All Registers: 
x0: 	0x00000000
x1: 	0x00000000
x2: 	0x00000000
x3: 	0x00000000
x4: 	0x00000000
x5: 	0x00000000
x6: 	0x00000000
x7: 	0x00000000
x8: 	0x00000000
x9: 	0x00000000
x10: 	0x00000000
x11: 	0x00000000
x12: 	0x00000000
x13: 	0x00000000
x14: 	0x00000000
x15: 	0x00000000
x16: 	0x00000000
x17: 	0x00000000
x18: 	0x00000000
x19: 	0x00000000
x20: 	0x00000000
x21: 	0x00000000
x22: 	0x00000000
x23: 	0x00000000
x24: 	0x00000000
x25: 	0x00000000
x26: 	0x00000000
x27: 	0x00000000
x28: 	0x00000000
x29: 	0x00000000
x30: 	0x00000000
x31: 	0x00000000

0x00000e80	0x00000000	Unkown Instruction 

All Registers: 
x0: 	0x00000000
x1: 	0x00000000
x2: 	0x00000000
x3: 	0x00000000
x4: 	0x00000000
x5: 	0x00000000
x6: 	0x00000000
x7: 	0x00000000
x8: 	0x00000000
x9: 	0x00000000
x10: 	0x00000000
x11: 	0x00000000
x12: 	0x00000000
x13: 	0x00000000
x14: 	0x00000000
x15: 	0x00000000
x16: 	0x00000000
x17: 	0x00000000
x18: 	0x00000000
x19: 	0x00000000
x20: 	0x00000000
x21: 	0x00000000
x22: 	0x00000000
x23: 	0x00000000
x24: 	0x00000000
x25: 	0x00000000
x26: 	0x00000000
x27: 	0x00000000
x28: 	0x00000000
x29: 	0x00000000
x30: 	0x00000000
x31: 	0x00000000

0x00000e84	0x00000000	Unkown Instruction 

All Registers: 
x0: 	0x00000000
x1: 	0x00000000
x2: 	0x00000000
x3: 	0x00000000
x4: 	0x00000000
x5: 	0x00000000
x6: 	0x00000000
x7: 	0x00000000
x8: 	0x00000000
x9: 	0x00000000
x10: 	0x00000000
x11: 	0x00000000
x12: 	0x00000000
x13: 	0x00000000
x14: 	0x00000000
x15: 	0x00000000
x16: 	0x00000000
x17: 	0x00000000
x18: 	0x00000000
x19: 	0x00000000
x20: 	0x00000000
x21: 	0x00000000
x22: 	0x00000000
x23: 	0x00000000
x24: 	0x00000000
x25: 	0x00000000
x26: 	0x00000000
x27: 	0x00000000
x28: 	0x00000000
x29: 	0x00000000
x30: 	0x00000000
x31: 	0x00000000

0x00000e88	0x00000000	Unkown Instruction 

All Registers: 
x0: 	0x00000000
x1: 	0x00000000
x2: 	0x00000000
x3: 	0x00000000
x4: 	0x00000000
x5: 	0x00000000
x6: 	0x00000000
x7: 	0x00000000
x8: 	0x00000000
x9: 	0x00000000
x10: 	0x00000000
x11: 	0x00000000
x12: 	0x00000000
x13: 	0x00000000
x14: 	0x00000000
x15: 	0x00000000
x16: 	0x00000000
x17: 	0x00000000
x18: 	0x00000000
x19: 	0x00000000
x20: 	0x00000000
x21: 	0x00000000
x22: 	0x00000000
x23: 	0x00000000
x24: 	0x00000000
x25: 	0x00000000
x26: 	0x00000000
x27: 	0x00000000
x28: 	0x00000000
x29: 	0x00000000
x30: 	0x00000000
x31: 	0x00000000

0x00000e8c	0x00000000	Unkown Instruction 

All Registers: 
x0: 	0x00000000
x1: 	0x00000000
x2: 	0x00000000
x3: 	0x00000000
x4: 	0x00000000
x5: 	0x00000000
x6: 	0x00000000
x7: 	0x00000000
x8: 	0x00000000
x9: 	0x00000000
x10: 	0x00000000
x11: 	0x00000000
x12: 	0x00000000
x13: 	0x00000000
x14: 	0x00000000
x15: 	0x00000000
x16: 	0x00000000
x17: 	0x00000000
x18: 	0x00000000
x19: 	0x00000000
x20: 	0x00000000
x21: 	0x00000000
x22: 	0x00000000
x23: 	0x00000000
x24: 	0x00000000
x25: 	0x00000000
x26: 	0x00000000
x27: 	0x00000000
x28: 	0x00000000
x29: 	0x00000000
x30: 	0x00000000
x31: 	0x00000000

0x00000e90	0x00000000	Unkown Instruction 

All Registers: 
x0: 	0x00000000
x1: 	0x00000000
x2: 	0x00000000
x3: 	0x00000000
x4: 	0x00000000
x5: 	0x00000000
x6: 	0x00000000
x7: 	0x00000000
x8: 	0x00000000
x9: 	0x00000000
x10: 	0x00000000
x11: 	0x00000000
x12: 	0x00000000
x13: 	0x00000000
x14: 	0x00000000
x15: 	0x00000000
x16: 	0x00000000
x17: 	0x00000000
x18: 	0x00000000
x19: 	0x00000000
x20: 	0x00000000
x21: 	0x00000000
x22: 	0x00000000
x23: 	0x00000000
x24: 	0x00000000
x25: 	0x00000000
x26: 	0x00000000
x27: 	0x00000000
x28: 	0x00000000
x29: 	0x00000000
x30: 	0x00000000
x31: 	0x00000000

0x00000e94	0x00000000	Unkown Instruction 

All Registers: 
x0: 	0x00000000
x1: 	0x00000000
x2: 	0x00000000
x3: 	0x00000000
x4: 	0x00000000
x5: 	0x00000000
x6: 	0x00000000
x7: 	0x00000000
x8: 	0x00000000
x9: 	0x00000000
x10: 	0x00000000
x11: 	0x00000000
x12: 	0x00000000
x13: 	0x00000000
x14: 	0x00000000
x15: 	0x00000000
x16: 	0x00000000
x17: 	0x00000000
x18: 	0x00000000
x19: 	0x00000000
x20: 	0x00000000
x21: 	0x00000000
x22: 	0x00000000
x23: 	0x00000000
x24: 	0x00000000
x25: 	0x00000000
x26: 	0x00000000
x27: 	0x00000000
x28: 	0x00000000
x29: 	0x00000000
x30: 	0x00000000
x31: 	0x00000000

0x00000e98	0x00000000	Unkown Instruction 

All Registers: 
x0: 	0x00000000
x1: 	0x00000000
x2: 	0x00000000
x3: 	0x00000000
x4: 	0x00000000
x5: 	0x00000000
x6: 	0x00000000
x7: 	0x00000000
x8: 	0x00000000
x9: 	0x00000000
x10: 	0x00000000
x11: 	0x00000000
x12: 	0x00000000
x13: 	0x00000000
x14: 	0x00000000
x15: 	0x00000000
x16: 	0x00000000
x17: 	0x00000000
x18: 	0x00000000
x19: 	0x00000000
x20: 	0x00000000
x21: 	0x00000000
x22: 	0x00000000
x23: 	0x00000000
x24: 	0x00000000
x25: 	0x00000000
x26: 	0x00000000
x27: 	0x00000000
x28: 	0x00000000
x29: 	0x00000000
x30: 	0x00000000
x31: 	0x00000000

0x00000e9c	0x00000000	Unkown Instruction 

All Registers: 
x0: 	0x00000000
x1: 	0x00000000
x2: 	0x00000000
x3: 	0x00000000
x4: 	0x00000000
x5: 	0x00000000
x6: 	0x00000000
x7: 	0x00000000
x8: 	0x00000000
x9: 	0x00000000
x10: 	0x00000000
x11: 	0x00000000
x12: 	0x00000000
x13: 	0x00000000
x14: 	0x00000000
x15: 	0x00000000
x16: 	0x00000000
x17: 	0x00000000
x18: 	0x00000000
x19: 	0x00000000
x20: 	0x00000000
x21: 	0x00000000
x22: 	0x00000000
x23: 	0x00000000
x24: 	0x00000000
x25: 	0x00000000
x26: 	0x00000000
x27: 	0x00000000
x28: 	0x00000000
x29: 	0x00000000
x30: 	0x00000000
x31: 	0x00000000

0x00000ea0	0x00000000	Unkown Instruction 

All Registers: 
x0: 	0x00000000
x1: 	0x00000000
x2: 	0x00000000
x3: 	0x00000000
x4: 	0x00000000
x5: 	0x00000000
x6: 	0x00000000
x7: 	0x00000000
x8: 	0x00000000
x9: 	0x00000000
x10: 	0x00000000
x11: 	0x00000000
x12: 	0x00000000
x13: 	0x00000000
x14: 	0x00000000
x15: 	0x00000000
x16: 	0x00000000
x17: 	0x00000000
x18: 	0x00000000
x19: 	0x00000000
x20: 	0x00000000
x21: 	0x00000000
x22: 	0x00000000
x23: 	0x00000000
x24: 	0x00000000
x25: 	0x00000000
x26: 	0x00000000
x27: 	0x00000000
x28: 	0x00000000
x29: 	0x00000000
x30: 	0x00000000
x31: 	0x00000000

0x00000ea4	0x00000000	Unkown Instruction 

All Registers: 
x0: 	0x00000000
x1: 	0x00000000
x2: 	0x00000000
x3: 	0x00000000
x4: 	0x00000000
x5: 	0x00000000
x6: 	0x00000000
x7: 	0x00000000
x8: 	0x00000000
x9: 	0x00000000
x10: 	0x00000000
x11: 	0x00000000
x12: 	0x00000000
x13: 	0x00000000
x14: 	0x00000000
x15: 	0x00000000
x16: 	0x00000000
x17: 	0x00000000
x18: 	0x00000000
x19: 	0x00000000
x20: 	0x00000000
x21: 	0x00000000
x22: 	0x00000000
x23: 	0x00000000
x24: 	0x00000000
x25: 	0x00000000
x26: 	0x00000000
x27: 	0x00000000
x28: 	0x00000000
x29: 	0x00000000
x30: 	0x00000000
x31: 	0x00000000

0x00000ea8	0x00000000	Unkown Instruction 

All Registers: 
x0: 	0x00000000
x1: 	0x00000000
x2: 	0x00000000
x3: 	0x00000000
x4: 	0x00000000
x5: 	0x00000000
x6: 	0x00000000
x7: 	0x00000000
x8: 	0x00000000
x9: 	0x00000000
x10: 	0x00000000
x11: 	0x00000000
x12: 	0x00000000
x13: 	0x00000000
x14: 	0x00000000
x15: 	0x00000000
x16: 	0x00000000
x17: 	0x00000000
x18: 	0x00000000
x19: 	0x00000000
x20: 	0x00000000
x21: 	0x00000000
x22: 	0x00000000
x23: 	0x00000000
x24: 	0x00000000
x25: 	0x00000000
x26: 	0x00000000
x27: 	0x00000000
x28: 	0x00000000
x29: 	0x00000000
x30: 	0x00000000
x31: 	0x00000000

0x00000eac	0x00000000	Unkown Instruction 

All Registers: 
x0: 	0x00000000
x1: 	0x00000000
x2: 	0x00000000
x3: 	0x00000000
x4: 	0x00000000
x5: 	0x00000000
x6: 	0x00000000
x7: 	0x00000000
x8: 	0x00000000
x9: 	0x00000000
x10: 	0x00000000
x11: 	0x00000000
x12: 	0x00000000
x13: 	0x00000000
x14: 	0x00000000
x15: 	0x00000000
x16: 	0x00000000
x17: 	0x00000000
x18: 	0x00000000
x19: 	0x00000000
x20: 	0x00000000
x21: 	0x00000000
x22: 	0x00000000
x23: 	0x00000000
x24: 	0x00000000
x25: 	0x00000000
x26: 	0x00000000
x27: 	0x00000000
x28: 	0x00000000
x29: 	0x00000000
x30: 	0x00000000
x31: 	0x00000000

0x00000eb0	0x00000000	Unkown Instruction 

All Registers: 
x0: 	0x00000000
x1: 	0x00000000
x2: 	0x00000000
x3: 	0x00000000
x4: 	0x00000000
x5: 	0x00000000
x6: 	0x00000000
x7: 	0x00000000
x8: 	0x00000000
x9: 	0x00000000
x10: 	0x00000000
x11: 	0x00000000
x12: 	0x00000000
x13: 	0x00000000
x14: 	0x00000000
x15: 	0x00000000
x16: 	0x00000000
x17: 	0x00000000
x18: 	0x00000000
x19: 	0x00000000
x20: 	0x00000000
x21: 	0x00000000
x22: 	0x00000000
x23: 	0x00000000
x24: 	0x00000000
x25: 	0x00000000
x26: 	0x00000000
x27: 	0x00000000
x28: 	0x00000000
x29: 	0x00000000
x30: 	0x00000000
x31: 	0x00000000

0x00000eb4	0x00000000	Unkown Instruction 

All Registers: 
x0: 	0x00000000
x1: 	0x00000000
x2: 	0x00000000
x3: 	0x00000000
x4: 	0x00000000
x5: 	0x00000000
x6: 	0x00000000
x7: 	0x00000000
x8: 	0x00000000
x9: 	0x00000000
x10: 	0x00000000
x11: 	0x00000000
x12: 	0x00000000
x13: 	0x00000000
x14: 	0x00000000
x15: 	0x00000000
x16: 	0x00000000
x17: 	0x00000000
x18: 	0x00000000
x19: 	0x00000000
x20: 	0x00000000
x21: 	0x00000000
x22: 	0x00000000
x23: 	0x00000000
x24: 	0x00000000
x25: 	0x00000000
x26: 	0x00000000
x27: 	0x00000000
x28: 	0x00000000
x29: 	0x00000000
x30: 	0x00000000
x31: 	0x00000000

0x00000eb8	0x00000000	Unkown Instruction 

All Registers: 
x0: 	0x00000000
x1: 	0x00000000
x2: 	0x00000000
x3: 	0x00000000
x4: 	0x00000000
x5: 	0x00000000
x6: 	0x00000000
x7: 	0x00000000
x8: 	0x00000000
x9: 	0x00000000
x10: 	0x00000000
x11: 	0x00000000
x12: 	0x00000000
x13: 	0x00000000
x14: 	0x00000000
x15: 	0x00000000
x16: 	0x00000000
x17: 	0x00000000
x18: 	0x00000000
x19: 	0x00000000
x20: 	0x00000000
x21: 	0x00000000
x22: 	0x00000000
x23: 	0x00000000
x24: 	0x00000000
x25: 	0x00000000
x26: 	0x00000000
x27: 	0x00000000
x28: 	0x00000000
x29: 	0x00000000
x30: 	0x00000000
x31: 	0x00000000

0x00000ebc	0x00000000	Unkown Instruction 

All Registers: 
x0: 	0x00000000
x1: 	0x00000000
x2: 	0x00000000
x3: 	0x00000000
x4: 	0x00000000
x5: 	0x00000000
x6: 	0x00000000
x7: 	0x00000000
x8: 	0x00000000
x9: 	0x00000000
x10: 	0x00000000
x11: 	0x00000000
x12: 	0x00000000
x13: 	0x00000000
x14: 	0x00000000
x15: 	0x00000000
x16: 	0x00000000
x17: 	0x00000000
x18: 	0x00000000
x19: 	0x00000000
x20: 	0x00000000
x21: 	0x00000000
x22: 	0x00000000
x23: 	0x00000000
x24: 	0x00000000
x25: 	0x00000000
x26: 	0x00000000
x27: 	0x00000000
x28: 	0x00000000
x29: 	0x00000000
x30: 	0x00000000
x31: 	0x00000000

0x00000ec0	0x00000000	Unkown Instruction 

All Registers: 
x0: 	0x00000000
x1: 	0x00000000
x2: 	0x00000000
x3: 	0x00000000
x4: 	0x00000000
x5: 	0x00000000
x6: 	0x00000000
x7: 	0x00000000
x8: 	0x00000000
x9: 	0x00000000
x10: 	0x00000000
x11: 	0x00000000
x12: 	0x00000000
x13: 	0x00000000
x14: 	0x00000000
x15: 	0x00000000
x16: 	0x00000000
x17: 	0x00000000
x18: 	0x00000000
x19: 	0x00000000
x20: 	0x00000000
x21: 	0x00000000
x22: 	0x00000000
x23: 	0x00000000
x24: 	0x00000000
x25: 	0x00000000
x26: 	0x00000000
x27: 	0x00000000
x28: 	0x00000000
x29: 	0x00000000
x30: 	0x00000000
x31: 	0x00000000

0x00000ec4	0x00000000	Unkown Instruction 

All Registers: 
x0: 	0x00000000
x1: 	0x00000000
x2: 	0x00000000
x3: 	0x00000000
x4: 	0x00000000
x5: 	0x00000000
x6: 	0x00000000
x7: 	0x00000000
x8: 	0x00000000
x9: 	0x00000000
x10: 	0x00000000
x11: 	0x00000000
x12: 	0x00000000
x13: 	0x00000000
x14: 	0x00000000
x15: 	0x00000000
x16: 	0x00000000
x17: 	0x00000000
x18: 	0x00000000
x19: 	0x00000000
x20: 	0x00000000
x21: 	0x00000000
x22: 	0x00000000
x23: 	0x00000000
x24: 	0x00000000
x25: 	0x00000000
x26: 	0x00000000
x27: 	0x00000000
x28: 	0x00000000
x29: 	0x00000000
x30: 	0x00000000
x31: 	0x00000000

0x00000ec8	0x00000000	Unkown Instruction 

All Registers: 
x0: 	0x00000000
x1: 	0x00000000
x2: 	0x00000000
x3: 	0x00000000
x4: 	0x00000000
x5: 	0x00000000
x6: 	0x00000000
x7: 	0x00000000
x8: 	0x00000000
x9: 	0x00000000
x10: 	0x00000000
x11: 	0x00000000
x12: 	0x00000000
x13: 	0x00000000
x14: 	0x00000000
x15: 	0x00000000
x16: 	0x00000000
x17: 	0x00000000
x18: 	0x00000000
x19: 	0x00000000
x20: 	0x00000000
x21: 	0x00000000
x22: 	0x00000000
x23: 	0x00000000
x24: 	0x00000000
x25: 	0x00000000
x26: 	0x00000000
x27: 	0x00000000
x28: 	0x00000000
x29: 	0x00000000
x30: 	0x00000000
x31: 	0x00000000

0x00000ecc	0x00000000	Unkown Instruction 

All Registers: 
x0: 	0x00000000
x1: 	0x00000000
x2: 	0x00000000
x3: 	0x00000000
x4: 	0x00000000
x5: 	0x00000000
x6: 	0x00000000
x7: 	0x00000000
x8: 	0x00000000
x9: 	0x00000000
x10: 	0x00000000
x11: 	0x00000000
x12: 	0x00000000
x13: 	0x00000000
x14: 	0x00000000
x15: 	0x00000000
x16: 	0x00000000
x17: 	0x00000000
x18: 	0x00000000
x19: 	0x00000000
x20: 	0x00000000
x21: 	0x00000000
x22: 	0x00000000
x23: 	0x00000000
x24: 	0x00000000
x25: 	0x00000000
x26: 	0x00000000
x27: 	0x00000000
x28: 	0x00000000
x29: 	0x00000000
x30: 	0x00000000
x31: 	0x00000000

0x00000ed0	0x00000000	Unkown Instruction 

All Registers: 
x0: 	0x00000000
x1: 	0x00000000
x2: 	0x00000000
x3: 	0x00000000
x4: 	0x00000000
x5: 	0x00000000
x6: 	0x00000000
x7: 	0x00000000
x8: 	0x00000000
x9: 	0x00000000
x10: 	0x00000000
x11: 	0x00000000
x12: 	0x00000000
x13: 	0x00000000
x14: 	0x00000000
x15: 	0x00000000
x16: 	0x00000000
x17: 	0x00000000
x18: 	0x00000000
x19: 	0x00000000
x20: 	0x00000000
x21: 	0x00000000
x22: 	0x00000000
x23: 	0x00000000
x24: 	0x00000000
x25: 	0x00000000
x26: 	0x00000000
x27: 	0x00000000
x28: 	0x00000000
x29: 	0x00000000
x30: 	0x00000000
x31: 	0x00000000

0x00000ed4	0x00000000	Unkown Instruction 

All Registers: 
x0: 	0x00000000
x1: 	0x00000000
x2: 	0x00000000
x3: 	0x00000000
x4: 	0x00000000
x5: 	0x00000000
x6: 	0x00000000
x7: 	0x00000000
x8: 	0x00000000
x9: 	0x00000000
x10: 	0x00000000
x11: 	0x00000000
x12: 	0x00000000
x13: 	0x00000000
x14: 	0x00000000
x15: 	0x00000000
x16: 	0x00000000
x17: 	0x00000000
x18: 	0x00000000
x19: 	0x00000000
x20: 	0x00000000
x21: 	0x00000000
x22: 	0x00000000
x23: 	0x00000000
x24: 	0x00000000
x25: 	0x00000000
x26: 	0x00000000
x27: 	0x00000000
x28: 	0x00000000
x29: 	0x00000000
x30: 	0x00000000
x31: 	0x00000000

0x00000ed8	0x00000000	Unkown Instruction 

All Registers: 
x0: 	0x00000000
x1: 	0x00000000
x2: 	0x00000000
x3: 	0x00000000
x4: 	0x00000000
x5: 	0x00000000
x6: 	0x00000000
x7: 	0x00000000
x8: 	0x00000000
x9: 	0x00000000
x10: 	0x00000000
x11: 	0x00000000
x12: 	0x00000000
x13: 	0x00000000
x14: 	0x00000000
x15: 	0x00000000
x16: 	0x00000000
x17: 	0x00000000
x18: 	0x00000000
x19: 	0x00000000
x20: 	0x00000000
x21: 	0x00000000
x22: 	0x00000000
x23: 	0x00000000
x24: 	0x00000000
x25: 	0x00000000
x26: 	0x00000000
x27: 	0x00000000
x28: 	0x00000000
x29: 	0x00000000
x30: 	0x00000000
x31: 	0x00000000

0x00000edc	0x00000000	Unkown Instruction 

All Registers: 
x0: 	0x00000000
x1: 	0x00000000
x2: 	0x00000000
x3: 	0x00000000
x4: 	0x00000000
x5: 	0x00000000
x6: 	0x00000000
x7: 	0x00000000
x8: 	0x00000000
x9: 	0x00000000
x10: 	0x00000000
x11: 	0x00000000
x12: 	0x00000000
x13: 	0x00000000
x14: 	0x00000000
x15: 	0x00000000
x16: 	0x00000000
x17: 	0x00000000
x18: 	0x00000000
x19: 	0x00000000
x20: 	0x00000000
x21: 	0x00000000
x22: 	0x00000000
x23: 	0x00000000
x24: 	0x00000000
x25: 	0x00000000
x26: 	0x00000000
x27: 	0x00000000
x28: 	0x00000000
x29: 	0x00000000
x30: 	0x00000000
x31: 	0x00000000

0x00000ee0	0x00000000	Unkown Instruction 

All Registers: 
x0: 	0x00000000
x1: 	0x00000000
x2: 	0x00000000
x3: 	0x00000000
x4: 	0x00000000
x5: 	0x00000000
x6: 	0x00000000
x7: 	0x00000000
x8: 	0x00000000
x9: 	0x00000000
x10: 	0x00000000
x11: 	0x00000000
x12: 	0x00000000
x13: 	0x00000000
x14: 	0x00000000
x15: 	0x00000000
x16: 	0x00000000
x17: 	0x00000000
x18: 	0x00000000
x19: 	0x00000000
x20: 	0x00000000
x21: 	0x00000000
x22: 	0x00000000
x23: 	0x00000000
x24: 	0x00000000
x25: 	0x00000000
x26: 	0x00000000
x27: 	0x00000000
x28: 	0x00000000
x29: 	0x00000000
x30: 	0x00000000
x31: 	0x00000000

0x00000ee4	0x00000000	Unkown Instruction 

All Registers: 
x0: 	0x00000000
x1: 	0x00000000
x2: 	0x00000000
x3: 	0x00000000
x4: 	0x00000000
x5: 	0x00000000
x6: 	0x00000000
x7: 	0x00000000
x8: 	0x00000000
x9: 	0x00000000
x10: 	0x00000000
x11: 	0x00000000
x12: 	0x00000000
x13: 	0x00000000
x14: 	0x00000000
x15: 	0x00000000
x16: 	0x00000000
x17: 	0x00000000
x18: 	0x00000000
x19: 	0x00000000
x20: 	0x00000000
x21: 	0x00000000
x22: 	0x00000000
x23: 	0x00000000
x24: 	0x00000000
x25: 	0x00000000
x26: 	0x00000000
x27: 	0x00000000
x28: 	0x00000000
x29: 	0x00000000
x30: 	0x00000000
x31: 	0x00000000

0x00000ee8	0x00000000	Unkown Instruction 

All Registers: 
x0: 	0x00000000
x1: 	0x00000000
x2: 	0x00000000
x3: 	0x00000000
x4: 	0x00000000
x5: 	0x00000000
x6: 	0x00000000
x7: 	0x00000000
x8: 	0x00000000
x9: 	0x00000000
x10: 	0x00000000
x11: 	0x00000000
x12: 	0x00000000
x13: 	0x00000000
x14: 	0x00000000
x15: 	0x00000000
x16: 	0x00000000
x17: 	0x00000000
x18: 	0x00000000
x19: 	0x00000000
x20: 	0x00000000
x21: 	0x00000000
x22: 	0x00000000
x23: 	0x00000000
x24: 	0x00000000
x25: 	0x00000000
x26: 	0x00000000
x27: 	0x00000000
x28: 	0x00000000
x29: 	0x00000000
x30: 	0x00000000
x31: 	0x00000000

0x00000eec	0x00000000	Unkown Instruction 

All Registers: 
x0: 	0x00000000
x1: 	0x00000000
x2: 	0x00000000
x3: 	0x00000000
x4: 	0x00000000
x5: 	0x00000000
x6: 	0x00000000
x7: 	0x00000000
x8: 	0x00000000
x9: 	0x00000000
x10: 	0x00000000
x11: 	0x00000000
x12: 	0x00000000
x13: 	0x00000000
x14: 	0x00000000
x15: 	0x00000000
x16: 	0x00000000
x17: 	0x00000000
x18: 	0x00000000
x19: 	0x00000000
x20: 	0x00000000
x21: 	0x00000000
x22: 	0x00000000
x23: 	0x00000000
x24: 	0x00000000
x25: 	0x00000000
x26: 	0x00000000
x27: 	0x00000000
x28: 	0x00000000
x29: 	0x00000000
x30: 	0x00000000
x31: 	0x00000000

0x00000ef0	0x00000000	Unkown Instruction 

All Registers: 
x0: 	0x00000000
x1: 	0x00000000
x2: 	0x00000000
x3: 	0x00000000
x4: 	0x00000000
x5: 	0x00000000
x6: 	0x00000000
x7: 	0x00000000
x8: 	0x00000000
x9: 	0x00000000
x10: 	0x00000000
x11: 	0x00000000
x12: 	0x00000000
x13: 	0x00000000
x14: 	0x00000000
x15: 	0x00000000
x16: 	0x00000000
x17: 	0x00000000
x18: 	0x00000000
x19: 	0x00000000
x20: 	0x00000000
x21: 	0x00000000
x22: 	0x00000000
x23: 	0x00000000
x24: 	0x00000000
x25: 	0x00000000
x26: 	0x00000000
x27: 	0x00000000
x28: 	0x00000000
x29: 	0x00000000
x30: 	0x00000000
x31: 	0x00000000

0x00000ef4	0x00000000	Unkown Instruction 

All Registers: 
x0: 	0x00000000
x1: 	0x00000000
x2: 	0x00000000
x3: 	0x00000000
x4: 	0x00000000
x5: 	0x00000000
x6: 	0x00000000
x7: 	0x00000000
x8: 	0x00000000
x9: 	0x00000000
x10: 	0x00000000
x11: 	0x00000000
x12: 	0x00000000
x13: 	0x00000000
x14: 	0x00000000
x15: 	0x00000000
x16: 	0x00000000
x17: 	0x00000000
x18: 	0x00000000
x19: 	0x00000000
x20: 	0x00000000
x21: 	0x00000000
x22: 	0x00000000
x23: 	0x00000000
x24: 	0x00000000
x25: 	0x00000000
x26: 	0x00000000
x27: 	0x00000000
x28: 	0x00000000
x29: 	0x00000000
x30: 	0x00000000
x31: 	0x00000000

0x00000ef8	0x00000000	Unkown Instruction 

All Registers: 
x0: 	0x00000000
x1: 	0x00000000
x2: 	0x00000000
x3: 	0x00000000
x4: 	0x00000000
x5: 	0x00000000
x6: 	0x00000000
x7: 	0x00000000
x8: 	0x00000000
x9: 	0x00000000
x10: 	0x00000000
x11: 	0x00000000
x12: 	0x00000000
x13: 	0x00000000
x14: 	0x00000000
x15: 	0x00000000
x16: 	0x00000000
x17: 	0x00000000
x18: 	0x00000000
x19: 	0x00000000
x20: 	0x00000000
x21: 	0x00000000
x22: 	0x00000000
x23: 	0x00000000
x24: 	0x00000000
x25: 	0x00000000
x26: 	0x00000000
x27: 	0x00000000
x28: 	0x00000000
x29: 	0x00000000
x30: 	0x00000000
x31: 	0x00000000

0x00000efc	0x00000000	Unkown Instruction 

All Registers: 
x0: 	0x00000000
x1: 	0x00000000
x2: 	0x00000000
x3: 	0x00000000
x4: 	0x00000000
x5: 	0x00000000
x6: 	0x00000000
x7: 	0x00000000
x8: 	0x00000000
x9: 	0x00000000
x10: 	0x00000000
x11: 	0x00000000
x12: 	0x00000000
x13: 	0x00000000
x14: 	0x00000000
x15: 	0x00000000
x16: 	0x00000000
x17: 	0x00000000
x18: 	0x00000000
x19: 	0x00000000
x20: 	0x00000000
x21: 	0x00000000
x22: 	0x00000000
x23: 	0x00000000
x24: 	0x00000000
x25: 	0x00000000
x26: 	0x00000000
x27: 	0x00000000
x28: 	0x00000000
x29: 	0x00000000
x30: 	0x00000000
x31: 	0x00000000

0x00000f00	0x00000000	Unkown Instruction 

All Registers: 
x0: 	0x00000000
x1: 	0x00000000
x2: 	0x00000000
x3: 	0x00000000
x4: 	0x00000000
x5: 	0x00000000
x6: 	0x00000000
x7: 	0x00000000
x8: 	0x00000000
x9: 	0x00000000
x10: 	0x00000000
x11: 	0x00000000
x12: 	0x00000000
x13: 	0x00000000
x14: 	0x00000000
x15: 	0x00000000
x16: 	0x00000000
x17: 	0x00000000
x18: 	0x00000000
x19: 	0x00000000
x20: 	0x00000000
x21: 	0x00000000
x22: 	0x00000000
x23: 	0x00000000
x24: 	0x00000000
x25: 	0x00000000
x26: 	0x00000000
x27: 	0x00000000
x28: 	0x00000000
x29: 	0x00000000
x30: 	0x00000000
x31: 	0x00000000

0x00000f04	0x00000000	Unkown Instruction 

All Registers: 
x0: 	0x00000000
x1: 	0x00000000
x2: 	0x00000000
x3: 	0x00000000
x4: 	0x00000000
x5: 	0x00000000
x6: 	0x00000000
x7: 	0x00000000
x8: 	0x00000000
x9: 	0x00000000
x10: 	0x00000000
x11: 	0x00000000
x12: 	0x00000000
x13: 	0x00000000
x14: 	0x00000000
x15: 	0x00000000
x16: 	0x00000000
x17: 	0x00000000
x18: 	0x00000000
x19: 	0x00000000
x20: 	0x00000000
x21: 	0x00000000
x22: 	0x00000000
x23: 	0x00000000
x24: 	0x00000000
x25: 	0x00000000
x26: 	0x00000000
x27: 	0x00000000
x28: 	0x00000000
x29: 	0x00000000
x30: 	0x00000000
x31: 	0x00000000

0x00000f08	0x00000000	Unkown Instruction 

All Registers: 
x0: 	0x00000000
x1: 	0x00000000
x2: 	0x00000000
x3: 	0x00000000
x4: 	0x00000000
x5: 	0x00000000
x6: 	0x00000000
x7: 	0x00000000
x8: 	0x00000000
x9: 	0x00000000
x10: 	0x00000000
x11: 	0x00000000
x12: 	0x00000000
x13: 	0x00000000
x14: 	0x00000000
x15: 	0x00000000
x16: 	0x00000000
x17: 	0x00000000
x18: 	0x00000000
x19: 	0x00000000
x20: 	0x00000000
x21: 	0x00000000
x22: 	0x00000000
x23: 	0x00000000
x24: 	0x00000000
x25: 	0x00000000
x26: 	0x00000000
x27: 	0x00000000
x28: 	0x00000000
x29: 	0x00000000
x30: 	0x00000000
x31: 	0x00000000

0x00000f0c	0x00000000	Unkown Instruction 

All Registers: 
x0: 	0x00000000
x1: 	0x00000000
x2: 	0x00000000
x3: 	0x00000000
x4: 	0x00000000
x5: 	0x00000000
x6: 	0x00000000
x7: 	0x00000000
x8: 	0x00000000
x9: 	0x00000000
x10: 	0x00000000
x11: 	0x00000000
x12: 	0x00000000
x13: 	0x00000000
x14: 	0x00000000
x15: 	0x00000000
x16: 	0x00000000
x17: 	0x00000000
x18: 	0x00000000
x19: 	0x00000000
x20: 	0x00000000
x21: 	0x00000000
x22: 	0x00000000
x23: 	0x00000000
x24: 	0x00000000
x25: 	0x00000000
x26: 	0x00000000
x27: 	0x00000000
x28: 	0x00000000
x29: 	0x00000000
x30: 	0x00000000
x31: 	0x00000000

0x00000f10	0x00000000	Unkown Instruction 

All Registers: 
x0: 	0x00000000
x1: 	0x00000000
x2: 	0x00000000
x3: 	0x00000000
x4: 	0x00000000
x5: 	0x00000000
x6: 	0x00000000
x7: 	0x00000000
x8: 	0x00000000
x9: 	0x00000000
x10: 	0x00000000
x11: 	0x00000000
x12: 	0x00000000
x13: 	0x00000000
x14: 	0x00000000
x15: 	0x00000000
x16: 	0x00000000
x17: 	0x00000000
x18: 	0x00000000
x19: 	0x00000000
x20: 	0x00000000
x21: 	0x00000000
x22: 	0x00000000
x23: 	0x00000000
x24: 	0x00000000
x25: 	0x00000000
x26: 	0x00000000
x27: 	0x00000000
x28: 	0x00000000
x29: 	0x00000000
x30: 	0x00000000
x31: 	0x00000000

0x00000f14	0x00000000	Unkown Instruction 

All Registers: 
x0: 	0x00000000
x1: 	0x00000000
x2: 	0x00000000
x3: 	0x00000000
x4: 	0x00000000
x5: 	0x00000000
x6: 	0x00000000
x7: 	0x00000000
x8: 	0x00000000
x9: 	0x00000000
x10: 	0x00000000
x11: 	0x00000000
x12: 	0x00000000
x13: 	0x00000000
x14: 	0x00000000
x15: 	0x00000000
x16: 	0x00000000
x17: 	0x00000000
x18: 	0x00000000
x19: 	0x00000000
x20: 	0x00000000
x21: 	0x00000000
x22: 	0x00000000
x23: 	0x00000000
x24: 	0x00000000
x25: 	0x00000000
x26: 	0x00000000
x27: 	0x00000000
x28: 	0x00000000
x29: 	0x00000000
x30: 	0x00000000
x31: 	0x00000000

0x00000f18	0x00000000	Unkown Instruction 

All Registers: 
x0: 	0x00000000
x1: 	0x00000000
x2: 	0x00000000
x3: 	0x00000000
x4: 	0x00000000
x5: 	0x00000000
x6: 	0x00000000
x7: 	0x00000000
x8: 	0x00000000
x9: 	0x00000000
x10: 	0x00000000
x11: 	0x00000000
x12: 	0x00000000
x13: 	0x00000000
x14: 	0x00000000
x15: 	0x00000000
x16: 	0x00000000
x17: 	0x00000000
x18: 	0x00000000
x19: 	0x00000000
x20: 	0x00000000
x21: 	0x00000000
x22: 	0x00000000
x23: 	0x00000000
x24: 	0x00000000
x25: 	0x00000000
x26: 	0x00000000
x27: 	0x00000000
x28: 	0x00000000
x29: 	0x00000000
x30: 	0x00000000
x31: 	0x00000000

0x00000f1c	0x00000000	Unkown Instruction 

All Registers: 
x0: 	0x00000000
x1: 	0x00000000
x2: 	0x00000000
x3: 	0x00000000
x4: 	0x00000000
x5: 	0x00000000
x6: 	0x00000000
x7: 	0x00000000
x8: 	0x00000000
x9: 	0x00000000
x10: 	0x00000000
x11: 	0x00000000
x12: 	0x00000000
x13: 	0x00000000
x14: 	0x00000000
x15: 	0x00000000
x16: 	0x00000000
x17: 	0x00000000
x18: 	0x00000000
x19: 	0x00000000
x20: 	0x00000000
x21: 	0x00000000
x22: 	0x00000000
x23: 	0x00000000
x24: 	0x00000000
x25: 	0x00000000
x26: 	0x00000000
x27: 	0x00000000
x28: 	0x00000000
x29: 	0x00000000
x30: 	0x00000000
x31: 	0x00000000

0x00000f20	0x00000000	Unkown Instruction 

All Registers: 
x0: 	0x00000000
x1: 	0x00000000
x2: 	0x00000000
x3: 	0x00000000
x4: 	0x00000000
x5: 	0x00000000
x6: 	0x00000000
x7: 	0x00000000
x8: 	0x00000000
x9: 	0x00000000
x10: 	0x00000000
x11: 	0x00000000
x12: 	0x00000000
x13: 	0x00000000
x14: 	0x00000000
x15: 	0x00000000
x16: 	0x00000000
x17: 	0x00000000
x18: 	0x00000000
x19: 	0x00000000
x20: 	0x00000000
x21: 	0x00000000
x22: 	0x00000000
x23: 	0x00000000
x24: 	0x00000000
x25: 	0x00000000
x26: 	0x00000000
x27: 	0x00000000
x28: 	0x00000000
x29: 	0x00000000
x30: 	0x00000000
x31: 	0x00000000

0x00000f24	0x00000000	Unkown Instruction 

All Registers: 
x0: 	0x00000000
x1: 	0x00000000
x2: 	0x00000000
x3: 	0x00000000
x4: 	0x00000000
x5: 	0x00000000
x6: 	0x00000000
x7: 	0x00000000
x8: 	0x00000000
x9: 	0x00000000
x10: 	0x00000000
x11: 	0x00000000
x12: 	0x00000000
x13: 	0x00000000
x14: 	0x00000000
x15: 	0x00000000
x16: 	0x00000000
x17: 	0x00000000
x18: 	0x00000000
x19: 	0x00000000
x20: 	0x00000000
x21: 	0x00000000
x22: 	0x00000000
x23: 	0x00000000
x24: 	0x00000000
x25: 	0x00000000
x26: 	0x00000000
x27: 	0x00000000
x28: 	0x00000000
x29: 	0x00000000
x30: 	0x00000000
x31: 	0x00000000

0x00000f28	0x00000000	Unkown Instruction 

All Registers: 
x0: 	0x00000000
x1: 	0x00000000
x2: 	0x00000000
x3: 	0x00000000
x4: 	0x00000000
x5: 	0x00000000
x6: 	0x00000000
x7: 	0x00000000
x8: 	0x00000000
x9: 	0x00000000
x10: 	0x00000000
x11: 	0x00000000
x12: 	0x00000000
x13: 	0x00000000
x14: 	0x00000000
x15: 	0x00000000
x16: 	0x00000000
x17: 	0x00000000
x18: 	0x00000000
x19: 	0x00000000
x20: 	0x00000000
x21: 	0x00000000
x22: 	0x00000000
x23: 	0x00000000
x24: 	0x00000000
x25: 	0x00000000
x26: 	0x00000000
x27: 	0x00000000
x28: 	0x00000000
x29: 	0x00000000
x30: 	0x00000000
x31: 	0x00000000

0x00000f2c	0x00000000	Unkown Instruction 

All Registers: 
x0: 	0x00000000
x1: 	0x00000000
x2: 	0x00000000
x3: 	0x00000000
x4: 	0x00000000
x5: 	0x00000000
x6: 	0x00000000
x7: 	0x00000000
x8: 	0x00000000
x9: 	0x00000000
x10: 	0x00000000
x11: 	0x00000000
x12: 	0x00000000
x13: 	0x00000000
x14: 	0x00000000
x15: 	0x00000000
x16: 	0x00000000
x17: 	0x00000000
x18: 	0x00000000
x19: 	0x00000000
x20: 	0x00000000
x21: 	0x00000000
x22: 	0x00000000
x23: 	0x00000000
x24: 	0x00000000
x25: 	0x00000000
x26: 	0x00000000
x27: 	0x00000000
x28: 	0x00000000
x29: 	0x00000000
x30: 	0x00000000
x31: 	0x00000000

0x00000f30	0x00000000	Unkown Instruction 

All Registers: 
x0: 	0x00000000
x1: 	0x00000000
x2: 	0x00000000
x3: 	0x00000000
x4: 	0x00000000
x5: 	0x00000000
x6: 	0x00000000
x7: 	0x00000000
x8: 	0x00000000
x9: 	0x00000000
x10: 	0x00000000
x11: 	0x00000000
x12: 	0x00000000
x13: 	0x00000000
x14: 	0x00000000
x15: 	0x00000000
x16: 	0x00000000
x17: 	0x00000000
x18: 	0x00000000
x19: 	0x00000000
x20: 	0x00000000
x21: 	0x00000000
x22: 	0x00000000
x23: 	0x00000000
x24: 	0x00000000
x25: 	0x00000000
x26: 	0x00000000
x27: 	0x00000000
x28: 	0x00000000
x29: 	0x00000000
x30: 	0x00000000
x31: 	0x00000000

0x00000f34	0x00000000	Unkown Instruction 

All Registers: 
x0: 	0x00000000
x1: 	0x00000000
x2: 	0x00000000
x3: 	0x00000000
x4: 	0x00000000
x5: 	0x00000000
x6: 	0x00000000
x7: 	0x00000000
x8: 	0x00000000
x9: 	0x00000000
x10: 	0x00000000
x11: 	0x00000000
x12: 	0x00000000
x13: 	0x00000000
x14: 	0x00000000
x15: 	0x00000000
x16: 	0x00000000
x17: 	0x00000000
x18: 	0x00000000
x19: 	0x00000000
x20: 	0x00000000
x21: 	0x00000000
x22: 	0x00000000
x23: 	0x00000000
x24: 	0x00000000
x25: 	0x00000000
x26: 	0x00000000
x27: 	0x00000000
x28: 	0x00000000
x29: 	0x00000000
x30: 	0x00000000
x31: 	0x00000000

0x00000f38	0x00000000	Unkown Instruction 

All Registers: 
x0: 	0x00000000
x1: 	0x00000000
x2: 	0x00000000
x3: 	0x00000000
x4: 	0x00000000
x5: 	0x00000000
x6: 	0x00000000
x7: 	0x00000000
x8: 	0x00000000
x9: 	0x00000000
x10: 	0x00000000
x11: 	0x00000000
x12: 	0x00000000
x13: 	0x00000000
x14: 	0x00000000
x15: 	0x00000000
x16: 	0x00000000
x17: 	0x00000000
x18: 	0x00000000
x19: 	0x00000000
x20: 	0x00000000
x21: 	0x00000000
x22: 	0x00000000
x23: 	0x00000000
x24: 	0x00000000
x25: 	0x00000000
x26: 	0x00000000
x27: 	0x00000000
x28: 	0x00000000
x29: 	0x00000000
x30: 	0x00000000
x31: 	0x00000000

0x00000f3c	0x00000000	Unkown Instruction 

All Registers: 
x0: 	0x00000000
x1: 	0x00000000
x2: 	0x00000000
x3: 	0x00000000
x4: 	0x00000000
x5: 	0x00000000
x6: 	0x00000000
x7: 	0x00000000
x8: 	0x00000000
x9: 	0x00000000
x10: 	0x00000000
x11: 	0x00000000
x12: 	0x00000000
x13: 	0x00000000
x14: 	0x00000000
x15: 	0x00000000
x16: 	0x00000000
x17: 	0x00000000
x18: 	0x00000000
x19: 	0x00000000
x20: 	0x00000000
x21: 	0x00000000
x22: 	0x00000000
x23: 	0x00000000
x24: 	0x00000000
x25: 	0x00000000
x26: 	0x00000000
x27: 	0x00000000
x28: 	0x00000000
x29: 	0x00000000
x30: 	0x00000000
x31: 	0x00000000

0x00000f40	0x00000000	Unkown Instruction 

All Registers: 
x0: 	0x00000000
x1: 	0x00000000
x2: 	0x00000000
x3: 	0x00000000
x4: 	0x00000000
x5: 	0x00000000
x6: 	0x00000000
x7: 	0x00000000
x8: 	0x00000000
x9: 	0x00000000
x10: 	0x00000000
x11: 	0x00000000
x12: 	0x00000000
x13: 	0x00000000
x14: 	0x00000000
x15: 	0x00000000
x16: 	0x00000000
x17: 	0x00000000
x18: 	0x00000000
x19: 	0x00000000
x20: 	0x00000000
x21: 	0x00000000
x22: 	0x00000000
x23: 	0x00000000
x24: 	0x00000000
x25: 	0x00000000
x26: 	0x00000000
x27: 	0x00000000
x28: 	0x00000000
x29: 	0x00000000
x30: 	0x00000000
x31: 	0x00000000

0x00000f44	0x00000000	Unkown Instruction 

All Registers: 
x0: 	0x00000000
x1: 	0x00000000
x2: 	0x00000000
x3: 	0x00000000
x4: 	0x00000000
x5: 	0x00000000
x6: 	0x00000000
x7: 	0x00000000
x8: 	0x00000000
x9: 	0x00000000
x10: 	0x00000000
x11: 	0x00000000
x12: 	0x00000000
x13: 	0x00000000
x14: 	0x00000000
x15: 	0x00000000
x16: 	0x00000000
x17: 	0x00000000
x18: 	0x00000000
x19: 	0x00000000
x20: 	0x00000000
x21: 	0x00000000
x22: 	0x00000000
x23: 	0x00000000
x24: 	0x00000000
x25: 	0x00000000
x26: 	0x00000000
x27: 	0x00000000
x28: 	0x00000000
x29: 	0x00000000
x30: 	0x00000000
x31: 	0x00000000

0x00000f48	0x00000000	Unkown Instruction 

All Registers: 
x0: 	0x00000000
x1: 	0x00000000
x2: 	0x00000000
x3: 	0x00000000
x4: 	0x00000000
x5: 	0x00000000
x6: 	0x00000000
x7: 	0x00000000
x8: 	0x00000000
x9: 	0x00000000
x10: 	0x00000000
x11: 	0x00000000
x12: 	0x00000000
x13: 	0x00000000
x14: 	0x00000000
x15: 	0x00000000
x16: 	0x00000000
x17: 	0x00000000
x18: 	0x00000000
x19: 	0x00000000
x20: 	0x00000000
x21: 	0x00000000
x22: 	0x00000000
x23: 	0x00000000
x24: 	0x00000000
x25: 	0x00000000
x26: 	0x00000000
x27: 	0x00000000
x28: 	0x00000000
x29: 	0x00000000
x30: 	0x00000000
x31: 	0x00000000

0x00000f4c	0x00000000	Unkown Instruction 

All Registers: 
x0: 	0x00000000
x1: 	0x00000000
x2: 	0x00000000
x3: 	0x00000000
x4: 	0x00000000
x5: 	0x00000000
x6: 	0x00000000
x7: 	0x00000000
x8: 	0x00000000
x9: 	0x00000000
x10: 	0x00000000
x11: 	0x00000000
x12: 	0x00000000
x13: 	0x00000000
x14: 	0x00000000
x15: 	0x00000000
x16: 	0x00000000
x17: 	0x00000000
x18: 	0x00000000
x19: 	0x00000000
x20: 	0x00000000
x21: 	0x00000000
x22: 	0x00000000
x23: 	0x00000000
x24: 	0x00000000
x25: 	0x00000000
x26: 	0x00000000
x27: 	0x00000000
x28: 	0x00000000
x29: 	0x00000000
x30: 	0x00000000
x31: 	0x00000000

0x00000f50	0x00000000	Unkown Instruction 

All Registers: 
x0: 	0x00000000
x1: 	0x00000000
x2: 	0x00000000
x3: 	0x00000000
x4: 	0x00000000
x5: 	0x00000000
x6: 	0x00000000
x7: 	0x00000000
x8: 	0x00000000
x9: 	0x00000000
x10: 	0x00000000
x11: 	0x00000000
x12: 	0x00000000
x13: 	0x00000000
x14: 	0x00000000
x15: 	0x00000000
x16: 	0x00000000
x17: 	0x00000000
x18: 	0x00000000
x19: 	0x00000000
x20: 	0x00000000
x21: 	0x00000000
x22: 	0x00000000
x23: 	0x00000000
x24: 	0x00000000
x25: 	0x00000000
x26: 	0x00000000
x27: 	0x00000000
x28: 	0x00000000
x29: 	0x00000000
x30: 	0x00000000
x31: 	0x00000000

0x00000f54	0x00000000	Unkown Instruction 

All Registers: 
x0: 	0x00000000
x1: 	0x00000000
x2: 	0x00000000
x3: 	0x00000000
x4: 	0x00000000
x5: 	0x00000000
x6: 	0x00000000
x7: 	0x00000000
x8: 	0x00000000
x9: 	0x00000000
x10: 	0x00000000
x11: 	0x00000000
x12: 	0x00000000
x13: 	0x00000000
x14: 	0x00000000
x15: 	0x00000000
x16: 	0x00000000
x17: 	0x00000000
x18: 	0x00000000
x19: 	0x00000000
x20: 	0x00000000
x21: 	0x00000000
x22: 	0x00000000
x23: 	0x00000000
x24: 	0x00000000
x25: 	0x00000000
x26: 	0x00000000
x27: 	0x00000000
x28: 	0x00000000
x29: 	0x00000000
x30: 	0x00000000
x31: 	0x00000000

0x00000f58	0x00000000	Unkown Instruction 

All Registers: 
x0: 	0x00000000
x1: 	0x00000000
x2: 	0x00000000
x3: 	0x00000000
x4: 	0x00000000
x5: 	0x00000000
x6: 	0x00000000
x7: 	0x00000000
x8: 	0x00000000
x9: 	0x00000000
x10: 	0x00000000
x11: 	0x00000000
x12: 	0x00000000
x13: 	0x00000000
x14: 	0x00000000
x15: 	0x00000000
x16: 	0x00000000
x17: 	0x00000000
x18: 	0x00000000
x19: 	0x00000000
x20: 	0x00000000
x21: 	0x00000000
x22: 	0x00000000
x23: 	0x00000000
x24: 	0x00000000
x25: 	0x00000000
x26: 	0x00000000
x27: 	0x00000000
x28: 	0x00000000
x29: 	0x00000000
x30: 	0x00000000
x31: 	0x00000000

0x00000f5c	0x00000000	Unkown Instruction 

All Registers: 
x0: 	0x00000000
x1: 	0x00000000
x2: 	0x00000000
x3: 	0x00000000
x4: 	0x00000000
x5: 	0x00000000
x6: 	0x00000000
x7: 	0x00000000
x8: 	0x00000000
x9: 	0x00000000
x10: 	0x00000000
x11: 	0x00000000
x12: 	0x00000000
x13: 	0x00000000
x14: 	0x00000000
x15: 	0x00000000
x16: 	0x00000000
x17: 	0x00000000
x18: 	0x00000000
x19: 	0x00000000
x20: 	0x00000000
x21: 	0x00000000
x22: 	0x00000000
x23: 	0x00000000
x24: 	0x00000000
x25: 	0x00000000
x26: 	0x00000000
x27: 	0x00000000
x28: 	0x00000000
x29: 	0x00000000
x30: 	0x00000000
x31: 	0x00000000

0x00000f60	0x00000000	Unkown Instruction 

All Registers: 
x0: 	0x00000000
x1: 	0x00000000
x2: 	0x00000000
x3: 	0x00000000
x4: 	0x00000000
x5: 	0x00000000
x6: 	0x00000000
x7: 	0x00000000
x8: 	0x00000000
x9: 	0x00000000
x10: 	0x00000000
x11: 	0x00000000
x12: 	0x00000000
x13: 	0x00000000
x14: 	0x00000000
x15: 	0x00000000
x16: 	0x00000000
x17: 	0x00000000
x18: 	0x00000000
x19: 	0x00000000
x20: 	0x00000000
x21: 	0x00000000
x22: 	0x00000000
x23: 	0x00000000
x24: 	0x00000000
x25: 	0x00000000
x26: 	0x00000000
x27: 	0x00000000
x28: 	0x00000000
x29: 	0x00000000
x30: 	0x00000000
x31: 	0x00000000

0x00000f64	0x00000000	Unkown Instruction 

All Registers: 
x0: 	0x00000000
x1: 	0x00000000
x2: 	0x00000000
x3: 	0x00000000
x4: 	0x00000000
x5: 	0x00000000
x6: 	0x00000000
x7: 	0x00000000
x8: 	0x00000000
x9: 	0x00000000
x10: 	0x00000000
x11: 	0x00000000
x12: 	0x00000000
x13: 	0x00000000
x14: 	0x00000000
x15: 	0x00000000
x16: 	0x00000000
x17: 	0x00000000
x18: 	0x00000000
x19: 	0x00000000
x20: 	0x00000000
x21: 	0x00000000
x22: 	0x00000000
x23: 	0x00000000
x24: 	0x00000000
x25: 	0x00000000
x26: 	0x00000000
x27: 	0x00000000
x28: 	0x00000000
x29: 	0x00000000
x30: 	0x00000000
x31: 	0x00000000

0x00000f68	0x00000000	Unkown Instruction 

All Registers: 
x0: 	0x00000000
x1: 	0x00000000
x2: 	0x00000000
x3: 	0x00000000
x4: 	0x00000000
x5: 	0x00000000
x6: 	0x00000000
x7: 	0x00000000
x8: 	0x00000000
x9: 	0x00000000
x10: 	0x00000000
x11: 	0x00000000
x12: 	0x00000000
x13: 	0x00000000
x14: 	0x00000000
x15: 	0x00000000
x16: 	0x00000000
x17: 	0x00000000
x18: 	0x00000000
x19: 	0x00000000
x20: 	0x00000000
x21: 	0x00000000
x22: 	0x00000000
x23: 	0x00000000
x24: 	0x00000000
x25: 	0x00000000
x26: 	0x00000000
x27: 	0x00000000
x28: 	0x00000000
x29: 	0x00000000
x30: 	0x00000000
x31: 	0x00000000

0x00000f6c	0x00000000	Unkown Instruction 

All Registers: 
x0: 	0x00000000
x1: 	0x00000000
x2: 	0x00000000
x3: 	0x00000000
x4: 	0x00000000
x5: 	0x00000000
x6: 	0x00000000
x7: 	0x00000000
x8: 	0x00000000
x9: 	0x00000000
x10: 	0x00000000
x11: 	0x00000000
x12: 	0x00000000
x13: 	0x00000000
x14: 	0x00000000
x15: 	0x00000000
x16: 	0x00000000
x17: 	0x00000000
x18: 	0x00000000
x19: 	0x00000000
x20: 	0x00000000
x21: 	0x00000000
x22: 	0x00000000
x23: 	0x00000000
x24: 	0x00000000
x25: 	0x00000000
x26: 	0x00000000
x27: 	0x00000000
x28: 	0x00000000
x29: 	0x00000000
x30: 	0x00000000
x31: 	0x00000000

0x00000f70	0x00000000	Unkown Instruction 

All Registers: 
x0: 	0x00000000
x1: 	0x00000000
x2: 	0x00000000
x3: 	0x00000000
x4: 	0x00000000
x5: 	0x00000000
x6: 	0x00000000
x7: 	0x00000000
x8: 	0x00000000
x9: 	0x00000000
x10: 	0x00000000
x11: 	0x00000000
x12: 	0x00000000
x13: 	0x00000000
x14: 	0x00000000
x15: 	0x00000000
x16: 	0x00000000
x17: 	0x00000000
x18: 	0x00000000
x19: 	0x00000000
x20: 	0x00000000
x21: 	0x00000000
x22: 	0x00000000
x23: 	0x00000000
x24: 	0x00000000
x25: 	0x00000000
x26: 	0x00000000
x27: 	0x00000000
x28: 	0x00000000
x29: 	0x00000000
x30: 	0x00000000
x31: 	0x00000000

0x00000f74	0x00000000	Unkown Instruction 

All Registers: 
x0: 	0x00000000
x1: 	0x00000000
x2: 	0x00000000
x3: 	0x00000000
x4: 	0x00000000
x5: 	0x00000000
x6: 	0x00000000
x7: 	0x00000000
x8: 	0x00000000
x9: 	0x00000000
x10: 	0x00000000
x11: 	0x00000000
x12: 	0x00000000
x13: 	0x00000000
x14: 	0x00000000
x15: 	0x00000000
x16: 	0x00000000
x17: 	0x00000000
x18: 	0x00000000
x19: 	0x00000000
x20: 	0x00000000
x21: 	0x00000000
x22: 	0x00000000
x23: 	0x00000000
x24: 	0x00000000
x25: 	0x00000000
x26: 	0x00000000
x27: 	0x00000000
x28: 	0x00000000
x29: 	0x00000000
x30: 	0x00000000
x31: 	0x00000000

0x00000f78	0x00000000	Unkown Instruction 

All Registers: 
x0: 	0x00000000
x1: 	0x00000000
x2: 	0x00000000
x3: 	0x00000000
x4: 	0x00000000
x5: 	0x00000000
x6: 	0x00000000
x7: 	0x00000000
x8: 	0x00000000
x9: 	0x00000000
x10: 	0x00000000
x11: 	0x00000000
x12: 	0x00000000
x13: 	0x00000000
x14: 	0x00000000
x15: 	0x00000000
x16: 	0x00000000
x17: 	0x00000000
x18: 	0x00000000
x19: 	0x00000000
x20: 	0x00000000
x21: 	0x00000000
x22: 	0x00000000
x23: 	0x00000000
x24: 	0x00000000
x25: 	0x00000000
x26: 	0x00000000
x27: 	0x00000000
x28: 	0x00000000
x29: 	0x00000000
x30: 	0x00000000
x31: 	0x00000000

0x00000f7c	0x00000000	Unkown Instruction 

All Registers: 
x0: 	0x00000000
x1: 	0x00000000
x2: 	0x00000000
x3: 	0x00000000
x4: 	0x00000000
x5: 	0x00000000
x6: 	0x00000000
x7: 	0x00000000
x8: 	0x00000000
x9: 	0x00000000
x10: 	0x00000000
x11: 	0x00000000
x12: 	0x00000000
x13: 	0x00000000
x14: 	0x00000000
x15: 	0x00000000
x16: 	0x00000000
x17: 	0x00000000
x18: 	0x00000000
x19: 	0x00000000
x20: 	0x00000000
x21: 	0x00000000
x22: 	0x00000000
x23: 	0x00000000
x24: 	0x00000000
x25: 	0x00000000
x26: 	0x00000000
x27: 	0x00000000
x28: 	0x00000000
x29: 	0x00000000
x30: 	0x00000000
x31: 	0x00000000

0x00000f80	0x00000000	Unkown Instruction 

All Registers: 
x0: 	0x00000000
x1: 	0x00000000
x2: 	0x00000000
x3: 	0x00000000
x4: 	0x00000000
x5: 	0x00000000
x6: 	0x00000000
x7: 	0x00000000
x8: 	0x00000000
x9: 	0x00000000
x10: 	0x00000000
x11: 	0x00000000
x12: 	0x00000000
x13: 	0x00000000
x14: 	0x00000000
x15: 	0x00000000
x16: 	0x00000000
x17: 	0x00000000
x18: 	0x00000000
x19: 	0x00000000
x20: 	0x00000000
x21: 	0x00000000
x22: 	0x00000000
x23: 	0x00000000
x24: 	0x00000000
x25: 	0x00000000
x26: 	0x00000000
x27: 	0x00000000
x28: 	0x00000000
x29: 	0x00000000
x30: 	0x00000000
x31: 	0x00000000

0x00000f84	0x00000000	Unkown Instruction 

All Registers: 
x0: 	0x00000000
x1: 	0x00000000
x2: 	0x00000000
x3: 	0x00000000
x4: 	0x00000000
x5: 	0x00000000
x6: 	0x00000000
x7: 	0x00000000
x8: 	0x00000000
x9: 	0x00000000
x10: 	0x00000000
x11: 	0x00000000
x12: 	0x00000000
x13: 	0x00000000
x14: 	0x00000000
x15: 	0x00000000
x16: 	0x00000000
x17: 	0x00000000
x18: 	0x00000000
x19: 	0x00000000
x20: 	0x00000000
x21: 	0x00000000
x22: 	0x00000000
x23: 	0x00000000
x24: 	0x00000000
x25: 	0x00000000
x26: 	0x00000000
x27: 	0x00000000
x28: 	0x00000000
x29: 	0x00000000
x30: 	0x00000000
x31: 	0x00000000

0x00000f88	0x00000000	Unkown Instruction 

All Registers: 
x0: 	0x00000000
x1: 	0x00000000
x2: 	0x00000000
x3: 	0x00000000
x4: 	0x00000000
x5: 	0x00000000
x6: 	0x00000000
x7: 	0x00000000
x8: 	0x00000000
x9: 	0x00000000
x10: 	0x00000000
x11: 	0x00000000
x12: 	0x00000000
x13: 	0x00000000
x14: 	0x00000000
x15: 	0x00000000
x16: 	0x00000000
x17: 	0x00000000
x18: 	0x00000000
x19: 	0x00000000
x20: 	0x00000000
x21: 	0x00000000
x22: 	0x00000000
x23: 	0x00000000
x24: 	0x00000000
x25: 	0x00000000
x26: 	0x00000000
x27: 	0x00000000
x28: 	0x00000000
x29: 	0x00000000
x30: 	0x00000000
x31: 	0x00000000

0x00000f8c	0x00000000	Unkown Instruction 

All Registers: 
x0: 	0x00000000
x1: 	0x00000000
x2: 	0x00000000
x3: 	0x00000000
x4: 	0x00000000
x5: 	0x00000000
x6: 	0x00000000
x7: 	0x00000000
x8: 	0x00000000
x9: 	0x00000000
x10: 	0x00000000
x11: 	0x00000000
x12: 	0x00000000
x13: 	0x00000000
x14: 	0x00000000
x15: 	0x00000000
x16: 	0x00000000
x17: 	0x00000000
x18: 	0x00000000
x19: 	0x00000000
x20: 	0x00000000
x21: 	0x00000000
x22: 	0x00000000
x23: 	0x00000000
x24: 	0x00000000
x25: 	0x00000000
x26: 	0x00000000
x27: 	0x00000000
x28: 	0x00000000
x29: 	0x00000000
x30: 	0x00000000
x31: 	0x00000000

0x00000f90	0x00000000	Unkown Instruction 

All Registers: 
x0: 	0x00000000
x1: 	0x00000000
x2: 	0x00000000
x3: 	0x00000000
x4: 	0x00000000
x5: 	0x00000000
x6: 	0x00000000
x7: 	0x00000000
x8: 	0x00000000
x9: 	0x00000000
x10: 	0x00000000
x11: 	0x00000000
x12: 	0x00000000
x13: 	0x00000000
x14: 	0x00000000
x15: 	0x00000000
x16: 	0x00000000
x17: 	0x00000000
x18: 	0x00000000
x19: 	0x00000000
x20: 	0x00000000
x21: 	0x00000000
x22: 	0x00000000
x23: 	0x00000000
x24: 	0x00000000
x25: 	0x00000000
x26: 	0x00000000
x27: 	0x00000000
x28: 	0x00000000
x29: 	0x00000000
x30: 	0x00000000
x31: 	0x00000000

0x00000f94	0x00000000	Unkown Instruction 

All Registers: 
x0: 	0x00000000
x1: 	0x00000000
x2: 	0x00000000
x3: 	0x00000000
x4: 	0x00000000
x5: 	0x00000000
x6: 	0x00000000
x7: 	0x00000000
x8: 	0x00000000
x9: 	0x00000000
x10: 	0x00000000
x11: 	0x00000000
x12: 	0x00000000
x13: 	0x00000000
x14: 	0x00000000
x15: 	0x00000000
x16: 	0x00000000
x17: 	0x00000000
x18: 	0x00000000
x19: 	0x00000000
x20: 	0x00000000
x21: 	0x00000000
x22: 	0x00000000
x23: 	0x00000000
x24: 	0x00000000
x25: 	0x00000000
x26: 	0x00000000
x27: 	0x00000000
x28: 	0x00000000
x29: 	0x00000000
x30: 	0x00000000
x31: 	0x00000000

0x00000f98	0x00000000	Unkown Instruction 

All Registers: 
x0: 	0x00000000
x1: 	0x00000000
x2: 	0x00000000
x3: 	0x00000000
x4: 	0x00000000
x5: 	0x00000000
x6: 	0x00000000
x7: 	0x00000000
x8: 	0x00000000
x9: 	0x00000000
x10: 	0x00000000
x11: 	0x00000000
x12: 	0x00000000
x13: 	0x00000000
x14: 	0x00000000
x15: 	0x00000000
x16: 	0x00000000
x17: 	0x00000000
x18: 	0x00000000
x19: 	0x00000000
x20: 	0x00000000
x21: 	0x00000000
x22: 	0x00000000
x23: 	0x00000000
x24: 	0x00000000
x25: 	0x00000000
x26: 	0x00000000
x27: 	0x00000000
x28: 	0x00000000
x29: 	0x00000000
x30: 	0x00000000
x31: 	0x00000000

0x00000f9c	0x00000000	Unkown Instruction 

All Registers: 
x0: 	0x00000000
x1: 	0x00000000
x2: 	0x00000000
x3: 	0x00000000
x4: 	0x00000000
x5: 	0x00000000
x6: 	0x00000000
x7: 	0x00000000
x8: 	0x00000000
x9: 	0x00000000
x10: 	0x00000000
x11: 	0x00000000
x12: 	0x00000000
x13: 	0x00000000
x14: 	0x00000000
x15: 	0x00000000
x16: 	0x00000000
x17: 	0x00000000
x18: 	0x00000000
x19: 	0x00000000
x20: 	0x00000000
x21: 	0x00000000
x22: 	0x00000000
x23: 	0x00000000
x24: 	0x00000000
x25: 	0x00000000
x26: 	0x00000000
x27: 	0x00000000
x28: 	0x00000000
x29: 	0x00000000
x30: 	0x00000000
x31: 	0x00000000

0x00000fa0	0x00000000	Unkown Instruction 

All Registers: 
x0: 	0x00000000
x1: 	0x00000000
x2: 	0x00000000
x3: 	0x00000000
x4: 	0x00000000
x5: 	0x00000000
x6: 	0x00000000
x7: 	0x00000000
x8: 	0x00000000
x9: 	0x00000000
x10: 	0x00000000
x11: 	0x00000000
x12: 	0x00000000
x13: 	0x00000000
x14: 	0x00000000
x15: 	0x00000000
x16: 	0x00000000
x17: 	0x00000000
x18: 	0x00000000
x19: 	0x00000000
x20: 	0x00000000
x21: 	0x00000000
x22: 	0x00000000
x23: 	0x00000000
x24: 	0x00000000
x25: 	0x00000000
x26: 	0x00000000
x27: 	0x00000000
x28: 	0x00000000
x29: 	0x00000000
x30: 	0x00000000
x31: 	0x00000000

0x00000fa4	0x00000000	Unkown Instruction 

All Registers: 
x0: 	0x00000000
x1: 	0x00000000
x2: 	0x00000000
x3: 	0x00000000
x4: 	0x00000000
x5: 	0x00000000
x6: 	0x00000000
x7: 	0x00000000
x8: 	0x00000000
x9: 	0x00000000
x10: 	0x00000000
x11: 	0x00000000
x12: 	0x00000000
x13: 	0x00000000
x14: 	0x00000000
x15: 	0x00000000
x16: 	0x00000000
x17: 	0x00000000
x18: 	0x00000000
x19: 	0x00000000
x20: 	0x00000000
x21: 	0x00000000
x22: 	0x00000000
x23: 	0x00000000
x24: 	0x00000000
x25: 	0x00000000
x26: 	0x00000000
x27: 	0x00000000
x28: 	0x00000000
x29: 	0x00000000
x30: 	0x00000000
x31: 	0x00000000

0x00000fa8	0x00000000	Unkown Instruction 

All Registers: 
x0: 	0x00000000
x1: 	0x00000000
x2: 	0x00000000
x3: 	0x00000000
x4: 	0x00000000
x5: 	0x00000000
x6: 	0x00000000
x7: 	0x00000000
x8: 	0x00000000
x9: 	0x00000000
x10: 	0x00000000
x11: 	0x00000000
x12: 	0x00000000
x13: 	0x00000000
x14: 	0x00000000
x15: 	0x00000000
x16: 	0x00000000
x17: 	0x00000000
x18: 	0x00000000
x19: 	0x00000000
x20: 	0x00000000
x21: 	0x00000000
x22: 	0x00000000
x23: 	0x00000000
x24: 	0x00000000
x25: 	0x00000000
x26: 	0x00000000
x27: 	0x00000000
x28: 	0x00000000
x29: 	0x00000000
x30: 	0x00000000
x31: 	0x00000000

0x00000fac	0x00000000	Unkown Instruction 

All Registers: 
x0: 	0x00000000
x1: 	0x00000000
x2: 	0x00000000
x3: 	0x00000000
x4: 	0x00000000
x5: 	0x00000000
x6: 	0x00000000
x7: 	0x00000000
x8: 	0x00000000
x9: 	0x00000000
x10: 	0x00000000
x11: 	0x00000000
x12: 	0x00000000
x13: 	0x00000000
x14: 	0x00000000
x15: 	0x00000000
x16: 	0x00000000
x17: 	0x00000000
x18: 	0x00000000
x19: 	0x00000000
x20: 	0x00000000
x21: 	0x00000000
x22: 	0x00000000
x23: 	0x00000000
x24: 	0x00000000
x25: 	0x00000000
x26: 	0x00000000
x27: 	0x00000000
x28: 	0x00000000
x29: 	0x00000000
x30: 	0x00000000
x31: 	0x00000000

0x00000fb0	0x00000000	Unkown Instruction 

All Registers: 
x0: 	0x00000000
x1: 	0x00000000
x2: 	0x00000000
x3: 	0x00000000
x4: 	0x00000000
x5: 	0x00000000
x6: 	0x00000000
x7: 	0x00000000
x8: 	0x00000000
x9: 	0x00000000
x10: 	0x00000000
x11: 	0x00000000
x12: 	0x00000000
x13: 	0x00000000
x14: 	0x00000000
x15: 	0x00000000
x16: 	0x00000000
x17: 	0x00000000
x18: 	0x00000000
x19: 	0x00000000
x20: 	0x00000000
x21: 	0x00000000
x22: 	0x00000000
x23: 	0x00000000
x24: 	0x00000000
x25: 	0x00000000
x26: 	0x00000000
x27: 	0x00000000
x28: 	0x00000000
x29: 	0x00000000
x30: 	0x00000000
x31: 	0x00000000

0x00000fb4	0x00000000	Unkown Instruction 

All Registers: 
x0: 	0x00000000
x1: 	0x00000000
x2: 	0x00000000
x3: 	0x00000000
x4: 	0x00000000
x5: 	0x00000000
x6: 	0x00000000
x7: 	0x00000000
x8: 	0x00000000
x9: 	0x00000000
x10: 	0x00000000
x11: 	0x00000000
x12: 	0x00000000
x13: 	0x00000000
x14: 	0x00000000
x15: 	0x00000000
x16: 	0x00000000
x17: 	0x00000000
x18: 	0x00000000
x19: 	0x00000000
x20: 	0x00000000
x21: 	0x00000000
x22: 	0x00000000
x23: 	0x00000000
x24: 	0x00000000
x25: 	0x00000000
x26: 	0x00000000
x27: 	0x00000000
x28: 	0x00000000
x29: 	0x00000000
x30: 	0x00000000
x31: 	0x00000000

0x00000fb8	0x00000000	Unkown Instruction 

All Registers: 
x0: 	0x00000000
x1: 	0x00000000
x2: 	0x00000000
x3: 	0x00000000
x4: 	0x00000000
x5: 	0x00000000
x6: 	0x00000000
x7: 	0x00000000
x8: 	0x00000000
x9: 	0x00000000
x10: 	0x00000000
x11: 	0x00000000
x12: 	0x00000000
x13: 	0x00000000
x14: 	0x00000000
x15: 	0x00000000
x16: 	0x00000000
x17: 	0x00000000
x18: 	0x00000000
x19: 	0x00000000
x20: 	0x00000000
x21: 	0x00000000
x22: 	0x00000000
x23: 	0x00000000
x24: 	0x00000000
x25: 	0x00000000
x26: 	0x00000000
x27: 	0x00000000
x28: 	0x00000000
x29: 	0x00000000
x30: 	0x00000000
x31: 	0x00000000

0x00000fbc	0x00000000	Unkown Instruction 

All Registers: 
x0: 	0x00000000
x1: 	0x00000000
x2: 	0x00000000
x3: 	0x00000000
x4: 	0x00000000
x5: 	0x00000000
x6: 	0x00000000
x7: 	0x00000000
x8: 	0x00000000
x9: 	0x00000000
x10: 	0x00000000
x11: 	0x00000000
x12: 	0x00000000
x13: 	0x00000000
x14: 	0x00000000
x15: 	0x00000000
x16: 	0x00000000
x17: 	0x00000000
x18: 	0x00000000
x19: 	0x00000000
x20: 	0x00000000
x21: 	0x00000000
x22: 	0x00000000
x23: 	0x00000000
x24: 	0x00000000
x25: 	0x00000000
x26: 	0x00000000
x27: 	0x00000000
x28: 	0x00000000
x29: 	0x00000000
x30: 	0x00000000
x31: 	0x00000000

0x00000fc0	0x00000000	Unkown Instruction 

All Registers: 
x0: 	0x00000000
x1: 	0x00000000
x2: 	0x00000000
x3: 	0x00000000
x4: 	0x00000000
x5: 	0x00000000
x6: 	0x00000000
x7: 	0x00000000
x8: 	0x00000000
x9: 	0x00000000
x10: 	0x00000000
x11: 	0x00000000
x12: 	0x00000000
x13: 	0x00000000
x14: 	0x00000000
x15: 	0x00000000
x16: 	0x00000000
x17: 	0x00000000
x18: 	0x00000000
x19: 	0x00000000
x20: 	0x00000000
x21: 	0x00000000
x22: 	0x00000000
x23: 	0x00000000
x24: 	0x00000000
x25: 	0x00000000
x26: 	0x00000000
x27: 	0x00000000
x28: 	0x00000000
x29: 	0x00000000
x30: 	0x00000000
x31: 	0x00000000

0x00000fc4	0x00000000	Unkown Instruction 

All Registers: 
x0: 	0x00000000
x1: 	0x00000000
x2: 	0x00000000
x3: 	0x00000000
x4: 	0x00000000
x5: 	0x00000000
x6: 	0x00000000
x7: 	0x00000000
x8: 	0x00000000
x9: 	0x00000000
x10: 	0x00000000
x11: 	0x00000000
x12: 	0x00000000
x13: 	0x00000000
x14: 	0x00000000
x15: 	0x00000000
x16: 	0x00000000
x17: 	0x00000000
x18: 	0x00000000
x19: 	0x00000000
x20: 	0x00000000
x21: 	0x00000000
x22: 	0x00000000
x23: 	0x00000000
x24: 	0x00000000
x25: 	0x00000000
x26: 	0x00000000
x27: 	0x00000000
x28: 	0x00000000
x29: 	0x00000000
x30: 	0x00000000
x31: 	0x00000000

0x00000fc8	0x00000000	Unkown Instruction 

All Registers: 
x0: 	0x00000000
x1: 	0x00000000
x2: 	0x00000000
x3: 	0x00000000
x4: 	0x00000000
x5: 	0x00000000
x6: 	0x00000000
x7: 	0x00000000
x8: 	0x00000000
x9: 	0x00000000
x10: 	0x00000000
x11: 	0x00000000
x12: 	0x00000000
x13: 	0x00000000
x14: 	0x00000000
x15: 	0x00000000
x16: 	0x00000000
x17: 	0x00000000
x18: 	0x00000000
x19: 	0x00000000
x20: 	0x00000000
x21: 	0x00000000
x22: 	0x00000000
x23: 	0x00000000
x24: 	0x00000000
x25: 	0x00000000
x26: 	0x00000000
x27: 	0x00000000
x28: 	0x00000000
x29: 	0x00000000
x30: 	0x00000000
x31: 	0x00000000

0x00000fcc	0x00000000	Unkown Instruction 

All Registers: 
x0: 	0x00000000
x1: 	0x00000000
x2: 	0x00000000
x3: 	0x00000000
x4: 	0x00000000
x5: 	0x00000000
x6: 	0x00000000
x7: 	0x00000000
x8: 	0x00000000
x9: 	0x00000000
x10: 	0x00000000
x11: 	0x00000000
x12: 	0x00000000
x13: 	0x00000000
x14: 	0x00000000
x15: 	0x00000000
x16: 	0x00000000
x17: 	0x00000000
x18: 	0x00000000
x19: 	0x00000000
x20: 	0x00000000
x21: 	0x00000000
x22: 	0x00000000
x23: 	0x00000000
x24: 	0x00000000
x25: 	0x00000000
x26: 	0x00000000
x27: 	0x00000000
x28: 	0x00000000
x29: 	0x00000000
x30: 	0x00000000
x31: 	0x00000000

0x00000fd0	0x00000000	Unkown Instruction 

All Registers: 
x0: 	0x00000000
x1: 	0x00000000
x2: 	0x00000000
x3: 	0x00000000
x4: 	0x00000000
x5: 	0x00000000
x6: 	0x00000000
x7: 	0x00000000
x8: 	0x00000000
x9: 	0x00000000
x10: 	0x00000000
x11: 	0x00000000
x12: 	0x00000000
x13: 	0x00000000
x14: 	0x00000000
x15: 	0x00000000
x16: 	0x00000000
x17: 	0x00000000
x18: 	0x00000000
x19: 	0x00000000
x20: 	0x00000000
x21: 	0x00000000
x22: 	0x00000000
x23: 	0x00000000
x24: 	0x00000000
x25: 	0x00000000
x26: 	0x00000000
x27: 	0x00000000
x28: 	0x00000000
x29: 	0x00000000
x30: 	0x00000000
x31: 	0x00000000

0x00000fd4	0x00000000	Unkown Instruction 

All Registers: 
x0: 	0x00000000
x1: 	0x00000000
x2: 	0x00000000
x3: 	0x00000000
x4: 	0x00000000
x5: 	0x00000000
x6: 	0x00000000
x7: 	0x00000000
x8: 	0x00000000
x9: 	0x00000000
x10: 	0x00000000
x11: 	0x00000000
x12: 	0x00000000
x13: 	0x00000000
x14: 	0x00000000
x15: 	0x00000000
x16: 	0x00000000
x17: 	0x00000000
x18: 	0x00000000
x19: 	0x00000000
x20: 	0x00000000
x21: 	0x00000000
x22: 	0x00000000
x23: 	0x00000000
x24: 	0x00000000
x25: 	0x00000000
x26: 	0x00000000
x27: 	0x00000000
x28: 	0x00000000
x29: 	0x00000000
x30: 	0x00000000
x31: 	0x00000000

0x00000fd8	0x00000000	Unkown Instruction 

All Registers: 
x0: 	0x00000000
x1: 	0x00000000
x2: 	0x00000000
x3: 	0x00000000
x4: 	0x00000000
x5: 	0x00000000
x6: 	0x00000000
x7: 	0x00000000
x8: 	0x00000000
x9: 	0x00000000
x10: 	0x00000000
x11: 	0x00000000
x12: 	0x00000000
x13: 	0x00000000
x14: 	0x00000000
x15: 	0x00000000
x16: 	0x00000000
x17: 	0x00000000
x18: 	0x00000000
x19: 	0x00000000
x20: 	0x00000000
x21: 	0x00000000
x22: 	0x00000000
x23: 	0x00000000
x24: 	0x00000000
x25: 	0x00000000
x26: 	0x00000000
x27: 	0x00000000
x28: 	0x00000000
x29: 	0x00000000
x30: 	0x00000000
x31: 	0x00000000

0x00000fdc	0x00000000	Unkown Instruction 

All Registers: 
x0: 	0x00000000
x1: 	0x00000000
x2: 	0x00000000
x3: 	0x00000000
x4: 	0x00000000
x5: 	0x00000000
x6: 	0x00000000
x7: 	0x00000000
x8: 	0x00000000
x9: 	0x00000000
x10: 	0x00000000
x11: 	0x00000000
x12: 	0x00000000
x13: 	0x00000000
x14: 	0x00000000
x15: 	0x00000000
x16: 	0x00000000
x17: 	0x00000000
x18: 	0x00000000
x19: 	0x00000000
x20: 	0x00000000
x21: 	0x00000000
x22: 	0x00000000
x23: 	0x00000000
x24: 	0x00000000
x25: 	0x00000000
x26: 	0x00000000
x27: 	0x00000000
x28: 	0x00000000
x29: 	0x00000000
x30: 	0x00000000
x31: 	0x00000000

0x00000fe0	0x00000000	Unkown Instruction 

All Registers: 
x0: 	0x00000000
x1: 	0x00000000
x2: 	0x00000000
x3: 	0x00000000
x4: 	0x00000000
x5: 	0x00000000
x6: 	0x00000000
x7: 	0x00000000
x8: 	0x00000000
x9: 	0x00000000
x10: 	0x00000000
x11: 	0x00000000
x12: 	0x00000000
x13: 	0x00000000
x14: 	0x00000000
x15: 	0x00000000
x16: 	0x00000000
x17: 	0x00000000
x18: 	0x00000000
x19: 	0x00000000
x20: 	0x00000000
x21: 	0x00000000
x22: 	0x00000000
x23: 	0x00000000
x24: 	0x00000000
x25: 	0x00000000
x26: 	0x00000000
x27: 	0x00000000
x28: 	0x00000000
x29: 	0x00000000
x30: 	0x00000000
x31: 	0x00000000

0x00000fe4	0x00000000	Unkown Instruction 

All Registers: 
x0: 	0x00000000
x1: 	0x00000000
x2: 	0x00000000
x3: 	0x00000000
x4: 	0x00000000
x5: 	0x00000000
x6: 	0x00000000
x7: 	0x00000000
x8: 	0x00000000
x9: 	0x00000000
x10: 	0x00000000
x11: 	0x00000000
x12: 	0x00000000
x13: 	0x00000000
x14: 	0x00000000
x15: 	0x00000000
x16: 	0x00000000
x17: 	0x00000000
x18: 	0x00000000
x19: 	0x00000000
x20: 	0x00000000
x21: 	0x00000000
x22: 	0x00000000
x23: 	0x00000000
x24: 	0x00000000
x25: 	0x00000000
x26: 	0x00000000
x27: 	0x00000000
x28: 	0x00000000
x29: 	0x00000000
x30: 	0x00000000
x31: 	0x00000000

0x00000fe8	0x00000000	Unkown Instruction 

All Registers: 
x0: 	0x00000000
x1: 	0x00000000
x2: 	0x00000000
x3: 	0x00000000
x4: 	0x00000000
x5: 	0x00000000
x6: 	0x00000000
x7: 	0x00000000
x8: 	0x00000000
x9: 	0x00000000
x10: 	0x00000000
x11: 	0x00000000
x12: 	0x00000000
x13: 	0x00000000
x14: 	0x00000000
x15: 	0x00000000
x16: 	0x00000000
x17: 	0x00000000
x18: 	0x00000000
x19: 	0x00000000
x20: 	0x00000000
x21: 	0x00000000
x22: 	0x00000000
x23: 	0x00000000
x24: 	0x00000000
x25: 	0x00000000
x26: 	0x00000000
x27: 	0x00000000
x28: 	0x00000000
x29: 	0x00000000
x30: 	0x00000000
x31: 	0x00000000

0x00000fec	0x00000000	Unkown Instruction 

All Registers: 
x0: 	0x00000000
x1: 	0x00000000
x2: 	0x00000000
x3: 	0x00000000
x4: 	0x00000000
x5: 	0x00000000
x6: 	0x00000000
x7: 	0x00000000
x8: 	0x00000000
x9: 	0x00000000
x10: 	0x00000000
x11: 	0x00000000
x12: 	0x00000000
x13: 	0x00000000
x14: 	0x00000000
x15: 	0x00000000
x16: 	0x00000000
x17: 	0x00000000
x18: 	0x00000000
x19: 	0x00000000
x20: 	0x00000000
x21: 	0x00000000
x22: 	0x00000000
x23: 	0x00000000
x24: 	0x00000000
x25: 	0x00000000
x26: 	0x00000000
x27: 	0x00000000
x28: 	0x00000000
x29: 	0x00000000
x30: 	0x00000000
x31: 	0x00000000

0x00000ff0	0x00000000	Unkown Instruction 

All Registers: 
x0: 	0x00000000
x1: 	0x00000000
x2: 	0x00000000
x3: 	0x00000000
x4: 	0x00000000
x5: 	0x00000000
x6: 	0x00000000
x7: 	0x00000000
x8: 	0x00000000
x9: 	0x00000000
x10: 	0x00000000
x11: 	0x00000000
x12: 	0x00000000
x13: 	0x00000000
x14: 	0x00000000
x15: 	0x00000000
x16: 	0x00000000
x17: 	0x00000000
x18: 	0x00000000
x19: 	0x00000000
x20: 	0x00000000
x21: 	0x00000000
x22: 	0x00000000
x23: 	0x00000000
x24: 	0x00000000
x25: 	0x00000000
x26: 	0x00000000
x27: 	0x00000000
x28: 	0x00000000
x29: 	0x00000000
x30: 	0x00000000
x31: 	0x00000000

0x00000ff4	0x00000000	Unkown Instruction 

All Registers: 
x0: 	0x00000000
x1: 	0x00000000
x2: 	0x00000000
x3: 	0x00000000
x4: 	0x00000000
x5: 	0x00000000
x6: 	0x00000000
x7: 	0x00000000
x8: 	0x00000000
x9: 	0x00000000
x10: 	0x00000000
x11: 	0x00000000
x12: 	0x00000000
x13: 	0x00000000
x14: 	0x00000000
x15: 	0x00000000
x16: 	0x00000000
x17: 	0x00000000
x18: 	0x00000000
x19: 	0x00000000
x20: 	0x00000000
x21: 	0x00000000
x22: 	0x00000000
x23: 	0x00000000
x24: 	0x00000000
x25: 	0x00000000
x26: 	0x00000000
x27: 	0x00000000
x28: 	0x00000000
x29: 	0x00000000
x30: 	0x00000000
x31: 	0x00000000

0x00000ff8	0x00000000	Unkown Instruction 

All Registers: 
x0: 	0x00000000
x1: 	0x00000000
x2: 	0x00000000
x3: 	0x00000000
x4: 	0x00000000
x5: 	0x00000000
x6: 	0x00000000
x7: 	0x00000000
x8: 	0x00000000
x9: 	0x00000000
x10: 	0x00000000
x11: 	0x00000000
x12: 	0x00000000
x13: 	0x00000000
x14: 	0x00000000
x15: 	0x00000000
x16: 	0x00000000
x17: 	0x00000000
x18: 	0x00000000
x19: 	0x00000000
x20: 	0x00000000
x21: 	0x00000000
x22: 	0x00000000
x23: 	0x00000000
x24: 	0x00000000
x25: 	0x00000000
x26: 	0x00000000
x27: 	0x00000000
x28: 	0x00000000
x29: 	0x00000000
x30: 	0x00000000
x31: 	0x00000000

0x00000ffc	0x00000000	Unkown Instruction 

All Registers: 
x0: 	0x00000000
x1: 	0x00000000
x2: 	0x00000000
x3: 	0x00000000
x4: 	0x00000000
x5: 	0x00000000
x6: 	0x00000000
x7: 	0x00000000
x8: 	0x00000000
x9: 	0x00000000
x10: 	0x00000000
x11: 	0x00000000
x12: 	0x00000000
x13: 	0x00000000
x14: 	0x00000000
x15: 	0x00000000
x16: 	0x00000000
x17: 	0x00000000
x18: 	0x00000000
x19: 	0x00000000
x20: 	0x00000000
x21: 	0x00000000
x22: 	0x00000000
x23: 	0x00000000
x24: 	0x00000000
x25: 	0x00000000
x26: 	0x00000000
x27: 	0x00000000
x28: 	0x00000000
x29: 	0x00000000
x30: 	0x00000000
x31: 	0x00000000

0x00001000	0x00000000	Unkown Instruction 

All Registers: 
x0: 	0x00000000
x1: 	0x00000000
x2: 	0x00000000
x3: 	0x00000000
x4: 	0x00000000
x5: 	0x00000000
x6: 	0x00000000
x7: 	0x00000000
x8: 	0x00000000
x9: 	0x00000000
x10: 	0x00000000
x11: 	0x00000000
x12: 	0x00000000
x13: 	0x00000000
x14: 	0x00000000
x15: 	0x00000000
x16: 	0x00000000
x17: 	0x00000000
x18: 	0x00000000
x19: 	0x00000000
x20: 	0x00000000
x21: 	0x00000000
x22: 	0x00000000
x23: 	0x00000000
x24: 	0x00000000
x25: 	0x00000000
x26: 	0x00000000
x27: 	0x00000000
x28: 	0x00000000
x29: 	0x00000000
x30: 	0x00000000
x31: 	0x00000000

0x00001004	0x00000000	Unkown Instruction 

All Registers: 
x0: 	0x00000000
x1: 	0x00000000
x2: 	0x00000000
x3: 	0x00000000
x4: 	0x00000000
x5: 	0x00000000
x6: 	0x00000000
x7: 	0x00000000
x8: 	0x00000000
x9: 	0x00000000
x10: 	0x00000000
x11: 	0x00000000
x12: 	0x00000000
x13: 	0x00000000
x14: 	0x00000000
x15: 	0x00000000
x16: 	0x00000000
x17: 	0x00000000
x18: 	0x00000000
x19: 	0x00000000
x20: 	0x00000000
x21: 	0x00000000
x22: 	0x00000000
x23: 	0x00000000
x24: 	0x00000000
x25: 	0x00000000
x26: 	0x00000000
x27: 	0x00000000
x28: 	0x00000000
x29: 	0x00000000
x30: 	0x00000000
x31: 	0x00000000

0x00001008	0x00000000	Unkown Instruction 

All Registers: 
x0: 	0x00000000
x1: 	0x00000000
x2: 	0x00000000
x3: 	0x00000000
x4: 	0x00000000
x5: 	0x00000000
x6: 	0x00000000
x7: 	0x00000000
x8: 	0x00000000
x9: 	0x00000000
x10: 	0x00000000
x11: 	0x00000000
x12: 	0x00000000
x13: 	0x00000000
x14: 	0x00000000
x15: 	0x00000000
x16: 	0x00000000
x17: 	0x00000000
x18: 	0x00000000
x19: 	0x00000000
x20: 	0x00000000
x21: 	0x00000000
x22: 	0x00000000
x23: 	0x00000000
x24: 	0x00000000
x25: 	0x00000000
x26: 	0x00000000
x27: 	0x00000000
x28: 	0x00000000
x29: 	0x00000000
x30: 	0x00000000
x31: 	0x00000000

0x0000100c	0x00000000	Unkown Instruction 

All Registers: 
x0: 	0x00000000
x1: 	0x00000000
x2: 	0x00000000
x3: 	0x00000000
x4: 	0x00000000
x5: 	0x00000000
x6: 	0x00000000
x7: 	0x00000000
x8: 	0x00000000
x9: 	0x00000000
x10: 	0x00000000
x11: 	0x00000000
x12: 	0x00000000
x13: 	0x00000000
x14: 	0x00000000
x15: 	0x00000000
x16: 	0x00000000
x17: 	0x00000000
x18: 	0x00000000
x19: 	0x00000000
x20: 	0x00000000
x21: 	0x00000000
x22: 	0x00000000
x23: 	0x00000000
x24: 	0x00000000
x25: 	0x00000000
x26: 	0x00000000
x27: 	0x00000000
x28: 	0x00000000
x29: 	0x00000000
x30: 	0x00000000
x31: 	0x00000000

0x00001010	0x00000000	Unkown Instruction 

All Registers: 
x0: 	0x00000000
x1: 	0x00000000
x2: 	0x00000000
x3: 	0x00000000
x4: 	0x00000000
x5: 	0x00000000
x6: 	0x00000000
x7: 	0x00000000
x8: 	0x00000000
x9: 	0x00000000
x10: 	0x00000000
x11: 	0x00000000
x12: 	0x00000000
x13: 	0x00000000
x14: 	0x00000000
x15: 	0x00000000
x16: 	0x00000000
x17: 	0x00000000
x18: 	0x00000000
x19: 	0x00000000
x20: 	0x00000000
x21: 	0x00000000
x22: 	0x00000000
x23: 	0x00000000
x24: 	0x00000000
x25: 	0x00000000
x26: 	0x00000000
x27: 	0x00000000
x28: 	0x00000000
x29: 	0x00000000
x30: 	0x00000000
x31: 	0x00000000

0x00001014	0x00000000	Unkown Instruction 

All Registers: 
x0: 	0x00000000
x1: 	0x00000000
x2: 	0x00000000
x3: 	0x00000000
x4: 	0x00000000
x5: 	0x00000000
x6: 	0x00000000
x7: 	0x00000000
x8: 	0x00000000
x9: 	0x00000000
x10: 	0x00000000
x11: 	0x00000000
x12: 	0x00000000
x13: 	0x00000000
x14: 	0x00000000
x15: 	0x00000000
x16: 	0x00000000
x17: 	0x00000000
x18: 	0x00000000
x19: 	0x00000000
x20: 	0x00000000
x21: 	0x00000000
x22: 	0x00000000
x23: 	0x00000000
x24: 	0x00000000
x25: 	0x00000000
x26: 	0x00000000
x27: 	0x00000000
x28: 	0x00000000
x29: 	0x00000000
x30: 	0x00000000
x31: 	0x00000000

0x00001018	0x00000000	Unkown Instruction 

All Registers: 
x0: 	0x00000000
x1: 	0x00000000
x2: 	0x00000000
x3: 	0x00000000
x4: 	0x00000000
x5: 	0x00000000
x6: 	0x00000000
x7: 	0x00000000
x8: 	0x00000000
x9: 	0x00000000
x10: 	0x00000000
x11: 	0x00000000
x12: 	0x00000000
x13: 	0x00000000
x14: 	0x00000000
x15: 	0x00000000
x16: 	0x00000000
x17: 	0x00000000
x18: 	0x00000000
x19: 	0x00000000
x20: 	0x00000000
x21: 	0x00000000
x22: 	0x00000000
x23: 	0x00000000
x24: 	0x00000000
x25: 	0x00000000
x26: 	0x00000000
x27: 	0x00000000
x28: 	0x00000000
x29: 	0x00000000
x30: 	0x00000000
x31: 	0x00000000

0x0000101c	0x00000000	Unkown Instruction 

All Registers: 
x0: 	0x00000000
x1: 	0x00000000
x2: 	0x00000000
x3: 	0x00000000
x4: 	0x00000000
x5: 	0x00000000
x6: 	0x00000000
x7: 	0x00000000
x8: 	0x00000000
x9: 	0x00000000
x10: 	0x00000000
x11: 	0x00000000
x12: 	0x00000000
x13: 	0x00000000
x14: 	0x00000000
x15: 	0x00000000
x16: 	0x00000000
x17: 	0x00000000
x18: 	0x00000000
x19: 	0x00000000
x20: 	0x00000000
x21: 	0x00000000
x22: 	0x00000000
x23: 	0x00000000
x24: 	0x00000000
x25: 	0x00000000
x26: 	0x00000000
x27: 	0x00000000
x28: 	0x00000000
x29: 	0x00000000
x30: 	0x00000000
x31: 	0x00000000

0x00001020	0x00000000	Unkown Instruction 

All Registers: 
x0: 	0x00000000
x1: 	0x00000000
x2: 	0x00000000
x3: 	0x00000000
x4: 	0x00000000
x5: 	0x00000000
x6: 	0x00000000
x7: 	0x00000000
x8: 	0x00000000
x9: 	0x00000000
x10: 	0x00000000
x11: 	0x00000000
x12: 	0x00000000
x13: 	0x00000000
x14: 	0x00000000
x15: 	0x00000000
x16: 	0x00000000
x17: 	0x00000000
x18: 	0x00000000
x19: 	0x00000000
x20: 	0x00000000
x21: 	0x00000000
x22: 	0x00000000
x23: 	0x00000000
x24: 	0x00000000
x25: 	0x00000000
x26: 	0x00000000
x27: 	0x00000000
x28: 	0x00000000
x29: 	0x00000000
x30: 	0x00000000
x31: 	0x00000000

0x00001024	0x00000000	Unkown Instruction 

All Registers: 
x0: 	0x00000000
x1: 	0x00000000
x2: 	0x00000000
x3: 	0x00000000
x4: 	0x00000000
x5: 	0x00000000
x6: 	0x00000000
x7: 	0x00000000
x8: 	0x00000000
x9: 	0x00000000
x10: 	0x00000000
x11: 	0x00000000
x12: 	0x00000000
x13: 	0x00000000
x14: 	0x00000000
x15: 	0x00000000
x16: 	0x00000000
x17: 	0x00000000
x18: 	0x00000000
x19: 	0x00000000
x20: 	0x00000000
x21: 	0x00000000
x22: 	0x00000000
x23: 	0x00000000
x24: 	0x00000000
x25: 	0x00000000
x26: 	0x00000000
x27: 	0x00000000
x28: 	0x00000000
x29: 	0x00000000
x30: 	0x00000000
x31: 	0x00000000

0x00001028	0x00000000	Unkown Instruction 

All Registers: 
x0: 	0x00000000
x1: 	0x00000000
x2: 	0x00000000
x3: 	0x00000000
x4: 	0x00000000
x5: 	0x00000000
x6: 	0x00000000
x7: 	0x00000000
x8: 	0x00000000
x9: 	0x00000000
x10: 	0x00000000
x11: 	0x00000000
x12: 	0x00000000
x13: 	0x00000000
x14: 	0x00000000
x15: 	0x00000000
x16: 	0x00000000
x17: 	0x00000000
x18: 	0x00000000
x19: 	0x00000000
x20: 	0x00000000
x21: 	0x00000000
x22: 	0x00000000
x23: 	0x00000000
x24: 	0x00000000
x25: 	0x00000000
x26: 	0x00000000
x27: 	0x00000000
x28: 	0x00000000
x29: 	0x00000000
x30: 	0x00000000
x31: 	0x00000000

0x0000102c	0x00000000	Unkown Instruction 

All Registers: 
x0: 	0x00000000
x1: 	0x00000000
x2: 	0x00000000
x3: 	0x00000000
x4: 	0x00000000
x5: 	0x00000000
x6: 	0x00000000
x7: 	0x00000000
x8: 	0x00000000
x9: 	0x00000000
x10: 	0x00000000
x11: 	0x00000000
x12: 	0x00000000
x13: 	0x00000000
x14: 	0x00000000
x15: 	0x00000000
x16: 	0x00000000
x17: 	0x00000000
x18: 	0x00000000
x19: 	0x00000000
x20: 	0x00000000
x21: 	0x00000000
x22: 	0x00000000
x23: 	0x00000000
x24: 	0x00000000
x25: 	0x00000000
x26: 	0x00000000
x27: 	0x00000000
x28: 	0x00000000
x29: 	0x00000000
x30: 	0x00000000
x31: 	0x00000000

0x00001030	0x00000000	Unkown Instruction 

All Registers: 
x0: 	0x00000000
x1: 	0x00000000
x2: 	0x00000000
x3: 	0x00000000
x4: 	0x00000000
x5: 	0x00000000
x6: 	0x00000000
x7: 	0x00000000
x8: 	0x00000000
x9: 	0x00000000
x10: 	0x00000000
x11: 	0x00000000
x12: 	0x00000000
x13: 	0x00000000
x14: 	0x00000000
x15: 	0x00000000
x16: 	0x00000000
x17: 	0x00000000
x18: 	0x00000000
x19: 	0x00000000
x20: 	0x00000000
x21: 	0x00000000
x22: 	0x00000000
x23: 	0x00000000
x24: 	0x00000000
x25: 	0x00000000
x26: 	0x00000000
x27: 	0x00000000
x28: 	0x00000000
x29: 	0x00000000
x30: 	0x00000000
x31: 	0x00000000

0x00001034	0x00000000	Unkown Instruction 

All Registers: 
x0: 	0x00000000
x1: 	0x00000000
x2: 	0x00000000
x3: 	0x00000000
x4: 	0x00000000
x5: 	0x00000000
x6: 	0x00000000
x7: 	0x00000000
x8: 	0x00000000
x9: 	0x00000000
x10: 	0x00000000
x11: 	0x00000000
x12: 	0x00000000
x13: 	0x00000000
x14: 	0x00000000
x15: 	0x00000000
x16: 	0x00000000
x17: 	0x00000000
x18: 	0x00000000
x19: 	0x00000000
x20: 	0x00000000
x21: 	0x00000000
x22: 	0x00000000
x23: 	0x00000000
x24: 	0x00000000
x25: 	0x00000000
x26: 	0x00000000
x27: 	0x00000000
x28: 	0x00000000
x29: 	0x00000000
x30: 	0x00000000
x31: 	0x00000000

0x00001038	0x00000000	Unkown Instruction 

All Registers: 
x0: 	0x00000000
x1: 	0x00000000
x2: 	0x00000000
x3: 	0x00000000
x4: 	0x00000000
x5: 	0x00000000
x6: 	0x00000000
x7: 	0x00000000
x8: 	0x00000000
x9: 	0x00000000
x10: 	0x00000000
x11: 	0x00000000
x12: 	0x00000000
x13: 	0x00000000
x14: 	0x00000000
x15: 	0x00000000
x16: 	0x00000000
x17: 	0x00000000
x18: 	0x00000000
x19: 	0x00000000
x20: 	0x00000000
x21: 	0x00000000
x22: 	0x00000000
x23: 	0x00000000
x24: 	0x00000000
x25: 	0x00000000
x26: 	0x00000000
x27: 	0x00000000
x28: 	0x00000000
x29: 	0x00000000
x30: 	0x00000000
x31: 	0x00000000

0x0000103c	0x00000000	Unkown Instruction 

All Registers: 
x0: 	0x00000000
x1: 	0x00000000
x2: 	0x00000000
x3: 	0x00000000
x4: 	0x00000000
x5: 	0x00000000
x6: 	0x00000000
x7: 	0x00000000
x8: 	0x00000000
x9: 	0x00000000
x10: 	0x00000000
x11: 	0x00000000
x12: 	0x00000000
x13: 	0x00000000
x14: 	0x00000000
x15: 	0x00000000
x16: 	0x00000000
x17: 	0x00000000
x18: 	0x00000000
x19: 	0x00000000
x20: 	0x00000000
x21: 	0x00000000
x22: 	0x00000000
x23: 	0x00000000
x24: 	0x00000000
x25: 	0x00000000
x26: 	0x00000000
x27: 	0x00000000
x28: 	0x00000000
x29: 	0x00000000
x30: 	0x00000000
x31: 	0x00000000

0x00001040	0x00000000	Unkown Instruction 

All Registers: 
x0: 	0x00000000
x1: 	0x00000000
x2: 	0x00000000
x3: 	0x00000000
x4: 	0x00000000
x5: 	0x00000000
x6: 	0x00000000
x7: 	0x00000000
x8: 	0x00000000
x9: 	0x00000000
x10: 	0x00000000
x11: 	0x00000000
x12: 	0x00000000
x13: 	0x00000000
x14: 	0x00000000
x15: 	0x00000000
x16: 	0x00000000
x17: 	0x00000000
x18: 	0x00000000
x19: 	0x00000000
x20: 	0x00000000
x21: 	0x00000000
x22: 	0x00000000
x23: 	0x00000000
x24: 	0x00000000
x25: 	0x00000000
x26: 	0x00000000
x27: 	0x00000000
x28: 	0x00000000
x29: 	0x00000000
x30: 	0x00000000
x31: 	0x00000000

0x00001044	0x00000000	Unkown Instruction 

All Registers: 
x0: 	0x00000000
x1: 	0x00000000
x2: 	0x00000000
x3: 	0x00000000
x4: 	0x00000000
x5: 	0x00000000
x6: 	0x00000000
x7: 	0x00000000
x8: 	0x00000000
x9: 	0x00000000
x10: 	0x00000000
x11: 	0x00000000
x12: 	0x00000000
x13: 	0x00000000
x14: 	0x00000000
x15: 	0x00000000
x16: 	0x00000000
x17: 	0x00000000
x18: 	0x00000000
x19: 	0x00000000
x20: 	0x00000000
x21: 	0x00000000
x22: 	0x00000000
x23: 	0x00000000
x24: 	0x00000000
x25: 	0x00000000
x26: 	0x00000000
x27: 	0x00000000
x28: 	0x00000000
x29: 	0x00000000
x30: 	0x00000000
x31: 	0x00000000

0x00001048	0x00000000	Unkown Instruction 

All Registers: 
x0: 	0x00000000
x1: 	0x00000000
x2: 	0x00000000
x3: 	0x00000000
x4: 	0x00000000
x5: 	0x00000000
x6: 	0x00000000
x7: 	0x00000000
x8: 	0x00000000
x9: 	0x00000000
x10: 	0x00000000
x11: 	0x00000000
x12: 	0x00000000
x13: 	0x00000000
x14: 	0x00000000
x15: 	0x00000000
x16: 	0x00000000
x17: 	0x00000000
x18: 	0x00000000
x19: 	0x00000000
x20: 	0x00000000
x21: 	0x00000000
x22: 	0x00000000
x23: 	0x00000000
x24: 	0x00000000
x25: 	0x00000000
x26: 	0x00000000
x27: 	0x00000000
x28: 	0x00000000
x29: 	0x00000000
x30: 	0x00000000
x31: 	0x00000000

0x0000104c	0x00000000	Unkown Instruction 

All Registers: 
x0: 	0x00000000
x1: 	0x00000000
x2: 	0x00000000
x3: 	0x00000000
x4: 	0x00000000
x5: 	0x00000000
x6: 	0x00000000
x7: 	0x00000000
x8: 	0x00000000
x9: 	0x00000000
x10: 	0x00000000
x11: 	0x00000000
x12: 	0x00000000
x13: 	0x00000000
x14: 	0x00000000
x15: 	0x00000000
x16: 	0x00000000
x17: 	0x00000000
x18: 	0x00000000
x19: 	0x00000000
x20: 	0x00000000
x21: 	0x00000000
x22: 	0x00000000
x23: 	0x00000000
x24: 	0x00000000
x25: 	0x00000000
x26: 	0x00000000
x27: 	0x00000000
x28: 	0x00000000
x29: 	0x00000000
x30: 	0x00000000
x31: 	0x00000000

0x00001050	0x00000000	Unkown Instruction 

All Registers: 
x0: 	0x00000000
x1: 	0x00000000
x2: 	0x00000000
x3: 	0x00000000
x4: 	0x00000000
x5: 	0x00000000
x6: 	0x00000000
x7: 	0x00000000
x8: 	0x00000000
x9: 	0x00000000
x10: 	0x00000000
x11: 	0x00000000
x12: 	0x00000000
x13: 	0x00000000
x14: 	0x00000000
x15: 	0x00000000
x16: 	0x00000000
x17: 	0x00000000
x18: 	0x00000000
x19: 	0x00000000
x20: 	0x00000000
x21: 	0x00000000
x22: 	0x00000000
x23: 	0x00000000
x24: 	0x00000000
x25: 	0x00000000
x26: 	0x00000000
x27: 	0x00000000
x28: 	0x00000000
x29: 	0x00000000
x30: 	0x00000000
x31: 	0x00000000

0x00001054	0x00000000	Unkown Instruction 

All Registers: 
x0: 	0x00000000
x1: 	0x00000000
x2: 	0x00000000
x3: 	0x00000000
x4: 	0x00000000
x5: 	0x00000000
x6: 	0x00000000
x7: 	0x00000000
x8: 	0x00000000
x9: 	0x00000000
x10: 	0x00000000
x11: 	0x00000000
x12: 	0x00000000
x13: 	0x00000000
x14: 	0x00000000
x15: 	0x00000000
x16: 	0x00000000
x17: 	0x00000000
x18: 	0x00000000
x19: 	0x00000000
x20: 	0x00000000
x21: 	0x00000000
x22: 	0x00000000
x23: 	0x00000000
x24: 	0x00000000
x25: 	0x00000000
x26: 	0x00000000
x27: 	0x00000000
x28: 	0x00000000
x29: 	0x00000000
x30: 	0x00000000
x31: 	0x00000000

0x00001058	0x00000000	Unkown Instruction 

All Registers: 
x0: 	0x00000000
x1: 	0x00000000
x2: 	0x00000000
x3: 	0x00000000
x4: 	0x00000000
x5: 	0x00000000
x6: 	0x00000000
x7: 	0x00000000
x8: 	0x00000000
x9: 	0x00000000
x10: 	0x00000000
x11: 	0x00000000
x12: 	0x00000000
x13: 	0x00000000
x14: 	0x00000000
x15: 	0x00000000
x16: 	0x00000000
x17: 	0x00000000
x18: 	0x00000000
x19: 	0x00000000
x20: 	0x00000000
x21: 	0x00000000
x22: 	0x00000000
x23: 	0x00000000
x24: 	0x00000000
x25: 	0x00000000
x26: 	0x00000000
x27: 	0x00000000
x28: 	0x00000000
x29: 	0x00000000
x30: 	0x00000000
x31: 	0x00000000

0x0000105c	0x00000000	Unkown Instruction 

All Registers: 
x0: 	0x00000000
x1: 	0x00000000
x2: 	0x00000000
x3: 	0x00000000
x4: 	0x00000000
x5: 	0x00000000
x6: 	0x00000000
x7: 	0x00000000
x8: 	0x00000000
x9: 	0x00000000
x10: 	0x00000000
x11: 	0x00000000
x12: 	0x00000000
x13: 	0x00000000
x14: 	0x00000000
x15: 	0x00000000
x16: 	0x00000000
x17: 	0x00000000
x18: 	0x00000000
x19: 	0x00000000
x20: 	0x00000000
x21: 	0x00000000
x22: 	0x00000000
x23: 	0x00000000
x24: 	0x00000000
x25: 	0x00000000
x26: 	0x00000000
x27: 	0x00000000
x28: 	0x00000000
x29: 	0x00000000
x30: 	0x00000000
x31: 	0x00000000

0x00001060	0x00000000	Unkown Instruction 

All Registers: 
x0: 	0x00000000
x1: 	0x00000000
x2: 	0x00000000
x3: 	0x00000000
x4: 	0x00000000
x5: 	0x00000000
x6: 	0x00000000
x7: 	0x00000000
x8: 	0x00000000
x9: 	0x00000000
x10: 	0x00000000
x11: 	0x00000000
x12: 	0x00000000
x13: 	0x00000000
x14: 	0x00000000
x15: 	0x00000000
x16: 	0x00000000
x17: 	0x00000000
x18: 	0x00000000
x19: 	0x00000000
x20: 	0x00000000
x21: 	0x00000000
x22: 	0x00000000
x23: 	0x00000000
x24: 	0x00000000
x25: 	0x00000000
x26: 	0x00000000
x27: 	0x00000000
x28: 	0x00000000
x29: 	0x00000000
x30: 	0x00000000
x31: 	0x00000000

0x00001064	0x00000000	Unkown Instruction 

All Registers: 
x0: 	0x00000000
x1: 	0x00000000
x2: 	0x00000000
x3: 	0x00000000
x4: 	0x00000000
x5: 	0x00000000
x6: 	0x00000000
x7: 	0x00000000
x8: 	0x00000000
x9: 	0x00000000
x10: 	0x00000000
x11: 	0x00000000
x12: 	0x00000000
x13: 	0x00000000
x14: 	0x00000000
x15: 	0x00000000
x16: 	0x00000000
x17: 	0x00000000
x18: 	0x00000000
x19: 	0x00000000
x20: 	0x00000000
x21: 	0x00000000
x22: 	0x00000000
x23: 	0x00000000
x24: 	0x00000000
x25: 	0x00000000
x26: 	0x00000000
x27: 	0x00000000
x28: 	0x00000000
x29: 	0x00000000
x30: 	0x00000000
x31: 	0x00000000

0x00001068	0x00000000	Unkown Instruction 

All Registers: 
x0: 	0x00000000
x1: 	0x00000000
x2: 	0x00000000
x3: 	0x00000000
x4: 	0x00000000
x5: 	0x00000000
x6: 	0x00000000
x7: 	0x00000000
x8: 	0x00000000
x9: 	0x00000000
x10: 	0x00000000
x11: 	0x00000000
x12: 	0x00000000
x13: 	0x00000000
x14: 	0x00000000
x15: 	0x00000000
x16: 	0x00000000
x17: 	0x00000000
x18: 	0x00000000
x19: 	0x00000000
x20: 	0x00000000
x21: 	0x00000000
x22: 	0x00000000
x23: 	0x00000000
x24: 	0x00000000
x25: 	0x00000000
x26: 	0x00000000
x27: 	0x00000000
x28: 	0x00000000
x29: 	0x00000000
x30: 	0x00000000
x31: 	0x00000000

0x0000106c	0x00000000	Unkown Instruction 

All Registers: 
x0: 	0x00000000
x1: 	0x00000000
x2: 	0x00000000
x3: 	0x00000000
x4: 	0x00000000
x5: 	0x00000000
x6: 	0x00000000
x7: 	0x00000000
x8: 	0x00000000
x9: 	0x00000000
x10: 	0x00000000
x11: 	0x00000000
x12: 	0x00000000
x13: 	0x00000000
x14: 	0x00000000
x15: 	0x00000000
x16: 	0x00000000
x17: 	0x00000000
x18: 	0x00000000
x19: 	0x00000000
x20: 	0x00000000
x21: 	0x00000000
x22: 	0x00000000
x23: 	0x00000000
x24: 	0x00000000
x25: 	0x00000000
x26: 	0x00000000
x27: 	0x00000000
x28: 	0x00000000
x29: 	0x00000000
x30: 	0x00000000
x31: 	0x00000000

0x00001070	0x00000000	Unkown Instruction 

All Registers: 
x0: 	0x00000000
x1: 	0x00000000
x2: 	0x00000000
x3: 	0x00000000
x4: 	0x00000000
x5: 	0x00000000
x6: 	0x00000000
x7: 	0x00000000
x8: 	0x00000000
x9: 	0x00000000
x10: 	0x00000000
x11: 	0x00000000
x12: 	0x00000000
x13: 	0x00000000
x14: 	0x00000000
x15: 	0x00000000
x16: 	0x00000000
x17: 	0x00000000
x18: 	0x00000000
x19: 	0x00000000
x20: 	0x00000000
x21: 	0x00000000
x22: 	0x00000000
x23: 	0x00000000
x24: 	0x00000000
x25: 	0x00000000
x26: 	0x00000000
x27: 	0x00000000
x28: 	0x00000000
x29: 	0x00000000
x30: 	0x00000000
x31: 	0x00000000

0x00001074	0x00000000	Unkown Instruction 

All Registers: 
x0: 	0x00000000
x1: 	0x00000000
x2: 	0x00000000
x3: 	0x00000000
x4: 	0x00000000
x5: 	0x00000000
x6: 	0x00000000
x7: 	0x00000000
x8: 	0x00000000
x9: 	0x00000000
x10: 	0x00000000
x11: 	0x00000000
x12: 	0x00000000
x13: 	0x00000000
x14: 	0x00000000
x15: 	0x00000000
x16: 	0x00000000
x17: 	0x00000000
x18: 	0x00000000
x19: 	0x00000000
x20: 	0x00000000
x21: 	0x00000000
x22: 	0x00000000
x23: 	0x00000000
x24: 	0x00000000
x25: 	0x00000000
x26: 	0x00000000
x27: 	0x00000000
x28: 	0x00000000
x29: 	0x00000000
x30: 	0x00000000
x31: 	0x00000000

0x00001078	0x00000000	Unkown Instruction 

All Registers: 
x0: 	0x00000000
x1: 	0x00000000
x2: 	0x00000000
x3: 	0x00000000
x4: 	0x00000000
x5: 	0x00000000
x6: 	0x00000000
x7: 	0x00000000
x8: 	0x00000000
x9: 	0x00000000
x10: 	0x00000000
x11: 	0x00000000
x12: 	0x00000000
x13: 	0x00000000
x14: 	0x00000000
x15: 	0x00000000
x16: 	0x00000000
x17: 	0x00000000
x18: 	0x00000000
x19: 	0x00000000
x20: 	0x00000000
x21: 	0x00000000
x22: 	0x00000000
x23: 	0x00000000
x24: 	0x00000000
x25: 	0x00000000
x26: 	0x00000000
x27: 	0x00000000
x28: 	0x00000000
x29: 	0x00000000
x30: 	0x00000000
x31: 	0x00000000

0x0000107c	0x00000000	Unkown Instruction 

All Registers: 
x0: 	0x00000000
x1: 	0x00000000
x2: 	0x00000000
x3: 	0x00000000
x4: 	0x00000000
x5: 	0x00000000
x6: 	0x00000000
x7: 	0x00000000
x8: 	0x00000000
x9: 	0x00000000
x10: 	0x00000000
x11: 	0x00000000
x12: 	0x00000000
x13: 	0x00000000
x14: 	0x00000000
x15: 	0x00000000
x16: 	0x00000000
x17: 	0x00000000
x18: 	0x00000000
x19: 	0x00000000
x20: 	0x00000000
x21: 	0x00000000
x22: 	0x00000000
x23: 	0x00000000
x24: 	0x00000000
x25: 	0x00000000
x26: 	0x00000000
x27: 	0x00000000
x28: 	0x00000000
x29: 	0x00000000
x30: 	0x00000000
x31: 	0x00000000

0x00001080	0x00000000	Unkown Instruction 

All Registers: 
x0: 	0x00000000
x1: 	0x00000000
x2: 	0x00000000
x3: 	0x00000000
x4: 	0x00000000
x5: 	0x00000000
x6: 	0x00000000
x7: 	0x00000000
x8: 	0x00000000
x9: 	0x00000000
x10: 	0x00000000
x11: 	0x00000000
x12: 	0x00000000
x13: 	0x00000000
x14: 	0x00000000
x15: 	0x00000000
x16: 	0x00000000
x17: 	0x00000000
x18: 	0x00000000
x19: 	0x00000000
x20: 	0x00000000
x21: 	0x00000000
x22: 	0x00000000
x23: 	0x00000000
x24: 	0x00000000
x25: 	0x00000000
x26: 	0x00000000
x27: 	0x00000000
x28: 	0x00000000
x29: 	0x00000000
x30: 	0x00000000
x31: 	0x00000000

0x00001084	0x00000000	Unkown Instruction 

All Registers: 
x0: 	0x00000000
x1: 	0x00000000
x2: 	0x00000000
x3: 	0x00000000
x4: 	0x00000000
x5: 	0x00000000
x6: 	0x00000000
x7: 	0x00000000
x8: 	0x00000000
x9: 	0x00000000
x10: 	0x00000000
x11: 	0x00000000
x12: 	0x00000000
x13: 	0x00000000
x14: 	0x00000000
x15: 	0x00000000
x16: 	0x00000000
x17: 	0x00000000
x18: 	0x00000000
x19: 	0x00000000
x20: 	0x00000000
x21: 	0x00000000
x22: 	0x00000000
x23: 	0x00000000
x24: 	0x00000000
x25: 	0x00000000
x26: 	0x00000000
x27: 	0x00000000
x28: 	0x00000000
x29: 	0x00000000
x30: 	0x00000000
x31: 	0x00000000

0x00001088	0x00000000	Unkown Instruction 

All Registers: 
x0: 	0x00000000
x1: 	0x00000000
x2: 	0x00000000
x3: 	0x00000000
x4: 	0x00000000
x5: 	0x00000000
x6: 	0x00000000
x7: 	0x00000000
x8: 	0x00000000
x9: 	0x00000000
x10: 	0x00000000
x11: 	0x00000000
x12: 	0x00000000
x13: 	0x00000000
x14: 	0x00000000
x15: 	0x00000000
x16: 	0x00000000
x17: 	0x00000000
x18: 	0x00000000
x19: 	0x00000000
x20: 	0x00000000
x21: 	0x00000000
x22: 	0x00000000
x23: 	0x00000000
x24: 	0x00000000
x25: 	0x00000000
x26: 	0x00000000
x27: 	0x00000000
x28: 	0x00000000
x29: 	0x00000000
x30: 	0x00000000
x31: 	0x00000000

0x0000108c	0x00000000	Unkown Instruction 

All Registers: 
x0: 	0x00000000
x1: 	0x00000000
x2: 	0x00000000
x3: 	0x00000000
x4: 	0x00000000
x5: 	0x00000000
x6: 	0x00000000
x7: 	0x00000000
x8: 	0x00000000
x9: 	0x00000000
x10: 	0x00000000
x11: 	0x00000000
x12: 	0x00000000
x13: 	0x00000000
x14: 	0x00000000
x15: 	0x00000000
x16: 	0x00000000
x17: 	0x00000000
x18: 	0x00000000
x19: 	0x00000000
x20: 	0x00000000
x21: 	0x00000000
x22: 	0x00000000
x23: 	0x00000000
x24: 	0x00000000
x25: 	0x00000000
x26: 	0x00000000
x27: 	0x00000000
x28: 	0x00000000
x29: 	0x00000000
x30: 	0x00000000
x31: 	0x00000000

0x00001090	0x00000000	Unkown Instruction 

All Registers: 
x0: 	0x00000000
x1: 	0x00000000
x2: 	0x00000000
x3: 	0x00000000
x4: 	0x00000000
x5: 	0x00000000
x6: 	0x00000000
x7: 	0x00000000
x8: 	0x00000000
x9: 	0x00000000
x10: 	0x00000000
x11: 	0x00000000
x12: 	0x00000000
x13: 	0x00000000
x14: 	0x00000000
x15: 	0x00000000
x16: 	0x00000000
x17: 	0x00000000
x18: 	0x00000000
x19: 	0x00000000
x20: 	0x00000000
x21: 	0x00000000
x22: 	0x00000000
x23: 	0x00000000
x24: 	0x00000000
x25: 	0x00000000
x26: 	0x00000000
x27: 	0x00000000
x28: 	0x00000000
x29: 	0x00000000
x30: 	0x00000000
x31: 	0x00000000

0x00001094	0x00000000	Unkown Instruction 

All Registers: 
x0: 	0x00000000
x1: 	0x00000000
x2: 	0x00000000
x3: 	0x00000000
x4: 	0x00000000
x5: 	0x00000000
x6: 	0x00000000
x7: 	0x00000000
x8: 	0x00000000
x9: 	0x00000000
x10: 	0x00000000
x11: 	0x00000000
x12: 	0x00000000
x13: 	0x00000000
x14: 	0x00000000
x15: 	0x00000000
x16: 	0x00000000
x17: 	0x00000000
x18: 	0x00000000
x19: 	0x00000000
x20: 	0x00000000
x21: 	0x00000000
x22: 	0x00000000
x23: 	0x00000000
x24: 	0x00000000
x25: 	0x00000000
x26: 	0x00000000
x27: 	0x00000000
x28: 	0x00000000
x29: 	0x00000000
x30: 	0x00000000
x31: 	0x00000000

0x00001098	0x00000000	Unkown Instruction 

All Registers: 
x0: 	0x00000000
x1: 	0x00000000
x2: 	0x00000000
x3: 	0x00000000
x4: 	0x00000000
x5: 	0x00000000
x6: 	0x00000000
x7: 	0x00000000
x8: 	0x00000000
x9: 	0x00000000
x10: 	0x00000000
x11: 	0x00000000
x12: 	0x00000000
x13: 	0x00000000
x14: 	0x00000000
x15: 	0x00000000
x16: 	0x00000000
x17: 	0x00000000
x18: 	0x00000000
x19: 	0x00000000
x20: 	0x00000000
x21: 	0x00000000
x22: 	0x00000000
x23: 	0x00000000
x24: 	0x00000000
x25: 	0x00000000
x26: 	0x00000000
x27: 	0x00000000
x28: 	0x00000000
x29: 	0x00000000
x30: 	0x00000000
x31: 	0x00000000

0x0000109c	0x00000000	Unkown Instruction 

All Registers: 
x0: 	0x00000000
x1: 	0x00000000
x2: 	0x00000000
x3: 	0x00000000
x4: 	0x00000000
x5: 	0x00000000
x6: 	0x00000000
x7: 	0x00000000
x8: 	0x00000000
x9: 	0x00000000
x10: 	0x00000000
x11: 	0x00000000
x12: 	0x00000000
x13: 	0x00000000
x14: 	0x00000000
x15: 	0x00000000
x16: 	0x00000000
x17: 	0x00000000
x18: 	0x00000000
x19: 	0x00000000
x20: 	0x00000000
x21: 	0x00000000
x22: 	0x00000000
x23: 	0x00000000
x24: 	0x00000000
x25: 	0x00000000
x26: 	0x00000000
x27: 	0x00000000
x28: 	0x00000000
x29: 	0x00000000
x30: 	0x00000000
x31: 	0x00000000

0x000010a0	0x00000000	Unkown Instruction 

All Registers: 
x0: 	0x00000000
x1: 	0x00000000
x2: 	0x00000000
x3: 	0x00000000
x4: 	0x00000000
x5: 	0x00000000
x6: 	0x00000000
x7: 	0x00000000
x8: 	0x00000000
x9: 	0x00000000
x10: 	0x00000000
x11: 	0x00000000
x12: 	0x00000000
x13: 	0x00000000
x14: 	0x00000000
x15: 	0x00000000
x16: 	0x00000000
x17: 	0x00000000
x18: 	0x00000000
x19: 	0x00000000
x20: 	0x00000000
x21: 	0x00000000
x22: 	0x00000000
x23: 	0x00000000
x24: 	0x00000000
x25: 	0x00000000
x26: 	0x00000000
x27: 	0x00000000
x28: 	0x00000000
x29: 	0x00000000
x30: 	0x00000000
x31: 	0x00000000

0x000010a4	0x00000000	Unkown Instruction 

All Registers: 
x0: 	0x00000000
x1: 	0x00000000
x2: 	0x00000000
x3: 	0x00000000
x4: 	0x00000000
x5: 	0x00000000
x6: 	0x00000000
x7: 	0x00000000
x8: 	0x00000000
x9: 	0x00000000
x10: 	0x00000000
x11: 	0x00000000
x12: 	0x00000000
x13: 	0x00000000
x14: 	0x00000000
x15: 	0x00000000
x16: 	0x00000000
x17: 	0x00000000
x18: 	0x00000000
x19: 	0x00000000
x20: 	0x00000000
x21: 	0x00000000
x22: 	0x00000000
x23: 	0x00000000
x24: 	0x00000000
x25: 	0x00000000
x26: 	0x00000000
x27: 	0x00000000
x28: 	0x00000000
x29: 	0x00000000
x30: 	0x00000000
x31: 	0x00000000

0x000010a8	0x00000000	Unkown Instruction 

All Registers: 
x0: 	0x00000000
x1: 	0x00000000
x2: 	0x00000000
x3: 	0x00000000
x4: 	0x00000000
x5: 	0x00000000
x6: 	0x00000000
x7: 	0x00000000
x8: 	0x00000000
x9: 	0x00000000
x10: 	0x00000000
x11: 	0x00000000
x12: 	0x00000000
x13: 	0x00000000
x14: 	0x00000000
x15: 	0x00000000
x16: 	0x00000000
x17: 	0x00000000
x18: 	0x00000000
x19: 	0x00000000
x20: 	0x00000000
x21: 	0x00000000
x22: 	0x00000000
x23: 	0x00000000
x24: 	0x00000000
x25: 	0x00000000
x26: 	0x00000000
x27: 	0x00000000
x28: 	0x00000000
x29: 	0x00000000
x30: 	0x00000000
x31: 	0x00000000

0x000010ac	0x00000000	Unkown Instruction 

All Registers: 
x0: 	0x00000000
x1: 	0x00000000
x2: 	0x00000000
x3: 	0x00000000
x4: 	0x00000000
x5: 	0x00000000
x6: 	0x00000000
x7: 	0x00000000
x8: 	0x00000000
x9: 	0x00000000
x10: 	0x00000000
x11: 	0x00000000
x12: 	0x00000000
x13: 	0x00000000
x14: 	0x00000000
x15: 	0x00000000
x16: 	0x00000000
x17: 	0x00000000
x18: 	0x00000000
x19: 	0x00000000
x20: 	0x00000000
x21: 	0x00000000
x22: 	0x00000000
x23: 	0x00000000
x24: 	0x00000000
x25: 	0x00000000
x26: 	0x00000000
x27: 	0x00000000
x28: 	0x00000000
x29: 	0x00000000
x30: 	0x00000000
x31: 	0x00000000

0x000010b0	0x00000000	Unkown Instruction 

All Registers: 
x0: 	0x00000000
x1: 	0x00000000
x2: 	0x00000000
x3: 	0x00000000
x4: 	0x00000000
x5: 	0x00000000
x6: 	0x00000000
x7: 	0x00000000
x8: 	0x00000000
x9: 	0x00000000
x10: 	0x00000000
x11: 	0x00000000
x12: 	0x00000000
x13: 	0x00000000
x14: 	0x00000000
x15: 	0x00000000
x16: 	0x00000000
x17: 	0x00000000
x18: 	0x00000000
x19: 	0x00000000
x20: 	0x00000000
x21: 	0x00000000
x22: 	0x00000000
x23: 	0x00000000
x24: 	0x00000000
x25: 	0x00000000
x26: 	0x00000000
x27: 	0x00000000
x28: 	0x00000000
x29: 	0x00000000
x30: 	0x00000000
x31: 	0x00000000

0x000010b4	0x00000000	Unkown Instruction 

All Registers: 
x0: 	0x00000000
x1: 	0x00000000
x2: 	0x00000000
x3: 	0x00000000
x4: 	0x00000000
x5: 	0x00000000
x6: 	0x00000000
x7: 	0x00000000
x8: 	0x00000000
x9: 	0x00000000
x10: 	0x00000000
x11: 	0x00000000
x12: 	0x00000000
x13: 	0x00000000
x14: 	0x00000000
x15: 	0x00000000
x16: 	0x00000000
x17: 	0x00000000
x18: 	0x00000000
x19: 	0x00000000
x20: 	0x00000000
x21: 	0x00000000
x22: 	0x00000000
x23: 	0x00000000
x24: 	0x00000000
x25: 	0x00000000
x26: 	0x00000000
x27: 	0x00000000
x28: 	0x00000000
x29: 	0x00000000
x30: 	0x00000000
x31: 	0x00000000

0x000010b8	0x00000000	Unkown Instruction 

All Registers: 
x0: 	0x00000000
x1: 	0x00000000
x2: 	0x00000000
x3: 	0x00000000
x4: 	0x00000000
x5: 	0x00000000
x6: 	0x00000000
x7: 	0x00000000
x8: 	0x00000000
x9: 	0x00000000
x10: 	0x00000000
x11: 	0x00000000
x12: 	0x00000000
x13: 	0x00000000
x14: 	0x00000000
x15: 	0x00000000
x16: 	0x00000000
x17: 	0x00000000
x18: 	0x00000000
x19: 	0x00000000
x20: 	0x00000000
x21: 	0x00000000
x22: 	0x00000000
x23: 	0x00000000
x24: 	0x00000000
x25: 	0x00000000
x26: 	0x00000000
x27: 	0x00000000
x28: 	0x00000000
x29: 	0x00000000
x30: 	0x00000000
x31: 	0x00000000

0x000010bc	0x00000000	Unkown Instruction 

All Registers: 
x0: 	0x00000000
x1: 	0x00000000
x2: 	0x00000000
x3: 	0x00000000
x4: 	0x00000000
x5: 	0x00000000
x6: 	0x00000000
x7: 	0x00000000
x8: 	0x00000000
x9: 	0x00000000
x10: 	0x00000000
x11: 	0x00000000
x12: 	0x00000000
x13: 	0x00000000
x14: 	0x00000000
x15: 	0x00000000
x16: 	0x00000000
x17: 	0x00000000
x18: 	0x00000000
x19: 	0x00000000
x20: 	0x00000000
x21: 	0x00000000
x22: 	0x00000000
x23: 	0x00000000
x24: 	0x00000000
x25: 	0x00000000
x26: 	0x00000000
x27: 	0x00000000
x28: 	0x00000000
x29: 	0x00000000
x30: 	0x00000000
x31: 	0x00000000

0x000010c0	0x00000000	Unkown Instruction 

All Registers: 
x0: 	0x00000000
x1: 	0x00000000
x2: 	0x00000000
x3: 	0x00000000
x4: 	0x00000000
x5: 	0x00000000
x6: 	0x00000000
x7: 	0x00000000
x8: 	0x00000000
x9: 	0x00000000
x10: 	0x00000000
x11: 	0x00000000
x12: 	0x00000000
x13: 	0x00000000
x14: 	0x00000000
x15: 	0x00000000
x16: 	0x00000000
x17: 	0x00000000
x18: 	0x00000000
x19: 	0x00000000
x20: 	0x00000000
x21: 	0x00000000
x22: 	0x00000000
x23: 	0x00000000
x24: 	0x00000000
x25: 	0x00000000
x26: 	0x00000000
x27: 	0x00000000
x28: 	0x00000000
x29: 	0x00000000
x30: 	0x00000000
x31: 	0x00000000

0x000010c4	0x00000000	Unkown Instruction 

All Registers: 
x0: 	0x00000000
x1: 	0x00000000
x2: 	0x00000000
x3: 	0x00000000
x4: 	0x00000000
x5: 	0x00000000
x6: 	0x00000000
x7: 	0x00000000
x8: 	0x00000000
x9: 	0x00000000
x10: 	0x00000000
x11: 	0x00000000
x12: 	0x00000000
x13: 	0x00000000
x14: 	0x00000000
x15: 	0x00000000
x16: 	0x00000000
x17: 	0x00000000
x18: 	0x00000000
x19: 	0x00000000
x20: 	0x00000000
x21: 	0x00000000
x22: 	0x00000000
x23: 	0x00000000
x24: 	0x00000000
x25: 	0x00000000
x26: 	0x00000000
x27: 	0x00000000
x28: 	0x00000000
x29: 	0x00000000
x30: 	0x00000000
x31: 	0x00000000

0x000010c8	0x00000000	Unkown Instruction 

All Registers: 
x0: 	0x00000000
x1: 	0x00000000
x2: 	0x00000000
x3: 	0x00000000
x4: 	0x00000000
x5: 	0x00000000
x6: 	0x00000000
x7: 	0x00000000
x8: 	0x00000000
x9: 	0x00000000
x10: 	0x00000000
x11: 	0x00000000
x12: 	0x00000000
x13: 	0x00000000
x14: 	0x00000000
x15: 	0x00000000
x16: 	0x00000000
x17: 	0x00000000
x18: 	0x00000000
x19: 	0x00000000
x20: 	0x00000000
x21: 	0x00000000
x22: 	0x00000000
x23: 	0x00000000
x24: 	0x00000000
x25: 	0x00000000
x26: 	0x00000000
x27: 	0x00000000
x28: 	0x00000000
x29: 	0x00000000
x30: 	0x00000000
x31: 	0x00000000

0x000010cc	0x00000000	Unkown Instruction 

All Registers: 
x0: 	0x00000000
x1: 	0x00000000
x2: 	0x00000000
x3: 	0x00000000
x4: 	0x00000000
x5: 	0x00000000
x6: 	0x00000000
x7: 	0x00000000
x8: 	0x00000000
x9: 	0x00000000
x10: 	0x00000000
x11: 	0x00000000
x12: 	0x00000000
x13: 	0x00000000
x14: 	0x00000000
x15: 	0x00000000
x16: 	0x00000000
x17: 	0x00000000
x18: 	0x00000000
x19: 	0x00000000
x20: 	0x00000000
x21: 	0x00000000
x22: 	0x00000000
x23: 	0x00000000
x24: 	0x00000000
x25: 	0x00000000
x26: 	0x00000000
x27: 	0x00000000
x28: 	0x00000000
x29: 	0x00000000
x30: 	0x00000000
x31: 	0x00000000

0x000010d0	0x00000000	Unkown Instruction 

All Registers: 
x0: 	0x00000000
x1: 	0x00000000
x2: 	0x00000000
x3: 	0x00000000
x4: 	0x00000000
x5: 	0x00000000
x6: 	0x00000000
x7: 	0x00000000
x8: 	0x00000000
x9: 	0x00000000
x10: 	0x00000000
x11: 	0x00000000
x12: 	0x00000000
x13: 	0x00000000
x14: 	0x00000000
x15: 	0x00000000
x16: 	0x00000000
x17: 	0x00000000
x18: 	0x00000000
x19: 	0x00000000
x20: 	0x00000000
x21: 	0x00000000
x22: 	0x00000000
x23: 	0x00000000
x24: 	0x00000000
x25: 	0x00000000
x26: 	0x00000000
x27: 	0x00000000
x28: 	0x00000000
x29: 	0x00000000
x30: 	0x00000000
x31: 	0x00000000

0x000010d4	0x00000000	Unkown Instruction 

All Registers: 
x0: 	0x00000000
x1: 	0x00000000
x2: 	0x00000000
x3: 	0x00000000
x4: 	0x00000000
x5: 	0x00000000
x6: 	0x00000000
x7: 	0x00000000
x8: 	0x00000000
x9: 	0x00000000
x10: 	0x00000000
x11: 	0x00000000
x12: 	0x00000000
x13: 	0x00000000
x14: 	0x00000000
x15: 	0x00000000
x16: 	0x00000000
x17: 	0x00000000
x18: 	0x00000000
x19: 	0x00000000
x20: 	0x00000000
x21: 	0x00000000
x22: 	0x00000000
x23: 	0x00000000
x24: 	0x00000000
x25: 	0x00000000
x26: 	0x00000000
x27: 	0x00000000
x28: 	0x00000000
x29: 	0x00000000
x30: 	0x00000000
x31: 	0x00000000

0x000010d8	0x00000000	Unkown Instruction 

All Registers: 
x0: 	0x00000000
x1: 	0x00000000
x2: 	0x00000000
x3: 	0x00000000
x4: 	0x00000000
x5: 	0x00000000
x6: 	0x00000000
x7: 	0x00000000
x8: 	0x00000000
x9: 	0x00000000
x10: 	0x00000000
x11: 	0x00000000
x12: 	0x00000000
x13: 	0x00000000
x14: 	0x00000000
x15: 	0x00000000
x16: 	0x00000000
x17: 	0x00000000
x18: 	0x00000000
x19: 	0x00000000
x20: 	0x00000000
x21: 	0x00000000
x22: 	0x00000000
x23: 	0x00000000
x24: 	0x00000000
x25: 	0x00000000
x26: 	0x00000000
x27: 	0x00000000
x28: 	0x00000000
x29: 	0x00000000
x30: 	0x00000000
x31: 	0x00000000

0x000010dc	0x00000000	Unkown Instruction 

All Registers: 
x0: 	0x00000000
x1: 	0x00000000
x2: 	0x00000000
x3: 	0x00000000
x4: 	0x00000000
x5: 	0x00000000
x6: 	0x00000000
x7: 	0x00000000
x8: 	0x00000000
x9: 	0x00000000
x10: 	0x00000000
x11: 	0x00000000
x12: 	0x00000000
x13: 	0x00000000
x14: 	0x00000000
x15: 	0x00000000
x16: 	0x00000000
x17: 	0x00000000
x18: 	0x00000000
x19: 	0x00000000
x20: 	0x00000000
x21: 	0x00000000
x22: 	0x00000000
x23: 	0x00000000
x24: 	0x00000000
x25: 	0x00000000
x26: 	0x00000000
x27: 	0x00000000
x28: 	0x00000000
x29: 	0x00000000
x30: 	0x00000000
x31: 	0x00000000

0x000010e0	0x00000000	Unkown Instruction 

All Registers: 
x0: 	0x00000000
x1: 	0x00000000
x2: 	0x00000000
x3: 	0x00000000
x4: 	0x00000000
x5: 	0x00000000
x6: 	0x00000000
x7: 	0x00000000
x8: 	0x00000000
x9: 	0x00000000
x10: 	0x00000000
x11: 	0x00000000
x12: 	0x00000000
x13: 	0x00000000
x14: 	0x00000000
x15: 	0x00000000
x16: 	0x00000000
x17: 	0x00000000
x18: 	0x00000000
x19: 	0x00000000
x20: 	0x00000000
x21: 	0x00000000
x22: 	0x00000000
x23: 	0x00000000
x24: 	0x00000000
x25: 	0x00000000
x26: 	0x00000000
x27: 	0x00000000
x28: 	0x00000000
x29: 	0x00000000
x30: 	0x00000000
x31: 	0x00000000

0x000010e4	0x00000000	Unkown Instruction 

All Registers: 
x0: 	0x00000000
x1: 	0x00000000
x2: 	0x00000000
x3: 	0x00000000
x4: 	0x00000000
x5: 	0x00000000
x6: 	0x00000000
x7: 	0x00000000
x8: 	0x00000000
x9: 	0x00000000
x10: 	0x00000000
x11: 	0x00000000
x12: 	0x00000000
x13: 	0x00000000
x14: 	0x00000000
x15: 	0x00000000
x16: 	0x00000000
x17: 	0x00000000
x18: 	0x00000000
x19: 	0x00000000
x20: 	0x00000000
x21: 	0x00000000
x22: 	0x00000000
x23: 	0x00000000
x24: 	0x00000000
x25: 	0x00000000
x26: 	0x00000000
x27: 	0x00000000
x28: 	0x00000000
x29: 	0x00000000
x30: 	0x00000000
x31: 	0x00000000

0x000010e8	0x00000000	Unkown Instruction 

All Registers: 
x0: 	0x00000000
x1: 	0x00000000
x2: 	0x00000000
x3: 	0x00000000
x4: 	0x00000000
x5: 	0x00000000
x6: 	0x00000000
x7: 	0x00000000
x8: 	0x00000000
x9: 	0x00000000
x10: 	0x00000000
x11: 	0x00000000
x12: 	0x00000000
x13: 	0x00000000
x14: 	0x00000000
x15: 	0x00000000
x16: 	0x00000000
x17: 	0x00000000
x18: 	0x00000000
x19: 	0x00000000
x20: 	0x00000000
x21: 	0x00000000
x22: 	0x00000000
x23: 	0x00000000
x24: 	0x00000000
x25: 	0x00000000
x26: 	0x00000000
x27: 	0x00000000
x28: 	0x00000000
x29: 	0x00000000
x30: 	0x00000000
x31: 	0x00000000

0x000010ec	0x00000000	Unkown Instruction 

All Registers: 
x0: 	0x00000000
x1: 	0x00000000
x2: 	0x00000000
x3: 	0x00000000
x4: 	0x00000000
x5: 	0x00000000
x6: 	0x00000000
x7: 	0x00000000
x8: 	0x00000000
x9: 	0x00000000
x10: 	0x00000000
x11: 	0x00000000
x12: 	0x00000000
x13: 	0x00000000
x14: 	0x00000000
x15: 	0x00000000
x16: 	0x00000000
x17: 	0x00000000
x18: 	0x00000000
x19: 	0x00000000
x20: 	0x00000000
x21: 	0x00000000
x22: 	0x00000000
x23: 	0x00000000
x24: 	0x00000000
x25: 	0x00000000
x26: 	0x00000000
x27: 	0x00000000
x28: 	0x00000000
x29: 	0x00000000
x30: 	0x00000000
x31: 	0x00000000

0x000010f0	0x00000000	Unkown Instruction 

All Registers: 
x0: 	0x00000000
x1: 	0x00000000
x2: 	0x00000000
x3: 	0x00000000
x4: 	0x00000000
x5: 	0x00000000
x6: 	0x00000000
x7: 	0x00000000
x8: 	0x00000000
x9: 	0x00000000
x10: 	0x00000000
x11: 	0x00000000
x12: 	0x00000000
x13: 	0x00000000
x14: 	0x00000000
x15: 	0x00000000
x16: 	0x00000000
x17: 	0x00000000
x18: 	0x00000000
x19: 	0x00000000
x20: 	0x00000000
x21: 	0x00000000
x22: 	0x00000000
x23: 	0x00000000
x24: 	0x00000000
x25: 	0x00000000
x26: 	0x00000000
x27: 	0x00000000
x28: 	0x00000000
x29: 	0x00000000
x30: 	0x00000000
x31: 	0x00000000

0x000010f4	0x00000000	Unkown Instruction 

All Registers: 
x0: 	0x00000000
x1: 	0x00000000
x2: 	0x00000000
x3: 	0x00000000
x4: 	0x00000000
x5: 	0x00000000
x6: 	0x00000000
x7: 	0x00000000
x8: 	0x00000000
x9: 	0x00000000
x10: 	0x00000000
x11: 	0x00000000
x12: 	0x00000000
x13: 	0x00000000
x14: 	0x00000000
x15: 	0x00000000
x16: 	0x00000000
x17: 	0x00000000
x18: 	0x00000000
x19: 	0x00000000
x20: 	0x00000000
x21: 	0x00000000
x22: 	0x00000000
x23: 	0x00000000
x24: 	0x00000000
x25: 	0x00000000
x26: 	0x00000000
x27: 	0x00000000
x28: 	0x00000000
x29: 	0x00000000
x30: 	0x00000000
x31: 	0x00000000

0x000010f8	0x00000000	Unkown Instruction 

All Registers: 
x0: 	0x00000000
x1: 	0x00000000
x2: 	0x00000000
x3: 	0x00000000
x4: 	0x00000000
x5: 	0x00000000
x6: 	0x00000000
x7: 	0x00000000
x8: 	0x00000000
x9: 	0x00000000
x10: 	0x00000000
x11: 	0x00000000
x12: 	0x00000000
x13: 	0x00000000
x14: 	0x00000000
x15: 	0x00000000
x16: 	0x00000000
x17: 	0x00000000
x18: 	0x00000000
x19: 	0x00000000
x20: 	0x00000000
x21: 	0x00000000
x22: 	0x00000000
x23: 	0x00000000
x24: 	0x00000000
x25: 	0x00000000
x26: 	0x00000000
x27: 	0x00000000
x28: 	0x00000000
x29: 	0x00000000
x30: 	0x00000000
x31: 	0x00000000

0x000010fc	0x00000000	Unkown Instruction 

All Registers: 
x0: 	0x00000000
x1: 	0x00000000
x2: 	0x00000000
x3: 	0x00000000
x4: 	0x00000000
x5: 	0x00000000
x6: 	0x00000000
x7: 	0x00000000
x8: 	0x00000000
x9: 	0x00000000
x10: 	0x00000000
x11: 	0x00000000
x12: 	0x00000000
x13: 	0x00000000
x14: 	0x00000000
x15: 	0x00000000
x16: 	0x00000000
x17: 	0x00000000
x18: 	0x00000000
x19: 	0x00000000
x20: 	0x00000000
x21: 	0x00000000
x22: 	0x00000000
x23: 	0x00000000
x24: 	0x00000000
x25: 	0x00000000
x26: 	0x00000000
x27: 	0x00000000
x28: 	0x00000000
x29: 	0x00000000
x30: 	0x00000000
x31: 	0x00000000

0x00001100	0x00000000	Unkown Instruction 

All Registers: 
x0: 	0x00000000
x1: 	0x00000000
x2: 	0x00000000
x3: 	0x00000000
x4: 	0x00000000
x5: 	0x00000000
x6: 	0x00000000
x7: 	0x00000000
x8: 	0x00000000
x9: 	0x00000000
x10: 	0x00000000
x11: 	0x00000000
x12: 	0x00000000
x13: 	0x00000000
x14: 	0x00000000
x15: 	0x00000000
x16: 	0x00000000
x17: 	0x00000000
x18: 	0x00000000
x19: 	0x00000000
x20: 	0x00000000
x21: 	0x00000000
x22: 	0x00000000
x23: 	0x00000000
x24: 	0x00000000
x25: 	0x00000000
x26: 	0x00000000
x27: 	0x00000000
x28: 	0x00000000
x29: 	0x00000000
x30: 	0x00000000
x31: 	0x00000000

0x00001104	0x00000000	Unkown Instruction 

All Registers: 
x0: 	0x00000000
x1: 	0x00000000
x2: 	0x00000000
x3: 	0x00000000
x4: 	0x00000000
x5: 	0x00000000
x6: 	0x00000000
x7: 	0x00000000
x8: 	0x00000000
x9: 	0x00000000
x10: 	0x00000000
x11: 	0x00000000
x12: 	0x00000000
x13: 	0x00000000
x14: 	0x00000000
x15: 	0x00000000
x16: 	0x00000000
x17: 	0x00000000
x18: 	0x00000000
x19: 	0x00000000
x20: 	0x00000000
x21: 	0x00000000
x22: 	0x00000000
x23: 	0x00000000
x24: 	0x00000000
x25: 	0x00000000
x26: 	0x00000000
x27: 	0x00000000
x28: 	0x00000000
x29: 	0x00000000
x30: 	0x00000000
x31: 	0x00000000

0x00001108	0x00000000	Unkown Instruction 

All Registers: 
x0: 	0x00000000
x1: 	0x00000000
x2: 	0x00000000
x3: 	0x00000000
x4: 	0x00000000
x5: 	0x00000000
x6: 	0x00000000
x7: 	0x00000000
x8: 	0x00000000
x9: 	0x00000000
x10: 	0x00000000
x11: 	0x00000000
x12: 	0x00000000
x13: 	0x00000000
x14: 	0x00000000
x15: 	0x00000000
x16: 	0x00000000
x17: 	0x00000000
x18: 	0x00000000
x19: 	0x00000000
x20: 	0x00000000
x21: 	0x00000000
x22: 	0x00000000
x23: 	0x00000000
x24: 	0x00000000
x25: 	0x00000000
x26: 	0x00000000
x27: 	0x00000000
x28: 	0x00000000
x29: 	0x00000000
x30: 	0x00000000
x31: 	0x00000000

0x0000110c	0x00000000	Unkown Instruction 

All Registers: 
x0: 	0x00000000
x1: 	0x00000000
x2: 	0x00000000
x3: 	0x00000000
x4: 	0x00000000
x5: 	0x00000000
x6: 	0x00000000
x7: 	0x00000000
x8: 	0x00000000
x9: 	0x00000000
x10: 	0x00000000
x11: 	0x00000000
x12: 	0x00000000
x13: 	0x00000000
x14: 	0x00000000
x15: 	0x00000000
x16: 	0x00000000
x17: 	0x00000000
x18: 	0x00000000
x19: 	0x00000000
x20: 	0x00000000
x21: 	0x00000000
x22: 	0x00000000
x23: 	0x00000000
x24: 	0x00000000
x25: 	0x00000000
x26: 	0x00000000
x27: 	0x00000000
x28: 	0x00000000
x29: 	0x00000000
x30: 	0x00000000
x31: 	0x00000000

0x00001110	0x00000000	Unkown Instruction 

All Registers: 
x0: 	0x00000000
x1: 	0x00000000
x2: 	0x00000000
x3: 	0x00000000
x4: 	0x00000000
x5: 	0x00000000
x6: 	0x00000000
x7: 	0x00000000
x8: 	0x00000000
x9: 	0x00000000
x10: 	0x00000000
x11: 	0x00000000
x12: 	0x00000000
x13: 	0x00000000
x14: 	0x00000000
x15: 	0x00000000
x16: 	0x00000000
x17: 	0x00000000
x18: 	0x00000000
x19: 	0x00000000
x20: 	0x00000000
x21: 	0x00000000
x22: 	0x00000000
x23: 	0x00000000
x24: 	0x00000000
x25: 	0x00000000
x26: 	0x00000000
x27: 	0x00000000
x28: 	0x00000000
x29: 	0x00000000
x30: 	0x00000000
x31: 	0x00000000

0x00001114	0x00000000	Unkown Instruction 

All Registers: 
x0: 	0x00000000
x1: 	0x00000000
x2: 	0x00000000
x3: 	0x00000000
x4: 	0x00000000
x5: 	0x00000000
x6: 	0x00000000
x7: 	0x00000000
x8: 	0x00000000
x9: 	0x00000000
x10: 	0x00000000
x11: 	0x00000000
x12: 	0x00000000
x13: 	0x00000000
x14: 	0x00000000
x15: 	0x00000000
x16: 	0x00000000
x17: 	0x00000000
x18: 	0x00000000
x19: 	0x00000000
x20: 	0x00000000
x21: 	0x00000000
x22: 	0x00000000
x23: 	0x00000000
x24: 	0x00000000
x25: 	0x00000000
x26: 	0x00000000
x27: 	0x00000000
x28: 	0x00000000
x29: 	0x00000000
x30: 	0x00000000
x31: 	0x00000000

0x00001118	0x00000000	Unkown Instruction 

All Registers: 
x0: 	0x00000000
x1: 	0x00000000
x2: 	0x00000000
x3: 	0x00000000
x4: 	0x00000000
x5: 	0x00000000
x6: 	0x00000000
x7: 	0x00000000
x8: 	0x00000000
x9: 	0x00000000
x10: 	0x00000000
x11: 	0x00000000
x12: 	0x00000000
x13: 	0x00000000
x14: 	0x00000000
x15: 	0x00000000
x16: 	0x00000000
x17: 	0x00000000
x18: 	0x00000000
x19: 	0x00000000
x20: 	0x00000000
x21: 	0x00000000
x22: 	0x00000000
x23: 	0x00000000
x24: 	0x00000000
x25: 	0x00000000
x26: 	0x00000000
x27: 	0x00000000
x28: 	0x00000000
x29: 	0x00000000
x30: 	0x00000000
x31: 	0x00000000

0x0000111c	0x00000000	Unkown Instruction 

All Registers: 
x0: 	0x00000000
x1: 	0x00000000
x2: 	0x00000000
x3: 	0x00000000
x4: 	0x00000000
x5: 	0x00000000
x6: 	0x00000000
x7: 	0x00000000
x8: 	0x00000000
x9: 	0x00000000
x10: 	0x00000000
x11: 	0x00000000
x12: 	0x00000000
x13: 	0x00000000
x14: 	0x00000000
x15: 	0x00000000
x16: 	0x00000000
x17: 	0x00000000
x18: 	0x00000000
x19: 	0x00000000
x20: 	0x00000000
x21: 	0x00000000
x22: 	0x00000000
x23: 	0x00000000
x24: 	0x00000000
x25: 	0x00000000
x26: 	0x00000000
x27: 	0x00000000
x28: 	0x00000000
x29: 	0x00000000
x30: 	0x00000000
x31: 	0x00000000

0x00001120	0x00000000	Unkown Instruction 

All Registers: 
x0: 	0x00000000
x1: 	0x00000000
x2: 	0x00000000
x3: 	0x00000000
x4: 	0x00000000
x5: 	0x00000000
x6: 	0x00000000
x7: 	0x00000000
x8: 	0x00000000
x9: 	0x00000000
x10: 	0x00000000
x11: 	0x00000000
x12: 	0x00000000
x13: 	0x00000000
x14: 	0x00000000
x15: 	0x00000000
x16: 	0x00000000
x17: 	0x00000000
x18: 	0x00000000
x19: 	0x00000000
x20: 	0x00000000
x21: 	0x00000000
x22: 	0x00000000
x23: 	0x00000000
x24: 	0x00000000
x25: 	0x00000000
x26: 	0x00000000
x27: 	0x00000000
x28: 	0x00000000
x29: 	0x00000000
x30: 	0x00000000
x31: 	0x00000000

0x00001124	0x00000000	Unkown Instruction 

All Registers: 
x0: 	0x00000000
x1: 	0x00000000
x2: 	0x00000000
x3: 	0x00000000
x4: 	0x00000000
x5: 	0x00000000
x6: 	0x00000000
x7: 	0x00000000
x8: 	0x00000000
x9: 	0x00000000
x10: 	0x00000000
x11: 	0x00000000
x12: 	0x00000000
x13: 	0x00000000
x14: 	0x00000000
x15: 	0x00000000
x16: 	0x00000000
x17: 	0x00000000
x18: 	0x00000000
x19: 	0x00000000
x20: 	0x00000000
x21: 	0x00000000
x22: 	0x00000000
x23: 	0x00000000
x24: 	0x00000000
x25: 	0x00000000
x26: 	0x00000000
x27: 	0x00000000
x28: 	0x00000000
x29: 	0x00000000
x30: 	0x00000000
x31: 	0x00000000

0x00001128	0x00000000	Unkown Instruction 

All Registers: 
x0: 	0x00000000
x1: 	0x00000000
x2: 	0x00000000
x3: 	0x00000000
x4: 	0x00000000
x5: 	0x00000000
x6: 	0x00000000
x7: 	0x00000000
x8: 	0x00000000
x9: 	0x00000000
x10: 	0x00000000
x11: 	0x00000000
x12: 	0x00000000
x13: 	0x00000000
x14: 	0x00000000
x15: 	0x00000000
x16: 	0x00000000
x17: 	0x00000000
x18: 	0x00000000
x19: 	0x00000000
x20: 	0x00000000
x21: 	0x00000000
x22: 	0x00000000
x23: 	0x00000000
x24: 	0x00000000
x25: 	0x00000000
x26: 	0x00000000
x27: 	0x00000000
x28: 	0x00000000
x29: 	0x00000000
x30: 	0x00000000
x31: 	0x00000000

0x0000112c	0x00000000	Unkown Instruction 

All Registers: 
x0: 	0x00000000
x1: 	0x00000000
x2: 	0x00000000
x3: 	0x00000000
x4: 	0x00000000
x5: 	0x00000000
x6: 	0x00000000
x7: 	0x00000000
x8: 	0x00000000
x9: 	0x00000000
x10: 	0x00000000
x11: 	0x00000000
x12: 	0x00000000
x13: 	0x00000000
x14: 	0x00000000
x15: 	0x00000000
x16: 	0x00000000
x17: 	0x00000000
x18: 	0x00000000
x19: 	0x00000000
x20: 	0x00000000
x21: 	0x00000000
x22: 	0x00000000
x23: 	0x00000000
x24: 	0x00000000
x25: 	0x00000000
x26: 	0x00000000
x27: 	0x00000000
x28: 	0x00000000
x29: 	0x00000000
x30: 	0x00000000
x31: 	0x00000000

0x00001130	0x00000000	Unkown Instruction 

All Registers: 
x0: 	0x00000000
x1: 	0x00000000
x2: 	0x00000000
x3: 	0x00000000
x4: 	0x00000000
x5: 	0x00000000
x6: 	0x00000000
x7: 	0x00000000
x8: 	0x00000000
x9: 	0x00000000
x10: 	0x00000000
x11: 	0x00000000
x12: 	0x00000000
x13: 	0x00000000
x14: 	0x00000000
x15: 	0x00000000
x16: 	0x00000000
x17: 	0x00000000
x18: 	0x00000000
x19: 	0x00000000
x20: 	0x00000000
x21: 	0x00000000
x22: 	0x00000000
x23: 	0x00000000
x24: 	0x00000000
x25: 	0x00000000
x26: 	0x00000000
x27: 	0x00000000
x28: 	0x00000000
x29: 	0x00000000
x30: 	0x00000000
x31: 	0x00000000

0x00001134	0x00000000	Unkown Instruction 

All Registers: 
x0: 	0x00000000
x1: 	0x00000000
x2: 	0x00000000
x3: 	0x00000000
x4: 	0x00000000
x5: 	0x00000000
x6: 	0x00000000
x7: 	0x00000000
x8: 	0x00000000
x9: 	0x00000000
x10: 	0x00000000
x11: 	0x00000000
x12: 	0x00000000
x13: 	0x00000000
x14: 	0x00000000
x15: 	0x00000000
x16: 	0x00000000
x17: 	0x00000000
x18: 	0x00000000
x19: 	0x00000000
x20: 	0x00000000
x21: 	0x00000000
x22: 	0x00000000
x23: 	0x00000000
x24: 	0x00000000
x25: 	0x00000000
x26: 	0x00000000
x27: 	0x00000000
x28: 	0x00000000
x29: 	0x00000000
x30: 	0x00000000
x31: 	0x00000000

0x00001138	0x00000000	Unkown Instruction 

All Registers: 
x0: 	0x00000000
x1: 	0x00000000
x2: 	0x00000000
x3: 	0x00000000
x4: 	0x00000000
x5: 	0x00000000
x6: 	0x00000000
x7: 	0x00000000
x8: 	0x00000000
x9: 	0x00000000
x10: 	0x00000000
x11: 	0x00000000
x12: 	0x00000000
x13: 	0x00000000
x14: 	0x00000000
x15: 	0x00000000
x16: 	0x00000000
x17: 	0x00000000
x18: 	0x00000000
x19: 	0x00000000
x20: 	0x00000000
x21: 	0x00000000
x22: 	0x00000000
x23: 	0x00000000
x24: 	0x00000000
x25: 	0x00000000
x26: 	0x00000000
x27: 	0x00000000
x28: 	0x00000000
x29: 	0x00000000
x30: 	0x00000000
x31: 	0x00000000

0x0000113c	0x00000000	Unkown Instruction 

All Registers: 
x0: 	0x00000000
x1: 	0x00000000
x2: 	0x00000000
x3: 	0x00000000
x4: 	0x00000000
x5: 	0x00000000
x6: 	0x00000000
x7: 	0x00000000
x8: 	0x00000000
x9: 	0x00000000
x10: 	0x00000000
x11: 	0x00000000
x12: 	0x00000000
x13: 	0x00000000
x14: 	0x00000000
x15: 	0x00000000
x16: 	0x00000000
x17: 	0x00000000
x18: 	0x00000000
x19: 	0x00000000
x20: 	0x00000000
x21: 	0x00000000
x22: 	0x00000000
x23: 	0x00000000
x24: 	0x00000000
x25: 	0x00000000
x26: 	0x00000000
x27: 	0x00000000
x28: 	0x00000000
x29: 	0x00000000
x30: 	0x00000000
x31: 	0x00000000

0x00001140	0x00000000	Unkown Instruction 

All Registers: 
x0: 	0x00000000
x1: 	0x00000000
x2: 	0x00000000
x3: 	0x00000000
x4: 	0x00000000
x5: 	0x00000000
x6: 	0x00000000
x7: 	0x00000000
x8: 	0x00000000
x9: 	0x00000000
x10: 	0x00000000
x11: 	0x00000000
x12: 	0x00000000
x13: 	0x00000000
x14: 	0x00000000
x15: 	0x00000000
x16: 	0x00000000
x17: 	0x00000000
x18: 	0x00000000
x19: 	0x00000000
x20: 	0x00000000
x21: 	0x00000000
x22: 	0x00000000
x23: 	0x00000000
x24: 	0x00000000
x25: 	0x00000000
x26: 	0x00000000
x27: 	0x00000000
x28: 	0x00000000
x29: 	0x00000000
x30: 	0x00000000
x31: 	0x00000000

0x00001144	0x00000000	Unkown Instruction 

All Registers: 
x0: 	0x00000000
x1: 	0x00000000
x2: 	0x00000000
x3: 	0x00000000
x4: 	0x00000000
x5: 	0x00000000
x6: 	0x00000000
x7: 	0x00000000
x8: 	0x00000000
x9: 	0x00000000
x10: 	0x00000000
x11: 	0x00000000
x12: 	0x00000000
x13: 	0x00000000
x14: 	0x00000000
x15: 	0x00000000
x16: 	0x00000000
x17: 	0x00000000
x18: 	0x00000000
x19: 	0x00000000
x20: 	0x00000000
x21: 	0x00000000
x22: 	0x00000000
x23: 	0x00000000
x24: 	0x00000000
x25: 	0x00000000
x26: 	0x00000000
x27: 	0x00000000
x28: 	0x00000000
x29: 	0x00000000
x30: 	0x00000000
x31: 	0x00000000

0x00001148	0x00000000	Unkown Instruction 

All Registers: 
x0: 	0x00000000
x1: 	0x00000000
x2: 	0x00000000
x3: 	0x00000000
x4: 	0x00000000
x5: 	0x00000000
x6: 	0x00000000
x7: 	0x00000000
x8: 	0x00000000
x9: 	0x00000000
x10: 	0x00000000
x11: 	0x00000000
x12: 	0x00000000
x13: 	0x00000000
x14: 	0x00000000
x15: 	0x00000000
x16: 	0x00000000
x17: 	0x00000000
x18: 	0x00000000
x19: 	0x00000000
x20: 	0x00000000
x21: 	0x00000000
x22: 	0x00000000
x23: 	0x00000000
x24: 	0x00000000
x25: 	0x00000000
x26: 	0x00000000
x27: 	0x00000000
x28: 	0x00000000
x29: 	0x00000000
x30: 	0x00000000
x31: 	0x00000000

0x0000114c	0x00000000	Unkown Instruction 

All Registers: 
x0: 	0x00000000
x1: 	0x00000000
x2: 	0x00000000
x3: 	0x00000000
x4: 	0x00000000
x5: 	0x00000000
x6: 	0x00000000
x7: 	0x00000000
x8: 	0x00000000
x9: 	0x00000000
x10: 	0x00000000
x11: 	0x00000000
x12: 	0x00000000
x13: 	0x00000000
x14: 	0x00000000
x15: 	0x00000000
x16: 	0x00000000
x17: 	0x00000000
x18: 	0x00000000
x19: 	0x00000000
x20: 	0x00000000
x21: 	0x00000000
x22: 	0x00000000
x23: 	0x00000000
x24: 	0x00000000
x25: 	0x00000000
x26: 	0x00000000
x27: 	0x00000000
x28: 	0x00000000
x29: 	0x00000000
x30: 	0x00000000
x31: 	0x00000000

0x00001150	0x00000000	Unkown Instruction 

All Registers: 
x0: 	0x00000000
x1: 	0x00000000
x2: 	0x00000000
x3: 	0x00000000
x4: 	0x00000000
x5: 	0x00000000
x6: 	0x00000000
x7: 	0x00000000
x8: 	0x00000000
x9: 	0x00000000
x10: 	0x00000000
x11: 	0x00000000
x12: 	0x00000000
x13: 	0x00000000
x14: 	0x00000000
x15: 	0x00000000
x16: 	0x00000000
x17: 	0x00000000
x18: 	0x00000000
x19: 	0x00000000
x20: 	0x00000000
x21: 	0x00000000
x22: 	0x00000000
x23: 	0x00000000
x24: 	0x00000000
x25: 	0x00000000
x26: 	0x00000000
x27: 	0x00000000
x28: 	0x00000000
x29: 	0x00000000
x30: 	0x00000000
x31: 	0x00000000

0x00001154	0x00000000	Unkown Instruction 

All Registers: 
x0: 	0x00000000
x1: 	0x00000000
x2: 	0x00000000
x3: 	0x00000000
x4: 	0x00000000
x5: 	0x00000000
x6: 	0x00000000
x7: 	0x00000000
x8: 	0x00000000
x9: 	0x00000000
x10: 	0x00000000
x11: 	0x00000000
x12: 	0x00000000
x13: 	0x00000000
x14: 	0x00000000
x15: 	0x00000000
x16: 	0x00000000
x17: 	0x00000000
x18: 	0x00000000
x19: 	0x00000000
x20: 	0x00000000
x21: 	0x00000000
x22: 	0x00000000
x23: 	0x00000000
x24: 	0x00000000
x25: 	0x00000000
x26: 	0x00000000
x27: 	0x00000000
x28: 	0x00000000
x29: 	0x00000000
x30: 	0x00000000
x31: 	0x00000000

0x00001158	0x00000000	Unkown Instruction 

All Registers: 
x0: 	0x00000000
x1: 	0x00000000
x2: 	0x00000000
x3: 	0x00000000
x4: 	0x00000000
x5: 	0x00000000
x6: 	0x00000000
x7: 	0x00000000
x8: 	0x00000000
x9: 	0x00000000
x10: 	0x00000000
x11: 	0x00000000
x12: 	0x00000000
x13: 	0x00000000
x14: 	0x00000000
x15: 	0x00000000
x16: 	0x00000000
x17: 	0x00000000
x18: 	0x00000000
x19: 	0x00000000
x20: 	0x00000000
x21: 	0x00000000
x22: 	0x00000000
x23: 	0x00000000
x24: 	0x00000000
x25: 	0x00000000
x26: 	0x00000000
x27: 	0x00000000
x28: 	0x00000000
x29: 	0x00000000
x30: 	0x00000000
x31: 	0x00000000

0x0000115c	0x00000000	Unkown Instruction 

All Registers: 
x0: 	0x00000000
x1: 	0x00000000
x2: 	0x00000000
x3: 	0x00000000
x4: 	0x00000000
x5: 	0x00000000
x6: 	0x00000000
x7: 	0x00000000
x8: 	0x00000000
x9: 	0x00000000
x10: 	0x00000000
x11: 	0x00000000
x12: 	0x00000000
x13: 	0x00000000
x14: 	0x00000000
x15: 	0x00000000
x16: 	0x00000000
x17: 	0x00000000
x18: 	0x00000000
x19: 	0x00000000
x20: 	0x00000000
x21: 	0x00000000
x22: 	0x00000000
x23: 	0x00000000
x24: 	0x00000000
x25: 	0x00000000
x26: 	0x00000000
x27: 	0x00000000
x28: 	0x00000000
x29: 	0x00000000
x30: 	0x00000000
x31: 	0x00000000

0x00001160	0x00000000	Unkown Instruction 

All Registers: 
x0: 	0x00000000
x1: 	0x00000000
x2: 	0x00000000
x3: 	0x00000000
x4: 	0x00000000
x5: 	0x00000000
x6: 	0x00000000
x7: 	0x00000000
x8: 	0x00000000
x9: 	0x00000000
x10: 	0x00000000
x11: 	0x00000000
x12: 	0x00000000
x13: 	0x00000000
x14: 	0x00000000
x15: 	0x00000000
x16: 	0x00000000
x17: 	0x00000000
x18: 	0x00000000
x19: 	0x00000000
x20: 	0x00000000
x21: 	0x00000000
x22: 	0x00000000
x23: 	0x00000000
x24: 	0x00000000
x25: 	0x00000000
x26: 	0x00000000
x27: 	0x00000000
x28: 	0x00000000
x29: 	0x00000000
x30: 	0x00000000
x31: 	0x00000000

0x00001164	0x00000000	Unkown Instruction 

All Registers: 
x0: 	0x00000000
x1: 	0x00000000
x2: 	0x00000000
x3: 	0x00000000
x4: 	0x00000000
x5: 	0x00000000
x6: 	0x00000000
x7: 	0x00000000
x8: 	0x00000000
x9: 	0x00000000
x10: 	0x00000000
x11: 	0x00000000
x12: 	0x00000000
x13: 	0x00000000
x14: 	0x00000000
x15: 	0x00000000
x16: 	0x00000000
x17: 	0x00000000
x18: 	0x00000000
x19: 	0x00000000
x20: 	0x00000000
x21: 	0x00000000
x22: 	0x00000000
x23: 	0x00000000
x24: 	0x00000000
x25: 	0x00000000
x26: 	0x00000000
x27: 	0x00000000
x28: 	0x00000000
x29: 	0x00000000
x30: 	0x00000000
x31: 	0x00000000

0x00001168	0x00000000	Unkown Instruction 

All Registers: 
x0: 	0x00000000
x1: 	0x00000000
x2: 	0x00000000
x3: 	0x00000000
x4: 	0x00000000
x5: 	0x00000000
x6: 	0x00000000
x7: 	0x00000000
x8: 	0x00000000
x9: 	0x00000000
x10: 	0x00000000
x11: 	0x00000000
x12: 	0x00000000
x13: 	0x00000000
x14: 	0x00000000
x15: 	0x00000000
x16: 	0x00000000
x17: 	0x00000000
x18: 	0x00000000
x19: 	0x00000000
x20: 	0x00000000
x21: 	0x00000000
x22: 	0x00000000
x23: 	0x00000000
x24: 	0x00000000
x25: 	0x00000000
x26: 	0x00000000
x27: 	0x00000000
x28: 	0x00000000
x29: 	0x00000000
x30: 	0x00000000
x31: 	0x00000000

0x0000116c	0x00000000	Unkown Instruction 

All Registers: 
x0: 	0x00000000
x1: 	0x00000000
x2: 	0x00000000
x3: 	0x00000000
x4: 	0x00000000
x5: 	0x00000000
x6: 	0x00000000
x7: 	0x00000000
x8: 	0x00000000
x9: 	0x00000000
x10: 	0x00000000
x11: 	0x00000000
x12: 	0x00000000
x13: 	0x00000000
x14: 	0x00000000
x15: 	0x00000000
x16: 	0x00000000
x17: 	0x00000000
x18: 	0x00000000
x19: 	0x00000000
x20: 	0x00000000
x21: 	0x00000000
x22: 	0x00000000
x23: 	0x00000000
x24: 	0x00000000
x25: 	0x00000000
x26: 	0x00000000
x27: 	0x00000000
x28: 	0x00000000
x29: 	0x00000000
x30: 	0x00000000
x31: 	0x00000000

0x00001170	0x00000000	Unkown Instruction 

All Registers: 
x0: 	0x00000000
x1: 	0x00000000
x2: 	0x00000000
x3: 	0x00000000
x4: 	0x00000000
x5: 	0x00000000
x6: 	0x00000000
x7: 	0x00000000
x8: 	0x00000000
x9: 	0x00000000
x10: 	0x00000000
x11: 	0x00000000
x12: 	0x00000000
x13: 	0x00000000
x14: 	0x00000000
x15: 	0x00000000
x16: 	0x00000000
x17: 	0x00000000
x18: 	0x00000000
x19: 	0x00000000
x20: 	0x00000000
x21: 	0x00000000
x22: 	0x00000000
x23: 	0x00000000
x24: 	0x00000000
x25: 	0x00000000
x26: 	0x00000000
x27: 	0x00000000
x28: 	0x00000000
x29: 	0x00000000
x30: 	0x00000000
x31: 	0x00000000

0x00001174	0x00000000	Unkown Instruction 

All Registers: 
x0: 	0x00000000
x1: 	0x00000000
x2: 	0x00000000
x3: 	0x00000000
x4: 	0x00000000
x5: 	0x00000000
x6: 	0x00000000
x7: 	0x00000000
x8: 	0x00000000
x9: 	0x00000000
x10: 	0x00000000
x11: 	0x00000000
x12: 	0x00000000
x13: 	0x00000000
x14: 	0x00000000
x15: 	0x00000000
x16: 	0x00000000
x17: 	0x00000000
x18: 	0x00000000
x19: 	0x00000000
x20: 	0x00000000
x21: 	0x00000000
x22: 	0x00000000
x23: 	0x00000000
x24: 	0x00000000
x25: 	0x00000000
x26: 	0x00000000
x27: 	0x00000000
x28: 	0x00000000
x29: 	0x00000000
x30: 	0x00000000
x31: 	0x00000000

0x00001178	0x00000000	Unkown Instruction 

All Registers: 
x0: 	0x00000000
x1: 	0x00000000
x2: 	0x00000000
x3: 	0x00000000
x4: 	0x00000000
x5: 	0x00000000
x6: 	0x00000000
x7: 	0x00000000
x8: 	0x00000000
x9: 	0x00000000
x10: 	0x00000000
x11: 	0x00000000
x12: 	0x00000000
x13: 	0x00000000
x14: 	0x00000000
x15: 	0x00000000
x16: 	0x00000000
x17: 	0x00000000
x18: 	0x00000000
x19: 	0x00000000
x20: 	0x00000000
x21: 	0x00000000
x22: 	0x00000000
x23: 	0x00000000
x24: 	0x00000000
x25: 	0x00000000
x26: 	0x00000000
x27: 	0x00000000
x28: 	0x00000000
x29: 	0x00000000
x30: 	0x00000000
x31: 	0x00000000

0x0000117c	0x00000000	Unkown Instruction 

All Registers: 
x0: 	0x00000000
x1: 	0x00000000
x2: 	0x00000000
x3: 	0x00000000
x4: 	0x00000000
x5: 	0x00000000
x6: 	0x00000000
x7: 	0x00000000
x8: 	0x00000000
x9: 	0x00000000
x10: 	0x00000000
x11: 	0x00000000
x12: 	0x00000000
x13: 	0x00000000
x14: 	0x00000000
x15: 	0x00000000
x16: 	0x00000000
x17: 	0x00000000
x18: 	0x00000000
x19: 	0x00000000
x20: 	0x00000000
x21: 	0x00000000
x22: 	0x00000000
x23: 	0x00000000
x24: 	0x00000000
x25: 	0x00000000
x26: 	0x00000000
x27: 	0x00000000
x28: 	0x00000000
x29: 	0x00000000
x30: 	0x00000000
x31: 	0x00000000

0x00001180	0x00000000	Unkown Instruction 

All Registers: 
x0: 	0x00000000
x1: 	0x00000000
x2: 	0x00000000
x3: 	0x00000000
x4: 	0x00000000
x5: 	0x00000000
x6: 	0x00000000
x7: 	0x00000000
x8: 	0x00000000
x9: 	0x00000000
x10: 	0x00000000
x11: 	0x00000000
x12: 	0x00000000
x13: 	0x00000000
x14: 	0x00000000
x15: 	0x00000000
x16: 	0x00000000
x17: 	0x00000000
x18: 	0x00000000
x19: 	0x00000000
x20: 	0x00000000
x21: 	0x00000000
x22: 	0x00000000
x23: 	0x00000000
x24: 	0x00000000
x25: 	0x00000000
x26: 	0x00000000
x27: 	0x00000000
x28: 	0x00000000
x29: 	0x00000000
x30: 	0x00000000
x31: 	0x00000000

0x00001184	0x00000000	Unkown Instruction 

All Registers: 
x0: 	0x00000000
x1: 	0x00000000
x2: 	0x00000000
x3: 	0x00000000
x4: 	0x00000000
x5: 	0x00000000
x6: 	0x00000000
x7: 	0x00000000
x8: 	0x00000000
x9: 	0x00000000
x10: 	0x00000000
x11: 	0x00000000
x12: 	0x00000000
x13: 	0x00000000
x14: 	0x00000000
x15: 	0x00000000
x16: 	0x00000000
x17: 	0x00000000
x18: 	0x00000000
x19: 	0x00000000
x20: 	0x00000000
x21: 	0x00000000
x22: 	0x00000000
x23: 	0x00000000
x24: 	0x00000000
x25: 	0x00000000
x26: 	0x00000000
x27: 	0x00000000
x28: 	0x00000000
x29: 	0x00000000
x30: 	0x00000000
x31: 	0x00000000

0x00001188	0x00000000	Unkown Instruction 

All Registers: 
x0: 	0x00000000
x1: 	0x00000000
x2: 	0x00000000
x3: 	0x00000000
x4: 	0x00000000
x5: 	0x00000000
x6: 	0x00000000
x7: 	0x00000000
x8: 	0x00000000
x9: 	0x00000000
x10: 	0x00000000
x11: 	0x00000000
x12: 	0x00000000
x13: 	0x00000000
x14: 	0x00000000
x15: 	0x00000000
x16: 	0x00000000
x17: 	0x00000000
x18: 	0x00000000
x19: 	0x00000000
x20: 	0x00000000
x21: 	0x00000000
x22: 	0x00000000
x23: 	0x00000000
x24: 	0x00000000
x25: 	0x00000000
x26: 	0x00000000
x27: 	0x00000000
x28: 	0x00000000
x29: 	0x00000000
x30: 	0x00000000
x31: 	0x00000000

0x0000118c	0x00000000	Unkown Instruction 

All Registers: 
x0: 	0x00000000
x1: 	0x00000000
x2: 	0x00000000
x3: 	0x00000000
x4: 	0x00000000
x5: 	0x00000000
x6: 	0x00000000
x7: 	0x00000000
x8: 	0x00000000
x9: 	0x00000000
x10: 	0x00000000
x11: 	0x00000000
x12: 	0x00000000
x13: 	0x00000000
x14: 	0x00000000
x15: 	0x00000000
x16: 	0x00000000
x17: 	0x00000000
x18: 	0x00000000
x19: 	0x00000000
x20: 	0x00000000
x21: 	0x00000000
x22: 	0x00000000
x23: 	0x00000000
x24: 	0x00000000
x25: 	0x00000000
x26: 	0x00000000
x27: 	0x00000000
x28: 	0x00000000
x29: 	0x00000000
x30: 	0x00000000
x31: 	0x00000000

0x00001190	0x00000000	Unkown Instruction 

All Registers: 
x0: 	0x00000000
x1: 	0x00000000
x2: 	0x00000000
x3: 	0x00000000
x4: 	0x00000000
x5: 	0x00000000
x6: 	0x00000000
x7: 	0x00000000
x8: 	0x00000000
x9: 	0x00000000
x10: 	0x00000000
x11: 	0x00000000
x12: 	0x00000000
x13: 	0x00000000
x14: 	0x00000000
x15: 	0x00000000
x16: 	0x00000000
x17: 	0x00000000
x18: 	0x00000000
x19: 	0x00000000
x20: 	0x00000000
x21: 	0x00000000
x22: 	0x00000000
x23: 	0x00000000
x24: 	0x00000000
x25: 	0x00000000
x26: 	0x00000000
x27: 	0x00000000
x28: 	0x00000000
x29: 	0x00000000
x30: 	0x00000000
x31: 	0x00000000

0x00001194	0x00000000	Unkown Instruction 

All Registers: 
x0: 	0x00000000
x1: 	0x00000000
x2: 	0x00000000
x3: 	0x00000000
x4: 	0x00000000
x5: 	0x00000000
x6: 	0x00000000
x7: 	0x00000000
x8: 	0x00000000
x9: 	0x00000000
x10: 	0x00000000
x11: 	0x00000000
x12: 	0x00000000
x13: 	0x00000000
x14: 	0x00000000
x15: 	0x00000000
x16: 	0x00000000
x17: 	0x00000000
x18: 	0x00000000
x19: 	0x00000000
x20: 	0x00000000
x21: 	0x00000000
x22: 	0x00000000
x23: 	0x00000000
x24: 	0x00000000
x25: 	0x00000000
x26: 	0x00000000
x27: 	0x00000000
x28: 	0x00000000
x29: 	0x00000000
x30: 	0x00000000
x31: 	0x00000000

0x00001198	0x00000000	Unkown Instruction 

All Registers: 
x0: 	0x00000000
x1: 	0x00000000
x2: 	0x00000000
x3: 	0x00000000
x4: 	0x00000000
x5: 	0x00000000
x6: 	0x00000000
x7: 	0x00000000
x8: 	0x00000000
x9: 	0x00000000
x10: 	0x00000000
x11: 	0x00000000
x12: 	0x00000000
x13: 	0x00000000
x14: 	0x00000000
x15: 	0x00000000
x16: 	0x00000000
x17: 	0x00000000
x18: 	0x00000000
x19: 	0x00000000
x20: 	0x00000000
x21: 	0x00000000
x22: 	0x00000000
x23: 	0x00000000
x24: 	0x00000000
x25: 	0x00000000
x26: 	0x00000000
x27: 	0x00000000
x28: 	0x00000000
x29: 	0x00000000
x30: 	0x00000000
x31: 	0x00000000

0x0000119c	0x00000000	Unkown Instruction 

All Registers: 
x0: 	0x00000000
x1: 	0x00000000
x2: 	0x00000000
x3: 	0x00000000
x4: 	0x00000000
x5: 	0x00000000
x6: 	0x00000000
x7: 	0x00000000
x8: 	0x00000000
x9: 	0x00000000
x10: 	0x00000000
x11: 	0x00000000
x12: 	0x00000000
x13: 	0x00000000
x14: 	0x00000000
x15: 	0x00000000
x16: 	0x00000000
x17: 	0x00000000
x18: 	0x00000000
x19: 	0x00000000
x20: 	0x00000000
x21: 	0x00000000
x22: 	0x00000000
x23: 	0x00000000
x24: 	0x00000000
x25: 	0x00000000
x26: 	0x00000000
x27: 	0x00000000
x28: 	0x00000000
x29: 	0x00000000
x30: 	0x00000000
x31: 	0x00000000

0x000011a0	0x00000000	Unkown Instruction 

All Registers: 
x0: 	0x00000000
x1: 	0x00000000
x2: 	0x00000000
x3: 	0x00000000
x4: 	0x00000000
x5: 	0x00000000
x6: 	0x00000000
x7: 	0x00000000
x8: 	0x00000000
x9: 	0x00000000
x10: 	0x00000000
x11: 	0x00000000
x12: 	0x00000000
x13: 	0x00000000
x14: 	0x00000000
x15: 	0x00000000
x16: 	0x00000000
x17: 	0x00000000
x18: 	0x00000000
x19: 	0x00000000
x20: 	0x00000000
x21: 	0x00000000
x22: 	0x00000000
x23: 	0x00000000
x24: 	0x00000000
x25: 	0x00000000
x26: 	0x00000000
x27: 	0x00000000
x28: 	0x00000000
x29: 	0x00000000
x30: 	0x00000000
x31: 	0x00000000

0x000011a4	0x00000000	Unkown Instruction 

All Registers: 
x0: 	0x00000000
x1: 	0x00000000
x2: 	0x00000000
x3: 	0x00000000
x4: 	0x00000000
x5: 	0x00000000
x6: 	0x00000000
x7: 	0x00000000
x8: 	0x00000000
x9: 	0x00000000
x10: 	0x00000000
x11: 	0x00000000
x12: 	0x00000000
x13: 	0x00000000
x14: 	0x00000000
x15: 	0x00000000
x16: 	0x00000000
x17: 	0x00000000
x18: 	0x00000000
x19: 	0x00000000
x20: 	0x00000000
x21: 	0x00000000
x22: 	0x00000000
x23: 	0x00000000
x24: 	0x00000000
x25: 	0x00000000
x26: 	0x00000000
x27: 	0x00000000
x28: 	0x00000000
x29: 	0x00000000
x30: 	0x00000000
x31: 	0x00000000

0x000011a8	0x00000000	Unkown Instruction 

All Registers: 
x0: 	0x00000000
x1: 	0x00000000
x2: 	0x00000000
x3: 	0x00000000
x4: 	0x00000000
x5: 	0x00000000
x6: 	0x00000000
x7: 	0x00000000
x8: 	0x00000000
x9: 	0x00000000
x10: 	0x00000000
x11: 	0x00000000
x12: 	0x00000000
x13: 	0x00000000
x14: 	0x00000000
x15: 	0x00000000
x16: 	0x00000000
x17: 	0x00000000
x18: 	0x00000000
x19: 	0x00000000
x20: 	0x00000000
x21: 	0x00000000
x22: 	0x00000000
x23: 	0x00000000
x24: 	0x00000000
x25: 	0x00000000
x26: 	0x00000000
x27: 	0x00000000
x28: 	0x00000000
x29: 	0x00000000
x30: 	0x00000000
x31: 	0x00000000

0x000011ac	0x00000000	Unkown Instruction 

All Registers: 
x0: 	0x00000000
x1: 	0x00000000
x2: 	0x00000000
x3: 	0x00000000
x4: 	0x00000000
x5: 	0x00000000
x6: 	0x00000000
x7: 	0x00000000
x8: 	0x00000000
x9: 	0x00000000
x10: 	0x00000000
x11: 	0x00000000
x12: 	0x00000000
x13: 	0x00000000
x14: 	0x00000000
x15: 	0x00000000
x16: 	0x00000000
x17: 	0x00000000
x18: 	0x00000000
x19: 	0x00000000
x20: 	0x00000000
x21: 	0x00000000
x22: 	0x00000000
x23: 	0x00000000
x24: 	0x00000000
x25: 	0x00000000
x26: 	0x00000000
x27: 	0x00000000
x28: 	0x00000000
x29: 	0x00000000
x30: 	0x00000000
x31: 	0x00000000

0x000011b0	0x00000000	Unkown Instruction 

All Registers: 
x0: 	0x00000000
x1: 	0x00000000
x2: 	0x00000000
x3: 	0x00000000
x4: 	0x00000000
x5: 	0x00000000
x6: 	0x00000000
x7: 	0x00000000
x8: 	0x00000000
x9: 	0x00000000
x10: 	0x00000000
x11: 	0x00000000
x12: 	0x00000000
x13: 	0x00000000
x14: 	0x00000000
x15: 	0x00000000
x16: 	0x00000000
x17: 	0x00000000
x18: 	0x00000000
x19: 	0x00000000
x20: 	0x00000000
x21: 	0x00000000
x22: 	0x00000000
x23: 	0x00000000
x24: 	0x00000000
x25: 	0x00000000
x26: 	0x00000000
x27: 	0x00000000
x28: 	0x00000000
x29: 	0x00000000
x30: 	0x00000000
x31: 	0x00000000

0x000011b4	0x00000000	Unkown Instruction 

All Registers: 
x0: 	0x00000000
x1: 	0x00000000
x2: 	0x00000000
x3: 	0x00000000
x4: 	0x00000000
x5: 	0x00000000
x6: 	0x00000000
x7: 	0x00000000
x8: 	0x00000000
x9: 	0x00000000
x10: 	0x00000000
x11: 	0x00000000
x12: 	0x00000000
x13: 	0x00000000
x14: 	0x00000000
x15: 	0x00000000
x16: 	0x00000000
x17: 	0x00000000
x18: 	0x00000000
x19: 	0x00000000
x20: 	0x00000000
x21: 	0x00000000
x22: 	0x00000000
x23: 	0x00000000
x24: 	0x00000000
x25: 	0x00000000
x26: 	0x00000000
x27: 	0x00000000
x28: 	0x00000000
x29: 	0x00000000
x30: 	0x00000000
x31: 	0x00000000

0x000011b8	0x00000000	Unkown Instruction 

All Registers: 
x0: 	0x00000000
x1: 	0x00000000
x2: 	0x00000000
x3: 	0x00000000
x4: 	0x00000000
x5: 	0x00000000
x6: 	0x00000000
x7: 	0x00000000
x8: 	0x00000000
x9: 	0x00000000
x10: 	0x00000000
x11: 	0x00000000
x12: 	0x00000000
x13: 	0x00000000
x14: 	0x00000000
x15: 	0x00000000
x16: 	0x00000000
x17: 	0x00000000
x18: 	0x00000000
x19: 	0x00000000
x20: 	0x00000000
x21: 	0x00000000
x22: 	0x00000000
x23: 	0x00000000
x24: 	0x00000000
x25: 	0x00000000
x26: 	0x00000000
x27: 	0x00000000
x28: 	0x00000000
x29: 	0x00000000
x30: 	0x00000000
x31: 	0x00000000

0x000011bc	0x00000000	Unkown Instruction 

All Registers: 
x0: 	0x00000000
x1: 	0x00000000
x2: 	0x00000000
x3: 	0x00000000
x4: 	0x00000000
x5: 	0x00000000
x6: 	0x00000000
x7: 	0x00000000
x8: 	0x00000000
x9: 	0x00000000
x10: 	0x00000000
x11: 	0x00000000
x12: 	0x00000000
x13: 	0x00000000
x14: 	0x00000000
x15: 	0x00000000
x16: 	0x00000000
x17: 	0x00000000
x18: 	0x00000000
x19: 	0x00000000
x20: 	0x00000000
x21: 	0x00000000
x22: 	0x00000000
x23: 	0x00000000
x24: 	0x00000000
x25: 	0x00000000
x26: 	0x00000000
x27: 	0x00000000
x28: 	0x00000000
x29: 	0x00000000
x30: 	0x00000000
x31: 	0x00000000

0x000011c0	0x00000000	Unkown Instruction 

All Registers: 
x0: 	0x00000000
x1: 	0x00000000
x2: 	0x00000000
x3: 	0x00000000
x4: 	0x00000000
x5: 	0x00000000
x6: 	0x00000000
x7: 	0x00000000
x8: 	0x00000000
x9: 	0x00000000
x10: 	0x00000000
x11: 	0x00000000
x12: 	0x00000000
x13: 	0x00000000
x14: 	0x00000000
x15: 	0x00000000
x16: 	0x00000000
x17: 	0x00000000
x18: 	0x00000000
x19: 	0x00000000
x20: 	0x00000000
x21: 	0x00000000
x22: 	0x00000000
x23: 	0x00000000
x24: 	0x00000000
x25: 	0x00000000
x26: 	0x00000000
x27: 	0x00000000
x28: 	0x00000000
x29: 	0x00000000
x30: 	0x00000000
x31: 	0x00000000

0x000011c4	0x00000000	Unkown Instruction 

All Registers: 
x0: 	0x00000000
x1: 	0x00000000
x2: 	0x00000000
x3: 	0x00000000
x4: 	0x00000000
x5: 	0x00000000
x6: 	0x00000000
x7: 	0x00000000
x8: 	0x00000000
x9: 	0x00000000
x10: 	0x00000000
x11: 	0x00000000
x12: 	0x00000000
x13: 	0x00000000
x14: 	0x00000000
x15: 	0x00000000
x16: 	0x00000000
x17: 	0x00000000
x18: 	0x00000000
x19: 	0x00000000
x20: 	0x00000000
x21: 	0x00000000
x22: 	0x00000000
x23: 	0x00000000
x24: 	0x00000000
x25: 	0x00000000
x26: 	0x00000000
x27: 	0x00000000
x28: 	0x00000000
x29: 	0x00000000
x30: 	0x00000000
x31: 	0x00000000

0x000011c8	0x00000000	Unkown Instruction 

All Registers: 
x0: 	0x00000000
x1: 	0x00000000
x2: 	0x00000000
x3: 	0x00000000
x4: 	0x00000000
x5: 	0x00000000
x6: 	0x00000000
x7: 	0x00000000
x8: 	0x00000000
x9: 	0x00000000
x10: 	0x00000000
x11: 	0x00000000
x12: 	0x00000000
x13: 	0x00000000
x14: 	0x00000000
x15: 	0x00000000
x16: 	0x00000000
x17: 	0x00000000
x18: 	0x00000000
x19: 	0x00000000
x20: 	0x00000000
x21: 	0x00000000
x22: 	0x00000000
x23: 	0x00000000
x24: 	0x00000000
x25: 	0x00000000
x26: 	0x00000000
x27: 	0x00000000
x28: 	0x00000000
x29: 	0x00000000
x30: 	0x00000000
x31: 	0x00000000

0x000011cc	0x00000000	Unkown Instruction 

All Registers: 
x0: 	0x00000000
x1: 	0x00000000
x2: 	0x00000000
x3: 	0x00000000
x4: 	0x00000000
x5: 	0x00000000
x6: 	0x00000000
x7: 	0x00000000
x8: 	0x00000000
x9: 	0x00000000
x10: 	0x00000000
x11: 	0x00000000
x12: 	0x00000000
x13: 	0x00000000
x14: 	0x00000000
x15: 	0x00000000
x16: 	0x00000000
x17: 	0x00000000
x18: 	0x00000000
x19: 	0x00000000
x20: 	0x00000000
x21: 	0x00000000
x22: 	0x00000000
x23: 	0x00000000
x24: 	0x00000000
x25: 	0x00000000
x26: 	0x00000000
x27: 	0x00000000
x28: 	0x00000000
x29: 	0x00000000
x30: 	0x00000000
x31: 	0x00000000

0x000011d0	0x00000000	Unkown Instruction 

All Registers: 
x0: 	0x00000000
x1: 	0x00000000
x2: 	0x00000000
x3: 	0x00000000
x4: 	0x00000000
x5: 	0x00000000
x6: 	0x00000000
x7: 	0x00000000
x8: 	0x00000000
x9: 	0x00000000
x10: 	0x00000000
x11: 	0x00000000
x12: 	0x00000000
x13: 	0x00000000
x14: 	0x00000000
x15: 	0x00000000
x16: 	0x00000000
x17: 	0x00000000
x18: 	0x00000000
x19: 	0x00000000
x20: 	0x00000000
x21: 	0x00000000
x22: 	0x00000000
x23: 	0x00000000
x24: 	0x00000000
x25: 	0x00000000
x26: 	0x00000000
x27: 	0x00000000
x28: 	0x00000000
x29: 	0x00000000
x30: 	0x00000000
x31: 	0x00000000

0x000011d4	0x00000000	Unkown Instruction 

All Registers: 
x0: 	0x00000000
x1: 	0x00000000
x2: 	0x00000000
x3: 	0x00000000
x4: 	0x00000000
x5: 	0x00000000
x6: 	0x00000000
x7: 	0x00000000
x8: 	0x00000000
x9: 	0x00000000
x10: 	0x00000000
x11: 	0x00000000
x12: 	0x00000000
x13: 	0x00000000
x14: 	0x00000000
x15: 	0x00000000
x16: 	0x00000000
x17: 	0x00000000
x18: 	0x00000000
x19: 	0x00000000
x20: 	0x00000000
x21: 	0x00000000
x22: 	0x00000000
x23: 	0x00000000
x24: 	0x00000000
x25: 	0x00000000
x26: 	0x00000000
x27: 	0x00000000
x28: 	0x00000000
x29: 	0x00000000
x30: 	0x00000000
x31: 	0x00000000

0x000011d8	0x00000000	Unkown Instruction 

All Registers: 
x0: 	0x00000000
x1: 	0x00000000
x2: 	0x00000000
x3: 	0x00000000
x4: 	0x00000000
x5: 	0x00000000
x6: 	0x00000000
x7: 	0x00000000
x8: 	0x00000000
x9: 	0x00000000
x10: 	0x00000000
x11: 	0x00000000
x12: 	0x00000000
x13: 	0x00000000
x14: 	0x00000000
x15: 	0x00000000
x16: 	0x00000000
x17: 	0x00000000
x18: 	0x00000000
x19: 	0x00000000
x20: 	0x00000000
x21: 	0x00000000
x22: 	0x00000000
x23: 	0x00000000
x24: 	0x00000000
x25: 	0x00000000
x26: 	0x00000000
x27: 	0x00000000
x28: 	0x00000000
x29: 	0x00000000
x30: 	0x00000000
x31: 	0x00000000

0x000011dc	0x00000000	Unkown Instruction 

All Registers: 
x0: 	0x00000000
x1: 	0x00000000
x2: 	0x00000000
x3: 	0x00000000
x4: 	0x00000000
x5: 	0x00000000
x6: 	0x00000000
x7: 	0x00000000
x8: 	0x00000000
x9: 	0x00000000
x10: 	0x00000000
x11: 	0x00000000
x12: 	0x00000000
x13: 	0x00000000
x14: 	0x00000000
x15: 	0x00000000
x16: 	0x00000000
x17: 	0x00000000
x18: 	0x00000000
x19: 	0x00000000
x20: 	0x00000000
x21: 	0x00000000
x22: 	0x00000000
x23: 	0x00000000
x24: 	0x00000000
x25: 	0x00000000
x26: 	0x00000000
x27: 	0x00000000
x28: 	0x00000000
x29: 	0x00000000
x30: 	0x00000000
x31: 	0x00000000

0x000011e0	0x00000000	Unkown Instruction 

All Registers: 
x0: 	0x00000000
x1: 	0x00000000
x2: 	0x00000000
x3: 	0x00000000
x4: 	0x00000000
x5: 	0x00000000
x6: 	0x00000000
x7: 	0x00000000
x8: 	0x00000000
x9: 	0x00000000
x10: 	0x00000000
x11: 	0x00000000
x12: 	0x00000000
x13: 	0x00000000
x14: 	0x00000000
x15: 	0x00000000
x16: 	0x00000000
x17: 	0x00000000
x18: 	0x00000000
x19: 	0x00000000
x20: 	0x00000000
x21: 	0x00000000
x22: 	0x00000000
x23: 	0x00000000
x24: 	0x00000000
x25: 	0x00000000
x26: 	0x00000000
x27: 	0x00000000
x28: 	0x00000000
x29: 	0x00000000
x30: 	0x00000000
x31: 	0x00000000

0x000011e4	0x00000000	Unkown Instruction 

All Registers: 
x0: 	0x00000000
x1: 	0x00000000
x2: 	0x00000000
x3: 	0x00000000
x4: 	0x00000000
x5: 	0x00000000
x6: 	0x00000000
x7: 	0x00000000
x8: 	0x00000000
x9: 	0x00000000
x10: 	0x00000000
x11: 	0x00000000
x12: 	0x00000000
x13: 	0x00000000
x14: 	0x00000000
x15: 	0x00000000
x16: 	0x00000000
x17: 	0x00000000
x18: 	0x00000000
x19: 	0x00000000
x20: 	0x00000000
x21: 	0x00000000
x22: 	0x00000000
x23: 	0x00000000
x24: 	0x00000000
x25: 	0x00000000
x26: 	0x00000000
x27: 	0x00000000
x28: 	0x00000000
x29: 	0x00000000
x30: 	0x00000000
x31: 	0x00000000

0x000011e8	0x00000000	Unkown Instruction 

All Registers: 
x0: 	0x00000000
x1: 	0x00000000
x2: 	0x00000000
x3: 	0x00000000
x4: 	0x00000000
x5: 	0x00000000
x6: 	0x00000000
x7: 	0x00000000
x8: 	0x00000000
x9: 	0x00000000
x10: 	0x00000000
x11: 	0x00000000
x12: 	0x00000000
x13: 	0x00000000
x14: 	0x00000000
x15: 	0x00000000
x16: 	0x00000000
x17: 	0x00000000
x18: 	0x00000000
x19: 	0x00000000
x20: 	0x00000000
x21: 	0x00000000
x22: 	0x00000000
x23: 	0x00000000
x24: 	0x00000000
x25: 	0x00000000
x26: 	0x00000000
x27: 	0x00000000
x28: 	0x00000000
x29: 	0x00000000
x30: 	0x00000000
x31: 	0x00000000

0x000011ec	0x00000000	Unkown Instruction 

All Registers: 
x0: 	0x00000000
x1: 	0x00000000
x2: 	0x00000000
x3: 	0x00000000
x4: 	0x00000000
x5: 	0x00000000
x6: 	0x00000000
x7: 	0x00000000
x8: 	0x00000000
x9: 	0x00000000
x10: 	0x00000000
x11: 	0x00000000
x12: 	0x00000000
x13: 	0x00000000
x14: 	0x00000000
x15: 	0x00000000
x16: 	0x00000000
x17: 	0x00000000
x18: 	0x00000000
x19: 	0x00000000
x20: 	0x00000000
x21: 	0x00000000
x22: 	0x00000000
x23: 	0x00000000
x24: 	0x00000000
x25: 	0x00000000
x26: 	0x00000000
x27: 	0x00000000
x28: 	0x00000000
x29: 	0x00000000
x30: 	0x00000000
x31: 	0x00000000

0x000011f0	0x00000000	Unkown Instruction 

All Registers: 
x0: 	0x00000000
x1: 	0x00000000
x2: 	0x00000000
x3: 	0x00000000
x4: 	0x00000000
x5: 	0x00000000
x6: 	0x00000000
x7: 	0x00000000
x8: 	0x00000000
x9: 	0x00000000
x10: 	0x00000000
x11: 	0x00000000
x12: 	0x00000000
x13: 	0x00000000
x14: 	0x00000000
x15: 	0x00000000
x16: 	0x00000000
x17: 	0x00000000
x18: 	0x00000000
x19: 	0x00000000
x20: 	0x00000000
x21: 	0x00000000
x22: 	0x00000000
x23: 	0x00000000
x24: 	0x00000000
x25: 	0x00000000
x26: 	0x00000000
x27: 	0x00000000
x28: 	0x00000000
x29: 	0x00000000
x30: 	0x00000000
x31: 	0x00000000

0x000011f4	0x00000000	Unkown Instruction 

All Registers: 
x0: 	0x00000000
x1: 	0x00000000
x2: 	0x00000000
x3: 	0x00000000
x4: 	0x00000000
x5: 	0x00000000
x6: 	0x00000000
x7: 	0x00000000
x8: 	0x00000000
x9: 	0x00000000
x10: 	0x00000000
x11: 	0x00000000
x12: 	0x00000000
x13: 	0x00000000
x14: 	0x00000000
x15: 	0x00000000
x16: 	0x00000000
x17: 	0x00000000
x18: 	0x00000000
x19: 	0x00000000
x20: 	0x00000000
x21: 	0x00000000
x22: 	0x00000000
x23: 	0x00000000
x24: 	0x00000000
x25: 	0x00000000
x26: 	0x00000000
x27: 	0x00000000
x28: 	0x00000000
x29: 	0x00000000
x30: 	0x00000000
x31: 	0x00000000

0x000011f8	0x00000000	Unkown Instruction 

All Registers: 
x0: 	0x00000000
x1: 	0x00000000
x2: 	0x00000000
x3: 	0x00000000
x4: 	0x00000000
x5: 	0x00000000
x6: 	0x00000000
x7: 	0x00000000
x8: 	0x00000000
x9: 	0x00000000
x10: 	0x00000000
x11: 	0x00000000
x12: 	0x00000000
x13: 	0x00000000
x14: 	0x00000000
x15: 	0x00000000
x16: 	0x00000000
x17: 	0x00000000
x18: 	0x00000000
x19: 	0x00000000
x20: 	0x00000000
x21: 	0x00000000
x22: 	0x00000000
x23: 	0x00000000
x24: 	0x00000000
x25: 	0x00000000
x26: 	0x00000000
x27: 	0x00000000
x28: 	0x00000000
x29: 	0x00000000
x30: 	0x00000000
x31: 	0x00000000

0x000011fc	0x00000000	Unkown Instruction 

All Registers: 
x0: 	0x00000000
x1: 	0x00000000
x2: 	0x00000000
x3: 	0x00000000
x4: 	0x00000000
x5: 	0x00000000
x6: 	0x00000000
x7: 	0x00000000
x8: 	0x00000000
x9: 	0x00000000
x10: 	0x00000000
x11: 	0x00000000
x12: 	0x00000000
x13: 	0x00000000
x14: 	0x00000000
x15: 	0x00000000
x16: 	0x00000000
x17: 	0x00000000
x18: 	0x00000000
x19: 	0x00000000
x20: 	0x00000000
x21: 	0x00000000
x22: 	0x00000000
x23: 	0x00000000
x24: 	0x00000000
x25: 	0x00000000
x26: 	0x00000000
x27: 	0x00000000
x28: 	0x00000000
x29: 	0x00000000
x30: 	0x00000000
x31: 	0x00000000

0x00001200	0x00000000	Unkown Instruction 

All Registers: 
x0: 	0x00000000
x1: 	0x00000000
x2: 	0x00000000
x3: 	0x00000000
x4: 	0x00000000
x5: 	0x00000000
x6: 	0x00000000
x7: 	0x00000000
x8: 	0x00000000
x9: 	0x00000000
x10: 	0x00000000
x11: 	0x00000000
x12: 	0x00000000
x13: 	0x00000000
x14: 	0x00000000
x15: 	0x00000000
x16: 	0x00000000
x17: 	0x00000000
x18: 	0x00000000
x19: 	0x00000000
x20: 	0x00000000
x21: 	0x00000000
x22: 	0x00000000
x23: 	0x00000000
x24: 	0x00000000
x25: 	0x00000000
x26: 	0x00000000
x27: 	0x00000000
x28: 	0x00000000
x29: 	0x00000000
x30: 	0x00000000
x31: 	0x00000000

0x00001204	0x00000000	Unkown Instruction 

All Registers: 
x0: 	0x00000000
x1: 	0x00000000
x2: 	0x00000000
x3: 	0x00000000
x4: 	0x00000000
x5: 	0x00000000
x6: 	0x00000000
x7: 	0x00000000
x8: 	0x00000000
x9: 	0x00000000
x10: 	0x00000000
x11: 	0x00000000
x12: 	0x00000000
x13: 	0x00000000
x14: 	0x00000000
x15: 	0x00000000
x16: 	0x00000000
x17: 	0x00000000
x18: 	0x00000000
x19: 	0x00000000
x20: 	0x00000000
x21: 	0x00000000
x22: 	0x00000000
x23: 	0x00000000
x24: 	0x00000000
x25: 	0x00000000
x26: 	0x00000000
x27: 	0x00000000
x28: 	0x00000000
x29: 	0x00000000
x30: 	0x00000000
x31: 	0x00000000

0x00001208	0x00000000	Unkown Instruction 

All Registers: 
x0: 	0x00000000
x1: 	0x00000000
x2: 	0x00000000
x3: 	0x00000000
x4: 	0x00000000
x5: 	0x00000000
x6: 	0x00000000
x7: 	0x00000000
x8: 	0x00000000
x9: 	0x00000000
x10: 	0x00000000
x11: 	0x00000000
x12: 	0x00000000
x13: 	0x00000000
x14: 	0x00000000
x15: 	0x00000000
x16: 	0x00000000
x17: 	0x00000000
x18: 	0x00000000
x19: 	0x00000000
x20: 	0x00000000
x21: 	0x00000000
x22: 	0x00000000
x23: 	0x00000000
x24: 	0x00000000
x25: 	0x00000000
x26: 	0x00000000
x27: 	0x00000000
x28: 	0x00000000
x29: 	0x00000000
x30: 	0x00000000
x31: 	0x00000000

0x0000120c	0x00000000	Unkown Instruction 

All Registers: 
x0: 	0x00000000
x1: 	0x00000000
x2: 	0x00000000
x3: 	0x00000000
x4: 	0x00000000
x5: 	0x00000000
x6: 	0x00000000
x7: 	0x00000000
x8: 	0x00000000
x9: 	0x00000000
x10: 	0x00000000
x11: 	0x00000000
x12: 	0x00000000
x13: 	0x00000000
x14: 	0x00000000
x15: 	0x00000000
x16: 	0x00000000
x17: 	0x00000000
x18: 	0x00000000
x19: 	0x00000000
x20: 	0x00000000
x21: 	0x00000000
x22: 	0x00000000
x23: 	0x00000000
x24: 	0x00000000
x25: 	0x00000000
x26: 	0x00000000
x27: 	0x00000000
x28: 	0x00000000
x29: 	0x00000000
x30: 	0x00000000
x31: 	0x00000000

0x00001210	0x00000000	Unkown Instruction 

All Registers: 
x0: 	0x00000000
x1: 	0x00000000
x2: 	0x00000000
x3: 	0x00000000
x4: 	0x00000000
x5: 	0x00000000
x6: 	0x00000000
x7: 	0x00000000
x8: 	0x00000000
x9: 	0x00000000
x10: 	0x00000000
x11: 	0x00000000
x12: 	0x00000000
x13: 	0x00000000
x14: 	0x00000000
x15: 	0x00000000
x16: 	0x00000000
x17: 	0x00000000
x18: 	0x00000000
x19: 	0x00000000
x20: 	0x00000000
x21: 	0x00000000
x22: 	0x00000000
x23: 	0x00000000
x24: 	0x00000000
x25: 	0x00000000
x26: 	0x00000000
x27: 	0x00000000
x28: 	0x00000000
x29: 	0x00000000
x30: 	0x00000000
x31: 	0x00000000

0x00001214	0x00000000	Unkown Instruction 

All Registers: 
x0: 	0x00000000
x1: 	0x00000000
x2: 	0x00000000
x3: 	0x00000000
x4: 	0x00000000
x5: 	0x00000000
x6: 	0x00000000
x7: 	0x00000000
x8: 	0x00000000
x9: 	0x00000000
x10: 	0x00000000
x11: 	0x00000000
x12: 	0x00000000
x13: 	0x00000000
x14: 	0x00000000
x15: 	0x00000000
x16: 	0x00000000
x17: 	0x00000000
x18: 	0x00000000
x19: 	0x00000000
x20: 	0x00000000
x21: 	0x00000000
x22: 	0x00000000
x23: 	0x00000000
x24: 	0x00000000
x25: 	0x00000000
x26: 	0x00000000
x27: 	0x00000000
x28: 	0x00000000
x29: 	0x00000000
x30: 	0x00000000
x31: 	0x00000000

0x00001218	0x00000000	Unkown Instruction 

All Registers: 
x0: 	0x00000000
x1: 	0x00000000
x2: 	0x00000000
x3: 	0x00000000
x4: 	0x00000000
x5: 	0x00000000
x6: 	0x00000000
x7: 	0x00000000
x8: 	0x00000000
x9: 	0x00000000
x10: 	0x00000000
x11: 	0x00000000
x12: 	0x00000000
x13: 	0x00000000
x14: 	0x00000000
x15: 	0x00000000
x16: 	0x00000000
x17: 	0x00000000
x18: 	0x00000000
x19: 	0x00000000
x20: 	0x00000000
x21: 	0x00000000
x22: 	0x00000000
x23: 	0x00000000
x24: 	0x00000000
x25: 	0x00000000
x26: 	0x00000000
x27: 	0x00000000
x28: 	0x00000000
x29: 	0x00000000
x30: 	0x00000000
x31: 	0x00000000

0x0000121c	0x00000000	Unkown Instruction 

All Registers: 
x0: 	0x00000000
x1: 	0x00000000
x2: 	0x00000000
x3: 	0x00000000
x4: 	0x00000000
x5: 	0x00000000
x6: 	0x00000000
x7: 	0x00000000
x8: 	0x00000000
x9: 	0x00000000
x10: 	0x00000000
x11: 	0x00000000
x12: 	0x00000000
x13: 	0x00000000
x14: 	0x00000000
x15: 	0x00000000
x16: 	0x00000000
x17: 	0x00000000
x18: 	0x00000000
x19: 	0x00000000
x20: 	0x00000000
x21: 	0x00000000
x22: 	0x00000000
x23: 	0x00000000
x24: 	0x00000000
x25: 	0x00000000
x26: 	0x00000000
x27: 	0x00000000
x28: 	0x00000000
x29: 	0x00000000
x30: 	0x00000000
x31: 	0x00000000

0x00001220	0x00000000	Unkown Instruction 

All Registers: 
x0: 	0x00000000
x1: 	0x00000000
x2: 	0x00000000
x3: 	0x00000000
x4: 	0x00000000
x5: 	0x00000000
x6: 	0x00000000
x7: 	0x00000000
x8: 	0x00000000
x9: 	0x00000000
x10: 	0x00000000
x11: 	0x00000000
x12: 	0x00000000
x13: 	0x00000000
x14: 	0x00000000
x15: 	0x00000000
x16: 	0x00000000
x17: 	0x00000000
x18: 	0x00000000
x19: 	0x00000000
x20: 	0x00000000
x21: 	0x00000000
x22: 	0x00000000
x23: 	0x00000000
x24: 	0x00000000
x25: 	0x00000000
x26: 	0x00000000
x27: 	0x00000000
x28: 	0x00000000
x29: 	0x00000000
x30: 	0x00000000
x31: 	0x00000000

0x00001224	0x00000000	Unkown Instruction 

All Registers: 
x0: 	0x00000000
x1: 	0x00000000
x2: 	0x00000000
x3: 	0x00000000
x4: 	0x00000000
x5: 	0x00000000
x6: 	0x00000000
x7: 	0x00000000
x8: 	0x00000000
x9: 	0x00000000
x10: 	0x00000000
x11: 	0x00000000
x12: 	0x00000000
x13: 	0x00000000
x14: 	0x00000000
x15: 	0x00000000
x16: 	0x00000000
x17: 	0x00000000
x18: 	0x00000000
x19: 	0x00000000
x20: 	0x00000000
x21: 	0x00000000
x22: 	0x00000000
x23: 	0x00000000
x24: 	0x00000000
x25: 	0x00000000
x26: 	0x00000000
x27: 	0x00000000
x28: 	0x00000000
x29: 	0x00000000
x30: 	0x00000000
x31: 	0x00000000

0x00001228	0x00000000	Unkown Instruction 

All Registers: 
x0: 	0x00000000
x1: 	0x00000000
x2: 	0x00000000
x3: 	0x00000000
x4: 	0x00000000
x5: 	0x00000000
x6: 	0x00000000
x7: 	0x00000000
x8: 	0x00000000
x9: 	0x00000000
x10: 	0x00000000
x11: 	0x00000000
x12: 	0x00000000
x13: 	0x00000000
x14: 	0x00000000
x15: 	0x00000000
x16: 	0x00000000
x17: 	0x00000000
x18: 	0x00000000
x19: 	0x00000000
x20: 	0x00000000
x21: 	0x00000000
x22: 	0x00000000
x23: 	0x00000000
x24: 	0x00000000
x25: 	0x00000000
x26: 	0x00000000
x27: 	0x00000000
x28: 	0x00000000
x29: 	0x00000000
x30: 	0x00000000
x31: 	0x00000000

0x0000122c	0x00000000	Unkown Instruction 

All Registers: 
x0: 	0x00000000
x1: 	0x00000000
x2: 	0x00000000
x3: 	0x00000000
x4: 	0x00000000
x5: 	0x00000000
x6: 	0x00000000
x7: 	0x00000000
x8: 	0x00000000
x9: 	0x00000000
x10: 	0x00000000
x11: 	0x00000000
x12: 	0x00000000
x13: 	0x00000000
x14: 	0x00000000
x15: 	0x00000000
x16: 	0x00000000
x17: 	0x00000000
x18: 	0x00000000
x19: 	0x00000000
x20: 	0x00000000
x21: 	0x00000000
x22: 	0x00000000
x23: 	0x00000000
x24: 	0x00000000
x25: 	0x00000000
x26: 	0x00000000
x27: 	0x00000000
x28: 	0x00000000
x29: 	0x00000000
x30: 	0x00000000
x31: 	0x00000000

0x00001230	0x00000000	Unkown Instruction 

All Registers: 
x0: 	0x00000000
x1: 	0x00000000
x2: 	0x00000000
x3: 	0x00000000
x4: 	0x00000000
x5: 	0x00000000
x6: 	0x00000000
x7: 	0x00000000
x8: 	0x00000000
x9: 	0x00000000
x10: 	0x00000000
x11: 	0x00000000
x12: 	0x00000000
x13: 	0x00000000
x14: 	0x00000000
x15: 	0x00000000
x16: 	0x00000000
x17: 	0x00000000
x18: 	0x00000000
x19: 	0x00000000
x20: 	0x00000000
x21: 	0x00000000
x22: 	0x00000000
x23: 	0x00000000
x24: 	0x00000000
x25: 	0x00000000
x26: 	0x00000000
x27: 	0x00000000
x28: 	0x00000000
x29: 	0x00000000
x30: 	0x00000000
x31: 	0x00000000

0x00001234	0x00000000	Unkown Instruction 

All Registers: 
x0: 	0x00000000
x1: 	0x00000000
x2: 	0x00000000
x3: 	0x00000000
x4: 	0x00000000
x5: 	0x00000000
x6: 	0x00000000
x7: 	0x00000000
x8: 	0x00000000
x9: 	0x00000000
x10: 	0x00000000
x11: 	0x00000000
x12: 	0x00000000
x13: 	0x00000000
x14: 	0x00000000
x15: 	0x00000000
x16: 	0x00000000
x17: 	0x00000000
x18: 	0x00000000
x19: 	0x00000000
x20: 	0x00000000
x21: 	0x00000000
x22: 	0x00000000
x23: 	0x00000000
x24: 	0x00000000
x25: 	0x00000000
x26: 	0x00000000
x27: 	0x00000000
x28: 	0x00000000
x29: 	0x00000000
x30: 	0x00000000
x31: 	0x00000000

0x00001238	0x00000000	Unkown Instruction 

All Registers: 
x0: 	0x00000000
x1: 	0x00000000
x2: 	0x00000000
x3: 	0x00000000
x4: 	0x00000000
x5: 	0x00000000
x6: 	0x00000000
x7: 	0x00000000
x8: 	0x00000000
x9: 	0x00000000
x10: 	0x00000000
x11: 	0x00000000
x12: 	0x00000000
x13: 	0x00000000
x14: 	0x00000000
x15: 	0x00000000
x16: 	0x00000000
x17: 	0x00000000
x18: 	0x00000000
x19: 	0x00000000
x20: 	0x00000000
x21: 	0x00000000
x22: 	0x00000000
x23: 	0x00000000
x24: 	0x00000000
x25: 	0x00000000
x26: 	0x00000000
x27: 	0x00000000
x28: 	0x00000000
x29: 	0x00000000
x30: 	0x00000000
x31: 	0x00000000

0x0000123c	0x00000000	Unkown Instruction 

All Registers: 
x0: 	0x00000000
x1: 	0x00000000
x2: 	0x00000000
x3: 	0x00000000
x4: 	0x00000000
x5: 	0x00000000
x6: 	0x00000000
x7: 	0x00000000
x8: 	0x00000000
x9: 	0x00000000
x10: 	0x00000000
x11: 	0x00000000
x12: 	0x00000000
x13: 	0x00000000
x14: 	0x00000000
x15: 	0x00000000
x16: 	0x00000000
x17: 	0x00000000
x18: 	0x00000000
x19: 	0x00000000
x20: 	0x00000000
x21: 	0x00000000
x22: 	0x00000000
x23: 	0x00000000
x24: 	0x00000000
x25: 	0x00000000
x26: 	0x00000000
x27: 	0x00000000
x28: 	0x00000000
x29: 	0x00000000
x30: 	0x00000000
x31: 	0x00000000

0x00001240	0x00000000	Unkown Instruction 

All Registers: 
x0: 	0x00000000
x1: 	0x00000000
x2: 	0x00000000
x3: 	0x00000000
x4: 	0x00000000
x5: 	0x00000000
x6: 	0x00000000
x7: 	0x00000000
x8: 	0x00000000
x9: 	0x00000000
x10: 	0x00000000
x11: 	0x00000000
x12: 	0x00000000
x13: 	0x00000000
x14: 	0x00000000
x15: 	0x00000000
x16: 	0x00000000
x17: 	0x00000000
x18: 	0x00000000
x19: 	0x00000000
x20: 	0x00000000
x21: 	0x00000000
x22: 	0x00000000
x23: 	0x00000000
x24: 	0x00000000
x25: 	0x00000000
x26: 	0x00000000
x27: 	0x00000000
x28: 	0x00000000
x29: 	0x00000000
x30: 	0x00000000
x31: 	0x00000000

0x00001244	0x00000000	Unkown Instruction 

All Registers: 
x0: 	0x00000000
x1: 	0x00000000
x2: 	0x00000000
x3: 	0x00000000
x4: 	0x00000000
x5: 	0x00000000
x6: 	0x00000000
x7: 	0x00000000
x8: 	0x00000000
x9: 	0x00000000
x10: 	0x00000000
x11: 	0x00000000
x12: 	0x00000000
x13: 	0x00000000
x14: 	0x00000000
x15: 	0x00000000
x16: 	0x00000000
x17: 	0x00000000
x18: 	0x00000000
x19: 	0x00000000
x20: 	0x00000000
x21: 	0x00000000
x22: 	0x00000000
x23: 	0x00000000
x24: 	0x00000000
x25: 	0x00000000
x26: 	0x00000000
x27: 	0x00000000
x28: 	0x00000000
x29: 	0x00000000
x30: 	0x00000000
x31: 	0x00000000

0x00001248	0x00000000	Unkown Instruction 

All Registers: 
x0: 	0x00000000
x1: 	0x00000000
x2: 	0x00000000
x3: 	0x00000000
x4: 	0x00000000
x5: 	0x00000000
x6: 	0x00000000
x7: 	0x00000000
x8: 	0x00000000
x9: 	0x00000000
x10: 	0x00000000
x11: 	0x00000000
x12: 	0x00000000
x13: 	0x00000000
x14: 	0x00000000
x15: 	0x00000000
x16: 	0x00000000
x17: 	0x00000000
x18: 	0x00000000
x19: 	0x00000000
x20: 	0x00000000
x21: 	0x00000000
x22: 	0x00000000
x23: 	0x00000000
x24: 	0x00000000
x25: 	0x00000000
x26: 	0x00000000
x27: 	0x00000000
x28: 	0x00000000
x29: 	0x00000000
x30: 	0x00000000
x31: 	0x00000000

0x0000124c	0x00000000	Unkown Instruction 

All Registers: 
x0: 	0x00000000
x1: 	0x00000000
x2: 	0x00000000
x3: 	0x00000000
x4: 	0x00000000
x5: 	0x00000000
x6: 	0x00000000
x7: 	0x00000000
x8: 	0x00000000
x9: 	0x00000000
x10: 	0x00000000
x11: 	0x00000000
x12: 	0x00000000
x13: 	0x00000000
x14: 	0x00000000
x15: 	0x00000000
x16: 	0x00000000
x17: 	0x00000000
x18: 	0x00000000
x19: 	0x00000000
x20: 	0x00000000
x21: 	0x00000000
x22: 	0x00000000
x23: 	0x00000000
x24: 	0x00000000
x25: 	0x00000000
x26: 	0x00000000
x27: 	0x00000000
x28: 	0x00000000
x29: 	0x00000000
x30: 	0x00000000
x31: 	0x00000000

0x00001250	0x00000000	Unkown Instruction 

All Registers: 
x0: 	0x00000000
x1: 	0x00000000
x2: 	0x00000000
x3: 	0x00000000
x4: 	0x00000000
x5: 	0x00000000
x6: 	0x00000000
x7: 	0x00000000
x8: 	0x00000000
x9: 	0x00000000
x10: 	0x00000000
x11: 	0x00000000
x12: 	0x00000000
x13: 	0x00000000
x14: 	0x00000000
x15: 	0x00000000
x16: 	0x00000000
x17: 	0x00000000
x18: 	0x00000000
x19: 	0x00000000
x20: 	0x00000000
x21: 	0x00000000
x22: 	0x00000000
x23: 	0x00000000
x24: 	0x00000000
x25: 	0x00000000
x26: 	0x00000000
x27: 	0x00000000
x28: 	0x00000000
x29: 	0x00000000
x30: 	0x00000000
x31: 	0x00000000

0x00001254	0x00000000	Unkown Instruction 

All Registers: 
x0: 	0x00000000
x1: 	0x00000000
x2: 	0x00000000
x3: 	0x00000000
x4: 	0x00000000
x5: 	0x00000000
x6: 	0x00000000
x7: 	0x00000000
x8: 	0x00000000
x9: 	0x00000000
x10: 	0x00000000
x11: 	0x00000000
x12: 	0x00000000
x13: 	0x00000000
x14: 	0x00000000
x15: 	0x00000000
x16: 	0x00000000
x17: 	0x00000000
x18: 	0x00000000
x19: 	0x00000000
x20: 	0x00000000
x21: 	0x00000000
x22: 	0x00000000
x23: 	0x00000000
x24: 	0x00000000
x25: 	0x00000000
x26: 	0x00000000
x27: 	0x00000000
x28: 	0x00000000
x29: 	0x00000000
x30: 	0x00000000
x31: 	0x00000000

0x00001258	0x00000000	Unkown Instruction 

All Registers: 
x0: 	0x00000000
x1: 	0x00000000
x2: 	0x00000000
x3: 	0x00000000
x4: 	0x00000000
x5: 	0x00000000
x6: 	0x00000000
x7: 	0x00000000
x8: 	0x00000000
x9: 	0x00000000
x10: 	0x00000000
x11: 	0x00000000
x12: 	0x00000000
x13: 	0x00000000
x14: 	0x00000000
x15: 	0x00000000
x16: 	0x00000000
x17: 	0x00000000
x18: 	0x00000000
x19: 	0x00000000
x20: 	0x00000000
x21: 	0x00000000
x22: 	0x00000000
x23: 	0x00000000
x24: 	0x00000000
x25: 	0x00000000
x26: 	0x00000000
x27: 	0x00000000
x28: 	0x00000000
x29: 	0x00000000
x30: 	0x00000000
x31: 	0x00000000

0x0000125c	0x00000000	Unkown Instruction 

All Registers: 
x0: 	0x00000000
x1: 	0x00000000
x2: 	0x00000000
x3: 	0x00000000
x4: 	0x00000000
x5: 	0x00000000
x6: 	0x00000000
x7: 	0x00000000
x8: 	0x00000000
x9: 	0x00000000
x10: 	0x00000000
x11: 	0x00000000
x12: 	0x00000000
x13: 	0x00000000
x14: 	0x00000000
x15: 	0x00000000
x16: 	0x00000000
x17: 	0x00000000
x18: 	0x00000000
x19: 	0x00000000
x20: 	0x00000000
x21: 	0x00000000
x22: 	0x00000000
x23: 	0x00000000
x24: 	0x00000000
x25: 	0x00000000
x26: 	0x00000000
x27: 	0x00000000
x28: 	0x00000000
x29: 	0x00000000
x30: 	0x00000000
x31: 	0x00000000

0x00001260	0x00000000	Unkown Instruction 

All Registers: 
x0: 	0x00000000
x1: 	0x00000000
x2: 	0x00000000
x3: 	0x00000000
x4: 	0x00000000
x5: 	0x00000000
x6: 	0x00000000
x7: 	0x00000000
x8: 	0x00000000
x9: 	0x00000000
x10: 	0x00000000
x11: 	0x00000000
x12: 	0x00000000
x13: 	0x00000000
x14: 	0x00000000
x15: 	0x00000000
x16: 	0x00000000
x17: 	0x00000000
x18: 	0x00000000
x19: 	0x00000000
x20: 	0x00000000
x21: 	0x00000000
x22: 	0x00000000
x23: 	0x00000000
x24: 	0x00000000
x25: 	0x00000000
x26: 	0x00000000
x27: 	0x00000000
x28: 	0x00000000
x29: 	0x00000000
x30: 	0x00000000
x31: 	0x00000000

0x00001264	0x00000000	Unkown Instruction 

All Registers: 
x0: 	0x00000000
x1: 	0x00000000
x2: 	0x00000000
x3: 	0x00000000
x4: 	0x00000000
x5: 	0x00000000
x6: 	0x00000000
x7: 	0x00000000
x8: 	0x00000000
x9: 	0x00000000
x10: 	0x00000000
x11: 	0x00000000
x12: 	0x00000000
x13: 	0x00000000
x14: 	0x00000000
x15: 	0x00000000
x16: 	0x00000000
x17: 	0x00000000
x18: 	0x00000000
x19: 	0x00000000
x20: 	0x00000000
x21: 	0x00000000
x22: 	0x00000000
x23: 	0x00000000
x24: 	0x00000000
x25: 	0x00000000
x26: 	0x00000000
x27: 	0x00000000
x28: 	0x00000000
x29: 	0x00000000
x30: 	0x00000000
x31: 	0x00000000

0x00001268	0x00000000	Unkown Instruction 

All Registers: 
x0: 	0x00000000
x1: 	0x00000000
x2: 	0x00000000
x3: 	0x00000000
x4: 	0x00000000
x5: 	0x00000000
x6: 	0x00000000
x7: 	0x00000000
x8: 	0x00000000
x9: 	0x00000000
x10: 	0x00000000
x11: 	0x00000000
x12: 	0x00000000
x13: 	0x00000000
x14: 	0x00000000
x15: 	0x00000000
x16: 	0x00000000
x17: 	0x00000000
x18: 	0x00000000
x19: 	0x00000000
x20: 	0x00000000
x21: 	0x00000000
x22: 	0x00000000
x23: 	0x00000000
x24: 	0x00000000
x25: 	0x00000000
x26: 	0x00000000
x27: 	0x00000000
x28: 	0x00000000
x29: 	0x00000000
x30: 	0x00000000
x31: 	0x00000000

0x0000126c	0x00000000	Unkown Instruction 

All Registers: 
x0: 	0x00000000
x1: 	0x00000000
x2: 	0x00000000
x3: 	0x00000000
x4: 	0x00000000
x5: 	0x00000000
x6: 	0x00000000
x7: 	0x00000000
x8: 	0x00000000
x9: 	0x00000000
x10: 	0x00000000
x11: 	0x00000000
x12: 	0x00000000
x13: 	0x00000000
x14: 	0x00000000
x15: 	0x00000000
x16: 	0x00000000
x17: 	0x00000000
x18: 	0x00000000
x19: 	0x00000000
x20: 	0x00000000
x21: 	0x00000000
x22: 	0x00000000
x23: 	0x00000000
x24: 	0x00000000
x25: 	0x00000000
x26: 	0x00000000
x27: 	0x00000000
x28: 	0x00000000
x29: 	0x00000000
x30: 	0x00000000
x31: 	0x00000000

0x00001270	0x00000000	Unkown Instruction 

All Registers: 
x0: 	0x00000000
x1: 	0x00000000
x2: 	0x00000000
x3: 	0x00000000
x4: 	0x00000000
x5: 	0x00000000
x6: 	0x00000000
x7: 	0x00000000
x8: 	0x00000000
x9: 	0x00000000
x10: 	0x00000000
x11: 	0x00000000
x12: 	0x00000000
x13: 	0x00000000
x14: 	0x00000000
x15: 	0x00000000
x16: 	0x00000000
x17: 	0x00000000
x18: 	0x00000000
x19: 	0x00000000
x20: 	0x00000000
x21: 	0x00000000
x22: 	0x00000000
x23: 	0x00000000
x24: 	0x00000000
x25: 	0x00000000
x26: 	0x00000000
x27: 	0x00000000
x28: 	0x00000000
x29: 	0x00000000
x30: 	0x00000000
x31: 	0x00000000

0x00001274	0x00000000	Unkown Instruction 

All Registers: 
x0: 	0x00000000
x1: 	0x00000000
x2: 	0x00000000
x3: 	0x00000000
x4: 	0x00000000
x5: 	0x00000000
x6: 	0x00000000
x7: 	0x00000000
x8: 	0x00000000
x9: 	0x00000000
x10: 	0x00000000
x11: 	0x00000000
x12: 	0x00000000
x13: 	0x00000000
x14: 	0x00000000
x15: 	0x00000000
x16: 	0x00000000
x17: 	0x00000000
x18: 	0x00000000
x19: 	0x00000000
x20: 	0x00000000
x21: 	0x00000000
x22: 	0x00000000
x23: 	0x00000000
x24: 	0x00000000
x25: 	0x00000000
x26: 	0x00000000
x27: 	0x00000000
x28: 	0x00000000
x29: 	0x00000000
x30: 	0x00000000
x31: 	0x00000000

0x00001278	0x00000000	Unkown Instruction 

All Registers: 
x0: 	0x00000000
x1: 	0x00000000
x2: 	0x00000000
x3: 	0x00000000
x4: 	0x00000000
x5: 	0x00000000
x6: 	0x00000000
x7: 	0x00000000
x8: 	0x00000000
x9: 	0x00000000
x10: 	0x00000000
x11: 	0x00000000
x12: 	0x00000000
x13: 	0x00000000
x14: 	0x00000000
x15: 	0x00000000
x16: 	0x00000000
x17: 	0x00000000
x18: 	0x00000000
x19: 	0x00000000
x20: 	0x00000000
x21: 	0x00000000
x22: 	0x00000000
x23: 	0x00000000
x24: 	0x00000000
x25: 	0x00000000
x26: 	0x00000000
x27: 	0x00000000
x28: 	0x00000000
x29: 	0x00000000
x30: 	0x00000000
x31: 	0x00000000

0x0000127c	0x00000000	Unkown Instruction 

All Registers: 
x0: 	0x00000000
x1: 	0x00000000
x2: 	0x00000000
x3: 	0x00000000
x4: 	0x00000000
x5: 	0x00000000
x6: 	0x00000000
x7: 	0x00000000
x8: 	0x00000000
x9: 	0x00000000
x10: 	0x00000000
x11: 	0x00000000
x12: 	0x00000000
x13: 	0x00000000
x14: 	0x00000000
x15: 	0x00000000
x16: 	0x00000000
x17: 	0x00000000
x18: 	0x00000000
x19: 	0x00000000
x20: 	0x00000000
x21: 	0x00000000
x22: 	0x00000000
x23: 	0x00000000
x24: 	0x00000000
x25: 	0x00000000
x26: 	0x00000000
x27: 	0x00000000
x28: 	0x00000000
x29: 	0x00000000
x30: 	0x00000000
x31: 	0x00000000

0x00001280	0x00000000	Unkown Instruction 

All Registers: 
x0: 	0x00000000
x1: 	0x00000000
x2: 	0x00000000
x3: 	0x00000000
x4: 	0x00000000
x5: 	0x00000000
x6: 	0x00000000
x7: 	0x00000000
x8: 	0x00000000
x9: 	0x00000000
x10: 	0x00000000
x11: 	0x00000000
x12: 	0x00000000
x13: 	0x00000000
x14: 	0x00000000
x15: 	0x00000000
x16: 	0x00000000
x17: 	0x00000000
x18: 	0x00000000
x19: 	0x00000000
x20: 	0x00000000
x21: 	0x00000000
x22: 	0x00000000
x23: 	0x00000000
x24: 	0x00000000
x25: 	0x00000000
x26: 	0x00000000
x27: 	0x00000000
x28: 	0x00000000
x29: 	0x00000000
x30: 	0x00000000
x31: 	0x00000000

0x00001284	0x00000000	Unkown Instruction 

All Registers: 
x0: 	0x00000000
x1: 	0x00000000
x2: 	0x00000000
x3: 	0x00000000
x4: 	0x00000000
x5: 	0x00000000
x6: 	0x00000000
x7: 	0x00000000
x8: 	0x00000000
x9: 	0x00000000
x10: 	0x00000000
x11: 	0x00000000
x12: 	0x00000000
x13: 	0x00000000
x14: 	0x00000000
x15: 	0x00000000
x16: 	0x00000000
x17: 	0x00000000
x18: 	0x00000000
x19: 	0x00000000
x20: 	0x00000000
x21: 	0x00000000
x22: 	0x00000000
x23: 	0x00000000
x24: 	0x00000000
x25: 	0x00000000
x26: 	0x00000000
x27: 	0x00000000
x28: 	0x00000000
x29: 	0x00000000
x30: 	0x00000000
x31: 	0x00000000

0x00001288	0x00000000	Unkown Instruction 

All Registers: 
x0: 	0x00000000
x1: 	0x00000000
x2: 	0x00000000
x3: 	0x00000000
x4: 	0x00000000
x5: 	0x00000000
x6: 	0x00000000
x7: 	0x00000000
x8: 	0x00000000
x9: 	0x00000000
x10: 	0x00000000
x11: 	0x00000000
x12: 	0x00000000
x13: 	0x00000000
x14: 	0x00000000
x15: 	0x00000000
x16: 	0x00000000
x17: 	0x00000000
x18: 	0x00000000
x19: 	0x00000000
x20: 	0x00000000
x21: 	0x00000000
x22: 	0x00000000
x23: 	0x00000000
x24: 	0x00000000
x25: 	0x00000000
x26: 	0x00000000
x27: 	0x00000000
x28: 	0x00000000
x29: 	0x00000000
x30: 	0x00000000
x31: 	0x00000000

0x0000128c	0x00000000	Unkown Instruction 

All Registers: 
x0: 	0x00000000
x1: 	0x00000000
x2: 	0x00000000
x3: 	0x00000000
x4: 	0x00000000
x5: 	0x00000000
x6: 	0x00000000
x7: 	0x00000000
x8: 	0x00000000
x9: 	0x00000000
x10: 	0x00000000
x11: 	0x00000000
x12: 	0x00000000
x13: 	0x00000000
x14: 	0x00000000
x15: 	0x00000000
x16: 	0x00000000
x17: 	0x00000000
x18: 	0x00000000
x19: 	0x00000000
x20: 	0x00000000
x21: 	0x00000000
x22: 	0x00000000
x23: 	0x00000000
x24: 	0x00000000
x25: 	0x00000000
x26: 	0x00000000
x27: 	0x00000000
x28: 	0x00000000
x29: 	0x00000000
x30: 	0x00000000
x31: 	0x00000000

0x00001290	0x00000000	Unkown Instruction 

All Registers: 
x0: 	0x00000000
x1: 	0x00000000
x2: 	0x00000000
x3: 	0x00000000
x4: 	0x00000000
x5: 	0x00000000
x6: 	0x00000000
x7: 	0x00000000
x8: 	0x00000000
x9: 	0x00000000
x10: 	0x00000000
x11: 	0x00000000
x12: 	0x00000000
x13: 	0x00000000
x14: 	0x00000000
x15: 	0x00000000
x16: 	0x00000000
x17: 	0x00000000
x18: 	0x00000000
x19: 	0x00000000
x20: 	0x00000000
x21: 	0x00000000
x22: 	0x00000000
x23: 	0x00000000
x24: 	0x00000000
x25: 	0x00000000
x26: 	0x00000000
x27: 	0x00000000
x28: 	0x00000000
x29: 	0x00000000
x30: 	0x00000000
x31: 	0x00000000

0x00001294	0x00000000	Unkown Instruction 

All Registers: 
x0: 	0x00000000
x1: 	0x00000000
x2: 	0x00000000
x3: 	0x00000000
x4: 	0x00000000
x5: 	0x00000000
x6: 	0x00000000
x7: 	0x00000000
x8: 	0x00000000
x9: 	0x00000000
x10: 	0x00000000
x11: 	0x00000000
x12: 	0x00000000
x13: 	0x00000000
x14: 	0x00000000
x15: 	0x00000000
x16: 	0x00000000
x17: 	0x00000000
x18: 	0x00000000
x19: 	0x00000000
x20: 	0x00000000
x21: 	0x00000000
x22: 	0x00000000
x23: 	0x00000000
x24: 	0x00000000
x25: 	0x00000000
x26: 	0x00000000
x27: 	0x00000000
x28: 	0x00000000
x29: 	0x00000000
x30: 	0x00000000
x31: 	0x00000000

0x00001298	0x00000000	Unkown Instruction 

All Registers: 
x0: 	0x00000000
x1: 	0x00000000
x2: 	0x00000000
x3: 	0x00000000
x4: 	0x00000000
x5: 	0x00000000
x6: 	0x00000000
x7: 	0x00000000
x8: 	0x00000000
x9: 	0x00000000
x10: 	0x00000000
x11: 	0x00000000
x12: 	0x00000000
x13: 	0x00000000
x14: 	0x00000000
x15: 	0x00000000
x16: 	0x00000000
x17: 	0x00000000
x18: 	0x00000000
x19: 	0x00000000
x20: 	0x00000000
x21: 	0x00000000
x22: 	0x00000000
x23: 	0x00000000
x24: 	0x00000000
x25: 	0x00000000
x26: 	0x00000000
x27: 	0x00000000
x28: 	0x00000000
x29: 	0x00000000
x30: 	0x00000000
x31: 	0x00000000

0x0000129c	0x00000000	Unkown Instruction 

All Registers: 
x0: 	0x00000000
x1: 	0x00000000
x2: 	0x00000000
x3: 	0x00000000
x4: 	0x00000000
x5: 	0x00000000
x6: 	0x00000000
x7: 	0x00000000
x8: 	0x00000000
x9: 	0x00000000
x10: 	0x00000000
x11: 	0x00000000
x12: 	0x00000000
x13: 	0x00000000
x14: 	0x00000000
x15: 	0x00000000
x16: 	0x00000000
x17: 	0x00000000
x18: 	0x00000000
x19: 	0x00000000
x20: 	0x00000000
x21: 	0x00000000
x22: 	0x00000000
x23: 	0x00000000
x24: 	0x00000000
x25: 	0x00000000
x26: 	0x00000000
x27: 	0x00000000
x28: 	0x00000000
x29: 	0x00000000
x30: 	0x00000000
x31: 	0x00000000

0x000012a0	0x00000000	Unkown Instruction 

All Registers: 
x0: 	0x00000000
x1: 	0x00000000
x2: 	0x00000000
x3: 	0x00000000
x4: 	0x00000000
x5: 	0x00000000
x6: 	0x00000000
x7: 	0x00000000
x8: 	0x00000000
x9: 	0x00000000
x10: 	0x00000000
x11: 	0x00000000
x12: 	0x00000000
x13: 	0x00000000
x14: 	0x00000000
x15: 	0x00000000
x16: 	0x00000000
x17: 	0x00000000
x18: 	0x00000000
x19: 	0x00000000
x20: 	0x00000000
x21: 	0x00000000
x22: 	0x00000000
x23: 	0x00000000
x24: 	0x00000000
x25: 	0x00000000
x26: 	0x00000000
x27: 	0x00000000
x28: 	0x00000000
x29: 	0x00000000
x30: 	0x00000000
x31: 	0x00000000

0x000012a4	0x00000000	Unkown Instruction 

All Registers: 
x0: 	0x00000000
x1: 	0x00000000
x2: 	0x00000000
x3: 	0x00000000
x4: 	0x00000000
x5: 	0x00000000
x6: 	0x00000000
x7: 	0x00000000
x8: 	0x00000000
x9: 	0x00000000
x10: 	0x00000000
x11: 	0x00000000
x12: 	0x00000000
x13: 	0x00000000
x14: 	0x00000000
x15: 	0x00000000
x16: 	0x00000000
x17: 	0x00000000
x18: 	0x00000000
x19: 	0x00000000
x20: 	0x00000000
x21: 	0x00000000
x22: 	0x00000000
x23: 	0x00000000
x24: 	0x00000000
x25: 	0x00000000
x26: 	0x00000000
x27: 	0x00000000
x28: 	0x00000000
x29: 	0x00000000
x30: 	0x00000000
x31: 	0x00000000

0x000012a8	0x00000000	Unkown Instruction 

All Registers: 
x0: 	0x00000000
x1: 	0x00000000
x2: 	0x00000000
x3: 	0x00000000
x4: 	0x00000000
x5: 	0x00000000
x6: 	0x00000000
x7: 	0x00000000
x8: 	0x00000000
x9: 	0x00000000
x10: 	0x00000000
x11: 	0x00000000
x12: 	0x00000000
x13: 	0x00000000
x14: 	0x00000000
x15: 	0x00000000
x16: 	0x00000000
x17: 	0x00000000
x18: 	0x00000000
x19: 	0x00000000
x20: 	0x00000000
x21: 	0x00000000
x22: 	0x00000000
x23: 	0x00000000
x24: 	0x00000000
x25: 	0x00000000
x26: 	0x00000000
x27: 	0x00000000
x28: 	0x00000000
x29: 	0x00000000
x30: 	0x00000000
x31: 	0x00000000

0x000012ac	0x00000000	Unkown Instruction 

All Registers: 
x0: 	0x00000000
x1: 	0x00000000
x2: 	0x00000000
x3: 	0x00000000
x4: 	0x00000000
x5: 	0x00000000
x6: 	0x00000000
x7: 	0x00000000
x8: 	0x00000000
x9: 	0x00000000
x10: 	0x00000000
x11: 	0x00000000
x12: 	0x00000000
x13: 	0x00000000
x14: 	0x00000000
x15: 	0x00000000
x16: 	0x00000000
x17: 	0x00000000
x18: 	0x00000000
x19: 	0x00000000
x20: 	0x00000000
x21: 	0x00000000
x22: 	0x00000000
x23: 	0x00000000
x24: 	0x00000000
x25: 	0x00000000
x26: 	0x00000000
x27: 	0x00000000
x28: 	0x00000000
x29: 	0x00000000
x30: 	0x00000000
x31: 	0x00000000

0x000012b0	0x00000000	Unkown Instruction 

All Registers: 
x0: 	0x00000000
x1: 	0x00000000
x2: 	0x00000000
x3: 	0x00000000
x4: 	0x00000000
x5: 	0x00000000
x6: 	0x00000000
x7: 	0x00000000
x8: 	0x00000000
x9: 	0x00000000
x10: 	0x00000000
x11: 	0x00000000
x12: 	0x00000000
x13: 	0x00000000
x14: 	0x00000000
x15: 	0x00000000
x16: 	0x00000000
x17: 	0x00000000
x18: 	0x00000000
x19: 	0x00000000
x20: 	0x00000000
x21: 	0x00000000
x22: 	0x00000000
x23: 	0x00000000
x24: 	0x00000000
x25: 	0x00000000
x26: 	0x00000000
x27: 	0x00000000
x28: 	0x00000000
x29: 	0x00000000
x30: 	0x00000000
x31: 	0x00000000

0x000012b4	0x00000000	Unkown Instruction 

All Registers: 
x0: 	0x00000000
x1: 	0x00000000
x2: 	0x00000000
x3: 	0x00000000
x4: 	0x00000000
x5: 	0x00000000
x6: 	0x00000000
x7: 	0x00000000
x8: 	0x00000000
x9: 	0x00000000
x10: 	0x00000000
x11: 	0x00000000
x12: 	0x00000000
x13: 	0x00000000
x14: 	0x00000000
x15: 	0x00000000
x16: 	0x00000000
x17: 	0x00000000
x18: 	0x00000000
x19: 	0x00000000
x20: 	0x00000000
x21: 	0x00000000
x22: 	0x00000000
x23: 	0x00000000
x24: 	0x00000000
x25: 	0x00000000
x26: 	0x00000000
x27: 	0x00000000
x28: 	0x00000000
x29: 	0x00000000
x30: 	0x00000000
x31: 	0x00000000

0x000012b8	0x00000000	Unkown Instruction 

All Registers: 
x0: 	0x00000000
x1: 	0x00000000
x2: 	0x00000000
x3: 	0x00000000
x4: 	0x00000000
x5: 	0x00000000
x6: 	0x00000000
x7: 	0x00000000
x8: 	0x00000000
x9: 	0x00000000
x10: 	0x00000000
x11: 	0x00000000
x12: 	0x00000000
x13: 	0x00000000
x14: 	0x00000000
x15: 	0x00000000
x16: 	0x00000000
x17: 	0x00000000
x18: 	0x00000000
x19: 	0x00000000
x20: 	0x00000000
x21: 	0x00000000
x22: 	0x00000000
x23: 	0x00000000
x24: 	0x00000000
x25: 	0x00000000
x26: 	0x00000000
x27: 	0x00000000
x28: 	0x00000000
x29: 	0x00000000
x30: 	0x00000000
x31: 	0x00000000

0x000012bc	0x00000000	Unkown Instruction 

All Registers: 
x0: 	0x00000000
x1: 	0x00000000
x2: 	0x00000000
x3: 	0x00000000
x4: 	0x00000000
x5: 	0x00000000
x6: 	0x00000000
x7: 	0x00000000
x8: 	0x00000000
x9: 	0x00000000
x10: 	0x00000000
x11: 	0x00000000
x12: 	0x00000000
x13: 	0x00000000
x14: 	0x00000000
x15: 	0x00000000
x16: 	0x00000000
x17: 	0x00000000
x18: 	0x00000000
x19: 	0x00000000
x20: 	0x00000000
x21: 	0x00000000
x22: 	0x00000000
x23: 	0x00000000
x24: 	0x00000000
x25: 	0x00000000
x26: 	0x00000000
x27: 	0x00000000
x28: 	0x00000000
x29: 	0x00000000
x30: 	0x00000000
x31: 	0x00000000

0x000012c0	0x00000000	Unkown Instruction 

All Registers: 
x0: 	0x00000000
x1: 	0x00000000
x2: 	0x00000000
x3: 	0x00000000
x4: 	0x00000000
x5: 	0x00000000
x6: 	0x00000000
x7: 	0x00000000
x8: 	0x00000000
x9: 	0x00000000
x10: 	0x00000000
x11: 	0x00000000
x12: 	0x00000000
x13: 	0x00000000
x14: 	0x00000000
x15: 	0x00000000
x16: 	0x00000000
x17: 	0x00000000
x18: 	0x00000000
x19: 	0x00000000
x20: 	0x00000000
x21: 	0x00000000
x22: 	0x00000000
x23: 	0x00000000
x24: 	0x00000000
x25: 	0x00000000
x26: 	0x00000000
x27: 	0x00000000
x28: 	0x00000000
x29: 	0x00000000
x30: 	0x00000000
x31: 	0x00000000

0x000012c4	0x00000000	Unkown Instruction 

All Registers: 
x0: 	0x00000000
x1: 	0x00000000
x2: 	0x00000000
x3: 	0x00000000
x4: 	0x00000000
x5: 	0x00000000
x6: 	0x00000000
x7: 	0x00000000
x8: 	0x00000000
x9: 	0x00000000
x10: 	0x00000000
x11: 	0x00000000
x12: 	0x00000000
x13: 	0x00000000
x14: 	0x00000000
x15: 	0x00000000
x16: 	0x00000000
x17: 	0x00000000
x18: 	0x00000000
x19: 	0x00000000
x20: 	0x00000000
x21: 	0x00000000
x22: 	0x00000000
x23: 	0x00000000
x24: 	0x00000000
x25: 	0x00000000
x26: 	0x00000000
x27: 	0x00000000
x28: 	0x00000000
x29: 	0x00000000
x30: 	0x00000000
x31: 	0x00000000

0x000012c8	0x00000000	Unkown Instruction 

All Registers: 
x0: 	0x00000000
x1: 	0x00000000
x2: 	0x00000000
x3: 	0x00000000
x4: 	0x00000000
x5: 	0x00000000
x6: 	0x00000000
x7: 	0x00000000
x8: 	0x00000000
x9: 	0x00000000
x10: 	0x00000000
x11: 	0x00000000
x12: 	0x00000000
x13: 	0x00000000
x14: 	0x00000000
x15: 	0x00000000
x16: 	0x00000000
x17: 	0x00000000
x18: 	0x00000000
x19: 	0x00000000
x20: 	0x00000000
x21: 	0x00000000
x22: 	0x00000000
x23: 	0x00000000
x24: 	0x00000000
x25: 	0x00000000
x26: 	0x00000000
x27: 	0x00000000
x28: 	0x00000000
x29: 	0x00000000
x30: 	0x00000000
x31: 	0x00000000

0x000012cc	0x00000000	Unkown Instruction 

All Registers: 
x0: 	0x00000000
x1: 	0x00000000
x2: 	0x00000000
x3: 	0x00000000
x4: 	0x00000000
x5: 	0x00000000
x6: 	0x00000000
x7: 	0x00000000
x8: 	0x00000000
x9: 	0x00000000
x10: 	0x00000000
x11: 	0x00000000
x12: 	0x00000000
x13: 	0x00000000
x14: 	0x00000000
x15: 	0x00000000
x16: 	0x00000000
x17: 	0x00000000
x18: 	0x00000000
x19: 	0x00000000
x20: 	0x00000000
x21: 	0x00000000
x22: 	0x00000000
x23: 	0x00000000
x24: 	0x00000000
x25: 	0x00000000
x26: 	0x00000000
x27: 	0x00000000
x28: 	0x00000000
x29: 	0x00000000
x30: 	0x00000000
x31: 	0x00000000

0x000012d0	0x00000000	Unkown Instruction 

All Registers: 
x0: 	0x00000000
x1: 	0x00000000
x2: 	0x00000000
x3: 	0x00000000
x4: 	0x00000000
x5: 	0x00000000
x6: 	0x00000000
x7: 	0x00000000
x8: 	0x00000000
x9: 	0x00000000
x10: 	0x00000000
x11: 	0x00000000
x12: 	0x00000000
x13: 	0x00000000
x14: 	0x00000000
x15: 	0x00000000
x16: 	0x00000000
x17: 	0x00000000
x18: 	0x00000000
x19: 	0x00000000
x20: 	0x00000000
x21: 	0x00000000
x22: 	0x00000000
x23: 	0x00000000
x24: 	0x00000000
x25: 	0x00000000
x26: 	0x00000000
x27: 	0x00000000
x28: 	0x00000000
x29: 	0x00000000
x30: 	0x00000000
x31: 	0x00000000

0x000012d4	0x00000000	Unkown Instruction 

All Registers: 
x0: 	0x00000000
x1: 	0x00000000
x2: 	0x00000000
x3: 	0x00000000
x4: 	0x00000000
x5: 	0x00000000
x6: 	0x00000000
x7: 	0x00000000
x8: 	0x00000000
x9: 	0x00000000
x10: 	0x00000000
x11: 	0x00000000
x12: 	0x00000000
x13: 	0x00000000
x14: 	0x00000000
x15: 	0x00000000
x16: 	0x00000000
x17: 	0x00000000
x18: 	0x00000000
x19: 	0x00000000
x20: 	0x00000000
x21: 	0x00000000
x22: 	0x00000000
x23: 	0x00000000
x24: 	0x00000000
x25: 	0x00000000
x26: 	0x00000000
x27: 	0x00000000
x28: 	0x00000000
x29: 	0x00000000
x30: 	0x00000000
x31: 	0x00000000

0x000012d8	0x00000000	Unkown Instruction 

All Registers: 
x0: 	0x00000000
x1: 	0x00000000
x2: 	0x00000000
x3: 	0x00000000
x4: 	0x00000000
x5: 	0x00000000
x6: 	0x00000000
x7: 	0x00000000
x8: 	0x00000000
x9: 	0x00000000
x10: 	0x00000000
x11: 	0x00000000
x12: 	0x00000000
x13: 	0x00000000
x14: 	0x00000000
x15: 	0x00000000
x16: 	0x00000000
x17: 	0x00000000
x18: 	0x00000000
x19: 	0x00000000
x20: 	0x00000000
x21: 	0x00000000
x22: 	0x00000000
x23: 	0x00000000
x24: 	0x00000000
x25: 	0x00000000
x26: 	0x00000000
x27: 	0x00000000
x28: 	0x00000000
x29: 	0x00000000
x30: 	0x00000000
x31: 	0x00000000

0x000012dc	0x00000000	Unkown Instruction 

All Registers: 
x0: 	0x00000000
x1: 	0x00000000
x2: 	0x00000000
x3: 	0x00000000
x4: 	0x00000000
x5: 	0x00000000
x6: 	0x00000000
x7: 	0x00000000
x8: 	0x00000000
x9: 	0x00000000
x10: 	0x00000000
x11: 	0x00000000
x12: 	0x00000000
x13: 	0x00000000
x14: 	0x00000000
x15: 	0x00000000
x16: 	0x00000000
x17: 	0x00000000
x18: 	0x00000000
x19: 	0x00000000
x20: 	0x00000000
x21: 	0x00000000
x22: 	0x00000000
x23: 	0x00000000
x24: 	0x00000000
x25: 	0x00000000
x26: 	0x00000000
x27: 	0x00000000
x28: 	0x00000000
x29: 	0x00000000
x30: 	0x00000000
x31: 	0x00000000

0x000012e0	0x00000000	Unkown Instruction 

All Registers: 
x0: 	0x00000000
x1: 	0x00000000
x2: 	0x00000000
x3: 	0x00000000
x4: 	0x00000000
x5: 	0x00000000
x6: 	0x00000000
x7: 	0x00000000
x8: 	0x00000000
x9: 	0x00000000
x10: 	0x00000000
x11: 	0x00000000
x12: 	0x00000000
x13: 	0x00000000
x14: 	0x00000000
x15: 	0x00000000
x16: 	0x00000000
x17: 	0x00000000
x18: 	0x00000000
x19: 	0x00000000
x20: 	0x00000000
x21: 	0x00000000
x22: 	0x00000000
x23: 	0x00000000
x24: 	0x00000000
x25: 	0x00000000
x26: 	0x00000000
x27: 	0x00000000
x28: 	0x00000000
x29: 	0x00000000
x30: 	0x00000000
x31: 	0x00000000

0x000012e4	0x00000000	Unkown Instruction 

All Registers: 
x0: 	0x00000000
x1: 	0x00000000
x2: 	0x00000000
x3: 	0x00000000
x4: 	0x00000000
x5: 	0x00000000
x6: 	0x00000000
x7: 	0x00000000
x8: 	0x00000000
x9: 	0x00000000
x10: 	0x00000000
x11: 	0x00000000
x12: 	0x00000000
x13: 	0x00000000
x14: 	0x00000000
x15: 	0x00000000
x16: 	0x00000000
x17: 	0x00000000
x18: 	0x00000000
x19: 	0x00000000
x20: 	0x00000000
x21: 	0x00000000
x22: 	0x00000000
x23: 	0x00000000
x24: 	0x00000000
x25: 	0x00000000
x26: 	0x00000000
x27: 	0x00000000
x28: 	0x00000000
x29: 	0x00000000
x30: 	0x00000000
x31: 	0x00000000

0x000012e8	0x00000000	Unkown Instruction 

All Registers: 
x0: 	0x00000000
x1: 	0x00000000
x2: 	0x00000000
x3: 	0x00000000
x4: 	0x00000000
x5: 	0x00000000
x6: 	0x00000000
x7: 	0x00000000
x8: 	0x00000000
x9: 	0x00000000
x10: 	0x00000000
x11: 	0x00000000
x12: 	0x00000000
x13: 	0x00000000
x14: 	0x00000000
x15: 	0x00000000
x16: 	0x00000000
x17: 	0x00000000
x18: 	0x00000000
x19: 	0x00000000
x20: 	0x00000000
x21: 	0x00000000
x22: 	0x00000000
x23: 	0x00000000
x24: 	0x00000000
x25: 	0x00000000
x26: 	0x00000000
x27: 	0x00000000
x28: 	0x00000000
x29: 	0x00000000
x30: 	0x00000000
x31: 	0x00000000

0x000012ec	0x00000000	Unkown Instruction 

All Registers: 
x0: 	0x00000000
x1: 	0x00000000
x2: 	0x00000000
x3: 	0x00000000
x4: 	0x00000000
x5: 	0x00000000
x6: 	0x00000000
x7: 	0x00000000
x8: 	0x00000000
x9: 	0x00000000
x10: 	0x00000000
x11: 	0x00000000
x12: 	0x00000000
x13: 	0x00000000
x14: 	0x00000000
x15: 	0x00000000
x16: 	0x00000000
x17: 	0x00000000
x18: 	0x00000000
x19: 	0x00000000
x20: 	0x00000000
x21: 	0x00000000
x22: 	0x00000000
x23: 	0x00000000
x24: 	0x00000000
x25: 	0x00000000
x26: 	0x00000000
x27: 	0x00000000
x28: 	0x00000000
x29: 	0x00000000
x30: 	0x00000000
x31: 	0x00000000

0x000012f0	0x00000000	Unkown Instruction 

All Registers: 
x0: 	0x00000000
x1: 	0x00000000
x2: 	0x00000000
x3: 	0x00000000
x4: 	0x00000000
x5: 	0x00000000
x6: 	0x00000000
x7: 	0x00000000
x8: 	0x00000000
x9: 	0x00000000
x10: 	0x00000000
x11: 	0x00000000
x12: 	0x00000000
x13: 	0x00000000
x14: 	0x00000000
x15: 	0x00000000
x16: 	0x00000000
x17: 	0x00000000
x18: 	0x00000000
x19: 	0x00000000
x20: 	0x00000000
x21: 	0x00000000
x22: 	0x00000000
x23: 	0x00000000
x24: 	0x00000000
x25: 	0x00000000
x26: 	0x00000000
x27: 	0x00000000
x28: 	0x00000000
x29: 	0x00000000
x30: 	0x00000000
x31: 	0x00000000

0x000012f4	0x00000000	Unkown Instruction 

All Registers: 
x0: 	0x00000000
x1: 	0x00000000
x2: 	0x00000000
x3: 	0x00000000
x4: 	0x00000000
x5: 	0x00000000
x6: 	0x00000000
x7: 	0x00000000
x8: 	0x00000000
x9: 	0x00000000
x10: 	0x00000000
x11: 	0x00000000
x12: 	0x00000000
x13: 	0x00000000
x14: 	0x00000000
x15: 	0x00000000
x16: 	0x00000000
x17: 	0x00000000
x18: 	0x00000000
x19: 	0x00000000
x20: 	0x00000000
x21: 	0x00000000
x22: 	0x00000000
x23: 	0x00000000
x24: 	0x00000000
x25: 	0x00000000
x26: 	0x00000000
x27: 	0x00000000
x28: 	0x00000000
x29: 	0x00000000
x30: 	0x00000000
x31: 	0x00000000

0x000012f8	0x00000000	Unkown Instruction 

All Registers: 
x0: 	0x00000000
x1: 	0x00000000
x2: 	0x00000000
x3: 	0x00000000
x4: 	0x00000000
x5: 	0x00000000
x6: 	0x00000000
x7: 	0x00000000
x8: 	0x00000000
x9: 	0x00000000
x10: 	0x00000000
x11: 	0x00000000
x12: 	0x00000000
x13: 	0x00000000
x14: 	0x00000000
x15: 	0x00000000
x16: 	0x00000000
x17: 	0x00000000
x18: 	0x00000000
x19: 	0x00000000
x20: 	0x00000000
x21: 	0x00000000
x22: 	0x00000000
x23: 	0x00000000
x24: 	0x00000000
x25: 	0x00000000
x26: 	0x00000000
x27: 	0x00000000
x28: 	0x00000000
x29: 	0x00000000
x30: 	0x00000000
x31: 	0x00000000

0x000012fc	0x00000000	Unkown Instruction 

All Registers: 
x0: 	0x00000000
x1: 	0x00000000
x2: 	0x00000000
x3: 	0x00000000
x4: 	0x00000000
x5: 	0x00000000
x6: 	0x00000000
x7: 	0x00000000
x8: 	0x00000000
x9: 	0x00000000
x10: 	0x00000000
x11: 	0x00000000
x12: 	0x00000000
x13: 	0x00000000
x14: 	0x00000000
x15: 	0x00000000
x16: 	0x00000000
x17: 	0x00000000
x18: 	0x00000000
x19: 	0x00000000
x20: 	0x00000000
x21: 	0x00000000
x22: 	0x00000000
x23: 	0x00000000
x24: 	0x00000000
x25: 	0x00000000
x26: 	0x00000000
x27: 	0x00000000
x28: 	0x00000000
x29: 	0x00000000
x30: 	0x00000000
x31: 	0x00000000

0x00001300	0x00000000	Unkown Instruction 

All Registers: 
x0: 	0x00000000
x1: 	0x00000000
x2: 	0x00000000
x3: 	0x00000000
x4: 	0x00000000
x5: 	0x00000000
x6: 	0x00000000
x7: 	0x00000000
x8: 	0x00000000
x9: 	0x00000000
x10: 	0x00000000
x11: 	0x00000000
x12: 	0x00000000
x13: 	0x00000000
x14: 	0x00000000
x15: 	0x00000000
x16: 	0x00000000
x17: 	0x00000000
x18: 	0x00000000
x19: 	0x00000000
x20: 	0x00000000
x21: 	0x00000000
x22: 	0x00000000
x23: 	0x00000000
x24: 	0x00000000
x25: 	0x00000000
x26: 	0x00000000
x27: 	0x00000000
x28: 	0x00000000
x29: 	0x00000000
x30: 	0x00000000
x31: 	0x00000000

0x00001304	0x00000000	Unkown Instruction 

All Registers: 
x0: 	0x00000000
x1: 	0x00000000
x2: 	0x00000000
x3: 	0x00000000
x4: 	0x00000000
x5: 	0x00000000
x6: 	0x00000000
x7: 	0x00000000
x8: 	0x00000000
x9: 	0x00000000
x10: 	0x00000000
x11: 	0x00000000
x12: 	0x00000000
x13: 	0x00000000
x14: 	0x00000000
x15: 	0x00000000
x16: 	0x00000000
x17: 	0x00000000
x18: 	0x00000000
x19: 	0x00000000
x20: 	0x00000000
x21: 	0x00000000
x22: 	0x00000000
x23: 	0x00000000
x24: 	0x00000000
x25: 	0x00000000
x26: 	0x00000000
x27: 	0x00000000
x28: 	0x00000000
x29: 	0x00000000
x30: 	0x00000000
x31: 	0x00000000

0x00001308	0x00000000	Unkown Instruction 

All Registers: 
x0: 	0x00000000
x1: 	0x00000000
x2: 	0x00000000
x3: 	0x00000000
x4: 	0x00000000
x5: 	0x00000000
x6: 	0x00000000
x7: 	0x00000000
x8: 	0x00000000
x9: 	0x00000000
x10: 	0x00000000
x11: 	0x00000000
x12: 	0x00000000
x13: 	0x00000000
x14: 	0x00000000
x15: 	0x00000000
x16: 	0x00000000
x17: 	0x00000000
x18: 	0x00000000
x19: 	0x00000000
x20: 	0x00000000
x21: 	0x00000000
x22: 	0x00000000
x23: 	0x00000000
x24: 	0x00000000
x25: 	0x00000000
x26: 	0x00000000
x27: 	0x00000000
x28: 	0x00000000
x29: 	0x00000000
x30: 	0x00000000
x31: 	0x00000000

0x0000130c	0x00000000	Unkown Instruction 

All Registers: 
x0: 	0x00000000
x1: 	0x00000000
x2: 	0x00000000
x3: 	0x00000000
x4: 	0x00000000
x5: 	0x00000000
x6: 	0x00000000
x7: 	0x00000000
x8: 	0x00000000
x9: 	0x00000000
x10: 	0x00000000
x11: 	0x00000000
x12: 	0x00000000
x13: 	0x00000000
x14: 	0x00000000
x15: 	0x00000000
x16: 	0x00000000
x17: 	0x00000000
x18: 	0x00000000
x19: 	0x00000000
x20: 	0x00000000
x21: 	0x00000000
x22: 	0x00000000
x23: 	0x00000000
x24: 	0x00000000
x25: 	0x00000000
x26: 	0x00000000
x27: 	0x00000000
x28: 	0x00000000
x29: 	0x00000000
x30: 	0x00000000
x31: 	0x00000000

0x00001310	0x00000000	Unkown Instruction 

All Registers: 
x0: 	0x00000000
x1: 	0x00000000
x2: 	0x00000000
x3: 	0x00000000
x4: 	0x00000000
x5: 	0x00000000
x6: 	0x00000000
x7: 	0x00000000
x8: 	0x00000000
x9: 	0x00000000
x10: 	0x00000000
x11: 	0x00000000
x12: 	0x00000000
x13: 	0x00000000
x14: 	0x00000000
x15: 	0x00000000
x16: 	0x00000000
x17: 	0x00000000
x18: 	0x00000000
x19: 	0x00000000
x20: 	0x00000000
x21: 	0x00000000
x22: 	0x00000000
x23: 	0x00000000
x24: 	0x00000000
x25: 	0x00000000
x26: 	0x00000000
x27: 	0x00000000
x28: 	0x00000000
x29: 	0x00000000
x30: 	0x00000000
x31: 	0x00000000

0x00001314	0x00000000	Unkown Instruction 

All Registers: 
x0: 	0x00000000
x1: 	0x00000000
x2: 	0x00000000
x3: 	0x00000000
x4: 	0x00000000
x5: 	0x00000000
x6: 	0x00000000
x7: 	0x00000000
x8: 	0x00000000
x9: 	0x00000000
x10: 	0x00000000
x11: 	0x00000000
x12: 	0x00000000
x13: 	0x00000000
x14: 	0x00000000
x15: 	0x00000000
x16: 	0x00000000
x17: 	0x00000000
x18: 	0x00000000
x19: 	0x00000000
x20: 	0x00000000
x21: 	0x00000000
x22: 	0x00000000
x23: 	0x00000000
x24: 	0x00000000
x25: 	0x00000000
x26: 	0x00000000
x27: 	0x00000000
x28: 	0x00000000
x29: 	0x00000000
x30: 	0x00000000
x31: 	0x00000000

0x00001318	0x00000000	Unkown Instruction 

All Registers: 
x0: 	0x00000000
x1: 	0x00000000
x2: 	0x00000000
x3: 	0x00000000
x4: 	0x00000000
x5: 	0x00000000
x6: 	0x00000000
x7: 	0x00000000
x8: 	0x00000000
x9: 	0x00000000
x10: 	0x00000000
x11: 	0x00000000
x12: 	0x00000000
x13: 	0x00000000
x14: 	0x00000000
x15: 	0x00000000
x16: 	0x00000000
x17: 	0x00000000
x18: 	0x00000000
x19: 	0x00000000
x20: 	0x00000000
x21: 	0x00000000
x22: 	0x00000000
x23: 	0x00000000
x24: 	0x00000000
x25: 	0x00000000
x26: 	0x00000000
x27: 	0x00000000
x28: 	0x00000000
x29: 	0x00000000
x30: 	0x00000000
x31: 	0x00000000

0x0000131c	0x00000000	Unkown Instruction 

All Registers: 
x0: 	0x00000000
x1: 	0x00000000
x2: 	0x00000000
x3: 	0x00000000
x4: 	0x00000000
x5: 	0x00000000
x6: 	0x00000000
x7: 	0x00000000
x8: 	0x00000000
x9: 	0x00000000
x10: 	0x00000000
x11: 	0x00000000
x12: 	0x00000000
x13: 	0x00000000
x14: 	0x00000000
x15: 	0x00000000
x16: 	0x00000000
x17: 	0x00000000
x18: 	0x00000000
x19: 	0x00000000
x20: 	0x00000000
x21: 	0x00000000
x22: 	0x00000000
x23: 	0x00000000
x24: 	0x00000000
x25: 	0x00000000
x26: 	0x00000000
x27: 	0x00000000
x28: 	0x00000000
x29: 	0x00000000
x30: 	0x00000000
x31: 	0x00000000

0x00001320	0x00000000	Unkown Instruction 

All Registers: 
x0: 	0x00000000
x1: 	0x00000000
x2: 	0x00000000
x3: 	0x00000000
x4: 	0x00000000
x5: 	0x00000000
x6: 	0x00000000
x7: 	0x00000000
x8: 	0x00000000
x9: 	0x00000000
x10: 	0x00000000
x11: 	0x00000000
x12: 	0x00000000
x13: 	0x00000000
x14: 	0x00000000
x15: 	0x00000000
x16: 	0x00000000
x17: 	0x00000000
x18: 	0x00000000
x19: 	0x00000000
x20: 	0x00000000
x21: 	0x00000000
x22: 	0x00000000
x23: 	0x00000000
x24: 	0x00000000
x25: 	0x00000000
x26: 	0x00000000
x27: 	0x00000000
x28: 	0x00000000
x29: 	0x00000000
x30: 	0x00000000
x31: 	0x00000000

0x00001324	0x00000000	Unkown Instruction 

All Registers: 
x0: 	0x00000000
x1: 	0x00000000
x2: 	0x00000000
x3: 	0x00000000
x4: 	0x00000000
x5: 	0x00000000
x6: 	0x00000000
x7: 	0x00000000
x8: 	0x00000000
x9: 	0x00000000
x10: 	0x00000000
x11: 	0x00000000
x12: 	0x00000000
x13: 	0x00000000
x14: 	0x00000000
x15: 	0x00000000
x16: 	0x00000000
x17: 	0x00000000
x18: 	0x00000000
x19: 	0x00000000
x20: 	0x00000000
x21: 	0x00000000
x22: 	0x00000000
x23: 	0x00000000
x24: 	0x00000000
x25: 	0x00000000
x26: 	0x00000000
x27: 	0x00000000
x28: 	0x00000000
x29: 	0x00000000
x30: 	0x00000000
x31: 	0x00000000

0x00001328	0x00000000	Unkown Instruction 

All Registers: 
x0: 	0x00000000
x1: 	0x00000000
x2: 	0x00000000
x3: 	0x00000000
x4: 	0x00000000
x5: 	0x00000000
x6: 	0x00000000
x7: 	0x00000000
x8: 	0x00000000
x9: 	0x00000000
x10: 	0x00000000
x11: 	0x00000000
x12: 	0x00000000
x13: 	0x00000000
x14: 	0x00000000
x15: 	0x00000000
x16: 	0x00000000
x17: 	0x00000000
x18: 	0x00000000
x19: 	0x00000000
x20: 	0x00000000
x21: 	0x00000000
x22: 	0x00000000
x23: 	0x00000000
x24: 	0x00000000
x25: 	0x00000000
x26: 	0x00000000
x27: 	0x00000000
x28: 	0x00000000
x29: 	0x00000000
x30: 	0x00000000
x31: 	0x00000000

0x0000132c	0x00000000	Unkown Instruction 

All Registers: 
x0: 	0x00000000
x1: 	0x00000000
x2: 	0x00000000
x3: 	0x00000000
x4: 	0x00000000
x5: 	0x00000000
x6: 	0x00000000
x7: 	0x00000000
x8: 	0x00000000
x9: 	0x00000000
x10: 	0x00000000
x11: 	0x00000000
x12: 	0x00000000
x13: 	0x00000000
x14: 	0x00000000
x15: 	0x00000000
x16: 	0x00000000
x17: 	0x00000000
x18: 	0x00000000
x19: 	0x00000000
x20: 	0x00000000
x21: 	0x00000000
x22: 	0x00000000
x23: 	0x00000000
x24: 	0x00000000
x25: 	0x00000000
x26: 	0x00000000
x27: 	0x00000000
x28: 	0x00000000
x29: 	0x00000000
x30: 	0x00000000
x31: 	0x00000000

0x00001330	0x00000000	Unkown Instruction 

All Registers: 
x0: 	0x00000000
x1: 	0x00000000
x2: 	0x00000000
x3: 	0x00000000
x4: 	0x00000000
x5: 	0x00000000
x6: 	0x00000000
x7: 	0x00000000
x8: 	0x00000000
x9: 	0x00000000
x10: 	0x00000000
x11: 	0x00000000
x12: 	0x00000000
x13: 	0x00000000
x14: 	0x00000000
x15: 	0x00000000
x16: 	0x00000000
x17: 	0x00000000
x18: 	0x00000000
x19: 	0x00000000
x20: 	0x00000000
x21: 	0x00000000
x22: 	0x00000000
x23: 	0x00000000
x24: 	0x00000000
x25: 	0x00000000
x26: 	0x00000000
x27: 	0x00000000
x28: 	0x00000000
x29: 	0x00000000
x30: 	0x00000000
x31: 	0x00000000

0x00001334	0x00000000	Unkown Instruction 

All Registers: 
x0: 	0x00000000
x1: 	0x00000000
x2: 	0x00000000
x3: 	0x00000000
x4: 	0x00000000
x5: 	0x00000000
x6: 	0x00000000
x7: 	0x00000000
x8: 	0x00000000
x9: 	0x00000000
x10: 	0x00000000
x11: 	0x00000000
x12: 	0x00000000
x13: 	0x00000000
x14: 	0x00000000
x15: 	0x00000000
x16: 	0x00000000
x17: 	0x00000000
x18: 	0x00000000
x19: 	0x00000000
x20: 	0x00000000
x21: 	0x00000000
x22: 	0x00000000
x23: 	0x00000000
x24: 	0x00000000
x25: 	0x00000000
x26: 	0x00000000
x27: 	0x00000000
x28: 	0x00000000
x29: 	0x00000000
x30: 	0x00000000
x31: 	0x00000000

0x00001338	0x00000000	Unkown Instruction 

All Registers: 
x0: 	0x00000000
x1: 	0x00000000
x2: 	0x00000000
x3: 	0x00000000
x4: 	0x00000000
x5: 	0x00000000
x6: 	0x00000000
x7: 	0x00000000
x8: 	0x00000000
x9: 	0x00000000
x10: 	0x00000000
x11: 	0x00000000
x12: 	0x00000000
x13: 	0x00000000
x14: 	0x00000000
x15: 	0x00000000
x16: 	0x00000000
x17: 	0x00000000
x18: 	0x00000000
x19: 	0x00000000
x20: 	0x00000000
x21: 	0x00000000
x22: 	0x00000000
x23: 	0x00000000
x24: 	0x00000000
x25: 	0x00000000
x26: 	0x00000000
x27: 	0x00000000
x28: 	0x00000000
x29: 	0x00000000
x30: 	0x00000000
x31: 	0x00000000

0x0000133c	0x00000000	Unkown Instruction 

All Registers: 
x0: 	0x00000000
x1: 	0x00000000
x2: 	0x00000000
x3: 	0x00000000
x4: 	0x00000000
x5: 	0x00000000
x6: 	0x00000000
x7: 	0x00000000
x8: 	0x00000000
x9: 	0x00000000
x10: 	0x00000000
x11: 	0x00000000
x12: 	0x00000000
x13: 	0x00000000
x14: 	0x00000000
x15: 	0x00000000
x16: 	0x00000000
x17: 	0x00000000
x18: 	0x00000000
x19: 	0x00000000
x20: 	0x00000000
x21: 	0x00000000
x22: 	0x00000000
x23: 	0x00000000
x24: 	0x00000000
x25: 	0x00000000
x26: 	0x00000000
x27: 	0x00000000
x28: 	0x00000000
x29: 	0x00000000
x30: 	0x00000000
x31: 	0x00000000

0x00001340	0x00000000	Unkown Instruction 

All Registers: 
x0: 	0x00000000
x1: 	0x00000000
x2: 	0x00000000
x3: 	0x00000000
x4: 	0x00000000
x5: 	0x00000000
x6: 	0x00000000
x7: 	0x00000000
x8: 	0x00000000
x9: 	0x00000000
x10: 	0x00000000
x11: 	0x00000000
x12: 	0x00000000
x13: 	0x00000000
x14: 	0x00000000
x15: 	0x00000000
x16: 	0x00000000
x17: 	0x00000000
x18: 	0x00000000
x19: 	0x00000000
x20: 	0x00000000
x21: 	0x00000000
x22: 	0x00000000
x23: 	0x00000000
x24: 	0x00000000
x25: 	0x00000000
x26: 	0x00000000
x27: 	0x00000000
x28: 	0x00000000
x29: 	0x00000000
x30: 	0x00000000
x31: 	0x00000000

0x00001344	0x00000000	Unkown Instruction 

All Registers: 
x0: 	0x00000000
x1: 	0x00000000
x2: 	0x00000000
x3: 	0x00000000
x4: 	0x00000000
x5: 	0x00000000
x6: 	0x00000000
x7: 	0x00000000
x8: 	0x00000000
x9: 	0x00000000
x10: 	0x00000000
x11: 	0x00000000
x12: 	0x00000000
x13: 	0x00000000
x14: 	0x00000000
x15: 	0x00000000
x16: 	0x00000000
x17: 	0x00000000
x18: 	0x00000000
x19: 	0x00000000
x20: 	0x00000000
x21: 	0x00000000
x22: 	0x00000000
x23: 	0x00000000
x24: 	0x00000000
x25: 	0x00000000
x26: 	0x00000000
x27: 	0x00000000
x28: 	0x00000000
x29: 	0x00000000
x30: 	0x00000000
x31: 	0x00000000

0x00001348	0x00000000	Unkown Instruction 

All Registers: 
x0: 	0x00000000
x1: 	0x00000000
x2: 	0x00000000
x3: 	0x00000000
x4: 	0x00000000
x5: 	0x00000000
x6: 	0x00000000
x7: 	0x00000000
x8: 	0x00000000
x9: 	0x00000000
x10: 	0x00000000
x11: 	0x00000000
x12: 	0x00000000
x13: 	0x00000000
x14: 	0x00000000
x15: 	0x00000000
x16: 	0x00000000
x17: 	0x00000000
x18: 	0x00000000
x19: 	0x00000000
x20: 	0x00000000
x21: 	0x00000000
x22: 	0x00000000
x23: 	0x00000000
x24: 	0x00000000
x25: 	0x00000000
x26: 	0x00000000
x27: 	0x00000000
x28: 	0x00000000
x29: 	0x00000000
x30: 	0x00000000
x31: 	0x00000000

0x0000134c	0x00000000	Unkown Instruction 

All Registers: 
x0: 	0x00000000
x1: 	0x00000000
x2: 	0x00000000
x3: 	0x00000000
x4: 	0x00000000
x5: 	0x00000000
x6: 	0x00000000
x7: 	0x00000000
x8: 	0x00000000
x9: 	0x00000000
x10: 	0x00000000
x11: 	0x00000000
x12: 	0x00000000
x13: 	0x00000000
x14: 	0x00000000
x15: 	0x00000000
x16: 	0x00000000
x17: 	0x00000000
x18: 	0x00000000
x19: 	0x00000000
x20: 	0x00000000
x21: 	0x00000000
x22: 	0x00000000
x23: 	0x00000000
x24: 	0x00000000
x25: 	0x00000000
x26: 	0x00000000
x27: 	0x00000000
x28: 	0x00000000
x29: 	0x00000000
x30: 	0x00000000
x31: 	0x00000000

0x00001350	0x00000000	Unkown Instruction 

All Registers: 
x0: 	0x00000000
x1: 	0x00000000
x2: 	0x00000000
x3: 	0x00000000
x4: 	0x00000000
x5: 	0x00000000
x6: 	0x00000000
x7: 	0x00000000
x8: 	0x00000000
x9: 	0x00000000
x10: 	0x00000000
x11: 	0x00000000
x12: 	0x00000000
x13: 	0x00000000
x14: 	0x00000000
x15: 	0x00000000
x16: 	0x00000000
x17: 	0x00000000
x18: 	0x00000000
x19: 	0x00000000
x20: 	0x00000000
x21: 	0x00000000
x22: 	0x00000000
x23: 	0x00000000
x24: 	0x00000000
x25: 	0x00000000
x26: 	0x00000000
x27: 	0x00000000
x28: 	0x00000000
x29: 	0x00000000
x30: 	0x00000000
x31: 	0x00000000

0x00001354	0x00000000	Unkown Instruction 

All Registers: 
x0: 	0x00000000
x1: 	0x00000000
x2: 	0x00000000
x3: 	0x00000000
x4: 	0x00000000
x5: 	0x00000000
x6: 	0x00000000
x7: 	0x00000000
x8: 	0x00000000
x9: 	0x00000000
x10: 	0x00000000
x11: 	0x00000000
x12: 	0x00000000
x13: 	0x00000000
x14: 	0x00000000
x15: 	0x00000000
x16: 	0x00000000
x17: 	0x00000000
x18: 	0x00000000
x19: 	0x00000000
x20: 	0x00000000
x21: 	0x00000000
x22: 	0x00000000
x23: 	0x00000000
x24: 	0x00000000
x25: 	0x00000000
x26: 	0x00000000
x27: 	0x00000000
x28: 	0x00000000
x29: 	0x00000000
x30: 	0x00000000
x31: 	0x00000000

0x00001358	0x00000000	Unkown Instruction 

All Registers: 
x0: 	0x00000000
x1: 	0x00000000
x2: 	0x00000000
x3: 	0x00000000
x4: 	0x00000000
x5: 	0x00000000
x6: 	0x00000000
x7: 	0x00000000
x8: 	0x00000000
x9: 	0x00000000
x10: 	0x00000000
x11: 	0x00000000
x12: 	0x00000000
x13: 	0x00000000
x14: 	0x00000000
x15: 	0x00000000
x16: 	0x00000000
x17: 	0x00000000
x18: 	0x00000000
x19: 	0x00000000
x20: 	0x00000000
x21: 	0x00000000
x22: 	0x00000000
x23: 	0x00000000
x24: 	0x00000000
x25: 	0x00000000
x26: 	0x00000000
x27: 	0x00000000
x28: 	0x00000000
x29: 	0x00000000
x30: 	0x00000000
x31: 	0x00000000

0x0000135c	0x00000000	Unkown Instruction 

All Registers: 
x0: 	0x00000000
x1: 	0x00000000
x2: 	0x00000000
x3: 	0x00000000
x4: 	0x00000000
x5: 	0x00000000
x6: 	0x00000000
x7: 	0x00000000
x8: 	0x00000000
x9: 	0x00000000
x10: 	0x00000000
x11: 	0x00000000
x12: 	0x00000000
x13: 	0x00000000
x14: 	0x00000000
x15: 	0x00000000
x16: 	0x00000000
x17: 	0x00000000
x18: 	0x00000000
x19: 	0x00000000
x20: 	0x00000000
x21: 	0x00000000
x22: 	0x00000000
x23: 	0x00000000
x24: 	0x00000000
x25: 	0x00000000
x26: 	0x00000000
x27: 	0x00000000
x28: 	0x00000000
x29: 	0x00000000
x30: 	0x00000000
x31: 	0x00000000

0x00001360	0x00000000	Unkown Instruction 

All Registers: 
x0: 	0x00000000
x1: 	0x00000000
x2: 	0x00000000
x3: 	0x00000000
x4: 	0x00000000
x5: 	0x00000000
x6: 	0x00000000
x7: 	0x00000000
x8: 	0x00000000
x9: 	0x00000000
x10: 	0x00000000
x11: 	0x00000000
x12: 	0x00000000
x13: 	0x00000000
x14: 	0x00000000
x15: 	0x00000000
x16: 	0x00000000
x17: 	0x00000000
x18: 	0x00000000
x19: 	0x00000000
x20: 	0x00000000
x21: 	0x00000000
x22: 	0x00000000
x23: 	0x00000000
x24: 	0x00000000
x25: 	0x00000000
x26: 	0x00000000
x27: 	0x00000000
x28: 	0x00000000
x29: 	0x00000000
x30: 	0x00000000
x31: 	0x00000000

0x00001364	0x00000000	Unkown Instruction 

All Registers: 
x0: 	0x00000000
x1: 	0x00000000
x2: 	0x00000000
x3: 	0x00000000
x4: 	0x00000000
x5: 	0x00000000
x6: 	0x00000000
x7: 	0x00000000
x8: 	0x00000000
x9: 	0x00000000
x10: 	0x00000000
x11: 	0x00000000
x12: 	0x00000000
x13: 	0x00000000
x14: 	0x00000000
x15: 	0x00000000
x16: 	0x00000000
x17: 	0x00000000
x18: 	0x00000000
x19: 	0x00000000
x20: 	0x00000000
x21: 	0x00000000
x22: 	0x00000000
x23: 	0x00000000
x24: 	0x00000000
x25: 	0x00000000
x26: 	0x00000000
x27: 	0x00000000
x28: 	0x00000000
x29: 	0x00000000
x30: 	0x00000000
x31: 	0x00000000

0x00001368	0x00000000	Unkown Instruction 

All Registers: 
x0: 	0x00000000
x1: 	0x00000000
x2: 	0x00000000
x3: 	0x00000000
x4: 	0x00000000
x5: 	0x00000000
x6: 	0x00000000
x7: 	0x00000000
x8: 	0x00000000
x9: 	0x00000000
x10: 	0x00000000
x11: 	0x00000000
x12: 	0x00000000
x13: 	0x00000000
x14: 	0x00000000
x15: 	0x00000000
x16: 	0x00000000
x17: 	0x00000000
x18: 	0x00000000
x19: 	0x00000000
x20: 	0x00000000
x21: 	0x00000000
x22: 	0x00000000
x23: 	0x00000000
x24: 	0x00000000
x25: 	0x00000000
x26: 	0x00000000
x27: 	0x00000000
x28: 	0x00000000
x29: 	0x00000000
x30: 	0x00000000
x31: 	0x00000000

0x0000136c	0x00000000	Unkown Instruction 

All Registers: 
x0: 	0x00000000
x1: 	0x00000000
x2: 	0x00000000
x3: 	0x00000000
x4: 	0x00000000
x5: 	0x00000000
x6: 	0x00000000
x7: 	0x00000000
x8: 	0x00000000
x9: 	0x00000000
x10: 	0x00000000
x11: 	0x00000000
x12: 	0x00000000
x13: 	0x00000000
x14: 	0x00000000
x15: 	0x00000000
x16: 	0x00000000
x17: 	0x00000000
x18: 	0x00000000
x19: 	0x00000000
x20: 	0x00000000
x21: 	0x00000000
x22: 	0x00000000
x23: 	0x00000000
x24: 	0x00000000
x25: 	0x00000000
x26: 	0x00000000
x27: 	0x00000000
x28: 	0x00000000
x29: 	0x00000000
x30: 	0x00000000
x31: 	0x00000000

0x00001370	0x00000000	Unkown Instruction 

All Registers: 
x0: 	0x00000000
x1: 	0x00000000
x2: 	0x00000000
x3: 	0x00000000
x4: 	0x00000000
x5: 	0x00000000
x6: 	0x00000000
x7: 	0x00000000
x8: 	0x00000000
x9: 	0x00000000
x10: 	0x00000000
x11: 	0x00000000
x12: 	0x00000000
x13: 	0x00000000
x14: 	0x00000000
x15: 	0x00000000
x16: 	0x00000000
x17: 	0x00000000
x18: 	0x00000000
x19: 	0x00000000
x20: 	0x00000000
x21: 	0x00000000
x22: 	0x00000000
x23: 	0x00000000
x24: 	0x00000000
x25: 	0x00000000
x26: 	0x00000000
x27: 	0x00000000
x28: 	0x00000000
x29: 	0x00000000
x30: 	0x00000000
x31: 	0x00000000

0x00001374	0x00000000	Unkown Instruction 

All Registers: 
x0: 	0x00000000
x1: 	0x00000000
x2: 	0x00000000
x3: 	0x00000000
x4: 	0x00000000
x5: 	0x00000000
x6: 	0x00000000
x7: 	0x00000000
x8: 	0x00000000
x9: 	0x00000000
x10: 	0x00000000
x11: 	0x00000000
x12: 	0x00000000
x13: 	0x00000000
x14: 	0x00000000
x15: 	0x00000000
x16: 	0x00000000
x17: 	0x00000000
x18: 	0x00000000
x19: 	0x00000000
x20: 	0x00000000
x21: 	0x00000000
x22: 	0x00000000
x23: 	0x00000000
x24: 	0x00000000
x25: 	0x00000000
x26: 	0x00000000
x27: 	0x00000000
x28: 	0x00000000
x29: 	0x00000000
x30: 	0x00000000
x31: 	0x00000000

0x00001378	0x00000000	Unkown Instruction 

All Registers: 
x0: 	0x00000000
x1: 	0x00000000
x2: 	0x00000000
x3: 	0x00000000
x4: 	0x00000000
x5: 	0x00000000
x6: 	0x00000000
x7: 	0x00000000
x8: 	0x00000000
x9: 	0x00000000
x10: 	0x00000000
x11: 	0x00000000
x12: 	0x00000000
x13: 	0x00000000
x14: 	0x00000000
x15: 	0x00000000
x16: 	0x00000000
x17: 	0x00000000
x18: 	0x00000000
x19: 	0x00000000
x20: 	0x00000000
x21: 	0x00000000
x22: 	0x00000000
x23: 	0x00000000
x24: 	0x00000000
x25: 	0x00000000
x26: 	0x00000000
x27: 	0x00000000
x28: 	0x00000000
x29: 	0x00000000
x30: 	0x00000000
x31: 	0x00000000

0x0000137c	0x00000000	Unkown Instruction 

All Registers: 
x0: 	0x00000000
x1: 	0x00000000
x2: 	0x00000000
x3: 	0x00000000
x4: 	0x00000000
x5: 	0x00000000
x6: 	0x00000000
x7: 	0x00000000
x8: 	0x00000000
x9: 	0x00000000
x10: 	0x00000000
x11: 	0x00000000
x12: 	0x00000000
x13: 	0x00000000
x14: 	0x00000000
x15: 	0x00000000
x16: 	0x00000000
x17: 	0x00000000
x18: 	0x00000000
x19: 	0x00000000
x20: 	0x00000000
x21: 	0x00000000
x22: 	0x00000000
x23: 	0x00000000
x24: 	0x00000000
x25: 	0x00000000
x26: 	0x00000000
x27: 	0x00000000
x28: 	0x00000000
x29: 	0x00000000
x30: 	0x00000000
x31: 	0x00000000

0x00001380	0x00000000	Unkown Instruction 

All Registers: 
x0: 	0x00000000
x1: 	0x00000000
x2: 	0x00000000
x3: 	0x00000000
x4: 	0x00000000
x5: 	0x00000000
x6: 	0x00000000
x7: 	0x00000000
x8: 	0x00000000
x9: 	0x00000000
x10: 	0x00000000
x11: 	0x00000000
x12: 	0x00000000
x13: 	0x00000000
x14: 	0x00000000
x15: 	0x00000000
x16: 	0x00000000
x17: 	0x00000000
x18: 	0x00000000
x19: 	0x00000000
x20: 	0x00000000
x21: 	0x00000000
x22: 	0x00000000
x23: 	0x00000000
x24: 	0x00000000
x25: 	0x00000000
x26: 	0x00000000
x27: 	0x00000000
x28: 	0x00000000
x29: 	0x00000000
x30: 	0x00000000
x31: 	0x00000000

0x00001384	0x00000000	Unkown Instruction 

All Registers: 
x0: 	0x00000000
x1: 	0x00000000
x2: 	0x00000000
x3: 	0x00000000
x4: 	0x00000000
x5: 	0x00000000
x6: 	0x00000000
x7: 	0x00000000
x8: 	0x00000000
x9: 	0x00000000
x10: 	0x00000000
x11: 	0x00000000
x12: 	0x00000000
x13: 	0x00000000
x14: 	0x00000000
x15: 	0x00000000
x16: 	0x00000000
x17: 	0x00000000
x18: 	0x00000000
x19: 	0x00000000
x20: 	0x00000000
x21: 	0x00000000
x22: 	0x00000000
x23: 	0x00000000
x24: 	0x00000000
x25: 	0x00000000
x26: 	0x00000000
x27: 	0x00000000
x28: 	0x00000000
x29: 	0x00000000
x30: 	0x00000000
x31: 	0x00000000

0x00001388	0x00000000	Unkown Instruction 

All Registers: 
x0: 	0x00000000
x1: 	0x00000000
x2: 	0x00000000
x3: 	0x00000000
x4: 	0x00000000
x5: 	0x00000000
x6: 	0x00000000
x7: 	0x00000000
x8: 	0x00000000
x9: 	0x00000000
x10: 	0x00000000
x11: 	0x00000000
x12: 	0x00000000
x13: 	0x00000000
x14: 	0x00000000
x15: 	0x00000000
x16: 	0x00000000
x17: 	0x00000000
x18: 	0x00000000
x19: 	0x00000000
x20: 	0x00000000
x21: 	0x00000000
x22: 	0x00000000
x23: 	0x00000000
x24: 	0x00000000
x25: 	0x00000000
x26: 	0x00000000
x27: 	0x00000000
x28: 	0x00000000
x29: 	0x00000000
x30: 	0x00000000
x31: 	0x00000000

0x0000138c	0x00000000	Unkown Instruction 

All Registers: 
x0: 	0x00000000
x1: 	0x00000000
x2: 	0x00000000
x3: 	0x00000000
x4: 	0x00000000
x5: 	0x00000000
x6: 	0x00000000
x7: 	0x00000000
x8: 	0x00000000
x9: 	0x00000000
x10: 	0x00000000
x11: 	0x00000000
x12: 	0x00000000
x13: 	0x00000000
x14: 	0x00000000
x15: 	0x00000000
x16: 	0x00000000
x17: 	0x00000000
x18: 	0x00000000
x19: 	0x00000000
x20: 	0x00000000
x21: 	0x00000000
x22: 	0x00000000
x23: 	0x00000000
x24: 	0x00000000
x25: 	0x00000000
x26: 	0x00000000
x27: 	0x00000000
x28: 	0x00000000
x29: 	0x00000000
x30: 	0x00000000
x31: 	0x00000000

0x00001390	0x00000000	Unkown Instruction 

All Registers: 
x0: 	0x00000000
x1: 	0x00000000
x2: 	0x00000000
x3: 	0x00000000
x4: 	0x00000000
x5: 	0x00000000
x6: 	0x00000000
x7: 	0x00000000
x8: 	0x00000000
x9: 	0x00000000
x10: 	0x00000000
x11: 	0x00000000
x12: 	0x00000000
x13: 	0x00000000
x14: 	0x00000000
x15: 	0x00000000
x16: 	0x00000000
x17: 	0x00000000
x18: 	0x00000000
x19: 	0x00000000
x20: 	0x00000000
x21: 	0x00000000
x22: 	0x00000000
x23: 	0x00000000
x24: 	0x00000000
x25: 	0x00000000
x26: 	0x00000000
x27: 	0x00000000
x28: 	0x00000000
x29: 	0x00000000
x30: 	0x00000000
x31: 	0x00000000

0x00001394	0x00000000	Unkown Instruction 

All Registers: 
x0: 	0x00000000
x1: 	0x00000000
x2: 	0x00000000
x3: 	0x00000000
x4: 	0x00000000
x5: 	0x00000000
x6: 	0x00000000
x7: 	0x00000000
x8: 	0x00000000
x9: 	0x00000000
x10: 	0x00000000
x11: 	0x00000000
x12: 	0x00000000
x13: 	0x00000000
x14: 	0x00000000
x15: 	0x00000000
x16: 	0x00000000
x17: 	0x00000000
x18: 	0x00000000
x19: 	0x00000000
x20: 	0x00000000
x21: 	0x00000000
x22: 	0x00000000
x23: 	0x00000000
x24: 	0x00000000
x25: 	0x00000000
x26: 	0x00000000
x27: 	0x00000000
x28: 	0x00000000
x29: 	0x00000000
x30: 	0x00000000
x31: 	0x00000000

0x00001398	0x00000000	Unkown Instruction 

All Registers: 
x0: 	0x00000000
x1: 	0x00000000
x2: 	0x00000000
x3: 	0x00000000
x4: 	0x00000000
x5: 	0x00000000
x6: 	0x00000000
x7: 	0x00000000
x8: 	0x00000000
x9: 	0x00000000
x10: 	0x00000000
x11: 	0x00000000
x12: 	0x00000000
x13: 	0x00000000
x14: 	0x00000000
x15: 	0x00000000
x16: 	0x00000000
x17: 	0x00000000
x18: 	0x00000000
x19: 	0x00000000
x20: 	0x00000000
x21: 	0x00000000
x22: 	0x00000000
x23: 	0x00000000
x24: 	0x00000000
x25: 	0x00000000
x26: 	0x00000000
x27: 	0x00000000
x28: 	0x00000000
x29: 	0x00000000
x30: 	0x00000000
x31: 	0x00000000

0x0000139c	0x00000000	Unkown Instruction 

All Registers: 
x0: 	0x00000000
x1: 	0x00000000
x2: 	0x00000000
x3: 	0x00000000
x4: 	0x00000000
x5: 	0x00000000
x6: 	0x00000000
x7: 	0x00000000
x8: 	0x00000000
x9: 	0x00000000
x10: 	0x00000000
x11: 	0x00000000
x12: 	0x00000000
x13: 	0x00000000
x14: 	0x00000000
x15: 	0x00000000
x16: 	0x00000000
x17: 	0x00000000
x18: 	0x00000000
x19: 	0x00000000
x20: 	0x00000000
x21: 	0x00000000
x22: 	0x00000000
x23: 	0x00000000
x24: 	0x00000000
x25: 	0x00000000
x26: 	0x00000000
x27: 	0x00000000
x28: 	0x00000000
x29: 	0x00000000
x30: 	0x00000000
x31: 	0x00000000

0x000013a0	0x00000000	Unkown Instruction 

All Registers: 
x0: 	0x00000000
x1: 	0x00000000
x2: 	0x00000000
x3: 	0x00000000
x4: 	0x00000000
x5: 	0x00000000
x6: 	0x00000000
x7: 	0x00000000
x8: 	0x00000000
x9: 	0x00000000
x10: 	0x00000000
x11: 	0x00000000
x12: 	0x00000000
x13: 	0x00000000
x14: 	0x00000000
x15: 	0x00000000
x16: 	0x00000000
x17: 	0x00000000
x18: 	0x00000000
x19: 	0x00000000
x20: 	0x00000000
x21: 	0x00000000
x22: 	0x00000000
x23: 	0x00000000
x24: 	0x00000000
x25: 	0x00000000
x26: 	0x00000000
x27: 	0x00000000
x28: 	0x00000000
x29: 	0x00000000
x30: 	0x00000000
x31: 	0x00000000

0x000013a4	0x00000000	Unkown Instruction 

All Registers: 
x0: 	0x00000000
x1: 	0x00000000
x2: 	0x00000000
x3: 	0x00000000
x4: 	0x00000000
x5: 	0x00000000
x6: 	0x00000000
x7: 	0x00000000
x8: 	0x00000000
x9: 	0x00000000
x10: 	0x00000000
x11: 	0x00000000
x12: 	0x00000000
x13: 	0x00000000
x14: 	0x00000000
x15: 	0x00000000
x16: 	0x00000000
x17: 	0x00000000
x18: 	0x00000000
x19: 	0x00000000
x20: 	0x00000000
x21: 	0x00000000
x22: 	0x00000000
x23: 	0x00000000
x24: 	0x00000000
x25: 	0x00000000
x26: 	0x00000000
x27: 	0x00000000
x28: 	0x00000000
x29: 	0x00000000
x30: 	0x00000000
x31: 	0x00000000

0x000013a8	0x00000000	Unkown Instruction 

All Registers: 
x0: 	0x00000000
x1: 	0x00000000
x2: 	0x00000000
x3: 	0x00000000
x4: 	0x00000000
x5: 	0x00000000
x6: 	0x00000000
x7: 	0x00000000
x8: 	0x00000000
x9: 	0x00000000
x10: 	0x00000000
x11: 	0x00000000
x12: 	0x00000000
x13: 	0x00000000
x14: 	0x00000000
x15: 	0x00000000
x16: 	0x00000000
x17: 	0x00000000
x18: 	0x00000000
x19: 	0x00000000
x20: 	0x00000000
x21: 	0x00000000
x22: 	0x00000000
x23: 	0x00000000
x24: 	0x00000000
x25: 	0x00000000
x26: 	0x00000000
x27: 	0x00000000
x28: 	0x00000000
x29: 	0x00000000
x30: 	0x00000000
x31: 	0x00000000

0x000013ac	0x00000000	Unkown Instruction 

All Registers: 
x0: 	0x00000000
x1: 	0x00000000
x2: 	0x00000000
x3: 	0x00000000
x4: 	0x00000000
x5: 	0x00000000
x6: 	0x00000000
x7: 	0x00000000
x8: 	0x00000000
x9: 	0x00000000
x10: 	0x00000000
x11: 	0x00000000
x12: 	0x00000000
x13: 	0x00000000
x14: 	0x00000000
x15: 	0x00000000
x16: 	0x00000000
x17: 	0x00000000
x18: 	0x00000000
x19: 	0x00000000
x20: 	0x00000000
x21: 	0x00000000
x22: 	0x00000000
x23: 	0x00000000
x24: 	0x00000000
x25: 	0x00000000
x26: 	0x00000000
x27: 	0x00000000
x28: 	0x00000000
x29: 	0x00000000
x30: 	0x00000000
x31: 	0x00000000

0x000013b0	0x00000000	Unkown Instruction 

All Registers: 
x0: 	0x00000000
x1: 	0x00000000
x2: 	0x00000000
x3: 	0x00000000
x4: 	0x00000000
x5: 	0x00000000
x6: 	0x00000000
x7: 	0x00000000
x8: 	0x00000000
x9: 	0x00000000
x10: 	0x00000000
x11: 	0x00000000
x12: 	0x00000000
x13: 	0x00000000
x14: 	0x00000000
x15: 	0x00000000
x16: 	0x00000000
x17: 	0x00000000
x18: 	0x00000000
x19: 	0x00000000
x20: 	0x00000000
x21: 	0x00000000
x22: 	0x00000000
x23: 	0x00000000
x24: 	0x00000000
x25: 	0x00000000
x26: 	0x00000000
x27: 	0x00000000
x28: 	0x00000000
x29: 	0x00000000
x30: 	0x00000000
x31: 	0x00000000

0x000013b4	0x00000000	Unkown Instruction 

All Registers: 
x0: 	0x00000000
x1: 	0x00000000
x2: 	0x00000000
x3: 	0x00000000
x4: 	0x00000000
x5: 	0x00000000
x6: 	0x00000000
x7: 	0x00000000
x8: 	0x00000000
x9: 	0x00000000
x10: 	0x00000000
x11: 	0x00000000
x12: 	0x00000000
x13: 	0x00000000
x14: 	0x00000000
x15: 	0x00000000
x16: 	0x00000000
x17: 	0x00000000
x18: 	0x00000000
x19: 	0x00000000
x20: 	0x00000000
x21: 	0x00000000
x22: 	0x00000000
x23: 	0x00000000
x24: 	0x00000000
x25: 	0x00000000
x26: 	0x00000000
x27: 	0x00000000
x28: 	0x00000000
x29: 	0x00000000
x30: 	0x00000000
x31: 	0x00000000

0x000013b8	0x00000000	Unkown Instruction 

All Registers: 
x0: 	0x00000000
x1: 	0x00000000
x2: 	0x00000000
x3: 	0x00000000
x4: 	0x00000000
x5: 	0x00000000
x6: 	0x00000000
x7: 	0x00000000
x8: 	0x00000000
x9: 	0x00000000
x10: 	0x00000000
x11: 	0x00000000
x12: 	0x00000000
x13: 	0x00000000
x14: 	0x00000000
x15: 	0x00000000
x16: 	0x00000000
x17: 	0x00000000
x18: 	0x00000000
x19: 	0x00000000
x20: 	0x00000000
x21: 	0x00000000
x22: 	0x00000000
x23: 	0x00000000
x24: 	0x00000000
x25: 	0x00000000
x26: 	0x00000000
x27: 	0x00000000
x28: 	0x00000000
x29: 	0x00000000
x30: 	0x00000000
x31: 	0x00000000

0x000013bc	0x00000000	Unkown Instruction 

All Registers: 
x0: 	0x00000000
x1: 	0x00000000
x2: 	0x00000000
x3: 	0x00000000
x4: 	0x00000000
x5: 	0x00000000
x6: 	0x00000000
x7: 	0x00000000
x8: 	0x00000000
x9: 	0x00000000
x10: 	0x00000000
x11: 	0x00000000
x12: 	0x00000000
x13: 	0x00000000
x14: 	0x00000000
x15: 	0x00000000
x16: 	0x00000000
x17: 	0x00000000
x18: 	0x00000000
x19: 	0x00000000
x20: 	0x00000000
x21: 	0x00000000
x22: 	0x00000000
x23: 	0x00000000
x24: 	0x00000000
x25: 	0x00000000
x26: 	0x00000000
x27: 	0x00000000
x28: 	0x00000000
x29: 	0x00000000
x30: 	0x00000000
x31: 	0x00000000

0x000013c0	0x00000000	Unkown Instruction 

All Registers: 
x0: 	0x00000000
x1: 	0x00000000
x2: 	0x00000000
x3: 	0x00000000
x4: 	0x00000000
x5: 	0x00000000
x6: 	0x00000000
x7: 	0x00000000
x8: 	0x00000000
x9: 	0x00000000
x10: 	0x00000000
x11: 	0x00000000
x12: 	0x00000000
x13: 	0x00000000
x14: 	0x00000000
x15: 	0x00000000
x16: 	0x00000000
x17: 	0x00000000
x18: 	0x00000000
x19: 	0x00000000
x20: 	0x00000000
x21: 	0x00000000
x22: 	0x00000000
x23: 	0x00000000
x24: 	0x00000000
x25: 	0x00000000
x26: 	0x00000000
x27: 	0x00000000
x28: 	0x00000000
x29: 	0x00000000
x30: 	0x00000000
x31: 	0x00000000

0x000013c4	0x00000000	Unkown Instruction 

All Registers: 
x0: 	0x00000000
x1: 	0x00000000
x2: 	0x00000000
x3: 	0x00000000
x4: 	0x00000000
x5: 	0x00000000
x6: 	0x00000000
x7: 	0x00000000
x8: 	0x00000000
x9: 	0x00000000
x10: 	0x00000000
x11: 	0x00000000
x12: 	0x00000000
x13: 	0x00000000
x14: 	0x00000000
x15: 	0x00000000
x16: 	0x00000000
x17: 	0x00000000
x18: 	0x00000000
x19: 	0x00000000
x20: 	0x00000000
x21: 	0x00000000
x22: 	0x00000000
x23: 	0x00000000
x24: 	0x00000000
x25: 	0x00000000
x26: 	0x00000000
x27: 	0x00000000
x28: 	0x00000000
x29: 	0x00000000
x30: 	0x00000000
x31: 	0x00000000

0x000013c8	0x00000000	Unkown Instruction 

All Registers: 
x0: 	0x00000000
x1: 	0x00000000
x2: 	0x00000000
x3: 	0x00000000
x4: 	0x00000000
x5: 	0x00000000
x6: 	0x00000000
x7: 	0x00000000
x8: 	0x00000000
x9: 	0x00000000
x10: 	0x00000000
x11: 	0x00000000
x12: 	0x00000000
x13: 	0x00000000
x14: 	0x00000000
x15: 	0x00000000
x16: 	0x00000000
x17: 	0x00000000
x18: 	0x00000000
x19: 	0x00000000
x20: 	0x00000000
x21: 	0x00000000
x22: 	0x00000000
x23: 	0x00000000
x24: 	0x00000000
x25: 	0x00000000
x26: 	0x00000000
x27: 	0x00000000
x28: 	0x00000000
x29: 	0x00000000
x30: 	0x00000000
x31: 	0x00000000

0x000013cc	0x00000000	Unkown Instruction 

All Registers: 
x0: 	0x00000000
x1: 	0x00000000
x2: 	0x00000000
x3: 	0x00000000
x4: 	0x00000000
x5: 	0x00000000
x6: 	0x00000000
x7: 	0x00000000
x8: 	0x00000000
x9: 	0x00000000
x10: 	0x00000000
x11: 	0x00000000
x12: 	0x00000000
x13: 	0x00000000
x14: 	0x00000000
x15: 	0x00000000
x16: 	0x00000000
x17: 	0x00000000
x18: 	0x00000000
x19: 	0x00000000
x20: 	0x00000000
x21: 	0x00000000
x22: 	0x00000000
x23: 	0x00000000
x24: 	0x00000000
x25: 	0x00000000
x26: 	0x00000000
x27: 	0x00000000
x28: 	0x00000000
x29: 	0x00000000
x30: 	0x00000000
x31: 	0x00000000

0x000013d0	0x00000000	Unkown Instruction 

All Registers: 
x0: 	0x00000000
x1: 	0x00000000
x2: 	0x00000000
x3: 	0x00000000
x4: 	0x00000000
x5: 	0x00000000
x6: 	0x00000000
x7: 	0x00000000
x8: 	0x00000000
x9: 	0x00000000
x10: 	0x00000000
x11: 	0x00000000
x12: 	0x00000000
x13: 	0x00000000
x14: 	0x00000000
x15: 	0x00000000
x16: 	0x00000000
x17: 	0x00000000
x18: 	0x00000000
x19: 	0x00000000
x20: 	0x00000000
x21: 	0x00000000
x22: 	0x00000000
x23: 	0x00000000
x24: 	0x00000000
x25: 	0x00000000
x26: 	0x00000000
x27: 	0x00000000
x28: 	0x00000000
x29: 	0x00000000
x30: 	0x00000000
x31: 	0x00000000

0x000013d4	0x00000000	Unkown Instruction 

All Registers: 
x0: 	0x00000000
x1: 	0x00000000
x2: 	0x00000000
x3: 	0x00000000
x4: 	0x00000000
x5: 	0x00000000
x6: 	0x00000000
x7: 	0x00000000
x8: 	0x00000000
x9: 	0x00000000
x10: 	0x00000000
x11: 	0x00000000
x12: 	0x00000000
x13: 	0x00000000
x14: 	0x00000000
x15: 	0x00000000
x16: 	0x00000000
x17: 	0x00000000
x18: 	0x00000000
x19: 	0x00000000
x20: 	0x00000000
x21: 	0x00000000
x22: 	0x00000000
x23: 	0x00000000
x24: 	0x00000000
x25: 	0x00000000
x26: 	0x00000000
x27: 	0x00000000
x28: 	0x00000000
x29: 	0x00000000
x30: 	0x00000000
x31: 	0x00000000

0x000013d8	0x00000000	Unkown Instruction 

All Registers: 
x0: 	0x00000000
x1: 	0x00000000
x2: 	0x00000000
x3: 	0x00000000
x4: 	0x00000000
x5: 	0x00000000
x6: 	0x00000000
x7: 	0x00000000
x8: 	0x00000000
x9: 	0x00000000
x10: 	0x00000000
x11: 	0x00000000
x12: 	0x00000000
x13: 	0x00000000
x14: 	0x00000000
x15: 	0x00000000
x16: 	0x00000000
x17: 	0x00000000
x18: 	0x00000000
x19: 	0x00000000
x20: 	0x00000000
x21: 	0x00000000
x22: 	0x00000000
x23: 	0x00000000
x24: 	0x00000000
x25: 	0x00000000
x26: 	0x00000000
x27: 	0x00000000
x28: 	0x00000000
x29: 	0x00000000
x30: 	0x00000000
x31: 	0x00000000

0x000013dc	0x00000000	Unkown Instruction 

All Registers: 
x0: 	0x00000000
x1: 	0x00000000
x2: 	0x00000000
x3: 	0x00000000
x4: 	0x00000000
x5: 	0x00000000
x6: 	0x00000000
x7: 	0x00000000
x8: 	0x00000000
x9: 	0x00000000
x10: 	0x00000000
x11: 	0x00000000
x12: 	0x00000000
x13: 	0x00000000
x14: 	0x00000000
x15: 	0x00000000
x16: 	0x00000000
x17: 	0x00000000
x18: 	0x00000000
x19: 	0x00000000
x20: 	0x00000000
x21: 	0x00000000
x22: 	0x00000000
x23: 	0x00000000
x24: 	0x00000000
x25: 	0x00000000
x26: 	0x00000000
x27: 	0x00000000
x28: 	0x00000000
x29: 	0x00000000
x30: 	0x00000000
x31: 	0x00000000

0x000013e0	0x00000000	Unkown Instruction 

All Registers: 
x0: 	0x00000000
x1: 	0x00000000
x2: 	0x00000000
x3: 	0x00000000
x4: 	0x00000000
x5: 	0x00000000
x6: 	0x00000000
x7: 	0x00000000
x8: 	0x00000000
x9: 	0x00000000
x10: 	0x00000000
x11: 	0x00000000
x12: 	0x00000000
x13: 	0x00000000
x14: 	0x00000000
x15: 	0x00000000
x16: 	0x00000000
x17: 	0x00000000
x18: 	0x00000000
x19: 	0x00000000
x20: 	0x00000000
x21: 	0x00000000
x22: 	0x00000000
x23: 	0x00000000
x24: 	0x00000000
x25: 	0x00000000
x26: 	0x00000000
x27: 	0x00000000
x28: 	0x00000000
x29: 	0x00000000
x30: 	0x00000000
x31: 	0x00000000

0x000013e4	0x00000000	Unkown Instruction 

All Registers: 
x0: 	0x00000000
x1: 	0x00000000
x2: 	0x00000000
x3: 	0x00000000
x4: 	0x00000000
x5: 	0x00000000
x6: 	0x00000000
x7: 	0x00000000
x8: 	0x00000000
x9: 	0x00000000
x10: 	0x00000000
x11: 	0x00000000
x12: 	0x00000000
x13: 	0x00000000
x14: 	0x00000000
x15: 	0x00000000
x16: 	0x00000000
x17: 	0x00000000
x18: 	0x00000000
x19: 	0x00000000
x20: 	0x00000000
x21: 	0x00000000
x22: 	0x00000000
x23: 	0x00000000
x24: 	0x00000000
x25: 	0x00000000
x26: 	0x00000000
x27: 	0x00000000
x28: 	0x00000000
x29: 	0x00000000
x30: 	0x00000000
x31: 	0x00000000

0x000013e8	0x00000000	Unkown Instruction 

All Registers: 
x0: 	0x00000000
x1: 	0x00000000
x2: 	0x00000000
x3: 	0x00000000
x4: 	0x00000000
x5: 	0x00000000
x6: 	0x00000000
x7: 	0x00000000
x8: 	0x00000000
x9: 	0x00000000
x10: 	0x00000000
x11: 	0x00000000
x12: 	0x00000000
x13: 	0x00000000
x14: 	0x00000000
x15: 	0x00000000
x16: 	0x00000000
x17: 	0x00000000
x18: 	0x00000000
x19: 	0x00000000
x20: 	0x00000000
x21: 	0x00000000
x22: 	0x00000000
x23: 	0x00000000
x24: 	0x00000000
x25: 	0x00000000
x26: 	0x00000000
x27: 	0x00000000
x28: 	0x00000000
x29: 	0x00000000
x30: 	0x00000000
x31: 	0x00000000

0x000013ec	0x00000000	Unkown Instruction 

All Registers: 
x0: 	0x00000000
x1: 	0x00000000
x2: 	0x00000000
x3: 	0x00000000
x4: 	0x00000000
x5: 	0x00000000
x6: 	0x00000000
x7: 	0x00000000
x8: 	0x00000000
x9: 	0x00000000
x10: 	0x00000000
x11: 	0x00000000
x12: 	0x00000000
x13: 	0x00000000
x14: 	0x00000000
x15: 	0x00000000
x16: 	0x00000000
x17: 	0x00000000
x18: 	0x00000000
x19: 	0x00000000
x20: 	0x00000000
x21: 	0x00000000
x22: 	0x00000000
x23: 	0x00000000
x24: 	0x00000000
x25: 	0x00000000
x26: 	0x00000000
x27: 	0x00000000
x28: 	0x00000000
x29: 	0x00000000
x30: 	0x00000000
x31: 	0x00000000

0x000013f0	0x00000000	Unkown Instruction 

All Registers: 
x0: 	0x00000000
x1: 	0x00000000
x2: 	0x00000000
x3: 	0x00000000
x4: 	0x00000000
x5: 	0x00000000
x6: 	0x00000000
x7: 	0x00000000
x8: 	0x00000000
x9: 	0x00000000
x10: 	0x00000000
x11: 	0x00000000
x12: 	0x00000000
x13: 	0x00000000
x14: 	0x00000000
x15: 	0x00000000
x16: 	0x00000000
x17: 	0x00000000
x18: 	0x00000000
x19: 	0x00000000
x20: 	0x00000000
x21: 	0x00000000
x22: 	0x00000000
x23: 	0x00000000
x24: 	0x00000000
x25: 	0x00000000
x26: 	0x00000000
x27: 	0x00000000
x28: 	0x00000000
x29: 	0x00000000
x30: 	0x00000000
x31: 	0x00000000

0x000013f4	0x00000000	Unkown Instruction 

All Registers: 
x0: 	0x00000000
x1: 	0x00000000
x2: 	0x00000000
x3: 	0x00000000
x4: 	0x00000000
x5: 	0x00000000
x6: 	0x00000000
x7: 	0x00000000
x8: 	0x00000000
x9: 	0x00000000
x10: 	0x00000000
x11: 	0x00000000
x12: 	0x00000000
x13: 	0x00000000
x14: 	0x00000000
x15: 	0x00000000
x16: 	0x00000000
x17: 	0x00000000
x18: 	0x00000000
x19: 	0x00000000
x20: 	0x00000000
x21: 	0x00000000
x22: 	0x00000000
x23: 	0x00000000
x24: 	0x00000000
x25: 	0x00000000
x26: 	0x00000000
x27: 	0x00000000
x28: 	0x00000000
x29: 	0x00000000
x30: 	0x00000000
x31: 	0x00000000

0x000013f8	0x00000000	Unkown Instruction 

All Registers: 
x0: 	0x00000000
x1: 	0x00000000
x2: 	0x00000000
x3: 	0x00000000
x4: 	0x00000000
x5: 	0x00000000
x6: 	0x00000000
x7: 	0x00000000
x8: 	0x00000000
x9: 	0x00000000
x10: 	0x00000000
x11: 	0x00000000
x12: 	0x00000000
x13: 	0x00000000
x14: 	0x00000000
x15: 	0x00000000
x16: 	0x00000000
x17: 	0x00000000
x18: 	0x00000000
x19: 	0x00000000
x20: 	0x00000000
x21: 	0x00000000
x22: 	0x00000000
x23: 	0x00000000
x24: 	0x00000000
x25: 	0x00000000
x26: 	0x00000000
x27: 	0x00000000
x28: 	0x00000000
x29: 	0x00000000
x30: 	0x00000000
x31: 	0x00000000

0x000013fc	0x00000000	Unkown Instruction 

All Registers: 
x0: 	0x00000000
x1: 	0x00000000
x2: 	0x00000000
x3: 	0x00000000
x4: 	0x00000000
x5: 	0x00000000
x6: 	0x00000000
x7: 	0x00000000
x8: 	0x00000000
x9: 	0x00000000
x10: 	0x00000000
x11: 	0x00000000
x12: 	0x00000000
x13: 	0x00000000
x14: 	0x00000000
x15: 	0x00000000
x16: 	0x00000000
x17: 	0x00000000
x18: 	0x00000000
x19: 	0x00000000
x20: 	0x00000000
x21: 	0x00000000
x22: 	0x00000000
x23: 	0x00000000
x24: 	0x00000000
x25: 	0x00000000
x26: 	0x00000000
x27: 	0x00000000
x28: 	0x00000000
x29: 	0x00000000
x30: 	0x00000000
x31: 	0x00000000

0x00001400	0x00000000	Unkown Instruction 

All Registers: 
x0: 	0x00000000
x1: 	0x00000000
x2: 	0x00000000
x3: 	0x00000000
x4: 	0x00000000
x5: 	0x00000000
x6: 	0x00000000
x7: 	0x00000000
x8: 	0x00000000
x9: 	0x00000000
x10: 	0x00000000
x11: 	0x00000000
x12: 	0x00000000
x13: 	0x00000000
x14: 	0x00000000
x15: 	0x00000000
x16: 	0x00000000
x17: 	0x00000000
x18: 	0x00000000
x19: 	0x00000000
x20: 	0x00000000
x21: 	0x00000000
x22: 	0x00000000
x23: 	0x00000000
x24: 	0x00000000
x25: 	0x00000000
x26: 	0x00000000
x27: 	0x00000000
x28: 	0x00000000
x29: 	0x00000000
x30: 	0x00000000
x31: 	0x00000000

0x00001404	0x00000000	Unkown Instruction 

All Registers: 
x0: 	0x00000000
x1: 	0x00000000
x2: 	0x00000000
x3: 	0x00000000
x4: 	0x00000000
x5: 	0x00000000
x6: 	0x00000000
x7: 	0x00000000
x8: 	0x00000000
x9: 	0x00000000
x10: 	0x00000000
x11: 	0x00000000
x12: 	0x00000000
x13: 	0x00000000
x14: 	0x00000000
x15: 	0x00000000
x16: 	0x00000000
x17: 	0x00000000
x18: 	0x00000000
x19: 	0x00000000
x20: 	0x00000000
x21: 	0x00000000
x22: 	0x00000000
x23: 	0x00000000
x24: 	0x00000000
x25: 	0x00000000
x26: 	0x00000000
x27: 	0x00000000
x28: 	0x00000000
x29: 	0x00000000
x30: 	0x00000000
x31: 	0x00000000

0x00001408	0x00000000	Unkown Instruction 

All Registers: 
x0: 	0x00000000
x1: 	0x00000000
x2: 	0x00000000
x3: 	0x00000000
x4: 	0x00000000
x5: 	0x00000000
x6: 	0x00000000
x7: 	0x00000000
x8: 	0x00000000
x9: 	0x00000000
x10: 	0x00000000
x11: 	0x00000000
x12: 	0x00000000
x13: 	0x00000000
x14: 	0x00000000
x15: 	0x00000000
x16: 	0x00000000
x17: 	0x00000000
x18: 	0x00000000
x19: 	0x00000000
x20: 	0x00000000
x21: 	0x00000000
x22: 	0x00000000
x23: 	0x00000000
x24: 	0x00000000
x25: 	0x00000000
x26: 	0x00000000
x27: 	0x00000000
x28: 	0x00000000
x29: 	0x00000000
x30: 	0x00000000
x31: 	0x00000000

0x0000140c	0x00000000	Unkown Instruction 

All Registers: 
x0: 	0x00000000
x1: 	0x00000000
x2: 	0x00000000
x3: 	0x00000000
x4: 	0x00000000
x5: 	0x00000000
x6: 	0x00000000
x7: 	0x00000000
x8: 	0x00000000
x9: 	0x00000000
x10: 	0x00000000
x11: 	0x00000000
x12: 	0x00000000
x13: 	0x00000000
x14: 	0x00000000
x15: 	0x00000000
x16: 	0x00000000
x17: 	0x00000000
x18: 	0x00000000
x19: 	0x00000000
x20: 	0x00000000
x21: 	0x00000000
x22: 	0x00000000
x23: 	0x00000000
x24: 	0x00000000
x25: 	0x00000000
x26: 	0x00000000
x27: 	0x00000000
x28: 	0x00000000
x29: 	0x00000000
x30: 	0x00000000
x31: 	0x00000000

0x00001410	0x00000000	Unkown Instruction 

All Registers: 
x0: 	0x00000000
x1: 	0x00000000
x2: 	0x00000000
x3: 	0x00000000
x4: 	0x00000000
x5: 	0x00000000
x6: 	0x00000000
x7: 	0x00000000
x8: 	0x00000000
x9: 	0x00000000
x10: 	0x00000000
x11: 	0x00000000
x12: 	0x00000000
x13: 	0x00000000
x14: 	0x00000000
x15: 	0x00000000
x16: 	0x00000000
x17: 	0x00000000
x18: 	0x00000000
x19: 	0x00000000
x20: 	0x00000000
x21: 	0x00000000
x22: 	0x00000000
x23: 	0x00000000
x24: 	0x00000000
x25: 	0x00000000
x26: 	0x00000000
x27: 	0x00000000
x28: 	0x00000000
x29: 	0x00000000
x30: 	0x00000000
x31: 	0x00000000

0x00001414	0x00000000	Unkown Instruction 

All Registers: 
x0: 	0x00000000
x1: 	0x00000000
x2: 	0x00000000
x3: 	0x00000000
x4: 	0x00000000
x5: 	0x00000000
x6: 	0x00000000
x7: 	0x00000000
x8: 	0x00000000
x9: 	0x00000000
x10: 	0x00000000
x11: 	0x00000000
x12: 	0x00000000
x13: 	0x00000000
x14: 	0x00000000
x15: 	0x00000000
x16: 	0x00000000
x17: 	0x00000000
x18: 	0x00000000
x19: 	0x00000000
x20: 	0x00000000
x21: 	0x00000000
x22: 	0x00000000
x23: 	0x00000000
x24: 	0x00000000
x25: 	0x00000000
x26: 	0x00000000
x27: 	0x00000000
x28: 	0x00000000
x29: 	0x00000000
x30: 	0x00000000
x31: 	0x00000000

0x00001418	0x00000000	Unkown Instruction 

All Registers: 
x0: 	0x00000000
x1: 	0x00000000
x2: 	0x00000000
x3: 	0x00000000
x4: 	0x00000000
x5: 	0x00000000
x6: 	0x00000000
x7: 	0x00000000
x8: 	0x00000000
x9: 	0x00000000
x10: 	0x00000000
x11: 	0x00000000
x12: 	0x00000000
x13: 	0x00000000
x14: 	0x00000000
x15: 	0x00000000
x16: 	0x00000000
x17: 	0x00000000
x18: 	0x00000000
x19: 	0x00000000
x20: 	0x00000000
x21: 	0x00000000
x22: 	0x00000000
x23: 	0x00000000
x24: 	0x00000000
x25: 	0x00000000
x26: 	0x00000000
x27: 	0x00000000
x28: 	0x00000000
x29: 	0x00000000
x30: 	0x00000000
x31: 	0x00000000

0x0000141c	0x00000000	Unkown Instruction 

All Registers: 
x0: 	0x00000000
x1: 	0x00000000
x2: 	0x00000000
x3: 	0x00000000
x4: 	0x00000000
x5: 	0x00000000
x6: 	0x00000000
x7: 	0x00000000
x8: 	0x00000000
x9: 	0x00000000
x10: 	0x00000000
x11: 	0x00000000
x12: 	0x00000000
x13: 	0x00000000
x14: 	0x00000000
x15: 	0x00000000
x16: 	0x00000000
x17: 	0x00000000
x18: 	0x00000000
x19: 	0x00000000
x20: 	0x00000000
x21: 	0x00000000
x22: 	0x00000000
x23: 	0x00000000
x24: 	0x00000000
x25: 	0x00000000
x26: 	0x00000000
x27: 	0x00000000
x28: 	0x00000000
x29: 	0x00000000
x30: 	0x00000000
x31: 	0x00000000

0x00001420	0x00000000	Unkown Instruction 

All Registers: 
x0: 	0x00000000
x1: 	0x00000000
x2: 	0x00000000
x3: 	0x00000000
x4: 	0x00000000
x5: 	0x00000000
x6: 	0x00000000
x7: 	0x00000000
x8: 	0x00000000
x9: 	0x00000000
x10: 	0x00000000
x11: 	0x00000000
x12: 	0x00000000
x13: 	0x00000000
x14: 	0x00000000
x15: 	0x00000000
x16: 	0x00000000
x17: 	0x00000000
x18: 	0x00000000
x19: 	0x00000000
x20: 	0x00000000
x21: 	0x00000000
x22: 	0x00000000
x23: 	0x00000000
x24: 	0x00000000
x25: 	0x00000000
x26: 	0x00000000
x27: 	0x00000000
x28: 	0x00000000
x29: 	0x00000000
x30: 	0x00000000
x31: 	0x00000000

0x00001424	0x00000000	Unkown Instruction 

All Registers: 
x0: 	0x00000000
x1: 	0x00000000
x2: 	0x00000000
x3: 	0x00000000
x4: 	0x00000000
x5: 	0x00000000
x6: 	0x00000000
x7: 	0x00000000
x8: 	0x00000000
x9: 	0x00000000
x10: 	0x00000000
x11: 	0x00000000
x12: 	0x00000000
x13: 	0x00000000
x14: 	0x00000000
x15: 	0x00000000
x16: 	0x00000000
x17: 	0x00000000
x18: 	0x00000000
x19: 	0x00000000
x20: 	0x00000000
x21: 	0x00000000
x22: 	0x00000000
x23: 	0x00000000
x24: 	0x00000000
x25: 	0x00000000
x26: 	0x00000000
x27: 	0x00000000
x28: 	0x00000000
x29: 	0x00000000
x30: 	0x00000000
x31: 	0x00000000

0x00001428	0x00000000	Unkown Instruction 

All Registers: 
x0: 	0x00000000
x1: 	0x00000000
x2: 	0x00000000
x3: 	0x00000000
x4: 	0x00000000
x5: 	0x00000000
x6: 	0x00000000
x7: 	0x00000000
x8: 	0x00000000
x9: 	0x00000000
x10: 	0x00000000
x11: 	0x00000000
x12: 	0x00000000
x13: 	0x00000000
x14: 	0x00000000
x15: 	0x00000000
x16: 	0x00000000
x17: 	0x00000000
x18: 	0x00000000
x19: 	0x00000000
x20: 	0x00000000
x21: 	0x00000000
x22: 	0x00000000
x23: 	0x00000000
x24: 	0x00000000
x25: 	0x00000000
x26: 	0x00000000
x27: 	0x00000000
x28: 	0x00000000
x29: 	0x00000000
x30: 	0x00000000
x31: 	0x00000000

0x0000142c	0x00000000	Unkown Instruction 

All Registers: 
x0: 	0x00000000
x1: 	0x00000000
x2: 	0x00000000
x3: 	0x00000000
x4: 	0x00000000
x5: 	0x00000000
x6: 	0x00000000
x7: 	0x00000000
x8: 	0x00000000
x9: 	0x00000000
x10: 	0x00000000
x11: 	0x00000000
x12: 	0x00000000
x13: 	0x00000000
x14: 	0x00000000
x15: 	0x00000000
x16: 	0x00000000
x17: 	0x00000000
x18: 	0x00000000
x19: 	0x00000000
x20: 	0x00000000
x21: 	0x00000000
x22: 	0x00000000
x23: 	0x00000000
x24: 	0x00000000
x25: 	0x00000000
x26: 	0x00000000
x27: 	0x00000000
x28: 	0x00000000
x29: 	0x00000000
x30: 	0x00000000
x31: 	0x00000000

0x00001430	0x00000000	Unkown Instruction 

All Registers: 
x0: 	0x00000000
x1: 	0x00000000
x2: 	0x00000000
x3: 	0x00000000
x4: 	0x00000000
x5: 	0x00000000
x6: 	0x00000000
x7: 	0x00000000
x8: 	0x00000000
x9: 	0x00000000
x10: 	0x00000000
x11: 	0x00000000
x12: 	0x00000000
x13: 	0x00000000
x14: 	0x00000000
x15: 	0x00000000
x16: 	0x00000000
x17: 	0x00000000
x18: 	0x00000000
x19: 	0x00000000
x20: 	0x00000000
x21: 	0x00000000
x22: 	0x00000000
x23: 	0x00000000
x24: 	0x00000000
x25: 	0x00000000
x26: 	0x00000000
x27: 	0x00000000
x28: 	0x00000000
x29: 	0x00000000
x30: 	0x00000000
x31: 	0x00000000

0x00001434	0x00000000	Unkown Instruction 

All Registers: 
x0: 	0x00000000
x1: 	0x00000000
x2: 	0x00000000
x3: 	0x00000000
x4: 	0x00000000
x5: 	0x00000000
x6: 	0x00000000
x7: 	0x00000000
x8: 	0x00000000
x9: 	0x00000000
x10: 	0x00000000
x11: 	0x00000000
x12: 	0x00000000
x13: 	0x00000000
x14: 	0x00000000
x15: 	0x00000000
x16: 	0x00000000
x17: 	0x00000000
x18: 	0x00000000
x19: 	0x00000000
x20: 	0x00000000
x21: 	0x00000000
x22: 	0x00000000
x23: 	0x00000000
x24: 	0x00000000
x25: 	0x00000000
x26: 	0x00000000
x27: 	0x00000000
x28: 	0x00000000
x29: 	0x00000000
x30: 	0x00000000
x31: 	0x00000000

0x00001438	0x00000000	Unkown Instruction 

All Registers: 
x0: 	0x00000000
x1: 	0x00000000
x2: 	0x00000000
x3: 	0x00000000
x4: 	0x00000000
x5: 	0x00000000
x6: 	0x00000000
x7: 	0x00000000
x8: 	0x00000000
x9: 	0x00000000
x10: 	0x00000000
x11: 	0x00000000
x12: 	0x00000000
x13: 	0x00000000
x14: 	0x00000000
x15: 	0x00000000
x16: 	0x00000000
x17: 	0x00000000
x18: 	0x00000000
x19: 	0x00000000
x20: 	0x00000000
x21: 	0x00000000
x22: 	0x00000000
x23: 	0x00000000
x24: 	0x00000000
x25: 	0x00000000
x26: 	0x00000000
x27: 	0x00000000
x28: 	0x00000000
x29: 	0x00000000
x30: 	0x00000000
x31: 	0x00000000

0x0000143c	0x00000000	Unkown Instruction 

All Registers: 
x0: 	0x00000000
x1: 	0x00000000
x2: 	0x00000000
x3: 	0x00000000
x4: 	0x00000000
x5: 	0x00000000
x6: 	0x00000000
x7: 	0x00000000
x8: 	0x00000000
x9: 	0x00000000
x10: 	0x00000000
x11: 	0x00000000
x12: 	0x00000000
x13: 	0x00000000
x14: 	0x00000000
x15: 	0x00000000
x16: 	0x00000000
x17: 	0x00000000
x18: 	0x00000000
x19: 	0x00000000
x20: 	0x00000000
x21: 	0x00000000
x22: 	0x00000000
x23: 	0x00000000
x24: 	0x00000000
x25: 	0x00000000
x26: 	0x00000000
x27: 	0x00000000
x28: 	0x00000000
x29: 	0x00000000
x30: 	0x00000000
x31: 	0x00000000

0x00001440	0x00000000	Unkown Instruction 

All Registers: 
x0: 	0x00000000
x1: 	0x00000000
x2: 	0x00000000
x3: 	0x00000000
x4: 	0x00000000
x5: 	0x00000000
x6: 	0x00000000
x7: 	0x00000000
x8: 	0x00000000
x9: 	0x00000000
x10: 	0x00000000
x11: 	0x00000000
x12: 	0x00000000
x13: 	0x00000000
x14: 	0x00000000
x15: 	0x00000000
x16: 	0x00000000
x17: 	0x00000000
x18: 	0x00000000
x19: 	0x00000000
x20: 	0x00000000
x21: 	0x00000000
x22: 	0x00000000
x23: 	0x00000000
x24: 	0x00000000
x25: 	0x00000000
x26: 	0x00000000
x27: 	0x00000000
x28: 	0x00000000
x29: 	0x00000000
x30: 	0x00000000
x31: 	0x00000000

0x00001444	0x00000000	Unkown Instruction 

All Registers: 
x0: 	0x00000000
x1: 	0x00000000
x2: 	0x00000000
x3: 	0x00000000
x4: 	0x00000000
x5: 	0x00000000
x6: 	0x00000000
x7: 	0x00000000
x8: 	0x00000000
x9: 	0x00000000
x10: 	0x00000000
x11: 	0x00000000
x12: 	0x00000000
x13: 	0x00000000
x14: 	0x00000000
x15: 	0x00000000
x16: 	0x00000000
x17: 	0x00000000
x18: 	0x00000000
x19: 	0x00000000
x20: 	0x00000000
x21: 	0x00000000
x22: 	0x00000000
x23: 	0x00000000
x24: 	0x00000000
x25: 	0x00000000
x26: 	0x00000000
x27: 	0x00000000
x28: 	0x00000000
x29: 	0x00000000
x30: 	0x00000000
x31: 	0x00000000

0x00001448	0x00000000	Unkown Instruction 

All Registers: 
x0: 	0x00000000
x1: 	0x00000000
x2: 	0x00000000
x3: 	0x00000000
x4: 	0x00000000
x5: 	0x00000000
x6: 	0x00000000
x7: 	0x00000000
x8: 	0x00000000
x9: 	0x00000000
x10: 	0x00000000
x11: 	0x00000000
x12: 	0x00000000
x13: 	0x00000000
x14: 	0x00000000
x15: 	0x00000000
x16: 	0x00000000
x17: 	0x00000000
x18: 	0x00000000
x19: 	0x00000000
x20: 	0x00000000
x21: 	0x00000000
x22: 	0x00000000
x23: 	0x00000000
x24: 	0x00000000
x25: 	0x00000000
x26: 	0x00000000
x27: 	0x00000000
x28: 	0x00000000
x29: 	0x00000000
x30: 	0x00000000
x31: 	0x00000000

0x0000144c	0x00000000	Unkown Instruction 

All Registers: 
x0: 	0x00000000
x1: 	0x00000000
x2: 	0x00000000
x3: 	0x00000000
x4: 	0x00000000
x5: 	0x00000000
x6: 	0x00000000
x7: 	0x00000000
x8: 	0x00000000
x9: 	0x00000000
x10: 	0x00000000
x11: 	0x00000000
x12: 	0x00000000
x13: 	0x00000000
x14: 	0x00000000
x15: 	0x00000000
x16: 	0x00000000
x17: 	0x00000000
x18: 	0x00000000
x19: 	0x00000000
x20: 	0x00000000
x21: 	0x00000000
x22: 	0x00000000
x23: 	0x00000000
x24: 	0x00000000
x25: 	0x00000000
x26: 	0x00000000
x27: 	0x00000000
x28: 	0x00000000
x29: 	0x00000000
x30: 	0x00000000
x31: 	0x00000000

0x00001450	0x00000000	Unkown Instruction 

All Registers: 
x0: 	0x00000000
x1: 	0x00000000
x2: 	0x00000000
x3: 	0x00000000
x4: 	0x00000000
x5: 	0x00000000
x6: 	0x00000000
x7: 	0x00000000
x8: 	0x00000000
x9: 	0x00000000
x10: 	0x00000000
x11: 	0x00000000
x12: 	0x00000000
x13: 	0x00000000
x14: 	0x00000000
x15: 	0x00000000
x16: 	0x00000000
x17: 	0x00000000
x18: 	0x00000000
x19: 	0x00000000
x20: 	0x00000000
x21: 	0x00000000
x22: 	0x00000000
x23: 	0x00000000
x24: 	0x00000000
x25: 	0x00000000
x26: 	0x00000000
x27: 	0x00000000
x28: 	0x00000000
x29: 	0x00000000
x30: 	0x00000000
x31: 	0x00000000

0x00001454	0x00000000	Unkown Instruction 

All Registers: 
x0: 	0x00000000
x1: 	0x00000000
x2: 	0x00000000
x3: 	0x00000000
x4: 	0x00000000
x5: 	0x00000000
x6: 	0x00000000
x7: 	0x00000000
x8: 	0x00000000
x9: 	0x00000000
x10: 	0x00000000
x11: 	0x00000000
x12: 	0x00000000
x13: 	0x00000000
x14: 	0x00000000
x15: 	0x00000000
x16: 	0x00000000
x17: 	0x00000000
x18: 	0x00000000
x19: 	0x00000000
x20: 	0x00000000
x21: 	0x00000000
x22: 	0x00000000
x23: 	0x00000000
x24: 	0x00000000
x25: 	0x00000000
x26: 	0x00000000
x27: 	0x00000000
x28: 	0x00000000
x29: 	0x00000000
x30: 	0x00000000
x31: 	0x00000000

0x00001458	0x00000000	Unkown Instruction 

All Registers: 
x0: 	0x00000000
x1: 	0x00000000
x2: 	0x00000000
x3: 	0x00000000
x4: 	0x00000000
x5: 	0x00000000
x6: 	0x00000000
x7: 	0x00000000
x8: 	0x00000000
x9: 	0x00000000
x10: 	0x00000000
x11: 	0x00000000
x12: 	0x00000000
x13: 	0x00000000
x14: 	0x00000000
x15: 	0x00000000
x16: 	0x00000000
x17: 	0x00000000
x18: 	0x00000000
x19: 	0x00000000
x20: 	0x00000000
x21: 	0x00000000
x22: 	0x00000000
x23: 	0x00000000
x24: 	0x00000000
x25: 	0x00000000
x26: 	0x00000000
x27: 	0x00000000
x28: 	0x00000000
x29: 	0x00000000
x30: 	0x00000000
x31: 	0x00000000

0x0000145c	0x00000000	Unkown Instruction 

All Registers: 
x0: 	0x00000000
x1: 	0x00000000
x2: 	0x00000000
x3: 	0x00000000
x4: 	0x00000000
x5: 	0x00000000
x6: 	0x00000000
x7: 	0x00000000
x8: 	0x00000000
x9: 	0x00000000
x10: 	0x00000000
x11: 	0x00000000
x12: 	0x00000000
x13: 	0x00000000
x14: 	0x00000000
x15: 	0x00000000
x16: 	0x00000000
x17: 	0x00000000
x18: 	0x00000000
x19: 	0x00000000
x20: 	0x00000000
x21: 	0x00000000
x22: 	0x00000000
x23: 	0x00000000
x24: 	0x00000000
x25: 	0x00000000
x26: 	0x00000000
x27: 	0x00000000
x28: 	0x00000000
x29: 	0x00000000
x30: 	0x00000000
x31: 	0x00000000

0x00001460	0x00000000	Unkown Instruction 

All Registers: 
x0: 	0x00000000
x1: 	0x00000000
x2: 	0x00000000
x3: 	0x00000000
x4: 	0x00000000
x5: 	0x00000000
x6: 	0x00000000
x7: 	0x00000000
x8: 	0x00000000
x9: 	0x00000000
x10: 	0x00000000
x11: 	0x00000000
x12: 	0x00000000
x13: 	0x00000000
x14: 	0x00000000
x15: 	0x00000000
x16: 	0x00000000
x17: 	0x00000000
x18: 	0x00000000
x19: 	0x00000000
x20: 	0x00000000
x21: 	0x00000000
x22: 	0x00000000
x23: 	0x00000000
x24: 	0x00000000
x25: 	0x00000000
x26: 	0x00000000
x27: 	0x00000000
x28: 	0x00000000
x29: 	0x00000000
x30: 	0x00000000
x31: 	0x00000000

0x00001464	0x00000000	Unkown Instruction 

All Registers: 
x0: 	0x00000000
x1: 	0x00000000
x2: 	0x00000000
x3: 	0x00000000
x4: 	0x00000000
x5: 	0x00000000
x6: 	0x00000000
x7: 	0x00000000
x8: 	0x00000000
x9: 	0x00000000
x10: 	0x00000000
x11: 	0x00000000
x12: 	0x00000000
x13: 	0x00000000
x14: 	0x00000000
x15: 	0x00000000
x16: 	0x00000000
x17: 	0x00000000
x18: 	0x00000000
x19: 	0x00000000
x20: 	0x00000000
x21: 	0x00000000
x22: 	0x00000000
x23: 	0x00000000
x24: 	0x00000000
x25: 	0x00000000
x26: 	0x00000000
x27: 	0x00000000
x28: 	0x00000000
x29: 	0x00000000
x30: 	0x00000000
x31: 	0x00000000

0x00001468	0x00000000	Unkown Instruction 

All Registers: 
x0: 	0x00000000
x1: 	0x00000000
x2: 	0x00000000
x3: 	0x00000000
x4: 	0x00000000
x5: 	0x00000000
x6: 	0x00000000
x7: 	0x00000000
x8: 	0x00000000
x9: 	0x00000000
x10: 	0x00000000
x11: 	0x00000000
x12: 	0x00000000
x13: 	0x00000000
x14: 	0x00000000
x15: 	0x00000000
x16: 	0x00000000
x17: 	0x00000000
x18: 	0x00000000
x19: 	0x00000000
x20: 	0x00000000
x21: 	0x00000000
x22: 	0x00000000
x23: 	0x00000000
x24: 	0x00000000
x25: 	0x00000000
x26: 	0x00000000
x27: 	0x00000000
x28: 	0x00000000
x29: 	0x00000000
x30: 	0x00000000
x31: 	0x00000000

0x0000146c	0x00000000	Unkown Instruction 

All Registers: 
x0: 	0x00000000
x1: 	0x00000000
x2: 	0x00000000
x3: 	0x00000000
x4: 	0x00000000
x5: 	0x00000000
x6: 	0x00000000
x7: 	0x00000000
x8: 	0x00000000
x9: 	0x00000000
x10: 	0x00000000
x11: 	0x00000000
x12: 	0x00000000
x13: 	0x00000000
x14: 	0x00000000
x15: 	0x00000000
x16: 	0x00000000
x17: 	0x00000000
x18: 	0x00000000
x19: 	0x00000000
x20: 	0x00000000
x21: 	0x00000000
x22: 	0x00000000
x23: 	0x00000000
x24: 	0x00000000
x25: 	0x00000000
x26: 	0x00000000
x27: 	0x00000000
x28: 	0x00000000
x29: 	0x00000000
x30: 	0x00000000
x31: 	0x00000000

0x00001470	0x00000000	Unkown Instruction 

All Registers: 
x0: 	0x00000000
x1: 	0x00000000
x2: 	0x00000000
x3: 	0x00000000
x4: 	0x00000000
x5: 	0x00000000
x6: 	0x00000000
x7: 	0x00000000
x8: 	0x00000000
x9: 	0x00000000
x10: 	0x00000000
x11: 	0x00000000
x12: 	0x00000000
x13: 	0x00000000
x14: 	0x00000000
x15: 	0x00000000
x16: 	0x00000000
x17: 	0x00000000
x18: 	0x00000000
x19: 	0x00000000
x20: 	0x00000000
x21: 	0x00000000
x22: 	0x00000000
x23: 	0x00000000
x24: 	0x00000000
x25: 	0x00000000
x26: 	0x00000000
x27: 	0x00000000
x28: 	0x00000000
x29: 	0x00000000
x30: 	0x00000000
x31: 	0x00000000

0x00001474	0x00000000	Unkown Instruction 

All Registers: 
x0: 	0x00000000
x1: 	0x00000000
x2: 	0x00000000
x3: 	0x00000000
x4: 	0x00000000
x5: 	0x00000000
x6: 	0x00000000
x7: 	0x00000000
x8: 	0x00000000
x9: 	0x00000000
x10: 	0x00000000
x11: 	0x00000000
x12: 	0x00000000
x13: 	0x00000000
x14: 	0x00000000
x15: 	0x00000000
x16: 	0x00000000
x17: 	0x00000000
x18: 	0x00000000
x19: 	0x00000000
x20: 	0x00000000
x21: 	0x00000000
x22: 	0x00000000
x23: 	0x00000000
x24: 	0x00000000
x25: 	0x00000000
x26: 	0x00000000
x27: 	0x00000000
x28: 	0x00000000
x29: 	0x00000000
x30: 	0x00000000
x31: 	0x00000000

0x00001478	0x00000000	Unkown Instruction 

All Registers: 
x0: 	0x00000000
x1: 	0x00000000
x2: 	0x00000000
x3: 	0x00000000
x4: 	0x00000000
x5: 	0x00000000
x6: 	0x00000000
x7: 	0x00000000
x8: 	0x00000000
x9: 	0x00000000
x10: 	0x00000000
x11: 	0x00000000
x12: 	0x00000000
x13: 	0x00000000
x14: 	0x00000000
x15: 	0x00000000
x16: 	0x00000000
x17: 	0x00000000
x18: 	0x00000000
x19: 	0x00000000
x20: 	0x00000000
x21: 	0x00000000
x22: 	0x00000000
x23: 	0x00000000
x24: 	0x00000000
x25: 	0x00000000
x26: 	0x00000000
x27: 	0x00000000
x28: 	0x00000000
x29: 	0x00000000
x30: 	0x00000000
x31: 	0x00000000

0x0000147c	0x00000000	Unkown Instruction 

All Registers: 
x0: 	0x00000000
x1: 	0x00000000
x2: 	0x00000000
x3: 	0x00000000
x4: 	0x00000000
x5: 	0x00000000
x6: 	0x00000000
x7: 	0x00000000
x8: 	0x00000000
x9: 	0x00000000
x10: 	0x00000000
x11: 	0x00000000
x12: 	0x00000000
x13: 	0x00000000
x14: 	0x00000000
x15: 	0x00000000
x16: 	0x00000000
x17: 	0x00000000
x18: 	0x00000000
x19: 	0x00000000
x20: 	0x00000000
x21: 	0x00000000
x22: 	0x00000000
x23: 	0x00000000
x24: 	0x00000000
x25: 	0x00000000
x26: 	0x00000000
x27: 	0x00000000
x28: 	0x00000000
x29: 	0x00000000
x30: 	0x00000000
x31: 	0x00000000

0x00001480	0x00000000	Unkown Instruction 

All Registers: 
x0: 	0x00000000
x1: 	0x00000000
x2: 	0x00000000
x3: 	0x00000000
x4: 	0x00000000
x5: 	0x00000000
x6: 	0x00000000
x7: 	0x00000000
x8: 	0x00000000
x9: 	0x00000000
x10: 	0x00000000
x11: 	0x00000000
x12: 	0x00000000
x13: 	0x00000000
x14: 	0x00000000
x15: 	0x00000000
x16: 	0x00000000
x17: 	0x00000000
x18: 	0x00000000
x19: 	0x00000000
x20: 	0x00000000
x21: 	0x00000000
x22: 	0x00000000
x23: 	0x00000000
x24: 	0x00000000
x25: 	0x00000000
x26: 	0x00000000
x27: 	0x00000000
x28: 	0x00000000
x29: 	0x00000000
x30: 	0x00000000
x31: 	0x00000000

0x00001484	0x00000000	Unkown Instruction 

All Registers: 
x0: 	0x00000000
x1: 	0x00000000
x2: 	0x00000000
x3: 	0x00000000
x4: 	0x00000000
x5: 	0x00000000
x6: 	0x00000000
x7: 	0x00000000
x8: 	0x00000000
x9: 	0x00000000
x10: 	0x00000000
x11: 	0x00000000
x12: 	0x00000000
x13: 	0x00000000
x14: 	0x00000000
x15: 	0x00000000
x16: 	0x00000000
x17: 	0x00000000
x18: 	0x00000000
x19: 	0x00000000
x20: 	0x00000000
x21: 	0x00000000
x22: 	0x00000000
x23: 	0x00000000
x24: 	0x00000000
x25: 	0x00000000
x26: 	0x00000000
x27: 	0x00000000
x28: 	0x00000000
x29: 	0x00000000
x30: 	0x00000000
x31: 	0x00000000

0x00001488	0x00000000	Unkown Instruction 

All Registers: 
x0: 	0x00000000
x1: 	0x00000000
x2: 	0x00000000
x3: 	0x00000000
x4: 	0x00000000
x5: 	0x00000000
x6: 	0x00000000
x7: 	0x00000000
x8: 	0x00000000
x9: 	0x00000000
x10: 	0x00000000
x11: 	0x00000000
x12: 	0x00000000
x13: 	0x00000000
x14: 	0x00000000
x15: 	0x00000000
x16: 	0x00000000
x17: 	0x00000000
x18: 	0x00000000
x19: 	0x00000000
x20: 	0x00000000
x21: 	0x00000000
x22: 	0x00000000
x23: 	0x00000000
x24: 	0x00000000
x25: 	0x00000000
x26: 	0x00000000
x27: 	0x00000000
x28: 	0x00000000
x29: 	0x00000000
x30: 	0x00000000
x31: 	0x00000000

0x0000148c	0x00000000	Unkown Instruction 

All Registers: 
x0: 	0x00000000
x1: 	0x00000000
x2: 	0x00000000
x3: 	0x00000000
x4: 	0x00000000
x5: 	0x00000000
x6: 	0x00000000
x7: 	0x00000000
x8: 	0x00000000
x9: 	0x00000000
x10: 	0x00000000
x11: 	0x00000000
x12: 	0x00000000
x13: 	0x00000000
x14: 	0x00000000
x15: 	0x00000000
x16: 	0x00000000
x17: 	0x00000000
x18: 	0x00000000
x19: 	0x00000000
x20: 	0x00000000
x21: 	0x00000000
x22: 	0x00000000
x23: 	0x00000000
x24: 	0x00000000
x25: 	0x00000000
x26: 	0x00000000
x27: 	0x00000000
x28: 	0x00000000
x29: 	0x00000000
x30: 	0x00000000
x31: 	0x00000000

0x00001490	0x00000000	Unkown Instruction 

All Registers: 
x0: 	0x00000000
x1: 	0x00000000
x2: 	0x00000000
x3: 	0x00000000
x4: 	0x00000000
x5: 	0x00000000
x6: 	0x00000000
x7: 	0x00000000
x8: 	0x00000000
x9: 	0x00000000
x10: 	0x00000000
x11: 	0x00000000
x12: 	0x00000000
x13: 	0x00000000
x14: 	0x00000000
x15: 	0x00000000
x16: 	0x00000000
x17: 	0x00000000
x18: 	0x00000000
x19: 	0x00000000
x20: 	0x00000000
x21: 	0x00000000
x22: 	0x00000000
x23: 	0x00000000
x24: 	0x00000000
x25: 	0x00000000
x26: 	0x00000000
x27: 	0x00000000
x28: 	0x00000000
x29: 	0x00000000
x30: 	0x00000000
x31: 	0x00000000

0x00001494	0x00000000	Unkown Instruction 

All Registers: 
x0: 	0x00000000
x1: 	0x00000000
x2: 	0x00000000
x3: 	0x00000000
x4: 	0x00000000
x5: 	0x00000000
x6: 	0x00000000
x7: 	0x00000000
x8: 	0x00000000
x9: 	0x00000000
x10: 	0x00000000
x11: 	0x00000000
x12: 	0x00000000
x13: 	0x00000000
x14: 	0x00000000
x15: 	0x00000000
x16: 	0x00000000
x17: 	0x00000000
x18: 	0x00000000
x19: 	0x00000000
x20: 	0x00000000
x21: 	0x00000000
x22: 	0x00000000
x23: 	0x00000000
x24: 	0x00000000
x25: 	0x00000000
x26: 	0x00000000
x27: 	0x00000000
x28: 	0x00000000
x29: 	0x00000000
x30: 	0x00000000
x31: 	0x00000000

0x00001498	0x00000000	Unkown Instruction 

All Registers: 
x0: 	0x00000000
x1: 	0x00000000
x2: 	0x00000000
x3: 	0x00000000
x4: 	0x00000000
x5: 	0x00000000
x6: 	0x00000000
x7: 	0x00000000
x8: 	0x00000000
x9: 	0x00000000
x10: 	0x00000000
x11: 	0x00000000
x12: 	0x00000000
x13: 	0x00000000
x14: 	0x00000000
x15: 	0x00000000
x16: 	0x00000000
x17: 	0x00000000
x18: 	0x00000000
x19: 	0x00000000
x20: 	0x00000000
x21: 	0x00000000
x22: 	0x00000000
x23: 	0x00000000
x24: 	0x00000000
x25: 	0x00000000
x26: 	0x00000000
x27: 	0x00000000
x28: 	0x00000000
x29: 	0x00000000
x30: 	0x00000000
x31: 	0x00000000

0x0000149c	0x00000000	Unkown Instruction 

All Registers: 
x0: 	0x00000000
x1: 	0x00000000
x2: 	0x00000000
x3: 	0x00000000
x4: 	0x00000000
x5: 	0x00000000
x6: 	0x00000000
x7: 	0x00000000
x8: 	0x00000000
x9: 	0x00000000
x10: 	0x00000000
x11: 	0x00000000
x12: 	0x00000000
x13: 	0x00000000
x14: 	0x00000000
x15: 	0x00000000
x16: 	0x00000000
x17: 	0x00000000
x18: 	0x00000000
x19: 	0x00000000
x20: 	0x00000000
x21: 	0x00000000
x22: 	0x00000000
x23: 	0x00000000
x24: 	0x00000000
x25: 	0x00000000
x26: 	0x00000000
x27: 	0x00000000
x28: 	0x00000000
x29: 	0x00000000
x30: 	0x00000000
x31: 	0x00000000

0x000014a0	0x00000000	Unkown Instruction 

All Registers: 
x0: 	0x00000000
x1: 	0x00000000
x2: 	0x00000000
x3: 	0x00000000
x4: 	0x00000000
x5: 	0x00000000
x6: 	0x00000000
x7: 	0x00000000
x8: 	0x00000000
x9: 	0x00000000
x10: 	0x00000000
x11: 	0x00000000
x12: 	0x00000000
x13: 	0x00000000
x14: 	0x00000000
x15: 	0x00000000
x16: 	0x00000000
x17: 	0x00000000
x18: 	0x00000000
x19: 	0x00000000
x20: 	0x00000000
x21: 	0x00000000
x22: 	0x00000000
x23: 	0x00000000
x24: 	0x00000000
x25: 	0x00000000
x26: 	0x00000000
x27: 	0x00000000
x28: 	0x00000000
x29: 	0x00000000
x30: 	0x00000000
x31: 	0x00000000

0x000014a4	0x00000000	Unkown Instruction 

All Registers: 
x0: 	0x00000000
x1: 	0x00000000
x2: 	0x00000000
x3: 	0x00000000
x4: 	0x00000000
x5: 	0x00000000
x6: 	0x00000000
x7: 	0x00000000
x8: 	0x00000000
x9: 	0x00000000
x10: 	0x00000000
x11: 	0x00000000
x12: 	0x00000000
x13: 	0x00000000
x14: 	0x00000000
x15: 	0x00000000
x16: 	0x00000000
x17: 	0x00000000
x18: 	0x00000000
x19: 	0x00000000
x20: 	0x00000000
x21: 	0x00000000
x22: 	0x00000000
x23: 	0x00000000
x24: 	0x00000000
x25: 	0x00000000
x26: 	0x00000000
x27: 	0x00000000
x28: 	0x00000000
x29: 	0x00000000
x30: 	0x00000000
x31: 	0x00000000

0x000014a8	0x00000000	Unkown Instruction 

All Registers: 
x0: 	0x00000000
x1: 	0x00000000
x2: 	0x00000000
x3: 	0x00000000
x4: 	0x00000000
x5: 	0x00000000
x6: 	0x00000000
x7: 	0x00000000
x8: 	0x00000000
x9: 	0x00000000
x10: 	0x00000000
x11: 	0x00000000
x12: 	0x00000000
x13: 	0x00000000
x14: 	0x00000000
x15: 	0x00000000
x16: 	0x00000000
x17: 	0x00000000
x18: 	0x00000000
x19: 	0x00000000
x20: 	0x00000000
x21: 	0x00000000
x22: 	0x00000000
x23: 	0x00000000
x24: 	0x00000000
x25: 	0x00000000
x26: 	0x00000000
x27: 	0x00000000
x28: 	0x00000000
x29: 	0x00000000
x30: 	0x00000000
x31: 	0x00000000

0x000014ac	0x00000000	Unkown Instruction 

All Registers: 
x0: 	0x00000000
x1: 	0x00000000
x2: 	0x00000000
x3: 	0x00000000
x4: 	0x00000000
x5: 	0x00000000
x6: 	0x00000000
x7: 	0x00000000
x8: 	0x00000000
x9: 	0x00000000
x10: 	0x00000000
x11: 	0x00000000
x12: 	0x00000000
x13: 	0x00000000
x14: 	0x00000000
x15: 	0x00000000
x16: 	0x00000000
x17: 	0x00000000
x18: 	0x00000000
x19: 	0x00000000
x20: 	0x00000000
x21: 	0x00000000
x22: 	0x00000000
x23: 	0x00000000
x24: 	0x00000000
x25: 	0x00000000
x26: 	0x00000000
x27: 	0x00000000
x28: 	0x00000000
x29: 	0x00000000
x30: 	0x00000000
x31: 	0x00000000

0x000014b0	0x00000000	Unkown Instruction 

All Registers: 
x0: 	0x00000000
x1: 	0x00000000
x2: 	0x00000000
x3: 	0x00000000
x4: 	0x00000000
x5: 	0x00000000
x6: 	0x00000000
x7: 	0x00000000
x8: 	0x00000000
x9: 	0x00000000
x10: 	0x00000000
x11: 	0x00000000
x12: 	0x00000000
x13: 	0x00000000
x14: 	0x00000000
x15: 	0x00000000
x16: 	0x00000000
x17: 	0x00000000
x18: 	0x00000000
x19: 	0x00000000
x20: 	0x00000000
x21: 	0x00000000
x22: 	0x00000000
x23: 	0x00000000
x24: 	0x00000000
x25: 	0x00000000
x26: 	0x00000000
x27: 	0x00000000
x28: 	0x00000000
x29: 	0x00000000
x30: 	0x00000000
x31: 	0x00000000

0x000014b4	0x00000000	Unkown Instruction 

All Registers: 
x0: 	0x00000000
x1: 	0x00000000
x2: 	0x00000000
x3: 	0x00000000
x4: 	0x00000000
x5: 	0x00000000
x6: 	0x00000000
x7: 	0x00000000
x8: 	0x00000000
x9: 	0x00000000
x10: 	0x00000000
x11: 	0x00000000
x12: 	0x00000000
x13: 	0x00000000
x14: 	0x00000000
x15: 	0x00000000
x16: 	0x00000000
x17: 	0x00000000
x18: 	0x00000000
x19: 	0x00000000
x20: 	0x00000000
x21: 	0x00000000
x22: 	0x00000000
x23: 	0x00000000
x24: 	0x00000000
x25: 	0x00000000
x26: 	0x00000000
x27: 	0x00000000
x28: 	0x00000000
x29: 	0x00000000
x30: 	0x00000000
x31: 	0x00000000

0x000014b8	0x00000000	Unkown Instruction 

All Registers: 
x0: 	0x00000000
x1: 	0x00000000
x2: 	0x00000000
x3: 	0x00000000
x4: 	0x00000000
x5: 	0x00000000
x6: 	0x00000000
x7: 	0x00000000
x8: 	0x00000000
x9: 	0x00000000
x10: 	0x00000000
x11: 	0x00000000
x12: 	0x00000000
x13: 	0x00000000
x14: 	0x00000000
x15: 	0x00000000
x16: 	0x00000000
x17: 	0x00000000
x18: 	0x00000000
x19: 	0x00000000
x20: 	0x00000000
x21: 	0x00000000
x22: 	0x00000000
x23: 	0x00000000
x24: 	0x00000000
x25: 	0x00000000
x26: 	0x00000000
x27: 	0x00000000
x28: 	0x00000000
x29: 	0x00000000
x30: 	0x00000000
x31: 	0x00000000

0x000014bc	0x00000000	Unkown Instruction 

All Registers: 
x0: 	0x00000000
x1: 	0x00000000
x2: 	0x00000000
x3: 	0x00000000
x4: 	0x00000000
x5: 	0x00000000
x6: 	0x00000000
x7: 	0x00000000
x8: 	0x00000000
x9: 	0x00000000
x10: 	0x00000000
x11: 	0x00000000
x12: 	0x00000000
x13: 	0x00000000
x14: 	0x00000000
x15: 	0x00000000
x16: 	0x00000000
x17: 	0x00000000
x18: 	0x00000000
x19: 	0x00000000
x20: 	0x00000000
x21: 	0x00000000
x22: 	0x00000000
x23: 	0x00000000
x24: 	0x00000000
x25: 	0x00000000
x26: 	0x00000000
x27: 	0x00000000
x28: 	0x00000000
x29: 	0x00000000
x30: 	0x00000000
x31: 	0x00000000

0x000014c0	0x00000000	Unkown Instruction 

All Registers: 
x0: 	0x00000000
x1: 	0x00000000
x2: 	0x00000000
x3: 	0x00000000
x4: 	0x00000000
x5: 	0x00000000
x6: 	0x00000000
x7: 	0x00000000
x8: 	0x00000000
x9: 	0x00000000
x10: 	0x00000000
x11: 	0x00000000
x12: 	0x00000000
x13: 	0x00000000
x14: 	0x00000000
x15: 	0x00000000
x16: 	0x00000000
x17: 	0x00000000
x18: 	0x00000000
x19: 	0x00000000
x20: 	0x00000000
x21: 	0x00000000
x22: 	0x00000000
x23: 	0x00000000
x24: 	0x00000000
x25: 	0x00000000
x26: 	0x00000000
x27: 	0x00000000
x28: 	0x00000000
x29: 	0x00000000
x30: 	0x00000000
x31: 	0x00000000

0x000014c4	0x00000000	Unkown Instruction 

All Registers: 
x0: 	0x00000000
x1: 	0x00000000
x2: 	0x00000000
x3: 	0x00000000
x4: 	0x00000000
x5: 	0x00000000
x6: 	0x00000000
x7: 	0x00000000
x8: 	0x00000000
x9: 	0x00000000
x10: 	0x00000000
x11: 	0x00000000
x12: 	0x00000000
x13: 	0x00000000
x14: 	0x00000000
x15: 	0x00000000
x16: 	0x00000000
x17: 	0x00000000
x18: 	0x00000000
x19: 	0x00000000
x20: 	0x00000000
x21: 	0x00000000
x22: 	0x00000000
x23: 	0x00000000
x24: 	0x00000000
x25: 	0x00000000
x26: 	0x00000000
x27: 	0x00000000
x28: 	0x00000000
x29: 	0x00000000
x30: 	0x00000000
x31: 	0x00000000

0x000014c8	0x00000000	Unkown Instruction 

All Registers: 
x0: 	0x00000000
x1: 	0x00000000
x2: 	0x00000000
x3: 	0x00000000
x4: 	0x00000000
x5: 	0x00000000
x6: 	0x00000000
x7: 	0x00000000
x8: 	0x00000000
x9: 	0x00000000
x10: 	0x00000000
x11: 	0x00000000
x12: 	0x00000000
x13: 	0x00000000
x14: 	0x00000000
x15: 	0x00000000
x16: 	0x00000000
x17: 	0x00000000
x18: 	0x00000000
x19: 	0x00000000
x20: 	0x00000000
x21: 	0x00000000
x22: 	0x00000000
x23: 	0x00000000
x24: 	0x00000000
x25: 	0x00000000
x26: 	0x00000000
x27: 	0x00000000
x28: 	0x00000000
x29: 	0x00000000
x30: 	0x00000000
x31: 	0x00000000

0x000014cc	0x00000000	Unkown Instruction 

All Registers: 
x0: 	0x00000000
x1: 	0x00000000
x2: 	0x00000000
x3: 	0x00000000
x4: 	0x00000000
x5: 	0x00000000
x6: 	0x00000000
x7: 	0x00000000
x8: 	0x00000000
x9: 	0x00000000
x10: 	0x00000000
x11: 	0x00000000
x12: 	0x00000000
x13: 	0x00000000
x14: 	0x00000000
x15: 	0x00000000
x16: 	0x00000000
x17: 	0x00000000
x18: 	0x00000000
x19: 	0x00000000
x20: 	0x00000000
x21: 	0x00000000
x22: 	0x00000000
x23: 	0x00000000
x24: 	0x00000000
x25: 	0x00000000
x26: 	0x00000000
x27: 	0x00000000
x28: 	0x00000000
x29: 	0x00000000
x30: 	0x00000000
x31: 	0x00000000

0x000014d0	0x00000000	Unkown Instruction 

All Registers: 
x0: 	0x00000000
x1: 	0x00000000
x2: 	0x00000000
x3: 	0x00000000
x4: 	0x00000000
x5: 	0x00000000
x6: 	0x00000000
x7: 	0x00000000
x8: 	0x00000000
x9: 	0x00000000
x10: 	0x00000000
x11: 	0x00000000
x12: 	0x00000000
x13: 	0x00000000
x14: 	0x00000000
x15: 	0x00000000
x16: 	0x00000000
x17: 	0x00000000
x18: 	0x00000000
x19: 	0x00000000
x20: 	0x00000000
x21: 	0x00000000
x22: 	0x00000000
x23: 	0x00000000
x24: 	0x00000000
x25: 	0x00000000
x26: 	0x00000000
x27: 	0x00000000
x28: 	0x00000000
x29: 	0x00000000
x30: 	0x00000000
x31: 	0x00000000

0x000014d4	0x00000000	Unkown Instruction 

All Registers: 
x0: 	0x00000000
x1: 	0x00000000
x2: 	0x00000000
x3: 	0x00000000
x4: 	0x00000000
x5: 	0x00000000
x6: 	0x00000000
x7: 	0x00000000
x8: 	0x00000000
x9: 	0x00000000
x10: 	0x00000000
x11: 	0x00000000
x12: 	0x00000000
x13: 	0x00000000
x14: 	0x00000000
x15: 	0x00000000
x16: 	0x00000000
x17: 	0x00000000
x18: 	0x00000000
x19: 	0x00000000
x20: 	0x00000000
x21: 	0x00000000
x22: 	0x00000000
x23: 	0x00000000
x24: 	0x00000000
x25: 	0x00000000
x26: 	0x00000000
x27: 	0x00000000
x28: 	0x00000000
x29: 	0x00000000
x30: 	0x00000000
x31: 	0x00000000

0x000014d8	0x00000000	Unkown Instruction 

All Registers: 
x0: 	0x00000000
x1: 	0x00000000
x2: 	0x00000000
x3: 	0x00000000
x4: 	0x00000000
x5: 	0x00000000
x6: 	0x00000000
x7: 	0x00000000
x8: 	0x00000000
x9: 	0x00000000
x10: 	0x00000000
x11: 	0x00000000
x12: 	0x00000000
x13: 	0x00000000
x14: 	0x00000000
x15: 	0x00000000
x16: 	0x00000000
x17: 	0x00000000
x18: 	0x00000000
x19: 	0x00000000
x20: 	0x00000000
x21: 	0x00000000
x22: 	0x00000000
x23: 	0x00000000
x24: 	0x00000000
x25: 	0x00000000
x26: 	0x00000000
x27: 	0x00000000
x28: 	0x00000000
x29: 	0x00000000
x30: 	0x00000000
x31: 	0x00000000

0x000014dc	0x00000000	Unkown Instruction 

All Registers: 
x0: 	0x00000000
x1: 	0x00000000
x2: 	0x00000000
x3: 	0x00000000
x4: 	0x00000000
x5: 	0x00000000
x6: 	0x00000000
x7: 	0x00000000
x8: 	0x00000000
x9: 	0x00000000
x10: 	0x00000000
x11: 	0x00000000
x12: 	0x00000000
x13: 	0x00000000
x14: 	0x00000000
x15: 	0x00000000
x16: 	0x00000000
x17: 	0x00000000
x18: 	0x00000000
x19: 	0x00000000
x20: 	0x00000000
x21: 	0x00000000
x22: 	0x00000000
x23: 	0x00000000
x24: 	0x00000000
x25: 	0x00000000
x26: 	0x00000000
x27: 	0x00000000
x28: 	0x00000000
x29: 	0x00000000
x30: 	0x00000000
x31: 	0x00000000

0x000014e0	0x00000000	Unkown Instruction 

All Registers: 
x0: 	0x00000000
x1: 	0x00000000
x2: 	0x00000000
x3: 	0x00000000
x4: 	0x00000000
x5: 	0x00000000
x6: 	0x00000000
x7: 	0x00000000
x8: 	0x00000000
x9: 	0x00000000
x10: 	0x00000000
x11: 	0x00000000
x12: 	0x00000000
x13: 	0x00000000
x14: 	0x00000000
x15: 	0x00000000
x16: 	0x00000000
x17: 	0x00000000
x18: 	0x00000000
x19: 	0x00000000
x20: 	0x00000000
x21: 	0x00000000
x22: 	0x00000000
x23: 	0x00000000
x24: 	0x00000000
x25: 	0x00000000
x26: 	0x00000000
x27: 	0x00000000
x28: 	0x00000000
x29: 	0x00000000
x30: 	0x00000000
x31: 	0x00000000

0x000014e4	0x00000000	Unkown Instruction 

All Registers: 
x0: 	0x00000000
x1: 	0x00000000
x2: 	0x00000000
x3: 	0x00000000
x4: 	0x00000000
x5: 	0x00000000
x6: 	0x00000000
x7: 	0x00000000
x8: 	0x00000000
x9: 	0x00000000
x10: 	0x00000000
x11: 	0x00000000
x12: 	0x00000000
x13: 	0x00000000
x14: 	0x00000000
x15: 	0x00000000
x16: 	0x00000000
x17: 	0x00000000
x18: 	0x00000000
x19: 	0x00000000
x20: 	0x00000000
x21: 	0x00000000
x22: 	0x00000000
x23: 	0x00000000
x24: 	0x00000000
x25: 	0x00000000
x26: 	0x00000000
x27: 	0x00000000
x28: 	0x00000000
x29: 	0x00000000
x30: 	0x00000000
x31: 	0x00000000

0x000014e8	0x00000000	Unkown Instruction 

All Registers: 
x0: 	0x00000000
x1: 	0x00000000
x2: 	0x00000000
x3: 	0x00000000
x4: 	0x00000000
x5: 	0x00000000
x6: 	0x00000000
x7: 	0x00000000
x8: 	0x00000000
x9: 	0x00000000
x10: 	0x00000000
x11: 	0x00000000
x12: 	0x00000000
x13: 	0x00000000
x14: 	0x00000000
x15: 	0x00000000
x16: 	0x00000000
x17: 	0x00000000
x18: 	0x00000000
x19: 	0x00000000
x20: 	0x00000000
x21: 	0x00000000
x22: 	0x00000000
x23: 	0x00000000
x24: 	0x00000000
x25: 	0x00000000
x26: 	0x00000000
x27: 	0x00000000
x28: 	0x00000000
x29: 	0x00000000
x30: 	0x00000000
x31: 	0x00000000

0x000014ec	0x00000000	Unkown Instruction 

All Registers: 
x0: 	0x00000000
x1: 	0x00000000
x2: 	0x00000000
x3: 	0x00000000
x4: 	0x00000000
x5: 	0x00000000
x6: 	0x00000000
x7: 	0x00000000
x8: 	0x00000000
x9: 	0x00000000
x10: 	0x00000000
x11: 	0x00000000
x12: 	0x00000000
x13: 	0x00000000
x14: 	0x00000000
x15: 	0x00000000
x16: 	0x00000000
x17: 	0x00000000
x18: 	0x00000000
x19: 	0x00000000
x20: 	0x00000000
x21: 	0x00000000
x22: 	0x00000000
x23: 	0x00000000
x24: 	0x00000000
x25: 	0x00000000
x26: 	0x00000000
x27: 	0x00000000
x28: 	0x00000000
x29: 	0x00000000
x30: 	0x00000000
x31: 	0x00000000

0x000014f0	0x00000000	Unkown Instruction 

All Registers: 
x0: 	0x00000000
x1: 	0x00000000
x2: 	0x00000000
x3: 	0x00000000
x4: 	0x00000000
x5: 	0x00000000
x6: 	0x00000000
x7: 	0x00000000
x8: 	0x00000000
x9: 	0x00000000
x10: 	0x00000000
x11: 	0x00000000
x12: 	0x00000000
x13: 	0x00000000
x14: 	0x00000000
x15: 	0x00000000
x16: 	0x00000000
x17: 	0x00000000
x18: 	0x00000000
x19: 	0x00000000
x20: 	0x00000000
x21: 	0x00000000
x22: 	0x00000000
x23: 	0x00000000
x24: 	0x00000000
x25: 	0x00000000
x26: 	0x00000000
x27: 	0x00000000
x28: 	0x00000000
x29: 	0x00000000
x30: 	0x00000000
x31: 	0x00000000

0x000014f4	0x00000000	Unkown Instruction 

All Registers: 
x0: 	0x00000000
x1: 	0x00000000
x2: 	0x00000000
x3: 	0x00000000
x4: 	0x00000000
x5: 	0x00000000
x6: 	0x00000000
x7: 	0x00000000
x8: 	0x00000000
x9: 	0x00000000
x10: 	0x00000000
x11: 	0x00000000
x12: 	0x00000000
x13: 	0x00000000
x14: 	0x00000000
x15: 	0x00000000
x16: 	0x00000000
x17: 	0x00000000
x18: 	0x00000000
x19: 	0x00000000
x20: 	0x00000000
x21: 	0x00000000
x22: 	0x00000000
x23: 	0x00000000
x24: 	0x00000000
x25: 	0x00000000
x26: 	0x00000000
x27: 	0x00000000
x28: 	0x00000000
x29: 	0x00000000
x30: 	0x00000000
x31: 	0x00000000

0x000014f8	0x00000000	Unkown Instruction 

All Registers: 
x0: 	0x00000000
x1: 	0x00000000
x2: 	0x00000000
x3: 	0x00000000
x4: 	0x00000000
x5: 	0x00000000
x6: 	0x00000000
x7: 	0x00000000
x8: 	0x00000000
x9: 	0x00000000
x10: 	0x00000000
x11: 	0x00000000
x12: 	0x00000000
x13: 	0x00000000
x14: 	0x00000000
x15: 	0x00000000
x16: 	0x00000000
x17: 	0x00000000
x18: 	0x00000000
x19: 	0x00000000
x20: 	0x00000000
x21: 	0x00000000
x22: 	0x00000000
x23: 	0x00000000
x24: 	0x00000000
x25: 	0x00000000
x26: 	0x00000000
x27: 	0x00000000
x28: 	0x00000000
x29: 	0x00000000
x30: 	0x00000000
x31: 	0x00000000

0x000014fc	0x00000000	Unkown Instruction 

All Registers: 
x0: 	0x00000000
x1: 	0x00000000
x2: 	0x00000000
x3: 	0x00000000
x4: 	0x00000000
x5: 	0x00000000
x6: 	0x00000000
x7: 	0x00000000
x8: 	0x00000000
x9: 	0x00000000
x10: 	0x00000000
x11: 	0x00000000
x12: 	0x00000000
x13: 	0x00000000
x14: 	0x00000000
x15: 	0x00000000
x16: 	0x00000000
x17: 	0x00000000
x18: 	0x00000000
x19: 	0x00000000
x20: 	0x00000000
x21: 	0x00000000
x22: 	0x00000000
x23: 	0x00000000
x24: 	0x00000000
x25: 	0x00000000
x26: 	0x00000000
x27: 	0x00000000
x28: 	0x00000000
x29: 	0x00000000
x30: 	0x00000000
x31: 	0x00000000

0x00001500	0x00000000	Unkown Instruction 

All Registers: 
x0: 	0x00000000
x1: 	0x00000000
x2: 	0x00000000
x3: 	0x00000000
x4: 	0x00000000
x5: 	0x00000000
x6: 	0x00000000
x7: 	0x00000000
x8: 	0x00000000
x9: 	0x00000000
x10: 	0x00000000
x11: 	0x00000000
x12: 	0x00000000
x13: 	0x00000000
x14: 	0x00000000
x15: 	0x00000000
x16: 	0x00000000
x17: 	0x00000000
x18: 	0x00000000
x19: 	0x00000000
x20: 	0x00000000
x21: 	0x00000000
x22: 	0x00000000
x23: 	0x00000000
x24: 	0x00000000
x25: 	0x00000000
x26: 	0x00000000
x27: 	0x00000000
x28: 	0x00000000
x29: 	0x00000000
x30: 	0x00000000
x31: 	0x00000000

0x00001504	0x00000000	Unkown Instruction 

All Registers: 
x0: 	0x00000000
x1: 	0x00000000
x2: 	0x00000000
x3: 	0x00000000
x4: 	0x00000000
x5: 	0x00000000
x6: 	0x00000000
x7: 	0x00000000
x8: 	0x00000000
x9: 	0x00000000
x10: 	0x00000000
x11: 	0x00000000
x12: 	0x00000000
x13: 	0x00000000
x14: 	0x00000000
x15: 	0x00000000
x16: 	0x00000000
x17: 	0x00000000
x18: 	0x00000000
x19: 	0x00000000
x20: 	0x00000000
x21: 	0x00000000
x22: 	0x00000000
x23: 	0x00000000
x24: 	0x00000000
x25: 	0x00000000
x26: 	0x00000000
x27: 	0x00000000
x28: 	0x00000000
x29: 	0x00000000
x30: 	0x00000000
x31: 	0x00000000

0x00001508	0x00000000	Unkown Instruction 

All Registers: 
x0: 	0x00000000
x1: 	0x00000000
x2: 	0x00000000
x3: 	0x00000000
x4: 	0x00000000
x5: 	0x00000000
x6: 	0x00000000
x7: 	0x00000000
x8: 	0x00000000
x9: 	0x00000000
x10: 	0x00000000
x11: 	0x00000000
x12: 	0x00000000
x13: 	0x00000000
x14: 	0x00000000
x15: 	0x00000000
x16: 	0x00000000
x17: 	0x00000000
x18: 	0x00000000
x19: 	0x00000000
x20: 	0x00000000
x21: 	0x00000000
x22: 	0x00000000
x23: 	0x00000000
x24: 	0x00000000
x25: 	0x00000000
x26: 	0x00000000
x27: 	0x00000000
x28: 	0x00000000
x29: 	0x00000000
x30: 	0x00000000
x31: 	0x00000000

0x0000150c	0x00000000	Unkown Instruction 

All Registers: 
x0: 	0x00000000
x1: 	0x00000000
x2: 	0x00000000
x3: 	0x00000000
x4: 	0x00000000
x5: 	0x00000000
x6: 	0x00000000
x7: 	0x00000000
x8: 	0x00000000
x9: 	0x00000000
x10: 	0x00000000
x11: 	0x00000000
x12: 	0x00000000
x13: 	0x00000000
x14: 	0x00000000
x15: 	0x00000000
x16: 	0x00000000
x17: 	0x00000000
x18: 	0x00000000
x19: 	0x00000000
x20: 	0x00000000
x21: 	0x00000000
x22: 	0x00000000
x23: 	0x00000000
x24: 	0x00000000
x25: 	0x00000000
x26: 	0x00000000
x27: 	0x00000000
x28: 	0x00000000
x29: 	0x00000000
x30: 	0x00000000
x31: 	0x00000000

0x00001510	0x00000000	Unkown Instruction 

All Registers: 
x0: 	0x00000000
x1: 	0x00000000
x2: 	0x00000000
x3: 	0x00000000
x4: 	0x00000000
x5: 	0x00000000
x6: 	0x00000000
x7: 	0x00000000
x8: 	0x00000000
x9: 	0x00000000
x10: 	0x00000000
x11: 	0x00000000
x12: 	0x00000000
x13: 	0x00000000
x14: 	0x00000000
x15: 	0x00000000
x16: 	0x00000000
x17: 	0x00000000
x18: 	0x00000000
x19: 	0x00000000
x20: 	0x00000000
x21: 	0x00000000
x22: 	0x00000000
x23: 	0x00000000
x24: 	0x00000000
x25: 	0x00000000
x26: 	0x00000000
x27: 	0x00000000
x28: 	0x00000000
x29: 	0x00000000
x30: 	0x00000000
x31: 	0x00000000

0x00001514	0x00000000	Unkown Instruction 

All Registers: 
x0: 	0x00000000
x1: 	0x00000000
x2: 	0x00000000
x3: 	0x00000000
x4: 	0x00000000
x5: 	0x00000000
x6: 	0x00000000
x7: 	0x00000000
x8: 	0x00000000
x9: 	0x00000000
x10: 	0x00000000
x11: 	0x00000000
x12: 	0x00000000
x13: 	0x00000000
x14: 	0x00000000
x15: 	0x00000000
x16: 	0x00000000
x17: 	0x00000000
x18: 	0x00000000
x19: 	0x00000000
x20: 	0x00000000
x21: 	0x00000000
x22: 	0x00000000
x23: 	0x00000000
x24: 	0x00000000
x25: 	0x00000000
x26: 	0x00000000
x27: 	0x00000000
x28: 	0x00000000
x29: 	0x00000000
x30: 	0x00000000
x31: 	0x00000000

0x00001518	0x00000000	Unkown Instruction 

All Registers: 
x0: 	0x00000000
x1: 	0x00000000
x2: 	0x00000000
x3: 	0x00000000
x4: 	0x00000000
x5: 	0x00000000
x6: 	0x00000000
x7: 	0x00000000
x8: 	0x00000000
x9: 	0x00000000
x10: 	0x00000000
x11: 	0x00000000
x12: 	0x00000000
x13: 	0x00000000
x14: 	0x00000000
x15: 	0x00000000
x16: 	0x00000000
x17: 	0x00000000
x18: 	0x00000000
x19: 	0x00000000
x20: 	0x00000000
x21: 	0x00000000
x22: 	0x00000000
x23: 	0x00000000
x24: 	0x00000000
x25: 	0x00000000
x26: 	0x00000000
x27: 	0x00000000
x28: 	0x00000000
x29: 	0x00000000
x30: 	0x00000000
x31: 	0x00000000

0x0000151c	0x00000000	Unkown Instruction 

All Registers: 
x0: 	0x00000000
x1: 	0x00000000
x2: 	0x00000000
x3: 	0x00000000
x4: 	0x00000000
x5: 	0x00000000
x6: 	0x00000000
x7: 	0x00000000
x8: 	0x00000000
x9: 	0x00000000
x10: 	0x00000000
x11: 	0x00000000
x12: 	0x00000000
x13: 	0x00000000
x14: 	0x00000000
x15: 	0x00000000
x16: 	0x00000000
x17: 	0x00000000
x18: 	0x00000000
x19: 	0x00000000
x20: 	0x00000000
x21: 	0x00000000
x22: 	0x00000000
x23: 	0x00000000
x24: 	0x00000000
x25: 	0x00000000
x26: 	0x00000000
x27: 	0x00000000
x28: 	0x00000000
x29: 	0x00000000
x30: 	0x00000000
x31: 	0x00000000

0x00001520	0x00000000	Unkown Instruction 

All Registers: 
x0: 	0x00000000
x1: 	0x00000000
x2: 	0x00000000
x3: 	0x00000000
x4: 	0x00000000
x5: 	0x00000000
x6: 	0x00000000
x7: 	0x00000000
x8: 	0x00000000
x9: 	0x00000000
x10: 	0x00000000
x11: 	0x00000000
x12: 	0x00000000
x13: 	0x00000000
x14: 	0x00000000
x15: 	0x00000000
x16: 	0x00000000
x17: 	0x00000000
x18: 	0x00000000
x19: 	0x00000000
x20: 	0x00000000
x21: 	0x00000000
x22: 	0x00000000
x23: 	0x00000000
x24: 	0x00000000
x25: 	0x00000000
x26: 	0x00000000
x27: 	0x00000000
x28: 	0x00000000
x29: 	0x00000000
x30: 	0x00000000
x31: 	0x00000000

0x00001524	0x00000000	Unkown Instruction 

All Registers: 
x0: 	0x00000000
x1: 	0x00000000
x2: 	0x00000000
x3: 	0x00000000
x4: 	0x00000000
x5: 	0x00000000
x6: 	0x00000000
x7: 	0x00000000
x8: 	0x00000000
x9: 	0x00000000
x10: 	0x00000000
x11: 	0x00000000
x12: 	0x00000000
x13: 	0x00000000
x14: 	0x00000000
x15: 	0x00000000
x16: 	0x00000000
x17: 	0x00000000
x18: 	0x00000000
x19: 	0x00000000
x20: 	0x00000000
x21: 	0x00000000
x22: 	0x00000000
x23: 	0x00000000
x24: 	0x00000000
x25: 	0x00000000
x26: 	0x00000000
x27: 	0x00000000
x28: 	0x00000000
x29: 	0x00000000
x30: 	0x00000000
x31: 	0x00000000

0x00001528	0x00000000	Unkown Instruction 

All Registers: 
x0: 	0x00000000
x1: 	0x00000000
x2: 	0x00000000
x3: 	0x00000000
x4: 	0x00000000
x5: 	0x00000000
x6: 	0x00000000
x7: 	0x00000000
x8: 	0x00000000
x9: 	0x00000000
x10: 	0x00000000
x11: 	0x00000000
x12: 	0x00000000
x13: 	0x00000000
x14: 	0x00000000
x15: 	0x00000000
x16: 	0x00000000
x17: 	0x00000000
x18: 	0x00000000
x19: 	0x00000000
x20: 	0x00000000
x21: 	0x00000000
x22: 	0x00000000
x23: 	0x00000000
x24: 	0x00000000
x25: 	0x00000000
x26: 	0x00000000
x27: 	0x00000000
x28: 	0x00000000
x29: 	0x00000000
x30: 	0x00000000
x31: 	0x00000000

0x0000152c	0x00000000	Unkown Instruction 

All Registers: 
x0: 	0x00000000
x1: 	0x00000000
x2: 	0x00000000
x3: 	0x00000000
x4: 	0x00000000
x5: 	0x00000000
x6: 	0x00000000
x7: 	0x00000000
x8: 	0x00000000
x9: 	0x00000000
x10: 	0x00000000
x11: 	0x00000000
x12: 	0x00000000
x13: 	0x00000000
x14: 	0x00000000
x15: 	0x00000000
x16: 	0x00000000
x17: 	0x00000000
x18: 	0x00000000
x19: 	0x00000000
x20: 	0x00000000
x21: 	0x00000000
x22: 	0x00000000
x23: 	0x00000000
x24: 	0x00000000
x25: 	0x00000000
x26: 	0x00000000
x27: 	0x00000000
x28: 	0x00000000
x29: 	0x00000000
x30: 	0x00000000
x31: 	0x00000000

0x00001530	0x00000000	Unkown Instruction 

All Registers: 
x0: 	0x00000000
x1: 	0x00000000
x2: 	0x00000000
x3: 	0x00000000
x4: 	0x00000000
x5: 	0x00000000
x6: 	0x00000000
x7: 	0x00000000
x8: 	0x00000000
x9: 	0x00000000
x10: 	0x00000000
x11: 	0x00000000
x12: 	0x00000000
x13: 	0x00000000
x14: 	0x00000000
x15: 	0x00000000
x16: 	0x00000000
x17: 	0x00000000
x18: 	0x00000000
x19: 	0x00000000
x20: 	0x00000000
x21: 	0x00000000
x22: 	0x00000000
x23: 	0x00000000
x24: 	0x00000000
x25: 	0x00000000
x26: 	0x00000000
x27: 	0x00000000
x28: 	0x00000000
x29: 	0x00000000
x30: 	0x00000000
x31: 	0x00000000

0x00001534	0x00000000	Unkown Instruction 

All Registers: 
x0: 	0x00000000
x1: 	0x00000000
x2: 	0x00000000
x3: 	0x00000000
x4: 	0x00000000
x5: 	0x00000000
x6: 	0x00000000
x7: 	0x00000000
x8: 	0x00000000
x9: 	0x00000000
x10: 	0x00000000
x11: 	0x00000000
x12: 	0x00000000
x13: 	0x00000000
x14: 	0x00000000
x15: 	0x00000000
x16: 	0x00000000
x17: 	0x00000000
x18: 	0x00000000
x19: 	0x00000000
x20: 	0x00000000
x21: 	0x00000000
x22: 	0x00000000
x23: 	0x00000000
x24: 	0x00000000
x25: 	0x00000000
x26: 	0x00000000
x27: 	0x00000000
x28: 	0x00000000
x29: 	0x00000000
x30: 	0x00000000
x31: 	0x00000000

0x00001538	0x00000000	Unkown Instruction 

All Registers: 
x0: 	0x00000000
x1: 	0x00000000
x2: 	0x00000000
x3: 	0x00000000
x4: 	0x00000000
x5: 	0x00000000
x6: 	0x00000000
x7: 	0x00000000
x8: 	0x00000000
x9: 	0x00000000
x10: 	0x00000000
x11: 	0x00000000
x12: 	0x00000000
x13: 	0x00000000
x14: 	0x00000000
x15: 	0x00000000
x16: 	0x00000000
x17: 	0x00000000
x18: 	0x00000000
x19: 	0x00000000
x20: 	0x00000000
x21: 	0x00000000
x22: 	0x00000000
x23: 	0x00000000
x24: 	0x00000000
x25: 	0x00000000
x26: 	0x00000000
x27: 	0x00000000
x28: 	0x00000000
x29: 	0x00000000
x30: 	0x00000000
x31: 	0x00000000

0x0000153c	0x00000000	Unkown Instruction 

All Registers: 
x0: 	0x00000000
x1: 	0x00000000
x2: 	0x00000000
x3: 	0x00000000
x4: 	0x00000000
x5: 	0x00000000
x6: 	0x00000000
x7: 	0x00000000
x8: 	0x00000000
x9: 	0x00000000
x10: 	0x00000000
x11: 	0x00000000
x12: 	0x00000000
x13: 	0x00000000
x14: 	0x00000000
x15: 	0x00000000
x16: 	0x00000000
x17: 	0x00000000
x18: 	0x00000000
x19: 	0x00000000
x20: 	0x00000000
x21: 	0x00000000
x22: 	0x00000000
x23: 	0x00000000
x24: 	0x00000000
x25: 	0x00000000
x26: 	0x00000000
x27: 	0x00000000
x28: 	0x00000000
x29: 	0x00000000
x30: 	0x00000000
x31: 	0x00000000

0x00001540	0x00000000	Unkown Instruction 

All Registers: 
x0: 	0x00000000
x1: 	0x00000000
x2: 	0x00000000
x3: 	0x00000000
x4: 	0x00000000
x5: 	0x00000000
x6: 	0x00000000
x7: 	0x00000000
x8: 	0x00000000
x9: 	0x00000000
x10: 	0x00000000
x11: 	0x00000000
x12: 	0x00000000
x13: 	0x00000000
x14: 	0x00000000
x15: 	0x00000000
x16: 	0x00000000
x17: 	0x00000000
x18: 	0x00000000
x19: 	0x00000000
x20: 	0x00000000
x21: 	0x00000000
x22: 	0x00000000
x23: 	0x00000000
x24: 	0x00000000
x25: 	0x00000000
x26: 	0x00000000
x27: 	0x00000000
x28: 	0x00000000
x29: 	0x00000000
x30: 	0x00000000
x31: 	0x00000000

0x00001544	0x00000000	Unkown Instruction 

All Registers: 
x0: 	0x00000000
x1: 	0x00000000
x2: 	0x00000000
x3: 	0x00000000
x4: 	0x00000000
x5: 	0x00000000
x6: 	0x00000000
x7: 	0x00000000
x8: 	0x00000000
x9: 	0x00000000
x10: 	0x00000000
x11: 	0x00000000
x12: 	0x00000000
x13: 	0x00000000
x14: 	0x00000000
x15: 	0x00000000
x16: 	0x00000000
x17: 	0x00000000
x18: 	0x00000000
x19: 	0x00000000
x20: 	0x00000000
x21: 	0x00000000
x22: 	0x00000000
x23: 	0x00000000
x24: 	0x00000000
x25: 	0x00000000
x26: 	0x00000000
x27: 	0x00000000
x28: 	0x00000000
x29: 	0x00000000
x30: 	0x00000000
x31: 	0x00000000

0x00001548	0x00000000	Unkown Instruction 

All Registers: 
x0: 	0x00000000
x1: 	0x00000000
x2: 	0x00000000
x3: 	0x00000000
x4: 	0x00000000
x5: 	0x00000000
x6: 	0x00000000
x7: 	0x00000000
x8: 	0x00000000
x9: 	0x00000000
x10: 	0x00000000
x11: 	0x00000000
x12: 	0x00000000
x13: 	0x00000000
x14: 	0x00000000
x15: 	0x00000000
x16: 	0x00000000
x17: 	0x00000000
x18: 	0x00000000
x19: 	0x00000000
x20: 	0x00000000
x21: 	0x00000000
x22: 	0x00000000
x23: 	0x00000000
x24: 	0x00000000
x25: 	0x00000000
x26: 	0x00000000
x27: 	0x00000000
x28: 	0x00000000
x29: 	0x00000000
x30: 	0x00000000
x31: 	0x00000000

0x0000154c	0x00000000	Unkown Instruction 

All Registers: 
x0: 	0x00000000
x1: 	0x00000000
x2: 	0x00000000
x3: 	0x00000000
x4: 	0x00000000
x5: 	0x00000000
x6: 	0x00000000
x7: 	0x00000000
x8: 	0x00000000
x9: 	0x00000000
x10: 	0x00000000
x11: 	0x00000000
x12: 	0x00000000
x13: 	0x00000000
x14: 	0x00000000
x15: 	0x00000000
x16: 	0x00000000
x17: 	0x00000000
x18: 	0x00000000
x19: 	0x00000000
x20: 	0x00000000
x21: 	0x00000000
x22: 	0x00000000
x23: 	0x00000000
x24: 	0x00000000
x25: 	0x00000000
x26: 	0x00000000
x27: 	0x00000000
x28: 	0x00000000
x29: 	0x00000000
x30: 	0x00000000
x31: 	0x00000000

0x00001550	0x00000000	Unkown Instruction 

All Registers: 
x0: 	0x00000000
x1: 	0x00000000
x2: 	0x00000000
x3: 	0x00000000
x4: 	0x00000000
x5: 	0x00000000
x6: 	0x00000000
x7: 	0x00000000
x8: 	0x00000000
x9: 	0x00000000
x10: 	0x00000000
x11: 	0x00000000
x12: 	0x00000000
x13: 	0x00000000
x14: 	0x00000000
x15: 	0x00000000
x16: 	0x00000000
x17: 	0x00000000
x18: 	0x00000000
x19: 	0x00000000
x20: 	0x00000000
x21: 	0x00000000
x22: 	0x00000000
x23: 	0x00000000
x24: 	0x00000000
x25: 	0x00000000
x26: 	0x00000000
x27: 	0x00000000
x28: 	0x00000000
x29: 	0x00000000
x30: 	0x00000000
x31: 	0x00000000

0x00001554	0x00000000	Unkown Instruction 

All Registers: 
x0: 	0x00000000
x1: 	0x00000000
x2: 	0x00000000
x3: 	0x00000000
x4: 	0x00000000
x5: 	0x00000000
x6: 	0x00000000
x7: 	0x00000000
x8: 	0x00000000
x9: 	0x00000000
x10: 	0x00000000
x11: 	0x00000000
x12: 	0x00000000
x13: 	0x00000000
x14: 	0x00000000
x15: 	0x00000000
x16: 	0x00000000
x17: 	0x00000000
x18: 	0x00000000
x19: 	0x00000000
x20: 	0x00000000
x21: 	0x00000000
x22: 	0x00000000
x23: 	0x00000000
x24: 	0x00000000
x25: 	0x00000000
x26: 	0x00000000
x27: 	0x00000000
x28: 	0x00000000
x29: 	0x00000000
x30: 	0x00000000
x31: 	0x00000000

0x00001558	0x00000000	Unkown Instruction 

All Registers: 
x0: 	0x00000000
x1: 	0x00000000
x2: 	0x00000000
x3: 	0x00000000
x4: 	0x00000000
x5: 	0x00000000
x6: 	0x00000000
x7: 	0x00000000
x8: 	0x00000000
x9: 	0x00000000
x10: 	0x00000000
x11: 	0x00000000
x12: 	0x00000000
x13: 	0x00000000
x14: 	0x00000000
x15: 	0x00000000
x16: 	0x00000000
x17: 	0x00000000
x18: 	0x00000000
x19: 	0x00000000
x20: 	0x00000000
x21: 	0x00000000
x22: 	0x00000000
x23: 	0x00000000
x24: 	0x00000000
x25: 	0x00000000
x26: 	0x00000000
x27: 	0x00000000
x28: 	0x00000000
x29: 	0x00000000
x30: 	0x00000000
x31: 	0x00000000

0x0000155c	0x00000000	Unkown Instruction 

All Registers: 
x0: 	0x00000000
x1: 	0x00000000
x2: 	0x00000000
x3: 	0x00000000
x4: 	0x00000000
x5: 	0x00000000
x6: 	0x00000000
x7: 	0x00000000
x8: 	0x00000000
x9: 	0x00000000
x10: 	0x00000000
x11: 	0x00000000
x12: 	0x00000000
x13: 	0x00000000
x14: 	0x00000000
x15: 	0x00000000
x16: 	0x00000000
x17: 	0x00000000
x18: 	0x00000000
x19: 	0x00000000
x20: 	0x00000000
x21: 	0x00000000
x22: 	0x00000000
x23: 	0x00000000
x24: 	0x00000000
x25: 	0x00000000
x26: 	0x00000000
x27: 	0x00000000
x28: 	0x00000000
x29: 	0x00000000
x30: 	0x00000000
x31: 	0x00000000

0x00001560	0x00000000	Unkown Instruction 

All Registers: 
x0: 	0x00000000
x1: 	0x00000000
x2: 	0x00000000
x3: 	0x00000000
x4: 	0x00000000
x5: 	0x00000000
x6: 	0x00000000
x7: 	0x00000000
x8: 	0x00000000
x9: 	0x00000000
x10: 	0x00000000
x11: 	0x00000000
x12: 	0x00000000
x13: 	0x00000000
x14: 	0x00000000
x15: 	0x00000000
x16: 	0x00000000
x17: 	0x00000000
x18: 	0x00000000
x19: 	0x00000000
x20: 	0x00000000
x21: 	0x00000000
x22: 	0x00000000
x23: 	0x00000000
x24: 	0x00000000
x25: 	0x00000000
x26: 	0x00000000
x27: 	0x00000000
x28: 	0x00000000
x29: 	0x00000000
x30: 	0x00000000
x31: 	0x00000000

0x00001564	0x00000000	Unkown Instruction 

All Registers: 
x0: 	0x00000000
x1: 	0x00000000
x2: 	0x00000000
x3: 	0x00000000
x4: 	0x00000000
x5: 	0x00000000
x6: 	0x00000000
x7: 	0x00000000
x8: 	0x00000000
x9: 	0x00000000
x10: 	0x00000000
x11: 	0x00000000
x12: 	0x00000000
x13: 	0x00000000
x14: 	0x00000000
x15: 	0x00000000
x16: 	0x00000000
x17: 	0x00000000
x18: 	0x00000000
x19: 	0x00000000
x20: 	0x00000000
x21: 	0x00000000
x22: 	0x00000000
x23: 	0x00000000
x24: 	0x00000000
x25: 	0x00000000
x26: 	0x00000000
x27: 	0x00000000
x28: 	0x00000000
x29: 	0x00000000
x30: 	0x00000000
x31: 	0x00000000

0x00001568	0x00000000	Unkown Instruction 

All Registers: 
x0: 	0x00000000
x1: 	0x00000000
x2: 	0x00000000
x3: 	0x00000000
x4: 	0x00000000
x5: 	0x00000000
x6: 	0x00000000
x7: 	0x00000000
x8: 	0x00000000
x9: 	0x00000000
x10: 	0x00000000
x11: 	0x00000000
x12: 	0x00000000
x13: 	0x00000000
x14: 	0x00000000
x15: 	0x00000000
x16: 	0x00000000
x17: 	0x00000000
x18: 	0x00000000
x19: 	0x00000000
x20: 	0x00000000
x21: 	0x00000000
x22: 	0x00000000
x23: 	0x00000000
x24: 	0x00000000
x25: 	0x00000000
x26: 	0x00000000
x27: 	0x00000000
x28: 	0x00000000
x29: 	0x00000000
x30: 	0x00000000
x31: 	0x00000000

0x0000156c	0x00000000	Unkown Instruction 

All Registers: 
x0: 	0x00000000
x1: 	0x00000000
x2: 	0x00000000
x3: 	0x00000000
x4: 	0x00000000
x5: 	0x00000000
x6: 	0x00000000
x7: 	0x00000000
x8: 	0x00000000
x9: 	0x00000000
x10: 	0x00000000
x11: 	0x00000000
x12: 	0x00000000
x13: 	0x00000000
x14: 	0x00000000
x15: 	0x00000000
x16: 	0x00000000
x17: 	0x00000000
x18: 	0x00000000
x19: 	0x00000000
x20: 	0x00000000
x21: 	0x00000000
x22: 	0x00000000
x23: 	0x00000000
x24: 	0x00000000
x25: 	0x00000000
x26: 	0x00000000
x27: 	0x00000000
x28: 	0x00000000
x29: 	0x00000000
x30: 	0x00000000
x31: 	0x00000000

0x00001570	0x00000000	Unkown Instruction 

All Registers: 
x0: 	0x00000000
x1: 	0x00000000
x2: 	0x00000000
x3: 	0x00000000
x4: 	0x00000000
x5: 	0x00000000
x6: 	0x00000000
x7: 	0x00000000
x8: 	0x00000000
x9: 	0x00000000
x10: 	0x00000000
x11: 	0x00000000
x12: 	0x00000000
x13: 	0x00000000
x14: 	0x00000000
x15: 	0x00000000
x16: 	0x00000000
x17: 	0x00000000
x18: 	0x00000000
x19: 	0x00000000
x20: 	0x00000000
x21: 	0x00000000
x22: 	0x00000000
x23: 	0x00000000
x24: 	0x00000000
x25: 	0x00000000
x26: 	0x00000000
x27: 	0x00000000
x28: 	0x00000000
x29: 	0x00000000
x30: 	0x00000000
x31: 	0x00000000

0x00001574	0x00000000	Unkown Instruction 

All Registers: 
x0: 	0x00000000
x1: 	0x00000000
x2: 	0x00000000
x3: 	0x00000000
x4: 	0x00000000
x5: 	0x00000000
x6: 	0x00000000
x7: 	0x00000000
x8: 	0x00000000
x9: 	0x00000000
x10: 	0x00000000
x11: 	0x00000000
x12: 	0x00000000
x13: 	0x00000000
x14: 	0x00000000
x15: 	0x00000000
x16: 	0x00000000
x17: 	0x00000000
x18: 	0x00000000
x19: 	0x00000000
x20: 	0x00000000
x21: 	0x00000000
x22: 	0x00000000
x23: 	0x00000000
x24: 	0x00000000
x25: 	0x00000000
x26: 	0x00000000
x27: 	0x00000000
x28: 	0x00000000
x29: 	0x00000000
x30: 	0x00000000
x31: 	0x00000000

0x00001578	0x00000000	Unkown Instruction 

All Registers: 
x0: 	0x00000000
x1: 	0x00000000
x2: 	0x00000000
x3: 	0x00000000
x4: 	0x00000000
x5: 	0x00000000
x6: 	0x00000000
x7: 	0x00000000
x8: 	0x00000000
x9: 	0x00000000
x10: 	0x00000000
x11: 	0x00000000
x12: 	0x00000000
x13: 	0x00000000
x14: 	0x00000000
x15: 	0x00000000
x16: 	0x00000000
x17: 	0x00000000
x18: 	0x00000000
x19: 	0x00000000
x20: 	0x00000000
x21: 	0x00000000
x22: 	0x00000000
x23: 	0x00000000
x24: 	0x00000000
x25: 	0x00000000
x26: 	0x00000000
x27: 	0x00000000
x28: 	0x00000000
x29: 	0x00000000
x30: 	0x00000000
x31: 	0x00000000

0x0000157c	0x00000000	Unkown Instruction 

All Registers: 
x0: 	0x00000000
x1: 	0x00000000
x2: 	0x00000000
x3: 	0x00000000
x4: 	0x00000000
x5: 	0x00000000
x6: 	0x00000000
x7: 	0x00000000
x8: 	0x00000000
x9: 	0x00000000
x10: 	0x00000000
x11: 	0x00000000
x12: 	0x00000000
x13: 	0x00000000
x14: 	0x00000000
x15: 	0x00000000
x16: 	0x00000000
x17: 	0x00000000
x18: 	0x00000000
x19: 	0x00000000
x20: 	0x00000000
x21: 	0x00000000
x22: 	0x00000000
x23: 	0x00000000
x24: 	0x00000000
x25: 	0x00000000
x26: 	0x00000000
x27: 	0x00000000
x28: 	0x00000000
x29: 	0x00000000
x30: 	0x00000000
x31: 	0x00000000

0x00001580	0x00000000	Unkown Instruction 

All Registers: 
x0: 	0x00000000
x1: 	0x00000000
x2: 	0x00000000
x3: 	0x00000000
x4: 	0x00000000
x5: 	0x00000000
x6: 	0x00000000
x7: 	0x00000000
x8: 	0x00000000
x9: 	0x00000000
x10: 	0x00000000
x11: 	0x00000000
x12: 	0x00000000
x13: 	0x00000000
x14: 	0x00000000
x15: 	0x00000000
x16: 	0x00000000
x17: 	0x00000000
x18: 	0x00000000
x19: 	0x00000000
x20: 	0x00000000
x21: 	0x00000000
x22: 	0x00000000
x23: 	0x00000000
x24: 	0x00000000
x25: 	0x00000000
x26: 	0x00000000
x27: 	0x00000000
x28: 	0x00000000
x29: 	0x00000000
x30: 	0x00000000
x31: 	0x00000000

0x00001584	0x00000000	Unkown Instruction 

All Registers: 
x0: 	0x00000000
x1: 	0x00000000
x2: 	0x00000000
x3: 	0x00000000
x4: 	0x00000000
x5: 	0x00000000
x6: 	0x00000000
x7: 	0x00000000
x8: 	0x00000000
x9: 	0x00000000
x10: 	0x00000000
x11: 	0x00000000
x12: 	0x00000000
x13: 	0x00000000
x14: 	0x00000000
x15: 	0x00000000
x16: 	0x00000000
x17: 	0x00000000
x18: 	0x00000000
x19: 	0x00000000
x20: 	0x00000000
x21: 	0x00000000
x22: 	0x00000000
x23: 	0x00000000
x24: 	0x00000000
x25: 	0x00000000
x26: 	0x00000000
x27: 	0x00000000
x28: 	0x00000000
x29: 	0x00000000
x30: 	0x00000000
x31: 	0x00000000

0x00001588	0x00000000	Unkown Instruction 

All Registers: 
x0: 	0x00000000
x1: 	0x00000000
x2: 	0x00000000
x3: 	0x00000000
x4: 	0x00000000
x5: 	0x00000000
x6: 	0x00000000
x7: 	0x00000000
x8: 	0x00000000
x9: 	0x00000000
x10: 	0x00000000
x11: 	0x00000000
x12: 	0x00000000
x13: 	0x00000000
x14: 	0x00000000
x15: 	0x00000000
x16: 	0x00000000
x17: 	0x00000000
x18: 	0x00000000
x19: 	0x00000000
x20: 	0x00000000
x21: 	0x00000000
x22: 	0x00000000
x23: 	0x00000000
x24: 	0x00000000
x25: 	0x00000000
x26: 	0x00000000
x27: 	0x00000000
x28: 	0x00000000
x29: 	0x00000000
x30: 	0x00000000
x31: 	0x00000000

0x0000158c	0x00000000	Unkown Instruction 

All Registers: 
x0: 	0x00000000
x1: 	0x00000000
x2: 	0x00000000
x3: 	0x00000000
x4: 	0x00000000
x5: 	0x00000000
x6: 	0x00000000
x7: 	0x00000000
x8: 	0x00000000
x9: 	0x00000000
x10: 	0x00000000
x11: 	0x00000000
x12: 	0x00000000
x13: 	0x00000000
x14: 	0x00000000
x15: 	0x00000000
x16: 	0x00000000
x17: 	0x00000000
x18: 	0x00000000
x19: 	0x00000000
x20: 	0x00000000
x21: 	0x00000000
x22: 	0x00000000
x23: 	0x00000000
x24: 	0x00000000
x25: 	0x00000000
x26: 	0x00000000
x27: 	0x00000000
x28: 	0x00000000
x29: 	0x00000000
x30: 	0x00000000
x31: 	0x00000000

0x00001590	0x00000000	Unkown Instruction 

All Registers: 
x0: 	0x00000000
x1: 	0x00000000
x2: 	0x00000000
x3: 	0x00000000
x4: 	0x00000000
x5: 	0x00000000
x6: 	0x00000000
x7: 	0x00000000
x8: 	0x00000000
x9: 	0x00000000
x10: 	0x00000000
x11: 	0x00000000
x12: 	0x00000000
x13: 	0x00000000
x14: 	0x00000000
x15: 	0x00000000
x16: 	0x00000000
x17: 	0x00000000
x18: 	0x00000000
x19: 	0x00000000
x20: 	0x00000000
x21: 	0x00000000
x22: 	0x00000000
x23: 	0x00000000
x24: 	0x00000000
x25: 	0x00000000
x26: 	0x00000000
x27: 	0x00000000
x28: 	0x00000000
x29: 	0x00000000
x30: 	0x00000000
x31: 	0x00000000

0x00001594	0x00000000	Unkown Instruction 

All Registers: 
x0: 	0x00000000
x1: 	0x00000000
x2: 	0x00000000
x3: 	0x00000000
x4: 	0x00000000
x5: 	0x00000000
x6: 	0x00000000
x7: 	0x00000000
x8: 	0x00000000
x9: 	0x00000000
x10: 	0x00000000
x11: 	0x00000000
x12: 	0x00000000
x13: 	0x00000000
x14: 	0x00000000
x15: 	0x00000000
x16: 	0x00000000
x17: 	0x00000000
x18: 	0x00000000
x19: 	0x00000000
x20: 	0x00000000
x21: 	0x00000000
x22: 	0x00000000
x23: 	0x00000000
x24: 	0x00000000
x25: 	0x00000000
x26: 	0x00000000
x27: 	0x00000000
x28: 	0x00000000
x29: 	0x00000000
x30: 	0x00000000
x31: 	0x00000000

0x00001598	0x00000000	Unkown Instruction 

All Registers: 
x0: 	0x00000000
x1: 	0x00000000
x2: 	0x00000000
x3: 	0x00000000
x4: 	0x00000000
x5: 	0x00000000
x6: 	0x00000000
x7: 	0x00000000
x8: 	0x00000000
x9: 	0x00000000
x10: 	0x00000000
x11: 	0x00000000
x12: 	0x00000000
x13: 	0x00000000
x14: 	0x00000000
x15: 	0x00000000
x16: 	0x00000000
x17: 	0x00000000
x18: 	0x00000000
x19: 	0x00000000
x20: 	0x00000000
x21: 	0x00000000
x22: 	0x00000000
x23: 	0x00000000
x24: 	0x00000000
x25: 	0x00000000
x26: 	0x00000000
x27: 	0x00000000
x28: 	0x00000000
x29: 	0x00000000
x30: 	0x00000000
x31: 	0x00000000

0x0000159c	0x00000000	Unkown Instruction 

All Registers: 
x0: 	0x00000000
x1: 	0x00000000
x2: 	0x00000000
x3: 	0x00000000
x4: 	0x00000000
x5: 	0x00000000
x6: 	0x00000000
x7: 	0x00000000
x8: 	0x00000000
x9: 	0x00000000
x10: 	0x00000000
x11: 	0x00000000
x12: 	0x00000000
x13: 	0x00000000
x14: 	0x00000000
x15: 	0x00000000
x16: 	0x00000000
x17: 	0x00000000
x18: 	0x00000000
x19: 	0x00000000
x20: 	0x00000000
x21: 	0x00000000
x22: 	0x00000000
x23: 	0x00000000
x24: 	0x00000000
x25: 	0x00000000
x26: 	0x00000000
x27: 	0x00000000
x28: 	0x00000000
x29: 	0x00000000
x30: 	0x00000000
x31: 	0x00000000

0x000015a0	0x00000000	Unkown Instruction 

All Registers: 
x0: 	0x00000000
x1: 	0x00000000
x2: 	0x00000000
x3: 	0x00000000
x4: 	0x00000000
x5: 	0x00000000
x6: 	0x00000000
x7: 	0x00000000
x8: 	0x00000000
x9: 	0x00000000
x10: 	0x00000000
x11: 	0x00000000
x12: 	0x00000000
x13: 	0x00000000
x14: 	0x00000000
x15: 	0x00000000
x16: 	0x00000000
x17: 	0x00000000
x18: 	0x00000000
x19: 	0x00000000
x20: 	0x00000000
x21: 	0x00000000
x22: 	0x00000000
x23: 	0x00000000
x24: 	0x00000000
x25: 	0x00000000
x26: 	0x00000000
x27: 	0x00000000
x28: 	0x00000000
x29: 	0x00000000
x30: 	0x00000000
x31: 	0x00000000

0x000015a4	0x00000000	Unkown Instruction 

All Registers: 
x0: 	0x00000000
x1: 	0x00000000
x2: 	0x00000000
x3: 	0x00000000
x4: 	0x00000000
x5: 	0x00000000
x6: 	0x00000000
x7: 	0x00000000
x8: 	0x00000000
x9: 	0x00000000
x10: 	0x00000000
x11: 	0x00000000
x12: 	0x00000000
x13: 	0x00000000
x14: 	0x00000000
x15: 	0x00000000
x16: 	0x00000000
x17: 	0x00000000
x18: 	0x00000000
x19: 	0x00000000
x20: 	0x00000000
x21: 	0x00000000
x22: 	0x00000000
x23: 	0x00000000
x24: 	0x00000000
x25: 	0x00000000
x26: 	0x00000000
x27: 	0x00000000
x28: 	0x00000000
x29: 	0x00000000
x30: 	0x00000000
x31: 	0x00000000

0x000015a8	0x00000000	Unkown Instruction 

All Registers: 
x0: 	0x00000000
x1: 	0x00000000
x2: 	0x00000000
x3: 	0x00000000
x4: 	0x00000000
x5: 	0x00000000
x6: 	0x00000000
x7: 	0x00000000
x8: 	0x00000000
x9: 	0x00000000
x10: 	0x00000000
x11: 	0x00000000
x12: 	0x00000000
x13: 	0x00000000
x14: 	0x00000000
x15: 	0x00000000
x16: 	0x00000000
x17: 	0x00000000
x18: 	0x00000000
x19: 	0x00000000
x20: 	0x00000000
x21: 	0x00000000
x22: 	0x00000000
x23: 	0x00000000
x24: 	0x00000000
x25: 	0x00000000
x26: 	0x00000000
x27: 	0x00000000
x28: 	0x00000000
x29: 	0x00000000
x30: 	0x00000000
x31: 	0x00000000

0x000015ac	0x00000000	Unkown Instruction 

All Registers: 
x0: 	0x00000000
x1: 	0x00000000
x2: 	0x00000000
x3: 	0x00000000
x4: 	0x00000000
x5: 	0x00000000
x6: 	0x00000000
x7: 	0x00000000
x8: 	0x00000000
x9: 	0x00000000
x10: 	0x00000000
x11: 	0x00000000
x12: 	0x00000000
x13: 	0x00000000
x14: 	0x00000000
x15: 	0x00000000
x16: 	0x00000000
x17: 	0x00000000
x18: 	0x00000000
x19: 	0x00000000
x20: 	0x00000000
x21: 	0x00000000
x22: 	0x00000000
x23: 	0x00000000
x24: 	0x00000000
x25: 	0x00000000
x26: 	0x00000000
x27: 	0x00000000
x28: 	0x00000000
x29: 	0x00000000
x30: 	0x00000000
x31: 	0x00000000

0x000015b0	0x00000000	Unkown Instruction 

All Registers: 
x0: 	0x00000000
x1: 	0x00000000
x2: 	0x00000000
x3: 	0x00000000
x4: 	0x00000000
x5: 	0x00000000
x6: 	0x00000000
x7: 	0x00000000
x8: 	0x00000000
x9: 	0x00000000
x10: 	0x00000000
x11: 	0x00000000
x12: 	0x00000000
x13: 	0x00000000
x14: 	0x00000000
x15: 	0x00000000
x16: 	0x00000000
x17: 	0x00000000
x18: 	0x00000000
x19: 	0x00000000
x20: 	0x00000000
x21: 	0x00000000
x22: 	0x00000000
x23: 	0x00000000
x24: 	0x00000000
x25: 	0x00000000
x26: 	0x00000000
x27: 	0x00000000
x28: 	0x00000000
x29: 	0x00000000
x30: 	0x00000000
x31: 	0x00000000

0x000015b4	0x00000000	Unkown Instruction 

All Registers: 
x0: 	0x00000000
x1: 	0x00000000
x2: 	0x00000000
x3: 	0x00000000
x4: 	0x00000000
x5: 	0x00000000
x6: 	0x00000000
x7: 	0x00000000
x8: 	0x00000000
x9: 	0x00000000
x10: 	0x00000000
x11: 	0x00000000
x12: 	0x00000000
x13: 	0x00000000
x14: 	0x00000000
x15: 	0x00000000
x16: 	0x00000000
x17: 	0x00000000
x18: 	0x00000000
x19: 	0x00000000
x20: 	0x00000000
x21: 	0x00000000
x22: 	0x00000000
x23: 	0x00000000
x24: 	0x00000000
x25: 	0x00000000
x26: 	0x00000000
x27: 	0x00000000
x28: 	0x00000000
x29: 	0x00000000
x30: 	0x00000000
x31: 	0x00000000

0x000015b8	0x00000000	Unkown Instruction 

All Registers: 
x0: 	0x00000000
x1: 	0x00000000
x2: 	0x00000000
x3: 	0x00000000
x4: 	0x00000000
x5: 	0x00000000
x6: 	0x00000000
x7: 	0x00000000
x8: 	0x00000000
x9: 	0x00000000
x10: 	0x00000000
x11: 	0x00000000
x12: 	0x00000000
x13: 	0x00000000
x14: 	0x00000000
x15: 	0x00000000
x16: 	0x00000000
x17: 	0x00000000
x18: 	0x00000000
x19: 	0x00000000
x20: 	0x00000000
x21: 	0x00000000
x22: 	0x00000000
x23: 	0x00000000
x24: 	0x00000000
x25: 	0x00000000
x26: 	0x00000000
x27: 	0x00000000
x28: 	0x00000000
x29: 	0x00000000
x30: 	0x00000000
x31: 	0x00000000

0x000015bc	0x00000000	Unkown Instruction 

All Registers: 
x0: 	0x00000000
x1: 	0x00000000
x2: 	0x00000000
x3: 	0x00000000
x4: 	0x00000000
x5: 	0x00000000
x6: 	0x00000000
x7: 	0x00000000
x8: 	0x00000000
x9: 	0x00000000
x10: 	0x00000000
x11: 	0x00000000
x12: 	0x00000000
x13: 	0x00000000
x14: 	0x00000000
x15: 	0x00000000
x16: 	0x00000000
x17: 	0x00000000
x18: 	0x00000000
x19: 	0x00000000
x20: 	0x00000000
x21: 	0x00000000
x22: 	0x00000000
x23: 	0x00000000
x24: 	0x00000000
x25: 	0x00000000
x26: 	0x00000000
x27: 	0x00000000
x28: 	0x00000000
x29: 	0x00000000
x30: 	0x00000000
x31: 	0x00000000

0x000015c0	0x00000000	Unkown Instruction 

All Registers: 
x0: 	0x00000000
x1: 	0x00000000
x2: 	0x00000000
x3: 	0x00000000
x4: 	0x00000000
x5: 	0x00000000
x6: 	0x00000000
x7: 	0x00000000
x8: 	0x00000000
x9: 	0x00000000
x10: 	0x00000000
x11: 	0x00000000
x12: 	0x00000000
x13: 	0x00000000
x14: 	0x00000000
x15: 	0x00000000
x16: 	0x00000000
x17: 	0x00000000
x18: 	0x00000000
x19: 	0x00000000
x20: 	0x00000000
x21: 	0x00000000
x22: 	0x00000000
x23: 	0x00000000
x24: 	0x00000000
x25: 	0x00000000
x26: 	0x00000000
x27: 	0x00000000
x28: 	0x00000000
x29: 	0x00000000
x30: 	0x00000000
x31: 	0x00000000

0x000015c4	0x00000000	Unkown Instruction 

All Registers: 
x0: 	0x00000000
x1: 	0x00000000
x2: 	0x00000000
x3: 	0x00000000
x4: 	0x00000000
x5: 	0x00000000
x6: 	0x00000000
x7: 	0x00000000
x8: 	0x00000000
x9: 	0x00000000
x10: 	0x00000000
x11: 	0x00000000
x12: 	0x00000000
x13: 	0x00000000
x14: 	0x00000000
x15: 	0x00000000
x16: 	0x00000000
x17: 	0x00000000
x18: 	0x00000000
x19: 	0x00000000
x20: 	0x00000000
x21: 	0x00000000
x22: 	0x00000000
x23: 	0x00000000
x24: 	0x00000000
x25: 	0x00000000
x26: 	0x00000000
x27: 	0x00000000
x28: 	0x00000000
x29: 	0x00000000
x30: 	0x00000000
x31: 	0x00000000

0x000015c8	0x00000000	Unkown Instruction 

All Registers: 
x0: 	0x00000000
x1: 	0x00000000
x2: 	0x00000000
x3: 	0x00000000
x4: 	0x00000000
x5: 	0x00000000
x6: 	0x00000000
x7: 	0x00000000
x8: 	0x00000000
x9: 	0x00000000
x10: 	0x00000000
x11: 	0x00000000
x12: 	0x00000000
x13: 	0x00000000
x14: 	0x00000000
x15: 	0x00000000
x16: 	0x00000000
x17: 	0x00000000
x18: 	0x00000000
x19: 	0x00000000
x20: 	0x00000000
x21: 	0x00000000
x22: 	0x00000000
x23: 	0x00000000
x24: 	0x00000000
x25: 	0x00000000
x26: 	0x00000000
x27: 	0x00000000
x28: 	0x00000000
x29: 	0x00000000
x30: 	0x00000000
x31: 	0x00000000

0x000015cc	0x00000000	Unkown Instruction 

All Registers: 
x0: 	0x00000000
x1: 	0x00000000
x2: 	0x00000000
x3: 	0x00000000
x4: 	0x00000000
x5: 	0x00000000
x6: 	0x00000000
x7: 	0x00000000
x8: 	0x00000000
x9: 	0x00000000
x10: 	0x00000000
x11: 	0x00000000
x12: 	0x00000000
x13: 	0x00000000
x14: 	0x00000000
x15: 	0x00000000
x16: 	0x00000000
x17: 	0x00000000
x18: 	0x00000000
x19: 	0x00000000
x20: 	0x00000000
x21: 	0x00000000
x22: 	0x00000000
x23: 	0x00000000
x24: 	0x00000000
x25: 	0x00000000
x26: 	0x00000000
x27: 	0x00000000
x28: 	0x00000000
x29: 	0x00000000
x30: 	0x00000000
x31: 	0x00000000

0x000015d0	0x00000000	Unkown Instruction 

All Registers: 
x0: 	0x00000000
x1: 	0x00000000
x2: 	0x00000000
x3: 	0x00000000
x4: 	0x00000000
x5: 	0x00000000
x6: 	0x00000000
x7: 	0x00000000
x8: 	0x00000000
x9: 	0x00000000
x10: 	0x00000000
x11: 	0x00000000
x12: 	0x00000000
x13: 	0x00000000
x14: 	0x00000000
x15: 	0x00000000
x16: 	0x00000000
x17: 	0x00000000
x18: 	0x00000000
x19: 	0x00000000
x20: 	0x00000000
x21: 	0x00000000
x22: 	0x00000000
x23: 	0x00000000
x24: 	0x00000000
x25: 	0x00000000
x26: 	0x00000000
x27: 	0x00000000
x28: 	0x00000000
x29: 	0x00000000
x30: 	0x00000000
x31: 	0x00000000

0x000015d4	0x00000000	Unkown Instruction 

All Registers: 
x0: 	0x00000000
x1: 	0x00000000
x2: 	0x00000000
x3: 	0x00000000
x4: 	0x00000000
x5: 	0x00000000
x6: 	0x00000000
x7: 	0x00000000
x8: 	0x00000000
x9: 	0x00000000
x10: 	0x00000000
x11: 	0x00000000
x12: 	0x00000000
x13: 	0x00000000
x14: 	0x00000000
x15: 	0x00000000
x16: 	0x00000000
x17: 	0x00000000
x18: 	0x00000000
x19: 	0x00000000
x20: 	0x00000000
x21: 	0x00000000
x22: 	0x00000000
x23: 	0x00000000
x24: 	0x00000000
x25: 	0x00000000
x26: 	0x00000000
x27: 	0x00000000
x28: 	0x00000000
x29: 	0x00000000
x30: 	0x00000000
x31: 	0x00000000

0x000015d8	0x00000000	Unkown Instruction 

All Registers: 
x0: 	0x00000000
x1: 	0x00000000
x2: 	0x00000000
x3: 	0x00000000
x4: 	0x00000000
x5: 	0x00000000
x6: 	0x00000000
x7: 	0x00000000
x8: 	0x00000000
x9: 	0x00000000
x10: 	0x00000000
x11: 	0x00000000
x12: 	0x00000000
x13: 	0x00000000
x14: 	0x00000000
x15: 	0x00000000
x16: 	0x00000000
x17: 	0x00000000
x18: 	0x00000000
x19: 	0x00000000
x20: 	0x00000000
x21: 	0x00000000
x22: 	0x00000000
x23: 	0x00000000
x24: 	0x00000000
x25: 	0x00000000
x26: 	0x00000000
x27: 	0x00000000
x28: 	0x00000000
x29: 	0x00000000
x30: 	0x00000000
x31: 	0x00000000

0x000015dc	0x00000000	Unkown Instruction 

All Registers: 
x0: 	0x00000000
x1: 	0x00000000
x2: 	0x00000000
x3: 	0x00000000
x4: 	0x00000000
x5: 	0x00000000
x6: 	0x00000000
x7: 	0x00000000
x8: 	0x00000000
x9: 	0x00000000
x10: 	0x00000000
x11: 	0x00000000
x12: 	0x00000000
x13: 	0x00000000
x14: 	0x00000000
x15: 	0x00000000
x16: 	0x00000000
x17: 	0x00000000
x18: 	0x00000000
x19: 	0x00000000
x20: 	0x00000000
x21: 	0x00000000
x22: 	0x00000000
x23: 	0x00000000
x24: 	0x00000000
x25: 	0x00000000
x26: 	0x00000000
x27: 	0x00000000
x28: 	0x00000000
x29: 	0x00000000
x30: 	0x00000000
x31: 	0x00000000

0x000015e0	0x00000000	Unkown Instruction 

All Registers: 
x0: 	0x00000000
x1: 	0x00000000
x2: 	0x00000000
x3: 	0x00000000
x4: 	0x00000000
x5: 	0x00000000
x6: 	0x00000000
x7: 	0x00000000
x8: 	0x00000000
x9: 	0x00000000
x10: 	0x00000000
x11: 	0x00000000
x12: 	0x00000000
x13: 	0x00000000
x14: 	0x00000000
x15: 	0x00000000
x16: 	0x00000000
x17: 	0x00000000
x18: 	0x00000000
x19: 	0x00000000
x20: 	0x00000000
x21: 	0x00000000
x22: 	0x00000000
x23: 	0x00000000
x24: 	0x00000000
x25: 	0x00000000
x26: 	0x00000000
x27: 	0x00000000
x28: 	0x00000000
x29: 	0x00000000
x30: 	0x00000000
x31: 	0x00000000

0x000015e4	0x00000000	Unkown Instruction 

All Registers: 
x0: 	0x00000000
x1: 	0x00000000
x2: 	0x00000000
x3: 	0x00000000
x4: 	0x00000000
x5: 	0x00000000
x6: 	0x00000000
x7: 	0x00000000
x8: 	0x00000000
x9: 	0x00000000
x10: 	0x00000000
x11: 	0x00000000
x12: 	0x00000000
x13: 	0x00000000
x14: 	0x00000000
x15: 	0x00000000
x16: 	0x00000000
x17: 	0x00000000
x18: 	0x00000000
x19: 	0x00000000
x20: 	0x00000000
x21: 	0x00000000
x22: 	0x00000000
x23: 	0x00000000
x24: 	0x00000000
x25: 	0x00000000
x26: 	0x00000000
x27: 	0x00000000
x28: 	0x00000000
x29: 	0x00000000
x30: 	0x00000000
x31: 	0x00000000

0x000015e8	0x00000000	Unkown Instruction 

All Registers: 
x0: 	0x00000000
x1: 	0x00000000
x2: 	0x00000000
x3: 	0x00000000
x4: 	0x00000000
x5: 	0x00000000
x6: 	0x00000000
x7: 	0x00000000
x8: 	0x00000000
x9: 	0x00000000
x10: 	0x00000000
x11: 	0x00000000
x12: 	0x00000000
x13: 	0x00000000
x14: 	0x00000000
x15: 	0x00000000
x16: 	0x00000000
x17: 	0x00000000
x18: 	0x00000000
x19: 	0x00000000
x20: 	0x00000000
x21: 	0x00000000
x22: 	0x00000000
x23: 	0x00000000
x24: 	0x00000000
x25: 	0x00000000
x26: 	0x00000000
x27: 	0x00000000
x28: 	0x00000000
x29: 	0x00000000
x30: 	0x00000000
x31: 	0x00000000

0x000015ec	0x00000000	Unkown Instruction 

All Registers: 
x0: 	0x00000000
x1: 	0x00000000
x2: 	0x00000000
x3: 	0x00000000
x4: 	0x00000000
x5: 	0x00000000
x6: 	0x00000000
x7: 	0x00000000
x8: 	0x00000000
x9: 	0x00000000
x10: 	0x00000000
x11: 	0x00000000
x12: 	0x00000000
x13: 	0x00000000
x14: 	0x00000000
x15: 	0x00000000
x16: 	0x00000000
x17: 	0x00000000
x18: 	0x00000000
x19: 	0x00000000
x20: 	0x00000000
x21: 	0x00000000
x22: 	0x00000000
x23: 	0x00000000
x24: 	0x00000000
x25: 	0x00000000
x26: 	0x00000000
x27: 	0x00000000
x28: 	0x00000000
x29: 	0x00000000
x30: 	0x00000000
x31: 	0x00000000

0x000015f0	0x00000000	Unkown Instruction 

All Registers: 
x0: 	0x00000000
x1: 	0x00000000
x2: 	0x00000000
x3: 	0x00000000
x4: 	0x00000000
x5: 	0x00000000
x6: 	0x00000000
x7: 	0x00000000
x8: 	0x00000000
x9: 	0x00000000
x10: 	0x00000000
x11: 	0x00000000
x12: 	0x00000000
x13: 	0x00000000
x14: 	0x00000000
x15: 	0x00000000
x16: 	0x00000000
x17: 	0x00000000
x18: 	0x00000000
x19: 	0x00000000
x20: 	0x00000000
x21: 	0x00000000
x22: 	0x00000000
x23: 	0x00000000
x24: 	0x00000000
x25: 	0x00000000
x26: 	0x00000000
x27: 	0x00000000
x28: 	0x00000000
x29: 	0x00000000
x30: 	0x00000000
x31: 	0x00000000

0x000015f4	0x00000000	Unkown Instruction 

All Registers: 
x0: 	0x00000000
x1: 	0x00000000
x2: 	0x00000000
x3: 	0x00000000
x4: 	0x00000000
x5: 	0x00000000
x6: 	0x00000000
x7: 	0x00000000
x8: 	0x00000000
x9: 	0x00000000
x10: 	0x00000000
x11: 	0x00000000
x12: 	0x00000000
x13: 	0x00000000
x14: 	0x00000000
x15: 	0x00000000
x16: 	0x00000000
x17: 	0x00000000
x18: 	0x00000000
x19: 	0x00000000
x20: 	0x00000000
x21: 	0x00000000
x22: 	0x00000000
x23: 	0x00000000
x24: 	0x00000000
x25: 	0x00000000
x26: 	0x00000000
x27: 	0x00000000
x28: 	0x00000000
x29: 	0x00000000
x30: 	0x00000000
x31: 	0x00000000

0x000015f8	0x00000000	Unkown Instruction 

All Registers: 
x0: 	0x00000000
x1: 	0x00000000
x2: 	0x00000000
x3: 	0x00000000
x4: 	0x00000000
x5: 	0x00000000
x6: 	0x00000000
x7: 	0x00000000
x8: 	0x00000000
x9: 	0x00000000
x10: 	0x00000000
x11: 	0x00000000
x12: 	0x00000000
x13: 	0x00000000
x14: 	0x00000000
x15: 	0x00000000
x16: 	0x00000000
x17: 	0x00000000
x18: 	0x00000000
x19: 	0x00000000
x20: 	0x00000000
x21: 	0x00000000
x22: 	0x00000000
x23: 	0x00000000
x24: 	0x00000000
x25: 	0x00000000
x26: 	0x00000000
x27: 	0x00000000
x28: 	0x00000000
x29: 	0x00000000
x30: 	0x00000000
x31: 	0x00000000

0x000015fc	0x00000000	Unkown Instruction 

All Registers: 
x0: 	0x00000000
x1: 	0x00000000
x2: 	0x00000000
x3: 	0x00000000
x4: 	0x00000000
x5: 	0x00000000
x6: 	0x00000000
x7: 	0x00000000
x8: 	0x00000000
x9: 	0x00000000
x10: 	0x00000000
x11: 	0x00000000
x12: 	0x00000000
x13: 	0x00000000
x14: 	0x00000000
x15: 	0x00000000
x16: 	0x00000000
x17: 	0x00000000
x18: 	0x00000000
x19: 	0x00000000
x20: 	0x00000000
x21: 	0x00000000
x22: 	0x00000000
x23: 	0x00000000
x24: 	0x00000000
x25: 	0x00000000
x26: 	0x00000000
x27: 	0x00000000
x28: 	0x00000000
x29: 	0x00000000
x30: 	0x00000000
x31: 	0x00000000

0x00001600	0x00000000	Unkown Instruction 

All Registers: 
x0: 	0x00000000
x1: 	0x00000000
x2: 	0x00000000
x3: 	0x00000000
x4: 	0x00000000
x5: 	0x00000000
x6: 	0x00000000
x7: 	0x00000000
x8: 	0x00000000
x9: 	0x00000000
x10: 	0x00000000
x11: 	0x00000000
x12: 	0x00000000
x13: 	0x00000000
x14: 	0x00000000
x15: 	0x00000000
x16: 	0x00000000
x17: 	0x00000000
x18: 	0x00000000
x19: 	0x00000000
x20: 	0x00000000
x21: 	0x00000000
x22: 	0x00000000
x23: 	0x00000000
x24: 	0x00000000
x25: 	0x00000000
x26: 	0x00000000
x27: 	0x00000000
x28: 	0x00000000
x29: 	0x00000000
x30: 	0x00000000
x31: 	0x00000000

0x00001604	0x00000000	Unkown Instruction 

All Registers: 
x0: 	0x00000000
x1: 	0x00000000
x2: 	0x00000000
x3: 	0x00000000
x4: 	0x00000000
x5: 	0x00000000
x6: 	0x00000000
x7: 	0x00000000
x8: 	0x00000000
x9: 	0x00000000
x10: 	0x00000000
x11: 	0x00000000
x12: 	0x00000000
x13: 	0x00000000
x14: 	0x00000000
x15: 	0x00000000
x16: 	0x00000000
x17: 	0x00000000
x18: 	0x00000000
x19: 	0x00000000
x20: 	0x00000000
x21: 	0x00000000
x22: 	0x00000000
x23: 	0x00000000
x24: 	0x00000000
x25: 	0x00000000
x26: 	0x00000000
x27: 	0x00000000
x28: 	0x00000000
x29: 	0x00000000
x30: 	0x00000000
x31: 	0x00000000

0x00001608	0x00000000	Unkown Instruction 

All Registers: 
x0: 	0x00000000
x1: 	0x00000000
x2: 	0x00000000
x3: 	0x00000000
x4: 	0x00000000
x5: 	0x00000000
x6: 	0x00000000
x7: 	0x00000000
x8: 	0x00000000
x9: 	0x00000000
x10: 	0x00000000
x11: 	0x00000000
x12: 	0x00000000
x13: 	0x00000000
x14: 	0x00000000
x15: 	0x00000000
x16: 	0x00000000
x17: 	0x00000000
x18: 	0x00000000
x19: 	0x00000000
x20: 	0x00000000
x21: 	0x00000000
x22: 	0x00000000
x23: 	0x00000000
x24: 	0x00000000
x25: 	0x00000000
x26: 	0x00000000
x27: 	0x00000000
x28: 	0x00000000
x29: 	0x00000000
x30: 	0x00000000
x31: 	0x00000000

0x0000160c	0x00000000	Unkown Instruction 

All Registers: 
x0: 	0x00000000
x1: 	0x00000000
x2: 	0x00000000
x3: 	0x00000000
x4: 	0x00000000
x5: 	0x00000000
x6: 	0x00000000
x7: 	0x00000000
x8: 	0x00000000
x9: 	0x00000000
x10: 	0x00000000
x11: 	0x00000000
x12: 	0x00000000
x13: 	0x00000000
x14: 	0x00000000
x15: 	0x00000000
x16: 	0x00000000
x17: 	0x00000000
x18: 	0x00000000
x19: 	0x00000000
x20: 	0x00000000
x21: 	0x00000000
x22: 	0x00000000
x23: 	0x00000000
x24: 	0x00000000
x25: 	0x00000000
x26: 	0x00000000
x27: 	0x00000000
x28: 	0x00000000
x29: 	0x00000000
x30: 	0x00000000
x31: 	0x00000000

0x00001610	0x00000000	Unkown Instruction 

All Registers: 
x0: 	0x00000000
x1: 	0x00000000
x2: 	0x00000000
x3: 	0x00000000
x4: 	0x00000000
x5: 	0x00000000
x6: 	0x00000000
x7: 	0x00000000
x8: 	0x00000000
x9: 	0x00000000
x10: 	0x00000000
x11: 	0x00000000
x12: 	0x00000000
x13: 	0x00000000
x14: 	0x00000000
x15: 	0x00000000
x16: 	0x00000000
x17: 	0x00000000
x18: 	0x00000000
x19: 	0x00000000
x20: 	0x00000000
x21: 	0x00000000
x22: 	0x00000000
x23: 	0x00000000
x24: 	0x00000000
x25: 	0x00000000
x26: 	0x00000000
x27: 	0x00000000
x28: 	0x00000000
x29: 	0x00000000
x30: 	0x00000000
x31: 	0x00000000

0x00001614	0x00000000	Unkown Instruction 

All Registers: 
x0: 	0x00000000
x1: 	0x00000000
x2: 	0x00000000
x3: 	0x00000000
x4: 	0x00000000
x5: 	0x00000000
x6: 	0x00000000
x7: 	0x00000000
x8: 	0x00000000
x9: 	0x00000000
x10: 	0x00000000
x11: 	0x00000000
x12: 	0x00000000
x13: 	0x00000000
x14: 	0x00000000
x15: 	0x00000000
x16: 	0x00000000
x17: 	0x00000000
x18: 	0x00000000
x19: 	0x00000000
x20: 	0x00000000
x21: 	0x00000000
x22: 	0x00000000
x23: 	0x00000000
x24: 	0x00000000
x25: 	0x00000000
x26: 	0x00000000
x27: 	0x00000000
x28: 	0x00000000
x29: 	0x00000000
x30: 	0x00000000
x31: 	0x00000000

0x00001618	0x00000000	Unkown Instruction 

All Registers: 
x0: 	0x00000000
x1: 	0x00000000
x2: 	0x00000000
x3: 	0x00000000
x4: 	0x00000000
x5: 	0x00000000
x6: 	0x00000000
x7: 	0x00000000
x8: 	0x00000000
x9: 	0x00000000
x10: 	0x00000000
x11: 	0x00000000
x12: 	0x00000000
x13: 	0x00000000
x14: 	0x00000000
x15: 	0x00000000
x16: 	0x00000000
x17: 	0x00000000
x18: 	0x00000000
x19: 	0x00000000
x20: 	0x00000000
x21: 	0x00000000
x22: 	0x00000000
x23: 	0x00000000
x24: 	0x00000000
x25: 	0x00000000
x26: 	0x00000000
x27: 	0x00000000
x28: 	0x00000000
x29: 	0x00000000
x30: 	0x00000000
x31: 	0x00000000

0x0000161c	0x00000000	Unkown Instruction 

All Registers: 
x0: 	0x00000000
x1: 	0x00000000
x2: 	0x00000000
x3: 	0x00000000
x4: 	0x00000000
x5: 	0x00000000
x6: 	0x00000000
x7: 	0x00000000
x8: 	0x00000000
x9: 	0x00000000
x10: 	0x00000000
x11: 	0x00000000
x12: 	0x00000000
x13: 	0x00000000
x14: 	0x00000000
x15: 	0x00000000
x16: 	0x00000000
x17: 	0x00000000
x18: 	0x00000000
x19: 	0x00000000
x20: 	0x00000000
x21: 	0x00000000
x22: 	0x00000000
x23: 	0x00000000
x24: 	0x00000000
x25: 	0x00000000
x26: 	0x00000000
x27: 	0x00000000
x28: 	0x00000000
x29: 	0x00000000
x30: 	0x00000000
x31: 	0x00000000

0x00001620	0x00000000	Unkown Instruction 

All Registers: 
x0: 	0x00000000
x1: 	0x00000000
x2: 	0x00000000
x3: 	0x00000000
x4: 	0x00000000
x5: 	0x00000000
x6: 	0x00000000
x7: 	0x00000000
x8: 	0x00000000
x9: 	0x00000000
x10: 	0x00000000
x11: 	0x00000000
x12: 	0x00000000
x13: 	0x00000000
x14: 	0x00000000
x15: 	0x00000000
x16: 	0x00000000
x17: 	0x00000000
x18: 	0x00000000
x19: 	0x00000000
x20: 	0x00000000
x21: 	0x00000000
x22: 	0x00000000
x23: 	0x00000000
x24: 	0x00000000
x25: 	0x00000000
x26: 	0x00000000
x27: 	0x00000000
x28: 	0x00000000
x29: 	0x00000000
x30: 	0x00000000
x31: 	0x00000000

0x00001624	0x00000000	Unkown Instruction 

All Registers: 
x0: 	0x00000000
x1: 	0x00000000
x2: 	0x00000000
x3: 	0x00000000
x4: 	0x00000000
x5: 	0x00000000
x6: 	0x00000000
x7: 	0x00000000
x8: 	0x00000000
x9: 	0x00000000
x10: 	0x00000000
x11: 	0x00000000
x12: 	0x00000000
x13: 	0x00000000
x14: 	0x00000000
x15: 	0x00000000
x16: 	0x00000000
x17: 	0x00000000
x18: 	0x00000000
x19: 	0x00000000
x20: 	0x00000000
x21: 	0x00000000
x22: 	0x00000000
x23: 	0x00000000
x24: 	0x00000000
x25: 	0x00000000
x26: 	0x00000000
x27: 	0x00000000
x28: 	0x00000000
x29: 	0x00000000
x30: 	0x00000000
x31: 	0x00000000

0x00001628	0x00000000	Unkown Instruction 

All Registers: 
x0: 	0x00000000
x1: 	0x00000000
x2: 	0x00000000
x3: 	0x00000000
x4: 	0x00000000
x5: 	0x00000000
x6: 	0x00000000
x7: 	0x00000000
x8: 	0x00000000
x9: 	0x00000000
x10: 	0x00000000
x11: 	0x00000000
x12: 	0x00000000
x13: 	0x00000000
x14: 	0x00000000
x15: 	0x00000000
x16: 	0x00000000
x17: 	0x00000000
x18: 	0x00000000
x19: 	0x00000000
x20: 	0x00000000
x21: 	0x00000000
x22: 	0x00000000
x23: 	0x00000000
x24: 	0x00000000
x25: 	0x00000000
x26: 	0x00000000
x27: 	0x00000000
x28: 	0x00000000
x29: 	0x00000000
x30: 	0x00000000
x31: 	0x00000000

0x0000162c	0x00000000	Unkown Instruction 

All Registers: 
x0: 	0x00000000
x1: 	0x00000000
x2: 	0x00000000
x3: 	0x00000000
x4: 	0x00000000
x5: 	0x00000000
x6: 	0x00000000
x7: 	0x00000000
x8: 	0x00000000
x9: 	0x00000000
x10: 	0x00000000
x11: 	0x00000000
x12: 	0x00000000
x13: 	0x00000000
x14: 	0x00000000
x15: 	0x00000000
x16: 	0x00000000
x17: 	0x00000000
x18: 	0x00000000
x19: 	0x00000000
x20: 	0x00000000
x21: 	0x00000000
x22: 	0x00000000
x23: 	0x00000000
x24: 	0x00000000
x25: 	0x00000000
x26: 	0x00000000
x27: 	0x00000000
x28: 	0x00000000
x29: 	0x00000000
x30: 	0x00000000
x31: 	0x00000000

0x00001630	0x00000000	Unkown Instruction 

All Registers: 
x0: 	0x00000000
x1: 	0x00000000
x2: 	0x00000000
x3: 	0x00000000
x4: 	0x00000000
x5: 	0x00000000
x6: 	0x00000000
x7: 	0x00000000
x8: 	0x00000000
x9: 	0x00000000
x10: 	0x00000000
x11: 	0x00000000
x12: 	0x00000000
x13: 	0x00000000
x14: 	0x00000000
x15: 	0x00000000
x16: 	0x00000000
x17: 	0x00000000
x18: 	0x00000000
x19: 	0x00000000
x20: 	0x00000000
x21: 	0x00000000
x22: 	0x00000000
x23: 	0x00000000
x24: 	0x00000000
x25: 	0x00000000
x26: 	0x00000000
x27: 	0x00000000
x28: 	0x00000000
x29: 	0x00000000
x30: 	0x00000000
x31: 	0x00000000

0x00001634	0x00000000	Unkown Instruction 

All Registers: 
x0: 	0x00000000
x1: 	0x00000000
x2: 	0x00000000
x3: 	0x00000000
x4: 	0x00000000
x5: 	0x00000000
x6: 	0x00000000
x7: 	0x00000000
x8: 	0x00000000
x9: 	0x00000000
x10: 	0x00000000
x11: 	0x00000000
x12: 	0x00000000
x13: 	0x00000000
x14: 	0x00000000
x15: 	0x00000000
x16: 	0x00000000
x17: 	0x00000000
x18: 	0x00000000
x19: 	0x00000000
x20: 	0x00000000
x21: 	0x00000000
x22: 	0x00000000
x23: 	0x00000000
x24: 	0x00000000
x25: 	0x00000000
x26: 	0x00000000
x27: 	0x00000000
x28: 	0x00000000
x29: 	0x00000000
x30: 	0x00000000
x31: 	0x00000000

0x00001638	0x00000000	Unkown Instruction 

All Registers: 
x0: 	0x00000000
x1: 	0x00000000
x2: 	0x00000000
x3: 	0x00000000
x4: 	0x00000000
x5: 	0x00000000
x6: 	0x00000000
x7: 	0x00000000
x8: 	0x00000000
x9: 	0x00000000
x10: 	0x00000000
x11: 	0x00000000
x12: 	0x00000000
x13: 	0x00000000
x14: 	0x00000000
x15: 	0x00000000
x16: 	0x00000000
x17: 	0x00000000
x18: 	0x00000000
x19: 	0x00000000
x20: 	0x00000000
x21: 	0x00000000
x22: 	0x00000000
x23: 	0x00000000
x24: 	0x00000000
x25: 	0x00000000
x26: 	0x00000000
x27: 	0x00000000
x28: 	0x00000000
x29: 	0x00000000
x30: 	0x00000000
x31: 	0x00000000

0x0000163c	0x00000000	Unkown Instruction 

All Registers: 
x0: 	0x00000000
x1: 	0x00000000
x2: 	0x00000000
x3: 	0x00000000
x4: 	0x00000000
x5: 	0x00000000
x6: 	0x00000000
x7: 	0x00000000
x8: 	0x00000000
x9: 	0x00000000
x10: 	0x00000000
x11: 	0x00000000
x12: 	0x00000000
x13: 	0x00000000
x14: 	0x00000000
x15: 	0x00000000
x16: 	0x00000000
x17: 	0x00000000
x18: 	0x00000000
x19: 	0x00000000
x20: 	0x00000000
x21: 	0x00000000
x22: 	0x00000000
x23: 	0x00000000
x24: 	0x00000000
x25: 	0x00000000
x26: 	0x00000000
x27: 	0x00000000
x28: 	0x00000000
x29: 	0x00000000
x30: 	0x00000000
x31: 	0x00000000

0x00001640	0x00000000	Unkown Instruction 

All Registers: 
x0: 	0x00000000
x1: 	0x00000000
x2: 	0x00000000
x3: 	0x00000000
x4: 	0x00000000
x5: 	0x00000000
x6: 	0x00000000
x7: 	0x00000000
x8: 	0x00000000
x9: 	0x00000000
x10: 	0x00000000
x11: 	0x00000000
x12: 	0x00000000
x13: 	0x00000000
x14: 	0x00000000
x15: 	0x00000000
x16: 	0x00000000
x17: 	0x00000000
x18: 	0x00000000
x19: 	0x00000000
x20: 	0x00000000
x21: 	0x00000000
x22: 	0x00000000
x23: 	0x00000000
x24: 	0x00000000
x25: 	0x00000000
x26: 	0x00000000
x27: 	0x00000000
x28: 	0x00000000
x29: 	0x00000000
x30: 	0x00000000
x31: 	0x00000000

0x00001644	0x00000000	Unkown Instruction 

All Registers: 
x0: 	0x00000000
x1: 	0x00000000
x2: 	0x00000000
x3: 	0x00000000
x4: 	0x00000000
x5: 	0x00000000
x6: 	0x00000000
x7: 	0x00000000
x8: 	0x00000000
x9: 	0x00000000
x10: 	0x00000000
x11: 	0x00000000
x12: 	0x00000000
x13: 	0x00000000
x14: 	0x00000000
x15: 	0x00000000
x16: 	0x00000000
x17: 	0x00000000
x18: 	0x00000000
x19: 	0x00000000
x20: 	0x00000000
x21: 	0x00000000
x22: 	0x00000000
x23: 	0x00000000
x24: 	0x00000000
x25: 	0x00000000
x26: 	0x00000000
x27: 	0x00000000
x28: 	0x00000000
x29: 	0x00000000
x30: 	0x00000000
x31: 	0x00000000

0x00001648	0x00000000	Unkown Instruction 

All Registers: 
x0: 	0x00000000
x1: 	0x00000000
x2: 	0x00000000
x3: 	0x00000000
x4: 	0x00000000
x5: 	0x00000000
x6: 	0x00000000
x7: 	0x00000000
x8: 	0x00000000
x9: 	0x00000000
x10: 	0x00000000
x11: 	0x00000000
x12: 	0x00000000
x13: 	0x00000000
x14: 	0x00000000
x15: 	0x00000000
x16: 	0x00000000
x17: 	0x00000000
x18: 	0x00000000
x19: 	0x00000000
x20: 	0x00000000
x21: 	0x00000000
x22: 	0x00000000
x23: 	0x00000000
x24: 	0x00000000
x25: 	0x00000000
x26: 	0x00000000
x27: 	0x00000000
x28: 	0x00000000
x29: 	0x00000000
x30: 	0x00000000
x31: 	0x00000000

0x0000164c	0x00000000	Unkown Instruction 

All Registers: 
x0: 	0x00000000
x1: 	0x00000000
x2: 	0x00000000
x3: 	0x00000000
x4: 	0x00000000
x5: 	0x00000000
x6: 	0x00000000
x7: 	0x00000000
x8: 	0x00000000
x9: 	0x00000000
x10: 	0x00000000
x11: 	0x00000000
x12: 	0x00000000
x13: 	0x00000000
x14: 	0x00000000
x15: 	0x00000000
x16: 	0x00000000
x17: 	0x00000000
x18: 	0x00000000
x19: 	0x00000000
x20: 	0x00000000
x21: 	0x00000000
x22: 	0x00000000
x23: 	0x00000000
x24: 	0x00000000
x25: 	0x00000000
x26: 	0x00000000
x27: 	0x00000000
x28: 	0x00000000
x29: 	0x00000000
x30: 	0x00000000
x31: 	0x00000000

0x00001650	0x00000000	Unkown Instruction 

All Registers: 
x0: 	0x00000000
x1: 	0x00000000
x2: 	0x00000000
x3: 	0x00000000
x4: 	0x00000000
x5: 	0x00000000
x6: 	0x00000000
x7: 	0x00000000
x8: 	0x00000000
x9: 	0x00000000
x10: 	0x00000000
x11: 	0x00000000
x12: 	0x00000000
x13: 	0x00000000
x14: 	0x00000000
x15: 	0x00000000
x16: 	0x00000000
x17: 	0x00000000
x18: 	0x00000000
x19: 	0x00000000
x20: 	0x00000000
x21: 	0x00000000
x22: 	0x00000000
x23: 	0x00000000
x24: 	0x00000000
x25: 	0x00000000
x26: 	0x00000000
x27: 	0x00000000
x28: 	0x00000000
x29: 	0x00000000
x30: 	0x00000000
x31: 	0x00000000

0x00001654	0x00000000	Unkown Instruction 

All Registers: 
x0: 	0x00000000
x1: 	0x00000000
x2: 	0x00000000
x3: 	0x00000000
x4: 	0x00000000
x5: 	0x00000000
x6: 	0x00000000
x7: 	0x00000000
x8: 	0x00000000
x9: 	0x00000000
x10: 	0x00000000
x11: 	0x00000000
x12: 	0x00000000
x13: 	0x00000000
x14: 	0x00000000
x15: 	0x00000000
x16: 	0x00000000
x17: 	0x00000000
x18: 	0x00000000
x19: 	0x00000000
x20: 	0x00000000
x21: 	0x00000000
x22: 	0x00000000
x23: 	0x00000000
x24: 	0x00000000
x25: 	0x00000000
x26: 	0x00000000
x27: 	0x00000000
x28: 	0x00000000
x29: 	0x00000000
x30: 	0x00000000
x31: 	0x00000000

0x00001658	0x00000000	Unkown Instruction 

All Registers: 
x0: 	0x00000000
x1: 	0x00000000
x2: 	0x00000000
x3: 	0x00000000
x4: 	0x00000000
x5: 	0x00000000
x6: 	0x00000000
x7: 	0x00000000
x8: 	0x00000000
x9: 	0x00000000
x10: 	0x00000000
x11: 	0x00000000
x12: 	0x00000000
x13: 	0x00000000
x14: 	0x00000000
x15: 	0x00000000
x16: 	0x00000000
x17: 	0x00000000
x18: 	0x00000000
x19: 	0x00000000
x20: 	0x00000000
x21: 	0x00000000
x22: 	0x00000000
x23: 	0x00000000
x24: 	0x00000000
x25: 	0x00000000
x26: 	0x00000000
x27: 	0x00000000
x28: 	0x00000000
x29: 	0x00000000
x30: 	0x00000000
x31: 	0x00000000

0x0000165c	0x00000000	Unkown Instruction 

All Registers: 
x0: 	0x00000000
x1: 	0x00000000
x2: 	0x00000000
x3: 	0x00000000
x4: 	0x00000000
x5: 	0x00000000
x6: 	0x00000000
x7: 	0x00000000
x8: 	0x00000000
x9: 	0x00000000
x10: 	0x00000000
x11: 	0x00000000
x12: 	0x00000000
x13: 	0x00000000
x14: 	0x00000000
x15: 	0x00000000
x16: 	0x00000000
x17: 	0x00000000
x18: 	0x00000000
x19: 	0x00000000
x20: 	0x00000000
x21: 	0x00000000
x22: 	0x00000000
x23: 	0x00000000
x24: 	0x00000000
x25: 	0x00000000
x26: 	0x00000000
x27: 	0x00000000
x28: 	0x00000000
x29: 	0x00000000
x30: 	0x00000000
x31: 	0x00000000

0x00001660	0x00000000	Unkown Instruction 

All Registers: 
x0: 	0x00000000
x1: 	0x00000000
x2: 	0x00000000
x3: 	0x00000000
x4: 	0x00000000
x5: 	0x00000000
x6: 	0x00000000
x7: 	0x00000000
x8: 	0x00000000
x9: 	0x00000000
x10: 	0x00000000
x11: 	0x00000000
x12: 	0x00000000
x13: 	0x00000000
x14: 	0x00000000
x15: 	0x00000000
x16: 	0x00000000
x17: 	0x00000000
x18: 	0x00000000
x19: 	0x00000000
x20: 	0x00000000
x21: 	0x00000000
x22: 	0x00000000
x23: 	0x00000000
x24: 	0x00000000
x25: 	0x00000000
x26: 	0x00000000
x27: 	0x00000000
x28: 	0x00000000
x29: 	0x00000000
x30: 	0x00000000
x31: 	0x00000000

0x00001664	0x00000000	Unkown Instruction 

All Registers: 
x0: 	0x00000000
x1: 	0x00000000
x2: 	0x00000000
x3: 	0x00000000
x4: 	0x00000000
x5: 	0x00000000
x6: 	0x00000000
x7: 	0x00000000
x8: 	0x00000000
x9: 	0x00000000
x10: 	0x00000000
x11: 	0x00000000
x12: 	0x00000000
x13: 	0x00000000
x14: 	0x00000000
x15: 	0x00000000
x16: 	0x00000000
x17: 	0x00000000
x18: 	0x00000000
x19: 	0x00000000
x20: 	0x00000000
x21: 	0x00000000
x22: 	0x00000000
x23: 	0x00000000
x24: 	0x00000000
x25: 	0x00000000
x26: 	0x00000000
x27: 	0x00000000
x28: 	0x00000000
x29: 	0x00000000
x30: 	0x00000000
x31: 	0x00000000

0x00001668	0x00000000	Unkown Instruction 

All Registers: 
x0: 	0x00000000
x1: 	0x00000000
x2: 	0x00000000
x3: 	0x00000000
x4: 	0x00000000
x5: 	0x00000000
x6: 	0x00000000
x7: 	0x00000000
x8: 	0x00000000
x9: 	0x00000000
x10: 	0x00000000
x11: 	0x00000000
x12: 	0x00000000
x13: 	0x00000000
x14: 	0x00000000
x15: 	0x00000000
x16: 	0x00000000
x17: 	0x00000000
x18: 	0x00000000
x19: 	0x00000000
x20: 	0x00000000
x21: 	0x00000000
x22: 	0x00000000
x23: 	0x00000000
x24: 	0x00000000
x25: 	0x00000000
x26: 	0x00000000
x27: 	0x00000000
x28: 	0x00000000
x29: 	0x00000000
x30: 	0x00000000
x31: 	0x00000000

0x0000166c	0x00000000	Unkown Instruction 

All Registers: 
x0: 	0x00000000
x1: 	0x00000000
x2: 	0x00000000
x3: 	0x00000000
x4: 	0x00000000
x5: 	0x00000000
x6: 	0x00000000
x7: 	0x00000000
x8: 	0x00000000
x9: 	0x00000000
x10: 	0x00000000
x11: 	0x00000000
x12: 	0x00000000
x13: 	0x00000000
x14: 	0x00000000
x15: 	0x00000000
x16: 	0x00000000
x17: 	0x00000000
x18: 	0x00000000
x19: 	0x00000000
x20: 	0x00000000
x21: 	0x00000000
x22: 	0x00000000
x23: 	0x00000000
x24: 	0x00000000
x25: 	0x00000000
x26: 	0x00000000
x27: 	0x00000000
x28: 	0x00000000
x29: 	0x00000000
x30: 	0x00000000
x31: 	0x00000000

0x00001670	0x00000000	Unkown Instruction 

All Registers: 
x0: 	0x00000000
x1: 	0x00000000
x2: 	0x00000000
x3: 	0x00000000
x4: 	0x00000000
x5: 	0x00000000
x6: 	0x00000000
x7: 	0x00000000
x8: 	0x00000000
x9: 	0x00000000
x10: 	0x00000000
x11: 	0x00000000
x12: 	0x00000000
x13: 	0x00000000
x14: 	0x00000000
x15: 	0x00000000
x16: 	0x00000000
x17: 	0x00000000
x18: 	0x00000000
x19: 	0x00000000
x20: 	0x00000000
x21: 	0x00000000
x22: 	0x00000000
x23: 	0x00000000
x24: 	0x00000000
x25: 	0x00000000
x26: 	0x00000000
x27: 	0x00000000
x28: 	0x00000000
x29: 	0x00000000
x30: 	0x00000000
x31: 	0x00000000

0x00001674	0x00000000	Unkown Instruction 

All Registers: 
x0: 	0x00000000
x1: 	0x00000000
x2: 	0x00000000
x3: 	0x00000000
x4: 	0x00000000
x5: 	0x00000000
x6: 	0x00000000
x7: 	0x00000000
x8: 	0x00000000
x9: 	0x00000000
x10: 	0x00000000
x11: 	0x00000000
x12: 	0x00000000
x13: 	0x00000000
x14: 	0x00000000
x15: 	0x00000000
x16: 	0x00000000
x17: 	0x00000000
x18: 	0x00000000
x19: 	0x00000000
x20: 	0x00000000
x21: 	0x00000000
x22: 	0x00000000
x23: 	0x00000000
x24: 	0x00000000
x25: 	0x00000000
x26: 	0x00000000
x27: 	0x00000000
x28: 	0x00000000
x29: 	0x00000000
x30: 	0x00000000
x31: 	0x00000000

0x00001678	0x00000000	Unkown Instruction 

All Registers: 
x0: 	0x00000000
x1: 	0x00000000
x2: 	0x00000000
x3: 	0x00000000
x4: 	0x00000000
x5: 	0x00000000
x6: 	0x00000000
x7: 	0x00000000
x8: 	0x00000000
x9: 	0x00000000
x10: 	0x00000000
x11: 	0x00000000
x12: 	0x00000000
x13: 	0x00000000
x14: 	0x00000000
x15: 	0x00000000
x16: 	0x00000000
x17: 	0x00000000
x18: 	0x00000000
x19: 	0x00000000
x20: 	0x00000000
x21: 	0x00000000
x22: 	0x00000000
x23: 	0x00000000
x24: 	0x00000000
x25: 	0x00000000
x26: 	0x00000000
x27: 	0x00000000
x28: 	0x00000000
x29: 	0x00000000
x30: 	0x00000000
x31: 	0x00000000

0x0000167c	0x00000000	Unkown Instruction 

All Registers: 
x0: 	0x00000000
x1: 	0x00000000
x2: 	0x00000000
x3: 	0x00000000
x4: 	0x00000000
x5: 	0x00000000
x6: 	0x00000000
x7: 	0x00000000
x8: 	0x00000000
x9: 	0x00000000
x10: 	0x00000000
x11: 	0x00000000
x12: 	0x00000000
x13: 	0x00000000
x14: 	0x00000000
x15: 	0x00000000
x16: 	0x00000000
x17: 	0x00000000
x18: 	0x00000000
x19: 	0x00000000
x20: 	0x00000000
x21: 	0x00000000
x22: 	0x00000000
x23: 	0x00000000
x24: 	0x00000000
x25: 	0x00000000
x26: 	0x00000000
x27: 	0x00000000
x28: 	0x00000000
x29: 	0x00000000
x30: 	0x00000000
x31: 	0x00000000

0x00001680	0x00000000	Unkown Instruction 

All Registers: 
x0: 	0x00000000
x1: 	0x00000000
x2: 	0x00000000
x3: 	0x00000000
x4: 	0x00000000
x5: 	0x00000000
x6: 	0x00000000
x7: 	0x00000000
x8: 	0x00000000
x9: 	0x00000000
x10: 	0x00000000
x11: 	0x00000000
x12: 	0x00000000
x13: 	0x00000000
x14: 	0x00000000
x15: 	0x00000000
x16: 	0x00000000
x17: 	0x00000000
x18: 	0x00000000
x19: 	0x00000000
x20: 	0x00000000
x21: 	0x00000000
x22: 	0x00000000
x23: 	0x00000000
x24: 	0x00000000
x25: 	0x00000000
x26: 	0x00000000
x27: 	0x00000000
x28: 	0x00000000
x29: 	0x00000000
x30: 	0x00000000
x31: 	0x00000000

0x00001684	0x00000000	Unkown Instruction 

All Registers: 
x0: 	0x00000000
x1: 	0x00000000
x2: 	0x00000000
x3: 	0x00000000
x4: 	0x00000000
x5: 	0x00000000
x6: 	0x00000000
x7: 	0x00000000
x8: 	0x00000000
x9: 	0x00000000
x10: 	0x00000000
x11: 	0x00000000
x12: 	0x00000000
x13: 	0x00000000
x14: 	0x00000000
x15: 	0x00000000
x16: 	0x00000000
x17: 	0x00000000
x18: 	0x00000000
x19: 	0x00000000
x20: 	0x00000000
x21: 	0x00000000
x22: 	0x00000000
x23: 	0x00000000
x24: 	0x00000000
x25: 	0x00000000
x26: 	0x00000000
x27: 	0x00000000
x28: 	0x00000000
x29: 	0x00000000
x30: 	0x00000000
x31: 	0x00000000

0x00001688	0x00000000	Unkown Instruction 

All Registers: 
x0: 	0x00000000
x1: 	0x00000000
x2: 	0x00000000
x3: 	0x00000000
x4: 	0x00000000
x5: 	0x00000000
x6: 	0x00000000
x7: 	0x00000000
x8: 	0x00000000
x9: 	0x00000000
x10: 	0x00000000
x11: 	0x00000000
x12: 	0x00000000
x13: 	0x00000000
x14: 	0x00000000
x15: 	0x00000000
x16: 	0x00000000
x17: 	0x00000000
x18: 	0x00000000
x19: 	0x00000000
x20: 	0x00000000
x21: 	0x00000000
x22: 	0x00000000
x23: 	0x00000000
x24: 	0x00000000
x25: 	0x00000000
x26: 	0x00000000
x27: 	0x00000000
x28: 	0x00000000
x29: 	0x00000000
x30: 	0x00000000
x31: 	0x00000000

0x0000168c	0x00000000	Unkown Instruction 

All Registers: 
x0: 	0x00000000
x1: 	0x00000000
x2: 	0x00000000
x3: 	0x00000000
x4: 	0x00000000
x5: 	0x00000000
x6: 	0x00000000
x7: 	0x00000000
x8: 	0x00000000
x9: 	0x00000000
x10: 	0x00000000
x11: 	0x00000000
x12: 	0x00000000
x13: 	0x00000000
x14: 	0x00000000
x15: 	0x00000000
x16: 	0x00000000
x17: 	0x00000000
x18: 	0x00000000
x19: 	0x00000000
x20: 	0x00000000
x21: 	0x00000000
x22: 	0x00000000
x23: 	0x00000000
x24: 	0x00000000
x25: 	0x00000000
x26: 	0x00000000
x27: 	0x00000000
x28: 	0x00000000
x29: 	0x00000000
x30: 	0x00000000
x31: 	0x00000000

0x00001690	0x00000000	Unkown Instruction 

All Registers: 
x0: 	0x00000000
x1: 	0x00000000
x2: 	0x00000000
x3: 	0x00000000
x4: 	0x00000000
x5: 	0x00000000
x6: 	0x00000000
x7: 	0x00000000
x8: 	0x00000000
x9: 	0x00000000
x10: 	0x00000000
x11: 	0x00000000
x12: 	0x00000000
x13: 	0x00000000
x14: 	0x00000000
x15: 	0x00000000
x16: 	0x00000000
x17: 	0x00000000
x18: 	0x00000000
x19: 	0x00000000
x20: 	0x00000000
x21: 	0x00000000
x22: 	0x00000000
x23: 	0x00000000
x24: 	0x00000000
x25: 	0x00000000
x26: 	0x00000000
x27: 	0x00000000
x28: 	0x00000000
x29: 	0x00000000
x30: 	0x00000000
x31: 	0x00000000

0x00001694	0x00000000	Unkown Instruction 

All Registers: 
x0: 	0x00000000
x1: 	0x00000000
x2: 	0x00000000
x3: 	0x00000000
x4: 	0x00000000
x5: 	0x00000000
x6: 	0x00000000
x7: 	0x00000000
x8: 	0x00000000
x9: 	0x00000000
x10: 	0x00000000
x11: 	0x00000000
x12: 	0x00000000
x13: 	0x00000000
x14: 	0x00000000
x15: 	0x00000000
x16: 	0x00000000
x17: 	0x00000000
x18: 	0x00000000
x19: 	0x00000000
x20: 	0x00000000
x21: 	0x00000000
x22: 	0x00000000
x23: 	0x00000000
x24: 	0x00000000
x25: 	0x00000000
x26: 	0x00000000
x27: 	0x00000000
x28: 	0x00000000
x29: 	0x00000000
x30: 	0x00000000
x31: 	0x00000000

0x00001698	0x00000000	Unkown Instruction 

All Registers: 
x0: 	0x00000000
x1: 	0x00000000
x2: 	0x00000000
x3: 	0x00000000
x4: 	0x00000000
x5: 	0x00000000
x6: 	0x00000000
x7: 	0x00000000
x8: 	0x00000000
x9: 	0x00000000
x10: 	0x00000000
x11: 	0x00000000
x12: 	0x00000000
x13: 	0x00000000
x14: 	0x00000000
x15: 	0x00000000
x16: 	0x00000000
x17: 	0x00000000
x18: 	0x00000000
x19: 	0x00000000
x20: 	0x00000000
x21: 	0x00000000
x22: 	0x00000000
x23: 	0x00000000
x24: 	0x00000000
x25: 	0x00000000
x26: 	0x00000000
x27: 	0x00000000
x28: 	0x00000000
x29: 	0x00000000
x30: 	0x00000000
x31: 	0x00000000

0x0000169c	0x00000000	Unkown Instruction 

All Registers: 
x0: 	0x00000000
x1: 	0x00000000
x2: 	0x00000000
x3: 	0x00000000
x4: 	0x00000000
x5: 	0x00000000
x6: 	0x00000000
x7: 	0x00000000
x8: 	0x00000000
x9: 	0x00000000
x10: 	0x00000000
x11: 	0x00000000
x12: 	0x00000000
x13: 	0x00000000
x14: 	0x00000000
x15: 	0x00000000
x16: 	0x00000000
x17: 	0x00000000
x18: 	0x00000000
x19: 	0x00000000
x20: 	0x00000000
x21: 	0x00000000
x22: 	0x00000000
x23: 	0x00000000
x24: 	0x00000000
x25: 	0x00000000
x26: 	0x00000000
x27: 	0x00000000
x28: 	0x00000000
x29: 	0x00000000
x30: 	0x00000000
x31: 	0x00000000

0x000016a0	0x00000000	Unkown Instruction 

All Registers: 
x0: 	0x00000000
x1: 	0x00000000
x2: 	0x00000000
x3: 	0x00000000
x4: 	0x00000000
x5: 	0x00000000
x6: 	0x00000000
x7: 	0x00000000
x8: 	0x00000000
x9: 	0x00000000
x10: 	0x00000000
x11: 	0x00000000
x12: 	0x00000000
x13: 	0x00000000
x14: 	0x00000000
x15: 	0x00000000
x16: 	0x00000000
x17: 	0x00000000
x18: 	0x00000000
x19: 	0x00000000
x20: 	0x00000000
x21: 	0x00000000
x22: 	0x00000000
x23: 	0x00000000
x24: 	0x00000000
x25: 	0x00000000
x26: 	0x00000000
x27: 	0x00000000
x28: 	0x00000000
x29: 	0x00000000
x30: 	0x00000000
x31: 	0x00000000

0x000016a4	0x00000000	Unkown Instruction 

All Registers: 
x0: 	0x00000000
x1: 	0x00000000
x2: 	0x00000000
x3: 	0x00000000
x4: 	0x00000000
x5: 	0x00000000
x6: 	0x00000000
x7: 	0x00000000
x8: 	0x00000000
x9: 	0x00000000
x10: 	0x00000000
x11: 	0x00000000
x12: 	0x00000000
x13: 	0x00000000
x14: 	0x00000000
x15: 	0x00000000
x16: 	0x00000000
x17: 	0x00000000
x18: 	0x00000000
x19: 	0x00000000
x20: 	0x00000000
x21: 	0x00000000
x22: 	0x00000000
x23: 	0x00000000
x24: 	0x00000000
x25: 	0x00000000
x26: 	0x00000000
x27: 	0x00000000
x28: 	0x00000000
x29: 	0x00000000
x30: 	0x00000000
x31: 	0x00000000

0x000016a8	0x00000000	Unkown Instruction 

All Registers: 
x0: 	0x00000000
x1: 	0x00000000
x2: 	0x00000000
x3: 	0x00000000
x4: 	0x00000000
x5: 	0x00000000
x6: 	0x00000000
x7: 	0x00000000
x8: 	0x00000000
x9: 	0x00000000
x10: 	0x00000000
x11: 	0x00000000
x12: 	0x00000000
x13: 	0x00000000
x14: 	0x00000000
x15: 	0x00000000
x16: 	0x00000000
x17: 	0x00000000
x18: 	0x00000000
x19: 	0x00000000
x20: 	0x00000000
x21: 	0x00000000
x22: 	0x00000000
x23: 	0x00000000
x24: 	0x00000000
x25: 	0x00000000
x26: 	0x00000000
x27: 	0x00000000
x28: 	0x00000000
x29: 	0x00000000
x30: 	0x00000000
x31: 	0x00000000

0x000016ac	0x00000000	Unkown Instruction 

All Registers: 
x0: 	0x00000000
x1: 	0x00000000
x2: 	0x00000000
x3: 	0x00000000
x4: 	0x00000000
x5: 	0x00000000
x6: 	0x00000000
x7: 	0x00000000
x8: 	0x00000000
x9: 	0x00000000
x10: 	0x00000000
x11: 	0x00000000
x12: 	0x00000000
x13: 	0x00000000
x14: 	0x00000000
x15: 	0x00000000
x16: 	0x00000000
x17: 	0x00000000
x18: 	0x00000000
x19: 	0x00000000
x20: 	0x00000000
x21: 	0x00000000
x22: 	0x00000000
x23: 	0x00000000
x24: 	0x00000000
x25: 	0x00000000
x26: 	0x00000000
x27: 	0x00000000
x28: 	0x00000000
x29: 	0x00000000
x30: 	0x00000000
x31: 	0x00000000

0x000016b0	0x00000000	Unkown Instruction 

All Registers: 
x0: 	0x00000000
x1: 	0x00000000
x2: 	0x00000000
x3: 	0x00000000
x4: 	0x00000000
x5: 	0x00000000
x6: 	0x00000000
x7: 	0x00000000
x8: 	0x00000000
x9: 	0x00000000
x10: 	0x00000000
x11: 	0x00000000
x12: 	0x00000000
x13: 	0x00000000
x14: 	0x00000000
x15: 	0x00000000
x16: 	0x00000000
x17: 	0x00000000
x18: 	0x00000000
x19: 	0x00000000
x20: 	0x00000000
x21: 	0x00000000
x22: 	0x00000000
x23: 	0x00000000
x24: 	0x00000000
x25: 	0x00000000
x26: 	0x00000000
x27: 	0x00000000
x28: 	0x00000000
x29: 	0x00000000
x30: 	0x00000000
x31: 	0x00000000

0x000016b4	0x00000000	Unkown Instruction 

All Registers: 
x0: 	0x00000000
x1: 	0x00000000
x2: 	0x00000000
x3: 	0x00000000
x4: 	0x00000000
x5: 	0x00000000
x6: 	0x00000000
x7: 	0x00000000
x8: 	0x00000000
x9: 	0x00000000
x10: 	0x00000000
x11: 	0x00000000
x12: 	0x00000000
x13: 	0x00000000
x14: 	0x00000000
x15: 	0x00000000
x16: 	0x00000000
x17: 	0x00000000
x18: 	0x00000000
x19: 	0x00000000
x20: 	0x00000000
x21: 	0x00000000
x22: 	0x00000000
x23: 	0x00000000
x24: 	0x00000000
x25: 	0x00000000
x26: 	0x00000000
x27: 	0x00000000
x28: 	0x00000000
x29: 	0x00000000
x30: 	0x00000000
x31: 	0x00000000

0x000016b8	0x00000000	Unkown Instruction 

All Registers: 
x0: 	0x00000000
x1: 	0x00000000
x2: 	0x00000000
x3: 	0x00000000
x4: 	0x00000000
x5: 	0x00000000
x6: 	0x00000000
x7: 	0x00000000
x8: 	0x00000000
x9: 	0x00000000
x10: 	0x00000000
x11: 	0x00000000
x12: 	0x00000000
x13: 	0x00000000
x14: 	0x00000000
x15: 	0x00000000
x16: 	0x00000000
x17: 	0x00000000
x18: 	0x00000000
x19: 	0x00000000
x20: 	0x00000000
x21: 	0x00000000
x22: 	0x00000000
x23: 	0x00000000
x24: 	0x00000000
x25: 	0x00000000
x26: 	0x00000000
x27: 	0x00000000
x28: 	0x00000000
x29: 	0x00000000
x30: 	0x00000000
x31: 	0x00000000

0x000016bc	0x00000000	Unkown Instruction 

All Registers: 
x0: 	0x00000000
x1: 	0x00000000
x2: 	0x00000000
x3: 	0x00000000
x4: 	0x00000000
x5: 	0x00000000
x6: 	0x00000000
x7: 	0x00000000
x8: 	0x00000000
x9: 	0x00000000
x10: 	0x00000000
x11: 	0x00000000
x12: 	0x00000000
x13: 	0x00000000
x14: 	0x00000000
x15: 	0x00000000
x16: 	0x00000000
x17: 	0x00000000
x18: 	0x00000000
x19: 	0x00000000
x20: 	0x00000000
x21: 	0x00000000
x22: 	0x00000000
x23: 	0x00000000
x24: 	0x00000000
x25: 	0x00000000
x26: 	0x00000000
x27: 	0x00000000
x28: 	0x00000000
x29: 	0x00000000
x30: 	0x00000000
x31: 	0x00000000

0x000016c0	0x00000000	Unkown Instruction 

All Registers: 
x0: 	0x00000000
x1: 	0x00000000
x2: 	0x00000000
x3: 	0x00000000
x4: 	0x00000000
x5: 	0x00000000
x6: 	0x00000000
x7: 	0x00000000
x8: 	0x00000000
x9: 	0x00000000
x10: 	0x00000000
x11: 	0x00000000
x12: 	0x00000000
x13: 	0x00000000
x14: 	0x00000000
x15: 	0x00000000
x16: 	0x00000000
x17: 	0x00000000
x18: 	0x00000000
x19: 	0x00000000
x20: 	0x00000000
x21: 	0x00000000
x22: 	0x00000000
x23: 	0x00000000
x24: 	0x00000000
x25: 	0x00000000
x26: 	0x00000000
x27: 	0x00000000
x28: 	0x00000000
x29: 	0x00000000
x30: 	0x00000000
x31: 	0x00000000

0x000016c4	0x00000000	Unkown Instruction 

All Registers: 
x0: 	0x00000000
x1: 	0x00000000
x2: 	0x00000000
x3: 	0x00000000
x4: 	0x00000000
x5: 	0x00000000
x6: 	0x00000000
x7: 	0x00000000
x8: 	0x00000000
x9: 	0x00000000
x10: 	0x00000000
x11: 	0x00000000
x12: 	0x00000000
x13: 	0x00000000
x14: 	0x00000000
x15: 	0x00000000
x16: 	0x00000000
x17: 	0x00000000
x18: 	0x00000000
x19: 	0x00000000
x20: 	0x00000000
x21: 	0x00000000
x22: 	0x00000000
x23: 	0x00000000
x24: 	0x00000000
x25: 	0x00000000
x26: 	0x00000000
x27: 	0x00000000
x28: 	0x00000000
x29: 	0x00000000
x30: 	0x00000000
x31: 	0x00000000

0x000016c8	0x00000000	Unkown Instruction 

All Registers: 
x0: 	0x00000000
x1: 	0x00000000
x2: 	0x00000000
x3: 	0x00000000
x4: 	0x00000000
x5: 	0x00000000
x6: 	0x00000000
x7: 	0x00000000
x8: 	0x00000000
x9: 	0x00000000
x10: 	0x00000000
x11: 	0x00000000
x12: 	0x00000000
x13: 	0x00000000
x14: 	0x00000000
x15: 	0x00000000
x16: 	0x00000000
x17: 	0x00000000
x18: 	0x00000000
x19: 	0x00000000
x20: 	0x00000000
x21: 	0x00000000
x22: 	0x00000000
x23: 	0x00000000
x24: 	0x00000000
x25: 	0x00000000
x26: 	0x00000000
x27: 	0x00000000
x28: 	0x00000000
x29: 	0x00000000
x30: 	0x00000000
x31: 	0x00000000

0x000016cc	0x00000000	Unkown Instruction 

All Registers: 
x0: 	0x00000000
x1: 	0x00000000
x2: 	0x00000000
x3: 	0x00000000
x4: 	0x00000000
x5: 	0x00000000
x6: 	0x00000000
x7: 	0x00000000
x8: 	0x00000000
x9: 	0x00000000
x10: 	0x00000000
x11: 	0x00000000
x12: 	0x00000000
x13: 	0x00000000
x14: 	0x00000000
x15: 	0x00000000
x16: 	0x00000000
x17: 	0x00000000
x18: 	0x00000000
x19: 	0x00000000
x20: 	0x00000000
x21: 	0x00000000
x22: 	0x00000000
x23: 	0x00000000
x24: 	0x00000000
x25: 	0x00000000
x26: 	0x00000000
x27: 	0x00000000
x28: 	0x00000000
x29: 	0x00000000
x30: 	0x00000000
x31: 	0x00000000

0x000016d0	0x00000000	Unkown Instruction 

All Registers: 
x0: 	0x00000000
x1: 	0x00000000
x2: 	0x00000000
x3: 	0x00000000
x4: 	0x00000000
x5: 	0x00000000
x6: 	0x00000000
x7: 	0x00000000
x8: 	0x00000000
x9: 	0x00000000
x10: 	0x00000000
x11: 	0x00000000
x12: 	0x00000000
x13: 	0x00000000
x14: 	0x00000000
x15: 	0x00000000
x16: 	0x00000000
x17: 	0x00000000
x18: 	0x00000000
x19: 	0x00000000
x20: 	0x00000000
x21: 	0x00000000
x22: 	0x00000000
x23: 	0x00000000
x24: 	0x00000000
x25: 	0x00000000
x26: 	0x00000000
x27: 	0x00000000
x28: 	0x00000000
x29: 	0x00000000
x30: 	0x00000000
x31: 	0x00000000

0x000016d4	0x00000000	Unkown Instruction 

All Registers: 
x0: 	0x00000000
x1: 	0x00000000
x2: 	0x00000000
x3: 	0x00000000
x4: 	0x00000000
x5: 	0x00000000
x6: 	0x00000000
x7: 	0x00000000
x8: 	0x00000000
x9: 	0x00000000
x10: 	0x00000000
x11: 	0x00000000
x12: 	0x00000000
x13: 	0x00000000
x14: 	0x00000000
x15: 	0x00000000
x16: 	0x00000000
x17: 	0x00000000
x18: 	0x00000000
x19: 	0x00000000
x20: 	0x00000000
x21: 	0x00000000
x22: 	0x00000000
x23: 	0x00000000
x24: 	0x00000000
x25: 	0x00000000
x26: 	0x00000000
x27: 	0x00000000
x28: 	0x00000000
x29: 	0x00000000
x30: 	0x00000000
x31: 	0x00000000

0x000016d8	0x00000000	Unkown Instruction 

All Registers: 
x0: 	0x00000000
x1: 	0x00000000
x2: 	0x00000000
x3: 	0x00000000
x4: 	0x00000000
x5: 	0x00000000
x6: 	0x00000000
x7: 	0x00000000
x8: 	0x00000000
x9: 	0x00000000
x10: 	0x00000000
x11: 	0x00000000
x12: 	0x00000000
x13: 	0x00000000
x14: 	0x00000000
x15: 	0x00000000
x16: 	0x00000000
x17: 	0x00000000
x18: 	0x00000000
x19: 	0x00000000
x20: 	0x00000000
x21: 	0x00000000
x22: 	0x00000000
x23: 	0x00000000
x24: 	0x00000000
x25: 	0x00000000
x26: 	0x00000000
x27: 	0x00000000
x28: 	0x00000000
x29: 	0x00000000
x30: 	0x00000000
x31: 	0x00000000

0x000016dc	0x00000000	Unkown Instruction 

All Registers: 
x0: 	0x00000000
x1: 	0x00000000
x2: 	0x00000000
x3: 	0x00000000
x4: 	0x00000000
x5: 	0x00000000
x6: 	0x00000000
x7: 	0x00000000
x8: 	0x00000000
x9: 	0x00000000
x10: 	0x00000000
x11: 	0x00000000
x12: 	0x00000000
x13: 	0x00000000
x14: 	0x00000000
x15: 	0x00000000
x16: 	0x00000000
x17: 	0x00000000
x18: 	0x00000000
x19: 	0x00000000
x20: 	0x00000000
x21: 	0x00000000
x22: 	0x00000000
x23: 	0x00000000
x24: 	0x00000000
x25: 	0x00000000
x26: 	0x00000000
x27: 	0x00000000
x28: 	0x00000000
x29: 	0x00000000
x30: 	0x00000000
x31: 	0x00000000

0x000016e0	0x00000000	Unkown Instruction 

All Registers: 
x0: 	0x00000000
x1: 	0x00000000
x2: 	0x00000000
x3: 	0x00000000
x4: 	0x00000000
x5: 	0x00000000
x6: 	0x00000000
x7: 	0x00000000
x8: 	0x00000000
x9: 	0x00000000
x10: 	0x00000000
x11: 	0x00000000
x12: 	0x00000000
x13: 	0x00000000
x14: 	0x00000000
x15: 	0x00000000
x16: 	0x00000000
x17: 	0x00000000
x18: 	0x00000000
x19: 	0x00000000
x20: 	0x00000000
x21: 	0x00000000
x22: 	0x00000000
x23: 	0x00000000
x24: 	0x00000000
x25: 	0x00000000
x26: 	0x00000000
x27: 	0x00000000
x28: 	0x00000000
x29: 	0x00000000
x30: 	0x00000000
x31: 	0x00000000

0x000016e4	0x00000000	Unkown Instruction 

All Registers: 
x0: 	0x00000000
x1: 	0x00000000
x2: 	0x00000000
x3: 	0x00000000
x4: 	0x00000000
x5: 	0x00000000
x6: 	0x00000000
x7: 	0x00000000
x8: 	0x00000000
x9: 	0x00000000
x10: 	0x00000000
x11: 	0x00000000
x12: 	0x00000000
x13: 	0x00000000
x14: 	0x00000000
x15: 	0x00000000
x16: 	0x00000000
x17: 	0x00000000
x18: 	0x00000000
x19: 	0x00000000
x20: 	0x00000000
x21: 	0x00000000
x22: 	0x00000000
x23: 	0x00000000
x24: 	0x00000000
x25: 	0x00000000
x26: 	0x00000000
x27: 	0x00000000
x28: 	0x00000000
x29: 	0x00000000
x30: 	0x00000000
x31: 	0x00000000

0x000016e8	0x00000000	Unkown Instruction 

All Registers: 
x0: 	0x00000000
x1: 	0x00000000
x2: 	0x00000000
x3: 	0x00000000
x4: 	0x00000000
x5: 	0x00000000
x6: 	0x00000000
x7: 	0x00000000
x8: 	0x00000000
x9: 	0x00000000
x10: 	0x00000000
x11: 	0x00000000
x12: 	0x00000000
x13: 	0x00000000
x14: 	0x00000000
x15: 	0x00000000
x16: 	0x00000000
x17: 	0x00000000
x18: 	0x00000000
x19: 	0x00000000
x20: 	0x00000000
x21: 	0x00000000
x22: 	0x00000000
x23: 	0x00000000
x24: 	0x00000000
x25: 	0x00000000
x26: 	0x00000000
x27: 	0x00000000
x28: 	0x00000000
x29: 	0x00000000
x30: 	0x00000000
x31: 	0x00000000

0x000016ec	0x00000000	Unkown Instruction 

All Registers: 
x0: 	0x00000000
x1: 	0x00000000
x2: 	0x00000000
x3: 	0x00000000
x4: 	0x00000000
x5: 	0x00000000
x6: 	0x00000000
x7: 	0x00000000
x8: 	0x00000000
x9: 	0x00000000
x10: 	0x00000000
x11: 	0x00000000
x12: 	0x00000000
x13: 	0x00000000
x14: 	0x00000000
x15: 	0x00000000
x16: 	0x00000000
x17: 	0x00000000
x18: 	0x00000000
x19: 	0x00000000
x20: 	0x00000000
x21: 	0x00000000
x22: 	0x00000000
x23: 	0x00000000
x24: 	0x00000000
x25: 	0x00000000
x26: 	0x00000000
x27: 	0x00000000
x28: 	0x00000000
x29: 	0x00000000
x30: 	0x00000000
x31: 	0x00000000

0x000016f0	0x00000000	Unkown Instruction 

All Registers: 
x0: 	0x00000000
x1: 	0x00000000
x2: 	0x00000000
x3: 	0x00000000
x4: 	0x00000000
x5: 	0x00000000
x6: 	0x00000000
x7: 	0x00000000
x8: 	0x00000000
x9: 	0x00000000
x10: 	0x00000000
x11: 	0x00000000
x12: 	0x00000000
x13: 	0x00000000
x14: 	0x00000000
x15: 	0x00000000
x16: 	0x00000000
x17: 	0x00000000
x18: 	0x00000000
x19: 	0x00000000
x20: 	0x00000000
x21: 	0x00000000
x22: 	0x00000000
x23: 	0x00000000
x24: 	0x00000000
x25: 	0x00000000
x26: 	0x00000000
x27: 	0x00000000
x28: 	0x00000000
x29: 	0x00000000
x30: 	0x00000000
x31: 	0x00000000

0x000016f4	0x00000000	Unkown Instruction 

All Registers: 
x0: 	0x00000000
x1: 	0x00000000
x2: 	0x00000000
x3: 	0x00000000
x4: 	0x00000000
x5: 	0x00000000
x6: 	0x00000000
x7: 	0x00000000
x8: 	0x00000000
x9: 	0x00000000
x10: 	0x00000000
x11: 	0x00000000
x12: 	0x00000000
x13: 	0x00000000
x14: 	0x00000000
x15: 	0x00000000
x16: 	0x00000000
x17: 	0x00000000
x18: 	0x00000000
x19: 	0x00000000
x20: 	0x00000000
x21: 	0x00000000
x22: 	0x00000000
x23: 	0x00000000
x24: 	0x00000000
x25: 	0x00000000
x26: 	0x00000000
x27: 	0x00000000
x28: 	0x00000000
x29: 	0x00000000
x30: 	0x00000000
x31: 	0x00000000

0x000016f8	0x00000000	Unkown Instruction 

All Registers: 
x0: 	0x00000000
x1: 	0x00000000
x2: 	0x00000000
x3: 	0x00000000
x4: 	0x00000000
x5: 	0x00000000
x6: 	0x00000000
x7: 	0x00000000
x8: 	0x00000000
x9: 	0x00000000
x10: 	0x00000000
x11: 	0x00000000
x12: 	0x00000000
x13: 	0x00000000
x14: 	0x00000000
x15: 	0x00000000
x16: 	0x00000000
x17: 	0x00000000
x18: 	0x00000000
x19: 	0x00000000
x20: 	0x00000000
x21: 	0x00000000
x22: 	0x00000000
x23: 	0x00000000
x24: 	0x00000000
x25: 	0x00000000
x26: 	0x00000000
x27: 	0x00000000
x28: 	0x00000000
x29: 	0x00000000
x30: 	0x00000000
x31: 	0x00000000

0x000016fc	0x00000000	Unkown Instruction 

All Registers: 
x0: 	0x00000000
x1: 	0x00000000
x2: 	0x00000000
x3: 	0x00000000
x4: 	0x00000000
x5: 	0x00000000
x6: 	0x00000000
x7: 	0x00000000
x8: 	0x00000000
x9: 	0x00000000
x10: 	0x00000000
x11: 	0x00000000
x12: 	0x00000000
x13: 	0x00000000
x14: 	0x00000000
x15: 	0x00000000
x16: 	0x00000000
x17: 	0x00000000
x18: 	0x00000000
x19: 	0x00000000
x20: 	0x00000000
x21: 	0x00000000
x22: 	0x00000000
x23: 	0x00000000
x24: 	0x00000000
x25: 	0x00000000
x26: 	0x00000000
x27: 	0x00000000
x28: 	0x00000000
x29: 	0x00000000
x30: 	0x00000000
x31: 	0x00000000

0x00001700	0x00000000	Unkown Instruction 

All Registers: 
x0: 	0x00000000
x1: 	0x00000000
x2: 	0x00000000
x3: 	0x00000000
x4: 	0x00000000
x5: 	0x00000000
x6: 	0x00000000
x7: 	0x00000000
x8: 	0x00000000
x9: 	0x00000000
x10: 	0x00000000
x11: 	0x00000000
x12: 	0x00000000
x13: 	0x00000000
x14: 	0x00000000
x15: 	0x00000000
x16: 	0x00000000
x17: 	0x00000000
x18: 	0x00000000
x19: 	0x00000000
x20: 	0x00000000
x21: 	0x00000000
x22: 	0x00000000
x23: 	0x00000000
x24: 	0x00000000
x25: 	0x00000000
x26: 	0x00000000
x27: 	0x00000000
x28: 	0x00000000
x29: 	0x00000000
x30: 	0x00000000
x31: 	0x00000000

0x00001704	0x00000000	Unkown Instruction 

All Registers: 
x0: 	0x00000000
x1: 	0x00000000
x2: 	0x00000000
x3: 	0x00000000
x4: 	0x00000000
x5: 	0x00000000
x6: 	0x00000000
x7: 	0x00000000
x8: 	0x00000000
x9: 	0x00000000
x10: 	0x00000000
x11: 	0x00000000
x12: 	0x00000000
x13: 	0x00000000
x14: 	0x00000000
x15: 	0x00000000
x16: 	0x00000000
x17: 	0x00000000
x18: 	0x00000000
x19: 	0x00000000
x20: 	0x00000000
x21: 	0x00000000
x22: 	0x00000000
x23: 	0x00000000
x24: 	0x00000000
x25: 	0x00000000
x26: 	0x00000000
x27: 	0x00000000
x28: 	0x00000000
x29: 	0x00000000
x30: 	0x00000000
x31: 	0x00000000

0x00001708	0x00000000	Unkown Instruction 

All Registers: 
x0: 	0x00000000
x1: 	0x00000000
x2: 	0x00000000
x3: 	0x00000000
x4: 	0x00000000
x5: 	0x00000000
x6: 	0x00000000
x7: 	0x00000000
x8: 	0x00000000
x9: 	0x00000000
x10: 	0x00000000
x11: 	0x00000000
x12: 	0x00000000
x13: 	0x00000000
x14: 	0x00000000
x15: 	0x00000000
x16: 	0x00000000
x17: 	0x00000000
x18: 	0x00000000
x19: 	0x00000000
x20: 	0x00000000
x21: 	0x00000000
x22: 	0x00000000
x23: 	0x00000000
x24: 	0x00000000
x25: 	0x00000000
x26: 	0x00000000
x27: 	0x00000000
x28: 	0x00000000
x29: 	0x00000000
x30: 	0x00000000
x31: 	0x00000000

0x0000170c	0x00000000	Unkown Instruction 

All Registers: 
x0: 	0x00000000
x1: 	0x00000000
x2: 	0x00000000
x3: 	0x00000000
x4: 	0x00000000
x5: 	0x00000000
x6: 	0x00000000
x7: 	0x00000000
x8: 	0x00000000
x9: 	0x00000000
x10: 	0x00000000
x11: 	0x00000000
x12: 	0x00000000
x13: 	0x00000000
x14: 	0x00000000
x15: 	0x00000000
x16: 	0x00000000
x17: 	0x00000000
x18: 	0x00000000
x19: 	0x00000000
x20: 	0x00000000
x21: 	0x00000000
x22: 	0x00000000
x23: 	0x00000000
x24: 	0x00000000
x25: 	0x00000000
x26: 	0x00000000
x27: 	0x00000000
x28: 	0x00000000
x29: 	0x00000000
x30: 	0x00000000
x31: 	0x00000000

0x00001710	0x00000000	Unkown Instruction 

All Registers: 
x0: 	0x00000000
x1: 	0x00000000
x2: 	0x00000000
x3: 	0x00000000
x4: 	0x00000000
x5: 	0x00000000
x6: 	0x00000000
x7: 	0x00000000
x8: 	0x00000000
x9: 	0x00000000
x10: 	0x00000000
x11: 	0x00000000
x12: 	0x00000000
x13: 	0x00000000
x14: 	0x00000000
x15: 	0x00000000
x16: 	0x00000000
x17: 	0x00000000
x18: 	0x00000000
x19: 	0x00000000
x20: 	0x00000000
x21: 	0x00000000
x22: 	0x00000000
x23: 	0x00000000
x24: 	0x00000000
x25: 	0x00000000
x26: 	0x00000000
x27: 	0x00000000
x28: 	0x00000000
x29: 	0x00000000
x30: 	0x00000000
x31: 	0x00000000

0x00001714	0x00000000	Unkown Instruction 

All Registers: 
x0: 	0x00000000
x1: 	0x00000000
x2: 	0x00000000
x3: 	0x00000000
x4: 	0x00000000
x5: 	0x00000000
x6: 	0x00000000
x7: 	0x00000000
x8: 	0x00000000
x9: 	0x00000000
x10: 	0x00000000
x11: 	0x00000000
x12: 	0x00000000
x13: 	0x00000000
x14: 	0x00000000
x15: 	0x00000000
x16: 	0x00000000
x17: 	0x00000000
x18: 	0x00000000
x19: 	0x00000000
x20: 	0x00000000
x21: 	0x00000000
x22: 	0x00000000
x23: 	0x00000000
x24: 	0x00000000
x25: 	0x00000000
x26: 	0x00000000
x27: 	0x00000000
x28: 	0x00000000
x29: 	0x00000000
x30: 	0x00000000
x31: 	0x00000000

0x00001718	0x00000000	Unkown Instruction 

All Registers: 
x0: 	0x00000000
x1: 	0x00000000
x2: 	0x00000000
x3: 	0x00000000
x4: 	0x00000000
x5: 	0x00000000
x6: 	0x00000000
x7: 	0x00000000
x8: 	0x00000000
x9: 	0x00000000
x10: 	0x00000000
x11: 	0x00000000
x12: 	0x00000000
x13: 	0x00000000
x14: 	0x00000000
x15: 	0x00000000
x16: 	0x00000000
x17: 	0x00000000
x18: 	0x00000000
x19: 	0x00000000
x20: 	0x00000000
x21: 	0x00000000
x22: 	0x00000000
x23: 	0x00000000
x24: 	0x00000000
x25: 	0x00000000
x26: 	0x00000000
x27: 	0x00000000
x28: 	0x00000000
x29: 	0x00000000
x30: 	0x00000000
x31: 	0x00000000

0x0000171c	0x00000000	Unkown Instruction 

All Registers: 
x0: 	0x00000000
x1: 	0x00000000
x2: 	0x00000000
x3: 	0x00000000
x4: 	0x00000000
x5: 	0x00000000
x6: 	0x00000000
x7: 	0x00000000
x8: 	0x00000000
x9: 	0x00000000
x10: 	0x00000000
x11: 	0x00000000
x12: 	0x00000000
x13: 	0x00000000
x14: 	0x00000000
x15: 	0x00000000
x16: 	0x00000000
x17: 	0x00000000
x18: 	0x00000000
x19: 	0x00000000
x20: 	0x00000000
x21: 	0x00000000
x22: 	0x00000000
x23: 	0x00000000
x24: 	0x00000000
x25: 	0x00000000
x26: 	0x00000000
x27: 	0x00000000
x28: 	0x00000000
x29: 	0x00000000
x30: 	0x00000000
x31: 	0x00000000

0x00001720	0x00000000	Unkown Instruction 

All Registers: 
x0: 	0x00000000
x1: 	0x00000000
x2: 	0x00000000
x3: 	0x00000000
x4: 	0x00000000
x5: 	0x00000000
x6: 	0x00000000
x7: 	0x00000000
x8: 	0x00000000
x9: 	0x00000000
x10: 	0x00000000
x11: 	0x00000000
x12: 	0x00000000
x13: 	0x00000000
x14: 	0x00000000
x15: 	0x00000000
x16: 	0x00000000
x17: 	0x00000000
x18: 	0x00000000
x19: 	0x00000000
x20: 	0x00000000
x21: 	0x00000000
x22: 	0x00000000
x23: 	0x00000000
x24: 	0x00000000
x25: 	0x00000000
x26: 	0x00000000
x27: 	0x00000000
x28: 	0x00000000
x29: 	0x00000000
x30: 	0x00000000
x31: 	0x00000000

0x00001724	0x00000000	Unkown Instruction 

All Registers: 
x0: 	0x00000000
x1: 	0x00000000
x2: 	0x00000000
x3: 	0x00000000
x4: 	0x00000000
x5: 	0x00000000
x6: 	0x00000000
x7: 	0x00000000
x8: 	0x00000000
x9: 	0x00000000
x10: 	0x00000000
x11: 	0x00000000
x12: 	0x00000000
x13: 	0x00000000
x14: 	0x00000000
x15: 	0x00000000
x16: 	0x00000000
x17: 	0x00000000
x18: 	0x00000000
x19: 	0x00000000
x20: 	0x00000000
x21: 	0x00000000
x22: 	0x00000000
x23: 	0x00000000
x24: 	0x00000000
x25: 	0x00000000
x26: 	0x00000000
x27: 	0x00000000
x28: 	0x00000000
x29: 	0x00000000
x30: 	0x00000000
x31: 	0x00000000

0x00001728	0x00000000	Unkown Instruction 

All Registers: 
x0: 	0x00000000
x1: 	0x00000000
x2: 	0x00000000
x3: 	0x00000000
x4: 	0x00000000
x5: 	0x00000000
x6: 	0x00000000
x7: 	0x00000000
x8: 	0x00000000
x9: 	0x00000000
x10: 	0x00000000
x11: 	0x00000000
x12: 	0x00000000
x13: 	0x00000000
x14: 	0x00000000
x15: 	0x00000000
x16: 	0x00000000
x17: 	0x00000000
x18: 	0x00000000
x19: 	0x00000000
x20: 	0x00000000
x21: 	0x00000000
x22: 	0x00000000
x23: 	0x00000000
x24: 	0x00000000
x25: 	0x00000000
x26: 	0x00000000
x27: 	0x00000000
x28: 	0x00000000
x29: 	0x00000000
x30: 	0x00000000
x31: 	0x00000000

0x0000172c	0x00000000	Unkown Instruction 

All Registers: 
x0: 	0x00000000
x1: 	0x00000000
x2: 	0x00000000
x3: 	0x00000000
x4: 	0x00000000
x5: 	0x00000000
x6: 	0x00000000
x7: 	0x00000000
x8: 	0x00000000
x9: 	0x00000000
x10: 	0x00000000
x11: 	0x00000000
x12: 	0x00000000
x13: 	0x00000000
x14: 	0x00000000
x15: 	0x00000000
x16: 	0x00000000
x17: 	0x00000000
x18: 	0x00000000
x19: 	0x00000000
x20: 	0x00000000
x21: 	0x00000000
x22: 	0x00000000
x23: 	0x00000000
x24: 	0x00000000
x25: 	0x00000000
x26: 	0x00000000
x27: 	0x00000000
x28: 	0x00000000
x29: 	0x00000000
x30: 	0x00000000
x31: 	0x00000000

0x00001730	0x00000000	Unkown Instruction 

All Registers: 
x0: 	0x00000000
x1: 	0x00000000
x2: 	0x00000000
x3: 	0x00000000
x4: 	0x00000000
x5: 	0x00000000
x6: 	0x00000000
x7: 	0x00000000
x8: 	0x00000000
x9: 	0x00000000
x10: 	0x00000000
x11: 	0x00000000
x12: 	0x00000000
x13: 	0x00000000
x14: 	0x00000000
x15: 	0x00000000
x16: 	0x00000000
x17: 	0x00000000
x18: 	0x00000000
x19: 	0x00000000
x20: 	0x00000000
x21: 	0x00000000
x22: 	0x00000000
x23: 	0x00000000
x24: 	0x00000000
x25: 	0x00000000
x26: 	0x00000000
x27: 	0x00000000
x28: 	0x00000000
x29: 	0x00000000
x30: 	0x00000000
x31: 	0x00000000

0x00001734	0x00000000	Unkown Instruction 

All Registers: 
x0: 	0x00000000
x1: 	0x00000000
x2: 	0x00000000
x3: 	0x00000000
x4: 	0x00000000
x5: 	0x00000000
x6: 	0x00000000
x7: 	0x00000000
x8: 	0x00000000
x9: 	0x00000000
x10: 	0x00000000
x11: 	0x00000000
x12: 	0x00000000
x13: 	0x00000000
x14: 	0x00000000
x15: 	0x00000000
x16: 	0x00000000
x17: 	0x00000000
x18: 	0x00000000
x19: 	0x00000000
x20: 	0x00000000
x21: 	0x00000000
x22: 	0x00000000
x23: 	0x00000000
x24: 	0x00000000
x25: 	0x00000000
x26: 	0x00000000
x27: 	0x00000000
x28: 	0x00000000
x29: 	0x00000000
x30: 	0x00000000
x31: 	0x00000000

0x00001738	0x00000000	Unkown Instruction 

All Registers: 
x0: 	0x00000000
x1: 	0x00000000
x2: 	0x00000000
x3: 	0x00000000
x4: 	0x00000000
x5: 	0x00000000
x6: 	0x00000000
x7: 	0x00000000
x8: 	0x00000000
x9: 	0x00000000
x10: 	0x00000000
x11: 	0x00000000
x12: 	0x00000000
x13: 	0x00000000
x14: 	0x00000000
x15: 	0x00000000
x16: 	0x00000000
x17: 	0x00000000
x18: 	0x00000000
x19: 	0x00000000
x20: 	0x00000000
x21: 	0x00000000
x22: 	0x00000000
x23: 	0x00000000
x24: 	0x00000000
x25: 	0x00000000
x26: 	0x00000000
x27: 	0x00000000
x28: 	0x00000000
x29: 	0x00000000
x30: 	0x00000000
x31: 	0x00000000

0x0000173c	0x00000000	Unkown Instruction 

All Registers: 
x0: 	0x00000000
x1: 	0x00000000
x2: 	0x00000000
x3: 	0x00000000
x4: 	0x00000000
x5: 	0x00000000
x6: 	0x00000000
x7: 	0x00000000
x8: 	0x00000000
x9: 	0x00000000
x10: 	0x00000000
x11: 	0x00000000
x12: 	0x00000000
x13: 	0x00000000
x14: 	0x00000000
x15: 	0x00000000
x16: 	0x00000000
x17: 	0x00000000
x18: 	0x00000000
x19: 	0x00000000
x20: 	0x00000000
x21: 	0x00000000
x22: 	0x00000000
x23: 	0x00000000
x24: 	0x00000000
x25: 	0x00000000
x26: 	0x00000000
x27: 	0x00000000
x28: 	0x00000000
x29: 	0x00000000
x30: 	0x00000000
x31: 	0x00000000

0x00001740	0x00000000	Unkown Instruction 

All Registers: 
x0: 	0x00000000
x1: 	0x00000000
x2: 	0x00000000
x3: 	0x00000000
x4: 	0x00000000
x5: 	0x00000000
x6: 	0x00000000
x7: 	0x00000000
x8: 	0x00000000
x9: 	0x00000000
x10: 	0x00000000
x11: 	0x00000000
x12: 	0x00000000
x13: 	0x00000000
x14: 	0x00000000
x15: 	0x00000000
x16: 	0x00000000
x17: 	0x00000000
x18: 	0x00000000
x19: 	0x00000000
x20: 	0x00000000
x21: 	0x00000000
x22: 	0x00000000
x23: 	0x00000000
x24: 	0x00000000
x25: 	0x00000000
x26: 	0x00000000
x27: 	0x00000000
x28: 	0x00000000
x29: 	0x00000000
x30: 	0x00000000
x31: 	0x00000000

0x00001744	0x00000000	Unkown Instruction 

All Registers: 
x0: 	0x00000000
x1: 	0x00000000
x2: 	0x00000000
x3: 	0x00000000
x4: 	0x00000000
x5: 	0x00000000
x6: 	0x00000000
x7: 	0x00000000
x8: 	0x00000000
x9: 	0x00000000
x10: 	0x00000000
x11: 	0x00000000
x12: 	0x00000000
x13: 	0x00000000
x14: 	0x00000000
x15: 	0x00000000
x16: 	0x00000000
x17: 	0x00000000
x18: 	0x00000000
x19: 	0x00000000
x20: 	0x00000000
x21: 	0x00000000
x22: 	0x00000000
x23: 	0x00000000
x24: 	0x00000000
x25: 	0x00000000
x26: 	0x00000000
x27: 	0x00000000
x28: 	0x00000000
x29: 	0x00000000
x30: 	0x00000000
x31: 	0x00000000

0x00001748	0x00000000	Unkown Instruction 

All Registers: 
x0: 	0x00000000
x1: 	0x00000000
x2: 	0x00000000
x3: 	0x00000000
x4: 	0x00000000
x5: 	0x00000000
x6: 	0x00000000
x7: 	0x00000000
x8: 	0x00000000
x9: 	0x00000000
x10: 	0x00000000
x11: 	0x00000000
x12: 	0x00000000
x13: 	0x00000000
x14: 	0x00000000
x15: 	0x00000000
x16: 	0x00000000
x17: 	0x00000000
x18: 	0x00000000
x19: 	0x00000000
x20: 	0x00000000
x21: 	0x00000000
x22: 	0x00000000
x23: 	0x00000000
x24: 	0x00000000
x25: 	0x00000000
x26: 	0x00000000
x27: 	0x00000000
x28: 	0x00000000
x29: 	0x00000000
x30: 	0x00000000
x31: 	0x00000000

0x0000174c	0x00000000	Unkown Instruction 

All Registers: 
x0: 	0x00000000
x1: 	0x00000000
x2: 	0x00000000
x3: 	0x00000000
x4: 	0x00000000
x5: 	0x00000000
x6: 	0x00000000
x7: 	0x00000000
x8: 	0x00000000
x9: 	0x00000000
x10: 	0x00000000
x11: 	0x00000000
x12: 	0x00000000
x13: 	0x00000000
x14: 	0x00000000
x15: 	0x00000000
x16: 	0x00000000
x17: 	0x00000000
x18: 	0x00000000
x19: 	0x00000000
x20: 	0x00000000
x21: 	0x00000000
x22: 	0x00000000
x23: 	0x00000000
x24: 	0x00000000
x25: 	0x00000000
x26: 	0x00000000
x27: 	0x00000000
x28: 	0x00000000
x29: 	0x00000000
x30: 	0x00000000
x31: 	0x00000000

0x00001750	0x00000000	Unkown Instruction 

All Registers: 
x0: 	0x00000000
x1: 	0x00000000
x2: 	0x00000000
x3: 	0x00000000
x4: 	0x00000000
x5: 	0x00000000
x6: 	0x00000000
x7: 	0x00000000
x8: 	0x00000000
x9: 	0x00000000
x10: 	0x00000000
x11: 	0x00000000
x12: 	0x00000000
x13: 	0x00000000
x14: 	0x00000000
x15: 	0x00000000
x16: 	0x00000000
x17: 	0x00000000
x18: 	0x00000000
x19: 	0x00000000
x20: 	0x00000000
x21: 	0x00000000
x22: 	0x00000000
x23: 	0x00000000
x24: 	0x00000000
x25: 	0x00000000
x26: 	0x00000000
x27: 	0x00000000
x28: 	0x00000000
x29: 	0x00000000
x30: 	0x00000000
x31: 	0x00000000

0x00001754	0x00000000	Unkown Instruction 

All Registers: 
x0: 	0x00000000
x1: 	0x00000000
x2: 	0x00000000
x3: 	0x00000000
x4: 	0x00000000
x5: 	0x00000000
x6: 	0x00000000
x7: 	0x00000000
x8: 	0x00000000
x9: 	0x00000000
x10: 	0x00000000
x11: 	0x00000000
x12: 	0x00000000
x13: 	0x00000000
x14: 	0x00000000
x15: 	0x00000000
x16: 	0x00000000
x17: 	0x00000000
x18: 	0x00000000
x19: 	0x00000000
x20: 	0x00000000
x21: 	0x00000000
x22: 	0x00000000
x23: 	0x00000000
x24: 	0x00000000
x25: 	0x00000000
x26: 	0x00000000
x27: 	0x00000000
x28: 	0x00000000
x29: 	0x00000000
x30: 	0x00000000
x31: 	0x00000000

0x00001758	0x00000000	Unkown Instruction 

All Registers: 
x0: 	0x00000000
x1: 	0x00000000
x2: 	0x00000000
x3: 	0x00000000
x4: 	0x00000000
x5: 	0x00000000
x6: 	0x00000000
x7: 	0x00000000
x8: 	0x00000000
x9: 	0x00000000
x10: 	0x00000000
x11: 	0x00000000
x12: 	0x00000000
x13: 	0x00000000
x14: 	0x00000000
x15: 	0x00000000
x16: 	0x00000000
x17: 	0x00000000
x18: 	0x00000000
x19: 	0x00000000
x20: 	0x00000000
x21: 	0x00000000
x22: 	0x00000000
x23: 	0x00000000
x24: 	0x00000000
x25: 	0x00000000
x26: 	0x00000000
x27: 	0x00000000
x28: 	0x00000000
x29: 	0x00000000
x30: 	0x00000000
x31: 	0x00000000

0x0000175c	0x00000000	Unkown Instruction 

All Registers: 
x0: 	0x00000000
x1: 	0x00000000
x2: 	0x00000000
x3: 	0x00000000
x4: 	0x00000000
x5: 	0x00000000
x6: 	0x00000000
x7: 	0x00000000
x8: 	0x00000000
x9: 	0x00000000
x10: 	0x00000000
x11: 	0x00000000
x12: 	0x00000000
x13: 	0x00000000
x14: 	0x00000000
x15: 	0x00000000
x16: 	0x00000000
x17: 	0x00000000
x18: 	0x00000000
x19: 	0x00000000
x20: 	0x00000000
x21: 	0x00000000
x22: 	0x00000000
x23: 	0x00000000
x24: 	0x00000000
x25: 	0x00000000
x26: 	0x00000000
x27: 	0x00000000
x28: 	0x00000000
x29: 	0x00000000
x30: 	0x00000000
x31: 	0x00000000

0x00001760	0x00000000	Unkown Instruction 

All Registers: 
x0: 	0x00000000
x1: 	0x00000000
x2: 	0x00000000
x3: 	0x00000000
x4: 	0x00000000
x5: 	0x00000000
x6: 	0x00000000
x7: 	0x00000000
x8: 	0x00000000
x9: 	0x00000000
x10: 	0x00000000
x11: 	0x00000000
x12: 	0x00000000
x13: 	0x00000000
x14: 	0x00000000
x15: 	0x00000000
x16: 	0x00000000
x17: 	0x00000000
x18: 	0x00000000
x19: 	0x00000000
x20: 	0x00000000
x21: 	0x00000000
x22: 	0x00000000
x23: 	0x00000000
x24: 	0x00000000
x25: 	0x00000000
x26: 	0x00000000
x27: 	0x00000000
x28: 	0x00000000
x29: 	0x00000000
x30: 	0x00000000
x31: 	0x00000000

0x00001764	0x00000000	Unkown Instruction 

All Registers: 
x0: 	0x00000000
x1: 	0x00000000
x2: 	0x00000000
x3: 	0x00000000
x4: 	0x00000000
x5: 	0x00000000
x6: 	0x00000000
x7: 	0x00000000
x8: 	0x00000000
x9: 	0x00000000
x10: 	0x00000000
x11: 	0x00000000
x12: 	0x00000000
x13: 	0x00000000
x14: 	0x00000000
x15: 	0x00000000
x16: 	0x00000000
x17: 	0x00000000
x18: 	0x00000000
x19: 	0x00000000
x20: 	0x00000000
x21: 	0x00000000
x22: 	0x00000000
x23: 	0x00000000
x24: 	0x00000000
x25: 	0x00000000
x26: 	0x00000000
x27: 	0x00000000
x28: 	0x00000000
x29: 	0x00000000
x30: 	0x00000000
x31: 	0x00000000

0x00001768	0x00000000	Unkown Instruction 

All Registers: 
x0: 	0x00000000
x1: 	0x00000000
x2: 	0x00000000
x3: 	0x00000000
x4: 	0x00000000
x5: 	0x00000000
x6: 	0x00000000
x7: 	0x00000000
x8: 	0x00000000
x9: 	0x00000000
x10: 	0x00000000
x11: 	0x00000000
x12: 	0x00000000
x13: 	0x00000000
x14: 	0x00000000
x15: 	0x00000000
x16: 	0x00000000
x17: 	0x00000000
x18: 	0x00000000
x19: 	0x00000000
x20: 	0x00000000
x21: 	0x00000000
x22: 	0x00000000
x23: 	0x00000000
x24: 	0x00000000
x25: 	0x00000000
x26: 	0x00000000
x27: 	0x00000000
x28: 	0x00000000
x29: 	0x00000000
x30: 	0x00000000
x31: 	0x00000000

0x0000176c	0x00000000	Unkown Instruction 

All Registers: 
x0: 	0x00000000
x1: 	0x00000000
x2: 	0x00000000
x3: 	0x00000000
x4: 	0x00000000
x5: 	0x00000000
x6: 	0x00000000
x7: 	0x00000000
x8: 	0x00000000
x9: 	0x00000000
x10: 	0x00000000
x11: 	0x00000000
x12: 	0x00000000
x13: 	0x00000000
x14: 	0x00000000
x15: 	0x00000000
x16: 	0x00000000
x17: 	0x00000000
x18: 	0x00000000
x19: 	0x00000000
x20: 	0x00000000
x21: 	0x00000000
x22: 	0x00000000
x23: 	0x00000000
x24: 	0x00000000
x25: 	0x00000000
x26: 	0x00000000
x27: 	0x00000000
x28: 	0x00000000
x29: 	0x00000000
x30: 	0x00000000
x31: 	0x00000000

0x00001770	0x00000000	Unkown Instruction 

All Registers: 
x0: 	0x00000000
x1: 	0x00000000
x2: 	0x00000000
x3: 	0x00000000
x4: 	0x00000000
x5: 	0x00000000
x6: 	0x00000000
x7: 	0x00000000
x8: 	0x00000000
x9: 	0x00000000
x10: 	0x00000000
x11: 	0x00000000
x12: 	0x00000000
x13: 	0x00000000
x14: 	0x00000000
x15: 	0x00000000
x16: 	0x00000000
x17: 	0x00000000
x18: 	0x00000000
x19: 	0x00000000
x20: 	0x00000000
x21: 	0x00000000
x22: 	0x00000000
x23: 	0x00000000
x24: 	0x00000000
x25: 	0x00000000
x26: 	0x00000000
x27: 	0x00000000
x28: 	0x00000000
x29: 	0x00000000
x30: 	0x00000000
x31: 	0x00000000

0x00001774	0x00000000	Unkown Instruction 

All Registers: 
x0: 	0x00000000
x1: 	0x00000000
x2: 	0x00000000
x3: 	0x00000000
x4: 	0x00000000
x5: 	0x00000000
x6: 	0x00000000
x7: 	0x00000000
x8: 	0x00000000
x9: 	0x00000000
x10: 	0x00000000
x11: 	0x00000000
x12: 	0x00000000
x13: 	0x00000000
x14: 	0x00000000
x15: 	0x00000000
x16: 	0x00000000
x17: 	0x00000000
x18: 	0x00000000
x19: 	0x00000000
x20: 	0x00000000
x21: 	0x00000000
x22: 	0x00000000
x23: 	0x00000000
x24: 	0x00000000
x25: 	0x00000000
x26: 	0x00000000
x27: 	0x00000000
x28: 	0x00000000
x29: 	0x00000000
x30: 	0x00000000
x31: 	0x00000000

0x00001778	0x00000000	Unkown Instruction 

All Registers: 
x0: 	0x00000000
x1: 	0x00000000
x2: 	0x00000000
x3: 	0x00000000
x4: 	0x00000000
x5: 	0x00000000
x6: 	0x00000000
x7: 	0x00000000
x8: 	0x00000000
x9: 	0x00000000
x10: 	0x00000000
x11: 	0x00000000
x12: 	0x00000000
x13: 	0x00000000
x14: 	0x00000000
x15: 	0x00000000
x16: 	0x00000000
x17: 	0x00000000
x18: 	0x00000000
x19: 	0x00000000
x20: 	0x00000000
x21: 	0x00000000
x22: 	0x00000000
x23: 	0x00000000
x24: 	0x00000000
x25: 	0x00000000
x26: 	0x00000000
x27: 	0x00000000
x28: 	0x00000000
x29: 	0x00000000
x30: 	0x00000000
x31: 	0x00000000

0x0000177c	0x00000000	Unkown Instruction 

All Registers: 
x0: 	0x00000000
x1: 	0x00000000
x2: 	0x00000000
x3: 	0x00000000
x4: 	0x00000000
x5: 	0x00000000
x6: 	0x00000000
x7: 	0x00000000
x8: 	0x00000000
x9: 	0x00000000
x10: 	0x00000000
x11: 	0x00000000
x12: 	0x00000000
x13: 	0x00000000
x14: 	0x00000000
x15: 	0x00000000
x16: 	0x00000000
x17: 	0x00000000
x18: 	0x00000000
x19: 	0x00000000
x20: 	0x00000000
x21: 	0x00000000
x22: 	0x00000000
x23: 	0x00000000
x24: 	0x00000000
x25: 	0x00000000
x26: 	0x00000000
x27: 	0x00000000
x28: 	0x00000000
x29: 	0x00000000
x30: 	0x00000000
x31: 	0x00000000

0x00001780	0x00000000	Unkown Instruction 

All Registers: 
x0: 	0x00000000
x1: 	0x00000000
x2: 	0x00000000
x3: 	0x00000000
x4: 	0x00000000
x5: 	0x00000000
x6: 	0x00000000
x7: 	0x00000000
x8: 	0x00000000
x9: 	0x00000000
x10: 	0x00000000
x11: 	0x00000000
x12: 	0x00000000
x13: 	0x00000000
x14: 	0x00000000
x15: 	0x00000000
x16: 	0x00000000
x17: 	0x00000000
x18: 	0x00000000
x19: 	0x00000000
x20: 	0x00000000
x21: 	0x00000000
x22: 	0x00000000
x23: 	0x00000000
x24: 	0x00000000
x25: 	0x00000000
x26: 	0x00000000
x27: 	0x00000000
x28: 	0x00000000
x29: 	0x00000000
x30: 	0x00000000
x31: 	0x00000000

0x00001784	0x00000000	Unkown Instruction 

All Registers: 
x0: 	0x00000000
x1: 	0x00000000
x2: 	0x00000000
x3: 	0x00000000
x4: 	0x00000000
x5: 	0x00000000
x6: 	0x00000000
x7: 	0x00000000
x8: 	0x00000000
x9: 	0x00000000
x10: 	0x00000000
x11: 	0x00000000
x12: 	0x00000000
x13: 	0x00000000
x14: 	0x00000000
x15: 	0x00000000
x16: 	0x00000000
x17: 	0x00000000
x18: 	0x00000000
x19: 	0x00000000
x20: 	0x00000000
x21: 	0x00000000
x22: 	0x00000000
x23: 	0x00000000
x24: 	0x00000000
x25: 	0x00000000
x26: 	0x00000000
x27: 	0x00000000
x28: 	0x00000000
x29: 	0x00000000
x30: 	0x00000000
x31: 	0x00000000

0x00001788	0x00000000	Unkown Instruction 

All Registers: 
x0: 	0x00000000
x1: 	0x00000000
x2: 	0x00000000
x3: 	0x00000000
x4: 	0x00000000
x5: 	0x00000000
x6: 	0x00000000
x7: 	0x00000000
x8: 	0x00000000
x9: 	0x00000000
x10: 	0x00000000
x11: 	0x00000000
x12: 	0x00000000
x13: 	0x00000000
x14: 	0x00000000
x15: 	0x00000000
x16: 	0x00000000
x17: 	0x00000000
x18: 	0x00000000
x19: 	0x00000000
x20: 	0x00000000
x21: 	0x00000000
x22: 	0x00000000
x23: 	0x00000000
x24: 	0x00000000
x25: 	0x00000000
x26: 	0x00000000
x27: 	0x00000000
x28: 	0x00000000
x29: 	0x00000000
x30: 	0x00000000
x31: 	0x00000000

0x0000178c	0x00000000	Unkown Instruction 

All Registers: 
x0: 	0x00000000
x1: 	0x00000000
x2: 	0x00000000
x3: 	0x00000000
x4: 	0x00000000
x5: 	0x00000000
x6: 	0x00000000
x7: 	0x00000000
x8: 	0x00000000
x9: 	0x00000000
x10: 	0x00000000
x11: 	0x00000000
x12: 	0x00000000
x13: 	0x00000000
x14: 	0x00000000
x15: 	0x00000000
x16: 	0x00000000
x17: 	0x00000000
x18: 	0x00000000
x19: 	0x00000000
x20: 	0x00000000
x21: 	0x00000000
x22: 	0x00000000
x23: 	0x00000000
x24: 	0x00000000
x25: 	0x00000000
x26: 	0x00000000
x27: 	0x00000000
x28: 	0x00000000
x29: 	0x00000000
x30: 	0x00000000
x31: 	0x00000000

0x00001790	0x00000000	Unkown Instruction 

All Registers: 
x0: 	0x00000000
x1: 	0x00000000
x2: 	0x00000000
x3: 	0x00000000
x4: 	0x00000000
x5: 	0x00000000
x6: 	0x00000000
x7: 	0x00000000
x8: 	0x00000000
x9: 	0x00000000
x10: 	0x00000000
x11: 	0x00000000
x12: 	0x00000000
x13: 	0x00000000
x14: 	0x00000000
x15: 	0x00000000
x16: 	0x00000000
x17: 	0x00000000
x18: 	0x00000000
x19: 	0x00000000
x20: 	0x00000000
x21: 	0x00000000
x22: 	0x00000000
x23: 	0x00000000
x24: 	0x00000000
x25: 	0x00000000
x26: 	0x00000000
x27: 	0x00000000
x28: 	0x00000000
x29: 	0x00000000
x30: 	0x00000000
x31: 	0x00000000

0x00001794	0x00000000	Unkown Instruction 

All Registers: 
x0: 	0x00000000
x1: 	0x00000000
x2: 	0x00000000
x3: 	0x00000000
x4: 	0x00000000
x5: 	0x00000000
x6: 	0x00000000
x7: 	0x00000000
x8: 	0x00000000
x9: 	0x00000000
x10: 	0x00000000
x11: 	0x00000000
x12: 	0x00000000
x13: 	0x00000000
x14: 	0x00000000
x15: 	0x00000000
x16: 	0x00000000
x17: 	0x00000000
x18: 	0x00000000
x19: 	0x00000000
x20: 	0x00000000
x21: 	0x00000000
x22: 	0x00000000
x23: 	0x00000000
x24: 	0x00000000
x25: 	0x00000000
x26: 	0x00000000
x27: 	0x00000000
x28: 	0x00000000
x29: 	0x00000000
x30: 	0x00000000
x31: 	0x00000000

0x00001798	0x00000000	Unkown Instruction 

All Registers: 
x0: 	0x00000000
x1: 	0x00000000
x2: 	0x00000000
x3: 	0x00000000
x4: 	0x00000000
x5: 	0x00000000
x6: 	0x00000000
x7: 	0x00000000
x8: 	0x00000000
x9: 	0x00000000
x10: 	0x00000000
x11: 	0x00000000
x12: 	0x00000000
x13: 	0x00000000
x14: 	0x00000000
x15: 	0x00000000
x16: 	0x00000000
x17: 	0x00000000
x18: 	0x00000000
x19: 	0x00000000
x20: 	0x00000000
x21: 	0x00000000
x22: 	0x00000000
x23: 	0x00000000
x24: 	0x00000000
x25: 	0x00000000
x26: 	0x00000000
x27: 	0x00000000
x28: 	0x00000000
x29: 	0x00000000
x30: 	0x00000000
x31: 	0x00000000

0x0000179c	0x00000000	Unkown Instruction 

All Registers: 
x0: 	0x00000000
x1: 	0x00000000
x2: 	0x00000000
x3: 	0x00000000
x4: 	0x00000000
x5: 	0x00000000
x6: 	0x00000000
x7: 	0x00000000
x8: 	0x00000000
x9: 	0x00000000
x10: 	0x00000000
x11: 	0x00000000
x12: 	0x00000000
x13: 	0x00000000
x14: 	0x00000000
x15: 	0x00000000
x16: 	0x00000000
x17: 	0x00000000
x18: 	0x00000000
x19: 	0x00000000
x20: 	0x00000000
x21: 	0x00000000
x22: 	0x00000000
x23: 	0x00000000
x24: 	0x00000000
x25: 	0x00000000
x26: 	0x00000000
x27: 	0x00000000
x28: 	0x00000000
x29: 	0x00000000
x30: 	0x00000000
x31: 	0x00000000

0x000017a0	0x00000000	Unkown Instruction 

All Registers: 
x0: 	0x00000000
x1: 	0x00000000
x2: 	0x00000000
x3: 	0x00000000
x4: 	0x00000000
x5: 	0x00000000
x6: 	0x00000000
x7: 	0x00000000
x8: 	0x00000000
x9: 	0x00000000
x10: 	0x00000000
x11: 	0x00000000
x12: 	0x00000000
x13: 	0x00000000
x14: 	0x00000000
x15: 	0x00000000
x16: 	0x00000000
x17: 	0x00000000
x18: 	0x00000000
x19: 	0x00000000
x20: 	0x00000000
x21: 	0x00000000
x22: 	0x00000000
x23: 	0x00000000
x24: 	0x00000000
x25: 	0x00000000
x26: 	0x00000000
x27: 	0x00000000
x28: 	0x00000000
x29: 	0x00000000
x30: 	0x00000000
x31: 	0x00000000

0x000017a4	0x00000000	Unkown Instruction 

All Registers: 
x0: 	0x00000000
x1: 	0x00000000
x2: 	0x00000000
x3: 	0x00000000
x4: 	0x00000000
x5: 	0x00000000
x6: 	0x00000000
x7: 	0x00000000
x8: 	0x00000000
x9: 	0x00000000
x10: 	0x00000000
x11: 	0x00000000
x12: 	0x00000000
x13: 	0x00000000
x14: 	0x00000000
x15: 	0x00000000
x16: 	0x00000000
x17: 	0x00000000
x18: 	0x00000000
x19: 	0x00000000
x20: 	0x00000000
x21: 	0x00000000
x22: 	0x00000000
x23: 	0x00000000
x24: 	0x00000000
x25: 	0x00000000
x26: 	0x00000000
x27: 	0x00000000
x28: 	0x00000000
x29: 	0x00000000
x30: 	0x00000000
x31: 	0x00000000

0x000017a8	0x00000000	Unkown Instruction 

All Registers: 
x0: 	0x00000000
x1: 	0x00000000
x2: 	0x00000000
x3: 	0x00000000
x4: 	0x00000000
x5: 	0x00000000
x6: 	0x00000000
x7: 	0x00000000
x8: 	0x00000000
x9: 	0x00000000
x10: 	0x00000000
x11: 	0x00000000
x12: 	0x00000000
x13: 	0x00000000
x14: 	0x00000000
x15: 	0x00000000
x16: 	0x00000000
x17: 	0x00000000
x18: 	0x00000000
x19: 	0x00000000
x20: 	0x00000000
x21: 	0x00000000
x22: 	0x00000000
x23: 	0x00000000
x24: 	0x00000000
x25: 	0x00000000
x26: 	0x00000000
x27: 	0x00000000
x28: 	0x00000000
x29: 	0x00000000
x30: 	0x00000000
x31: 	0x00000000

0x000017ac	0x00000000	Unkown Instruction 

All Registers: 
x0: 	0x00000000
x1: 	0x00000000
x2: 	0x00000000
x3: 	0x00000000
x4: 	0x00000000
x5: 	0x00000000
x6: 	0x00000000
x7: 	0x00000000
x8: 	0x00000000
x9: 	0x00000000
x10: 	0x00000000
x11: 	0x00000000
x12: 	0x00000000
x13: 	0x00000000
x14: 	0x00000000
x15: 	0x00000000
x16: 	0x00000000
x17: 	0x00000000
x18: 	0x00000000
x19: 	0x00000000
x20: 	0x00000000
x21: 	0x00000000
x22: 	0x00000000
x23: 	0x00000000
x24: 	0x00000000
x25: 	0x00000000
x26: 	0x00000000
x27: 	0x00000000
x28: 	0x00000000
x29: 	0x00000000
x30: 	0x00000000
x31: 	0x00000000

0x000017b0	0x00000000	Unkown Instruction 

All Registers: 
x0: 	0x00000000
x1: 	0x00000000
x2: 	0x00000000
x3: 	0x00000000
x4: 	0x00000000
x5: 	0x00000000
x6: 	0x00000000
x7: 	0x00000000
x8: 	0x00000000
x9: 	0x00000000
x10: 	0x00000000
x11: 	0x00000000
x12: 	0x00000000
x13: 	0x00000000
x14: 	0x00000000
x15: 	0x00000000
x16: 	0x00000000
x17: 	0x00000000
x18: 	0x00000000
x19: 	0x00000000
x20: 	0x00000000
x21: 	0x00000000
x22: 	0x00000000
x23: 	0x00000000
x24: 	0x00000000
x25: 	0x00000000
x26: 	0x00000000
x27: 	0x00000000
x28: 	0x00000000
x29: 	0x00000000
x30: 	0x00000000
x31: 	0x00000000

0x000017b4	0x00000000	Unkown Instruction 

All Registers: 
x0: 	0x00000000
x1: 	0x00000000
x2: 	0x00000000
x3: 	0x00000000
x4: 	0x00000000
x5: 	0x00000000
x6: 	0x00000000
x7: 	0x00000000
x8: 	0x00000000
x9: 	0x00000000
x10: 	0x00000000
x11: 	0x00000000
x12: 	0x00000000
x13: 	0x00000000
x14: 	0x00000000
x15: 	0x00000000
x16: 	0x00000000
x17: 	0x00000000
x18: 	0x00000000
x19: 	0x00000000
x20: 	0x00000000
x21: 	0x00000000
x22: 	0x00000000
x23: 	0x00000000
x24: 	0x00000000
x25: 	0x00000000
x26: 	0x00000000
x27: 	0x00000000
x28: 	0x00000000
x29: 	0x00000000
x30: 	0x00000000
x31: 	0x00000000

0x000017b8	0x00000000	Unkown Instruction 

All Registers: 
x0: 	0x00000000
x1: 	0x00000000
x2: 	0x00000000
x3: 	0x00000000
x4: 	0x00000000
x5: 	0x00000000
x6: 	0x00000000
x7: 	0x00000000
x8: 	0x00000000
x9: 	0x00000000
x10: 	0x00000000
x11: 	0x00000000
x12: 	0x00000000
x13: 	0x00000000
x14: 	0x00000000
x15: 	0x00000000
x16: 	0x00000000
x17: 	0x00000000
x18: 	0x00000000
x19: 	0x00000000
x20: 	0x00000000
x21: 	0x00000000
x22: 	0x00000000
x23: 	0x00000000
x24: 	0x00000000
x25: 	0x00000000
x26: 	0x00000000
x27: 	0x00000000
x28: 	0x00000000
x29: 	0x00000000
x30: 	0x00000000
x31: 	0x00000000

0x000017bc	0x00000000	Unkown Instruction 

All Registers: 
x0: 	0x00000000
x1: 	0x00000000
x2: 	0x00000000
x3: 	0x00000000
x4: 	0x00000000
x5: 	0x00000000
x6: 	0x00000000
x7: 	0x00000000
x8: 	0x00000000
x9: 	0x00000000
x10: 	0x00000000
x11: 	0x00000000
x12: 	0x00000000
x13: 	0x00000000
x14: 	0x00000000
x15: 	0x00000000
x16: 	0x00000000
x17: 	0x00000000
x18: 	0x00000000
x19: 	0x00000000
x20: 	0x00000000
x21: 	0x00000000
x22: 	0x00000000
x23: 	0x00000000
x24: 	0x00000000
x25: 	0x00000000
x26: 	0x00000000
x27: 	0x00000000
x28: 	0x00000000
x29: 	0x00000000
x30: 	0x00000000
x31: 	0x00000000

0x000017c0	0x00000000	Unkown Instruction 

All Registers: 
x0: 	0x00000000
x1: 	0x00000000
x2: 	0x00000000
x3: 	0x00000000
x4: 	0x00000000
x5: 	0x00000000
x6: 	0x00000000
x7: 	0x00000000
x8: 	0x00000000
x9: 	0x00000000
x10: 	0x00000000
x11: 	0x00000000
x12: 	0x00000000
x13: 	0x00000000
x14: 	0x00000000
x15: 	0x00000000
x16: 	0x00000000
x17: 	0x00000000
x18: 	0x00000000
x19: 	0x00000000
x20: 	0x00000000
x21: 	0x00000000
x22: 	0x00000000
x23: 	0x00000000
x24: 	0x00000000
x25: 	0x00000000
x26: 	0x00000000
x27: 	0x00000000
x28: 	0x00000000
x29: 	0x00000000
x30: 	0x00000000
x31: 	0x00000000

0x000017c4	0x00000000	Unkown Instruction 

All Registers: 
x0: 	0x00000000
x1: 	0x00000000
x2: 	0x00000000
x3: 	0x00000000
x4: 	0x00000000
x5: 	0x00000000
x6: 	0x00000000
x7: 	0x00000000
x8: 	0x00000000
x9: 	0x00000000
x10: 	0x00000000
x11: 	0x00000000
x12: 	0x00000000
x13: 	0x00000000
x14: 	0x00000000
x15: 	0x00000000
x16: 	0x00000000
x17: 	0x00000000
x18: 	0x00000000
x19: 	0x00000000
x20: 	0x00000000
x21: 	0x00000000
x22: 	0x00000000
x23: 	0x00000000
x24: 	0x00000000
x25: 	0x00000000
x26: 	0x00000000
x27: 	0x00000000
x28: 	0x00000000
x29: 	0x00000000
x30: 	0x00000000
x31: 	0x00000000

0x000017c8	0x00000000	Unkown Instruction 

All Registers: 
x0: 	0x00000000
x1: 	0x00000000
x2: 	0x00000000
x3: 	0x00000000
x4: 	0x00000000
x5: 	0x00000000
x6: 	0x00000000
x7: 	0x00000000
x8: 	0x00000000
x9: 	0x00000000
x10: 	0x00000000
x11: 	0x00000000
x12: 	0x00000000
x13: 	0x00000000
x14: 	0x00000000
x15: 	0x00000000
x16: 	0x00000000
x17: 	0x00000000
x18: 	0x00000000
x19: 	0x00000000
x20: 	0x00000000
x21: 	0x00000000
x22: 	0x00000000
x23: 	0x00000000
x24: 	0x00000000
x25: 	0x00000000
x26: 	0x00000000
x27: 	0x00000000
x28: 	0x00000000
x29: 	0x00000000
x30: 	0x00000000
x31: 	0x00000000

0x000017cc	0x00000000	Unkown Instruction 

All Registers: 
x0: 	0x00000000
x1: 	0x00000000
x2: 	0x00000000
x3: 	0x00000000
x4: 	0x00000000
x5: 	0x00000000
x6: 	0x00000000
x7: 	0x00000000
x8: 	0x00000000
x9: 	0x00000000
x10: 	0x00000000
x11: 	0x00000000
x12: 	0x00000000
x13: 	0x00000000
x14: 	0x00000000
x15: 	0x00000000
x16: 	0x00000000
x17: 	0x00000000
x18: 	0x00000000
x19: 	0x00000000
x20: 	0x00000000
x21: 	0x00000000
x22: 	0x00000000
x23: 	0x00000000
x24: 	0x00000000
x25: 	0x00000000
x26: 	0x00000000
x27: 	0x00000000
x28: 	0x00000000
x29: 	0x00000000
x30: 	0x00000000
x31: 	0x00000000

0x000017d0	0x00000000	Unkown Instruction 

All Registers: 
x0: 	0x00000000
x1: 	0x00000000
x2: 	0x00000000
x3: 	0x00000000
x4: 	0x00000000
x5: 	0x00000000
x6: 	0x00000000
x7: 	0x00000000
x8: 	0x00000000
x9: 	0x00000000
x10: 	0x00000000
x11: 	0x00000000
x12: 	0x00000000
x13: 	0x00000000
x14: 	0x00000000
x15: 	0x00000000
x16: 	0x00000000
x17: 	0x00000000
x18: 	0x00000000
x19: 	0x00000000
x20: 	0x00000000
x21: 	0x00000000
x22: 	0x00000000
x23: 	0x00000000
x24: 	0x00000000
x25: 	0x00000000
x26: 	0x00000000
x27: 	0x00000000
x28: 	0x00000000
x29: 	0x00000000
x30: 	0x00000000
x31: 	0x00000000

0x000017d4	0x00000000	Unkown Instruction 

All Registers: 
x0: 	0x00000000
x1: 	0x00000000
x2: 	0x00000000
x3: 	0x00000000
x4: 	0x00000000
x5: 	0x00000000
x6: 	0x00000000
x7: 	0x00000000
x8: 	0x00000000
x9: 	0x00000000
x10: 	0x00000000
x11: 	0x00000000
x12: 	0x00000000
x13: 	0x00000000
x14: 	0x00000000
x15: 	0x00000000
x16: 	0x00000000
x17: 	0x00000000
x18: 	0x00000000
x19: 	0x00000000
x20: 	0x00000000
x21: 	0x00000000
x22: 	0x00000000
x23: 	0x00000000
x24: 	0x00000000
x25: 	0x00000000
x26: 	0x00000000
x27: 	0x00000000
x28: 	0x00000000
x29: 	0x00000000
x30: 	0x00000000
x31: 	0x00000000

0x000017d8	0x00000000	Unkown Instruction 

All Registers: 
x0: 	0x00000000
x1: 	0x00000000
x2: 	0x00000000
x3: 	0x00000000
x4: 	0x00000000
x5: 	0x00000000
x6: 	0x00000000
x7: 	0x00000000
x8: 	0x00000000
x9: 	0x00000000
x10: 	0x00000000
x11: 	0x00000000
x12: 	0x00000000
x13: 	0x00000000
x14: 	0x00000000
x15: 	0x00000000
x16: 	0x00000000
x17: 	0x00000000
x18: 	0x00000000
x19: 	0x00000000
x20: 	0x00000000
x21: 	0x00000000
x22: 	0x00000000
x23: 	0x00000000
x24: 	0x00000000
x25: 	0x00000000
x26: 	0x00000000
x27: 	0x00000000
x28: 	0x00000000
x29: 	0x00000000
x30: 	0x00000000
x31: 	0x00000000

0x000017dc	0x00000000	Unkown Instruction 

All Registers: 
x0: 	0x00000000
x1: 	0x00000000
x2: 	0x00000000
x3: 	0x00000000
x4: 	0x00000000
x5: 	0x00000000
x6: 	0x00000000
x7: 	0x00000000
x8: 	0x00000000
x9: 	0x00000000
x10: 	0x00000000
x11: 	0x00000000
x12: 	0x00000000
x13: 	0x00000000
x14: 	0x00000000
x15: 	0x00000000
x16: 	0x00000000
x17: 	0x00000000
x18: 	0x00000000
x19: 	0x00000000
x20: 	0x00000000
x21: 	0x00000000
x22: 	0x00000000
x23: 	0x00000000
x24: 	0x00000000
x25: 	0x00000000
x26: 	0x00000000
x27: 	0x00000000
x28: 	0x00000000
x29: 	0x00000000
x30: 	0x00000000
x31: 	0x00000000

0x000017e0	0x00000000	Unkown Instruction 

All Registers: 
x0: 	0x00000000
x1: 	0x00000000
x2: 	0x00000000
x3: 	0x00000000
x4: 	0x00000000
x5: 	0x00000000
x6: 	0x00000000
x7: 	0x00000000
x8: 	0x00000000
x9: 	0x00000000
x10: 	0x00000000
x11: 	0x00000000
x12: 	0x00000000
x13: 	0x00000000
x14: 	0x00000000
x15: 	0x00000000
x16: 	0x00000000
x17: 	0x00000000
x18: 	0x00000000
x19: 	0x00000000
x20: 	0x00000000
x21: 	0x00000000
x22: 	0x00000000
x23: 	0x00000000
x24: 	0x00000000
x25: 	0x00000000
x26: 	0x00000000
x27: 	0x00000000
x28: 	0x00000000
x29: 	0x00000000
x30: 	0x00000000
x31: 	0x00000000

0x000017e4	0x00000000	Unkown Instruction 

All Registers: 
x0: 	0x00000000
x1: 	0x00000000
x2: 	0x00000000
x3: 	0x00000000
x4: 	0x00000000
x5: 	0x00000000
x6: 	0x00000000
x7: 	0x00000000
x8: 	0x00000000
x9: 	0x00000000
x10: 	0x00000000
x11: 	0x00000000
x12: 	0x00000000
x13: 	0x00000000
x14: 	0x00000000
x15: 	0x00000000
x16: 	0x00000000
x17: 	0x00000000
x18: 	0x00000000
x19: 	0x00000000
x20: 	0x00000000
x21: 	0x00000000
x22: 	0x00000000
x23: 	0x00000000
x24: 	0x00000000
x25: 	0x00000000
x26: 	0x00000000
x27: 	0x00000000
x28: 	0x00000000
x29: 	0x00000000
x30: 	0x00000000
x31: 	0x00000000

0x000017e8	0x00000000	Unkown Instruction 

All Registers: 
x0: 	0x00000000
x1: 	0x00000000
x2: 	0x00000000
x3: 	0x00000000
x4: 	0x00000000
x5: 	0x00000000
x6: 	0x00000000
x7: 	0x00000000
x8: 	0x00000000
x9: 	0x00000000
x10: 	0x00000000
x11: 	0x00000000
x12: 	0x00000000
x13: 	0x00000000
x14: 	0x00000000
x15: 	0x00000000
x16: 	0x00000000
x17: 	0x00000000
x18: 	0x00000000
x19: 	0x00000000
x20: 	0x00000000
x21: 	0x00000000
x22: 	0x00000000
x23: 	0x00000000
x24: 	0x00000000
x25: 	0x00000000
x26: 	0x00000000
x27: 	0x00000000
x28: 	0x00000000
x29: 	0x00000000
x30: 	0x00000000
x31: 	0x00000000

0x000017ec	0x00000000	Unkown Instruction 

All Registers: 
x0: 	0x00000000
x1: 	0x00000000
x2: 	0x00000000
x3: 	0x00000000
x4: 	0x00000000
x5: 	0x00000000
x6: 	0x00000000
x7: 	0x00000000
x8: 	0x00000000
x9: 	0x00000000
x10: 	0x00000000
x11: 	0x00000000
x12: 	0x00000000
x13: 	0x00000000
x14: 	0x00000000
x15: 	0x00000000
x16: 	0x00000000
x17: 	0x00000000
x18: 	0x00000000
x19: 	0x00000000
x20: 	0x00000000
x21: 	0x00000000
x22: 	0x00000000
x23: 	0x00000000
x24: 	0x00000000
x25: 	0x00000000
x26: 	0x00000000
x27: 	0x00000000
x28: 	0x00000000
x29: 	0x00000000
x30: 	0x00000000
x31: 	0x00000000

0x000017f0	0x00000000	Unkown Instruction 

All Registers: 
x0: 	0x00000000
x1: 	0x00000000
x2: 	0x00000000
x3: 	0x00000000
x4: 	0x00000000
x5: 	0x00000000
x6: 	0x00000000
x7: 	0x00000000
x8: 	0x00000000
x9: 	0x00000000
x10: 	0x00000000
x11: 	0x00000000
x12: 	0x00000000
x13: 	0x00000000
x14: 	0x00000000
x15: 	0x00000000
x16: 	0x00000000
x17: 	0x00000000
x18: 	0x00000000
x19: 	0x00000000
x20: 	0x00000000
x21: 	0x00000000
x22: 	0x00000000
x23: 	0x00000000
x24: 	0x00000000
x25: 	0x00000000
x26: 	0x00000000
x27: 	0x00000000
x28: 	0x00000000
x29: 	0x00000000
x30: 	0x00000000
x31: 	0x00000000

0x000017f4	0x00000000	Unkown Instruction 

All Registers: 
x0: 	0x00000000
x1: 	0x00000000
x2: 	0x00000000
x3: 	0x00000000
x4: 	0x00000000
x5: 	0x00000000
x6: 	0x00000000
x7: 	0x00000000
x8: 	0x00000000
x9: 	0x00000000
x10: 	0x00000000
x11: 	0x00000000
x12: 	0x00000000
x13: 	0x00000000
x14: 	0x00000000
x15: 	0x00000000
x16: 	0x00000000
x17: 	0x00000000
x18: 	0x00000000
x19: 	0x00000000
x20: 	0x00000000
x21: 	0x00000000
x22: 	0x00000000
x23: 	0x00000000
x24: 	0x00000000
x25: 	0x00000000
x26: 	0x00000000
x27: 	0x00000000
x28: 	0x00000000
x29: 	0x00000000
x30: 	0x00000000
x31: 	0x00000000

0x000017f8	0x00000000	Unkown Instruction 

All Registers: 
x0: 	0x00000000
x1: 	0x00000000
x2: 	0x00000000
x3: 	0x00000000
x4: 	0x00000000
x5: 	0x00000000
x6: 	0x00000000
x7: 	0x00000000
x8: 	0x00000000
x9: 	0x00000000
x10: 	0x00000000
x11: 	0x00000000
x12: 	0x00000000
x13: 	0x00000000
x14: 	0x00000000
x15: 	0x00000000
x16: 	0x00000000
x17: 	0x00000000
x18: 	0x00000000
x19: 	0x00000000
x20: 	0x00000000
x21: 	0x00000000
x22: 	0x00000000
x23: 	0x00000000
x24: 	0x00000000
x25: 	0x00000000
x26: 	0x00000000
x27: 	0x00000000
x28: 	0x00000000
x29: 	0x00000000
x30: 	0x00000000
x31: 	0x00000000

0x000017fc	0x00000000	Unkown Instruction 

All Registers: 
x0: 	0x00000000
x1: 	0x00000000
x2: 	0x00000000
x3: 	0x00000000
x4: 	0x00000000
x5: 	0x00000000
x6: 	0x00000000
x7: 	0x00000000
x8: 	0x00000000
x9: 	0x00000000
x10: 	0x00000000
x11: 	0x00000000
x12: 	0x00000000
x13: 	0x00000000
x14: 	0x00000000
x15: 	0x00000000
x16: 	0x00000000
x17: 	0x00000000
x18: 	0x00000000
x19: 	0x00000000
x20: 	0x00000000
x21: 	0x00000000
x22: 	0x00000000
x23: 	0x00000000
x24: 	0x00000000
x25: 	0x00000000
x26: 	0x00000000
x27: 	0x00000000
x28: 	0x00000000
x29: 	0x00000000
x30: 	0x00000000
x31: 	0x00000000

0x00001800	0x00000000	Unkown Instruction 

All Registers: 
x0: 	0x00000000
x1: 	0x00000000
x2: 	0x00000000
x3: 	0x00000000
x4: 	0x00000000
x5: 	0x00000000
x6: 	0x00000000
x7: 	0x00000000
x8: 	0x00000000
x9: 	0x00000000
x10: 	0x00000000
x11: 	0x00000000
x12: 	0x00000000
x13: 	0x00000000
x14: 	0x00000000
x15: 	0x00000000
x16: 	0x00000000
x17: 	0x00000000
x18: 	0x00000000
x19: 	0x00000000
x20: 	0x00000000
x21: 	0x00000000
x22: 	0x00000000
x23: 	0x00000000
x24: 	0x00000000
x25: 	0x00000000
x26: 	0x00000000
x27: 	0x00000000
x28: 	0x00000000
x29: 	0x00000000
x30: 	0x00000000
x31: 	0x00000000

0x00001804	0x00000000	Unkown Instruction 

All Registers: 
x0: 	0x00000000
x1: 	0x00000000
x2: 	0x00000000
x3: 	0x00000000
x4: 	0x00000000
x5: 	0x00000000
x6: 	0x00000000
x7: 	0x00000000
x8: 	0x00000000
x9: 	0x00000000
x10: 	0x00000000
x11: 	0x00000000
x12: 	0x00000000
x13: 	0x00000000
x14: 	0x00000000
x15: 	0x00000000
x16: 	0x00000000
x17: 	0x00000000
x18: 	0x00000000
x19: 	0x00000000
x20: 	0x00000000
x21: 	0x00000000
x22: 	0x00000000
x23: 	0x00000000
x24: 	0x00000000
x25: 	0x00000000
x26: 	0x00000000
x27: 	0x00000000
x28: 	0x00000000
x29: 	0x00000000
x30: 	0x00000000
x31: 	0x00000000

0x00001808	0x00000000	Unkown Instruction 

All Registers: 
x0: 	0x00000000
x1: 	0x00000000
x2: 	0x00000000
x3: 	0x00000000
x4: 	0x00000000
x5: 	0x00000000
x6: 	0x00000000
x7: 	0x00000000
x8: 	0x00000000
x9: 	0x00000000
x10: 	0x00000000
x11: 	0x00000000
x12: 	0x00000000
x13: 	0x00000000
x14: 	0x00000000
x15: 	0x00000000
x16: 	0x00000000
x17: 	0x00000000
x18: 	0x00000000
x19: 	0x00000000
x20: 	0x00000000
x21: 	0x00000000
x22: 	0x00000000
x23: 	0x00000000
x24: 	0x00000000
x25: 	0x00000000
x26: 	0x00000000
x27: 	0x00000000
x28: 	0x00000000
x29: 	0x00000000
x30: 	0x00000000
x31: 	0x00000000

0x0000180c	0x00000000	Unkown Instruction 

All Registers: 
x0: 	0x00000000
x1: 	0x00000000
x2: 	0x00000000
x3: 	0x00000000
x4: 	0x00000000
x5: 	0x00000000
x6: 	0x00000000
x7: 	0x00000000
x8: 	0x00000000
x9: 	0x00000000
x10: 	0x00000000
x11: 	0x00000000
x12: 	0x00000000
x13: 	0x00000000
x14: 	0x00000000
x15: 	0x00000000
x16: 	0x00000000
x17: 	0x00000000
x18: 	0x00000000
x19: 	0x00000000
x20: 	0x00000000
x21: 	0x00000000
x22: 	0x00000000
x23: 	0x00000000
x24: 	0x00000000
x25: 	0x00000000
x26: 	0x00000000
x27: 	0x00000000
x28: 	0x00000000
x29: 	0x00000000
x30: 	0x00000000
x31: 	0x00000000

0x00001810	0x00000000	Unkown Instruction 

All Registers: 
x0: 	0x00000000
x1: 	0x00000000
x2: 	0x00000000
x3: 	0x00000000
x4: 	0x00000000
x5: 	0x00000000
x6: 	0x00000000
x7: 	0x00000000
x8: 	0x00000000
x9: 	0x00000000
x10: 	0x00000000
x11: 	0x00000000
x12: 	0x00000000
x13: 	0x00000000
x14: 	0x00000000
x15: 	0x00000000
x16: 	0x00000000
x17: 	0x00000000
x18: 	0x00000000
x19: 	0x00000000
x20: 	0x00000000
x21: 	0x00000000
x22: 	0x00000000
x23: 	0x00000000
x24: 	0x00000000
x25: 	0x00000000
x26: 	0x00000000
x27: 	0x00000000
x28: 	0x00000000
x29: 	0x00000000
x30: 	0x00000000
x31: 	0x00000000

0x00001814	0x00000000	Unkown Instruction 

All Registers: 
x0: 	0x00000000
x1: 	0x00000000
x2: 	0x00000000
x3: 	0x00000000
x4: 	0x00000000
x5: 	0x00000000
x6: 	0x00000000
x7: 	0x00000000
x8: 	0x00000000
x9: 	0x00000000
x10: 	0x00000000
x11: 	0x00000000
x12: 	0x00000000
x13: 	0x00000000
x14: 	0x00000000
x15: 	0x00000000
x16: 	0x00000000
x17: 	0x00000000
x18: 	0x00000000
x19: 	0x00000000
x20: 	0x00000000
x21: 	0x00000000
x22: 	0x00000000
x23: 	0x00000000
x24: 	0x00000000
x25: 	0x00000000
x26: 	0x00000000
x27: 	0x00000000
x28: 	0x00000000
x29: 	0x00000000
x30: 	0x00000000
x31: 	0x00000000

0x00001818	0x00000000	Unkown Instruction 

All Registers: 
x0: 	0x00000000
x1: 	0x00000000
x2: 	0x00000000
x3: 	0x00000000
x4: 	0x00000000
x5: 	0x00000000
x6: 	0x00000000
x7: 	0x00000000
x8: 	0x00000000
x9: 	0x00000000
x10: 	0x00000000
x11: 	0x00000000
x12: 	0x00000000
x13: 	0x00000000
x14: 	0x00000000
x15: 	0x00000000
x16: 	0x00000000
x17: 	0x00000000
x18: 	0x00000000
x19: 	0x00000000
x20: 	0x00000000
x21: 	0x00000000
x22: 	0x00000000
x23: 	0x00000000
x24: 	0x00000000
x25: 	0x00000000
x26: 	0x00000000
x27: 	0x00000000
x28: 	0x00000000
x29: 	0x00000000
x30: 	0x00000000
x31: 	0x00000000

0x0000181c	0x00000000	Unkown Instruction 

All Registers: 
x0: 	0x00000000
x1: 	0x00000000
x2: 	0x00000000
x3: 	0x00000000
x4: 	0x00000000
x5: 	0x00000000
x6: 	0x00000000
x7: 	0x00000000
x8: 	0x00000000
x9: 	0x00000000
x10: 	0x00000000
x11: 	0x00000000
x12: 	0x00000000
x13: 	0x00000000
x14: 	0x00000000
x15: 	0x00000000
x16: 	0x00000000
x17: 	0x00000000
x18: 	0x00000000
x19: 	0x00000000
x20: 	0x00000000
x21: 	0x00000000
x22: 	0x00000000
x23: 	0x00000000
x24: 	0x00000000
x25: 	0x00000000
x26: 	0x00000000
x27: 	0x00000000
x28: 	0x00000000
x29: 	0x00000000
x30: 	0x00000000
x31: 	0x00000000

0x00001820	0x00000000	Unkown Instruction 

All Registers: 
x0: 	0x00000000
x1: 	0x00000000
x2: 	0x00000000
x3: 	0x00000000
x4: 	0x00000000
x5: 	0x00000000
x6: 	0x00000000
x7: 	0x00000000
x8: 	0x00000000
x9: 	0x00000000
x10: 	0x00000000
x11: 	0x00000000
x12: 	0x00000000
x13: 	0x00000000
x14: 	0x00000000
x15: 	0x00000000
x16: 	0x00000000
x17: 	0x00000000
x18: 	0x00000000
x19: 	0x00000000
x20: 	0x00000000
x21: 	0x00000000
x22: 	0x00000000
x23: 	0x00000000
x24: 	0x00000000
x25: 	0x00000000
x26: 	0x00000000
x27: 	0x00000000
x28: 	0x00000000
x29: 	0x00000000
x30: 	0x00000000
x31: 	0x00000000

0x00001824	0x00000000	Unkown Instruction 

All Registers: 
x0: 	0x00000000
x1: 	0x00000000
x2: 	0x00000000
x3: 	0x00000000
x4: 	0x00000000
x5: 	0x00000000
x6: 	0x00000000
x7: 	0x00000000
x8: 	0x00000000
x9: 	0x00000000
x10: 	0x00000000
x11: 	0x00000000
x12: 	0x00000000
x13: 	0x00000000
x14: 	0x00000000
x15: 	0x00000000
x16: 	0x00000000
x17: 	0x00000000
x18: 	0x00000000
x19: 	0x00000000
x20: 	0x00000000
x21: 	0x00000000
x22: 	0x00000000
x23: 	0x00000000
x24: 	0x00000000
x25: 	0x00000000
x26: 	0x00000000
x27: 	0x00000000
x28: 	0x00000000
x29: 	0x00000000
x30: 	0x00000000
x31: 	0x00000000

0x00001828	0x00000000	Unkown Instruction 

All Registers: 
x0: 	0x00000000
x1: 	0x00000000
x2: 	0x00000000
x3: 	0x00000000
x4: 	0x00000000
x5: 	0x00000000
x6: 	0x00000000
x7: 	0x00000000
x8: 	0x00000000
x9: 	0x00000000
x10: 	0x00000000
x11: 	0x00000000
x12: 	0x00000000
x13: 	0x00000000
x14: 	0x00000000
x15: 	0x00000000
x16: 	0x00000000
x17: 	0x00000000
x18: 	0x00000000
x19: 	0x00000000
x20: 	0x00000000
x21: 	0x00000000
x22: 	0x00000000
x23: 	0x00000000
x24: 	0x00000000
x25: 	0x00000000
x26: 	0x00000000
x27: 	0x00000000
x28: 	0x00000000
x29: 	0x00000000
x30: 	0x00000000
x31: 	0x00000000

0x0000182c	0x00000000	Unkown Instruction 

All Registers: 
x0: 	0x00000000
x1: 	0x00000000
x2: 	0x00000000
x3: 	0x00000000
x4: 	0x00000000
x5: 	0x00000000
x6: 	0x00000000
x7: 	0x00000000
x8: 	0x00000000
x9: 	0x00000000
x10: 	0x00000000
x11: 	0x00000000
x12: 	0x00000000
x13: 	0x00000000
x14: 	0x00000000
x15: 	0x00000000
x16: 	0x00000000
x17: 	0x00000000
x18: 	0x00000000
x19: 	0x00000000
x20: 	0x00000000
x21: 	0x00000000
x22: 	0x00000000
x23: 	0x00000000
x24: 	0x00000000
x25: 	0x00000000
x26: 	0x00000000
x27: 	0x00000000
x28: 	0x00000000
x29: 	0x00000000
x30: 	0x00000000
x31: 	0x00000000

0x00001830	0x00000000	Unkown Instruction 

All Registers: 
x0: 	0x00000000
x1: 	0x00000000
x2: 	0x00000000
x3: 	0x00000000
x4: 	0x00000000
x5: 	0x00000000
x6: 	0x00000000
x7: 	0x00000000
x8: 	0x00000000
x9: 	0x00000000
x10: 	0x00000000
x11: 	0x00000000
x12: 	0x00000000
x13: 	0x00000000
x14: 	0x00000000
x15: 	0x00000000
x16: 	0x00000000
x17: 	0x00000000
x18: 	0x00000000
x19: 	0x00000000
x20: 	0x00000000
x21: 	0x00000000
x22: 	0x00000000
x23: 	0x00000000
x24: 	0x00000000
x25: 	0x00000000
x26: 	0x00000000
x27: 	0x00000000
x28: 	0x00000000
x29: 	0x00000000
x30: 	0x00000000
x31: 	0x00000000

0x00001834	0x00000000	Unkown Instruction 

All Registers: 
x0: 	0x00000000
x1: 	0x00000000
x2: 	0x00000000
x3: 	0x00000000
x4: 	0x00000000
x5: 	0x00000000
x6: 	0x00000000
x7: 	0x00000000
x8: 	0x00000000
x9: 	0x00000000
x10: 	0x00000000
x11: 	0x00000000
x12: 	0x00000000
x13: 	0x00000000
x14: 	0x00000000
x15: 	0x00000000
x16: 	0x00000000
x17: 	0x00000000
x18: 	0x00000000
x19: 	0x00000000
x20: 	0x00000000
x21: 	0x00000000
x22: 	0x00000000
x23: 	0x00000000
x24: 	0x00000000
x25: 	0x00000000
x26: 	0x00000000
x27: 	0x00000000
x28: 	0x00000000
x29: 	0x00000000
x30: 	0x00000000
x31: 	0x00000000

0x00001838	0x00000000	Unkown Instruction 

All Registers: 
x0: 	0x00000000
x1: 	0x00000000
x2: 	0x00000000
x3: 	0x00000000
x4: 	0x00000000
x5: 	0x00000000
x6: 	0x00000000
x7: 	0x00000000
x8: 	0x00000000
x9: 	0x00000000
x10: 	0x00000000
x11: 	0x00000000
x12: 	0x00000000
x13: 	0x00000000
x14: 	0x00000000
x15: 	0x00000000
x16: 	0x00000000
x17: 	0x00000000
x18: 	0x00000000
x19: 	0x00000000
x20: 	0x00000000
x21: 	0x00000000
x22: 	0x00000000
x23: 	0x00000000
x24: 	0x00000000
x25: 	0x00000000
x26: 	0x00000000
x27: 	0x00000000
x28: 	0x00000000
x29: 	0x00000000
x30: 	0x00000000
x31: 	0x00000000

0x0000183c	0x00000000	Unkown Instruction 

All Registers: 
x0: 	0x00000000
x1: 	0x00000000
x2: 	0x00000000
x3: 	0x00000000
x4: 	0x00000000
x5: 	0x00000000
x6: 	0x00000000
x7: 	0x00000000
x8: 	0x00000000
x9: 	0x00000000
x10: 	0x00000000
x11: 	0x00000000
x12: 	0x00000000
x13: 	0x00000000
x14: 	0x00000000
x15: 	0x00000000
x16: 	0x00000000
x17: 	0x00000000
x18: 	0x00000000
x19: 	0x00000000
x20: 	0x00000000
x21: 	0x00000000
x22: 	0x00000000
x23: 	0x00000000
x24: 	0x00000000
x25: 	0x00000000
x26: 	0x00000000
x27: 	0x00000000
x28: 	0x00000000
x29: 	0x00000000
x30: 	0x00000000
x31: 	0x00000000

0x00001840	0x00000000	Unkown Instruction 

All Registers: 
x0: 	0x00000000
x1: 	0x00000000
x2: 	0x00000000
x3: 	0x00000000
x4: 	0x00000000
x5: 	0x00000000
x6: 	0x00000000
x7: 	0x00000000
x8: 	0x00000000
x9: 	0x00000000
x10: 	0x00000000
x11: 	0x00000000
x12: 	0x00000000
x13: 	0x00000000
x14: 	0x00000000
x15: 	0x00000000
x16: 	0x00000000
x17: 	0x00000000
x18: 	0x00000000
x19: 	0x00000000
x20: 	0x00000000
x21: 	0x00000000
x22: 	0x00000000
x23: 	0x00000000
x24: 	0x00000000
x25: 	0x00000000
x26: 	0x00000000
x27: 	0x00000000
x28: 	0x00000000
x29: 	0x00000000
x30: 	0x00000000
x31: 	0x00000000

0x00001844	0x00000000	Unkown Instruction 

All Registers: 
x0: 	0x00000000
x1: 	0x00000000
x2: 	0x00000000
x3: 	0x00000000
x4: 	0x00000000
x5: 	0x00000000
x6: 	0x00000000
x7: 	0x00000000
x8: 	0x00000000
x9: 	0x00000000
x10: 	0x00000000
x11: 	0x00000000
x12: 	0x00000000
x13: 	0x00000000
x14: 	0x00000000
x15: 	0x00000000
x16: 	0x00000000
x17: 	0x00000000
x18: 	0x00000000
x19: 	0x00000000
x20: 	0x00000000
x21: 	0x00000000
x22: 	0x00000000
x23: 	0x00000000
x24: 	0x00000000
x25: 	0x00000000
x26: 	0x00000000
x27: 	0x00000000
x28: 	0x00000000
x29: 	0x00000000
x30: 	0x00000000
x31: 	0x00000000

0x00001848	0x00000000	Unkown Instruction 

All Registers: 
x0: 	0x00000000
x1: 	0x00000000
x2: 	0x00000000
x3: 	0x00000000
x4: 	0x00000000
x5: 	0x00000000
x6: 	0x00000000
x7: 	0x00000000
x8: 	0x00000000
x9: 	0x00000000
x10: 	0x00000000
x11: 	0x00000000
x12: 	0x00000000
x13: 	0x00000000
x14: 	0x00000000
x15: 	0x00000000
x16: 	0x00000000
x17: 	0x00000000
x18: 	0x00000000
x19: 	0x00000000
x20: 	0x00000000
x21: 	0x00000000
x22: 	0x00000000
x23: 	0x00000000
x24: 	0x00000000
x25: 	0x00000000
x26: 	0x00000000
x27: 	0x00000000
x28: 	0x00000000
x29: 	0x00000000
x30: 	0x00000000
x31: 	0x00000000

0x0000184c	0x00000000	Unkown Instruction 

All Registers: 
x0: 	0x00000000
x1: 	0x00000000
x2: 	0x00000000
x3: 	0x00000000
x4: 	0x00000000
x5: 	0x00000000
x6: 	0x00000000
x7: 	0x00000000
x8: 	0x00000000
x9: 	0x00000000
x10: 	0x00000000
x11: 	0x00000000
x12: 	0x00000000
x13: 	0x00000000
x14: 	0x00000000
x15: 	0x00000000
x16: 	0x00000000
x17: 	0x00000000
x18: 	0x00000000
x19: 	0x00000000
x20: 	0x00000000
x21: 	0x00000000
x22: 	0x00000000
x23: 	0x00000000
x24: 	0x00000000
x25: 	0x00000000
x26: 	0x00000000
x27: 	0x00000000
x28: 	0x00000000
x29: 	0x00000000
x30: 	0x00000000
x31: 	0x00000000

0x00001850	0x00000000	Unkown Instruction 

All Registers: 
x0: 	0x00000000
x1: 	0x00000000
x2: 	0x00000000
x3: 	0x00000000
x4: 	0x00000000
x5: 	0x00000000
x6: 	0x00000000
x7: 	0x00000000
x8: 	0x00000000
x9: 	0x00000000
x10: 	0x00000000
x11: 	0x00000000
x12: 	0x00000000
x13: 	0x00000000
x14: 	0x00000000
x15: 	0x00000000
x16: 	0x00000000
x17: 	0x00000000
x18: 	0x00000000
x19: 	0x00000000
x20: 	0x00000000
x21: 	0x00000000
x22: 	0x00000000
x23: 	0x00000000
x24: 	0x00000000
x25: 	0x00000000
x26: 	0x00000000
x27: 	0x00000000
x28: 	0x00000000
x29: 	0x00000000
x30: 	0x00000000
x31: 	0x00000000

0x00001854	0x00000000	Unkown Instruction 

All Registers: 
x0: 	0x00000000
x1: 	0x00000000
x2: 	0x00000000
x3: 	0x00000000
x4: 	0x00000000
x5: 	0x00000000
x6: 	0x00000000
x7: 	0x00000000
x8: 	0x00000000
x9: 	0x00000000
x10: 	0x00000000
x11: 	0x00000000
x12: 	0x00000000
x13: 	0x00000000
x14: 	0x00000000
x15: 	0x00000000
x16: 	0x00000000
x17: 	0x00000000
x18: 	0x00000000
x19: 	0x00000000
x20: 	0x00000000
x21: 	0x00000000
x22: 	0x00000000
x23: 	0x00000000
x24: 	0x00000000
x25: 	0x00000000
x26: 	0x00000000
x27: 	0x00000000
x28: 	0x00000000
x29: 	0x00000000
x30: 	0x00000000
x31: 	0x00000000

0x00001858	0x00000000	Unkown Instruction 

All Registers: 
x0: 	0x00000000
x1: 	0x00000000
x2: 	0x00000000
x3: 	0x00000000
x4: 	0x00000000
x5: 	0x00000000
x6: 	0x00000000
x7: 	0x00000000
x8: 	0x00000000
x9: 	0x00000000
x10: 	0x00000000
x11: 	0x00000000
x12: 	0x00000000
x13: 	0x00000000
x14: 	0x00000000
x15: 	0x00000000
x16: 	0x00000000
x17: 	0x00000000
x18: 	0x00000000
x19: 	0x00000000
x20: 	0x00000000
x21: 	0x00000000
x22: 	0x00000000
x23: 	0x00000000
x24: 	0x00000000
x25: 	0x00000000
x26: 	0x00000000
x27: 	0x00000000
x28: 	0x00000000
x29: 	0x00000000
x30: 	0x00000000
x31: 	0x00000000

0x0000185c	0x00000000	Unkown Instruction 

All Registers: 
x0: 	0x00000000
x1: 	0x00000000
x2: 	0x00000000
x3: 	0x00000000
x4: 	0x00000000
x5: 	0x00000000
x6: 	0x00000000
x7: 	0x00000000
x8: 	0x00000000
x9: 	0x00000000
x10: 	0x00000000
x11: 	0x00000000
x12: 	0x00000000
x13: 	0x00000000
x14: 	0x00000000
x15: 	0x00000000
x16: 	0x00000000
x17: 	0x00000000
x18: 	0x00000000
x19: 	0x00000000
x20: 	0x00000000
x21: 	0x00000000
x22: 	0x00000000
x23: 	0x00000000
x24: 	0x00000000
x25: 	0x00000000
x26: 	0x00000000
x27: 	0x00000000
x28: 	0x00000000
x29: 	0x00000000
x30: 	0x00000000
x31: 	0x00000000

0x00001860	0x00000000	Unkown Instruction 

All Registers: 
x0: 	0x00000000
x1: 	0x00000000
x2: 	0x00000000
x3: 	0x00000000
x4: 	0x00000000
x5: 	0x00000000
x6: 	0x00000000
x7: 	0x00000000
x8: 	0x00000000
x9: 	0x00000000
x10: 	0x00000000
x11: 	0x00000000
x12: 	0x00000000
x13: 	0x00000000
x14: 	0x00000000
x15: 	0x00000000
x16: 	0x00000000
x17: 	0x00000000
x18: 	0x00000000
x19: 	0x00000000
x20: 	0x00000000
x21: 	0x00000000
x22: 	0x00000000
x23: 	0x00000000
x24: 	0x00000000
x25: 	0x00000000
x26: 	0x00000000
x27: 	0x00000000
x28: 	0x00000000
x29: 	0x00000000
x30: 	0x00000000
x31: 	0x00000000

0x00001864	0x00000000	Unkown Instruction 

All Registers: 
x0: 	0x00000000
x1: 	0x00000000
x2: 	0x00000000
x3: 	0x00000000
x4: 	0x00000000
x5: 	0x00000000
x6: 	0x00000000
x7: 	0x00000000
x8: 	0x00000000
x9: 	0x00000000
x10: 	0x00000000
x11: 	0x00000000
x12: 	0x00000000
x13: 	0x00000000
x14: 	0x00000000
x15: 	0x00000000
x16: 	0x00000000
x17: 	0x00000000
x18: 	0x00000000
x19: 	0x00000000
x20: 	0x00000000
x21: 	0x00000000
x22: 	0x00000000
x23: 	0x00000000
x24: 	0x00000000
x25: 	0x00000000
x26: 	0x00000000
x27: 	0x00000000
x28: 	0x00000000
x29: 	0x00000000
x30: 	0x00000000
x31: 	0x00000000

0x00001868	0x00000000	Unkown Instruction 

All Registers: 
x0: 	0x00000000
x1: 	0x00000000
x2: 	0x00000000
x3: 	0x00000000
x4: 	0x00000000
x5: 	0x00000000
x6: 	0x00000000
x7: 	0x00000000
x8: 	0x00000000
x9: 	0x00000000
x10: 	0x00000000
x11: 	0x00000000
x12: 	0x00000000
x13: 	0x00000000
x14: 	0x00000000
x15: 	0x00000000
x16: 	0x00000000
x17: 	0x00000000
x18: 	0x00000000
x19: 	0x00000000
x20: 	0x00000000
x21: 	0x00000000
x22: 	0x00000000
x23: 	0x00000000
x24: 	0x00000000
x25: 	0x00000000
x26: 	0x00000000
x27: 	0x00000000
x28: 	0x00000000
x29: 	0x00000000
x30: 	0x00000000
x31: 	0x00000000

0x0000186c	0x00000000	Unkown Instruction 

All Registers: 
x0: 	0x00000000
x1: 	0x00000000
x2: 	0x00000000
x3: 	0x00000000
x4: 	0x00000000
x5: 	0x00000000
x6: 	0x00000000
x7: 	0x00000000
x8: 	0x00000000
x9: 	0x00000000
x10: 	0x00000000
x11: 	0x00000000
x12: 	0x00000000
x13: 	0x00000000
x14: 	0x00000000
x15: 	0x00000000
x16: 	0x00000000
x17: 	0x00000000
x18: 	0x00000000
x19: 	0x00000000
x20: 	0x00000000
x21: 	0x00000000
x22: 	0x00000000
x23: 	0x00000000
x24: 	0x00000000
x25: 	0x00000000
x26: 	0x00000000
x27: 	0x00000000
x28: 	0x00000000
x29: 	0x00000000
x30: 	0x00000000
x31: 	0x00000000

0x00001870	0x00000000	Unkown Instruction 

All Registers: 
x0: 	0x00000000
x1: 	0x00000000
x2: 	0x00000000
x3: 	0x00000000
x4: 	0x00000000
x5: 	0x00000000
x6: 	0x00000000
x7: 	0x00000000
x8: 	0x00000000
x9: 	0x00000000
x10: 	0x00000000
x11: 	0x00000000
x12: 	0x00000000
x13: 	0x00000000
x14: 	0x00000000
x15: 	0x00000000
x16: 	0x00000000
x17: 	0x00000000
x18: 	0x00000000
x19: 	0x00000000
x20: 	0x00000000
x21: 	0x00000000
x22: 	0x00000000
x23: 	0x00000000
x24: 	0x00000000
x25: 	0x00000000
x26: 	0x00000000
x27: 	0x00000000
x28: 	0x00000000
x29: 	0x00000000
x30: 	0x00000000
x31: 	0x00000000

0x00001874	0x00000000	Unkown Instruction 

All Registers: 
x0: 	0x00000000
x1: 	0x00000000
x2: 	0x00000000
x3: 	0x00000000
x4: 	0x00000000
x5: 	0x00000000
x6: 	0x00000000
x7: 	0x00000000
x8: 	0x00000000
x9: 	0x00000000
x10: 	0x00000000
x11: 	0x00000000
x12: 	0x00000000
x13: 	0x00000000
x14: 	0x00000000
x15: 	0x00000000
x16: 	0x00000000
x17: 	0x00000000
x18: 	0x00000000
x19: 	0x00000000
x20: 	0x00000000
x21: 	0x00000000
x22: 	0x00000000
x23: 	0x00000000
x24: 	0x00000000
x25: 	0x00000000
x26: 	0x00000000
x27: 	0x00000000
x28: 	0x00000000
x29: 	0x00000000
x30: 	0x00000000
x31: 	0x00000000

0x00001878	0x00000000	Unkown Instruction 

All Registers: 
x0: 	0x00000000
x1: 	0x00000000
x2: 	0x00000000
x3: 	0x00000000
x4: 	0x00000000
x5: 	0x00000000
x6: 	0x00000000
x7: 	0x00000000
x8: 	0x00000000
x9: 	0x00000000
x10: 	0x00000000
x11: 	0x00000000
x12: 	0x00000000
x13: 	0x00000000
x14: 	0x00000000
x15: 	0x00000000
x16: 	0x00000000
x17: 	0x00000000
x18: 	0x00000000
x19: 	0x00000000
x20: 	0x00000000
x21: 	0x00000000
x22: 	0x00000000
x23: 	0x00000000
x24: 	0x00000000
x25: 	0x00000000
x26: 	0x00000000
x27: 	0x00000000
x28: 	0x00000000
x29: 	0x00000000
x30: 	0x00000000
x31: 	0x00000000

0x0000187c	0x00000000	Unkown Instruction 

All Registers: 
x0: 	0x00000000
x1: 	0x00000000
x2: 	0x00000000
x3: 	0x00000000
x4: 	0x00000000
x5: 	0x00000000
x6: 	0x00000000
x7: 	0x00000000
x8: 	0x00000000
x9: 	0x00000000
x10: 	0x00000000
x11: 	0x00000000
x12: 	0x00000000
x13: 	0x00000000
x14: 	0x00000000
x15: 	0x00000000
x16: 	0x00000000
x17: 	0x00000000
x18: 	0x00000000
x19: 	0x00000000
x20: 	0x00000000
x21: 	0x00000000
x22: 	0x00000000
x23: 	0x00000000
x24: 	0x00000000
x25: 	0x00000000
x26: 	0x00000000
x27: 	0x00000000
x28: 	0x00000000
x29: 	0x00000000
x30: 	0x00000000
x31: 	0x00000000

0x00001880	0x00000000	Unkown Instruction 

All Registers: 
x0: 	0x00000000
x1: 	0x00000000
x2: 	0x00000000
x3: 	0x00000000
x4: 	0x00000000
x5: 	0x00000000
x6: 	0x00000000
x7: 	0x00000000
x8: 	0x00000000
x9: 	0x00000000
x10: 	0x00000000
x11: 	0x00000000
x12: 	0x00000000
x13: 	0x00000000
x14: 	0x00000000
x15: 	0x00000000
x16: 	0x00000000
x17: 	0x00000000
x18: 	0x00000000
x19: 	0x00000000
x20: 	0x00000000
x21: 	0x00000000
x22: 	0x00000000
x23: 	0x00000000
x24: 	0x00000000
x25: 	0x00000000
x26: 	0x00000000
x27: 	0x00000000
x28: 	0x00000000
x29: 	0x00000000
x30: 	0x00000000
x31: 	0x00000000

0x00001884	0x00000000	Unkown Instruction 

All Registers: 
x0: 	0x00000000
x1: 	0x00000000
x2: 	0x00000000
x3: 	0x00000000
x4: 	0x00000000
x5: 	0x00000000
x6: 	0x00000000
x7: 	0x00000000
x8: 	0x00000000
x9: 	0x00000000
x10: 	0x00000000
x11: 	0x00000000
x12: 	0x00000000
x13: 	0x00000000
x14: 	0x00000000
x15: 	0x00000000
x16: 	0x00000000
x17: 	0x00000000
x18: 	0x00000000
x19: 	0x00000000
x20: 	0x00000000
x21: 	0x00000000
x22: 	0x00000000
x23: 	0x00000000
x24: 	0x00000000
x25: 	0x00000000
x26: 	0x00000000
x27: 	0x00000000
x28: 	0x00000000
x29: 	0x00000000
x30: 	0x00000000
x31: 	0x00000000

0x00001888	0x00000000	Unkown Instruction 

All Registers: 
x0: 	0x00000000
x1: 	0x00000000
x2: 	0x00000000
x3: 	0x00000000
x4: 	0x00000000
x5: 	0x00000000
x6: 	0x00000000
x7: 	0x00000000
x8: 	0x00000000
x9: 	0x00000000
x10: 	0x00000000
x11: 	0x00000000
x12: 	0x00000000
x13: 	0x00000000
x14: 	0x00000000
x15: 	0x00000000
x16: 	0x00000000
x17: 	0x00000000
x18: 	0x00000000
x19: 	0x00000000
x20: 	0x00000000
x21: 	0x00000000
x22: 	0x00000000
x23: 	0x00000000
x24: 	0x00000000
x25: 	0x00000000
x26: 	0x00000000
x27: 	0x00000000
x28: 	0x00000000
x29: 	0x00000000
x30: 	0x00000000
x31: 	0x00000000

0x0000188c	0x00000000	Unkown Instruction 

All Registers: 
x0: 	0x00000000
x1: 	0x00000000
x2: 	0x00000000
x3: 	0x00000000
x4: 	0x00000000
x5: 	0x00000000
x6: 	0x00000000
x7: 	0x00000000
x8: 	0x00000000
x9: 	0x00000000
x10: 	0x00000000
x11: 	0x00000000
x12: 	0x00000000
x13: 	0x00000000
x14: 	0x00000000
x15: 	0x00000000
x16: 	0x00000000
x17: 	0x00000000
x18: 	0x00000000
x19: 	0x00000000
x20: 	0x00000000
x21: 	0x00000000
x22: 	0x00000000
x23: 	0x00000000
x24: 	0x00000000
x25: 	0x00000000
x26: 	0x00000000
x27: 	0x00000000
x28: 	0x00000000
x29: 	0x00000000
x30: 	0x00000000
x31: 	0x00000000

0x00001890	0x00000000	Unkown Instruction 

All Registers: 
x0: 	0x00000000
x1: 	0x00000000
x2: 	0x00000000
x3: 	0x00000000
x4: 	0x00000000
x5: 	0x00000000
x6: 	0x00000000
x7: 	0x00000000
x8: 	0x00000000
x9: 	0x00000000
x10: 	0x00000000
x11: 	0x00000000
x12: 	0x00000000
x13: 	0x00000000
x14: 	0x00000000
x15: 	0x00000000
x16: 	0x00000000
x17: 	0x00000000
x18: 	0x00000000
x19: 	0x00000000
x20: 	0x00000000
x21: 	0x00000000
x22: 	0x00000000
x23: 	0x00000000
x24: 	0x00000000
x25: 	0x00000000
x26: 	0x00000000
x27: 	0x00000000
x28: 	0x00000000
x29: 	0x00000000
x30: 	0x00000000
x31: 	0x00000000

0x00001894	0x00000000	Unkown Instruction 

All Registers: 
x0: 	0x00000000
x1: 	0x00000000
x2: 	0x00000000
x3: 	0x00000000
x4: 	0x00000000
x5: 	0x00000000
x6: 	0x00000000
x7: 	0x00000000
x8: 	0x00000000
x9: 	0x00000000
x10: 	0x00000000
x11: 	0x00000000
x12: 	0x00000000
x13: 	0x00000000
x14: 	0x00000000
x15: 	0x00000000
x16: 	0x00000000
x17: 	0x00000000
x18: 	0x00000000
x19: 	0x00000000
x20: 	0x00000000
x21: 	0x00000000
x22: 	0x00000000
x23: 	0x00000000
x24: 	0x00000000
x25: 	0x00000000
x26: 	0x00000000
x27: 	0x00000000
x28: 	0x00000000
x29: 	0x00000000
x30: 	0x00000000
x31: 	0x00000000

0x00001898	0x00000000	Unkown Instruction 

All Registers: 
x0: 	0x00000000
x1: 	0x00000000
x2: 	0x00000000
x3: 	0x00000000
x4: 	0x00000000
x5: 	0x00000000
x6: 	0x00000000
x7: 	0x00000000
x8: 	0x00000000
x9: 	0x00000000
x10: 	0x00000000
x11: 	0x00000000
x12: 	0x00000000
x13: 	0x00000000
x14: 	0x00000000
x15: 	0x00000000
x16: 	0x00000000
x17: 	0x00000000
x18: 	0x00000000
x19: 	0x00000000
x20: 	0x00000000
x21: 	0x00000000
x22: 	0x00000000
x23: 	0x00000000
x24: 	0x00000000
x25: 	0x00000000
x26: 	0x00000000
x27: 	0x00000000
x28: 	0x00000000
x29: 	0x00000000
x30: 	0x00000000
x31: 	0x00000000

0x0000189c	0x00000000	Unkown Instruction 

All Registers: 
x0: 	0x00000000
x1: 	0x00000000
x2: 	0x00000000
x3: 	0x00000000
x4: 	0x00000000
x5: 	0x00000000
x6: 	0x00000000
x7: 	0x00000000
x8: 	0x00000000
x9: 	0x00000000
x10: 	0x00000000
x11: 	0x00000000
x12: 	0x00000000
x13: 	0x00000000
x14: 	0x00000000
x15: 	0x00000000
x16: 	0x00000000
x17: 	0x00000000
x18: 	0x00000000
x19: 	0x00000000
x20: 	0x00000000
x21: 	0x00000000
x22: 	0x00000000
x23: 	0x00000000
x24: 	0x00000000
x25: 	0x00000000
x26: 	0x00000000
x27: 	0x00000000
x28: 	0x00000000
x29: 	0x00000000
x30: 	0x00000000
x31: 	0x00000000

0x000018a0	0x00000000	Unkown Instruction 

All Registers: 
x0: 	0x00000000
x1: 	0x00000000
x2: 	0x00000000
x3: 	0x00000000
x4: 	0x00000000
x5: 	0x00000000
x6: 	0x00000000
x7: 	0x00000000
x8: 	0x00000000
x9: 	0x00000000
x10: 	0x00000000
x11: 	0x00000000
x12: 	0x00000000
x13: 	0x00000000
x14: 	0x00000000
x15: 	0x00000000
x16: 	0x00000000
x17: 	0x00000000
x18: 	0x00000000
x19: 	0x00000000
x20: 	0x00000000
x21: 	0x00000000
x22: 	0x00000000
x23: 	0x00000000
x24: 	0x00000000
x25: 	0x00000000
x26: 	0x00000000
x27: 	0x00000000
x28: 	0x00000000
x29: 	0x00000000
x30: 	0x00000000
x31: 	0x00000000

0x000018a4	0x00000000	Unkown Instruction 

All Registers: 
x0: 	0x00000000
x1: 	0x00000000
x2: 	0x00000000
x3: 	0x00000000
x4: 	0x00000000
x5: 	0x00000000
x6: 	0x00000000
x7: 	0x00000000
x8: 	0x00000000
x9: 	0x00000000
x10: 	0x00000000
x11: 	0x00000000
x12: 	0x00000000
x13: 	0x00000000
x14: 	0x00000000
x15: 	0x00000000
x16: 	0x00000000
x17: 	0x00000000
x18: 	0x00000000
x19: 	0x00000000
x20: 	0x00000000
x21: 	0x00000000
x22: 	0x00000000
x23: 	0x00000000
x24: 	0x00000000
x25: 	0x00000000
x26: 	0x00000000
x27: 	0x00000000
x28: 	0x00000000
x29: 	0x00000000
x30: 	0x00000000
x31: 	0x00000000

0x000018a8	0x00000000	Unkown Instruction 

All Registers: 
x0: 	0x00000000
x1: 	0x00000000
x2: 	0x00000000
x3: 	0x00000000
x4: 	0x00000000
x5: 	0x00000000
x6: 	0x00000000
x7: 	0x00000000
x8: 	0x00000000
x9: 	0x00000000
x10: 	0x00000000
x11: 	0x00000000
x12: 	0x00000000
x13: 	0x00000000
x14: 	0x00000000
x15: 	0x00000000
x16: 	0x00000000
x17: 	0x00000000
x18: 	0x00000000
x19: 	0x00000000
x20: 	0x00000000
x21: 	0x00000000
x22: 	0x00000000
x23: 	0x00000000
x24: 	0x00000000
x25: 	0x00000000
x26: 	0x00000000
x27: 	0x00000000
x28: 	0x00000000
x29: 	0x00000000
x30: 	0x00000000
x31: 	0x00000000

0x000018ac	0x00000000	Unkown Instruction 

All Registers: 
x0: 	0x00000000
x1: 	0x00000000
x2: 	0x00000000
x3: 	0x00000000
x4: 	0x00000000
x5: 	0x00000000
x6: 	0x00000000
x7: 	0x00000000
x8: 	0x00000000
x9: 	0x00000000
x10: 	0x00000000
x11: 	0x00000000
x12: 	0x00000000
x13: 	0x00000000
x14: 	0x00000000
x15: 	0x00000000
x16: 	0x00000000
x17: 	0x00000000
x18: 	0x00000000
x19: 	0x00000000
x20: 	0x00000000
x21: 	0x00000000
x22: 	0x00000000
x23: 	0x00000000
x24: 	0x00000000
x25: 	0x00000000
x26: 	0x00000000
x27: 	0x00000000
x28: 	0x00000000
x29: 	0x00000000
x30: 	0x00000000
x31: 	0x00000000

0x000018b0	0x00000000	Unkown Instruction 

All Registers: 
x0: 	0x00000000
x1: 	0x00000000
x2: 	0x00000000
x3: 	0x00000000
x4: 	0x00000000
x5: 	0x00000000
x6: 	0x00000000
x7: 	0x00000000
x8: 	0x00000000
x9: 	0x00000000
x10: 	0x00000000
x11: 	0x00000000
x12: 	0x00000000
x13: 	0x00000000
x14: 	0x00000000
x15: 	0x00000000
x16: 	0x00000000
x17: 	0x00000000
x18: 	0x00000000
x19: 	0x00000000
x20: 	0x00000000
x21: 	0x00000000
x22: 	0x00000000
x23: 	0x00000000
x24: 	0x00000000
x25: 	0x00000000
x26: 	0x00000000
x27: 	0x00000000
x28: 	0x00000000
x29: 	0x00000000
x30: 	0x00000000
x31: 	0x00000000

0x000018b4	0x00000000	Unkown Instruction 

All Registers: 
x0: 	0x00000000
x1: 	0x00000000
x2: 	0x00000000
x3: 	0x00000000
x4: 	0x00000000
x5: 	0x00000000
x6: 	0x00000000
x7: 	0x00000000
x8: 	0x00000000
x9: 	0x00000000
x10: 	0x00000000
x11: 	0x00000000
x12: 	0x00000000
x13: 	0x00000000
x14: 	0x00000000
x15: 	0x00000000
x16: 	0x00000000
x17: 	0x00000000
x18: 	0x00000000
x19: 	0x00000000
x20: 	0x00000000
x21: 	0x00000000
x22: 	0x00000000
x23: 	0x00000000
x24: 	0x00000000
x25: 	0x00000000
x26: 	0x00000000
x27: 	0x00000000
x28: 	0x00000000
x29: 	0x00000000
x30: 	0x00000000
x31: 	0x00000000

0x000018b8	0x00000000	Unkown Instruction 

All Registers: 
x0: 	0x00000000
x1: 	0x00000000
x2: 	0x00000000
x3: 	0x00000000
x4: 	0x00000000
x5: 	0x00000000
x6: 	0x00000000
x7: 	0x00000000
x8: 	0x00000000
x9: 	0x00000000
x10: 	0x00000000
x11: 	0x00000000
x12: 	0x00000000
x13: 	0x00000000
x14: 	0x00000000
x15: 	0x00000000
x16: 	0x00000000
x17: 	0x00000000
x18: 	0x00000000
x19: 	0x00000000
x20: 	0x00000000
x21: 	0x00000000
x22: 	0x00000000
x23: 	0x00000000
x24: 	0x00000000
x25: 	0x00000000
x26: 	0x00000000
x27: 	0x00000000
x28: 	0x00000000
x29: 	0x00000000
x30: 	0x00000000
x31: 	0x00000000

0x000018bc	0x00000000	Unkown Instruction 

All Registers: 
x0: 	0x00000000
x1: 	0x00000000
x2: 	0x00000000
x3: 	0x00000000
x4: 	0x00000000
x5: 	0x00000000
x6: 	0x00000000
x7: 	0x00000000
x8: 	0x00000000
x9: 	0x00000000
x10: 	0x00000000
x11: 	0x00000000
x12: 	0x00000000
x13: 	0x00000000
x14: 	0x00000000
x15: 	0x00000000
x16: 	0x00000000
x17: 	0x00000000
x18: 	0x00000000
x19: 	0x00000000
x20: 	0x00000000
x21: 	0x00000000
x22: 	0x00000000
x23: 	0x00000000
x24: 	0x00000000
x25: 	0x00000000
x26: 	0x00000000
x27: 	0x00000000
x28: 	0x00000000
x29: 	0x00000000
x30: 	0x00000000
x31: 	0x00000000

0x000018c0	0x00000000	Unkown Instruction 

All Registers: 
x0: 	0x00000000
x1: 	0x00000000
x2: 	0x00000000
x3: 	0x00000000
x4: 	0x00000000
x5: 	0x00000000
x6: 	0x00000000
x7: 	0x00000000
x8: 	0x00000000
x9: 	0x00000000
x10: 	0x00000000
x11: 	0x00000000
x12: 	0x00000000
x13: 	0x00000000
x14: 	0x00000000
x15: 	0x00000000
x16: 	0x00000000
x17: 	0x00000000
x18: 	0x00000000
x19: 	0x00000000
x20: 	0x00000000
x21: 	0x00000000
x22: 	0x00000000
x23: 	0x00000000
x24: 	0x00000000
x25: 	0x00000000
x26: 	0x00000000
x27: 	0x00000000
x28: 	0x00000000
x29: 	0x00000000
x30: 	0x00000000
x31: 	0x00000000

0x000018c4	0x00000000	Unkown Instruction 

All Registers: 
x0: 	0x00000000
x1: 	0x00000000
x2: 	0x00000000
x3: 	0x00000000
x4: 	0x00000000
x5: 	0x00000000
x6: 	0x00000000
x7: 	0x00000000
x8: 	0x00000000
x9: 	0x00000000
x10: 	0x00000000
x11: 	0x00000000
x12: 	0x00000000
x13: 	0x00000000
x14: 	0x00000000
x15: 	0x00000000
x16: 	0x00000000
x17: 	0x00000000
x18: 	0x00000000
x19: 	0x00000000
x20: 	0x00000000
x21: 	0x00000000
x22: 	0x00000000
x23: 	0x00000000
x24: 	0x00000000
x25: 	0x00000000
x26: 	0x00000000
x27: 	0x00000000
x28: 	0x00000000
x29: 	0x00000000
x30: 	0x00000000
x31: 	0x00000000

0x000018c8	0x00000000	Unkown Instruction 

All Registers: 
x0: 	0x00000000
x1: 	0x00000000
x2: 	0x00000000
x3: 	0x00000000
x4: 	0x00000000
x5: 	0x00000000
x6: 	0x00000000
x7: 	0x00000000
x8: 	0x00000000
x9: 	0x00000000
x10: 	0x00000000
x11: 	0x00000000
x12: 	0x00000000
x13: 	0x00000000
x14: 	0x00000000
x15: 	0x00000000
x16: 	0x00000000
x17: 	0x00000000
x18: 	0x00000000
x19: 	0x00000000
x20: 	0x00000000
x21: 	0x00000000
x22: 	0x00000000
x23: 	0x00000000
x24: 	0x00000000
x25: 	0x00000000
x26: 	0x00000000
x27: 	0x00000000
x28: 	0x00000000
x29: 	0x00000000
x30: 	0x00000000
x31: 	0x00000000

0x000018cc	0x00000000	Unkown Instruction 

All Registers: 
x0: 	0x00000000
x1: 	0x00000000
x2: 	0x00000000
x3: 	0x00000000
x4: 	0x00000000
x5: 	0x00000000
x6: 	0x00000000
x7: 	0x00000000
x8: 	0x00000000
x9: 	0x00000000
x10: 	0x00000000
x11: 	0x00000000
x12: 	0x00000000
x13: 	0x00000000
x14: 	0x00000000
x15: 	0x00000000
x16: 	0x00000000
x17: 	0x00000000
x18: 	0x00000000
x19: 	0x00000000
x20: 	0x00000000
x21: 	0x00000000
x22: 	0x00000000
x23: 	0x00000000
x24: 	0x00000000
x25: 	0x00000000
x26: 	0x00000000
x27: 	0x00000000
x28: 	0x00000000
x29: 	0x00000000
x30: 	0x00000000
x31: 	0x00000000

0x000018d0	0x00000000	Unkown Instruction 

All Registers: 
x0: 	0x00000000
x1: 	0x00000000
x2: 	0x00000000
x3: 	0x00000000
x4: 	0x00000000
x5: 	0x00000000
x6: 	0x00000000
x7: 	0x00000000
x8: 	0x00000000
x9: 	0x00000000
x10: 	0x00000000
x11: 	0x00000000
x12: 	0x00000000
x13: 	0x00000000
x14: 	0x00000000
x15: 	0x00000000
x16: 	0x00000000
x17: 	0x00000000
x18: 	0x00000000
x19: 	0x00000000
x20: 	0x00000000
x21: 	0x00000000
x22: 	0x00000000
x23: 	0x00000000
x24: 	0x00000000
x25: 	0x00000000
x26: 	0x00000000
x27: 	0x00000000
x28: 	0x00000000
x29: 	0x00000000
x30: 	0x00000000
x31: 	0x00000000

0x000018d4	0x00000000	Unkown Instruction 

All Registers: 
x0: 	0x00000000
x1: 	0x00000000
x2: 	0x00000000
x3: 	0x00000000
x4: 	0x00000000
x5: 	0x00000000
x6: 	0x00000000
x7: 	0x00000000
x8: 	0x00000000
x9: 	0x00000000
x10: 	0x00000000
x11: 	0x00000000
x12: 	0x00000000
x13: 	0x00000000
x14: 	0x00000000
x15: 	0x00000000
x16: 	0x00000000
x17: 	0x00000000
x18: 	0x00000000
x19: 	0x00000000
x20: 	0x00000000
x21: 	0x00000000
x22: 	0x00000000
x23: 	0x00000000
x24: 	0x00000000
x25: 	0x00000000
x26: 	0x00000000
x27: 	0x00000000
x28: 	0x00000000
x29: 	0x00000000
x30: 	0x00000000
x31: 	0x00000000

0x000018d8	0x00000000	Unkown Instruction 

All Registers: 
x0: 	0x00000000
x1: 	0x00000000
x2: 	0x00000000
x3: 	0x00000000
x4: 	0x00000000
x5: 	0x00000000
x6: 	0x00000000
x7: 	0x00000000
x8: 	0x00000000
x9: 	0x00000000
x10: 	0x00000000
x11: 	0x00000000
x12: 	0x00000000
x13: 	0x00000000
x14: 	0x00000000
x15: 	0x00000000
x16: 	0x00000000
x17: 	0x00000000
x18: 	0x00000000
x19: 	0x00000000
x20: 	0x00000000
x21: 	0x00000000
x22: 	0x00000000
x23: 	0x00000000
x24: 	0x00000000
x25: 	0x00000000
x26: 	0x00000000
x27: 	0x00000000
x28: 	0x00000000
x29: 	0x00000000
x30: 	0x00000000
x31: 	0x00000000

0x000018dc	0x00000000	Unkown Instruction 

All Registers: 
x0: 	0x00000000
x1: 	0x00000000
x2: 	0x00000000
x3: 	0x00000000
x4: 	0x00000000
x5: 	0x00000000
x6: 	0x00000000
x7: 	0x00000000
x8: 	0x00000000
x9: 	0x00000000
x10: 	0x00000000
x11: 	0x00000000
x12: 	0x00000000
x13: 	0x00000000
x14: 	0x00000000
x15: 	0x00000000
x16: 	0x00000000
x17: 	0x00000000
x18: 	0x00000000
x19: 	0x00000000
x20: 	0x00000000
x21: 	0x00000000
x22: 	0x00000000
x23: 	0x00000000
x24: 	0x00000000
x25: 	0x00000000
x26: 	0x00000000
x27: 	0x00000000
x28: 	0x00000000
x29: 	0x00000000
x30: 	0x00000000
x31: 	0x00000000

0x000018e0	0x00000000	Unkown Instruction 

All Registers: 
x0: 	0x00000000
x1: 	0x00000000
x2: 	0x00000000
x3: 	0x00000000
x4: 	0x00000000
x5: 	0x00000000
x6: 	0x00000000
x7: 	0x00000000
x8: 	0x00000000
x9: 	0x00000000
x10: 	0x00000000
x11: 	0x00000000
x12: 	0x00000000
x13: 	0x00000000
x14: 	0x00000000
x15: 	0x00000000
x16: 	0x00000000
x17: 	0x00000000
x18: 	0x00000000
x19: 	0x00000000
x20: 	0x00000000
x21: 	0x00000000
x22: 	0x00000000
x23: 	0x00000000
x24: 	0x00000000
x25: 	0x00000000
x26: 	0x00000000
x27: 	0x00000000
x28: 	0x00000000
x29: 	0x00000000
x30: 	0x00000000
x31: 	0x00000000

0x000018e4	0x00000000	Unkown Instruction 

All Registers: 
x0: 	0x00000000
x1: 	0x00000000
x2: 	0x00000000
x3: 	0x00000000
x4: 	0x00000000
x5: 	0x00000000
x6: 	0x00000000
x7: 	0x00000000
x8: 	0x00000000
x9: 	0x00000000
x10: 	0x00000000
x11: 	0x00000000
x12: 	0x00000000
x13: 	0x00000000
x14: 	0x00000000
x15: 	0x00000000
x16: 	0x00000000
x17: 	0x00000000
x18: 	0x00000000
x19: 	0x00000000
x20: 	0x00000000
x21: 	0x00000000
x22: 	0x00000000
x23: 	0x00000000
x24: 	0x00000000
x25: 	0x00000000
x26: 	0x00000000
x27: 	0x00000000
x28: 	0x00000000
x29: 	0x00000000
x30: 	0x00000000
x31: 	0x00000000

0x000018e8	0x00000000	Unkown Instruction 

All Registers: 
x0: 	0x00000000
x1: 	0x00000000
x2: 	0x00000000
x3: 	0x00000000
x4: 	0x00000000
x5: 	0x00000000
x6: 	0x00000000
x7: 	0x00000000
x8: 	0x00000000
x9: 	0x00000000
x10: 	0x00000000
x11: 	0x00000000
x12: 	0x00000000
x13: 	0x00000000
x14: 	0x00000000
x15: 	0x00000000
x16: 	0x00000000
x17: 	0x00000000
x18: 	0x00000000
x19: 	0x00000000
x20: 	0x00000000
x21: 	0x00000000
x22: 	0x00000000
x23: 	0x00000000
x24: 	0x00000000
x25: 	0x00000000
x26: 	0x00000000
x27: 	0x00000000
x28: 	0x00000000
x29: 	0x00000000
x30: 	0x00000000
x31: 	0x00000000

0x000018ec	0x00000000	Unkown Instruction 

All Registers: 
x0: 	0x00000000
x1: 	0x00000000
x2: 	0x00000000
x3: 	0x00000000
x4: 	0x00000000
x5: 	0x00000000
x6: 	0x00000000
x7: 	0x00000000
x8: 	0x00000000
x9: 	0x00000000
x10: 	0x00000000
x11: 	0x00000000
x12: 	0x00000000
x13: 	0x00000000
x14: 	0x00000000
x15: 	0x00000000
x16: 	0x00000000
x17: 	0x00000000
x18: 	0x00000000
x19: 	0x00000000
x20: 	0x00000000
x21: 	0x00000000
x22: 	0x00000000
x23: 	0x00000000
x24: 	0x00000000
x25: 	0x00000000
x26: 	0x00000000
x27: 	0x00000000
x28: 	0x00000000
x29: 	0x00000000
x30: 	0x00000000
x31: 	0x00000000

0x000018f0	0x00000000	Unkown Instruction 

All Registers: 
x0: 	0x00000000
x1: 	0x00000000
x2: 	0x00000000
x3: 	0x00000000
x4: 	0x00000000
x5: 	0x00000000
x6: 	0x00000000
x7: 	0x00000000
x8: 	0x00000000
x9: 	0x00000000
x10: 	0x00000000
x11: 	0x00000000
x12: 	0x00000000
x13: 	0x00000000
x14: 	0x00000000
x15: 	0x00000000
x16: 	0x00000000
x17: 	0x00000000
x18: 	0x00000000
x19: 	0x00000000
x20: 	0x00000000
x21: 	0x00000000
x22: 	0x00000000
x23: 	0x00000000
x24: 	0x00000000
x25: 	0x00000000
x26: 	0x00000000
x27: 	0x00000000
x28: 	0x00000000
x29: 	0x00000000
x30: 	0x00000000
x31: 	0x00000000

0x000018f4	0x00000000	Unkown Instruction 

All Registers: 
x0: 	0x00000000
x1: 	0x00000000
x2: 	0x00000000
x3: 	0x00000000
x4: 	0x00000000
x5: 	0x00000000
x6: 	0x00000000
x7: 	0x00000000
x8: 	0x00000000
x9: 	0x00000000
x10: 	0x00000000
x11: 	0x00000000
x12: 	0x00000000
x13: 	0x00000000
x14: 	0x00000000
x15: 	0x00000000
x16: 	0x00000000
x17: 	0x00000000
x18: 	0x00000000
x19: 	0x00000000
x20: 	0x00000000
x21: 	0x00000000
x22: 	0x00000000
x23: 	0x00000000
x24: 	0x00000000
x25: 	0x00000000
x26: 	0x00000000
x27: 	0x00000000
x28: 	0x00000000
x29: 	0x00000000
x30: 	0x00000000
x31: 	0x00000000

0x000018f8	0x00000000	Unkown Instruction 

All Registers: 
x0: 	0x00000000
x1: 	0x00000000
x2: 	0x00000000
x3: 	0x00000000
x4: 	0x00000000
x5: 	0x00000000
x6: 	0x00000000
x7: 	0x00000000
x8: 	0x00000000
x9: 	0x00000000
x10: 	0x00000000
x11: 	0x00000000
x12: 	0x00000000
x13: 	0x00000000
x14: 	0x00000000
x15: 	0x00000000
x16: 	0x00000000
x17: 	0x00000000
x18: 	0x00000000
x19: 	0x00000000
x20: 	0x00000000
x21: 	0x00000000
x22: 	0x00000000
x23: 	0x00000000
x24: 	0x00000000
x25: 	0x00000000
x26: 	0x00000000
x27: 	0x00000000
x28: 	0x00000000
x29: 	0x00000000
x30: 	0x00000000
x31: 	0x00000000

0x000018fc	0x00000000	Unkown Instruction 

All Registers: 
x0: 	0x00000000
x1: 	0x00000000
x2: 	0x00000000
x3: 	0x00000000
x4: 	0x00000000
x5: 	0x00000000
x6: 	0x00000000
x7: 	0x00000000
x8: 	0x00000000
x9: 	0x00000000
x10: 	0x00000000
x11: 	0x00000000
x12: 	0x00000000
x13: 	0x00000000
x14: 	0x00000000
x15: 	0x00000000
x16: 	0x00000000
x17: 	0x00000000
x18: 	0x00000000
x19: 	0x00000000
x20: 	0x00000000
x21: 	0x00000000
x22: 	0x00000000
x23: 	0x00000000
x24: 	0x00000000
x25: 	0x00000000
x26: 	0x00000000
x27: 	0x00000000
x28: 	0x00000000
x29: 	0x00000000
x30: 	0x00000000
x31: 	0x00000000

0x00001900	0x00000000	Unkown Instruction 

All Registers: 
x0: 	0x00000000
x1: 	0x00000000
x2: 	0x00000000
x3: 	0x00000000
x4: 	0x00000000
x5: 	0x00000000
x6: 	0x00000000
x7: 	0x00000000
x8: 	0x00000000
x9: 	0x00000000
x10: 	0x00000000
x11: 	0x00000000
x12: 	0x00000000
x13: 	0x00000000
x14: 	0x00000000
x15: 	0x00000000
x16: 	0x00000000
x17: 	0x00000000
x18: 	0x00000000
x19: 	0x00000000
x20: 	0x00000000
x21: 	0x00000000
x22: 	0x00000000
x23: 	0x00000000
x24: 	0x00000000
x25: 	0x00000000
x26: 	0x00000000
x27: 	0x00000000
x28: 	0x00000000
x29: 	0x00000000
x30: 	0x00000000
x31: 	0x00000000

0x00001904	0x00000000	Unkown Instruction 

All Registers: 
x0: 	0x00000000
x1: 	0x00000000
x2: 	0x00000000
x3: 	0x00000000
x4: 	0x00000000
x5: 	0x00000000
x6: 	0x00000000
x7: 	0x00000000
x8: 	0x00000000
x9: 	0x00000000
x10: 	0x00000000
x11: 	0x00000000
x12: 	0x00000000
x13: 	0x00000000
x14: 	0x00000000
x15: 	0x00000000
x16: 	0x00000000
x17: 	0x00000000
x18: 	0x00000000
x19: 	0x00000000
x20: 	0x00000000
x21: 	0x00000000
x22: 	0x00000000
x23: 	0x00000000
x24: 	0x00000000
x25: 	0x00000000
x26: 	0x00000000
x27: 	0x00000000
x28: 	0x00000000
x29: 	0x00000000
x30: 	0x00000000
x31: 	0x00000000

0x00001908	0x00000000	Unkown Instruction 

All Registers: 
x0: 	0x00000000
x1: 	0x00000000
x2: 	0x00000000
x3: 	0x00000000
x4: 	0x00000000
x5: 	0x00000000
x6: 	0x00000000
x7: 	0x00000000
x8: 	0x00000000
x9: 	0x00000000
x10: 	0x00000000
x11: 	0x00000000
x12: 	0x00000000
x13: 	0x00000000
x14: 	0x00000000
x15: 	0x00000000
x16: 	0x00000000
x17: 	0x00000000
x18: 	0x00000000
x19: 	0x00000000
x20: 	0x00000000
x21: 	0x00000000
x22: 	0x00000000
x23: 	0x00000000
x24: 	0x00000000
x25: 	0x00000000
x26: 	0x00000000
x27: 	0x00000000
x28: 	0x00000000
x29: 	0x00000000
x30: 	0x00000000
x31: 	0x00000000

0x0000190c	0x00000000	Unkown Instruction 

All Registers: 
x0: 	0x00000000
x1: 	0x00000000
x2: 	0x00000000
x3: 	0x00000000
x4: 	0x00000000
x5: 	0x00000000
x6: 	0x00000000
x7: 	0x00000000
x8: 	0x00000000
x9: 	0x00000000
x10: 	0x00000000
x11: 	0x00000000
x12: 	0x00000000
x13: 	0x00000000
x14: 	0x00000000
x15: 	0x00000000
x16: 	0x00000000
x17: 	0x00000000
x18: 	0x00000000
x19: 	0x00000000
x20: 	0x00000000
x21: 	0x00000000
x22: 	0x00000000
x23: 	0x00000000
x24: 	0x00000000
x25: 	0x00000000
x26: 	0x00000000
x27: 	0x00000000
x28: 	0x00000000
x29: 	0x00000000
x30: 	0x00000000
x31: 	0x00000000

0x00001910	0x00000000	Unkown Instruction 

All Registers: 
x0: 	0x00000000
x1: 	0x00000000
x2: 	0x00000000
x3: 	0x00000000
x4: 	0x00000000
x5: 	0x00000000
x6: 	0x00000000
x7: 	0x00000000
x8: 	0x00000000
x9: 	0x00000000
x10: 	0x00000000
x11: 	0x00000000
x12: 	0x00000000
x13: 	0x00000000
x14: 	0x00000000
x15: 	0x00000000
x16: 	0x00000000
x17: 	0x00000000
x18: 	0x00000000
x19: 	0x00000000
x20: 	0x00000000
x21: 	0x00000000
x22: 	0x00000000
x23: 	0x00000000
x24: 	0x00000000
x25: 	0x00000000
x26: 	0x00000000
x27: 	0x00000000
x28: 	0x00000000
x29: 	0x00000000
x30: 	0x00000000
x31: 	0x00000000

0x00001914	0x00000000	Unkown Instruction 

All Registers: 
x0: 	0x00000000
x1: 	0x00000000
x2: 	0x00000000
x3: 	0x00000000
x4: 	0x00000000
x5: 	0x00000000
x6: 	0x00000000
x7: 	0x00000000
x8: 	0x00000000
x9: 	0x00000000
x10: 	0x00000000
x11: 	0x00000000
x12: 	0x00000000
x13: 	0x00000000
x14: 	0x00000000
x15: 	0x00000000
x16: 	0x00000000
x17: 	0x00000000
x18: 	0x00000000
x19: 	0x00000000
x20: 	0x00000000
x21: 	0x00000000
x22: 	0x00000000
x23: 	0x00000000
x24: 	0x00000000
x25: 	0x00000000
x26: 	0x00000000
x27: 	0x00000000
x28: 	0x00000000
x29: 	0x00000000
x30: 	0x00000000
x31: 	0x00000000

0x00001918	0x00000000	Unkown Instruction 

All Registers: 
x0: 	0x00000000
x1: 	0x00000000
x2: 	0x00000000
x3: 	0x00000000
x4: 	0x00000000
x5: 	0x00000000
x6: 	0x00000000
x7: 	0x00000000
x8: 	0x00000000
x9: 	0x00000000
x10: 	0x00000000
x11: 	0x00000000
x12: 	0x00000000
x13: 	0x00000000
x14: 	0x00000000
x15: 	0x00000000
x16: 	0x00000000
x17: 	0x00000000
x18: 	0x00000000
x19: 	0x00000000
x20: 	0x00000000
x21: 	0x00000000
x22: 	0x00000000
x23: 	0x00000000
x24: 	0x00000000
x25: 	0x00000000
x26: 	0x00000000
x27: 	0x00000000
x28: 	0x00000000
x29: 	0x00000000
x30: 	0x00000000
x31: 	0x00000000

0x0000191c	0x00000000	Unkown Instruction 

All Registers: 
x0: 	0x00000000
x1: 	0x00000000
x2: 	0x00000000
x3: 	0x00000000
x4: 	0x00000000
x5: 	0x00000000
x6: 	0x00000000
x7: 	0x00000000
x8: 	0x00000000
x9: 	0x00000000
x10: 	0x00000000
x11: 	0x00000000
x12: 	0x00000000
x13: 	0x00000000
x14: 	0x00000000
x15: 	0x00000000
x16: 	0x00000000
x17: 	0x00000000
x18: 	0x00000000
x19: 	0x00000000
x20: 	0x00000000
x21: 	0x00000000
x22: 	0x00000000
x23: 	0x00000000
x24: 	0x00000000
x25: 	0x00000000
x26: 	0x00000000
x27: 	0x00000000
x28: 	0x00000000
x29: 	0x00000000
x30: 	0x00000000
x31: 	0x00000000

0x00001920	0x00000000	Unkown Instruction 

All Registers: 
x0: 	0x00000000
x1: 	0x00000000
x2: 	0x00000000
x3: 	0x00000000
x4: 	0x00000000
x5: 	0x00000000
x6: 	0x00000000
x7: 	0x00000000
x8: 	0x00000000
x9: 	0x00000000
x10: 	0x00000000
x11: 	0x00000000
x12: 	0x00000000
x13: 	0x00000000
x14: 	0x00000000
x15: 	0x00000000
x16: 	0x00000000
x17: 	0x00000000
x18: 	0x00000000
x19: 	0x00000000
x20: 	0x00000000
x21: 	0x00000000
x22: 	0x00000000
x23: 	0x00000000
x24: 	0x00000000
x25: 	0x00000000
x26: 	0x00000000
x27: 	0x00000000
x28: 	0x00000000
x29: 	0x00000000
x30: 	0x00000000
x31: 	0x00000000

0x00001924	0x00000000	Unkown Instruction 

All Registers: 
x0: 	0x00000000
x1: 	0x00000000
x2: 	0x00000000
x3: 	0x00000000
x4: 	0x00000000
x5: 	0x00000000
x6: 	0x00000000
x7: 	0x00000000
x8: 	0x00000000
x9: 	0x00000000
x10: 	0x00000000
x11: 	0x00000000
x12: 	0x00000000
x13: 	0x00000000
x14: 	0x00000000
x15: 	0x00000000
x16: 	0x00000000
x17: 	0x00000000
x18: 	0x00000000
x19: 	0x00000000
x20: 	0x00000000
x21: 	0x00000000
x22: 	0x00000000
x23: 	0x00000000
x24: 	0x00000000
x25: 	0x00000000
x26: 	0x00000000
x27: 	0x00000000
x28: 	0x00000000
x29: 	0x00000000
x30: 	0x00000000
x31: 	0x00000000

0x00001928	0x00000000	Unkown Instruction 

All Registers: 
x0: 	0x00000000
x1: 	0x00000000
x2: 	0x00000000
x3: 	0x00000000
x4: 	0x00000000
x5: 	0x00000000
x6: 	0x00000000
x7: 	0x00000000
x8: 	0x00000000
x9: 	0x00000000
x10: 	0x00000000
x11: 	0x00000000
x12: 	0x00000000
x13: 	0x00000000
x14: 	0x00000000
x15: 	0x00000000
x16: 	0x00000000
x17: 	0x00000000
x18: 	0x00000000
x19: 	0x00000000
x20: 	0x00000000
x21: 	0x00000000
x22: 	0x00000000
x23: 	0x00000000
x24: 	0x00000000
x25: 	0x00000000
x26: 	0x00000000
x27: 	0x00000000
x28: 	0x00000000
x29: 	0x00000000
x30: 	0x00000000
x31: 	0x00000000

0x0000192c	0x00000000	Unkown Instruction 

All Registers: 
x0: 	0x00000000
x1: 	0x00000000
x2: 	0x00000000
x3: 	0x00000000
x4: 	0x00000000
x5: 	0x00000000
x6: 	0x00000000
x7: 	0x00000000
x8: 	0x00000000
x9: 	0x00000000
x10: 	0x00000000
x11: 	0x00000000
x12: 	0x00000000
x13: 	0x00000000
x14: 	0x00000000
x15: 	0x00000000
x16: 	0x00000000
x17: 	0x00000000
x18: 	0x00000000
x19: 	0x00000000
x20: 	0x00000000
x21: 	0x00000000
x22: 	0x00000000
x23: 	0x00000000
x24: 	0x00000000
x25: 	0x00000000
x26: 	0x00000000
x27: 	0x00000000
x28: 	0x00000000
x29: 	0x00000000
x30: 	0x00000000
x31: 	0x00000000

0x00001930	0x00000000	Unkown Instruction 

All Registers: 
x0: 	0x00000000
x1: 	0x00000000
x2: 	0x00000000
x3: 	0x00000000
x4: 	0x00000000
x5: 	0x00000000
x6: 	0x00000000
x7: 	0x00000000
x8: 	0x00000000
x9: 	0x00000000
x10: 	0x00000000
x11: 	0x00000000
x12: 	0x00000000
x13: 	0x00000000
x14: 	0x00000000
x15: 	0x00000000
x16: 	0x00000000
x17: 	0x00000000
x18: 	0x00000000
x19: 	0x00000000
x20: 	0x00000000
x21: 	0x00000000
x22: 	0x00000000
x23: 	0x00000000
x24: 	0x00000000
x25: 	0x00000000
x26: 	0x00000000
x27: 	0x00000000
x28: 	0x00000000
x29: 	0x00000000
x30: 	0x00000000
x31: 	0x00000000

0x00001934	0x00000000	Unkown Instruction 

All Registers: 
x0: 	0x00000000
x1: 	0x00000000
x2: 	0x00000000
x3: 	0x00000000
x4: 	0x00000000
x5: 	0x00000000
x6: 	0x00000000
x7: 	0x00000000
x8: 	0x00000000
x9: 	0x00000000
x10: 	0x00000000
x11: 	0x00000000
x12: 	0x00000000
x13: 	0x00000000
x14: 	0x00000000
x15: 	0x00000000
x16: 	0x00000000
x17: 	0x00000000
x18: 	0x00000000
x19: 	0x00000000
x20: 	0x00000000
x21: 	0x00000000
x22: 	0x00000000
x23: 	0x00000000
x24: 	0x00000000
x25: 	0x00000000
x26: 	0x00000000
x27: 	0x00000000
x28: 	0x00000000
x29: 	0x00000000
x30: 	0x00000000
x31: 	0x00000000

0x00001938	0x00000000	Unkown Instruction 

All Registers: 
x0: 	0x00000000
x1: 	0x00000000
x2: 	0x00000000
x3: 	0x00000000
x4: 	0x00000000
x5: 	0x00000000
x6: 	0x00000000
x7: 	0x00000000
x8: 	0x00000000
x9: 	0x00000000
x10: 	0x00000000
x11: 	0x00000000
x12: 	0x00000000
x13: 	0x00000000
x14: 	0x00000000
x15: 	0x00000000
x16: 	0x00000000
x17: 	0x00000000
x18: 	0x00000000
x19: 	0x00000000
x20: 	0x00000000
x21: 	0x00000000
x22: 	0x00000000
x23: 	0x00000000
x24: 	0x00000000
x25: 	0x00000000
x26: 	0x00000000
x27: 	0x00000000
x28: 	0x00000000
x29: 	0x00000000
x30: 	0x00000000
x31: 	0x00000000

0x0000193c	0x00000000	Unkown Instruction 

All Registers: 
x0: 	0x00000000
x1: 	0x00000000
x2: 	0x00000000
x3: 	0x00000000
x4: 	0x00000000
x5: 	0x00000000
x6: 	0x00000000
x7: 	0x00000000
x8: 	0x00000000
x9: 	0x00000000
x10: 	0x00000000
x11: 	0x00000000
x12: 	0x00000000
x13: 	0x00000000
x14: 	0x00000000
x15: 	0x00000000
x16: 	0x00000000
x17: 	0x00000000
x18: 	0x00000000
x19: 	0x00000000
x20: 	0x00000000
x21: 	0x00000000
x22: 	0x00000000
x23: 	0x00000000
x24: 	0x00000000
x25: 	0x00000000
x26: 	0x00000000
x27: 	0x00000000
x28: 	0x00000000
x29: 	0x00000000
x30: 	0x00000000
x31: 	0x00000000

0x00001940	0x00000000	Unkown Instruction 

All Registers: 
x0: 	0x00000000
x1: 	0x00000000
x2: 	0x00000000
x3: 	0x00000000
x4: 	0x00000000
x5: 	0x00000000
x6: 	0x00000000
x7: 	0x00000000
x8: 	0x00000000
x9: 	0x00000000
x10: 	0x00000000
x11: 	0x00000000
x12: 	0x00000000
x13: 	0x00000000
x14: 	0x00000000
x15: 	0x00000000
x16: 	0x00000000
x17: 	0x00000000
x18: 	0x00000000
x19: 	0x00000000
x20: 	0x00000000
x21: 	0x00000000
x22: 	0x00000000
x23: 	0x00000000
x24: 	0x00000000
x25: 	0x00000000
x26: 	0x00000000
x27: 	0x00000000
x28: 	0x00000000
x29: 	0x00000000
x30: 	0x00000000
x31: 	0x00000000

0x00001944	0x00000000	Unkown Instruction 

All Registers: 
x0: 	0x00000000
x1: 	0x00000000
x2: 	0x00000000
x3: 	0x00000000
x4: 	0x00000000
x5: 	0x00000000
x6: 	0x00000000
x7: 	0x00000000
x8: 	0x00000000
x9: 	0x00000000
x10: 	0x00000000
x11: 	0x00000000
x12: 	0x00000000
x13: 	0x00000000
x14: 	0x00000000
x15: 	0x00000000
x16: 	0x00000000
x17: 	0x00000000
x18: 	0x00000000
x19: 	0x00000000
x20: 	0x00000000
x21: 	0x00000000
x22: 	0x00000000
x23: 	0x00000000
x24: 	0x00000000
x25: 	0x00000000
x26: 	0x00000000
x27: 	0x00000000
x28: 	0x00000000
x29: 	0x00000000
x30: 	0x00000000
x31: 	0x00000000

0x00001948	0x00000000	Unkown Instruction 

All Registers: 
x0: 	0x00000000
x1: 	0x00000000
x2: 	0x00000000
x3: 	0x00000000
x4: 	0x00000000
x5: 	0x00000000
x6: 	0x00000000
x7: 	0x00000000
x8: 	0x00000000
x9: 	0x00000000
x10: 	0x00000000
x11: 	0x00000000
x12: 	0x00000000
x13: 	0x00000000
x14: 	0x00000000
x15: 	0x00000000
x16: 	0x00000000
x17: 	0x00000000
x18: 	0x00000000
x19: 	0x00000000
x20: 	0x00000000
x21: 	0x00000000
x22: 	0x00000000
x23: 	0x00000000
x24: 	0x00000000
x25: 	0x00000000
x26: 	0x00000000
x27: 	0x00000000
x28: 	0x00000000
x29: 	0x00000000
x30: 	0x00000000
x31: 	0x00000000

0x0000194c	0x00000000	Unkown Instruction 

All Registers: 
x0: 	0x00000000
x1: 	0x00000000
x2: 	0x00000000
x3: 	0x00000000
x4: 	0x00000000
x5: 	0x00000000
x6: 	0x00000000
x7: 	0x00000000
x8: 	0x00000000
x9: 	0x00000000
x10: 	0x00000000
x11: 	0x00000000
x12: 	0x00000000
x13: 	0x00000000
x14: 	0x00000000
x15: 	0x00000000
x16: 	0x00000000
x17: 	0x00000000
x18: 	0x00000000
x19: 	0x00000000
x20: 	0x00000000
x21: 	0x00000000
x22: 	0x00000000
x23: 	0x00000000
x24: 	0x00000000
x25: 	0x00000000
x26: 	0x00000000
x27: 	0x00000000
x28: 	0x00000000
x29: 	0x00000000
x30: 	0x00000000
x31: 	0x00000000

0x00001950	0x00000000	Unkown Instruction 

All Registers: 
x0: 	0x00000000
x1: 	0x00000000
x2: 	0x00000000
x3: 	0x00000000
x4: 	0x00000000
x5: 	0x00000000
x6: 	0x00000000
x7: 	0x00000000
x8: 	0x00000000
x9: 	0x00000000
x10: 	0x00000000
x11: 	0x00000000
x12: 	0x00000000
x13: 	0x00000000
x14: 	0x00000000
x15: 	0x00000000
x16: 	0x00000000
x17: 	0x00000000
x18: 	0x00000000
x19: 	0x00000000
x20: 	0x00000000
x21: 	0x00000000
x22: 	0x00000000
x23: 	0x00000000
x24: 	0x00000000
x25: 	0x00000000
x26: 	0x00000000
x27: 	0x00000000
x28: 	0x00000000
x29: 	0x00000000
x30: 	0x00000000
x31: 	0x00000000

0x00001954	0x00000000	Unkown Instruction 

All Registers: 
x0: 	0x00000000
x1: 	0x00000000
x2: 	0x00000000
x3: 	0x00000000
x4: 	0x00000000
x5: 	0x00000000
x6: 	0x00000000
x7: 	0x00000000
x8: 	0x00000000
x9: 	0x00000000
x10: 	0x00000000
x11: 	0x00000000
x12: 	0x00000000
x13: 	0x00000000
x14: 	0x00000000
x15: 	0x00000000
x16: 	0x00000000
x17: 	0x00000000
x18: 	0x00000000
x19: 	0x00000000
x20: 	0x00000000
x21: 	0x00000000
x22: 	0x00000000
x23: 	0x00000000
x24: 	0x00000000
x25: 	0x00000000
x26: 	0x00000000
x27: 	0x00000000
x28: 	0x00000000
x29: 	0x00000000
x30: 	0x00000000
x31: 	0x00000000

0x00001958	0x00000000	Unkown Instruction 

All Registers: 
x0: 	0x00000000
x1: 	0x00000000
x2: 	0x00000000
x3: 	0x00000000
x4: 	0x00000000
x5: 	0x00000000
x6: 	0x00000000
x7: 	0x00000000
x8: 	0x00000000
x9: 	0x00000000
x10: 	0x00000000
x11: 	0x00000000
x12: 	0x00000000
x13: 	0x00000000
x14: 	0x00000000
x15: 	0x00000000
x16: 	0x00000000
x17: 	0x00000000
x18: 	0x00000000
x19: 	0x00000000
x20: 	0x00000000
x21: 	0x00000000
x22: 	0x00000000
x23: 	0x00000000
x24: 	0x00000000
x25: 	0x00000000
x26: 	0x00000000
x27: 	0x00000000
x28: 	0x00000000
x29: 	0x00000000
x30: 	0x00000000
x31: 	0x00000000

0x0000195c	0x00000000	Unkown Instruction 

All Registers: 
x0: 	0x00000000
x1: 	0x00000000
x2: 	0x00000000
x3: 	0x00000000
x4: 	0x00000000
x5: 	0x00000000
x6: 	0x00000000
x7: 	0x00000000
x8: 	0x00000000
x9: 	0x00000000
x10: 	0x00000000
x11: 	0x00000000
x12: 	0x00000000
x13: 	0x00000000
x14: 	0x00000000
x15: 	0x00000000
x16: 	0x00000000
x17: 	0x00000000
x18: 	0x00000000
x19: 	0x00000000
x20: 	0x00000000
x21: 	0x00000000
x22: 	0x00000000
x23: 	0x00000000
x24: 	0x00000000
x25: 	0x00000000
x26: 	0x00000000
x27: 	0x00000000
x28: 	0x00000000
x29: 	0x00000000
x30: 	0x00000000
x31: 	0x00000000

0x00001960	0x00000000	Unkown Instruction 

All Registers: 
x0: 	0x00000000
x1: 	0x00000000
x2: 	0x00000000
x3: 	0x00000000
x4: 	0x00000000
x5: 	0x00000000
x6: 	0x00000000
x7: 	0x00000000
x8: 	0x00000000
x9: 	0x00000000
x10: 	0x00000000
x11: 	0x00000000
x12: 	0x00000000
x13: 	0x00000000
x14: 	0x00000000
x15: 	0x00000000
x16: 	0x00000000
x17: 	0x00000000
x18: 	0x00000000
x19: 	0x00000000
x20: 	0x00000000
x21: 	0x00000000
x22: 	0x00000000
x23: 	0x00000000
x24: 	0x00000000
x25: 	0x00000000
x26: 	0x00000000
x27: 	0x00000000
x28: 	0x00000000
x29: 	0x00000000
x30: 	0x00000000
x31: 	0x00000000

0x00001964	0x00000000	Unkown Instruction 

All Registers: 
x0: 	0x00000000
x1: 	0x00000000
x2: 	0x00000000
x3: 	0x00000000
x4: 	0x00000000
x5: 	0x00000000
x6: 	0x00000000
x7: 	0x00000000
x8: 	0x00000000
x9: 	0x00000000
x10: 	0x00000000
x11: 	0x00000000
x12: 	0x00000000
x13: 	0x00000000
x14: 	0x00000000
x15: 	0x00000000
x16: 	0x00000000
x17: 	0x00000000
x18: 	0x00000000
x19: 	0x00000000
x20: 	0x00000000
x21: 	0x00000000
x22: 	0x00000000
x23: 	0x00000000
x24: 	0x00000000
x25: 	0x00000000
x26: 	0x00000000
x27: 	0x00000000
x28: 	0x00000000
x29: 	0x00000000
x30: 	0x00000000
x31: 	0x00000000

0x00001968	0x00000000	Unkown Instruction 

All Registers: 
x0: 	0x00000000
x1: 	0x00000000
x2: 	0x00000000
x3: 	0x00000000
x4: 	0x00000000
x5: 	0x00000000
x6: 	0x00000000
x7: 	0x00000000
x8: 	0x00000000
x9: 	0x00000000
x10: 	0x00000000
x11: 	0x00000000
x12: 	0x00000000
x13: 	0x00000000
x14: 	0x00000000
x15: 	0x00000000
x16: 	0x00000000
x17: 	0x00000000
x18: 	0x00000000
x19: 	0x00000000
x20: 	0x00000000
x21: 	0x00000000
x22: 	0x00000000
x23: 	0x00000000
x24: 	0x00000000
x25: 	0x00000000
x26: 	0x00000000
x27: 	0x00000000
x28: 	0x00000000
x29: 	0x00000000
x30: 	0x00000000
x31: 	0x00000000

0x0000196c	0x00000000	Unkown Instruction 

All Registers: 
x0: 	0x00000000
x1: 	0x00000000
x2: 	0x00000000
x3: 	0x00000000
x4: 	0x00000000
x5: 	0x00000000
x6: 	0x00000000
x7: 	0x00000000
x8: 	0x00000000
x9: 	0x00000000
x10: 	0x00000000
x11: 	0x00000000
x12: 	0x00000000
x13: 	0x00000000
x14: 	0x00000000
x15: 	0x00000000
x16: 	0x00000000
x17: 	0x00000000
x18: 	0x00000000
x19: 	0x00000000
x20: 	0x00000000
x21: 	0x00000000
x22: 	0x00000000
x23: 	0x00000000
x24: 	0x00000000
x25: 	0x00000000
x26: 	0x00000000
x27: 	0x00000000
x28: 	0x00000000
x29: 	0x00000000
x30: 	0x00000000
x31: 	0x00000000

0x00001970	0x00000000	Unkown Instruction 

All Registers: 
x0: 	0x00000000
x1: 	0x00000000
x2: 	0x00000000
x3: 	0x00000000
x4: 	0x00000000
x5: 	0x00000000
x6: 	0x00000000
x7: 	0x00000000
x8: 	0x00000000
x9: 	0x00000000
x10: 	0x00000000
x11: 	0x00000000
x12: 	0x00000000
x13: 	0x00000000
x14: 	0x00000000
x15: 	0x00000000
x16: 	0x00000000
x17: 	0x00000000
x18: 	0x00000000
x19: 	0x00000000
x20: 	0x00000000
x21: 	0x00000000
x22: 	0x00000000
x23: 	0x00000000
x24: 	0x00000000
x25: 	0x00000000
x26: 	0x00000000
x27: 	0x00000000
x28: 	0x00000000
x29: 	0x00000000
x30: 	0x00000000
x31: 	0x00000000

0x00001974	0x00000000	Unkown Instruction 

All Registers: 
x0: 	0x00000000
x1: 	0x00000000
x2: 	0x00000000
x3: 	0x00000000
x4: 	0x00000000
x5: 	0x00000000
x6: 	0x00000000
x7: 	0x00000000
x8: 	0x00000000
x9: 	0x00000000
x10: 	0x00000000
x11: 	0x00000000
x12: 	0x00000000
x13: 	0x00000000
x14: 	0x00000000
x15: 	0x00000000
x16: 	0x00000000
x17: 	0x00000000
x18: 	0x00000000
x19: 	0x00000000
x20: 	0x00000000
x21: 	0x00000000
x22: 	0x00000000
x23: 	0x00000000
x24: 	0x00000000
x25: 	0x00000000
x26: 	0x00000000
x27: 	0x00000000
x28: 	0x00000000
x29: 	0x00000000
x30: 	0x00000000
x31: 	0x00000000

0x00001978	0x00000000	Unkown Instruction 

All Registers: 
x0: 	0x00000000
x1: 	0x00000000
x2: 	0x00000000
x3: 	0x00000000
x4: 	0x00000000
x5: 	0x00000000
x6: 	0x00000000
x7: 	0x00000000
x8: 	0x00000000
x9: 	0x00000000
x10: 	0x00000000
x11: 	0x00000000
x12: 	0x00000000
x13: 	0x00000000
x14: 	0x00000000
x15: 	0x00000000
x16: 	0x00000000
x17: 	0x00000000
x18: 	0x00000000
x19: 	0x00000000
x20: 	0x00000000
x21: 	0x00000000
x22: 	0x00000000
x23: 	0x00000000
x24: 	0x00000000
x25: 	0x00000000
x26: 	0x00000000
x27: 	0x00000000
x28: 	0x00000000
x29: 	0x00000000
x30: 	0x00000000
x31: 	0x00000000

0x0000197c	0x00000000	Unkown Instruction 

All Registers: 
x0: 	0x00000000
x1: 	0x00000000
x2: 	0x00000000
x3: 	0x00000000
x4: 	0x00000000
x5: 	0x00000000
x6: 	0x00000000
x7: 	0x00000000
x8: 	0x00000000
x9: 	0x00000000
x10: 	0x00000000
x11: 	0x00000000
x12: 	0x00000000
x13: 	0x00000000
x14: 	0x00000000
x15: 	0x00000000
x16: 	0x00000000
x17: 	0x00000000
x18: 	0x00000000
x19: 	0x00000000
x20: 	0x00000000
x21: 	0x00000000
x22: 	0x00000000
x23: 	0x00000000
x24: 	0x00000000
x25: 	0x00000000
x26: 	0x00000000
x27: 	0x00000000
x28: 	0x00000000
x29: 	0x00000000
x30: 	0x00000000
x31: 	0x00000000

0x00001980	0x00000000	Unkown Instruction 

All Registers: 
x0: 	0x00000000
x1: 	0x00000000
x2: 	0x00000000
x3: 	0x00000000
x4: 	0x00000000
x5: 	0x00000000
x6: 	0x00000000
x7: 	0x00000000
x8: 	0x00000000
x9: 	0x00000000
x10: 	0x00000000
x11: 	0x00000000
x12: 	0x00000000
x13: 	0x00000000
x14: 	0x00000000
x15: 	0x00000000
x16: 	0x00000000
x17: 	0x00000000
x18: 	0x00000000
x19: 	0x00000000
x20: 	0x00000000
x21: 	0x00000000
x22: 	0x00000000
x23: 	0x00000000
x24: 	0x00000000
x25: 	0x00000000
x26: 	0x00000000
x27: 	0x00000000
x28: 	0x00000000
x29: 	0x00000000
x30: 	0x00000000
x31: 	0x00000000

0x00001984	0x00000000	Unkown Instruction 

All Registers: 
x0: 	0x00000000
x1: 	0x00000000
x2: 	0x00000000
x3: 	0x00000000
x4: 	0x00000000
x5: 	0x00000000
x6: 	0x00000000
x7: 	0x00000000
x8: 	0x00000000
x9: 	0x00000000
x10: 	0x00000000
x11: 	0x00000000
x12: 	0x00000000
x13: 	0x00000000
x14: 	0x00000000
x15: 	0x00000000
x16: 	0x00000000
x17: 	0x00000000
x18: 	0x00000000
x19: 	0x00000000
x20: 	0x00000000
x21: 	0x00000000
x22: 	0x00000000
x23: 	0x00000000
x24: 	0x00000000
x25: 	0x00000000
x26: 	0x00000000
x27: 	0x00000000
x28: 	0x00000000
x29: 	0x00000000
x30: 	0x00000000
x31: 	0x00000000

0x00001988	0x00000000	Unkown Instruction 

All Registers: 
x0: 	0x00000000
x1: 	0x00000000
x2: 	0x00000000
x3: 	0x00000000
x4: 	0x00000000
x5: 	0x00000000
x6: 	0x00000000
x7: 	0x00000000
x8: 	0x00000000
x9: 	0x00000000
x10: 	0x00000000
x11: 	0x00000000
x12: 	0x00000000
x13: 	0x00000000
x14: 	0x00000000
x15: 	0x00000000
x16: 	0x00000000
x17: 	0x00000000
x18: 	0x00000000
x19: 	0x00000000
x20: 	0x00000000
x21: 	0x00000000
x22: 	0x00000000
x23: 	0x00000000
x24: 	0x00000000
x25: 	0x00000000
x26: 	0x00000000
x27: 	0x00000000
x28: 	0x00000000
x29: 	0x00000000
x30: 	0x00000000
x31: 	0x00000000

0x0000198c	0x00000000	Unkown Instruction 

All Registers: 
x0: 	0x00000000
x1: 	0x00000000
x2: 	0x00000000
x3: 	0x00000000
x4: 	0x00000000
x5: 	0x00000000
x6: 	0x00000000
x7: 	0x00000000
x8: 	0x00000000
x9: 	0x00000000
x10: 	0x00000000
x11: 	0x00000000
x12: 	0x00000000
x13: 	0x00000000
x14: 	0x00000000
x15: 	0x00000000
x16: 	0x00000000
x17: 	0x00000000
x18: 	0x00000000
x19: 	0x00000000
x20: 	0x00000000
x21: 	0x00000000
x22: 	0x00000000
x23: 	0x00000000
x24: 	0x00000000
x25: 	0x00000000
x26: 	0x00000000
x27: 	0x00000000
x28: 	0x00000000
x29: 	0x00000000
x30: 	0x00000000
x31: 	0x00000000

0x00001990	0x00000000	Unkown Instruction 

All Registers: 
x0: 	0x00000000
x1: 	0x00000000
x2: 	0x00000000
x3: 	0x00000000
x4: 	0x00000000
x5: 	0x00000000
x6: 	0x00000000
x7: 	0x00000000
x8: 	0x00000000
x9: 	0x00000000
x10: 	0x00000000
x11: 	0x00000000
x12: 	0x00000000
x13: 	0x00000000
x14: 	0x00000000
x15: 	0x00000000
x16: 	0x00000000
x17: 	0x00000000
x18: 	0x00000000
x19: 	0x00000000
x20: 	0x00000000
x21: 	0x00000000
x22: 	0x00000000
x23: 	0x00000000
x24: 	0x00000000
x25: 	0x00000000
x26: 	0x00000000
x27: 	0x00000000
x28: 	0x00000000
x29: 	0x00000000
x30: 	0x00000000
x31: 	0x00000000

0x00001994	0x00000000	Unkown Instruction 

All Registers: 
x0: 	0x00000000
x1: 	0x00000000
x2: 	0x00000000
x3: 	0x00000000
x4: 	0x00000000
x5: 	0x00000000
x6: 	0x00000000
x7: 	0x00000000
x8: 	0x00000000
x9: 	0x00000000
x10: 	0x00000000
x11: 	0x00000000
x12: 	0x00000000
x13: 	0x00000000
x14: 	0x00000000
x15: 	0x00000000
x16: 	0x00000000
x17: 	0x00000000
x18: 	0x00000000
x19: 	0x00000000
x20: 	0x00000000
x21: 	0x00000000
x22: 	0x00000000
x23: 	0x00000000
x24: 	0x00000000
x25: 	0x00000000
x26: 	0x00000000
x27: 	0x00000000
x28: 	0x00000000
x29: 	0x00000000
x30: 	0x00000000
x31: 	0x00000000

0x00001998	0x00000000	Unkown Instruction 

All Registers: 
x0: 	0x00000000
x1: 	0x00000000
x2: 	0x00000000
x3: 	0x00000000
x4: 	0x00000000
x5: 	0x00000000
x6: 	0x00000000
x7: 	0x00000000
x8: 	0x00000000
x9: 	0x00000000
x10: 	0x00000000
x11: 	0x00000000
x12: 	0x00000000
x13: 	0x00000000
x14: 	0x00000000
x15: 	0x00000000
x16: 	0x00000000
x17: 	0x00000000
x18: 	0x00000000
x19: 	0x00000000
x20: 	0x00000000
x21: 	0x00000000
x22: 	0x00000000
x23: 	0x00000000
x24: 	0x00000000
x25: 	0x00000000
x26: 	0x00000000
x27: 	0x00000000
x28: 	0x00000000
x29: 	0x00000000
x30: 	0x00000000
x31: 	0x00000000

0x0000199c	0x00000000	Unkown Instruction 

All Registers: 
x0: 	0x00000000
x1: 	0x00000000
x2: 	0x00000000
x3: 	0x00000000
x4: 	0x00000000
x5: 	0x00000000
x6: 	0x00000000
x7: 	0x00000000
x8: 	0x00000000
x9: 	0x00000000
x10: 	0x00000000
x11: 	0x00000000
x12: 	0x00000000
x13: 	0x00000000
x14: 	0x00000000
x15: 	0x00000000
x16: 	0x00000000
x17: 	0x00000000
x18: 	0x00000000
x19: 	0x00000000
x20: 	0x00000000
x21: 	0x00000000
x22: 	0x00000000
x23: 	0x00000000
x24: 	0x00000000
x25: 	0x00000000
x26: 	0x00000000
x27: 	0x00000000
x28: 	0x00000000
x29: 	0x00000000
x30: 	0x00000000
x31: 	0x00000000

0x000019a0	0x00000000	Unkown Instruction 

All Registers: 
x0: 	0x00000000
x1: 	0x00000000
x2: 	0x00000000
x3: 	0x00000000
x4: 	0x00000000
x5: 	0x00000000
x6: 	0x00000000
x7: 	0x00000000
x8: 	0x00000000
x9: 	0x00000000
x10: 	0x00000000
x11: 	0x00000000
x12: 	0x00000000
x13: 	0x00000000
x14: 	0x00000000
x15: 	0x00000000
x16: 	0x00000000
x17: 	0x00000000
x18: 	0x00000000
x19: 	0x00000000
x20: 	0x00000000
x21: 	0x00000000
x22: 	0x00000000
x23: 	0x00000000
x24: 	0x00000000
x25: 	0x00000000
x26: 	0x00000000
x27: 	0x00000000
x28: 	0x00000000
x29: 	0x00000000
x30: 	0x00000000
x31: 	0x00000000

0x000019a4	0x00000000	Unkown Instruction 

All Registers: 
x0: 	0x00000000
x1: 	0x00000000
x2: 	0x00000000
x3: 	0x00000000
x4: 	0x00000000
x5: 	0x00000000
x6: 	0x00000000
x7: 	0x00000000
x8: 	0x00000000
x9: 	0x00000000
x10: 	0x00000000
x11: 	0x00000000
x12: 	0x00000000
x13: 	0x00000000
x14: 	0x00000000
x15: 	0x00000000
x16: 	0x00000000
x17: 	0x00000000
x18: 	0x00000000
x19: 	0x00000000
x20: 	0x00000000
x21: 	0x00000000
x22: 	0x00000000
x23: 	0x00000000
x24: 	0x00000000
x25: 	0x00000000
x26: 	0x00000000
x27: 	0x00000000
x28: 	0x00000000
x29: 	0x00000000
x30: 	0x00000000
x31: 	0x00000000

0x000019a8	0x00000000	Unkown Instruction 

All Registers: 
x0: 	0x00000000
x1: 	0x00000000
x2: 	0x00000000
x3: 	0x00000000
x4: 	0x00000000
x5: 	0x00000000
x6: 	0x00000000
x7: 	0x00000000
x8: 	0x00000000
x9: 	0x00000000
x10: 	0x00000000
x11: 	0x00000000
x12: 	0x00000000
x13: 	0x00000000
x14: 	0x00000000
x15: 	0x00000000
x16: 	0x00000000
x17: 	0x00000000
x18: 	0x00000000
x19: 	0x00000000
x20: 	0x00000000
x21: 	0x00000000
x22: 	0x00000000
x23: 	0x00000000
x24: 	0x00000000
x25: 	0x00000000
x26: 	0x00000000
x27: 	0x00000000
x28: 	0x00000000
x29: 	0x00000000
x30: 	0x00000000
x31: 	0x00000000

0x000019ac	0x00000000	Unkown Instruction 

All Registers: 
x0: 	0x00000000
x1: 	0x00000000
x2: 	0x00000000
x3: 	0x00000000
x4: 	0x00000000
x5: 	0x00000000
x6: 	0x00000000
x7: 	0x00000000
x8: 	0x00000000
x9: 	0x00000000
x10: 	0x00000000
x11: 	0x00000000
x12: 	0x00000000
x13: 	0x00000000
x14: 	0x00000000
x15: 	0x00000000
x16: 	0x00000000
x17: 	0x00000000
x18: 	0x00000000
x19: 	0x00000000
x20: 	0x00000000
x21: 	0x00000000
x22: 	0x00000000
x23: 	0x00000000
x24: 	0x00000000
x25: 	0x00000000
x26: 	0x00000000
x27: 	0x00000000
x28: 	0x00000000
x29: 	0x00000000
x30: 	0x00000000
x31: 	0x00000000

0x000019b0	0x00000000	Unkown Instruction 

All Registers: 
x0: 	0x00000000
x1: 	0x00000000
x2: 	0x00000000
x3: 	0x00000000
x4: 	0x00000000
x5: 	0x00000000
x6: 	0x00000000
x7: 	0x00000000
x8: 	0x00000000
x9: 	0x00000000
x10: 	0x00000000
x11: 	0x00000000
x12: 	0x00000000
x13: 	0x00000000
x14: 	0x00000000
x15: 	0x00000000
x16: 	0x00000000
x17: 	0x00000000
x18: 	0x00000000
x19: 	0x00000000
x20: 	0x00000000
x21: 	0x00000000
x22: 	0x00000000
x23: 	0x00000000
x24: 	0x00000000
x25: 	0x00000000
x26: 	0x00000000
x27: 	0x00000000
x28: 	0x00000000
x29: 	0x00000000
x30: 	0x00000000
x31: 	0x00000000

0x000019b4	0x00000000	Unkown Instruction 

All Registers: 
x0: 	0x00000000
x1: 	0x00000000
x2: 	0x00000000
x3: 	0x00000000
x4: 	0x00000000
x5: 	0x00000000
x6: 	0x00000000
x7: 	0x00000000
x8: 	0x00000000
x9: 	0x00000000
x10: 	0x00000000
x11: 	0x00000000
x12: 	0x00000000
x13: 	0x00000000
x14: 	0x00000000
x15: 	0x00000000
x16: 	0x00000000
x17: 	0x00000000
x18: 	0x00000000
x19: 	0x00000000
x20: 	0x00000000
x21: 	0x00000000
x22: 	0x00000000
x23: 	0x00000000
x24: 	0x00000000
x25: 	0x00000000
x26: 	0x00000000
x27: 	0x00000000
x28: 	0x00000000
x29: 	0x00000000
x30: 	0x00000000
x31: 	0x00000000

0x000019b8	0x00000000	Unkown Instruction 

All Registers: 
x0: 	0x00000000
x1: 	0x00000000
x2: 	0x00000000
x3: 	0x00000000
x4: 	0x00000000
x5: 	0x00000000
x6: 	0x00000000
x7: 	0x00000000
x8: 	0x00000000
x9: 	0x00000000
x10: 	0x00000000
x11: 	0x00000000
x12: 	0x00000000
x13: 	0x00000000
x14: 	0x00000000
x15: 	0x00000000
x16: 	0x00000000
x17: 	0x00000000
x18: 	0x00000000
x19: 	0x00000000
x20: 	0x00000000
x21: 	0x00000000
x22: 	0x00000000
x23: 	0x00000000
x24: 	0x00000000
x25: 	0x00000000
x26: 	0x00000000
x27: 	0x00000000
x28: 	0x00000000
x29: 	0x00000000
x30: 	0x00000000
x31: 	0x00000000

0x000019bc	0x00000000	Unkown Instruction 

All Registers: 
x0: 	0x00000000
x1: 	0x00000000
x2: 	0x00000000
x3: 	0x00000000
x4: 	0x00000000
x5: 	0x00000000
x6: 	0x00000000
x7: 	0x00000000
x8: 	0x00000000
x9: 	0x00000000
x10: 	0x00000000
x11: 	0x00000000
x12: 	0x00000000
x13: 	0x00000000
x14: 	0x00000000
x15: 	0x00000000
x16: 	0x00000000
x17: 	0x00000000
x18: 	0x00000000
x19: 	0x00000000
x20: 	0x00000000
x21: 	0x00000000
x22: 	0x00000000
x23: 	0x00000000
x24: 	0x00000000
x25: 	0x00000000
x26: 	0x00000000
x27: 	0x00000000
x28: 	0x00000000
x29: 	0x00000000
x30: 	0x00000000
x31: 	0x00000000

0x000019c0	0x00000000	Unkown Instruction 

All Registers: 
x0: 	0x00000000
x1: 	0x00000000
x2: 	0x00000000
x3: 	0x00000000
x4: 	0x00000000
x5: 	0x00000000
x6: 	0x00000000
x7: 	0x00000000
x8: 	0x00000000
x9: 	0x00000000
x10: 	0x00000000
x11: 	0x00000000
x12: 	0x00000000
x13: 	0x00000000
x14: 	0x00000000
x15: 	0x00000000
x16: 	0x00000000
x17: 	0x00000000
x18: 	0x00000000
x19: 	0x00000000
x20: 	0x00000000
x21: 	0x00000000
x22: 	0x00000000
x23: 	0x00000000
x24: 	0x00000000
x25: 	0x00000000
x26: 	0x00000000
x27: 	0x00000000
x28: 	0x00000000
x29: 	0x00000000
x30: 	0x00000000
x31: 	0x00000000

0x000019c4	0x00000000	Unkown Instruction 

All Registers: 
x0: 	0x00000000
x1: 	0x00000000
x2: 	0x00000000
x3: 	0x00000000
x4: 	0x00000000
x5: 	0x00000000
x6: 	0x00000000
x7: 	0x00000000
x8: 	0x00000000
x9: 	0x00000000
x10: 	0x00000000
x11: 	0x00000000
x12: 	0x00000000
x13: 	0x00000000
x14: 	0x00000000
x15: 	0x00000000
x16: 	0x00000000
x17: 	0x00000000
x18: 	0x00000000
x19: 	0x00000000
x20: 	0x00000000
x21: 	0x00000000
x22: 	0x00000000
x23: 	0x00000000
x24: 	0x00000000
x25: 	0x00000000
x26: 	0x00000000
x27: 	0x00000000
x28: 	0x00000000
x29: 	0x00000000
x30: 	0x00000000
x31: 	0x00000000

0x000019c8	0x00000000	Unkown Instruction 

All Registers: 
x0: 	0x00000000
x1: 	0x00000000
x2: 	0x00000000
x3: 	0x00000000
x4: 	0x00000000
x5: 	0x00000000
x6: 	0x00000000
x7: 	0x00000000
x8: 	0x00000000
x9: 	0x00000000
x10: 	0x00000000
x11: 	0x00000000
x12: 	0x00000000
x13: 	0x00000000
x14: 	0x00000000
x15: 	0x00000000
x16: 	0x00000000
x17: 	0x00000000
x18: 	0x00000000
x19: 	0x00000000
x20: 	0x00000000
x21: 	0x00000000
x22: 	0x00000000
x23: 	0x00000000
x24: 	0x00000000
x25: 	0x00000000
x26: 	0x00000000
x27: 	0x00000000
x28: 	0x00000000
x29: 	0x00000000
x30: 	0x00000000
x31: 	0x00000000

0x000019cc	0x00000000	Unkown Instruction 

All Registers: 
x0: 	0x00000000
x1: 	0x00000000
x2: 	0x00000000
x3: 	0x00000000
x4: 	0x00000000
x5: 	0x00000000
x6: 	0x00000000
x7: 	0x00000000
x8: 	0x00000000
x9: 	0x00000000
x10: 	0x00000000
x11: 	0x00000000
x12: 	0x00000000
x13: 	0x00000000
x14: 	0x00000000
x15: 	0x00000000
x16: 	0x00000000
x17: 	0x00000000
x18: 	0x00000000
x19: 	0x00000000
x20: 	0x00000000
x21: 	0x00000000
x22: 	0x00000000
x23: 	0x00000000
x24: 	0x00000000
x25: 	0x00000000
x26: 	0x00000000
x27: 	0x00000000
x28: 	0x00000000
x29: 	0x00000000
x30: 	0x00000000
x31: 	0x00000000

0x000019d0	0x00000000	Unkown Instruction 

All Registers: 
x0: 	0x00000000
x1: 	0x00000000
x2: 	0x00000000
x3: 	0x00000000
x4: 	0x00000000
x5: 	0x00000000
x6: 	0x00000000
x7: 	0x00000000
x8: 	0x00000000
x9: 	0x00000000
x10: 	0x00000000
x11: 	0x00000000
x12: 	0x00000000
x13: 	0x00000000
x14: 	0x00000000
x15: 	0x00000000
x16: 	0x00000000
x17: 	0x00000000
x18: 	0x00000000
x19: 	0x00000000
x20: 	0x00000000
x21: 	0x00000000
x22: 	0x00000000
x23: 	0x00000000
x24: 	0x00000000
x25: 	0x00000000
x26: 	0x00000000
x27: 	0x00000000
x28: 	0x00000000
x29: 	0x00000000
x30: 	0x00000000
x31: 	0x00000000

0x000019d4	0x00000000	Unkown Instruction 

All Registers: 
x0: 	0x00000000
x1: 	0x00000000
x2: 	0x00000000
x3: 	0x00000000
x4: 	0x00000000
x5: 	0x00000000
x6: 	0x00000000
x7: 	0x00000000
x8: 	0x00000000
x9: 	0x00000000
x10: 	0x00000000
x11: 	0x00000000
x12: 	0x00000000
x13: 	0x00000000
x14: 	0x00000000
x15: 	0x00000000
x16: 	0x00000000
x17: 	0x00000000
x18: 	0x00000000
x19: 	0x00000000
x20: 	0x00000000
x21: 	0x00000000
x22: 	0x00000000
x23: 	0x00000000
x24: 	0x00000000
x25: 	0x00000000
x26: 	0x00000000
x27: 	0x00000000
x28: 	0x00000000
x29: 	0x00000000
x30: 	0x00000000
x31: 	0x00000000

0x000019d8	0x00000000	Unkown Instruction 

All Registers: 
x0: 	0x00000000
x1: 	0x00000000
x2: 	0x00000000
x3: 	0x00000000
x4: 	0x00000000
x5: 	0x00000000
x6: 	0x00000000
x7: 	0x00000000
x8: 	0x00000000
x9: 	0x00000000
x10: 	0x00000000
x11: 	0x00000000
x12: 	0x00000000
x13: 	0x00000000
x14: 	0x00000000
x15: 	0x00000000
x16: 	0x00000000
x17: 	0x00000000
x18: 	0x00000000
x19: 	0x00000000
x20: 	0x00000000
x21: 	0x00000000
x22: 	0x00000000
x23: 	0x00000000
x24: 	0x00000000
x25: 	0x00000000
x26: 	0x00000000
x27: 	0x00000000
x28: 	0x00000000
x29: 	0x00000000
x30: 	0x00000000
x31: 	0x00000000

0x000019dc	0x00000000	Unkown Instruction 

All Registers: 
x0: 	0x00000000
x1: 	0x00000000
x2: 	0x00000000
x3: 	0x00000000
x4: 	0x00000000
x5: 	0x00000000
x6: 	0x00000000
x7: 	0x00000000
x8: 	0x00000000
x9: 	0x00000000
x10: 	0x00000000
x11: 	0x00000000
x12: 	0x00000000
x13: 	0x00000000
x14: 	0x00000000
x15: 	0x00000000
x16: 	0x00000000
x17: 	0x00000000
x18: 	0x00000000
x19: 	0x00000000
x20: 	0x00000000
x21: 	0x00000000
x22: 	0x00000000
x23: 	0x00000000
x24: 	0x00000000
x25: 	0x00000000
x26: 	0x00000000
x27: 	0x00000000
x28: 	0x00000000
x29: 	0x00000000
x30: 	0x00000000
x31: 	0x00000000

0x000019e0	0x00000000	Unkown Instruction 

All Registers: 
x0: 	0x00000000
x1: 	0x00000000
x2: 	0x00000000
x3: 	0x00000000
x4: 	0x00000000
x5: 	0x00000000
x6: 	0x00000000
x7: 	0x00000000
x8: 	0x00000000
x9: 	0x00000000
x10: 	0x00000000
x11: 	0x00000000
x12: 	0x00000000
x13: 	0x00000000
x14: 	0x00000000
x15: 	0x00000000
x16: 	0x00000000
x17: 	0x00000000
x18: 	0x00000000
x19: 	0x00000000
x20: 	0x00000000
x21: 	0x00000000
x22: 	0x00000000
x23: 	0x00000000
x24: 	0x00000000
x25: 	0x00000000
x26: 	0x00000000
x27: 	0x00000000
x28: 	0x00000000
x29: 	0x00000000
x30: 	0x00000000
x31: 	0x00000000

0x000019e4	0x00000000	Unkown Instruction 

All Registers: 
x0: 	0x00000000
x1: 	0x00000000
x2: 	0x00000000
x3: 	0x00000000
x4: 	0x00000000
x5: 	0x00000000
x6: 	0x00000000
x7: 	0x00000000
x8: 	0x00000000
x9: 	0x00000000
x10: 	0x00000000
x11: 	0x00000000
x12: 	0x00000000
x13: 	0x00000000
x14: 	0x00000000
x15: 	0x00000000
x16: 	0x00000000
x17: 	0x00000000
x18: 	0x00000000
x19: 	0x00000000
x20: 	0x00000000
x21: 	0x00000000
x22: 	0x00000000
x23: 	0x00000000
x24: 	0x00000000
x25: 	0x00000000
x26: 	0x00000000
x27: 	0x00000000
x28: 	0x00000000
x29: 	0x00000000
x30: 	0x00000000
x31: 	0x00000000

0x000019e8	0x00000000	Unkown Instruction 

All Registers: 
x0: 	0x00000000
x1: 	0x00000000
x2: 	0x00000000
x3: 	0x00000000
x4: 	0x00000000
x5: 	0x00000000
x6: 	0x00000000
x7: 	0x00000000
x8: 	0x00000000
x9: 	0x00000000
x10: 	0x00000000
x11: 	0x00000000
x12: 	0x00000000
x13: 	0x00000000
x14: 	0x00000000
x15: 	0x00000000
x16: 	0x00000000
x17: 	0x00000000
x18: 	0x00000000
x19: 	0x00000000
x20: 	0x00000000
x21: 	0x00000000
x22: 	0x00000000
x23: 	0x00000000
x24: 	0x00000000
x25: 	0x00000000
x26: 	0x00000000
x27: 	0x00000000
x28: 	0x00000000
x29: 	0x00000000
x30: 	0x00000000
x31: 	0x00000000

0x000019ec	0x00000000	Unkown Instruction 

All Registers: 
x0: 	0x00000000
x1: 	0x00000000
x2: 	0x00000000
x3: 	0x00000000
x4: 	0x00000000
x5: 	0x00000000
x6: 	0x00000000
x7: 	0x00000000
x8: 	0x00000000
x9: 	0x00000000
x10: 	0x00000000
x11: 	0x00000000
x12: 	0x00000000
x13: 	0x00000000
x14: 	0x00000000
x15: 	0x00000000
x16: 	0x00000000
x17: 	0x00000000
x18: 	0x00000000
x19: 	0x00000000
x20: 	0x00000000
x21: 	0x00000000
x22: 	0x00000000
x23: 	0x00000000
x24: 	0x00000000
x25: 	0x00000000
x26: 	0x00000000
x27: 	0x00000000
x28: 	0x00000000
x29: 	0x00000000
x30: 	0x00000000
x31: 	0x00000000

0x000019f0	0x00000000	Unkown Instruction 

All Registers: 
x0: 	0x00000000
x1: 	0x00000000
x2: 	0x00000000
x3: 	0x00000000
x4: 	0x00000000
x5: 	0x00000000
x6: 	0x00000000
x7: 	0x00000000
x8: 	0x00000000
x9: 	0x00000000
x10: 	0x00000000
x11: 	0x00000000
x12: 	0x00000000
x13: 	0x00000000
x14: 	0x00000000
x15: 	0x00000000
x16: 	0x00000000
x17: 	0x00000000
x18: 	0x00000000
x19: 	0x00000000
x20: 	0x00000000
x21: 	0x00000000
x22: 	0x00000000
x23: 	0x00000000
x24: 	0x00000000
x25: 	0x00000000
x26: 	0x00000000
x27: 	0x00000000
x28: 	0x00000000
x29: 	0x00000000
x30: 	0x00000000
x31: 	0x00000000

0x000019f4	0x00000000	Unkown Instruction 

All Registers: 
x0: 	0x00000000
x1: 	0x00000000
x2: 	0x00000000
x3: 	0x00000000
x4: 	0x00000000
x5: 	0x00000000
x6: 	0x00000000
x7: 	0x00000000
x8: 	0x00000000
x9: 	0x00000000
x10: 	0x00000000
x11: 	0x00000000
x12: 	0x00000000
x13: 	0x00000000
x14: 	0x00000000
x15: 	0x00000000
x16: 	0x00000000
x17: 	0x00000000
x18: 	0x00000000
x19: 	0x00000000
x20: 	0x00000000
x21: 	0x00000000
x22: 	0x00000000
x23: 	0x00000000
x24: 	0x00000000
x25: 	0x00000000
x26: 	0x00000000
x27: 	0x00000000
x28: 	0x00000000
x29: 	0x00000000
x30: 	0x00000000
x31: 	0x00000000

0x000019f8	0x00000000	Unkown Instruction 

All Registers: 
x0: 	0x00000000
x1: 	0x00000000
x2: 	0x00000000
x3: 	0x00000000
x4: 	0x00000000
x5: 	0x00000000
x6: 	0x00000000
x7: 	0x00000000
x8: 	0x00000000
x9: 	0x00000000
x10: 	0x00000000
x11: 	0x00000000
x12: 	0x00000000
x13: 	0x00000000
x14: 	0x00000000
x15: 	0x00000000
x16: 	0x00000000
x17: 	0x00000000
x18: 	0x00000000
x19: 	0x00000000
x20: 	0x00000000
x21: 	0x00000000
x22: 	0x00000000
x23: 	0x00000000
x24: 	0x00000000
x25: 	0x00000000
x26: 	0x00000000
x27: 	0x00000000
x28: 	0x00000000
x29: 	0x00000000
x30: 	0x00000000
x31: 	0x00000000

0x000019fc	0x00000000	Unkown Instruction 

All Registers: 
x0: 	0x00000000
x1: 	0x00000000
x2: 	0x00000000
x3: 	0x00000000
x4: 	0x00000000
x5: 	0x00000000
x6: 	0x00000000
x7: 	0x00000000
x8: 	0x00000000
x9: 	0x00000000
x10: 	0x00000000
x11: 	0x00000000
x12: 	0x00000000
x13: 	0x00000000
x14: 	0x00000000
x15: 	0x00000000
x16: 	0x00000000
x17: 	0x00000000
x18: 	0x00000000
x19: 	0x00000000
x20: 	0x00000000
x21: 	0x00000000
x22: 	0x00000000
x23: 	0x00000000
x24: 	0x00000000
x25: 	0x00000000
x26: 	0x00000000
x27: 	0x00000000
x28: 	0x00000000
x29: 	0x00000000
x30: 	0x00000000
x31: 	0x00000000

0x00001a00	0x00000000	Unkown Instruction 

All Registers: 
x0: 	0x00000000
x1: 	0x00000000
x2: 	0x00000000
x3: 	0x00000000
x4: 	0x00000000
x5: 	0x00000000
x6: 	0x00000000
x7: 	0x00000000
x8: 	0x00000000
x9: 	0x00000000
x10: 	0x00000000
x11: 	0x00000000
x12: 	0x00000000
x13: 	0x00000000
x14: 	0x00000000
x15: 	0x00000000
x16: 	0x00000000
x17: 	0x00000000
x18: 	0x00000000
x19: 	0x00000000
x20: 	0x00000000
x21: 	0x00000000
x22: 	0x00000000
x23: 	0x00000000
x24: 	0x00000000
x25: 	0x00000000
x26: 	0x00000000
x27: 	0x00000000
x28: 	0x00000000
x29: 	0x00000000
x30: 	0x00000000
x31: 	0x00000000

0x00001a04	0x00000000	Unkown Instruction 

All Registers: 
x0: 	0x00000000
x1: 	0x00000000
x2: 	0x00000000
x3: 	0x00000000
x4: 	0x00000000
x5: 	0x00000000
x6: 	0x00000000
x7: 	0x00000000
x8: 	0x00000000
x9: 	0x00000000
x10: 	0x00000000
x11: 	0x00000000
x12: 	0x00000000
x13: 	0x00000000
x14: 	0x00000000
x15: 	0x00000000
x16: 	0x00000000
x17: 	0x00000000
x18: 	0x00000000
x19: 	0x00000000
x20: 	0x00000000
x21: 	0x00000000
x22: 	0x00000000
x23: 	0x00000000
x24: 	0x00000000
x25: 	0x00000000
x26: 	0x00000000
x27: 	0x00000000
x28: 	0x00000000
x29: 	0x00000000
x30: 	0x00000000
x31: 	0x00000000

0x00001a08	0x00000000	Unkown Instruction 

All Registers: 
x0: 	0x00000000
x1: 	0x00000000
x2: 	0x00000000
x3: 	0x00000000
x4: 	0x00000000
x5: 	0x00000000
x6: 	0x00000000
x7: 	0x00000000
x8: 	0x00000000
x9: 	0x00000000
x10: 	0x00000000
x11: 	0x00000000
x12: 	0x00000000
x13: 	0x00000000
x14: 	0x00000000
x15: 	0x00000000
x16: 	0x00000000
x17: 	0x00000000
x18: 	0x00000000
x19: 	0x00000000
x20: 	0x00000000
x21: 	0x00000000
x22: 	0x00000000
x23: 	0x00000000
x24: 	0x00000000
x25: 	0x00000000
x26: 	0x00000000
x27: 	0x00000000
x28: 	0x00000000
x29: 	0x00000000
x30: 	0x00000000
x31: 	0x00000000

0x00001a0c	0x00000000	Unkown Instruction 

All Registers: 
x0: 	0x00000000
x1: 	0x00000000
x2: 	0x00000000
x3: 	0x00000000
x4: 	0x00000000
x5: 	0x00000000
x6: 	0x00000000
x7: 	0x00000000
x8: 	0x00000000
x9: 	0x00000000
x10: 	0x00000000
x11: 	0x00000000
x12: 	0x00000000
x13: 	0x00000000
x14: 	0x00000000
x15: 	0x00000000
x16: 	0x00000000
x17: 	0x00000000
x18: 	0x00000000
x19: 	0x00000000
x20: 	0x00000000
x21: 	0x00000000
x22: 	0x00000000
x23: 	0x00000000
x24: 	0x00000000
x25: 	0x00000000
x26: 	0x00000000
x27: 	0x00000000
x28: 	0x00000000
x29: 	0x00000000
x30: 	0x00000000
x31: 	0x00000000

0x00001a10	0x00000000	Unkown Instruction 

All Registers: 
x0: 	0x00000000
x1: 	0x00000000
x2: 	0x00000000
x3: 	0x00000000
x4: 	0x00000000
x5: 	0x00000000
x6: 	0x00000000
x7: 	0x00000000
x8: 	0x00000000
x9: 	0x00000000
x10: 	0x00000000
x11: 	0x00000000
x12: 	0x00000000
x13: 	0x00000000
x14: 	0x00000000
x15: 	0x00000000
x16: 	0x00000000
x17: 	0x00000000
x18: 	0x00000000
x19: 	0x00000000
x20: 	0x00000000
x21: 	0x00000000
x22: 	0x00000000
x23: 	0x00000000
x24: 	0x00000000
x25: 	0x00000000
x26: 	0x00000000
x27: 	0x00000000
x28: 	0x00000000
x29: 	0x00000000
x30: 	0x00000000
x31: 	0x00000000

0x00001a14	0x00000000	Unkown Instruction 

All Registers: 
x0: 	0x00000000
x1: 	0x00000000
x2: 	0x00000000
x3: 	0x00000000
x4: 	0x00000000
x5: 	0x00000000
x6: 	0x00000000
x7: 	0x00000000
x8: 	0x00000000
x9: 	0x00000000
x10: 	0x00000000
x11: 	0x00000000
x12: 	0x00000000
x13: 	0x00000000
x14: 	0x00000000
x15: 	0x00000000
x16: 	0x00000000
x17: 	0x00000000
x18: 	0x00000000
x19: 	0x00000000
x20: 	0x00000000
x21: 	0x00000000
x22: 	0x00000000
x23: 	0x00000000
x24: 	0x00000000
x25: 	0x00000000
x26: 	0x00000000
x27: 	0x00000000
x28: 	0x00000000
x29: 	0x00000000
x30: 	0x00000000
x31: 	0x00000000

0x00001a18	0x00000000	Unkown Instruction 

All Registers: 
x0: 	0x00000000
x1: 	0x00000000
x2: 	0x00000000
x3: 	0x00000000
x4: 	0x00000000
x5: 	0x00000000
x6: 	0x00000000
x7: 	0x00000000
x8: 	0x00000000
x9: 	0x00000000
x10: 	0x00000000
x11: 	0x00000000
x12: 	0x00000000
x13: 	0x00000000
x14: 	0x00000000
x15: 	0x00000000
x16: 	0x00000000
x17: 	0x00000000
x18: 	0x00000000
x19: 	0x00000000
x20: 	0x00000000
x21: 	0x00000000
x22: 	0x00000000
x23: 	0x00000000
x24: 	0x00000000
x25: 	0x00000000
x26: 	0x00000000
x27: 	0x00000000
x28: 	0x00000000
x29: 	0x00000000
x30: 	0x00000000
x31: 	0x00000000

0x00001a1c	0x00000000	Unkown Instruction 

All Registers: 
x0: 	0x00000000
x1: 	0x00000000
x2: 	0x00000000
x3: 	0x00000000
x4: 	0x00000000
x5: 	0x00000000
x6: 	0x00000000
x7: 	0x00000000
x8: 	0x00000000
x9: 	0x00000000
x10: 	0x00000000
x11: 	0x00000000
x12: 	0x00000000
x13: 	0x00000000
x14: 	0x00000000
x15: 	0x00000000
x16: 	0x00000000
x17: 	0x00000000
x18: 	0x00000000
x19: 	0x00000000
x20: 	0x00000000
x21: 	0x00000000
x22: 	0x00000000
x23: 	0x00000000
x24: 	0x00000000
x25: 	0x00000000
x26: 	0x00000000
x27: 	0x00000000
x28: 	0x00000000
x29: 	0x00000000
x30: 	0x00000000
x31: 	0x00000000

0x00001a20	0x00000000	Unkown Instruction 

All Registers: 
x0: 	0x00000000
x1: 	0x00000000
x2: 	0x00000000
x3: 	0x00000000
x4: 	0x00000000
x5: 	0x00000000
x6: 	0x00000000
x7: 	0x00000000
x8: 	0x00000000
x9: 	0x00000000
x10: 	0x00000000
x11: 	0x00000000
x12: 	0x00000000
x13: 	0x00000000
x14: 	0x00000000
x15: 	0x00000000
x16: 	0x00000000
x17: 	0x00000000
x18: 	0x00000000
x19: 	0x00000000
x20: 	0x00000000
x21: 	0x00000000
x22: 	0x00000000
x23: 	0x00000000
x24: 	0x00000000
x25: 	0x00000000
x26: 	0x00000000
x27: 	0x00000000
x28: 	0x00000000
x29: 	0x00000000
x30: 	0x00000000
x31: 	0x00000000

0x00001a24	0x00000000	Unkown Instruction 

All Registers: 
x0: 	0x00000000
x1: 	0x00000000
x2: 	0x00000000
x3: 	0x00000000
x4: 	0x00000000
x5: 	0x00000000
x6: 	0x00000000
x7: 	0x00000000
x8: 	0x00000000
x9: 	0x00000000
x10: 	0x00000000
x11: 	0x00000000
x12: 	0x00000000
x13: 	0x00000000
x14: 	0x00000000
x15: 	0x00000000
x16: 	0x00000000
x17: 	0x00000000
x18: 	0x00000000
x19: 	0x00000000
x20: 	0x00000000
x21: 	0x00000000
x22: 	0x00000000
x23: 	0x00000000
x24: 	0x00000000
x25: 	0x00000000
x26: 	0x00000000
x27: 	0x00000000
x28: 	0x00000000
x29: 	0x00000000
x30: 	0x00000000
x31: 	0x00000000

0x00001a28	0x00000000	Unkown Instruction 

All Registers: 
x0: 	0x00000000
x1: 	0x00000000
x2: 	0x00000000
x3: 	0x00000000
x4: 	0x00000000
x5: 	0x00000000
x6: 	0x00000000
x7: 	0x00000000
x8: 	0x00000000
x9: 	0x00000000
x10: 	0x00000000
x11: 	0x00000000
x12: 	0x00000000
x13: 	0x00000000
x14: 	0x00000000
x15: 	0x00000000
x16: 	0x00000000
x17: 	0x00000000
x18: 	0x00000000
x19: 	0x00000000
x20: 	0x00000000
x21: 	0x00000000
x22: 	0x00000000
x23: 	0x00000000
x24: 	0x00000000
x25: 	0x00000000
x26: 	0x00000000
x27: 	0x00000000
x28: 	0x00000000
x29: 	0x00000000
x30: 	0x00000000
x31: 	0x00000000

0x00001a2c	0x00000000	Unkown Instruction 

All Registers: 
x0: 	0x00000000
x1: 	0x00000000
x2: 	0x00000000
x3: 	0x00000000
x4: 	0x00000000
x5: 	0x00000000
x6: 	0x00000000
x7: 	0x00000000
x8: 	0x00000000
x9: 	0x00000000
x10: 	0x00000000
x11: 	0x00000000
x12: 	0x00000000
x13: 	0x00000000
x14: 	0x00000000
x15: 	0x00000000
x16: 	0x00000000
x17: 	0x00000000
x18: 	0x00000000
x19: 	0x00000000
x20: 	0x00000000
x21: 	0x00000000
x22: 	0x00000000
x23: 	0x00000000
x24: 	0x00000000
x25: 	0x00000000
x26: 	0x00000000
x27: 	0x00000000
x28: 	0x00000000
x29: 	0x00000000
x30: 	0x00000000
x31: 	0x00000000

0x00001a30	0x00000000	Unkown Instruction 

All Registers: 
x0: 	0x00000000
x1: 	0x00000000
x2: 	0x00000000
x3: 	0x00000000
x4: 	0x00000000
x5: 	0x00000000
x6: 	0x00000000
x7: 	0x00000000
x8: 	0x00000000
x9: 	0x00000000
x10: 	0x00000000
x11: 	0x00000000
x12: 	0x00000000
x13: 	0x00000000
x14: 	0x00000000
x15: 	0x00000000
x16: 	0x00000000
x17: 	0x00000000
x18: 	0x00000000
x19: 	0x00000000
x20: 	0x00000000
x21: 	0x00000000
x22: 	0x00000000
x23: 	0x00000000
x24: 	0x00000000
x25: 	0x00000000
x26: 	0x00000000
x27: 	0x00000000
x28: 	0x00000000
x29: 	0x00000000
x30: 	0x00000000
x31: 	0x00000000

0x00001a34	0x00000000	Unkown Instruction 

All Registers: 
x0: 	0x00000000
x1: 	0x00000000
x2: 	0x00000000
x3: 	0x00000000
x4: 	0x00000000
x5: 	0x00000000
x6: 	0x00000000
x7: 	0x00000000
x8: 	0x00000000
x9: 	0x00000000
x10: 	0x00000000
x11: 	0x00000000
x12: 	0x00000000
x13: 	0x00000000
x14: 	0x00000000
x15: 	0x00000000
x16: 	0x00000000
x17: 	0x00000000
x18: 	0x00000000
x19: 	0x00000000
x20: 	0x00000000
x21: 	0x00000000
x22: 	0x00000000
x23: 	0x00000000
x24: 	0x00000000
x25: 	0x00000000
x26: 	0x00000000
x27: 	0x00000000
x28: 	0x00000000
x29: 	0x00000000
x30: 	0x00000000
x31: 	0x00000000

0x00001a38	0x00000000	Unkown Instruction 

All Registers: 
x0: 	0x00000000
x1: 	0x00000000
x2: 	0x00000000
x3: 	0x00000000
x4: 	0x00000000
x5: 	0x00000000
x6: 	0x00000000
x7: 	0x00000000
x8: 	0x00000000
x9: 	0x00000000
x10: 	0x00000000
x11: 	0x00000000
x12: 	0x00000000
x13: 	0x00000000
x14: 	0x00000000
x15: 	0x00000000
x16: 	0x00000000
x17: 	0x00000000
x18: 	0x00000000
x19: 	0x00000000
x20: 	0x00000000
x21: 	0x00000000
x22: 	0x00000000
x23: 	0x00000000
x24: 	0x00000000
x25: 	0x00000000
x26: 	0x00000000
x27: 	0x00000000
x28: 	0x00000000
x29: 	0x00000000
x30: 	0x00000000
x31: 	0x00000000

0x00001a3c	0x00000000	Unkown Instruction 

All Registers: 
x0: 	0x00000000
x1: 	0x00000000
x2: 	0x00000000
x3: 	0x00000000
x4: 	0x00000000
x5: 	0x00000000
x6: 	0x00000000
x7: 	0x00000000
x8: 	0x00000000
x9: 	0x00000000
x10: 	0x00000000
x11: 	0x00000000
x12: 	0x00000000
x13: 	0x00000000
x14: 	0x00000000
x15: 	0x00000000
x16: 	0x00000000
x17: 	0x00000000
x18: 	0x00000000
x19: 	0x00000000
x20: 	0x00000000
x21: 	0x00000000
x22: 	0x00000000
x23: 	0x00000000
x24: 	0x00000000
x25: 	0x00000000
x26: 	0x00000000
x27: 	0x00000000
x28: 	0x00000000
x29: 	0x00000000
x30: 	0x00000000
x31: 	0x00000000

0x00001a40	0x00000000	Unkown Instruction 

All Registers: 
x0: 	0x00000000
x1: 	0x00000000
x2: 	0x00000000
x3: 	0x00000000
x4: 	0x00000000
x5: 	0x00000000
x6: 	0x00000000
x7: 	0x00000000
x8: 	0x00000000
x9: 	0x00000000
x10: 	0x00000000
x11: 	0x00000000
x12: 	0x00000000
x13: 	0x00000000
x14: 	0x00000000
x15: 	0x00000000
x16: 	0x00000000
x17: 	0x00000000
x18: 	0x00000000
x19: 	0x00000000
x20: 	0x00000000
x21: 	0x00000000
x22: 	0x00000000
x23: 	0x00000000
x24: 	0x00000000
x25: 	0x00000000
x26: 	0x00000000
x27: 	0x00000000
x28: 	0x00000000
x29: 	0x00000000
x30: 	0x00000000
x31: 	0x00000000

0x00001a44	0x00000000	Unkown Instruction 

All Registers: 
x0: 	0x00000000
x1: 	0x00000000
x2: 	0x00000000
x3: 	0x00000000
x4: 	0x00000000
x5: 	0x00000000
x6: 	0x00000000
x7: 	0x00000000
x8: 	0x00000000
x9: 	0x00000000
x10: 	0x00000000
x11: 	0x00000000
x12: 	0x00000000
x13: 	0x00000000
x14: 	0x00000000
x15: 	0x00000000
x16: 	0x00000000
x17: 	0x00000000
x18: 	0x00000000
x19: 	0x00000000
x20: 	0x00000000
x21: 	0x00000000
x22: 	0x00000000
x23: 	0x00000000
x24: 	0x00000000
x25: 	0x00000000
x26: 	0x00000000
x27: 	0x00000000
x28: 	0x00000000
x29: 	0x00000000
x30: 	0x00000000
x31: 	0x00000000

0x00001a48	0x00000000	Unkown Instruction 

All Registers: 
x0: 	0x00000000
x1: 	0x00000000
x2: 	0x00000000
x3: 	0x00000000
x4: 	0x00000000
x5: 	0x00000000
x6: 	0x00000000
x7: 	0x00000000
x8: 	0x00000000
x9: 	0x00000000
x10: 	0x00000000
x11: 	0x00000000
x12: 	0x00000000
x13: 	0x00000000
x14: 	0x00000000
x15: 	0x00000000
x16: 	0x00000000
x17: 	0x00000000
x18: 	0x00000000
x19: 	0x00000000
x20: 	0x00000000
x21: 	0x00000000
x22: 	0x00000000
x23: 	0x00000000
x24: 	0x00000000
x25: 	0x00000000
x26: 	0x00000000
x27: 	0x00000000
x28: 	0x00000000
x29: 	0x00000000
x30: 	0x00000000
x31: 	0x00000000

0x00001a4c	0x00000000	Unkown Instruction 

All Registers: 
x0: 	0x00000000
x1: 	0x00000000
x2: 	0x00000000
x3: 	0x00000000
x4: 	0x00000000
x5: 	0x00000000
x6: 	0x00000000
x7: 	0x00000000
x8: 	0x00000000
x9: 	0x00000000
x10: 	0x00000000
x11: 	0x00000000
x12: 	0x00000000
x13: 	0x00000000
x14: 	0x00000000
x15: 	0x00000000
x16: 	0x00000000
x17: 	0x00000000
x18: 	0x00000000
x19: 	0x00000000
x20: 	0x00000000
x21: 	0x00000000
x22: 	0x00000000
x23: 	0x00000000
x24: 	0x00000000
x25: 	0x00000000
x26: 	0x00000000
x27: 	0x00000000
x28: 	0x00000000
x29: 	0x00000000
x30: 	0x00000000
x31: 	0x00000000

0x00001a50	0x00000000	Unkown Instruction 

All Registers: 
x0: 	0x00000000
x1: 	0x00000000
x2: 	0x00000000
x3: 	0x00000000
x4: 	0x00000000
x5: 	0x00000000
x6: 	0x00000000
x7: 	0x00000000
x8: 	0x00000000
x9: 	0x00000000
x10: 	0x00000000
x11: 	0x00000000
x12: 	0x00000000
x13: 	0x00000000
x14: 	0x00000000
x15: 	0x00000000
x16: 	0x00000000
x17: 	0x00000000
x18: 	0x00000000
x19: 	0x00000000
x20: 	0x00000000
x21: 	0x00000000
x22: 	0x00000000
x23: 	0x00000000
x24: 	0x00000000
x25: 	0x00000000
x26: 	0x00000000
x27: 	0x00000000
x28: 	0x00000000
x29: 	0x00000000
x30: 	0x00000000
x31: 	0x00000000

0x00001a54	0x00000000	Unkown Instruction 

All Registers: 
x0: 	0x00000000
x1: 	0x00000000
x2: 	0x00000000
x3: 	0x00000000
x4: 	0x00000000
x5: 	0x00000000
x6: 	0x00000000
x7: 	0x00000000
x8: 	0x00000000
x9: 	0x00000000
x10: 	0x00000000
x11: 	0x00000000
x12: 	0x00000000
x13: 	0x00000000
x14: 	0x00000000
x15: 	0x00000000
x16: 	0x00000000
x17: 	0x00000000
x18: 	0x00000000
x19: 	0x00000000
x20: 	0x00000000
x21: 	0x00000000
x22: 	0x00000000
x23: 	0x00000000
x24: 	0x00000000
x25: 	0x00000000
x26: 	0x00000000
x27: 	0x00000000
x28: 	0x00000000
x29: 	0x00000000
x30: 	0x00000000
x31: 	0x00000000

0x00001a58	0x00000000	Unkown Instruction 

All Registers: 
x0: 	0x00000000
x1: 	0x00000000
x2: 	0x00000000
x3: 	0x00000000
x4: 	0x00000000
x5: 	0x00000000
x6: 	0x00000000
x7: 	0x00000000
x8: 	0x00000000
x9: 	0x00000000
x10: 	0x00000000
x11: 	0x00000000
x12: 	0x00000000
x13: 	0x00000000
x14: 	0x00000000
x15: 	0x00000000
x16: 	0x00000000
x17: 	0x00000000
x18: 	0x00000000
x19: 	0x00000000
x20: 	0x00000000
x21: 	0x00000000
x22: 	0x00000000
x23: 	0x00000000
x24: 	0x00000000
x25: 	0x00000000
x26: 	0x00000000
x27: 	0x00000000
x28: 	0x00000000
x29: 	0x00000000
x30: 	0x00000000
x31: 	0x00000000

0x00001a5c	0x00000000	Unkown Instruction 

All Registers: 
x0: 	0x00000000
x1: 	0x00000000
x2: 	0x00000000
x3: 	0x00000000
x4: 	0x00000000
x5: 	0x00000000
x6: 	0x00000000
x7: 	0x00000000
x8: 	0x00000000
x9: 	0x00000000
x10: 	0x00000000
x11: 	0x00000000
x12: 	0x00000000
x13: 	0x00000000
x14: 	0x00000000
x15: 	0x00000000
x16: 	0x00000000
x17: 	0x00000000
x18: 	0x00000000
x19: 	0x00000000
x20: 	0x00000000
x21: 	0x00000000
x22: 	0x00000000
x23: 	0x00000000
x24: 	0x00000000
x25: 	0x00000000
x26: 	0x00000000
x27: 	0x00000000
x28: 	0x00000000
x29: 	0x00000000
x30: 	0x00000000
x31: 	0x00000000

0x00001a60	0x00000000	Unkown Instruction 

All Registers: 
x0: 	0x00000000
x1: 	0x00000000
x2: 	0x00000000
x3: 	0x00000000
x4: 	0x00000000
x5: 	0x00000000
x6: 	0x00000000
x7: 	0x00000000
x8: 	0x00000000
x9: 	0x00000000
x10: 	0x00000000
x11: 	0x00000000
x12: 	0x00000000
x13: 	0x00000000
x14: 	0x00000000
x15: 	0x00000000
x16: 	0x00000000
x17: 	0x00000000
x18: 	0x00000000
x19: 	0x00000000
x20: 	0x00000000
x21: 	0x00000000
x22: 	0x00000000
x23: 	0x00000000
x24: 	0x00000000
x25: 	0x00000000
x26: 	0x00000000
x27: 	0x00000000
x28: 	0x00000000
x29: 	0x00000000
x30: 	0x00000000
x31: 	0x00000000

0x00001a64	0x00000000	Unkown Instruction 

All Registers: 
x0: 	0x00000000
x1: 	0x00000000
x2: 	0x00000000
x3: 	0x00000000
x4: 	0x00000000
x5: 	0x00000000
x6: 	0x00000000
x7: 	0x00000000
x8: 	0x00000000
x9: 	0x00000000
x10: 	0x00000000
x11: 	0x00000000
x12: 	0x00000000
x13: 	0x00000000
x14: 	0x00000000
x15: 	0x00000000
x16: 	0x00000000
x17: 	0x00000000
x18: 	0x00000000
x19: 	0x00000000
x20: 	0x00000000
x21: 	0x00000000
x22: 	0x00000000
x23: 	0x00000000
x24: 	0x00000000
x25: 	0x00000000
x26: 	0x00000000
x27: 	0x00000000
x28: 	0x00000000
x29: 	0x00000000
x30: 	0x00000000
x31: 	0x00000000

0x00001a68	0x00000000	Unkown Instruction 

All Registers: 
x0: 	0x00000000
x1: 	0x00000000
x2: 	0x00000000
x3: 	0x00000000
x4: 	0x00000000
x5: 	0x00000000
x6: 	0x00000000
x7: 	0x00000000
x8: 	0x00000000
x9: 	0x00000000
x10: 	0x00000000
x11: 	0x00000000
x12: 	0x00000000
x13: 	0x00000000
x14: 	0x00000000
x15: 	0x00000000
x16: 	0x00000000
x17: 	0x00000000
x18: 	0x00000000
x19: 	0x00000000
x20: 	0x00000000
x21: 	0x00000000
x22: 	0x00000000
x23: 	0x00000000
x24: 	0x00000000
x25: 	0x00000000
x26: 	0x00000000
x27: 	0x00000000
x28: 	0x00000000
x29: 	0x00000000
x30: 	0x00000000
x31: 	0x00000000

0x00001a6c	0x00000000	Unkown Instruction 

All Registers: 
x0: 	0x00000000
x1: 	0x00000000
x2: 	0x00000000
x3: 	0x00000000
x4: 	0x00000000
x5: 	0x00000000
x6: 	0x00000000
x7: 	0x00000000
x8: 	0x00000000
x9: 	0x00000000
x10: 	0x00000000
x11: 	0x00000000
x12: 	0x00000000
x13: 	0x00000000
x14: 	0x00000000
x15: 	0x00000000
x16: 	0x00000000
x17: 	0x00000000
x18: 	0x00000000
x19: 	0x00000000
x20: 	0x00000000
x21: 	0x00000000
x22: 	0x00000000
x23: 	0x00000000
x24: 	0x00000000
x25: 	0x00000000
x26: 	0x00000000
x27: 	0x00000000
x28: 	0x00000000
x29: 	0x00000000
x30: 	0x00000000
x31: 	0x00000000

0x00001a70	0x00000000	Unkown Instruction 

All Registers: 
x0: 	0x00000000
x1: 	0x00000000
x2: 	0x00000000
x3: 	0x00000000
x4: 	0x00000000
x5: 	0x00000000
x6: 	0x00000000
x7: 	0x00000000
x8: 	0x00000000
x9: 	0x00000000
x10: 	0x00000000
x11: 	0x00000000
x12: 	0x00000000
x13: 	0x00000000
x14: 	0x00000000
x15: 	0x00000000
x16: 	0x00000000
x17: 	0x00000000
x18: 	0x00000000
x19: 	0x00000000
x20: 	0x00000000
x21: 	0x00000000
x22: 	0x00000000
x23: 	0x00000000
x24: 	0x00000000
x25: 	0x00000000
x26: 	0x00000000
x27: 	0x00000000
x28: 	0x00000000
x29: 	0x00000000
x30: 	0x00000000
x31: 	0x00000000

0x00001a74	0x00000000	Unkown Instruction 

All Registers: 
x0: 	0x00000000
x1: 	0x00000000
x2: 	0x00000000
x3: 	0x00000000
x4: 	0x00000000
x5: 	0x00000000
x6: 	0x00000000
x7: 	0x00000000
x8: 	0x00000000
x9: 	0x00000000
x10: 	0x00000000
x11: 	0x00000000
x12: 	0x00000000
x13: 	0x00000000
x14: 	0x00000000
x15: 	0x00000000
x16: 	0x00000000
x17: 	0x00000000
x18: 	0x00000000
x19: 	0x00000000
x20: 	0x00000000
x21: 	0x00000000
x22: 	0x00000000
x23: 	0x00000000
x24: 	0x00000000
x25: 	0x00000000
x26: 	0x00000000
x27: 	0x00000000
x28: 	0x00000000
x29: 	0x00000000
x30: 	0x00000000
x31: 	0x00000000

0x00001a78	0x00000000	Unkown Instruction 

All Registers: 
x0: 	0x00000000
x1: 	0x00000000
x2: 	0x00000000
x3: 	0x00000000
x4: 	0x00000000
x5: 	0x00000000
x6: 	0x00000000
x7: 	0x00000000
x8: 	0x00000000
x9: 	0x00000000
x10: 	0x00000000
x11: 	0x00000000
x12: 	0x00000000
x13: 	0x00000000
x14: 	0x00000000
x15: 	0x00000000
x16: 	0x00000000
x17: 	0x00000000
x18: 	0x00000000
x19: 	0x00000000
x20: 	0x00000000
x21: 	0x00000000
x22: 	0x00000000
x23: 	0x00000000
x24: 	0x00000000
x25: 	0x00000000
x26: 	0x00000000
x27: 	0x00000000
x28: 	0x00000000
x29: 	0x00000000
x30: 	0x00000000
x31: 	0x00000000

0x00001a7c	0x00000000	Unkown Instruction 

All Registers: 
x0: 	0x00000000
x1: 	0x00000000
x2: 	0x00000000
x3: 	0x00000000
x4: 	0x00000000
x5: 	0x00000000
x6: 	0x00000000
x7: 	0x00000000
x8: 	0x00000000
x9: 	0x00000000
x10: 	0x00000000
x11: 	0x00000000
x12: 	0x00000000
x13: 	0x00000000
x14: 	0x00000000
x15: 	0x00000000
x16: 	0x00000000
x17: 	0x00000000
x18: 	0x00000000
x19: 	0x00000000
x20: 	0x00000000
x21: 	0x00000000
x22: 	0x00000000
x23: 	0x00000000
x24: 	0x00000000
x25: 	0x00000000
x26: 	0x00000000
x27: 	0x00000000
x28: 	0x00000000
x29: 	0x00000000
x30: 	0x00000000
x31: 	0x00000000

0x00001a80	0x00000000	Unkown Instruction 

All Registers: 
x0: 	0x00000000
x1: 	0x00000000
x2: 	0x00000000
x3: 	0x00000000
x4: 	0x00000000
x5: 	0x00000000
x6: 	0x00000000
x7: 	0x00000000
x8: 	0x00000000
x9: 	0x00000000
x10: 	0x00000000
x11: 	0x00000000
x12: 	0x00000000
x13: 	0x00000000
x14: 	0x00000000
x15: 	0x00000000
x16: 	0x00000000
x17: 	0x00000000
x18: 	0x00000000
x19: 	0x00000000
x20: 	0x00000000
x21: 	0x00000000
x22: 	0x00000000
x23: 	0x00000000
x24: 	0x00000000
x25: 	0x00000000
x26: 	0x00000000
x27: 	0x00000000
x28: 	0x00000000
x29: 	0x00000000
x30: 	0x00000000
x31: 	0x00000000

0x00001a84	0x00000000	Unkown Instruction 

All Registers: 
x0: 	0x00000000
x1: 	0x00000000
x2: 	0x00000000
x3: 	0x00000000
x4: 	0x00000000
x5: 	0x00000000
x6: 	0x00000000
x7: 	0x00000000
x8: 	0x00000000
x9: 	0x00000000
x10: 	0x00000000
x11: 	0x00000000
x12: 	0x00000000
x13: 	0x00000000
x14: 	0x00000000
x15: 	0x00000000
x16: 	0x00000000
x17: 	0x00000000
x18: 	0x00000000
x19: 	0x00000000
x20: 	0x00000000
x21: 	0x00000000
x22: 	0x00000000
x23: 	0x00000000
x24: 	0x00000000
x25: 	0x00000000
x26: 	0x00000000
x27: 	0x00000000
x28: 	0x00000000
x29: 	0x00000000
x30: 	0x00000000
x31: 	0x00000000

0x00001a88	0x00000000	Unkown Instruction 

All Registers: 
x0: 	0x00000000
x1: 	0x00000000
x2: 	0x00000000
x3: 	0x00000000
x4: 	0x00000000
x5: 	0x00000000
x6: 	0x00000000
x7: 	0x00000000
x8: 	0x00000000
x9: 	0x00000000
x10: 	0x00000000
x11: 	0x00000000
x12: 	0x00000000
x13: 	0x00000000
x14: 	0x00000000
x15: 	0x00000000
x16: 	0x00000000
x17: 	0x00000000
x18: 	0x00000000
x19: 	0x00000000
x20: 	0x00000000
x21: 	0x00000000
x22: 	0x00000000
x23: 	0x00000000
x24: 	0x00000000
x25: 	0x00000000
x26: 	0x00000000
x27: 	0x00000000
x28: 	0x00000000
x29: 	0x00000000
x30: 	0x00000000
x31: 	0x00000000

0x00001a8c	0x00000000	Unkown Instruction 

All Registers: 
x0: 	0x00000000
x1: 	0x00000000
x2: 	0x00000000
x3: 	0x00000000
x4: 	0x00000000
x5: 	0x00000000
x6: 	0x00000000
x7: 	0x00000000
x8: 	0x00000000
x9: 	0x00000000
x10: 	0x00000000
x11: 	0x00000000
x12: 	0x00000000
x13: 	0x00000000
x14: 	0x00000000
x15: 	0x00000000
x16: 	0x00000000
x17: 	0x00000000
x18: 	0x00000000
x19: 	0x00000000
x20: 	0x00000000
x21: 	0x00000000
x22: 	0x00000000
x23: 	0x00000000
x24: 	0x00000000
x25: 	0x00000000
x26: 	0x00000000
x27: 	0x00000000
x28: 	0x00000000
x29: 	0x00000000
x30: 	0x00000000
x31: 	0x00000000

0x00001a90	0x00000000	Unkown Instruction 

All Registers: 
x0: 	0x00000000
x1: 	0x00000000
x2: 	0x00000000
x3: 	0x00000000
x4: 	0x00000000
x5: 	0x00000000
x6: 	0x00000000
x7: 	0x00000000
x8: 	0x00000000
x9: 	0x00000000
x10: 	0x00000000
x11: 	0x00000000
x12: 	0x00000000
x13: 	0x00000000
x14: 	0x00000000
x15: 	0x00000000
x16: 	0x00000000
x17: 	0x00000000
x18: 	0x00000000
x19: 	0x00000000
x20: 	0x00000000
x21: 	0x00000000
x22: 	0x00000000
x23: 	0x00000000
x24: 	0x00000000
x25: 	0x00000000
x26: 	0x00000000
x27: 	0x00000000
x28: 	0x00000000
x29: 	0x00000000
x30: 	0x00000000
x31: 	0x00000000

0x00001a94	0x00000000	Unkown Instruction 

All Registers: 
x0: 	0x00000000
x1: 	0x00000000
x2: 	0x00000000
x3: 	0x00000000
x4: 	0x00000000
x5: 	0x00000000
x6: 	0x00000000
x7: 	0x00000000
x8: 	0x00000000
x9: 	0x00000000
x10: 	0x00000000
x11: 	0x00000000
x12: 	0x00000000
x13: 	0x00000000
x14: 	0x00000000
x15: 	0x00000000
x16: 	0x00000000
x17: 	0x00000000
x18: 	0x00000000
x19: 	0x00000000
x20: 	0x00000000
x21: 	0x00000000
x22: 	0x00000000
x23: 	0x00000000
x24: 	0x00000000
x25: 	0x00000000
x26: 	0x00000000
x27: 	0x00000000
x28: 	0x00000000
x29: 	0x00000000
x30: 	0x00000000
x31: 	0x00000000

0x00001a98	0x00000000	Unkown Instruction 

All Registers: 
x0: 	0x00000000
x1: 	0x00000000
x2: 	0x00000000
x3: 	0x00000000
x4: 	0x00000000
x5: 	0x00000000
x6: 	0x00000000
x7: 	0x00000000
x8: 	0x00000000
x9: 	0x00000000
x10: 	0x00000000
x11: 	0x00000000
x12: 	0x00000000
x13: 	0x00000000
x14: 	0x00000000
x15: 	0x00000000
x16: 	0x00000000
x17: 	0x00000000
x18: 	0x00000000
x19: 	0x00000000
x20: 	0x00000000
x21: 	0x00000000
x22: 	0x00000000
x23: 	0x00000000
x24: 	0x00000000
x25: 	0x00000000
x26: 	0x00000000
x27: 	0x00000000
x28: 	0x00000000
x29: 	0x00000000
x30: 	0x00000000
x31: 	0x00000000

0x00001a9c	0x00000000	Unkown Instruction 

All Registers: 
x0: 	0x00000000
x1: 	0x00000000
x2: 	0x00000000
x3: 	0x00000000
x4: 	0x00000000
x5: 	0x00000000
x6: 	0x00000000
x7: 	0x00000000
x8: 	0x00000000
x9: 	0x00000000
x10: 	0x00000000
x11: 	0x00000000
x12: 	0x00000000
x13: 	0x00000000
x14: 	0x00000000
x15: 	0x00000000
x16: 	0x00000000
x17: 	0x00000000
x18: 	0x00000000
x19: 	0x00000000
x20: 	0x00000000
x21: 	0x00000000
x22: 	0x00000000
x23: 	0x00000000
x24: 	0x00000000
x25: 	0x00000000
x26: 	0x00000000
x27: 	0x00000000
x28: 	0x00000000
x29: 	0x00000000
x30: 	0x00000000
x31: 	0x00000000

0x00001aa0	0x00000000	Unkown Instruction 

All Registers: 
x0: 	0x00000000
x1: 	0x00000000
x2: 	0x00000000
x3: 	0x00000000
x4: 	0x00000000
x5: 	0x00000000
x6: 	0x00000000
x7: 	0x00000000
x8: 	0x00000000
x9: 	0x00000000
x10: 	0x00000000
x11: 	0x00000000
x12: 	0x00000000
x13: 	0x00000000
x14: 	0x00000000
x15: 	0x00000000
x16: 	0x00000000
x17: 	0x00000000
x18: 	0x00000000
x19: 	0x00000000
x20: 	0x00000000
x21: 	0x00000000
x22: 	0x00000000
x23: 	0x00000000
x24: 	0x00000000
x25: 	0x00000000
x26: 	0x00000000
x27: 	0x00000000
x28: 	0x00000000
x29: 	0x00000000
x30: 	0x00000000
x31: 	0x00000000

0x00001aa4	0x00000000	Unkown Instruction 

All Registers: 
x0: 	0x00000000
x1: 	0x00000000
x2: 	0x00000000
x3: 	0x00000000
x4: 	0x00000000
x5: 	0x00000000
x6: 	0x00000000
x7: 	0x00000000
x8: 	0x00000000
x9: 	0x00000000
x10: 	0x00000000
x11: 	0x00000000
x12: 	0x00000000
x13: 	0x00000000
x14: 	0x00000000
x15: 	0x00000000
x16: 	0x00000000
x17: 	0x00000000
x18: 	0x00000000
x19: 	0x00000000
x20: 	0x00000000
x21: 	0x00000000
x22: 	0x00000000
x23: 	0x00000000
x24: 	0x00000000
x25: 	0x00000000
x26: 	0x00000000
x27: 	0x00000000
x28: 	0x00000000
x29: 	0x00000000
x30: 	0x00000000
x31: 	0x00000000

0x00001aa8	0x00000000	Unkown Instruction 

All Registers: 
x0: 	0x00000000
x1: 	0x00000000
x2: 	0x00000000
x3: 	0x00000000
x4: 	0x00000000
x5: 	0x00000000
x6: 	0x00000000
x7: 	0x00000000
x8: 	0x00000000
x9: 	0x00000000
x10: 	0x00000000
x11: 	0x00000000
x12: 	0x00000000
x13: 	0x00000000
x14: 	0x00000000
x15: 	0x00000000
x16: 	0x00000000
x17: 	0x00000000
x18: 	0x00000000
x19: 	0x00000000
x20: 	0x00000000
x21: 	0x00000000
x22: 	0x00000000
x23: 	0x00000000
x24: 	0x00000000
x25: 	0x00000000
x26: 	0x00000000
x27: 	0x00000000
x28: 	0x00000000
x29: 	0x00000000
x30: 	0x00000000
x31: 	0x00000000

0x00001aac	0x00000000	Unkown Instruction 

All Registers: 
x0: 	0x00000000
x1: 	0x00000000
x2: 	0x00000000
x3: 	0x00000000
x4: 	0x00000000
x5: 	0x00000000
x6: 	0x00000000
x7: 	0x00000000
x8: 	0x00000000
x9: 	0x00000000
x10: 	0x00000000
x11: 	0x00000000
x12: 	0x00000000
x13: 	0x00000000
x14: 	0x00000000
x15: 	0x00000000
x16: 	0x00000000
x17: 	0x00000000
x18: 	0x00000000
x19: 	0x00000000
x20: 	0x00000000
x21: 	0x00000000
x22: 	0x00000000
x23: 	0x00000000
x24: 	0x00000000
x25: 	0x00000000
x26: 	0x00000000
x27: 	0x00000000
x28: 	0x00000000
x29: 	0x00000000
x30: 	0x00000000
x31: 	0x00000000

0x00001ab0	0x00000000	Unkown Instruction 

All Registers: 
x0: 	0x00000000
x1: 	0x00000000
x2: 	0x00000000
x3: 	0x00000000
x4: 	0x00000000
x5: 	0x00000000
x6: 	0x00000000
x7: 	0x00000000
x8: 	0x00000000
x9: 	0x00000000
x10: 	0x00000000
x11: 	0x00000000
x12: 	0x00000000
x13: 	0x00000000
x14: 	0x00000000
x15: 	0x00000000
x16: 	0x00000000
x17: 	0x00000000
x18: 	0x00000000
x19: 	0x00000000
x20: 	0x00000000
x21: 	0x00000000
x22: 	0x00000000
x23: 	0x00000000
x24: 	0x00000000
x25: 	0x00000000
x26: 	0x00000000
x27: 	0x00000000
x28: 	0x00000000
x29: 	0x00000000
x30: 	0x00000000
x31: 	0x00000000

0x00001ab4	0x00000000	Unkown Instruction 

All Registers: 
x0: 	0x00000000
x1: 	0x00000000
x2: 	0x00000000
x3: 	0x00000000
x4: 	0x00000000
x5: 	0x00000000
x6: 	0x00000000
x7: 	0x00000000
x8: 	0x00000000
x9: 	0x00000000
x10: 	0x00000000
x11: 	0x00000000
x12: 	0x00000000
x13: 	0x00000000
x14: 	0x00000000
x15: 	0x00000000
x16: 	0x00000000
x17: 	0x00000000
x18: 	0x00000000
x19: 	0x00000000
x20: 	0x00000000
x21: 	0x00000000
x22: 	0x00000000
x23: 	0x00000000
x24: 	0x00000000
x25: 	0x00000000
x26: 	0x00000000
x27: 	0x00000000
x28: 	0x00000000
x29: 	0x00000000
x30: 	0x00000000
x31: 	0x00000000

0x00001ab8	0x00000000	Unkown Instruction 

All Registers: 
x0: 	0x00000000
x1: 	0x00000000
x2: 	0x00000000
x3: 	0x00000000
x4: 	0x00000000
x5: 	0x00000000
x6: 	0x00000000
x7: 	0x00000000
x8: 	0x00000000
x9: 	0x00000000
x10: 	0x00000000
x11: 	0x00000000
x12: 	0x00000000
x13: 	0x00000000
x14: 	0x00000000
x15: 	0x00000000
x16: 	0x00000000
x17: 	0x00000000
x18: 	0x00000000
x19: 	0x00000000
x20: 	0x00000000
x21: 	0x00000000
x22: 	0x00000000
x23: 	0x00000000
x24: 	0x00000000
x25: 	0x00000000
x26: 	0x00000000
x27: 	0x00000000
x28: 	0x00000000
x29: 	0x00000000
x30: 	0x00000000
x31: 	0x00000000

0x00001abc	0x00000000	Unkown Instruction 

All Registers: 
x0: 	0x00000000
x1: 	0x00000000
x2: 	0x00000000
x3: 	0x00000000
x4: 	0x00000000
x5: 	0x00000000
x6: 	0x00000000
x7: 	0x00000000
x8: 	0x00000000
x9: 	0x00000000
x10: 	0x00000000
x11: 	0x00000000
x12: 	0x00000000
x13: 	0x00000000
x14: 	0x00000000
x15: 	0x00000000
x16: 	0x00000000
x17: 	0x00000000
x18: 	0x00000000
x19: 	0x00000000
x20: 	0x00000000
x21: 	0x00000000
x22: 	0x00000000
x23: 	0x00000000
x24: 	0x00000000
x25: 	0x00000000
x26: 	0x00000000
x27: 	0x00000000
x28: 	0x00000000
x29: 	0x00000000
x30: 	0x00000000
x31: 	0x00000000

0x00001ac0	0x00000000	Unkown Instruction 

All Registers: 
x0: 	0x00000000
x1: 	0x00000000
x2: 	0x00000000
x3: 	0x00000000
x4: 	0x00000000
x5: 	0x00000000
x6: 	0x00000000
x7: 	0x00000000
x8: 	0x00000000
x9: 	0x00000000
x10: 	0x00000000
x11: 	0x00000000
x12: 	0x00000000
x13: 	0x00000000
x14: 	0x00000000
x15: 	0x00000000
x16: 	0x00000000
x17: 	0x00000000
x18: 	0x00000000
x19: 	0x00000000
x20: 	0x00000000
x21: 	0x00000000
x22: 	0x00000000
x23: 	0x00000000
x24: 	0x00000000
x25: 	0x00000000
x26: 	0x00000000
x27: 	0x00000000
x28: 	0x00000000
x29: 	0x00000000
x30: 	0x00000000
x31: 	0x00000000

0x00001ac4	0x00000000	Unkown Instruction 

All Registers: 
x0: 	0x00000000
x1: 	0x00000000
x2: 	0x00000000
x3: 	0x00000000
x4: 	0x00000000
x5: 	0x00000000
x6: 	0x00000000
x7: 	0x00000000
x8: 	0x00000000
x9: 	0x00000000
x10: 	0x00000000
x11: 	0x00000000
x12: 	0x00000000
x13: 	0x00000000
x14: 	0x00000000
x15: 	0x00000000
x16: 	0x00000000
x17: 	0x00000000
x18: 	0x00000000
x19: 	0x00000000
x20: 	0x00000000
x21: 	0x00000000
x22: 	0x00000000
x23: 	0x00000000
x24: 	0x00000000
x25: 	0x00000000
x26: 	0x00000000
x27: 	0x00000000
x28: 	0x00000000
x29: 	0x00000000
x30: 	0x00000000
x31: 	0x00000000

0x00001ac8	0x00000000	Unkown Instruction 

All Registers: 
x0: 	0x00000000
x1: 	0x00000000
x2: 	0x00000000
x3: 	0x00000000
x4: 	0x00000000
x5: 	0x00000000
x6: 	0x00000000
x7: 	0x00000000
x8: 	0x00000000
x9: 	0x00000000
x10: 	0x00000000
x11: 	0x00000000
x12: 	0x00000000
x13: 	0x00000000
x14: 	0x00000000
x15: 	0x00000000
x16: 	0x00000000
x17: 	0x00000000
x18: 	0x00000000
x19: 	0x00000000
x20: 	0x00000000
x21: 	0x00000000
x22: 	0x00000000
x23: 	0x00000000
x24: 	0x00000000
x25: 	0x00000000
x26: 	0x00000000
x27: 	0x00000000
x28: 	0x00000000
x29: 	0x00000000
x30: 	0x00000000
x31: 	0x00000000

0x00001acc	0x00000000	Unkown Instruction 

All Registers: 
x0: 	0x00000000
x1: 	0x00000000
x2: 	0x00000000
x3: 	0x00000000
x4: 	0x00000000
x5: 	0x00000000
x6: 	0x00000000
x7: 	0x00000000
x8: 	0x00000000
x9: 	0x00000000
x10: 	0x00000000
x11: 	0x00000000
x12: 	0x00000000
x13: 	0x00000000
x14: 	0x00000000
x15: 	0x00000000
x16: 	0x00000000
x17: 	0x00000000
x18: 	0x00000000
x19: 	0x00000000
x20: 	0x00000000
x21: 	0x00000000
x22: 	0x00000000
x23: 	0x00000000
x24: 	0x00000000
x25: 	0x00000000
x26: 	0x00000000
x27: 	0x00000000
x28: 	0x00000000
x29: 	0x00000000
x30: 	0x00000000
x31: 	0x00000000

0x00001ad0	0x00000000	Unkown Instruction 

All Registers: 
x0: 	0x00000000
x1: 	0x00000000
x2: 	0x00000000
x3: 	0x00000000
x4: 	0x00000000
x5: 	0x00000000
x6: 	0x00000000
x7: 	0x00000000
x8: 	0x00000000
x9: 	0x00000000
x10: 	0x00000000
x11: 	0x00000000
x12: 	0x00000000
x13: 	0x00000000
x14: 	0x00000000
x15: 	0x00000000
x16: 	0x00000000
x17: 	0x00000000
x18: 	0x00000000
x19: 	0x00000000
x20: 	0x00000000
x21: 	0x00000000
x22: 	0x00000000
x23: 	0x00000000
x24: 	0x00000000
x25: 	0x00000000
x26: 	0x00000000
x27: 	0x00000000
x28: 	0x00000000
x29: 	0x00000000
x30: 	0x00000000
x31: 	0x00000000

0x00001ad4	0x00000000	Unkown Instruction 

All Registers: 
x0: 	0x00000000
x1: 	0x00000000
x2: 	0x00000000
x3: 	0x00000000
x4: 	0x00000000
x5: 	0x00000000
x6: 	0x00000000
x7: 	0x00000000
x8: 	0x00000000
x9: 	0x00000000
x10: 	0x00000000
x11: 	0x00000000
x12: 	0x00000000
x13: 	0x00000000
x14: 	0x00000000
x15: 	0x00000000
x16: 	0x00000000
x17: 	0x00000000
x18: 	0x00000000
x19: 	0x00000000
x20: 	0x00000000
x21: 	0x00000000
x22: 	0x00000000
x23: 	0x00000000
x24: 	0x00000000
x25: 	0x00000000
x26: 	0x00000000
x27: 	0x00000000
x28: 	0x00000000
x29: 	0x00000000
x30: 	0x00000000
x31: 	0x00000000

0x00001ad8	0x00000000	Unkown Instruction 

All Registers: 
x0: 	0x00000000
x1: 	0x00000000
x2: 	0x00000000
x3: 	0x00000000
x4: 	0x00000000
x5: 	0x00000000
x6: 	0x00000000
x7: 	0x00000000
x8: 	0x00000000
x9: 	0x00000000
x10: 	0x00000000
x11: 	0x00000000
x12: 	0x00000000
x13: 	0x00000000
x14: 	0x00000000
x15: 	0x00000000
x16: 	0x00000000
x17: 	0x00000000
x18: 	0x00000000
x19: 	0x00000000
x20: 	0x00000000
x21: 	0x00000000
x22: 	0x00000000
x23: 	0x00000000
x24: 	0x00000000
x25: 	0x00000000
x26: 	0x00000000
x27: 	0x00000000
x28: 	0x00000000
x29: 	0x00000000
x30: 	0x00000000
x31: 	0x00000000

0x00001adc	0x00000000	Unkown Instruction 

All Registers: 
x0: 	0x00000000
x1: 	0x00000000
x2: 	0x00000000
x3: 	0x00000000
x4: 	0x00000000
x5: 	0x00000000
x6: 	0x00000000
x7: 	0x00000000
x8: 	0x00000000
x9: 	0x00000000
x10: 	0x00000000
x11: 	0x00000000
x12: 	0x00000000
x13: 	0x00000000
x14: 	0x00000000
x15: 	0x00000000
x16: 	0x00000000
x17: 	0x00000000
x18: 	0x00000000
x19: 	0x00000000
x20: 	0x00000000
x21: 	0x00000000
x22: 	0x00000000
x23: 	0x00000000
x24: 	0x00000000
x25: 	0x00000000
x26: 	0x00000000
x27: 	0x00000000
x28: 	0x00000000
x29: 	0x00000000
x30: 	0x00000000
x31: 	0x00000000

0x00001ae0	0x00000000	Unkown Instruction 

All Registers: 
x0: 	0x00000000
x1: 	0x00000000
x2: 	0x00000000
x3: 	0x00000000
x4: 	0x00000000
x5: 	0x00000000
x6: 	0x00000000
x7: 	0x00000000
x8: 	0x00000000
x9: 	0x00000000
x10: 	0x00000000
x11: 	0x00000000
x12: 	0x00000000
x13: 	0x00000000
x14: 	0x00000000
x15: 	0x00000000
x16: 	0x00000000
x17: 	0x00000000
x18: 	0x00000000
x19: 	0x00000000
x20: 	0x00000000
x21: 	0x00000000
x22: 	0x00000000
x23: 	0x00000000
x24: 	0x00000000
x25: 	0x00000000
x26: 	0x00000000
x27: 	0x00000000
x28: 	0x00000000
x29: 	0x00000000
x30: 	0x00000000
x31: 	0x00000000

0x00001ae4	0x00000000	Unkown Instruction 

All Registers: 
x0: 	0x00000000
x1: 	0x00000000
x2: 	0x00000000
x3: 	0x00000000
x4: 	0x00000000
x5: 	0x00000000
x6: 	0x00000000
x7: 	0x00000000
x8: 	0x00000000
x9: 	0x00000000
x10: 	0x00000000
x11: 	0x00000000
x12: 	0x00000000
x13: 	0x00000000
x14: 	0x00000000
x15: 	0x00000000
x16: 	0x00000000
x17: 	0x00000000
x18: 	0x00000000
x19: 	0x00000000
x20: 	0x00000000
x21: 	0x00000000
x22: 	0x00000000
x23: 	0x00000000
x24: 	0x00000000
x25: 	0x00000000
x26: 	0x00000000
x27: 	0x00000000
x28: 	0x00000000
x29: 	0x00000000
x30: 	0x00000000
x31: 	0x00000000

0x00001ae8	0x00000000	Unkown Instruction 

All Registers: 
x0: 	0x00000000
x1: 	0x00000000
x2: 	0x00000000
x3: 	0x00000000
x4: 	0x00000000
x5: 	0x00000000
x6: 	0x00000000
x7: 	0x00000000
x8: 	0x00000000
x9: 	0x00000000
x10: 	0x00000000
x11: 	0x00000000
x12: 	0x00000000
x13: 	0x00000000
x14: 	0x00000000
x15: 	0x00000000
x16: 	0x00000000
x17: 	0x00000000
x18: 	0x00000000
x19: 	0x00000000
x20: 	0x00000000
x21: 	0x00000000
x22: 	0x00000000
x23: 	0x00000000
x24: 	0x00000000
x25: 	0x00000000
x26: 	0x00000000
x27: 	0x00000000
x28: 	0x00000000
x29: 	0x00000000
x30: 	0x00000000
x31: 	0x00000000

0x00001aec	0x00000000	Unkown Instruction 

All Registers: 
x0: 	0x00000000
x1: 	0x00000000
x2: 	0x00000000
x3: 	0x00000000
x4: 	0x00000000
x5: 	0x00000000
x6: 	0x00000000
x7: 	0x00000000
x8: 	0x00000000
x9: 	0x00000000
x10: 	0x00000000
x11: 	0x00000000
x12: 	0x00000000
x13: 	0x00000000
x14: 	0x00000000
x15: 	0x00000000
x16: 	0x00000000
x17: 	0x00000000
x18: 	0x00000000
x19: 	0x00000000
x20: 	0x00000000
x21: 	0x00000000
x22: 	0x00000000
x23: 	0x00000000
x24: 	0x00000000
x25: 	0x00000000
x26: 	0x00000000
x27: 	0x00000000
x28: 	0x00000000
x29: 	0x00000000
x30: 	0x00000000
x31: 	0x00000000

0x00001af0	0x00000000	Unkown Instruction 

All Registers: 
x0: 	0x00000000
x1: 	0x00000000
x2: 	0x00000000
x3: 	0x00000000
x4: 	0x00000000
x5: 	0x00000000
x6: 	0x00000000
x7: 	0x00000000
x8: 	0x00000000
x9: 	0x00000000
x10: 	0x00000000
x11: 	0x00000000
x12: 	0x00000000
x13: 	0x00000000
x14: 	0x00000000
x15: 	0x00000000
x16: 	0x00000000
x17: 	0x00000000
x18: 	0x00000000
x19: 	0x00000000
x20: 	0x00000000
x21: 	0x00000000
x22: 	0x00000000
x23: 	0x00000000
x24: 	0x00000000
x25: 	0x00000000
x26: 	0x00000000
x27: 	0x00000000
x28: 	0x00000000
x29: 	0x00000000
x30: 	0x00000000
x31: 	0x00000000

0x00001af4	0x00000000	Unkown Instruction 

All Registers: 
x0: 	0x00000000
x1: 	0x00000000
x2: 	0x00000000
x3: 	0x00000000
x4: 	0x00000000
x5: 	0x00000000
x6: 	0x00000000
x7: 	0x00000000
x8: 	0x00000000
x9: 	0x00000000
x10: 	0x00000000
x11: 	0x00000000
x12: 	0x00000000
x13: 	0x00000000
x14: 	0x00000000
x15: 	0x00000000
x16: 	0x00000000
x17: 	0x00000000
x18: 	0x00000000
x19: 	0x00000000
x20: 	0x00000000
x21: 	0x00000000
x22: 	0x00000000
x23: 	0x00000000
x24: 	0x00000000
x25: 	0x00000000
x26: 	0x00000000
x27: 	0x00000000
x28: 	0x00000000
x29: 	0x00000000
x30: 	0x00000000
x31: 	0x00000000

0x00001af8	0x00000000	Unkown Instruction 

All Registers: 
x0: 	0x00000000
x1: 	0x00000000
x2: 	0x00000000
x3: 	0x00000000
x4: 	0x00000000
x5: 	0x00000000
x6: 	0x00000000
x7: 	0x00000000
x8: 	0x00000000
x9: 	0x00000000
x10: 	0x00000000
x11: 	0x00000000
x12: 	0x00000000
x13: 	0x00000000
x14: 	0x00000000
x15: 	0x00000000
x16: 	0x00000000
x17: 	0x00000000
x18: 	0x00000000
x19: 	0x00000000
x20: 	0x00000000
x21: 	0x00000000
x22: 	0x00000000
x23: 	0x00000000
x24: 	0x00000000
x25: 	0x00000000
x26: 	0x00000000
x27: 	0x00000000
x28: 	0x00000000
x29: 	0x00000000
x30: 	0x00000000
x31: 	0x00000000

0x00001afc	0x00000000	Unkown Instruction 

All Registers: 
x0: 	0x00000000
x1: 	0x00000000
x2: 	0x00000000
x3: 	0x00000000
x4: 	0x00000000
x5: 	0x00000000
x6: 	0x00000000
x7: 	0x00000000
x8: 	0x00000000
x9: 	0x00000000
x10: 	0x00000000
x11: 	0x00000000
x12: 	0x00000000
x13: 	0x00000000
x14: 	0x00000000
x15: 	0x00000000
x16: 	0x00000000
x17: 	0x00000000
x18: 	0x00000000
x19: 	0x00000000
x20: 	0x00000000
x21: 	0x00000000
x22: 	0x00000000
x23: 	0x00000000
x24: 	0x00000000
x25: 	0x00000000
x26: 	0x00000000
x27: 	0x00000000
x28: 	0x00000000
x29: 	0x00000000
x30: 	0x00000000
x31: 	0x00000000

0x00001b00	0x00000000	Unkown Instruction 

All Registers: 
x0: 	0x00000000
x1: 	0x00000000
x2: 	0x00000000
x3: 	0x00000000
x4: 	0x00000000
x5: 	0x00000000
x6: 	0x00000000
x7: 	0x00000000
x8: 	0x00000000
x9: 	0x00000000
x10: 	0x00000000
x11: 	0x00000000
x12: 	0x00000000
x13: 	0x00000000
x14: 	0x00000000
x15: 	0x00000000
x16: 	0x00000000
x17: 	0x00000000
x18: 	0x00000000
x19: 	0x00000000
x20: 	0x00000000
x21: 	0x00000000
x22: 	0x00000000
x23: 	0x00000000
x24: 	0x00000000
x25: 	0x00000000
x26: 	0x00000000
x27: 	0x00000000
x28: 	0x00000000
x29: 	0x00000000
x30: 	0x00000000
x31: 	0x00000000

0x00001b04	0x00000000	Unkown Instruction 

All Registers: 
x0: 	0x00000000
x1: 	0x00000000
x2: 	0x00000000
x3: 	0x00000000
x4: 	0x00000000
x5: 	0x00000000
x6: 	0x00000000
x7: 	0x00000000
x8: 	0x00000000
x9: 	0x00000000
x10: 	0x00000000
x11: 	0x00000000
x12: 	0x00000000
x13: 	0x00000000
x14: 	0x00000000
x15: 	0x00000000
x16: 	0x00000000
x17: 	0x00000000
x18: 	0x00000000
x19: 	0x00000000
x20: 	0x00000000
x21: 	0x00000000
x22: 	0x00000000
x23: 	0x00000000
x24: 	0x00000000
x25: 	0x00000000
x26: 	0x00000000
x27: 	0x00000000
x28: 	0x00000000
x29: 	0x00000000
x30: 	0x00000000
x31: 	0x00000000

0x00001b08	0x00000000	Unkown Instruction 

All Registers: 
x0: 	0x00000000
x1: 	0x00000000
x2: 	0x00000000
x3: 	0x00000000
x4: 	0x00000000
x5: 	0x00000000
x6: 	0x00000000
x7: 	0x00000000
x8: 	0x00000000
x9: 	0x00000000
x10: 	0x00000000
x11: 	0x00000000
x12: 	0x00000000
x13: 	0x00000000
x14: 	0x00000000
x15: 	0x00000000
x16: 	0x00000000
x17: 	0x00000000
x18: 	0x00000000
x19: 	0x00000000
x20: 	0x00000000
x21: 	0x00000000
x22: 	0x00000000
x23: 	0x00000000
x24: 	0x00000000
x25: 	0x00000000
x26: 	0x00000000
x27: 	0x00000000
x28: 	0x00000000
x29: 	0x00000000
x30: 	0x00000000
x31: 	0x00000000

0x00001b0c	0x00000000	Unkown Instruction 

All Registers: 
x0: 	0x00000000
x1: 	0x00000000
x2: 	0x00000000
x3: 	0x00000000
x4: 	0x00000000
x5: 	0x00000000
x6: 	0x00000000
x7: 	0x00000000
x8: 	0x00000000
x9: 	0x00000000
x10: 	0x00000000
x11: 	0x00000000
x12: 	0x00000000
x13: 	0x00000000
x14: 	0x00000000
x15: 	0x00000000
x16: 	0x00000000
x17: 	0x00000000
x18: 	0x00000000
x19: 	0x00000000
x20: 	0x00000000
x21: 	0x00000000
x22: 	0x00000000
x23: 	0x00000000
x24: 	0x00000000
x25: 	0x00000000
x26: 	0x00000000
x27: 	0x00000000
x28: 	0x00000000
x29: 	0x00000000
x30: 	0x00000000
x31: 	0x00000000

0x00001b10	0x00000000	Unkown Instruction 

All Registers: 
x0: 	0x00000000
x1: 	0x00000000
x2: 	0x00000000
x3: 	0x00000000
x4: 	0x00000000
x5: 	0x00000000
x6: 	0x00000000
x7: 	0x00000000
x8: 	0x00000000
x9: 	0x00000000
x10: 	0x00000000
x11: 	0x00000000
x12: 	0x00000000
x13: 	0x00000000
x14: 	0x00000000
x15: 	0x00000000
x16: 	0x00000000
x17: 	0x00000000
x18: 	0x00000000
x19: 	0x00000000
x20: 	0x00000000
x21: 	0x00000000
x22: 	0x00000000
x23: 	0x00000000
x24: 	0x00000000
x25: 	0x00000000
x26: 	0x00000000
x27: 	0x00000000
x28: 	0x00000000
x29: 	0x00000000
x30: 	0x00000000
x31: 	0x00000000

0x00001b14	0x00000000	Unkown Instruction 

All Registers: 
x0: 	0x00000000
x1: 	0x00000000
x2: 	0x00000000
x3: 	0x00000000
x4: 	0x00000000
x5: 	0x00000000
x6: 	0x00000000
x7: 	0x00000000
x8: 	0x00000000
x9: 	0x00000000
x10: 	0x00000000
x11: 	0x00000000
x12: 	0x00000000
x13: 	0x00000000
x14: 	0x00000000
x15: 	0x00000000
x16: 	0x00000000
x17: 	0x00000000
x18: 	0x00000000
x19: 	0x00000000
x20: 	0x00000000
x21: 	0x00000000
x22: 	0x00000000
x23: 	0x00000000
x24: 	0x00000000
x25: 	0x00000000
x26: 	0x00000000
x27: 	0x00000000
x28: 	0x00000000
x29: 	0x00000000
x30: 	0x00000000
x31: 	0x00000000

0x00001b18	0x00000000	Unkown Instruction 

All Registers: 
x0: 	0x00000000
x1: 	0x00000000
x2: 	0x00000000
x3: 	0x00000000
x4: 	0x00000000
x5: 	0x00000000
x6: 	0x00000000
x7: 	0x00000000
x8: 	0x00000000
x9: 	0x00000000
x10: 	0x00000000
x11: 	0x00000000
x12: 	0x00000000
x13: 	0x00000000
x14: 	0x00000000
x15: 	0x00000000
x16: 	0x00000000
x17: 	0x00000000
x18: 	0x00000000
x19: 	0x00000000
x20: 	0x00000000
x21: 	0x00000000
x22: 	0x00000000
x23: 	0x00000000
x24: 	0x00000000
x25: 	0x00000000
x26: 	0x00000000
x27: 	0x00000000
x28: 	0x00000000
x29: 	0x00000000
x30: 	0x00000000
x31: 	0x00000000

0x00001b1c	0x00000000	Unkown Instruction 

All Registers: 
x0: 	0x00000000
x1: 	0x00000000
x2: 	0x00000000
x3: 	0x00000000
x4: 	0x00000000
x5: 	0x00000000
x6: 	0x00000000
x7: 	0x00000000
x8: 	0x00000000
x9: 	0x00000000
x10: 	0x00000000
x11: 	0x00000000
x12: 	0x00000000
x13: 	0x00000000
x14: 	0x00000000
x15: 	0x00000000
x16: 	0x00000000
x17: 	0x00000000
x18: 	0x00000000
x19: 	0x00000000
x20: 	0x00000000
x21: 	0x00000000
x22: 	0x00000000
x23: 	0x00000000
x24: 	0x00000000
x25: 	0x00000000
x26: 	0x00000000
x27: 	0x00000000
x28: 	0x00000000
x29: 	0x00000000
x30: 	0x00000000
x31: 	0x00000000

0x00001b20	0x00000000	Unkown Instruction 

All Registers: 
x0: 	0x00000000
x1: 	0x00000000
x2: 	0x00000000
x3: 	0x00000000
x4: 	0x00000000
x5: 	0x00000000
x6: 	0x00000000
x7: 	0x00000000
x8: 	0x00000000
x9: 	0x00000000
x10: 	0x00000000
x11: 	0x00000000
x12: 	0x00000000
x13: 	0x00000000
x14: 	0x00000000
x15: 	0x00000000
x16: 	0x00000000
x17: 	0x00000000
x18: 	0x00000000
x19: 	0x00000000
x20: 	0x00000000
x21: 	0x00000000
x22: 	0x00000000
x23: 	0x00000000
x24: 	0x00000000
x25: 	0x00000000
x26: 	0x00000000
x27: 	0x00000000
x28: 	0x00000000
x29: 	0x00000000
x30: 	0x00000000
x31: 	0x00000000

0x00001b24	0x00000000	Unkown Instruction 

All Registers: 
x0: 	0x00000000
x1: 	0x00000000
x2: 	0x00000000
x3: 	0x00000000
x4: 	0x00000000
x5: 	0x00000000
x6: 	0x00000000
x7: 	0x00000000
x8: 	0x00000000
x9: 	0x00000000
x10: 	0x00000000
x11: 	0x00000000
x12: 	0x00000000
x13: 	0x00000000
x14: 	0x00000000
x15: 	0x00000000
x16: 	0x00000000
x17: 	0x00000000
x18: 	0x00000000
x19: 	0x00000000
x20: 	0x00000000
x21: 	0x00000000
x22: 	0x00000000
x23: 	0x00000000
x24: 	0x00000000
x25: 	0x00000000
x26: 	0x00000000
x27: 	0x00000000
x28: 	0x00000000
x29: 	0x00000000
x30: 	0x00000000
x31: 	0x00000000

0x00001b28	0x00000000	Unkown Instruction 

All Registers: 
x0: 	0x00000000
x1: 	0x00000000
x2: 	0x00000000
x3: 	0x00000000
x4: 	0x00000000
x5: 	0x00000000
x6: 	0x00000000
x7: 	0x00000000
x8: 	0x00000000
x9: 	0x00000000
x10: 	0x00000000
x11: 	0x00000000
x12: 	0x00000000
x13: 	0x00000000
x14: 	0x00000000
x15: 	0x00000000
x16: 	0x00000000
x17: 	0x00000000
x18: 	0x00000000
x19: 	0x00000000
x20: 	0x00000000
x21: 	0x00000000
x22: 	0x00000000
x23: 	0x00000000
x24: 	0x00000000
x25: 	0x00000000
x26: 	0x00000000
x27: 	0x00000000
x28: 	0x00000000
x29: 	0x00000000
x30: 	0x00000000
x31: 	0x00000000

0x00001b2c	0x00000000	Unkown Instruction 

All Registers: 
x0: 	0x00000000
x1: 	0x00000000
x2: 	0x00000000
x3: 	0x00000000
x4: 	0x00000000
x5: 	0x00000000
x6: 	0x00000000
x7: 	0x00000000
x8: 	0x00000000
x9: 	0x00000000
x10: 	0x00000000
x11: 	0x00000000
x12: 	0x00000000
x13: 	0x00000000
x14: 	0x00000000
x15: 	0x00000000
x16: 	0x00000000
x17: 	0x00000000
x18: 	0x00000000
x19: 	0x00000000
x20: 	0x00000000
x21: 	0x00000000
x22: 	0x00000000
x23: 	0x00000000
x24: 	0x00000000
x25: 	0x00000000
x26: 	0x00000000
x27: 	0x00000000
x28: 	0x00000000
x29: 	0x00000000
x30: 	0x00000000
x31: 	0x00000000

0x00001b30	0x00000000	Unkown Instruction 

All Registers: 
x0: 	0x00000000
x1: 	0x00000000
x2: 	0x00000000
x3: 	0x00000000
x4: 	0x00000000
x5: 	0x00000000
x6: 	0x00000000
x7: 	0x00000000
x8: 	0x00000000
x9: 	0x00000000
x10: 	0x00000000
x11: 	0x00000000
x12: 	0x00000000
x13: 	0x00000000
x14: 	0x00000000
x15: 	0x00000000
x16: 	0x00000000
x17: 	0x00000000
x18: 	0x00000000
x19: 	0x00000000
x20: 	0x00000000
x21: 	0x00000000
x22: 	0x00000000
x23: 	0x00000000
x24: 	0x00000000
x25: 	0x00000000
x26: 	0x00000000
x27: 	0x00000000
x28: 	0x00000000
x29: 	0x00000000
x30: 	0x00000000
x31: 	0x00000000

0x00001b34	0x00000000	Unkown Instruction 

All Registers: 
x0: 	0x00000000
x1: 	0x00000000
x2: 	0x00000000
x3: 	0x00000000
x4: 	0x00000000
x5: 	0x00000000
x6: 	0x00000000
x7: 	0x00000000
x8: 	0x00000000
x9: 	0x00000000
x10: 	0x00000000
x11: 	0x00000000
x12: 	0x00000000
x13: 	0x00000000
x14: 	0x00000000
x15: 	0x00000000
x16: 	0x00000000
x17: 	0x00000000
x18: 	0x00000000
x19: 	0x00000000
x20: 	0x00000000
x21: 	0x00000000
x22: 	0x00000000
x23: 	0x00000000
x24: 	0x00000000
x25: 	0x00000000
x26: 	0x00000000
x27: 	0x00000000
x28: 	0x00000000
x29: 	0x00000000
x30: 	0x00000000
x31: 	0x00000000

0x00001b38	0x00000000	Unkown Instruction 

All Registers: 
x0: 	0x00000000
x1: 	0x00000000
x2: 	0x00000000
x3: 	0x00000000
x4: 	0x00000000
x5: 	0x00000000
x6: 	0x00000000
x7: 	0x00000000
x8: 	0x00000000
x9: 	0x00000000
x10: 	0x00000000
x11: 	0x00000000
x12: 	0x00000000
x13: 	0x00000000
x14: 	0x00000000
x15: 	0x00000000
x16: 	0x00000000
x17: 	0x00000000
x18: 	0x00000000
x19: 	0x00000000
x20: 	0x00000000
x21: 	0x00000000
x22: 	0x00000000
x23: 	0x00000000
x24: 	0x00000000
x25: 	0x00000000
x26: 	0x00000000
x27: 	0x00000000
x28: 	0x00000000
x29: 	0x00000000
x30: 	0x00000000
x31: 	0x00000000

0x00001b3c	0x00000000	Unkown Instruction 

All Registers: 
x0: 	0x00000000
x1: 	0x00000000
x2: 	0x00000000
x3: 	0x00000000
x4: 	0x00000000
x5: 	0x00000000
x6: 	0x00000000
x7: 	0x00000000
x8: 	0x00000000
x9: 	0x00000000
x10: 	0x00000000
x11: 	0x00000000
x12: 	0x00000000
x13: 	0x00000000
x14: 	0x00000000
x15: 	0x00000000
x16: 	0x00000000
x17: 	0x00000000
x18: 	0x00000000
x19: 	0x00000000
x20: 	0x00000000
x21: 	0x00000000
x22: 	0x00000000
x23: 	0x00000000
x24: 	0x00000000
x25: 	0x00000000
x26: 	0x00000000
x27: 	0x00000000
x28: 	0x00000000
x29: 	0x00000000
x30: 	0x00000000
x31: 	0x00000000

0x00001b40	0x00000000	Unkown Instruction 

All Registers: 
x0: 	0x00000000
x1: 	0x00000000
x2: 	0x00000000
x3: 	0x00000000
x4: 	0x00000000
x5: 	0x00000000
x6: 	0x00000000
x7: 	0x00000000
x8: 	0x00000000
x9: 	0x00000000
x10: 	0x00000000
x11: 	0x00000000
x12: 	0x00000000
x13: 	0x00000000
x14: 	0x00000000
x15: 	0x00000000
x16: 	0x00000000
x17: 	0x00000000
x18: 	0x00000000
x19: 	0x00000000
x20: 	0x00000000
x21: 	0x00000000
x22: 	0x00000000
x23: 	0x00000000
x24: 	0x00000000
x25: 	0x00000000
x26: 	0x00000000
x27: 	0x00000000
x28: 	0x00000000
x29: 	0x00000000
x30: 	0x00000000
x31: 	0x00000000

0x00001b44	0x00000000	Unkown Instruction 

All Registers: 
x0: 	0x00000000
x1: 	0x00000000
x2: 	0x00000000
x3: 	0x00000000
x4: 	0x00000000
x5: 	0x00000000
x6: 	0x00000000
x7: 	0x00000000
x8: 	0x00000000
x9: 	0x00000000
x10: 	0x00000000
x11: 	0x00000000
x12: 	0x00000000
x13: 	0x00000000
x14: 	0x00000000
x15: 	0x00000000
x16: 	0x00000000
x17: 	0x00000000
x18: 	0x00000000
x19: 	0x00000000
x20: 	0x00000000
x21: 	0x00000000
x22: 	0x00000000
x23: 	0x00000000
x24: 	0x00000000
x25: 	0x00000000
x26: 	0x00000000
x27: 	0x00000000
x28: 	0x00000000
x29: 	0x00000000
x30: 	0x00000000
x31: 	0x00000000

0x00001b48	0x00000000	Unkown Instruction 

All Registers: 
x0: 	0x00000000
x1: 	0x00000000
x2: 	0x00000000
x3: 	0x00000000
x4: 	0x00000000
x5: 	0x00000000
x6: 	0x00000000
x7: 	0x00000000
x8: 	0x00000000
x9: 	0x00000000
x10: 	0x00000000
x11: 	0x00000000
x12: 	0x00000000
x13: 	0x00000000
x14: 	0x00000000
x15: 	0x00000000
x16: 	0x00000000
x17: 	0x00000000
x18: 	0x00000000
x19: 	0x00000000
x20: 	0x00000000
x21: 	0x00000000
x22: 	0x00000000
x23: 	0x00000000
x24: 	0x00000000
x25: 	0x00000000
x26: 	0x00000000
x27: 	0x00000000
x28: 	0x00000000
x29: 	0x00000000
x30: 	0x00000000
x31: 	0x00000000

0x00001b4c	0x00000000	Unkown Instruction 

All Registers: 
x0: 	0x00000000
x1: 	0x00000000
x2: 	0x00000000
x3: 	0x00000000
x4: 	0x00000000
x5: 	0x00000000
x6: 	0x00000000
x7: 	0x00000000
x8: 	0x00000000
x9: 	0x00000000
x10: 	0x00000000
x11: 	0x00000000
x12: 	0x00000000
x13: 	0x00000000
x14: 	0x00000000
x15: 	0x00000000
x16: 	0x00000000
x17: 	0x00000000
x18: 	0x00000000
x19: 	0x00000000
x20: 	0x00000000
x21: 	0x00000000
x22: 	0x00000000
x23: 	0x00000000
x24: 	0x00000000
x25: 	0x00000000
x26: 	0x00000000
x27: 	0x00000000
x28: 	0x00000000
x29: 	0x00000000
x30: 	0x00000000
x31: 	0x00000000

0x00001b50	0x00000000	Unkown Instruction 

All Registers: 
x0: 	0x00000000
x1: 	0x00000000
x2: 	0x00000000
x3: 	0x00000000
x4: 	0x00000000
x5: 	0x00000000
x6: 	0x00000000
x7: 	0x00000000
x8: 	0x00000000
x9: 	0x00000000
x10: 	0x00000000
x11: 	0x00000000
x12: 	0x00000000
x13: 	0x00000000
x14: 	0x00000000
x15: 	0x00000000
x16: 	0x00000000
x17: 	0x00000000
x18: 	0x00000000
x19: 	0x00000000
x20: 	0x00000000
x21: 	0x00000000
x22: 	0x00000000
x23: 	0x00000000
x24: 	0x00000000
x25: 	0x00000000
x26: 	0x00000000
x27: 	0x00000000
x28: 	0x00000000
x29: 	0x00000000
x30: 	0x00000000
x31: 	0x00000000

0x00001b54	0x00000000	Unkown Instruction 

All Registers: 
x0: 	0x00000000
x1: 	0x00000000
x2: 	0x00000000
x3: 	0x00000000
x4: 	0x00000000
x5: 	0x00000000
x6: 	0x00000000
x7: 	0x00000000
x8: 	0x00000000
x9: 	0x00000000
x10: 	0x00000000
x11: 	0x00000000
x12: 	0x00000000
x13: 	0x00000000
x14: 	0x00000000
x15: 	0x00000000
x16: 	0x00000000
x17: 	0x00000000
x18: 	0x00000000
x19: 	0x00000000
x20: 	0x00000000
x21: 	0x00000000
x22: 	0x00000000
x23: 	0x00000000
x24: 	0x00000000
x25: 	0x00000000
x26: 	0x00000000
x27: 	0x00000000
x28: 	0x00000000
x29: 	0x00000000
x30: 	0x00000000
x31: 	0x00000000

0x00001b58	0x00000000	Unkown Instruction 

All Registers: 
x0: 	0x00000000
x1: 	0x00000000
x2: 	0x00000000
x3: 	0x00000000
x4: 	0x00000000
x5: 	0x00000000
x6: 	0x00000000
x7: 	0x00000000
x8: 	0x00000000
x9: 	0x00000000
x10: 	0x00000000
x11: 	0x00000000
x12: 	0x00000000
x13: 	0x00000000
x14: 	0x00000000
x15: 	0x00000000
x16: 	0x00000000
x17: 	0x00000000
x18: 	0x00000000
x19: 	0x00000000
x20: 	0x00000000
x21: 	0x00000000
x22: 	0x00000000
x23: 	0x00000000
x24: 	0x00000000
x25: 	0x00000000
x26: 	0x00000000
x27: 	0x00000000
x28: 	0x00000000
x29: 	0x00000000
x30: 	0x00000000
x31: 	0x00000000

0x00001b5c	0x00000000	Unkown Instruction 

All Registers: 
x0: 	0x00000000
x1: 	0x00000000
x2: 	0x00000000
x3: 	0x00000000
x4: 	0x00000000
x5: 	0x00000000
x6: 	0x00000000
x7: 	0x00000000
x8: 	0x00000000
x9: 	0x00000000
x10: 	0x00000000
x11: 	0x00000000
x12: 	0x00000000
x13: 	0x00000000
x14: 	0x00000000
x15: 	0x00000000
x16: 	0x00000000
x17: 	0x00000000
x18: 	0x00000000
x19: 	0x00000000
x20: 	0x00000000
x21: 	0x00000000
x22: 	0x00000000
x23: 	0x00000000
x24: 	0x00000000
x25: 	0x00000000
x26: 	0x00000000
x27: 	0x00000000
x28: 	0x00000000
x29: 	0x00000000
x30: 	0x00000000
x31: 	0x00000000

0x00001b60	0x00000000	Unkown Instruction 

All Registers: 
x0: 	0x00000000
x1: 	0x00000000
x2: 	0x00000000
x3: 	0x00000000
x4: 	0x00000000
x5: 	0x00000000
x6: 	0x00000000
x7: 	0x00000000
x8: 	0x00000000
x9: 	0x00000000
x10: 	0x00000000
x11: 	0x00000000
x12: 	0x00000000
x13: 	0x00000000
x14: 	0x00000000
x15: 	0x00000000
x16: 	0x00000000
x17: 	0x00000000
x18: 	0x00000000
x19: 	0x00000000
x20: 	0x00000000
x21: 	0x00000000
x22: 	0x00000000
x23: 	0x00000000
x24: 	0x00000000
x25: 	0x00000000
x26: 	0x00000000
x27: 	0x00000000
x28: 	0x00000000
x29: 	0x00000000
x30: 	0x00000000
x31: 	0x00000000

0x00001b64	0x00000000	Unkown Instruction 

All Registers: 
x0: 	0x00000000
x1: 	0x00000000
x2: 	0x00000000
x3: 	0x00000000
x4: 	0x00000000
x5: 	0x00000000
x6: 	0x00000000
x7: 	0x00000000
x8: 	0x00000000
x9: 	0x00000000
x10: 	0x00000000
x11: 	0x00000000
x12: 	0x00000000
x13: 	0x00000000
x14: 	0x00000000
x15: 	0x00000000
x16: 	0x00000000
x17: 	0x00000000
x18: 	0x00000000
x19: 	0x00000000
x20: 	0x00000000
x21: 	0x00000000
x22: 	0x00000000
x23: 	0x00000000
x24: 	0x00000000
x25: 	0x00000000
x26: 	0x00000000
x27: 	0x00000000
x28: 	0x00000000
x29: 	0x00000000
x30: 	0x00000000
x31: 	0x00000000

0x00001b68	0x00000000	Unkown Instruction 

All Registers: 
x0: 	0x00000000
x1: 	0x00000000
x2: 	0x00000000
x3: 	0x00000000
x4: 	0x00000000
x5: 	0x00000000
x6: 	0x00000000
x7: 	0x00000000
x8: 	0x00000000
x9: 	0x00000000
x10: 	0x00000000
x11: 	0x00000000
x12: 	0x00000000
x13: 	0x00000000
x14: 	0x00000000
x15: 	0x00000000
x16: 	0x00000000
x17: 	0x00000000
x18: 	0x00000000
x19: 	0x00000000
x20: 	0x00000000
x21: 	0x00000000
x22: 	0x00000000
x23: 	0x00000000
x24: 	0x00000000
x25: 	0x00000000
x26: 	0x00000000
x27: 	0x00000000
x28: 	0x00000000
x29: 	0x00000000
x30: 	0x00000000
x31: 	0x00000000

0x00001b6c	0x00000000	Unkown Instruction 

All Registers: 
x0: 	0x00000000
x1: 	0x00000000
x2: 	0x00000000
x3: 	0x00000000
x4: 	0x00000000
x5: 	0x00000000
x6: 	0x00000000
x7: 	0x00000000
x8: 	0x00000000
x9: 	0x00000000
x10: 	0x00000000
x11: 	0x00000000
x12: 	0x00000000
x13: 	0x00000000
x14: 	0x00000000
x15: 	0x00000000
x16: 	0x00000000
x17: 	0x00000000
x18: 	0x00000000
x19: 	0x00000000
x20: 	0x00000000
x21: 	0x00000000
x22: 	0x00000000
x23: 	0x00000000
x24: 	0x00000000
x25: 	0x00000000
x26: 	0x00000000
x27: 	0x00000000
x28: 	0x00000000
x29: 	0x00000000
x30: 	0x00000000
x31: 	0x00000000

0x00001b70	0x00000000	Unkown Instruction 

All Registers: 
x0: 	0x00000000
x1: 	0x00000000
x2: 	0x00000000
x3: 	0x00000000
x4: 	0x00000000
x5: 	0x00000000
x6: 	0x00000000
x7: 	0x00000000
x8: 	0x00000000
x9: 	0x00000000
x10: 	0x00000000
x11: 	0x00000000
x12: 	0x00000000
x13: 	0x00000000
x14: 	0x00000000
x15: 	0x00000000
x16: 	0x00000000
x17: 	0x00000000
x18: 	0x00000000
x19: 	0x00000000
x20: 	0x00000000
x21: 	0x00000000
x22: 	0x00000000
x23: 	0x00000000
x24: 	0x00000000
x25: 	0x00000000
x26: 	0x00000000
x27: 	0x00000000
x28: 	0x00000000
x29: 	0x00000000
x30: 	0x00000000
x31: 	0x00000000

0x00001b74	0x00000000	Unkown Instruction 

All Registers: 
x0: 	0x00000000
x1: 	0x00000000
x2: 	0x00000000
x3: 	0x00000000
x4: 	0x00000000
x5: 	0x00000000
x6: 	0x00000000
x7: 	0x00000000
x8: 	0x00000000
x9: 	0x00000000
x10: 	0x00000000
x11: 	0x00000000
x12: 	0x00000000
x13: 	0x00000000
x14: 	0x00000000
x15: 	0x00000000
x16: 	0x00000000
x17: 	0x00000000
x18: 	0x00000000
x19: 	0x00000000
x20: 	0x00000000
x21: 	0x00000000
x22: 	0x00000000
x23: 	0x00000000
x24: 	0x00000000
x25: 	0x00000000
x26: 	0x00000000
x27: 	0x00000000
x28: 	0x00000000
x29: 	0x00000000
x30: 	0x00000000
x31: 	0x00000000

0x00001b78	0x00000000	Unkown Instruction 

All Registers: 
x0: 	0x00000000
x1: 	0x00000000
x2: 	0x00000000
x3: 	0x00000000
x4: 	0x00000000
x5: 	0x00000000
x6: 	0x00000000
x7: 	0x00000000
x8: 	0x00000000
x9: 	0x00000000
x10: 	0x00000000
x11: 	0x00000000
x12: 	0x00000000
x13: 	0x00000000
x14: 	0x00000000
x15: 	0x00000000
x16: 	0x00000000
x17: 	0x00000000
x18: 	0x00000000
x19: 	0x00000000
x20: 	0x00000000
x21: 	0x00000000
x22: 	0x00000000
x23: 	0x00000000
x24: 	0x00000000
x25: 	0x00000000
x26: 	0x00000000
x27: 	0x00000000
x28: 	0x00000000
x29: 	0x00000000
x30: 	0x00000000
x31: 	0x00000000

0x00001b7c	0x00000000	Unkown Instruction 

All Registers: 
x0: 	0x00000000
x1: 	0x00000000
x2: 	0x00000000
x3: 	0x00000000
x4: 	0x00000000
x5: 	0x00000000
x6: 	0x00000000
x7: 	0x00000000
x8: 	0x00000000
x9: 	0x00000000
x10: 	0x00000000
x11: 	0x00000000
x12: 	0x00000000
x13: 	0x00000000
x14: 	0x00000000
x15: 	0x00000000
x16: 	0x00000000
x17: 	0x00000000
x18: 	0x00000000
x19: 	0x00000000
x20: 	0x00000000
x21: 	0x00000000
x22: 	0x00000000
x23: 	0x00000000
x24: 	0x00000000
x25: 	0x00000000
x26: 	0x00000000
x27: 	0x00000000
x28: 	0x00000000
x29: 	0x00000000
x30: 	0x00000000
x31: 	0x00000000

0x00001b80	0x00000000	Unkown Instruction 

All Registers: 
x0: 	0x00000000
x1: 	0x00000000
x2: 	0x00000000
x3: 	0x00000000
x4: 	0x00000000
x5: 	0x00000000
x6: 	0x00000000
x7: 	0x00000000
x8: 	0x00000000
x9: 	0x00000000
x10: 	0x00000000
x11: 	0x00000000
x12: 	0x00000000
x13: 	0x00000000
x14: 	0x00000000
x15: 	0x00000000
x16: 	0x00000000
x17: 	0x00000000
x18: 	0x00000000
x19: 	0x00000000
x20: 	0x00000000
x21: 	0x00000000
x22: 	0x00000000
x23: 	0x00000000
x24: 	0x00000000
x25: 	0x00000000
x26: 	0x00000000
x27: 	0x00000000
x28: 	0x00000000
x29: 	0x00000000
x30: 	0x00000000
x31: 	0x00000000

0x00001b84	0x00000000	Unkown Instruction 

All Registers: 
x0: 	0x00000000
x1: 	0x00000000
x2: 	0x00000000
x3: 	0x00000000
x4: 	0x00000000
x5: 	0x00000000
x6: 	0x00000000
x7: 	0x00000000
x8: 	0x00000000
x9: 	0x00000000
x10: 	0x00000000
x11: 	0x00000000
x12: 	0x00000000
x13: 	0x00000000
x14: 	0x00000000
x15: 	0x00000000
x16: 	0x00000000
x17: 	0x00000000
x18: 	0x00000000
x19: 	0x00000000
x20: 	0x00000000
x21: 	0x00000000
x22: 	0x00000000
x23: 	0x00000000
x24: 	0x00000000
x25: 	0x00000000
x26: 	0x00000000
x27: 	0x00000000
x28: 	0x00000000
x29: 	0x00000000
x30: 	0x00000000
x31: 	0x00000000

0x00001b88	0x00000000	Unkown Instruction 

All Registers: 
x0: 	0x00000000
x1: 	0x00000000
x2: 	0x00000000
x3: 	0x00000000
x4: 	0x00000000
x5: 	0x00000000
x6: 	0x00000000
x7: 	0x00000000
x8: 	0x00000000
x9: 	0x00000000
x10: 	0x00000000
x11: 	0x00000000
x12: 	0x00000000
x13: 	0x00000000
x14: 	0x00000000
x15: 	0x00000000
x16: 	0x00000000
x17: 	0x00000000
x18: 	0x00000000
x19: 	0x00000000
x20: 	0x00000000
x21: 	0x00000000
x22: 	0x00000000
x23: 	0x00000000
x24: 	0x00000000
x25: 	0x00000000
x26: 	0x00000000
x27: 	0x00000000
x28: 	0x00000000
x29: 	0x00000000
x30: 	0x00000000
x31: 	0x00000000

0x00001b8c	0x00000000	Unkown Instruction 

All Registers: 
x0: 	0x00000000
x1: 	0x00000000
x2: 	0x00000000
x3: 	0x00000000
x4: 	0x00000000
x5: 	0x00000000
x6: 	0x00000000
x7: 	0x00000000
x8: 	0x00000000
x9: 	0x00000000
x10: 	0x00000000
x11: 	0x00000000
x12: 	0x00000000
x13: 	0x00000000
x14: 	0x00000000
x15: 	0x00000000
x16: 	0x00000000
x17: 	0x00000000
x18: 	0x00000000
x19: 	0x00000000
x20: 	0x00000000
x21: 	0x00000000
x22: 	0x00000000
x23: 	0x00000000
x24: 	0x00000000
x25: 	0x00000000
x26: 	0x00000000
x27: 	0x00000000
x28: 	0x00000000
x29: 	0x00000000
x30: 	0x00000000
x31: 	0x00000000

0x00001b90	0x00000000	Unkown Instruction 

All Registers: 
x0: 	0x00000000
x1: 	0x00000000
x2: 	0x00000000
x3: 	0x00000000
x4: 	0x00000000
x5: 	0x00000000
x6: 	0x00000000
x7: 	0x00000000
x8: 	0x00000000
x9: 	0x00000000
x10: 	0x00000000
x11: 	0x00000000
x12: 	0x00000000
x13: 	0x00000000
x14: 	0x00000000
x15: 	0x00000000
x16: 	0x00000000
x17: 	0x00000000
x18: 	0x00000000
x19: 	0x00000000
x20: 	0x00000000
x21: 	0x00000000
x22: 	0x00000000
x23: 	0x00000000
x24: 	0x00000000
x25: 	0x00000000
x26: 	0x00000000
x27: 	0x00000000
x28: 	0x00000000
x29: 	0x00000000
x30: 	0x00000000
x31: 	0x00000000

0x00001b94	0x00000000	Unkown Instruction 

All Registers: 
x0: 	0x00000000
x1: 	0x00000000
x2: 	0x00000000
x3: 	0x00000000
x4: 	0x00000000
x5: 	0x00000000
x6: 	0x00000000
x7: 	0x00000000
x8: 	0x00000000
x9: 	0x00000000
x10: 	0x00000000
x11: 	0x00000000
x12: 	0x00000000
x13: 	0x00000000
x14: 	0x00000000
x15: 	0x00000000
x16: 	0x00000000
x17: 	0x00000000
x18: 	0x00000000
x19: 	0x00000000
x20: 	0x00000000
x21: 	0x00000000
x22: 	0x00000000
x23: 	0x00000000
x24: 	0x00000000
x25: 	0x00000000
x26: 	0x00000000
x27: 	0x00000000
x28: 	0x00000000
x29: 	0x00000000
x30: 	0x00000000
x31: 	0x00000000

0x00001b98	0x00000000	Unkown Instruction 

All Registers: 
x0: 	0x00000000
x1: 	0x00000000
x2: 	0x00000000
x3: 	0x00000000
x4: 	0x00000000
x5: 	0x00000000
x6: 	0x00000000
x7: 	0x00000000
x8: 	0x00000000
x9: 	0x00000000
x10: 	0x00000000
x11: 	0x00000000
x12: 	0x00000000
x13: 	0x00000000
x14: 	0x00000000
x15: 	0x00000000
x16: 	0x00000000
x17: 	0x00000000
x18: 	0x00000000
x19: 	0x00000000
x20: 	0x00000000
x21: 	0x00000000
x22: 	0x00000000
x23: 	0x00000000
x24: 	0x00000000
x25: 	0x00000000
x26: 	0x00000000
x27: 	0x00000000
x28: 	0x00000000
x29: 	0x00000000
x30: 	0x00000000
x31: 	0x00000000

0x00001b9c	0x00000000	Unkown Instruction 

All Registers: 
x0: 	0x00000000
x1: 	0x00000000
x2: 	0x00000000
x3: 	0x00000000
x4: 	0x00000000
x5: 	0x00000000
x6: 	0x00000000
x7: 	0x00000000
x8: 	0x00000000
x9: 	0x00000000
x10: 	0x00000000
x11: 	0x00000000
x12: 	0x00000000
x13: 	0x00000000
x14: 	0x00000000
x15: 	0x00000000
x16: 	0x00000000
x17: 	0x00000000
x18: 	0x00000000
x19: 	0x00000000
x20: 	0x00000000
x21: 	0x00000000
x22: 	0x00000000
x23: 	0x00000000
x24: 	0x00000000
x25: 	0x00000000
x26: 	0x00000000
x27: 	0x00000000
x28: 	0x00000000
x29: 	0x00000000
x30: 	0x00000000
x31: 	0x00000000

0x00001ba0	0x00000000	Unkown Instruction 

All Registers: 
x0: 	0x00000000
x1: 	0x00000000
x2: 	0x00000000
x3: 	0x00000000
x4: 	0x00000000
x5: 	0x00000000
x6: 	0x00000000
x7: 	0x00000000
x8: 	0x00000000
x9: 	0x00000000
x10: 	0x00000000
x11: 	0x00000000
x12: 	0x00000000
x13: 	0x00000000
x14: 	0x00000000
x15: 	0x00000000
x16: 	0x00000000
x17: 	0x00000000
x18: 	0x00000000
x19: 	0x00000000
x20: 	0x00000000
x21: 	0x00000000
x22: 	0x00000000
x23: 	0x00000000
x24: 	0x00000000
x25: 	0x00000000
x26: 	0x00000000
x27: 	0x00000000
x28: 	0x00000000
x29: 	0x00000000
x30: 	0x00000000
x31: 	0x00000000

0x00001ba4	0x00000000	Unkown Instruction 

All Registers: 
x0: 	0x00000000
x1: 	0x00000000
x2: 	0x00000000
x3: 	0x00000000
x4: 	0x00000000
x5: 	0x00000000
x6: 	0x00000000
x7: 	0x00000000
x8: 	0x00000000
x9: 	0x00000000
x10: 	0x00000000
x11: 	0x00000000
x12: 	0x00000000
x13: 	0x00000000
x14: 	0x00000000
x15: 	0x00000000
x16: 	0x00000000
x17: 	0x00000000
x18: 	0x00000000
x19: 	0x00000000
x20: 	0x00000000
x21: 	0x00000000
x22: 	0x00000000
x23: 	0x00000000
x24: 	0x00000000
x25: 	0x00000000
x26: 	0x00000000
x27: 	0x00000000
x28: 	0x00000000
x29: 	0x00000000
x30: 	0x00000000
x31: 	0x00000000

0x00001ba8	0x00000000	Unkown Instruction 

All Registers: 
x0: 	0x00000000
x1: 	0x00000000
x2: 	0x00000000
x3: 	0x00000000
x4: 	0x00000000
x5: 	0x00000000
x6: 	0x00000000
x7: 	0x00000000
x8: 	0x00000000
x9: 	0x00000000
x10: 	0x00000000
x11: 	0x00000000
x12: 	0x00000000
x13: 	0x00000000
x14: 	0x00000000
x15: 	0x00000000
x16: 	0x00000000
x17: 	0x00000000
x18: 	0x00000000
x19: 	0x00000000
x20: 	0x00000000
x21: 	0x00000000
x22: 	0x00000000
x23: 	0x00000000
x24: 	0x00000000
x25: 	0x00000000
x26: 	0x00000000
x27: 	0x00000000
x28: 	0x00000000
x29: 	0x00000000
x30: 	0x00000000
x31: 	0x00000000

0x00001bac	0x00000000	Unkown Instruction 

All Registers: 
x0: 	0x00000000
x1: 	0x00000000
x2: 	0x00000000
x3: 	0x00000000
x4: 	0x00000000
x5: 	0x00000000
x6: 	0x00000000
x7: 	0x00000000
x8: 	0x00000000
x9: 	0x00000000
x10: 	0x00000000
x11: 	0x00000000
x12: 	0x00000000
x13: 	0x00000000
x14: 	0x00000000
x15: 	0x00000000
x16: 	0x00000000
x17: 	0x00000000
x18: 	0x00000000
x19: 	0x00000000
x20: 	0x00000000
x21: 	0x00000000
x22: 	0x00000000
x23: 	0x00000000
x24: 	0x00000000
x25: 	0x00000000
x26: 	0x00000000
x27: 	0x00000000
x28: 	0x00000000
x29: 	0x00000000
x30: 	0x00000000
x31: 	0x00000000

0x00001bb0	0x00000000	Unkown Instruction 

All Registers: 
x0: 	0x00000000
x1: 	0x00000000
x2: 	0x00000000
x3: 	0x00000000
x4: 	0x00000000
x5: 	0x00000000
x6: 	0x00000000
x7: 	0x00000000
x8: 	0x00000000
x9: 	0x00000000
x10: 	0x00000000
x11: 	0x00000000
x12: 	0x00000000
x13: 	0x00000000
x14: 	0x00000000
x15: 	0x00000000
x16: 	0x00000000
x17: 	0x00000000
x18: 	0x00000000
x19: 	0x00000000
x20: 	0x00000000
x21: 	0x00000000
x22: 	0x00000000
x23: 	0x00000000
x24: 	0x00000000
x25: 	0x00000000
x26: 	0x00000000
x27: 	0x00000000
x28: 	0x00000000
x29: 	0x00000000
x30: 	0x00000000
x31: 	0x00000000

0x00001bb4	0x00000000	Unkown Instruction 

All Registers: 
x0: 	0x00000000
x1: 	0x00000000
x2: 	0x00000000
x3: 	0x00000000
x4: 	0x00000000
x5: 	0x00000000
x6: 	0x00000000
x7: 	0x00000000
x8: 	0x00000000
x9: 	0x00000000
x10: 	0x00000000
x11: 	0x00000000
x12: 	0x00000000
x13: 	0x00000000
x14: 	0x00000000
x15: 	0x00000000
x16: 	0x00000000
x17: 	0x00000000
x18: 	0x00000000
x19: 	0x00000000
x20: 	0x00000000
x21: 	0x00000000
x22: 	0x00000000
x23: 	0x00000000
x24: 	0x00000000
x25: 	0x00000000
x26: 	0x00000000
x27: 	0x00000000
x28: 	0x00000000
x29: 	0x00000000
x30: 	0x00000000
x31: 	0x00000000

0x00001bb8	0x00000000	Unkown Instruction 

All Registers: 
x0: 	0x00000000
x1: 	0x00000000
x2: 	0x00000000
x3: 	0x00000000
x4: 	0x00000000
x5: 	0x00000000
x6: 	0x00000000
x7: 	0x00000000
x8: 	0x00000000
x9: 	0x00000000
x10: 	0x00000000
x11: 	0x00000000
x12: 	0x00000000
x13: 	0x00000000
x14: 	0x00000000
x15: 	0x00000000
x16: 	0x00000000
x17: 	0x00000000
x18: 	0x00000000
x19: 	0x00000000
x20: 	0x00000000
x21: 	0x00000000
x22: 	0x00000000
x23: 	0x00000000
x24: 	0x00000000
x25: 	0x00000000
x26: 	0x00000000
x27: 	0x00000000
x28: 	0x00000000
x29: 	0x00000000
x30: 	0x00000000
x31: 	0x00000000

0x00001bbc	0x00000000	Unkown Instruction 

All Registers: 
x0: 	0x00000000
x1: 	0x00000000
x2: 	0x00000000
x3: 	0x00000000
x4: 	0x00000000
x5: 	0x00000000
x6: 	0x00000000
x7: 	0x00000000
x8: 	0x00000000
x9: 	0x00000000
x10: 	0x00000000
x11: 	0x00000000
x12: 	0x00000000
x13: 	0x00000000
x14: 	0x00000000
x15: 	0x00000000
x16: 	0x00000000
x17: 	0x00000000
x18: 	0x00000000
x19: 	0x00000000
x20: 	0x00000000
x21: 	0x00000000
x22: 	0x00000000
x23: 	0x00000000
x24: 	0x00000000
x25: 	0x00000000
x26: 	0x00000000
x27: 	0x00000000
x28: 	0x00000000
x29: 	0x00000000
x30: 	0x00000000
x31: 	0x00000000

0x00001bc0	0x00000000	Unkown Instruction 

All Registers: 
x0: 	0x00000000
x1: 	0x00000000
x2: 	0x00000000
x3: 	0x00000000
x4: 	0x00000000
x5: 	0x00000000
x6: 	0x00000000
x7: 	0x00000000
x8: 	0x00000000
x9: 	0x00000000
x10: 	0x00000000
x11: 	0x00000000
x12: 	0x00000000
x13: 	0x00000000
x14: 	0x00000000
x15: 	0x00000000
x16: 	0x00000000
x17: 	0x00000000
x18: 	0x00000000
x19: 	0x00000000
x20: 	0x00000000
x21: 	0x00000000
x22: 	0x00000000
x23: 	0x00000000
x24: 	0x00000000
x25: 	0x00000000
x26: 	0x00000000
x27: 	0x00000000
x28: 	0x00000000
x29: 	0x00000000
x30: 	0x00000000
x31: 	0x00000000

0x00001bc4	0x00000000	Unkown Instruction 

All Registers: 
x0: 	0x00000000
x1: 	0x00000000
x2: 	0x00000000
x3: 	0x00000000
x4: 	0x00000000
x5: 	0x00000000
x6: 	0x00000000
x7: 	0x00000000
x8: 	0x00000000
x9: 	0x00000000
x10: 	0x00000000
x11: 	0x00000000
x12: 	0x00000000
x13: 	0x00000000
x14: 	0x00000000
x15: 	0x00000000
x16: 	0x00000000
x17: 	0x00000000
x18: 	0x00000000
x19: 	0x00000000
x20: 	0x00000000
x21: 	0x00000000
x22: 	0x00000000
x23: 	0x00000000
x24: 	0x00000000
x25: 	0x00000000
x26: 	0x00000000
x27: 	0x00000000
x28: 	0x00000000
x29: 	0x00000000
x30: 	0x00000000
x31: 	0x00000000

0x00001bc8	0x00000000	Unkown Instruction 

All Registers: 
x0: 	0x00000000
x1: 	0x00000000
x2: 	0x00000000
x3: 	0x00000000
x4: 	0x00000000
x5: 	0x00000000
x6: 	0x00000000
x7: 	0x00000000
x8: 	0x00000000
x9: 	0x00000000
x10: 	0x00000000
x11: 	0x00000000
x12: 	0x00000000
x13: 	0x00000000
x14: 	0x00000000
x15: 	0x00000000
x16: 	0x00000000
x17: 	0x00000000
x18: 	0x00000000
x19: 	0x00000000
x20: 	0x00000000
x21: 	0x00000000
x22: 	0x00000000
x23: 	0x00000000
x24: 	0x00000000
x25: 	0x00000000
x26: 	0x00000000
x27: 	0x00000000
x28: 	0x00000000
x29: 	0x00000000
x30: 	0x00000000
x31: 	0x00000000

0x00001bcc	0x00000000	Unkown Instruction 

All Registers: 
x0: 	0x00000000
x1: 	0x00000000
x2: 	0x00000000
x3: 	0x00000000
x4: 	0x00000000
x5: 	0x00000000
x6: 	0x00000000
x7: 	0x00000000
x8: 	0x00000000
x9: 	0x00000000
x10: 	0x00000000
x11: 	0x00000000
x12: 	0x00000000
x13: 	0x00000000
x14: 	0x00000000
x15: 	0x00000000
x16: 	0x00000000
x17: 	0x00000000
x18: 	0x00000000
x19: 	0x00000000
x20: 	0x00000000
x21: 	0x00000000
x22: 	0x00000000
x23: 	0x00000000
x24: 	0x00000000
x25: 	0x00000000
x26: 	0x00000000
x27: 	0x00000000
x28: 	0x00000000
x29: 	0x00000000
x30: 	0x00000000
x31: 	0x00000000

0x00001bd0	0x00000000	Unkown Instruction 

All Registers: 
x0: 	0x00000000
x1: 	0x00000000
x2: 	0x00000000
x3: 	0x00000000
x4: 	0x00000000
x5: 	0x00000000
x6: 	0x00000000
x7: 	0x00000000
x8: 	0x00000000
x9: 	0x00000000
x10: 	0x00000000
x11: 	0x00000000
x12: 	0x00000000
x13: 	0x00000000
x14: 	0x00000000
x15: 	0x00000000
x16: 	0x00000000
x17: 	0x00000000
x18: 	0x00000000
x19: 	0x00000000
x20: 	0x00000000
x21: 	0x00000000
x22: 	0x00000000
x23: 	0x00000000
x24: 	0x00000000
x25: 	0x00000000
x26: 	0x00000000
x27: 	0x00000000
x28: 	0x00000000
x29: 	0x00000000
x30: 	0x00000000
x31: 	0x00000000

0x00001bd4	0x00000000	Unkown Instruction 

All Registers: 
x0: 	0x00000000
x1: 	0x00000000
x2: 	0x00000000
x3: 	0x00000000
x4: 	0x00000000
x5: 	0x00000000
x6: 	0x00000000
x7: 	0x00000000
x8: 	0x00000000
x9: 	0x00000000
x10: 	0x00000000
x11: 	0x00000000
x12: 	0x00000000
x13: 	0x00000000
x14: 	0x00000000
x15: 	0x00000000
x16: 	0x00000000
x17: 	0x00000000
x18: 	0x00000000
x19: 	0x00000000
x20: 	0x00000000
x21: 	0x00000000
x22: 	0x00000000
x23: 	0x00000000
x24: 	0x00000000
x25: 	0x00000000
x26: 	0x00000000
x27: 	0x00000000
x28: 	0x00000000
x29: 	0x00000000
x30: 	0x00000000
x31: 	0x00000000

0x00001bd8	0x00000000	Unkown Instruction 

All Registers: 
x0: 	0x00000000
x1: 	0x00000000
x2: 	0x00000000
x3: 	0x00000000
x4: 	0x00000000
x5: 	0x00000000
x6: 	0x00000000
x7: 	0x00000000
x8: 	0x00000000
x9: 	0x00000000
x10: 	0x00000000
x11: 	0x00000000
x12: 	0x00000000
x13: 	0x00000000
x14: 	0x00000000
x15: 	0x00000000
x16: 	0x00000000
x17: 	0x00000000
x18: 	0x00000000
x19: 	0x00000000
x20: 	0x00000000
x21: 	0x00000000
x22: 	0x00000000
x23: 	0x00000000
x24: 	0x00000000
x25: 	0x00000000
x26: 	0x00000000
x27: 	0x00000000
x28: 	0x00000000
x29: 	0x00000000
x30: 	0x00000000
x31: 	0x00000000

0x00001bdc	0x00000000	Unkown Instruction 

All Registers: 
x0: 	0x00000000
x1: 	0x00000000
x2: 	0x00000000
x3: 	0x00000000
x4: 	0x00000000
x5: 	0x00000000
x6: 	0x00000000
x7: 	0x00000000
x8: 	0x00000000
x9: 	0x00000000
x10: 	0x00000000
x11: 	0x00000000
x12: 	0x00000000
x13: 	0x00000000
x14: 	0x00000000
x15: 	0x00000000
x16: 	0x00000000
x17: 	0x00000000
x18: 	0x00000000
x19: 	0x00000000
x20: 	0x00000000
x21: 	0x00000000
x22: 	0x00000000
x23: 	0x00000000
x24: 	0x00000000
x25: 	0x00000000
x26: 	0x00000000
x27: 	0x00000000
x28: 	0x00000000
x29: 	0x00000000
x30: 	0x00000000
x31: 	0x00000000

0x00001be0	0x00000000	Unkown Instruction 

All Registers: 
x0: 	0x00000000
x1: 	0x00000000
x2: 	0x00000000
x3: 	0x00000000
x4: 	0x00000000
x5: 	0x00000000
x6: 	0x00000000
x7: 	0x00000000
x8: 	0x00000000
x9: 	0x00000000
x10: 	0x00000000
x11: 	0x00000000
x12: 	0x00000000
x13: 	0x00000000
x14: 	0x00000000
x15: 	0x00000000
x16: 	0x00000000
x17: 	0x00000000
x18: 	0x00000000
x19: 	0x00000000
x20: 	0x00000000
x21: 	0x00000000
x22: 	0x00000000
x23: 	0x00000000
x24: 	0x00000000
x25: 	0x00000000
x26: 	0x00000000
x27: 	0x00000000
x28: 	0x00000000
x29: 	0x00000000
x30: 	0x00000000
x31: 	0x00000000

0x00001be4	0x00000000	Unkown Instruction 

All Registers: 
x0: 	0x00000000
x1: 	0x00000000
x2: 	0x00000000
x3: 	0x00000000
x4: 	0x00000000
x5: 	0x00000000
x6: 	0x00000000
x7: 	0x00000000
x8: 	0x00000000
x9: 	0x00000000
x10: 	0x00000000
x11: 	0x00000000
x12: 	0x00000000
x13: 	0x00000000
x14: 	0x00000000
x15: 	0x00000000
x16: 	0x00000000
x17: 	0x00000000
x18: 	0x00000000
x19: 	0x00000000
x20: 	0x00000000
x21: 	0x00000000
x22: 	0x00000000
x23: 	0x00000000
x24: 	0x00000000
x25: 	0x00000000
x26: 	0x00000000
x27: 	0x00000000
x28: 	0x00000000
x29: 	0x00000000
x30: 	0x00000000
x31: 	0x00000000

0x00001be8	0x00000000	Unkown Instruction 

All Registers: 
x0: 	0x00000000
x1: 	0x00000000
x2: 	0x00000000
x3: 	0x00000000
x4: 	0x00000000
x5: 	0x00000000
x6: 	0x00000000
x7: 	0x00000000
x8: 	0x00000000
x9: 	0x00000000
x10: 	0x00000000
x11: 	0x00000000
x12: 	0x00000000
x13: 	0x00000000
x14: 	0x00000000
x15: 	0x00000000
x16: 	0x00000000
x17: 	0x00000000
x18: 	0x00000000
x19: 	0x00000000
x20: 	0x00000000
x21: 	0x00000000
x22: 	0x00000000
x23: 	0x00000000
x24: 	0x00000000
x25: 	0x00000000
x26: 	0x00000000
x27: 	0x00000000
x28: 	0x00000000
x29: 	0x00000000
x30: 	0x00000000
x31: 	0x00000000

0x00001bec	0x00000000	Unkown Instruction 

All Registers: 
x0: 	0x00000000
x1: 	0x00000000
x2: 	0x00000000
x3: 	0x00000000
x4: 	0x00000000
x5: 	0x00000000
x6: 	0x00000000
x7: 	0x00000000
x8: 	0x00000000
x9: 	0x00000000
x10: 	0x00000000
x11: 	0x00000000
x12: 	0x00000000
x13: 	0x00000000
x14: 	0x00000000
x15: 	0x00000000
x16: 	0x00000000
x17: 	0x00000000
x18: 	0x00000000
x19: 	0x00000000
x20: 	0x00000000
x21: 	0x00000000
x22: 	0x00000000
x23: 	0x00000000
x24: 	0x00000000
x25: 	0x00000000
x26: 	0x00000000
x27: 	0x00000000
x28: 	0x00000000
x29: 	0x00000000
x30: 	0x00000000
x31: 	0x00000000

0x00001bf0	0x00000000	Unkown Instruction 

All Registers: 
x0: 	0x00000000
x1: 	0x00000000
x2: 	0x00000000
x3: 	0x00000000
x4: 	0x00000000
x5: 	0x00000000
x6: 	0x00000000
x7: 	0x00000000
x8: 	0x00000000
x9: 	0x00000000
x10: 	0x00000000
x11: 	0x00000000
x12: 	0x00000000
x13: 	0x00000000
x14: 	0x00000000
x15: 	0x00000000
x16: 	0x00000000
x17: 	0x00000000
x18: 	0x00000000
x19: 	0x00000000
x20: 	0x00000000
x21: 	0x00000000
x22: 	0x00000000
x23: 	0x00000000
x24: 	0x00000000
x25: 	0x00000000
x26: 	0x00000000
x27: 	0x00000000
x28: 	0x00000000
x29: 	0x00000000
x30: 	0x00000000
x31: 	0x00000000

0x00001bf4	0x00000000	Unkown Instruction 

All Registers: 
x0: 	0x00000000
x1: 	0x00000000
x2: 	0x00000000
x3: 	0x00000000
x4: 	0x00000000
x5: 	0x00000000
x6: 	0x00000000
x7: 	0x00000000
x8: 	0x00000000
x9: 	0x00000000
x10: 	0x00000000
x11: 	0x00000000
x12: 	0x00000000
x13: 	0x00000000
x14: 	0x00000000
x15: 	0x00000000
x16: 	0x00000000
x17: 	0x00000000
x18: 	0x00000000
x19: 	0x00000000
x20: 	0x00000000
x21: 	0x00000000
x22: 	0x00000000
x23: 	0x00000000
x24: 	0x00000000
x25: 	0x00000000
x26: 	0x00000000
x27: 	0x00000000
x28: 	0x00000000
x29: 	0x00000000
x30: 	0x00000000
x31: 	0x00000000

0x00001bf8	0x00000000	Unkown Instruction 

All Registers: 
x0: 	0x00000000
x1: 	0x00000000
x2: 	0x00000000
x3: 	0x00000000
x4: 	0x00000000
x5: 	0x00000000
x6: 	0x00000000
x7: 	0x00000000
x8: 	0x00000000
x9: 	0x00000000
x10: 	0x00000000
x11: 	0x00000000
x12: 	0x00000000
x13: 	0x00000000
x14: 	0x00000000
x15: 	0x00000000
x16: 	0x00000000
x17: 	0x00000000
x18: 	0x00000000
x19: 	0x00000000
x20: 	0x00000000
x21: 	0x00000000
x22: 	0x00000000
x23: 	0x00000000
x24: 	0x00000000
x25: 	0x00000000
x26: 	0x00000000
x27: 	0x00000000
x28: 	0x00000000
x29: 	0x00000000
x30: 	0x00000000
x31: 	0x00000000

0x00001bfc	0x00000000	Unkown Instruction 

All Registers: 
x0: 	0x00000000
x1: 	0x00000000
x2: 	0x00000000
x3: 	0x00000000
x4: 	0x00000000
x5: 	0x00000000
x6: 	0x00000000
x7: 	0x00000000
x8: 	0x00000000
x9: 	0x00000000
x10: 	0x00000000
x11: 	0x00000000
x12: 	0x00000000
x13: 	0x00000000
x14: 	0x00000000
x15: 	0x00000000
x16: 	0x00000000
x17: 	0x00000000
x18: 	0x00000000
x19: 	0x00000000
x20: 	0x00000000
x21: 	0x00000000
x22: 	0x00000000
x23: 	0x00000000
x24: 	0x00000000
x25: 	0x00000000
x26: 	0x00000000
x27: 	0x00000000
x28: 	0x00000000
x29: 	0x00000000
x30: 	0x00000000
x31: 	0x00000000

0x00001c00	0x00000000	Unkown Instruction 

All Registers: 
x0: 	0x00000000
x1: 	0x00000000
x2: 	0x00000000
x3: 	0x00000000
x4: 	0x00000000
x5: 	0x00000000
x6: 	0x00000000
x7: 	0x00000000
x8: 	0x00000000
x9: 	0x00000000
x10: 	0x00000000
x11: 	0x00000000
x12: 	0x00000000
x13: 	0x00000000
x14: 	0x00000000
x15: 	0x00000000
x16: 	0x00000000
x17: 	0x00000000
x18: 	0x00000000
x19: 	0x00000000
x20: 	0x00000000
x21: 	0x00000000
x22: 	0x00000000
x23: 	0x00000000
x24: 	0x00000000
x25: 	0x00000000
x26: 	0x00000000
x27: 	0x00000000
x28: 	0x00000000
x29: 	0x00000000
x30: 	0x00000000
x31: 	0x00000000

0x00001c04	0x00000000	Unkown Instruction 

All Registers: 
x0: 	0x00000000
x1: 	0x00000000
x2: 	0x00000000
x3: 	0x00000000
x4: 	0x00000000
x5: 	0x00000000
x6: 	0x00000000
x7: 	0x00000000
x8: 	0x00000000
x9: 	0x00000000
x10: 	0x00000000
x11: 	0x00000000
x12: 	0x00000000
x13: 	0x00000000
x14: 	0x00000000
x15: 	0x00000000
x16: 	0x00000000
x17: 	0x00000000
x18: 	0x00000000
x19: 	0x00000000
x20: 	0x00000000
x21: 	0x00000000
x22: 	0x00000000
x23: 	0x00000000
x24: 	0x00000000
x25: 	0x00000000
x26: 	0x00000000
x27: 	0x00000000
x28: 	0x00000000
x29: 	0x00000000
x30: 	0x00000000
x31: 	0x00000000

0x00001c08	0x00000000	Unkown Instruction 

All Registers: 
x0: 	0x00000000
x1: 	0x00000000
x2: 	0x00000000
x3: 	0x00000000
x4: 	0x00000000
x5: 	0x00000000
x6: 	0x00000000
x7: 	0x00000000
x8: 	0x00000000
x9: 	0x00000000
x10: 	0x00000000
x11: 	0x00000000
x12: 	0x00000000
x13: 	0x00000000
x14: 	0x00000000
x15: 	0x00000000
x16: 	0x00000000
x17: 	0x00000000
x18: 	0x00000000
x19: 	0x00000000
x20: 	0x00000000
x21: 	0x00000000
x22: 	0x00000000
x23: 	0x00000000
x24: 	0x00000000
x25: 	0x00000000
x26: 	0x00000000
x27: 	0x00000000
x28: 	0x00000000
x29: 	0x00000000
x30: 	0x00000000
x31: 	0x00000000

0x00001c0c	0x00000000	Unkown Instruction 

All Registers: 
x0: 	0x00000000
x1: 	0x00000000
x2: 	0x00000000
x3: 	0x00000000
x4: 	0x00000000
x5: 	0x00000000
x6: 	0x00000000
x7: 	0x00000000
x8: 	0x00000000
x9: 	0x00000000
x10: 	0x00000000
x11: 	0x00000000
x12: 	0x00000000
x13: 	0x00000000
x14: 	0x00000000
x15: 	0x00000000
x16: 	0x00000000
x17: 	0x00000000
x18: 	0x00000000
x19: 	0x00000000
x20: 	0x00000000
x21: 	0x00000000
x22: 	0x00000000
x23: 	0x00000000
x24: 	0x00000000
x25: 	0x00000000
x26: 	0x00000000
x27: 	0x00000000
x28: 	0x00000000
x29: 	0x00000000
x30: 	0x00000000
x31: 	0x00000000

0x00001c10	0x00000000	Unkown Instruction 

All Registers: 
x0: 	0x00000000
x1: 	0x00000000
x2: 	0x00000000
x3: 	0x00000000
x4: 	0x00000000
x5: 	0x00000000
x6: 	0x00000000
x7: 	0x00000000
x8: 	0x00000000
x9: 	0x00000000
x10: 	0x00000000
x11: 	0x00000000
x12: 	0x00000000
x13: 	0x00000000
x14: 	0x00000000
x15: 	0x00000000
x16: 	0x00000000
x17: 	0x00000000
x18: 	0x00000000
x19: 	0x00000000
x20: 	0x00000000
x21: 	0x00000000
x22: 	0x00000000
x23: 	0x00000000
x24: 	0x00000000
x25: 	0x00000000
x26: 	0x00000000
x27: 	0x00000000
x28: 	0x00000000
x29: 	0x00000000
x30: 	0x00000000
x31: 	0x00000000

0x00001c14	0x00000000	Unkown Instruction 

All Registers: 
x0: 	0x00000000
x1: 	0x00000000
x2: 	0x00000000
x3: 	0x00000000
x4: 	0x00000000
x5: 	0x00000000
x6: 	0x00000000
x7: 	0x00000000
x8: 	0x00000000
x9: 	0x00000000
x10: 	0x00000000
x11: 	0x00000000
x12: 	0x00000000
x13: 	0x00000000
x14: 	0x00000000
x15: 	0x00000000
x16: 	0x00000000
x17: 	0x00000000
x18: 	0x00000000
x19: 	0x00000000
x20: 	0x00000000
x21: 	0x00000000
x22: 	0x00000000
x23: 	0x00000000
x24: 	0x00000000
x25: 	0x00000000
x26: 	0x00000000
x27: 	0x00000000
x28: 	0x00000000
x29: 	0x00000000
x30: 	0x00000000
x31: 	0x00000000

0x00001c18	0x00000000	Unkown Instruction 

All Registers: 
x0: 	0x00000000
x1: 	0x00000000
x2: 	0x00000000
x3: 	0x00000000
x4: 	0x00000000
x5: 	0x00000000
x6: 	0x00000000
x7: 	0x00000000
x8: 	0x00000000
x9: 	0x00000000
x10: 	0x00000000
x11: 	0x00000000
x12: 	0x00000000
x13: 	0x00000000
x14: 	0x00000000
x15: 	0x00000000
x16: 	0x00000000
x17: 	0x00000000
x18: 	0x00000000
x19: 	0x00000000
x20: 	0x00000000
x21: 	0x00000000
x22: 	0x00000000
x23: 	0x00000000
x24: 	0x00000000
x25: 	0x00000000
x26: 	0x00000000
x27: 	0x00000000
x28: 	0x00000000
x29: 	0x00000000
x30: 	0x00000000
x31: 	0x00000000

0x00001c1c	0x00000000	Unkown Instruction 

All Registers: 
x0: 	0x00000000
x1: 	0x00000000
x2: 	0x00000000
x3: 	0x00000000
x4: 	0x00000000
x5: 	0x00000000
x6: 	0x00000000
x7: 	0x00000000
x8: 	0x00000000
x9: 	0x00000000
x10: 	0x00000000
x11: 	0x00000000
x12: 	0x00000000
x13: 	0x00000000
x14: 	0x00000000
x15: 	0x00000000
x16: 	0x00000000
x17: 	0x00000000
x18: 	0x00000000
x19: 	0x00000000
x20: 	0x00000000
x21: 	0x00000000
x22: 	0x00000000
x23: 	0x00000000
x24: 	0x00000000
x25: 	0x00000000
x26: 	0x00000000
x27: 	0x00000000
x28: 	0x00000000
x29: 	0x00000000
x30: 	0x00000000
x31: 	0x00000000

0x00001c20	0x00000000	Unkown Instruction 

All Registers: 
x0: 	0x00000000
x1: 	0x00000000
x2: 	0x00000000
x3: 	0x00000000
x4: 	0x00000000
x5: 	0x00000000
x6: 	0x00000000
x7: 	0x00000000
x8: 	0x00000000
x9: 	0x00000000
x10: 	0x00000000
x11: 	0x00000000
x12: 	0x00000000
x13: 	0x00000000
x14: 	0x00000000
x15: 	0x00000000
x16: 	0x00000000
x17: 	0x00000000
x18: 	0x00000000
x19: 	0x00000000
x20: 	0x00000000
x21: 	0x00000000
x22: 	0x00000000
x23: 	0x00000000
x24: 	0x00000000
x25: 	0x00000000
x26: 	0x00000000
x27: 	0x00000000
x28: 	0x00000000
x29: 	0x00000000
x30: 	0x00000000
x31: 	0x00000000

0x00001c24	0x00000000	Unkown Instruction 

All Registers: 
x0: 	0x00000000
x1: 	0x00000000
x2: 	0x00000000
x3: 	0x00000000
x4: 	0x00000000
x5: 	0x00000000
x6: 	0x00000000
x7: 	0x00000000
x8: 	0x00000000
x9: 	0x00000000
x10: 	0x00000000
x11: 	0x00000000
x12: 	0x00000000
x13: 	0x00000000
x14: 	0x00000000
x15: 	0x00000000
x16: 	0x00000000
x17: 	0x00000000
x18: 	0x00000000
x19: 	0x00000000
x20: 	0x00000000
x21: 	0x00000000
x22: 	0x00000000
x23: 	0x00000000
x24: 	0x00000000
x25: 	0x00000000
x26: 	0x00000000
x27: 	0x00000000
x28: 	0x00000000
x29: 	0x00000000
x30: 	0x00000000
x31: 	0x00000000

0x00001c28	0x00000000	Unkown Instruction 

All Registers: 
x0: 	0x00000000
x1: 	0x00000000
x2: 	0x00000000
x3: 	0x00000000
x4: 	0x00000000
x5: 	0x00000000
x6: 	0x00000000
x7: 	0x00000000
x8: 	0x00000000
x9: 	0x00000000
x10: 	0x00000000
x11: 	0x00000000
x12: 	0x00000000
x13: 	0x00000000
x14: 	0x00000000
x15: 	0x00000000
x16: 	0x00000000
x17: 	0x00000000
x18: 	0x00000000
x19: 	0x00000000
x20: 	0x00000000
x21: 	0x00000000
x22: 	0x00000000
x23: 	0x00000000
x24: 	0x00000000
x25: 	0x00000000
x26: 	0x00000000
x27: 	0x00000000
x28: 	0x00000000
x29: 	0x00000000
x30: 	0x00000000
x31: 	0x00000000

0x00001c2c	0x00000000	Unkown Instruction 

All Registers: 
x0: 	0x00000000
x1: 	0x00000000
x2: 	0x00000000
x3: 	0x00000000
x4: 	0x00000000
x5: 	0x00000000
x6: 	0x00000000
x7: 	0x00000000
x8: 	0x00000000
x9: 	0x00000000
x10: 	0x00000000
x11: 	0x00000000
x12: 	0x00000000
x13: 	0x00000000
x14: 	0x00000000
x15: 	0x00000000
x16: 	0x00000000
x17: 	0x00000000
x18: 	0x00000000
x19: 	0x00000000
x20: 	0x00000000
x21: 	0x00000000
x22: 	0x00000000
x23: 	0x00000000
x24: 	0x00000000
x25: 	0x00000000
x26: 	0x00000000
x27: 	0x00000000
x28: 	0x00000000
x29: 	0x00000000
x30: 	0x00000000
x31: 	0x00000000

0x00001c30	0x00000000	Unkown Instruction 

All Registers: 
x0: 	0x00000000
x1: 	0x00000000
x2: 	0x00000000
x3: 	0x00000000
x4: 	0x00000000
x5: 	0x00000000
x6: 	0x00000000
x7: 	0x00000000
x8: 	0x00000000
x9: 	0x00000000
x10: 	0x00000000
x11: 	0x00000000
x12: 	0x00000000
x13: 	0x00000000
x14: 	0x00000000
x15: 	0x00000000
x16: 	0x00000000
x17: 	0x00000000
x18: 	0x00000000
x19: 	0x00000000
x20: 	0x00000000
x21: 	0x00000000
x22: 	0x00000000
x23: 	0x00000000
x24: 	0x00000000
x25: 	0x00000000
x26: 	0x00000000
x27: 	0x00000000
x28: 	0x00000000
x29: 	0x00000000
x30: 	0x00000000
x31: 	0x00000000

0x00001c34	0x00000000	Unkown Instruction 

All Registers: 
x0: 	0x00000000
x1: 	0x00000000
x2: 	0x00000000
x3: 	0x00000000
x4: 	0x00000000
x5: 	0x00000000
x6: 	0x00000000
x7: 	0x00000000
x8: 	0x00000000
x9: 	0x00000000
x10: 	0x00000000
x11: 	0x00000000
x12: 	0x00000000
x13: 	0x00000000
x14: 	0x00000000
x15: 	0x00000000
x16: 	0x00000000
x17: 	0x00000000
x18: 	0x00000000
x19: 	0x00000000
x20: 	0x00000000
x21: 	0x00000000
x22: 	0x00000000
x23: 	0x00000000
x24: 	0x00000000
x25: 	0x00000000
x26: 	0x00000000
x27: 	0x00000000
x28: 	0x00000000
x29: 	0x00000000
x30: 	0x00000000
x31: 	0x00000000

0x00001c38	0x00000000	Unkown Instruction 

All Registers: 
x0: 	0x00000000
x1: 	0x00000000
x2: 	0x00000000
x3: 	0x00000000
x4: 	0x00000000
x5: 	0x00000000
x6: 	0x00000000
x7: 	0x00000000
x8: 	0x00000000
x9: 	0x00000000
x10: 	0x00000000
x11: 	0x00000000
x12: 	0x00000000
x13: 	0x00000000
x14: 	0x00000000
x15: 	0x00000000
x16: 	0x00000000
x17: 	0x00000000
x18: 	0x00000000
x19: 	0x00000000
x20: 	0x00000000
x21: 	0x00000000
x22: 	0x00000000
x23: 	0x00000000
x24: 	0x00000000
x25: 	0x00000000
x26: 	0x00000000
x27: 	0x00000000
x28: 	0x00000000
x29: 	0x00000000
x30: 	0x00000000
x31: 	0x00000000

0x00001c3c	0x00000000	Unkown Instruction 

All Registers: 
x0: 	0x00000000
x1: 	0x00000000
x2: 	0x00000000
x3: 	0x00000000
x4: 	0x00000000
x5: 	0x00000000
x6: 	0x00000000
x7: 	0x00000000
x8: 	0x00000000
x9: 	0x00000000
x10: 	0x00000000
x11: 	0x00000000
x12: 	0x00000000
x13: 	0x00000000
x14: 	0x00000000
x15: 	0x00000000
x16: 	0x00000000
x17: 	0x00000000
x18: 	0x00000000
x19: 	0x00000000
x20: 	0x00000000
x21: 	0x00000000
x22: 	0x00000000
x23: 	0x00000000
x24: 	0x00000000
x25: 	0x00000000
x26: 	0x00000000
x27: 	0x00000000
x28: 	0x00000000
x29: 	0x00000000
x30: 	0x00000000
x31: 	0x00000000

0x00001c40	0x00000000	Unkown Instruction 

All Registers: 
x0: 	0x00000000
x1: 	0x00000000
x2: 	0x00000000
x3: 	0x00000000
x4: 	0x00000000
x5: 	0x00000000
x6: 	0x00000000
x7: 	0x00000000
x8: 	0x00000000
x9: 	0x00000000
x10: 	0x00000000
x11: 	0x00000000
x12: 	0x00000000
x13: 	0x00000000
x14: 	0x00000000
x15: 	0x00000000
x16: 	0x00000000
x17: 	0x00000000
x18: 	0x00000000
x19: 	0x00000000
x20: 	0x00000000
x21: 	0x00000000
x22: 	0x00000000
x23: 	0x00000000
x24: 	0x00000000
x25: 	0x00000000
x26: 	0x00000000
x27: 	0x00000000
x28: 	0x00000000
x29: 	0x00000000
x30: 	0x00000000
x31: 	0x00000000

0x00001c44	0x00000000	Unkown Instruction 

All Registers: 
x0: 	0x00000000
x1: 	0x00000000
x2: 	0x00000000
x3: 	0x00000000
x4: 	0x00000000
x5: 	0x00000000
x6: 	0x00000000
x7: 	0x00000000
x8: 	0x00000000
x9: 	0x00000000
x10: 	0x00000000
x11: 	0x00000000
x12: 	0x00000000
x13: 	0x00000000
x14: 	0x00000000
x15: 	0x00000000
x16: 	0x00000000
x17: 	0x00000000
x18: 	0x00000000
x19: 	0x00000000
x20: 	0x00000000
x21: 	0x00000000
x22: 	0x00000000
x23: 	0x00000000
x24: 	0x00000000
x25: 	0x00000000
x26: 	0x00000000
x27: 	0x00000000
x28: 	0x00000000
x29: 	0x00000000
x30: 	0x00000000
x31: 	0x00000000

0x00001c48	0x00000000	Unkown Instruction 

All Registers: 
x0: 	0x00000000
x1: 	0x00000000
x2: 	0x00000000
x3: 	0x00000000
x4: 	0x00000000
x5: 	0x00000000
x6: 	0x00000000
x7: 	0x00000000
x8: 	0x00000000
x9: 	0x00000000
x10: 	0x00000000
x11: 	0x00000000
x12: 	0x00000000
x13: 	0x00000000
x14: 	0x00000000
x15: 	0x00000000
x16: 	0x00000000
x17: 	0x00000000
x18: 	0x00000000
x19: 	0x00000000
x20: 	0x00000000
x21: 	0x00000000
x22: 	0x00000000
x23: 	0x00000000
x24: 	0x00000000
x25: 	0x00000000
x26: 	0x00000000
x27: 	0x00000000
x28: 	0x00000000
x29: 	0x00000000
x30: 	0x00000000
x31: 	0x00000000

0x00001c4c	0x00000000	Unkown Instruction 

All Registers: 
x0: 	0x00000000
x1: 	0x00000000
x2: 	0x00000000
x3: 	0x00000000
x4: 	0x00000000
x5: 	0x00000000
x6: 	0x00000000
x7: 	0x00000000
x8: 	0x00000000
x9: 	0x00000000
x10: 	0x00000000
x11: 	0x00000000
x12: 	0x00000000
x13: 	0x00000000
x14: 	0x00000000
x15: 	0x00000000
x16: 	0x00000000
x17: 	0x00000000
x18: 	0x00000000
x19: 	0x00000000
x20: 	0x00000000
x21: 	0x00000000
x22: 	0x00000000
x23: 	0x00000000
x24: 	0x00000000
x25: 	0x00000000
x26: 	0x00000000
x27: 	0x00000000
x28: 	0x00000000
x29: 	0x00000000
x30: 	0x00000000
x31: 	0x00000000

0x00001c50	0x00000000	Unkown Instruction 

All Registers: 
x0: 	0x00000000
x1: 	0x00000000
x2: 	0x00000000
x3: 	0x00000000
x4: 	0x00000000
x5: 	0x00000000
x6: 	0x00000000
x7: 	0x00000000
x8: 	0x00000000
x9: 	0x00000000
x10: 	0x00000000
x11: 	0x00000000
x12: 	0x00000000
x13: 	0x00000000
x14: 	0x00000000
x15: 	0x00000000
x16: 	0x00000000
x17: 	0x00000000
x18: 	0x00000000
x19: 	0x00000000
x20: 	0x00000000
x21: 	0x00000000
x22: 	0x00000000
x23: 	0x00000000
x24: 	0x00000000
x25: 	0x00000000
x26: 	0x00000000
x27: 	0x00000000
x28: 	0x00000000
x29: 	0x00000000
x30: 	0x00000000
x31: 	0x00000000

0x00001c54	0x00000000	Unkown Instruction 

All Registers: 
x0: 	0x00000000
x1: 	0x00000000
x2: 	0x00000000
x3: 	0x00000000
x4: 	0x00000000
x5: 	0x00000000
x6: 	0x00000000
x7: 	0x00000000
x8: 	0x00000000
x9: 	0x00000000
x10: 	0x00000000
x11: 	0x00000000
x12: 	0x00000000
x13: 	0x00000000
x14: 	0x00000000
x15: 	0x00000000
x16: 	0x00000000
x17: 	0x00000000
x18: 	0x00000000
x19: 	0x00000000
x20: 	0x00000000
x21: 	0x00000000
x22: 	0x00000000
x23: 	0x00000000
x24: 	0x00000000
x25: 	0x00000000
x26: 	0x00000000
x27: 	0x00000000
x28: 	0x00000000
x29: 	0x00000000
x30: 	0x00000000
x31: 	0x00000000

0x00001c58	0x00000000	Unkown Instruction 

All Registers: 
x0: 	0x00000000
x1: 	0x00000000
x2: 	0x00000000
x3: 	0x00000000
x4: 	0x00000000
x5: 	0x00000000
x6: 	0x00000000
x7: 	0x00000000
x8: 	0x00000000
x9: 	0x00000000
x10: 	0x00000000
x11: 	0x00000000
x12: 	0x00000000
x13: 	0x00000000
x14: 	0x00000000
x15: 	0x00000000
x16: 	0x00000000
x17: 	0x00000000
x18: 	0x00000000
x19: 	0x00000000
x20: 	0x00000000
x21: 	0x00000000
x22: 	0x00000000
x23: 	0x00000000
x24: 	0x00000000
x25: 	0x00000000
x26: 	0x00000000
x27: 	0x00000000
x28: 	0x00000000
x29: 	0x00000000
x30: 	0x00000000
x31: 	0x00000000

0x00001c5c	0x00000000	Unkown Instruction 

All Registers: 
x0: 	0x00000000
x1: 	0x00000000
x2: 	0x00000000
x3: 	0x00000000
x4: 	0x00000000
x5: 	0x00000000
x6: 	0x00000000
x7: 	0x00000000
x8: 	0x00000000
x9: 	0x00000000
x10: 	0x00000000
x11: 	0x00000000
x12: 	0x00000000
x13: 	0x00000000
x14: 	0x00000000
x15: 	0x00000000
x16: 	0x00000000
x17: 	0x00000000
x18: 	0x00000000
x19: 	0x00000000
x20: 	0x00000000
x21: 	0x00000000
x22: 	0x00000000
x23: 	0x00000000
x24: 	0x00000000
x25: 	0x00000000
x26: 	0x00000000
x27: 	0x00000000
x28: 	0x00000000
x29: 	0x00000000
x30: 	0x00000000
x31: 	0x00000000

0x00001c60	0x00000000	Unkown Instruction 

All Registers: 
x0: 	0x00000000
x1: 	0x00000000
x2: 	0x00000000
x3: 	0x00000000
x4: 	0x00000000
x5: 	0x00000000
x6: 	0x00000000
x7: 	0x00000000
x8: 	0x00000000
x9: 	0x00000000
x10: 	0x00000000
x11: 	0x00000000
x12: 	0x00000000
x13: 	0x00000000
x14: 	0x00000000
x15: 	0x00000000
x16: 	0x00000000
x17: 	0x00000000
x18: 	0x00000000
x19: 	0x00000000
x20: 	0x00000000
x21: 	0x00000000
x22: 	0x00000000
x23: 	0x00000000
x24: 	0x00000000
x25: 	0x00000000
x26: 	0x00000000
x27: 	0x00000000
x28: 	0x00000000
x29: 	0x00000000
x30: 	0x00000000
x31: 	0x00000000

0x00001c64	0x00000000	Unkown Instruction 

All Registers: 
x0: 	0x00000000
x1: 	0x00000000
x2: 	0x00000000
x3: 	0x00000000
x4: 	0x00000000
x5: 	0x00000000
x6: 	0x00000000
x7: 	0x00000000
x8: 	0x00000000
x9: 	0x00000000
x10: 	0x00000000
x11: 	0x00000000
x12: 	0x00000000
x13: 	0x00000000
x14: 	0x00000000
x15: 	0x00000000
x16: 	0x00000000
x17: 	0x00000000
x18: 	0x00000000
x19: 	0x00000000
x20: 	0x00000000
x21: 	0x00000000
x22: 	0x00000000
x23: 	0x00000000
x24: 	0x00000000
x25: 	0x00000000
x26: 	0x00000000
x27: 	0x00000000
x28: 	0x00000000
x29: 	0x00000000
x30: 	0x00000000
x31: 	0x00000000

0x00001c68	0x00000000	Unkown Instruction 

All Registers: 
x0: 	0x00000000
x1: 	0x00000000
x2: 	0x00000000
x3: 	0x00000000
x4: 	0x00000000
x5: 	0x00000000
x6: 	0x00000000
x7: 	0x00000000
x8: 	0x00000000
x9: 	0x00000000
x10: 	0x00000000
x11: 	0x00000000
x12: 	0x00000000
x13: 	0x00000000
x14: 	0x00000000
x15: 	0x00000000
x16: 	0x00000000
x17: 	0x00000000
x18: 	0x00000000
x19: 	0x00000000
x20: 	0x00000000
x21: 	0x00000000
x22: 	0x00000000
x23: 	0x00000000
x24: 	0x00000000
x25: 	0x00000000
x26: 	0x00000000
x27: 	0x00000000
x28: 	0x00000000
x29: 	0x00000000
x30: 	0x00000000
x31: 	0x00000000

0x00001c6c	0x00000000	Unkown Instruction 

All Registers: 
x0: 	0x00000000
x1: 	0x00000000
x2: 	0x00000000
x3: 	0x00000000
x4: 	0x00000000
x5: 	0x00000000
x6: 	0x00000000
x7: 	0x00000000
x8: 	0x00000000
x9: 	0x00000000
x10: 	0x00000000
x11: 	0x00000000
x12: 	0x00000000
x13: 	0x00000000
x14: 	0x00000000
x15: 	0x00000000
x16: 	0x00000000
x17: 	0x00000000
x18: 	0x00000000
x19: 	0x00000000
x20: 	0x00000000
x21: 	0x00000000
x22: 	0x00000000
x23: 	0x00000000
x24: 	0x00000000
x25: 	0x00000000
x26: 	0x00000000
x27: 	0x00000000
x28: 	0x00000000
x29: 	0x00000000
x30: 	0x00000000
x31: 	0x00000000

0x00001c70	0x00000000	Unkown Instruction 

All Registers: 
x0: 	0x00000000
x1: 	0x00000000
x2: 	0x00000000
x3: 	0x00000000
x4: 	0x00000000
x5: 	0x00000000
x6: 	0x00000000
x7: 	0x00000000
x8: 	0x00000000
x9: 	0x00000000
x10: 	0x00000000
x11: 	0x00000000
x12: 	0x00000000
x13: 	0x00000000
x14: 	0x00000000
x15: 	0x00000000
x16: 	0x00000000
x17: 	0x00000000
x18: 	0x00000000
x19: 	0x00000000
x20: 	0x00000000
x21: 	0x00000000
x22: 	0x00000000
x23: 	0x00000000
x24: 	0x00000000
x25: 	0x00000000
x26: 	0x00000000
x27: 	0x00000000
x28: 	0x00000000
x29: 	0x00000000
x30: 	0x00000000
x31: 	0x00000000

0x00001c74	0x00000000	Unkown Instruction 

All Registers: 
x0: 	0x00000000
x1: 	0x00000000
x2: 	0x00000000
x3: 	0x00000000
x4: 	0x00000000
x5: 	0x00000000
x6: 	0x00000000
x7: 	0x00000000
x8: 	0x00000000
x9: 	0x00000000
x10: 	0x00000000
x11: 	0x00000000
x12: 	0x00000000
x13: 	0x00000000
x14: 	0x00000000
x15: 	0x00000000
x16: 	0x00000000
x17: 	0x00000000
x18: 	0x00000000
x19: 	0x00000000
x20: 	0x00000000
x21: 	0x00000000
x22: 	0x00000000
x23: 	0x00000000
x24: 	0x00000000
x25: 	0x00000000
x26: 	0x00000000
x27: 	0x00000000
x28: 	0x00000000
x29: 	0x00000000
x30: 	0x00000000
x31: 	0x00000000

0x00001c78	0x00000000	Unkown Instruction 

All Registers: 
x0: 	0x00000000
x1: 	0x00000000
x2: 	0x00000000
x3: 	0x00000000
x4: 	0x00000000
x5: 	0x00000000
x6: 	0x00000000
x7: 	0x00000000
x8: 	0x00000000
x9: 	0x00000000
x10: 	0x00000000
x11: 	0x00000000
x12: 	0x00000000
x13: 	0x00000000
x14: 	0x00000000
x15: 	0x00000000
x16: 	0x00000000
x17: 	0x00000000
x18: 	0x00000000
x19: 	0x00000000
x20: 	0x00000000
x21: 	0x00000000
x22: 	0x00000000
x23: 	0x00000000
x24: 	0x00000000
x25: 	0x00000000
x26: 	0x00000000
x27: 	0x00000000
x28: 	0x00000000
x29: 	0x00000000
x30: 	0x00000000
x31: 	0x00000000

0x00001c7c	0x00000000	Unkown Instruction 

All Registers: 
x0: 	0x00000000
x1: 	0x00000000
x2: 	0x00000000
x3: 	0x00000000
x4: 	0x00000000
x5: 	0x00000000
x6: 	0x00000000
x7: 	0x00000000
x8: 	0x00000000
x9: 	0x00000000
x10: 	0x00000000
x11: 	0x00000000
x12: 	0x00000000
x13: 	0x00000000
x14: 	0x00000000
x15: 	0x00000000
x16: 	0x00000000
x17: 	0x00000000
x18: 	0x00000000
x19: 	0x00000000
x20: 	0x00000000
x21: 	0x00000000
x22: 	0x00000000
x23: 	0x00000000
x24: 	0x00000000
x25: 	0x00000000
x26: 	0x00000000
x27: 	0x00000000
x28: 	0x00000000
x29: 	0x00000000
x30: 	0x00000000
x31: 	0x00000000

0x00001c80	0x00000000	Unkown Instruction 

All Registers: 
x0: 	0x00000000
x1: 	0x00000000
x2: 	0x00000000
x3: 	0x00000000
x4: 	0x00000000
x5: 	0x00000000
x6: 	0x00000000
x7: 	0x00000000
x8: 	0x00000000
x9: 	0x00000000
x10: 	0x00000000
x11: 	0x00000000
x12: 	0x00000000
x13: 	0x00000000
x14: 	0x00000000
x15: 	0x00000000
x16: 	0x00000000
x17: 	0x00000000
x18: 	0x00000000
x19: 	0x00000000
x20: 	0x00000000
x21: 	0x00000000
x22: 	0x00000000
x23: 	0x00000000
x24: 	0x00000000
x25: 	0x00000000
x26: 	0x00000000
x27: 	0x00000000
x28: 	0x00000000
x29: 	0x00000000
x30: 	0x00000000
x31: 	0x00000000

0x00001c84	0x00000000	Unkown Instruction 

All Registers: 
x0: 	0x00000000
x1: 	0x00000000
x2: 	0x00000000
x3: 	0x00000000
x4: 	0x00000000
x5: 	0x00000000
x6: 	0x00000000
x7: 	0x00000000
x8: 	0x00000000
x9: 	0x00000000
x10: 	0x00000000
x11: 	0x00000000
x12: 	0x00000000
x13: 	0x00000000
x14: 	0x00000000
x15: 	0x00000000
x16: 	0x00000000
x17: 	0x00000000
x18: 	0x00000000
x19: 	0x00000000
x20: 	0x00000000
x21: 	0x00000000
x22: 	0x00000000
x23: 	0x00000000
x24: 	0x00000000
x25: 	0x00000000
x26: 	0x00000000
x27: 	0x00000000
x28: 	0x00000000
x29: 	0x00000000
x30: 	0x00000000
x31: 	0x00000000

0x00001c88	0x00000000	Unkown Instruction 

All Registers: 
x0: 	0x00000000
x1: 	0x00000000
x2: 	0x00000000
x3: 	0x00000000
x4: 	0x00000000
x5: 	0x00000000
x6: 	0x00000000
x7: 	0x00000000
x8: 	0x00000000
x9: 	0x00000000
x10: 	0x00000000
x11: 	0x00000000
x12: 	0x00000000
x13: 	0x00000000
x14: 	0x00000000
x15: 	0x00000000
x16: 	0x00000000
x17: 	0x00000000
x18: 	0x00000000
x19: 	0x00000000
x20: 	0x00000000
x21: 	0x00000000
x22: 	0x00000000
x23: 	0x00000000
x24: 	0x00000000
x25: 	0x00000000
x26: 	0x00000000
x27: 	0x00000000
x28: 	0x00000000
x29: 	0x00000000
x30: 	0x00000000
x31: 	0x00000000

0x00001c8c	0x00000000	Unkown Instruction 

All Registers: 
x0: 	0x00000000
x1: 	0x00000000
x2: 	0x00000000
x3: 	0x00000000
x4: 	0x00000000
x5: 	0x00000000
x6: 	0x00000000
x7: 	0x00000000
x8: 	0x00000000
x9: 	0x00000000
x10: 	0x00000000
x11: 	0x00000000
x12: 	0x00000000
x13: 	0x00000000
x14: 	0x00000000
x15: 	0x00000000
x16: 	0x00000000
x17: 	0x00000000
x18: 	0x00000000
x19: 	0x00000000
x20: 	0x00000000
x21: 	0x00000000
x22: 	0x00000000
x23: 	0x00000000
x24: 	0x00000000
x25: 	0x00000000
x26: 	0x00000000
x27: 	0x00000000
x28: 	0x00000000
x29: 	0x00000000
x30: 	0x00000000
x31: 	0x00000000

0x00001c90	0x00000000	Unkown Instruction 

All Registers: 
x0: 	0x00000000
x1: 	0x00000000
x2: 	0x00000000
x3: 	0x00000000
x4: 	0x00000000
x5: 	0x00000000
x6: 	0x00000000
x7: 	0x00000000
x8: 	0x00000000
x9: 	0x00000000
x10: 	0x00000000
x11: 	0x00000000
x12: 	0x00000000
x13: 	0x00000000
x14: 	0x00000000
x15: 	0x00000000
x16: 	0x00000000
x17: 	0x00000000
x18: 	0x00000000
x19: 	0x00000000
x20: 	0x00000000
x21: 	0x00000000
x22: 	0x00000000
x23: 	0x00000000
x24: 	0x00000000
x25: 	0x00000000
x26: 	0x00000000
x27: 	0x00000000
x28: 	0x00000000
x29: 	0x00000000
x30: 	0x00000000
x31: 	0x00000000

0x00001c94	0x00000000	Unkown Instruction 

All Registers: 
x0: 	0x00000000
x1: 	0x00000000
x2: 	0x00000000
x3: 	0x00000000
x4: 	0x00000000
x5: 	0x00000000
x6: 	0x00000000
x7: 	0x00000000
x8: 	0x00000000
x9: 	0x00000000
x10: 	0x00000000
x11: 	0x00000000
x12: 	0x00000000
x13: 	0x00000000
x14: 	0x00000000
x15: 	0x00000000
x16: 	0x00000000
x17: 	0x00000000
x18: 	0x00000000
x19: 	0x00000000
x20: 	0x00000000
x21: 	0x00000000
x22: 	0x00000000
x23: 	0x00000000
x24: 	0x00000000
x25: 	0x00000000
x26: 	0x00000000
x27: 	0x00000000
x28: 	0x00000000
x29: 	0x00000000
x30: 	0x00000000
x31: 	0x00000000

0x00001c98	0x00000000	Unkown Instruction 

All Registers: 
x0: 	0x00000000
x1: 	0x00000000
x2: 	0x00000000
x3: 	0x00000000
x4: 	0x00000000
x5: 	0x00000000
x6: 	0x00000000
x7: 	0x00000000
x8: 	0x00000000
x9: 	0x00000000
x10: 	0x00000000
x11: 	0x00000000
x12: 	0x00000000
x13: 	0x00000000
x14: 	0x00000000
x15: 	0x00000000
x16: 	0x00000000
x17: 	0x00000000
x18: 	0x00000000
x19: 	0x00000000
x20: 	0x00000000
x21: 	0x00000000
x22: 	0x00000000
x23: 	0x00000000
x24: 	0x00000000
x25: 	0x00000000
x26: 	0x00000000
x27: 	0x00000000
x28: 	0x00000000
x29: 	0x00000000
x30: 	0x00000000
x31: 	0x00000000

0x00001c9c	0x00000000	Unkown Instruction 

All Registers: 
x0: 	0x00000000
x1: 	0x00000000
x2: 	0x00000000
x3: 	0x00000000
x4: 	0x00000000
x5: 	0x00000000
x6: 	0x00000000
x7: 	0x00000000
x8: 	0x00000000
x9: 	0x00000000
x10: 	0x00000000
x11: 	0x00000000
x12: 	0x00000000
x13: 	0x00000000
x14: 	0x00000000
x15: 	0x00000000
x16: 	0x00000000
x17: 	0x00000000
x18: 	0x00000000
x19: 	0x00000000
x20: 	0x00000000
x21: 	0x00000000
x22: 	0x00000000
x23: 	0x00000000
x24: 	0x00000000
x25: 	0x00000000
x26: 	0x00000000
x27: 	0x00000000
x28: 	0x00000000
x29: 	0x00000000
x30: 	0x00000000
x31: 	0x00000000

0x00001ca0	0x00000000	Unkown Instruction 

All Registers: 
x0: 	0x00000000
x1: 	0x00000000
x2: 	0x00000000
x3: 	0x00000000
x4: 	0x00000000
x5: 	0x00000000
x6: 	0x00000000
x7: 	0x00000000
x8: 	0x00000000
x9: 	0x00000000
x10: 	0x00000000
x11: 	0x00000000
x12: 	0x00000000
x13: 	0x00000000
x14: 	0x00000000
x15: 	0x00000000
x16: 	0x00000000
x17: 	0x00000000
x18: 	0x00000000
x19: 	0x00000000
x20: 	0x00000000
x21: 	0x00000000
x22: 	0x00000000
x23: 	0x00000000
x24: 	0x00000000
x25: 	0x00000000
x26: 	0x00000000
x27: 	0x00000000
x28: 	0x00000000
x29: 	0x00000000
x30: 	0x00000000
x31: 	0x00000000

0x00001ca4	0x00000000	Unkown Instruction 

All Registers: 
x0: 	0x00000000
x1: 	0x00000000
x2: 	0x00000000
x3: 	0x00000000
x4: 	0x00000000
x5: 	0x00000000
x6: 	0x00000000
x7: 	0x00000000
x8: 	0x00000000
x9: 	0x00000000
x10: 	0x00000000
x11: 	0x00000000
x12: 	0x00000000
x13: 	0x00000000
x14: 	0x00000000
x15: 	0x00000000
x16: 	0x00000000
x17: 	0x00000000
x18: 	0x00000000
x19: 	0x00000000
x20: 	0x00000000
x21: 	0x00000000
x22: 	0x00000000
x23: 	0x00000000
x24: 	0x00000000
x25: 	0x00000000
x26: 	0x00000000
x27: 	0x00000000
x28: 	0x00000000
x29: 	0x00000000
x30: 	0x00000000
x31: 	0x00000000

0x00001ca8	0x00000000	Unkown Instruction 

All Registers: 
x0: 	0x00000000
x1: 	0x00000000
x2: 	0x00000000
x3: 	0x00000000
x4: 	0x00000000
x5: 	0x00000000
x6: 	0x00000000
x7: 	0x00000000
x8: 	0x00000000
x9: 	0x00000000
x10: 	0x00000000
x11: 	0x00000000
x12: 	0x00000000
x13: 	0x00000000
x14: 	0x00000000
x15: 	0x00000000
x16: 	0x00000000
x17: 	0x00000000
x18: 	0x00000000
x19: 	0x00000000
x20: 	0x00000000
x21: 	0x00000000
x22: 	0x00000000
x23: 	0x00000000
x24: 	0x00000000
x25: 	0x00000000
x26: 	0x00000000
x27: 	0x00000000
x28: 	0x00000000
x29: 	0x00000000
x30: 	0x00000000
x31: 	0x00000000

0x00001cac	0x00000000	Unkown Instruction 

All Registers: 
x0: 	0x00000000
x1: 	0x00000000
x2: 	0x00000000
x3: 	0x00000000
x4: 	0x00000000
x5: 	0x00000000
x6: 	0x00000000
x7: 	0x00000000
x8: 	0x00000000
x9: 	0x00000000
x10: 	0x00000000
x11: 	0x00000000
x12: 	0x00000000
x13: 	0x00000000
x14: 	0x00000000
x15: 	0x00000000
x16: 	0x00000000
x17: 	0x00000000
x18: 	0x00000000
x19: 	0x00000000
x20: 	0x00000000
x21: 	0x00000000
x22: 	0x00000000
x23: 	0x00000000
x24: 	0x00000000
x25: 	0x00000000
x26: 	0x00000000
x27: 	0x00000000
x28: 	0x00000000
x29: 	0x00000000
x30: 	0x00000000
x31: 	0x00000000

0x00001cb0	0x00000000	Unkown Instruction 

All Registers: 
x0: 	0x00000000
x1: 	0x00000000
x2: 	0x00000000
x3: 	0x00000000
x4: 	0x00000000
x5: 	0x00000000
x6: 	0x00000000
x7: 	0x00000000
x8: 	0x00000000
x9: 	0x00000000
x10: 	0x00000000
x11: 	0x00000000
x12: 	0x00000000
x13: 	0x00000000
x14: 	0x00000000
x15: 	0x00000000
x16: 	0x00000000
x17: 	0x00000000
x18: 	0x00000000
x19: 	0x00000000
x20: 	0x00000000
x21: 	0x00000000
x22: 	0x00000000
x23: 	0x00000000
x24: 	0x00000000
x25: 	0x00000000
x26: 	0x00000000
x27: 	0x00000000
x28: 	0x00000000
x29: 	0x00000000
x30: 	0x00000000
x31: 	0x00000000

0x00001cb4	0x00000000	Unkown Instruction 

All Registers: 
x0: 	0x00000000
x1: 	0x00000000
x2: 	0x00000000
x3: 	0x00000000
x4: 	0x00000000
x5: 	0x00000000
x6: 	0x00000000
x7: 	0x00000000
x8: 	0x00000000
x9: 	0x00000000
x10: 	0x00000000
x11: 	0x00000000
x12: 	0x00000000
x13: 	0x00000000
x14: 	0x00000000
x15: 	0x00000000
x16: 	0x00000000
x17: 	0x00000000
x18: 	0x00000000
x19: 	0x00000000
x20: 	0x00000000
x21: 	0x00000000
x22: 	0x00000000
x23: 	0x00000000
x24: 	0x00000000
x25: 	0x00000000
x26: 	0x00000000
x27: 	0x00000000
x28: 	0x00000000
x29: 	0x00000000
x30: 	0x00000000
x31: 	0x00000000

0x00001cb8	0x00000000	Unkown Instruction 

All Registers: 
x0: 	0x00000000
x1: 	0x00000000
x2: 	0x00000000
x3: 	0x00000000
x4: 	0x00000000
x5: 	0x00000000
x6: 	0x00000000
x7: 	0x00000000
x8: 	0x00000000
x9: 	0x00000000
x10: 	0x00000000
x11: 	0x00000000
x12: 	0x00000000
x13: 	0x00000000
x14: 	0x00000000
x15: 	0x00000000
x16: 	0x00000000
x17: 	0x00000000
x18: 	0x00000000
x19: 	0x00000000
x20: 	0x00000000
x21: 	0x00000000
x22: 	0x00000000
x23: 	0x00000000
x24: 	0x00000000
x25: 	0x00000000
x26: 	0x00000000
x27: 	0x00000000
x28: 	0x00000000
x29: 	0x00000000
x30: 	0x00000000
x31: 	0x00000000

0x00001cbc	0x00000000	Unkown Instruction 

All Registers: 
x0: 	0x00000000
x1: 	0x00000000
x2: 	0x00000000
x3: 	0x00000000
x4: 	0x00000000
x5: 	0x00000000
x6: 	0x00000000
x7: 	0x00000000
x8: 	0x00000000
x9: 	0x00000000
x10: 	0x00000000
x11: 	0x00000000
x12: 	0x00000000
x13: 	0x00000000
x14: 	0x00000000
x15: 	0x00000000
x16: 	0x00000000
x17: 	0x00000000
x18: 	0x00000000
x19: 	0x00000000
x20: 	0x00000000
x21: 	0x00000000
x22: 	0x00000000
x23: 	0x00000000
x24: 	0x00000000
x25: 	0x00000000
x26: 	0x00000000
x27: 	0x00000000
x28: 	0x00000000
x29: 	0x00000000
x30: 	0x00000000
x31: 	0x00000000

0x00001cc0	0x00000000	Unkown Instruction 

All Registers: 
x0: 	0x00000000
x1: 	0x00000000
x2: 	0x00000000
x3: 	0x00000000
x4: 	0x00000000
x5: 	0x00000000
x6: 	0x00000000
x7: 	0x00000000
x8: 	0x00000000
x9: 	0x00000000
x10: 	0x00000000
x11: 	0x00000000
x12: 	0x00000000
x13: 	0x00000000
x14: 	0x00000000
x15: 	0x00000000
x16: 	0x00000000
x17: 	0x00000000
x18: 	0x00000000
x19: 	0x00000000
x20: 	0x00000000
x21: 	0x00000000
x22: 	0x00000000
x23: 	0x00000000
x24: 	0x00000000
x25: 	0x00000000
x26: 	0x00000000
x27: 	0x00000000
x28: 	0x00000000
x29: 	0x00000000
x30: 	0x00000000
x31: 	0x00000000

0x00001cc4	0x00000000	Unkown Instruction 

All Registers: 
x0: 	0x00000000
x1: 	0x00000000
x2: 	0x00000000
x3: 	0x00000000
x4: 	0x00000000
x5: 	0x00000000
x6: 	0x00000000
x7: 	0x00000000
x8: 	0x00000000
x9: 	0x00000000
x10: 	0x00000000
x11: 	0x00000000
x12: 	0x00000000
x13: 	0x00000000
x14: 	0x00000000
x15: 	0x00000000
x16: 	0x00000000
x17: 	0x00000000
x18: 	0x00000000
x19: 	0x00000000
x20: 	0x00000000
x21: 	0x00000000
x22: 	0x00000000
x23: 	0x00000000
x24: 	0x00000000
x25: 	0x00000000
x26: 	0x00000000
x27: 	0x00000000
x28: 	0x00000000
x29: 	0x00000000
x30: 	0x00000000
x31: 	0x00000000

0x00001cc8	0x00000000	Unkown Instruction 

All Registers: 
x0: 	0x00000000
x1: 	0x00000000
x2: 	0x00000000
x3: 	0x00000000
x4: 	0x00000000
x5: 	0x00000000
x6: 	0x00000000
x7: 	0x00000000
x8: 	0x00000000
x9: 	0x00000000
x10: 	0x00000000
x11: 	0x00000000
x12: 	0x00000000
x13: 	0x00000000
x14: 	0x00000000
x15: 	0x00000000
x16: 	0x00000000
x17: 	0x00000000
x18: 	0x00000000
x19: 	0x00000000
x20: 	0x00000000
x21: 	0x00000000
x22: 	0x00000000
x23: 	0x00000000
x24: 	0x00000000
x25: 	0x00000000
x26: 	0x00000000
x27: 	0x00000000
x28: 	0x00000000
x29: 	0x00000000
x30: 	0x00000000
x31: 	0x00000000

0x00001ccc	0x00000000	Unkown Instruction 

All Registers: 
x0: 	0x00000000
x1: 	0x00000000
x2: 	0x00000000
x3: 	0x00000000
x4: 	0x00000000
x5: 	0x00000000
x6: 	0x00000000
x7: 	0x00000000
x8: 	0x00000000
x9: 	0x00000000
x10: 	0x00000000
x11: 	0x00000000
x12: 	0x00000000
x13: 	0x00000000
x14: 	0x00000000
x15: 	0x00000000
x16: 	0x00000000
x17: 	0x00000000
x18: 	0x00000000
x19: 	0x00000000
x20: 	0x00000000
x21: 	0x00000000
x22: 	0x00000000
x23: 	0x00000000
x24: 	0x00000000
x25: 	0x00000000
x26: 	0x00000000
x27: 	0x00000000
x28: 	0x00000000
x29: 	0x00000000
x30: 	0x00000000
x31: 	0x00000000

0x00001cd0	0x00000000	Unkown Instruction 

All Registers: 
x0: 	0x00000000
x1: 	0x00000000
x2: 	0x00000000
x3: 	0x00000000
x4: 	0x00000000
x5: 	0x00000000
x6: 	0x00000000
x7: 	0x00000000
x8: 	0x00000000
x9: 	0x00000000
x10: 	0x00000000
x11: 	0x00000000
x12: 	0x00000000
x13: 	0x00000000
x14: 	0x00000000
x15: 	0x00000000
x16: 	0x00000000
x17: 	0x00000000
x18: 	0x00000000
x19: 	0x00000000
x20: 	0x00000000
x21: 	0x00000000
x22: 	0x00000000
x23: 	0x00000000
x24: 	0x00000000
x25: 	0x00000000
x26: 	0x00000000
x27: 	0x00000000
x28: 	0x00000000
x29: 	0x00000000
x30: 	0x00000000
x31: 	0x00000000

0x00001cd4	0x00000000	Unkown Instruction 

All Registers: 
x0: 	0x00000000
x1: 	0x00000000
x2: 	0x00000000
x3: 	0x00000000
x4: 	0x00000000
x5: 	0x00000000
x6: 	0x00000000
x7: 	0x00000000
x8: 	0x00000000
x9: 	0x00000000
x10: 	0x00000000
x11: 	0x00000000
x12: 	0x00000000
x13: 	0x00000000
x14: 	0x00000000
x15: 	0x00000000
x16: 	0x00000000
x17: 	0x00000000
x18: 	0x00000000
x19: 	0x00000000
x20: 	0x00000000
x21: 	0x00000000
x22: 	0x00000000
x23: 	0x00000000
x24: 	0x00000000
x25: 	0x00000000
x26: 	0x00000000
x27: 	0x00000000
x28: 	0x00000000
x29: 	0x00000000
x30: 	0x00000000
x31: 	0x00000000

0x00001cd8	0x00000000	Unkown Instruction 

All Registers: 
x0: 	0x00000000
x1: 	0x00000000
x2: 	0x00000000
x3: 	0x00000000
x4: 	0x00000000
x5: 	0x00000000
x6: 	0x00000000
x7: 	0x00000000
x8: 	0x00000000
x9: 	0x00000000
x10: 	0x00000000
x11: 	0x00000000
x12: 	0x00000000
x13: 	0x00000000
x14: 	0x00000000
x15: 	0x00000000
x16: 	0x00000000
x17: 	0x00000000
x18: 	0x00000000
x19: 	0x00000000
x20: 	0x00000000
x21: 	0x00000000
x22: 	0x00000000
x23: 	0x00000000
x24: 	0x00000000
x25: 	0x00000000
x26: 	0x00000000
x27: 	0x00000000
x28: 	0x00000000
x29: 	0x00000000
x30: 	0x00000000
x31: 	0x00000000

0x00001cdc	0x00000000	Unkown Instruction 

All Registers: 
x0: 	0x00000000
x1: 	0x00000000
x2: 	0x00000000
x3: 	0x00000000
x4: 	0x00000000
x5: 	0x00000000
x6: 	0x00000000
x7: 	0x00000000
x8: 	0x00000000
x9: 	0x00000000
x10: 	0x00000000
x11: 	0x00000000
x12: 	0x00000000
x13: 	0x00000000
x14: 	0x00000000
x15: 	0x00000000
x16: 	0x00000000
x17: 	0x00000000
x18: 	0x00000000
x19: 	0x00000000
x20: 	0x00000000
x21: 	0x00000000
x22: 	0x00000000
x23: 	0x00000000
x24: 	0x00000000
x25: 	0x00000000
x26: 	0x00000000
x27: 	0x00000000
x28: 	0x00000000
x29: 	0x00000000
x30: 	0x00000000
x31: 	0x00000000

0x00001ce0	0x00000000	Unkown Instruction 

All Registers: 
x0: 	0x00000000
x1: 	0x00000000
x2: 	0x00000000
x3: 	0x00000000
x4: 	0x00000000
x5: 	0x00000000
x6: 	0x00000000
x7: 	0x00000000
x8: 	0x00000000
x9: 	0x00000000
x10: 	0x00000000
x11: 	0x00000000
x12: 	0x00000000
x13: 	0x00000000
x14: 	0x00000000
x15: 	0x00000000
x16: 	0x00000000
x17: 	0x00000000
x18: 	0x00000000
x19: 	0x00000000
x20: 	0x00000000
x21: 	0x00000000
x22: 	0x00000000
x23: 	0x00000000
x24: 	0x00000000
x25: 	0x00000000
x26: 	0x00000000
x27: 	0x00000000
x28: 	0x00000000
x29: 	0x00000000
x30: 	0x00000000
x31: 	0x00000000

0x00001ce4	0x00000000	Unkown Instruction 

All Registers: 
x0: 	0x00000000
x1: 	0x00000000
x2: 	0x00000000
x3: 	0x00000000
x4: 	0x00000000
x5: 	0x00000000
x6: 	0x00000000
x7: 	0x00000000
x8: 	0x00000000
x9: 	0x00000000
x10: 	0x00000000
x11: 	0x00000000
x12: 	0x00000000
x13: 	0x00000000
x14: 	0x00000000
x15: 	0x00000000
x16: 	0x00000000
x17: 	0x00000000
x18: 	0x00000000
x19: 	0x00000000
x20: 	0x00000000
x21: 	0x00000000
x22: 	0x00000000
x23: 	0x00000000
x24: 	0x00000000
x25: 	0x00000000
x26: 	0x00000000
x27: 	0x00000000
x28: 	0x00000000
x29: 	0x00000000
x30: 	0x00000000
x31: 	0x00000000

0x00001ce8	0x00000000	Unkown Instruction 

All Registers: 
x0: 	0x00000000
x1: 	0x00000000
x2: 	0x00000000
x3: 	0x00000000
x4: 	0x00000000
x5: 	0x00000000
x6: 	0x00000000
x7: 	0x00000000
x8: 	0x00000000
x9: 	0x00000000
x10: 	0x00000000
x11: 	0x00000000
x12: 	0x00000000
x13: 	0x00000000
x14: 	0x00000000
x15: 	0x00000000
x16: 	0x00000000
x17: 	0x00000000
x18: 	0x00000000
x19: 	0x00000000
x20: 	0x00000000
x21: 	0x00000000
x22: 	0x00000000
x23: 	0x00000000
x24: 	0x00000000
x25: 	0x00000000
x26: 	0x00000000
x27: 	0x00000000
x28: 	0x00000000
x29: 	0x00000000
x30: 	0x00000000
x31: 	0x00000000

0x00001cec	0x00000000	Unkown Instruction 

All Registers: 
x0: 	0x00000000
x1: 	0x00000000
x2: 	0x00000000
x3: 	0x00000000
x4: 	0x00000000
x5: 	0x00000000
x6: 	0x00000000
x7: 	0x00000000
x8: 	0x00000000
x9: 	0x00000000
x10: 	0x00000000
x11: 	0x00000000
x12: 	0x00000000
x13: 	0x00000000
x14: 	0x00000000
x15: 	0x00000000
x16: 	0x00000000
x17: 	0x00000000
x18: 	0x00000000
x19: 	0x00000000
x20: 	0x00000000
x21: 	0x00000000
x22: 	0x00000000
x23: 	0x00000000
x24: 	0x00000000
x25: 	0x00000000
x26: 	0x00000000
x27: 	0x00000000
x28: 	0x00000000
x29: 	0x00000000
x30: 	0x00000000
x31: 	0x00000000

0x00001cf0	0x00000000	Unkown Instruction 

All Registers: 
x0: 	0x00000000
x1: 	0x00000000
x2: 	0x00000000
x3: 	0x00000000
x4: 	0x00000000
x5: 	0x00000000
x6: 	0x00000000
x7: 	0x00000000
x8: 	0x00000000
x9: 	0x00000000
x10: 	0x00000000
x11: 	0x00000000
x12: 	0x00000000
x13: 	0x00000000
x14: 	0x00000000
x15: 	0x00000000
x16: 	0x00000000
x17: 	0x00000000
x18: 	0x00000000
x19: 	0x00000000
x20: 	0x00000000
x21: 	0x00000000
x22: 	0x00000000
x23: 	0x00000000
x24: 	0x00000000
x25: 	0x00000000
x26: 	0x00000000
x27: 	0x00000000
x28: 	0x00000000
x29: 	0x00000000
x30: 	0x00000000
x31: 	0x00000000

0x00001cf4	0x00000000	Unkown Instruction 

All Registers: 
x0: 	0x00000000
x1: 	0x00000000
x2: 	0x00000000
x3: 	0x00000000
x4: 	0x00000000
x5: 	0x00000000
x6: 	0x00000000
x7: 	0x00000000
x8: 	0x00000000
x9: 	0x00000000
x10: 	0x00000000
x11: 	0x00000000
x12: 	0x00000000
x13: 	0x00000000
x14: 	0x00000000
x15: 	0x00000000
x16: 	0x00000000
x17: 	0x00000000
x18: 	0x00000000
x19: 	0x00000000
x20: 	0x00000000
x21: 	0x00000000
x22: 	0x00000000
x23: 	0x00000000
x24: 	0x00000000
x25: 	0x00000000
x26: 	0x00000000
x27: 	0x00000000
x28: 	0x00000000
x29: 	0x00000000
x30: 	0x00000000
x31: 	0x00000000

0x00001cf8	0x00000000	Unkown Instruction 

All Registers: 
x0: 	0x00000000
x1: 	0x00000000
x2: 	0x00000000
x3: 	0x00000000
x4: 	0x00000000
x5: 	0x00000000
x6: 	0x00000000
x7: 	0x00000000
x8: 	0x00000000
x9: 	0x00000000
x10: 	0x00000000
x11: 	0x00000000
x12: 	0x00000000
x13: 	0x00000000
x14: 	0x00000000
x15: 	0x00000000
x16: 	0x00000000
x17: 	0x00000000
x18: 	0x00000000
x19: 	0x00000000
x20: 	0x00000000
x21: 	0x00000000
x22: 	0x00000000
x23: 	0x00000000
x24: 	0x00000000
x25: 	0x00000000
x26: 	0x00000000
x27: 	0x00000000
x28: 	0x00000000
x29: 	0x00000000
x30: 	0x00000000
x31: 	0x00000000

0x00001cfc	0x00000000	Unkown Instruction 

All Registers: 
x0: 	0x00000000
x1: 	0x00000000
x2: 	0x00000000
x3: 	0x00000000
x4: 	0x00000000
x5: 	0x00000000
x6: 	0x00000000
x7: 	0x00000000
x8: 	0x00000000
x9: 	0x00000000
x10: 	0x00000000
x11: 	0x00000000
x12: 	0x00000000
x13: 	0x00000000
x14: 	0x00000000
x15: 	0x00000000
x16: 	0x00000000
x17: 	0x00000000
x18: 	0x00000000
x19: 	0x00000000
x20: 	0x00000000
x21: 	0x00000000
x22: 	0x00000000
x23: 	0x00000000
x24: 	0x00000000
x25: 	0x00000000
x26: 	0x00000000
x27: 	0x00000000
x28: 	0x00000000
x29: 	0x00000000
x30: 	0x00000000
x31: 	0x00000000

0x00001d00	0x00000000	Unkown Instruction 

All Registers: 
x0: 	0x00000000
x1: 	0x00000000
x2: 	0x00000000
x3: 	0x00000000
x4: 	0x00000000
x5: 	0x00000000
x6: 	0x00000000
x7: 	0x00000000
x8: 	0x00000000
x9: 	0x00000000
x10: 	0x00000000
x11: 	0x00000000
x12: 	0x00000000
x13: 	0x00000000
x14: 	0x00000000
x15: 	0x00000000
x16: 	0x00000000
x17: 	0x00000000
x18: 	0x00000000
x19: 	0x00000000
x20: 	0x00000000
x21: 	0x00000000
x22: 	0x00000000
x23: 	0x00000000
x24: 	0x00000000
x25: 	0x00000000
x26: 	0x00000000
x27: 	0x00000000
x28: 	0x00000000
x29: 	0x00000000
x30: 	0x00000000
x31: 	0x00000000

0x00001d04	0x00000000	Unkown Instruction 

All Registers: 
x0: 	0x00000000
x1: 	0x00000000
x2: 	0x00000000
x3: 	0x00000000
x4: 	0x00000000
x5: 	0x00000000
x6: 	0x00000000
x7: 	0x00000000
x8: 	0x00000000
x9: 	0x00000000
x10: 	0x00000000
x11: 	0x00000000
x12: 	0x00000000
x13: 	0x00000000
x14: 	0x00000000
x15: 	0x00000000
x16: 	0x00000000
x17: 	0x00000000
x18: 	0x00000000
x19: 	0x00000000
x20: 	0x00000000
x21: 	0x00000000
x22: 	0x00000000
x23: 	0x00000000
x24: 	0x00000000
x25: 	0x00000000
x26: 	0x00000000
x27: 	0x00000000
x28: 	0x00000000
x29: 	0x00000000
x30: 	0x00000000
x31: 	0x00000000

0x00001d08	0x00000000	Unkown Instruction 

All Registers: 
x0: 	0x00000000
x1: 	0x00000000
x2: 	0x00000000
x3: 	0x00000000
x4: 	0x00000000
x5: 	0x00000000
x6: 	0x00000000
x7: 	0x00000000
x8: 	0x00000000
x9: 	0x00000000
x10: 	0x00000000
x11: 	0x00000000
x12: 	0x00000000
x13: 	0x00000000
x14: 	0x00000000
x15: 	0x00000000
x16: 	0x00000000
x17: 	0x00000000
x18: 	0x00000000
x19: 	0x00000000
x20: 	0x00000000
x21: 	0x00000000
x22: 	0x00000000
x23: 	0x00000000
x24: 	0x00000000
x25: 	0x00000000
x26: 	0x00000000
x27: 	0x00000000
x28: 	0x00000000
x29: 	0x00000000
x30: 	0x00000000
x31: 	0x00000000

0x00001d0c	0x00000000	Unkown Instruction 

All Registers: 
x0: 	0x00000000
x1: 	0x00000000
x2: 	0x00000000
x3: 	0x00000000
x4: 	0x00000000
x5: 	0x00000000
x6: 	0x00000000
x7: 	0x00000000
x8: 	0x00000000
x9: 	0x00000000
x10: 	0x00000000
x11: 	0x00000000
x12: 	0x00000000
x13: 	0x00000000
x14: 	0x00000000
x15: 	0x00000000
x16: 	0x00000000
x17: 	0x00000000
x18: 	0x00000000
x19: 	0x00000000
x20: 	0x00000000
x21: 	0x00000000
x22: 	0x00000000
x23: 	0x00000000
x24: 	0x00000000
x25: 	0x00000000
x26: 	0x00000000
x27: 	0x00000000
x28: 	0x00000000
x29: 	0x00000000
x30: 	0x00000000
x31: 	0x00000000

0x00001d10	0x00000000	Unkown Instruction 

All Registers: 
x0: 	0x00000000
x1: 	0x00000000
x2: 	0x00000000
x3: 	0x00000000
x4: 	0x00000000
x5: 	0x00000000
x6: 	0x00000000
x7: 	0x00000000
x8: 	0x00000000
x9: 	0x00000000
x10: 	0x00000000
x11: 	0x00000000
x12: 	0x00000000
x13: 	0x00000000
x14: 	0x00000000
x15: 	0x00000000
x16: 	0x00000000
x17: 	0x00000000
x18: 	0x00000000
x19: 	0x00000000
x20: 	0x00000000
x21: 	0x00000000
x22: 	0x00000000
x23: 	0x00000000
x24: 	0x00000000
x25: 	0x00000000
x26: 	0x00000000
x27: 	0x00000000
x28: 	0x00000000
x29: 	0x00000000
x30: 	0x00000000
x31: 	0x00000000

0x00001d14	0x00000000	Unkown Instruction 

All Registers: 
x0: 	0x00000000
x1: 	0x00000000
x2: 	0x00000000
x3: 	0x00000000
x4: 	0x00000000
x5: 	0x00000000
x6: 	0x00000000
x7: 	0x00000000
x8: 	0x00000000
x9: 	0x00000000
x10: 	0x00000000
x11: 	0x00000000
x12: 	0x00000000
x13: 	0x00000000
x14: 	0x00000000
x15: 	0x00000000
x16: 	0x00000000
x17: 	0x00000000
x18: 	0x00000000
x19: 	0x00000000
x20: 	0x00000000
x21: 	0x00000000
x22: 	0x00000000
x23: 	0x00000000
x24: 	0x00000000
x25: 	0x00000000
x26: 	0x00000000
x27: 	0x00000000
x28: 	0x00000000
x29: 	0x00000000
x30: 	0x00000000
x31: 	0x00000000

0x00001d18	0x00000000	Unkown Instruction 

All Registers: 
x0: 	0x00000000
x1: 	0x00000000
x2: 	0x00000000
x3: 	0x00000000
x4: 	0x00000000
x5: 	0x00000000
x6: 	0x00000000
x7: 	0x00000000
x8: 	0x00000000
x9: 	0x00000000
x10: 	0x00000000
x11: 	0x00000000
x12: 	0x00000000
x13: 	0x00000000
x14: 	0x00000000
x15: 	0x00000000
x16: 	0x00000000
x17: 	0x00000000
x18: 	0x00000000
x19: 	0x00000000
x20: 	0x00000000
x21: 	0x00000000
x22: 	0x00000000
x23: 	0x00000000
x24: 	0x00000000
x25: 	0x00000000
x26: 	0x00000000
x27: 	0x00000000
x28: 	0x00000000
x29: 	0x00000000
x30: 	0x00000000
x31: 	0x00000000

0x00001d1c	0x00000000	Unkown Instruction 

All Registers: 
x0: 	0x00000000
x1: 	0x00000000
x2: 	0x00000000
x3: 	0x00000000
x4: 	0x00000000
x5: 	0x00000000
x6: 	0x00000000
x7: 	0x00000000
x8: 	0x00000000
x9: 	0x00000000
x10: 	0x00000000
x11: 	0x00000000
x12: 	0x00000000
x13: 	0x00000000
x14: 	0x00000000
x15: 	0x00000000
x16: 	0x00000000
x17: 	0x00000000
x18: 	0x00000000
x19: 	0x00000000
x20: 	0x00000000
x21: 	0x00000000
x22: 	0x00000000
x23: 	0x00000000
x24: 	0x00000000
x25: 	0x00000000
x26: 	0x00000000
x27: 	0x00000000
x28: 	0x00000000
x29: 	0x00000000
x30: 	0x00000000
x31: 	0x00000000

0x00001d20	0x00000000	Unkown Instruction 

All Registers: 
x0: 	0x00000000
x1: 	0x00000000
x2: 	0x00000000
x3: 	0x00000000
x4: 	0x00000000
x5: 	0x00000000
x6: 	0x00000000
x7: 	0x00000000
x8: 	0x00000000
x9: 	0x00000000
x10: 	0x00000000
x11: 	0x00000000
x12: 	0x00000000
x13: 	0x00000000
x14: 	0x00000000
x15: 	0x00000000
x16: 	0x00000000
x17: 	0x00000000
x18: 	0x00000000
x19: 	0x00000000
x20: 	0x00000000
x21: 	0x00000000
x22: 	0x00000000
x23: 	0x00000000
x24: 	0x00000000
x25: 	0x00000000
x26: 	0x00000000
x27: 	0x00000000
x28: 	0x00000000
x29: 	0x00000000
x30: 	0x00000000
x31: 	0x00000000

0x00001d24	0x00000000	Unkown Instruction 

All Registers: 
x0: 	0x00000000
x1: 	0x00000000
x2: 	0x00000000
x3: 	0x00000000
x4: 	0x00000000
x5: 	0x00000000
x6: 	0x00000000
x7: 	0x00000000
x8: 	0x00000000
x9: 	0x00000000
x10: 	0x00000000
x11: 	0x00000000
x12: 	0x00000000
x13: 	0x00000000
x14: 	0x00000000
x15: 	0x00000000
x16: 	0x00000000
x17: 	0x00000000
x18: 	0x00000000
x19: 	0x00000000
x20: 	0x00000000
x21: 	0x00000000
x22: 	0x00000000
x23: 	0x00000000
x24: 	0x00000000
x25: 	0x00000000
x26: 	0x00000000
x27: 	0x00000000
x28: 	0x00000000
x29: 	0x00000000
x30: 	0x00000000
x31: 	0x00000000

0x00001d28	0x00000000	Unkown Instruction 

All Registers: 
x0: 	0x00000000
x1: 	0x00000000
x2: 	0x00000000
x3: 	0x00000000
x4: 	0x00000000
x5: 	0x00000000
x6: 	0x00000000
x7: 	0x00000000
x8: 	0x00000000
x9: 	0x00000000
x10: 	0x00000000
x11: 	0x00000000
x12: 	0x00000000
x13: 	0x00000000
x14: 	0x00000000
x15: 	0x00000000
x16: 	0x00000000
x17: 	0x00000000
x18: 	0x00000000
x19: 	0x00000000
x20: 	0x00000000
x21: 	0x00000000
x22: 	0x00000000
x23: 	0x00000000
x24: 	0x00000000
x25: 	0x00000000
x26: 	0x00000000
x27: 	0x00000000
x28: 	0x00000000
x29: 	0x00000000
x30: 	0x00000000
x31: 	0x00000000

0x00001d2c	0x00000000	Unkown Instruction 

All Registers: 
x0: 	0x00000000
x1: 	0x00000000
x2: 	0x00000000
x3: 	0x00000000
x4: 	0x00000000
x5: 	0x00000000
x6: 	0x00000000
x7: 	0x00000000
x8: 	0x00000000
x9: 	0x00000000
x10: 	0x00000000
x11: 	0x00000000
x12: 	0x00000000
x13: 	0x00000000
x14: 	0x00000000
x15: 	0x00000000
x16: 	0x00000000
x17: 	0x00000000
x18: 	0x00000000
x19: 	0x00000000
x20: 	0x00000000
x21: 	0x00000000
x22: 	0x00000000
x23: 	0x00000000
x24: 	0x00000000
x25: 	0x00000000
x26: 	0x00000000
x27: 	0x00000000
x28: 	0x00000000
x29: 	0x00000000
x30: 	0x00000000
x31: 	0x00000000

0x00001d30	0x00000000	Unkown Instruction 

All Registers: 
x0: 	0x00000000
x1: 	0x00000000
x2: 	0x00000000
x3: 	0x00000000
x4: 	0x00000000
x5: 	0x00000000
x6: 	0x00000000
x7: 	0x00000000
x8: 	0x00000000
x9: 	0x00000000
x10: 	0x00000000
x11: 	0x00000000
x12: 	0x00000000
x13: 	0x00000000
x14: 	0x00000000
x15: 	0x00000000
x16: 	0x00000000
x17: 	0x00000000
x18: 	0x00000000
x19: 	0x00000000
x20: 	0x00000000
x21: 	0x00000000
x22: 	0x00000000
x23: 	0x00000000
x24: 	0x00000000
x25: 	0x00000000
x26: 	0x00000000
x27: 	0x00000000
x28: 	0x00000000
x29: 	0x00000000
x30: 	0x00000000
x31: 	0x00000000

0x00001d34	0x00000000	Unkown Instruction 

All Registers: 
x0: 	0x00000000
x1: 	0x00000000
x2: 	0x00000000
x3: 	0x00000000
x4: 	0x00000000
x5: 	0x00000000
x6: 	0x00000000
x7: 	0x00000000
x8: 	0x00000000
x9: 	0x00000000
x10: 	0x00000000
x11: 	0x00000000
x12: 	0x00000000
x13: 	0x00000000
x14: 	0x00000000
x15: 	0x00000000
x16: 	0x00000000
x17: 	0x00000000
x18: 	0x00000000
x19: 	0x00000000
x20: 	0x00000000
x21: 	0x00000000
x22: 	0x00000000
x23: 	0x00000000
x24: 	0x00000000
x25: 	0x00000000
x26: 	0x00000000
x27: 	0x00000000
x28: 	0x00000000
x29: 	0x00000000
x30: 	0x00000000
x31: 	0x00000000

0x00001d38	0x00000000	Unkown Instruction 

All Registers: 
x0: 	0x00000000
x1: 	0x00000000
x2: 	0x00000000
x3: 	0x00000000
x4: 	0x00000000
x5: 	0x00000000
x6: 	0x00000000
x7: 	0x00000000
x8: 	0x00000000
x9: 	0x00000000
x10: 	0x00000000
x11: 	0x00000000
x12: 	0x00000000
x13: 	0x00000000
x14: 	0x00000000
x15: 	0x00000000
x16: 	0x00000000
x17: 	0x00000000
x18: 	0x00000000
x19: 	0x00000000
x20: 	0x00000000
x21: 	0x00000000
x22: 	0x00000000
x23: 	0x00000000
x24: 	0x00000000
x25: 	0x00000000
x26: 	0x00000000
x27: 	0x00000000
x28: 	0x00000000
x29: 	0x00000000
x30: 	0x00000000
x31: 	0x00000000

0x00001d3c	0x00000000	Unkown Instruction 

All Registers: 
x0: 	0x00000000
x1: 	0x00000000
x2: 	0x00000000
x3: 	0x00000000
x4: 	0x00000000
x5: 	0x00000000
x6: 	0x00000000
x7: 	0x00000000
x8: 	0x00000000
x9: 	0x00000000
x10: 	0x00000000
x11: 	0x00000000
x12: 	0x00000000
x13: 	0x00000000
x14: 	0x00000000
x15: 	0x00000000
x16: 	0x00000000
x17: 	0x00000000
x18: 	0x00000000
x19: 	0x00000000
x20: 	0x00000000
x21: 	0x00000000
x22: 	0x00000000
x23: 	0x00000000
x24: 	0x00000000
x25: 	0x00000000
x26: 	0x00000000
x27: 	0x00000000
x28: 	0x00000000
x29: 	0x00000000
x30: 	0x00000000
x31: 	0x00000000

0x00001d40	0x00000000	Unkown Instruction 

All Registers: 
x0: 	0x00000000
x1: 	0x00000000
x2: 	0x00000000
x3: 	0x00000000
x4: 	0x00000000
x5: 	0x00000000
x6: 	0x00000000
x7: 	0x00000000
x8: 	0x00000000
x9: 	0x00000000
x10: 	0x00000000
x11: 	0x00000000
x12: 	0x00000000
x13: 	0x00000000
x14: 	0x00000000
x15: 	0x00000000
x16: 	0x00000000
x17: 	0x00000000
x18: 	0x00000000
x19: 	0x00000000
x20: 	0x00000000
x21: 	0x00000000
x22: 	0x00000000
x23: 	0x00000000
x24: 	0x00000000
x25: 	0x00000000
x26: 	0x00000000
x27: 	0x00000000
x28: 	0x00000000
x29: 	0x00000000
x30: 	0x00000000
x31: 	0x00000000

0x00001d44	0x00000000	Unkown Instruction 

All Registers: 
x0: 	0x00000000
x1: 	0x00000000
x2: 	0x00000000
x3: 	0x00000000
x4: 	0x00000000
x5: 	0x00000000
x6: 	0x00000000
x7: 	0x00000000
x8: 	0x00000000
x9: 	0x00000000
x10: 	0x00000000
x11: 	0x00000000
x12: 	0x00000000
x13: 	0x00000000
x14: 	0x00000000
x15: 	0x00000000
x16: 	0x00000000
x17: 	0x00000000
x18: 	0x00000000
x19: 	0x00000000
x20: 	0x00000000
x21: 	0x00000000
x22: 	0x00000000
x23: 	0x00000000
x24: 	0x00000000
x25: 	0x00000000
x26: 	0x00000000
x27: 	0x00000000
x28: 	0x00000000
x29: 	0x00000000
x30: 	0x00000000
x31: 	0x00000000

0x00001d48	0x00000000	Unkown Instruction 

All Registers: 
x0: 	0x00000000
x1: 	0x00000000
x2: 	0x00000000
x3: 	0x00000000
x4: 	0x00000000
x5: 	0x00000000
x6: 	0x00000000
x7: 	0x00000000
x8: 	0x00000000
x9: 	0x00000000
x10: 	0x00000000
x11: 	0x00000000
x12: 	0x00000000
x13: 	0x00000000
x14: 	0x00000000
x15: 	0x00000000
x16: 	0x00000000
x17: 	0x00000000
x18: 	0x00000000
x19: 	0x00000000
x20: 	0x00000000
x21: 	0x00000000
x22: 	0x00000000
x23: 	0x00000000
x24: 	0x00000000
x25: 	0x00000000
x26: 	0x00000000
x27: 	0x00000000
x28: 	0x00000000
x29: 	0x00000000
x30: 	0x00000000
x31: 	0x00000000

0x00001d4c	0x00000000	Unkown Instruction 

All Registers: 
x0: 	0x00000000
x1: 	0x00000000
x2: 	0x00000000
x3: 	0x00000000
x4: 	0x00000000
x5: 	0x00000000
x6: 	0x00000000
x7: 	0x00000000
x8: 	0x00000000
x9: 	0x00000000
x10: 	0x00000000
x11: 	0x00000000
x12: 	0x00000000
x13: 	0x00000000
x14: 	0x00000000
x15: 	0x00000000
x16: 	0x00000000
x17: 	0x00000000
x18: 	0x00000000
x19: 	0x00000000
x20: 	0x00000000
x21: 	0x00000000
x22: 	0x00000000
x23: 	0x00000000
x24: 	0x00000000
x25: 	0x00000000
x26: 	0x00000000
x27: 	0x00000000
x28: 	0x00000000
x29: 	0x00000000
x30: 	0x00000000
x31: 	0x00000000

0x00001d50	0x00000000	Unkown Instruction 

All Registers: 
x0: 	0x00000000
x1: 	0x00000000
x2: 	0x00000000
x3: 	0x00000000
x4: 	0x00000000
x5: 	0x00000000
x6: 	0x00000000
x7: 	0x00000000
x8: 	0x00000000
x9: 	0x00000000
x10: 	0x00000000
x11: 	0x00000000
x12: 	0x00000000
x13: 	0x00000000
x14: 	0x00000000
x15: 	0x00000000
x16: 	0x00000000
x17: 	0x00000000
x18: 	0x00000000
x19: 	0x00000000
x20: 	0x00000000
x21: 	0x00000000
x22: 	0x00000000
x23: 	0x00000000
x24: 	0x00000000
x25: 	0x00000000
x26: 	0x00000000
x27: 	0x00000000
x28: 	0x00000000
x29: 	0x00000000
x30: 	0x00000000
x31: 	0x00000000

0x00001d54	0x00000000	Unkown Instruction 

All Registers: 
x0: 	0x00000000
x1: 	0x00000000
x2: 	0x00000000
x3: 	0x00000000
x4: 	0x00000000
x5: 	0x00000000
x6: 	0x00000000
x7: 	0x00000000
x8: 	0x00000000
x9: 	0x00000000
x10: 	0x00000000
x11: 	0x00000000
x12: 	0x00000000
x13: 	0x00000000
x14: 	0x00000000
x15: 	0x00000000
x16: 	0x00000000
x17: 	0x00000000
x18: 	0x00000000
x19: 	0x00000000
x20: 	0x00000000
x21: 	0x00000000
x22: 	0x00000000
x23: 	0x00000000
x24: 	0x00000000
x25: 	0x00000000
x26: 	0x00000000
x27: 	0x00000000
x28: 	0x00000000
x29: 	0x00000000
x30: 	0x00000000
x31: 	0x00000000

0x00001d58	0x00000000	Unkown Instruction 

All Registers: 
x0: 	0x00000000
x1: 	0x00000000
x2: 	0x00000000
x3: 	0x00000000
x4: 	0x00000000
x5: 	0x00000000
x6: 	0x00000000
x7: 	0x00000000
x8: 	0x00000000
x9: 	0x00000000
x10: 	0x00000000
x11: 	0x00000000
x12: 	0x00000000
x13: 	0x00000000
x14: 	0x00000000
x15: 	0x00000000
x16: 	0x00000000
x17: 	0x00000000
x18: 	0x00000000
x19: 	0x00000000
x20: 	0x00000000
x21: 	0x00000000
x22: 	0x00000000
x23: 	0x00000000
x24: 	0x00000000
x25: 	0x00000000
x26: 	0x00000000
x27: 	0x00000000
x28: 	0x00000000
x29: 	0x00000000
x30: 	0x00000000
x31: 	0x00000000

0x00001d5c	0x00000000	Unkown Instruction 

All Registers: 
x0: 	0x00000000
x1: 	0x00000000
x2: 	0x00000000
x3: 	0x00000000
x4: 	0x00000000
x5: 	0x00000000
x6: 	0x00000000
x7: 	0x00000000
x8: 	0x00000000
x9: 	0x00000000
x10: 	0x00000000
x11: 	0x00000000
x12: 	0x00000000
x13: 	0x00000000
x14: 	0x00000000
x15: 	0x00000000
x16: 	0x00000000
x17: 	0x00000000
x18: 	0x00000000
x19: 	0x00000000
x20: 	0x00000000
x21: 	0x00000000
x22: 	0x00000000
x23: 	0x00000000
x24: 	0x00000000
x25: 	0x00000000
x26: 	0x00000000
x27: 	0x00000000
x28: 	0x00000000
x29: 	0x00000000
x30: 	0x00000000
x31: 	0x00000000

0x00001d60	0x00000000	Unkown Instruction 

All Registers: 
x0: 	0x00000000
x1: 	0x00000000
x2: 	0x00000000
x3: 	0x00000000
x4: 	0x00000000
x5: 	0x00000000
x6: 	0x00000000
x7: 	0x00000000
x8: 	0x00000000
x9: 	0x00000000
x10: 	0x00000000
x11: 	0x00000000
x12: 	0x00000000
x13: 	0x00000000
x14: 	0x00000000
x15: 	0x00000000
x16: 	0x00000000
x17: 	0x00000000
x18: 	0x00000000
x19: 	0x00000000
x20: 	0x00000000
x21: 	0x00000000
x22: 	0x00000000
x23: 	0x00000000
x24: 	0x00000000
x25: 	0x00000000
x26: 	0x00000000
x27: 	0x00000000
x28: 	0x00000000
x29: 	0x00000000
x30: 	0x00000000
x31: 	0x00000000

0x00001d64	0x00000000	Unkown Instruction 

All Registers: 
x0: 	0x00000000
x1: 	0x00000000
x2: 	0x00000000
x3: 	0x00000000
x4: 	0x00000000
x5: 	0x00000000
x6: 	0x00000000
x7: 	0x00000000
x8: 	0x00000000
x9: 	0x00000000
x10: 	0x00000000
x11: 	0x00000000
x12: 	0x00000000
x13: 	0x00000000
x14: 	0x00000000
x15: 	0x00000000
x16: 	0x00000000
x17: 	0x00000000
x18: 	0x00000000
x19: 	0x00000000
x20: 	0x00000000
x21: 	0x00000000
x22: 	0x00000000
x23: 	0x00000000
x24: 	0x00000000
x25: 	0x00000000
x26: 	0x00000000
x27: 	0x00000000
x28: 	0x00000000
x29: 	0x00000000
x30: 	0x00000000
x31: 	0x00000000

0x00001d68	0x00000000	Unkown Instruction 

All Registers: 
x0: 	0x00000000
x1: 	0x00000000
x2: 	0x00000000
x3: 	0x00000000
x4: 	0x00000000
x5: 	0x00000000
x6: 	0x00000000
x7: 	0x00000000
x8: 	0x00000000
x9: 	0x00000000
x10: 	0x00000000
x11: 	0x00000000
x12: 	0x00000000
x13: 	0x00000000
x14: 	0x00000000
x15: 	0x00000000
x16: 	0x00000000
x17: 	0x00000000
x18: 	0x00000000
x19: 	0x00000000
x20: 	0x00000000
x21: 	0x00000000
x22: 	0x00000000
x23: 	0x00000000
x24: 	0x00000000
x25: 	0x00000000
x26: 	0x00000000
x27: 	0x00000000
x28: 	0x00000000
x29: 	0x00000000
x30: 	0x00000000
x31: 	0x00000000

0x00001d6c	0x00000000	Unkown Instruction 

All Registers: 
x0: 	0x00000000
x1: 	0x00000000
x2: 	0x00000000
x3: 	0x00000000
x4: 	0x00000000
x5: 	0x00000000
x6: 	0x00000000
x7: 	0x00000000
x8: 	0x00000000
x9: 	0x00000000
x10: 	0x00000000
x11: 	0x00000000
x12: 	0x00000000
x13: 	0x00000000
x14: 	0x00000000
x15: 	0x00000000
x16: 	0x00000000
x17: 	0x00000000
x18: 	0x00000000
x19: 	0x00000000
x20: 	0x00000000
x21: 	0x00000000
x22: 	0x00000000
x23: 	0x00000000
x24: 	0x00000000
x25: 	0x00000000
x26: 	0x00000000
x27: 	0x00000000
x28: 	0x00000000
x29: 	0x00000000
x30: 	0x00000000
x31: 	0x00000000

0x00001d70	0x00000000	Unkown Instruction 

All Registers: 
x0: 	0x00000000
x1: 	0x00000000
x2: 	0x00000000
x3: 	0x00000000
x4: 	0x00000000
x5: 	0x00000000
x6: 	0x00000000
x7: 	0x00000000
x8: 	0x00000000
x9: 	0x00000000
x10: 	0x00000000
x11: 	0x00000000
x12: 	0x00000000
x13: 	0x00000000
x14: 	0x00000000
x15: 	0x00000000
x16: 	0x00000000
x17: 	0x00000000
x18: 	0x00000000
x19: 	0x00000000
x20: 	0x00000000
x21: 	0x00000000
x22: 	0x00000000
x23: 	0x00000000
x24: 	0x00000000
x25: 	0x00000000
x26: 	0x00000000
x27: 	0x00000000
x28: 	0x00000000
x29: 	0x00000000
x30: 	0x00000000
x31: 	0x00000000

0x00001d74	0x00000000	Unkown Instruction 

All Registers: 
x0: 	0x00000000
x1: 	0x00000000
x2: 	0x00000000
x3: 	0x00000000
x4: 	0x00000000
x5: 	0x00000000
x6: 	0x00000000
x7: 	0x00000000
x8: 	0x00000000
x9: 	0x00000000
x10: 	0x00000000
x11: 	0x00000000
x12: 	0x00000000
x13: 	0x00000000
x14: 	0x00000000
x15: 	0x00000000
x16: 	0x00000000
x17: 	0x00000000
x18: 	0x00000000
x19: 	0x00000000
x20: 	0x00000000
x21: 	0x00000000
x22: 	0x00000000
x23: 	0x00000000
x24: 	0x00000000
x25: 	0x00000000
x26: 	0x00000000
x27: 	0x00000000
x28: 	0x00000000
x29: 	0x00000000
x30: 	0x00000000
x31: 	0x00000000

0x00001d78	0x00000000	Unkown Instruction 

All Registers: 
x0: 	0x00000000
x1: 	0x00000000
x2: 	0x00000000
x3: 	0x00000000
x4: 	0x00000000
x5: 	0x00000000
x6: 	0x00000000
x7: 	0x00000000
x8: 	0x00000000
x9: 	0x00000000
x10: 	0x00000000
x11: 	0x00000000
x12: 	0x00000000
x13: 	0x00000000
x14: 	0x00000000
x15: 	0x00000000
x16: 	0x00000000
x17: 	0x00000000
x18: 	0x00000000
x19: 	0x00000000
x20: 	0x00000000
x21: 	0x00000000
x22: 	0x00000000
x23: 	0x00000000
x24: 	0x00000000
x25: 	0x00000000
x26: 	0x00000000
x27: 	0x00000000
x28: 	0x00000000
x29: 	0x00000000
x30: 	0x00000000
x31: 	0x00000000

0x00001d7c	0x00000000	Unkown Instruction 

All Registers: 
x0: 	0x00000000
x1: 	0x00000000
x2: 	0x00000000
x3: 	0x00000000
x4: 	0x00000000
x5: 	0x00000000
x6: 	0x00000000
x7: 	0x00000000
x8: 	0x00000000
x9: 	0x00000000
x10: 	0x00000000
x11: 	0x00000000
x12: 	0x00000000
x13: 	0x00000000
x14: 	0x00000000
x15: 	0x00000000
x16: 	0x00000000
x17: 	0x00000000
x18: 	0x00000000
x19: 	0x00000000
x20: 	0x00000000
x21: 	0x00000000
x22: 	0x00000000
x23: 	0x00000000
x24: 	0x00000000
x25: 	0x00000000
x26: 	0x00000000
x27: 	0x00000000
x28: 	0x00000000
x29: 	0x00000000
x30: 	0x00000000
x31: 	0x00000000

0x00001d80	0x00000000	Unkown Instruction 

All Registers: 
x0: 	0x00000000
x1: 	0x00000000
x2: 	0x00000000
x3: 	0x00000000
x4: 	0x00000000
x5: 	0x00000000
x6: 	0x00000000
x7: 	0x00000000
x8: 	0x00000000
x9: 	0x00000000
x10: 	0x00000000
x11: 	0x00000000
x12: 	0x00000000
x13: 	0x00000000
x14: 	0x00000000
x15: 	0x00000000
x16: 	0x00000000
x17: 	0x00000000
x18: 	0x00000000
x19: 	0x00000000
x20: 	0x00000000
x21: 	0x00000000
x22: 	0x00000000
x23: 	0x00000000
x24: 	0x00000000
x25: 	0x00000000
x26: 	0x00000000
x27: 	0x00000000
x28: 	0x00000000
x29: 	0x00000000
x30: 	0x00000000
x31: 	0x00000000

0x00001d84	0x00000000	Unkown Instruction 

All Registers: 
x0: 	0x00000000
x1: 	0x00000000
x2: 	0x00000000
x3: 	0x00000000
x4: 	0x00000000
x5: 	0x00000000
x6: 	0x00000000
x7: 	0x00000000
x8: 	0x00000000
x9: 	0x00000000
x10: 	0x00000000
x11: 	0x00000000
x12: 	0x00000000
x13: 	0x00000000
x14: 	0x00000000
x15: 	0x00000000
x16: 	0x00000000
x17: 	0x00000000
x18: 	0x00000000
x19: 	0x00000000
x20: 	0x00000000
x21: 	0x00000000
x22: 	0x00000000
x23: 	0x00000000
x24: 	0x00000000
x25: 	0x00000000
x26: 	0x00000000
x27: 	0x00000000
x28: 	0x00000000
x29: 	0x00000000
x30: 	0x00000000
x31: 	0x00000000

0x00001d88	0x00000000	Unkown Instruction 

All Registers: 
x0: 	0x00000000
x1: 	0x00000000
x2: 	0x00000000
x3: 	0x00000000
x4: 	0x00000000
x5: 	0x00000000
x6: 	0x00000000
x7: 	0x00000000
x8: 	0x00000000
x9: 	0x00000000
x10: 	0x00000000
x11: 	0x00000000
x12: 	0x00000000
x13: 	0x00000000
x14: 	0x00000000
x15: 	0x00000000
x16: 	0x00000000
x17: 	0x00000000
x18: 	0x00000000
x19: 	0x00000000
x20: 	0x00000000
x21: 	0x00000000
x22: 	0x00000000
x23: 	0x00000000
x24: 	0x00000000
x25: 	0x00000000
x26: 	0x00000000
x27: 	0x00000000
x28: 	0x00000000
x29: 	0x00000000
x30: 	0x00000000
x31: 	0x00000000

0x00001d8c	0x00000000	Unkown Instruction 

All Registers: 
x0: 	0x00000000
x1: 	0x00000000
x2: 	0x00000000
x3: 	0x00000000
x4: 	0x00000000
x5: 	0x00000000
x6: 	0x00000000
x7: 	0x00000000
x8: 	0x00000000
x9: 	0x00000000
x10: 	0x00000000
x11: 	0x00000000
x12: 	0x00000000
x13: 	0x00000000
x14: 	0x00000000
x15: 	0x00000000
x16: 	0x00000000
x17: 	0x00000000
x18: 	0x00000000
x19: 	0x00000000
x20: 	0x00000000
x21: 	0x00000000
x22: 	0x00000000
x23: 	0x00000000
x24: 	0x00000000
x25: 	0x00000000
x26: 	0x00000000
x27: 	0x00000000
x28: 	0x00000000
x29: 	0x00000000
x30: 	0x00000000
x31: 	0x00000000

0x00001d90	0x00000000	Unkown Instruction 

All Registers: 
x0: 	0x00000000
x1: 	0x00000000
x2: 	0x00000000
x3: 	0x00000000
x4: 	0x00000000
x5: 	0x00000000
x6: 	0x00000000
x7: 	0x00000000
x8: 	0x00000000
x9: 	0x00000000
x10: 	0x00000000
x11: 	0x00000000
x12: 	0x00000000
x13: 	0x00000000
x14: 	0x00000000
x15: 	0x00000000
x16: 	0x00000000
x17: 	0x00000000
x18: 	0x00000000
x19: 	0x00000000
x20: 	0x00000000
x21: 	0x00000000
x22: 	0x00000000
x23: 	0x00000000
x24: 	0x00000000
x25: 	0x00000000
x26: 	0x00000000
x27: 	0x00000000
x28: 	0x00000000
x29: 	0x00000000
x30: 	0x00000000
x31: 	0x00000000

0x00001d94	0x00000000	Unkown Instruction 

All Registers: 
x0: 	0x00000000
x1: 	0x00000000
x2: 	0x00000000
x3: 	0x00000000
x4: 	0x00000000
x5: 	0x00000000
x6: 	0x00000000
x7: 	0x00000000
x8: 	0x00000000
x9: 	0x00000000
x10: 	0x00000000
x11: 	0x00000000
x12: 	0x00000000
x13: 	0x00000000
x14: 	0x00000000
x15: 	0x00000000
x16: 	0x00000000
x17: 	0x00000000
x18: 	0x00000000
x19: 	0x00000000
x20: 	0x00000000
x21: 	0x00000000
x22: 	0x00000000
x23: 	0x00000000
x24: 	0x00000000
x25: 	0x00000000
x26: 	0x00000000
x27: 	0x00000000
x28: 	0x00000000
x29: 	0x00000000
x30: 	0x00000000
x31: 	0x00000000

0x00001d98	0x00000000	Unkown Instruction 

All Registers: 
x0: 	0x00000000
x1: 	0x00000000
x2: 	0x00000000
x3: 	0x00000000
x4: 	0x00000000
x5: 	0x00000000
x6: 	0x00000000
x7: 	0x00000000
x8: 	0x00000000
x9: 	0x00000000
x10: 	0x00000000
x11: 	0x00000000
x12: 	0x00000000
x13: 	0x00000000
x14: 	0x00000000
x15: 	0x00000000
x16: 	0x00000000
x17: 	0x00000000
x18: 	0x00000000
x19: 	0x00000000
x20: 	0x00000000
x21: 	0x00000000
x22: 	0x00000000
x23: 	0x00000000
x24: 	0x00000000
x25: 	0x00000000
x26: 	0x00000000
x27: 	0x00000000
x28: 	0x00000000
x29: 	0x00000000
x30: 	0x00000000
x31: 	0x00000000

0x00001d9c	0x00000000	Unkown Instruction 

All Registers: 
x0: 	0x00000000
x1: 	0x00000000
x2: 	0x00000000
x3: 	0x00000000
x4: 	0x00000000
x5: 	0x00000000
x6: 	0x00000000
x7: 	0x00000000
x8: 	0x00000000
x9: 	0x00000000
x10: 	0x00000000
x11: 	0x00000000
x12: 	0x00000000
x13: 	0x00000000
x14: 	0x00000000
x15: 	0x00000000
x16: 	0x00000000
x17: 	0x00000000
x18: 	0x00000000
x19: 	0x00000000
x20: 	0x00000000
x21: 	0x00000000
x22: 	0x00000000
x23: 	0x00000000
x24: 	0x00000000
x25: 	0x00000000
x26: 	0x00000000
x27: 	0x00000000
x28: 	0x00000000
x29: 	0x00000000
x30: 	0x00000000
x31: 	0x00000000

0x00001da0	0x00000000	Unkown Instruction 

All Registers: 
x0: 	0x00000000
x1: 	0x00000000
x2: 	0x00000000
x3: 	0x00000000
x4: 	0x00000000
x5: 	0x00000000
x6: 	0x00000000
x7: 	0x00000000
x8: 	0x00000000
x9: 	0x00000000
x10: 	0x00000000
x11: 	0x00000000
x12: 	0x00000000
x13: 	0x00000000
x14: 	0x00000000
x15: 	0x00000000
x16: 	0x00000000
x17: 	0x00000000
x18: 	0x00000000
x19: 	0x00000000
x20: 	0x00000000
x21: 	0x00000000
x22: 	0x00000000
x23: 	0x00000000
x24: 	0x00000000
x25: 	0x00000000
x26: 	0x00000000
x27: 	0x00000000
x28: 	0x00000000
x29: 	0x00000000
x30: 	0x00000000
x31: 	0x00000000

0x00001da4	0x00000000	Unkown Instruction 

All Registers: 
x0: 	0x00000000
x1: 	0x00000000
x2: 	0x00000000
x3: 	0x00000000
x4: 	0x00000000
x5: 	0x00000000
x6: 	0x00000000
x7: 	0x00000000
x8: 	0x00000000
x9: 	0x00000000
x10: 	0x00000000
x11: 	0x00000000
x12: 	0x00000000
x13: 	0x00000000
x14: 	0x00000000
x15: 	0x00000000
x16: 	0x00000000
x17: 	0x00000000
x18: 	0x00000000
x19: 	0x00000000
x20: 	0x00000000
x21: 	0x00000000
x22: 	0x00000000
x23: 	0x00000000
x24: 	0x00000000
x25: 	0x00000000
x26: 	0x00000000
x27: 	0x00000000
x28: 	0x00000000
x29: 	0x00000000
x30: 	0x00000000
x31: 	0x00000000

0x00001da8	0x00000000	Unkown Instruction 

All Registers: 
x0: 	0x00000000
x1: 	0x00000000
x2: 	0x00000000
x3: 	0x00000000
x4: 	0x00000000
x5: 	0x00000000
x6: 	0x00000000
x7: 	0x00000000
x8: 	0x00000000
x9: 	0x00000000
x10: 	0x00000000
x11: 	0x00000000
x12: 	0x00000000
x13: 	0x00000000
x14: 	0x00000000
x15: 	0x00000000
x16: 	0x00000000
x17: 	0x00000000
x18: 	0x00000000
x19: 	0x00000000
x20: 	0x00000000
x21: 	0x00000000
x22: 	0x00000000
x23: 	0x00000000
x24: 	0x00000000
x25: 	0x00000000
x26: 	0x00000000
x27: 	0x00000000
x28: 	0x00000000
x29: 	0x00000000
x30: 	0x00000000
x31: 	0x00000000

0x00001dac	0x00000000	Unkown Instruction 

All Registers: 
x0: 	0x00000000
x1: 	0x00000000
x2: 	0x00000000
x3: 	0x00000000
x4: 	0x00000000
x5: 	0x00000000
x6: 	0x00000000
x7: 	0x00000000
x8: 	0x00000000
x9: 	0x00000000
x10: 	0x00000000
x11: 	0x00000000
x12: 	0x00000000
x13: 	0x00000000
x14: 	0x00000000
x15: 	0x00000000
x16: 	0x00000000
x17: 	0x00000000
x18: 	0x00000000
x19: 	0x00000000
x20: 	0x00000000
x21: 	0x00000000
x22: 	0x00000000
x23: 	0x00000000
x24: 	0x00000000
x25: 	0x00000000
x26: 	0x00000000
x27: 	0x00000000
x28: 	0x00000000
x29: 	0x00000000
x30: 	0x00000000
x31: 	0x00000000

0x00001db0	0x00000000	Unkown Instruction 

All Registers: 
x0: 	0x00000000
x1: 	0x00000000
x2: 	0x00000000
x3: 	0x00000000
x4: 	0x00000000
x5: 	0x00000000
x6: 	0x00000000
x7: 	0x00000000
x8: 	0x00000000
x9: 	0x00000000
x10: 	0x00000000
x11: 	0x00000000
x12: 	0x00000000
x13: 	0x00000000
x14: 	0x00000000
x15: 	0x00000000
x16: 	0x00000000
x17: 	0x00000000
x18: 	0x00000000
x19: 	0x00000000
x20: 	0x00000000
x21: 	0x00000000
x22: 	0x00000000
x23: 	0x00000000
x24: 	0x00000000
x25: 	0x00000000
x26: 	0x00000000
x27: 	0x00000000
x28: 	0x00000000
x29: 	0x00000000
x30: 	0x00000000
x31: 	0x00000000

0x00001db4	0x00000000	Unkown Instruction 

All Registers: 
x0: 	0x00000000
x1: 	0x00000000
x2: 	0x00000000
x3: 	0x00000000
x4: 	0x00000000
x5: 	0x00000000
x6: 	0x00000000
x7: 	0x00000000
x8: 	0x00000000
x9: 	0x00000000
x10: 	0x00000000
x11: 	0x00000000
x12: 	0x00000000
x13: 	0x00000000
x14: 	0x00000000
x15: 	0x00000000
x16: 	0x00000000
x17: 	0x00000000
x18: 	0x00000000
x19: 	0x00000000
x20: 	0x00000000
x21: 	0x00000000
x22: 	0x00000000
x23: 	0x00000000
x24: 	0x00000000
x25: 	0x00000000
x26: 	0x00000000
x27: 	0x00000000
x28: 	0x00000000
x29: 	0x00000000
x30: 	0x00000000
x31: 	0x00000000

0x00001db8	0x00000000	Unkown Instruction 

All Registers: 
x0: 	0x00000000
x1: 	0x00000000
x2: 	0x00000000
x3: 	0x00000000
x4: 	0x00000000
x5: 	0x00000000
x6: 	0x00000000
x7: 	0x00000000
x8: 	0x00000000
x9: 	0x00000000
x10: 	0x00000000
x11: 	0x00000000
x12: 	0x00000000
x13: 	0x00000000
x14: 	0x00000000
x15: 	0x00000000
x16: 	0x00000000
x17: 	0x00000000
x18: 	0x00000000
x19: 	0x00000000
x20: 	0x00000000
x21: 	0x00000000
x22: 	0x00000000
x23: 	0x00000000
x24: 	0x00000000
x25: 	0x00000000
x26: 	0x00000000
x27: 	0x00000000
x28: 	0x00000000
x29: 	0x00000000
x30: 	0x00000000
x31: 	0x00000000

0x00001dbc	0x00000000	Unkown Instruction 

All Registers: 
x0: 	0x00000000
x1: 	0x00000000
x2: 	0x00000000
x3: 	0x00000000
x4: 	0x00000000
x5: 	0x00000000
x6: 	0x00000000
x7: 	0x00000000
x8: 	0x00000000
x9: 	0x00000000
x10: 	0x00000000
x11: 	0x00000000
x12: 	0x00000000
x13: 	0x00000000
x14: 	0x00000000
x15: 	0x00000000
x16: 	0x00000000
x17: 	0x00000000
x18: 	0x00000000
x19: 	0x00000000
x20: 	0x00000000
x21: 	0x00000000
x22: 	0x00000000
x23: 	0x00000000
x24: 	0x00000000
x25: 	0x00000000
x26: 	0x00000000
x27: 	0x00000000
x28: 	0x00000000
x29: 	0x00000000
x30: 	0x00000000
x31: 	0x00000000

0x00001dc0	0x00000000	Unkown Instruction 

All Registers: 
x0: 	0x00000000
x1: 	0x00000000
x2: 	0x00000000
x3: 	0x00000000
x4: 	0x00000000
x5: 	0x00000000
x6: 	0x00000000
x7: 	0x00000000
x8: 	0x00000000
x9: 	0x00000000
x10: 	0x00000000
x11: 	0x00000000
x12: 	0x00000000
x13: 	0x00000000
x14: 	0x00000000
x15: 	0x00000000
x16: 	0x00000000
x17: 	0x00000000
x18: 	0x00000000
x19: 	0x00000000
x20: 	0x00000000
x21: 	0x00000000
x22: 	0x00000000
x23: 	0x00000000
x24: 	0x00000000
x25: 	0x00000000
x26: 	0x00000000
x27: 	0x00000000
x28: 	0x00000000
x29: 	0x00000000
x30: 	0x00000000
x31: 	0x00000000

0x00001dc4	0x00000000	Unkown Instruction 

All Registers: 
x0: 	0x00000000
x1: 	0x00000000
x2: 	0x00000000
x3: 	0x00000000
x4: 	0x00000000
x5: 	0x00000000
x6: 	0x00000000
x7: 	0x00000000
x8: 	0x00000000
x9: 	0x00000000
x10: 	0x00000000
x11: 	0x00000000
x12: 	0x00000000
x13: 	0x00000000
x14: 	0x00000000
x15: 	0x00000000
x16: 	0x00000000
x17: 	0x00000000
x18: 	0x00000000
x19: 	0x00000000
x20: 	0x00000000
x21: 	0x00000000
x22: 	0x00000000
x23: 	0x00000000
x24: 	0x00000000
x25: 	0x00000000
x26: 	0x00000000
x27: 	0x00000000
x28: 	0x00000000
x29: 	0x00000000
x30: 	0x00000000
x31: 	0x00000000

0x00001dc8	0x00000000	Unkown Instruction 

All Registers: 
x0: 	0x00000000
x1: 	0x00000000
x2: 	0x00000000
x3: 	0x00000000
x4: 	0x00000000
x5: 	0x00000000
x6: 	0x00000000
x7: 	0x00000000
x8: 	0x00000000
x9: 	0x00000000
x10: 	0x00000000
x11: 	0x00000000
x12: 	0x00000000
x13: 	0x00000000
x14: 	0x00000000
x15: 	0x00000000
x16: 	0x00000000
x17: 	0x00000000
x18: 	0x00000000
x19: 	0x00000000
x20: 	0x00000000
x21: 	0x00000000
x22: 	0x00000000
x23: 	0x00000000
x24: 	0x00000000
x25: 	0x00000000
x26: 	0x00000000
x27: 	0x00000000
x28: 	0x00000000
x29: 	0x00000000
x30: 	0x00000000
x31: 	0x00000000

0x00001dcc	0x00000000	Unkown Instruction 

All Registers: 
x0: 	0x00000000
x1: 	0x00000000
x2: 	0x00000000
x3: 	0x00000000
x4: 	0x00000000
x5: 	0x00000000
x6: 	0x00000000
x7: 	0x00000000
x8: 	0x00000000
x9: 	0x00000000
x10: 	0x00000000
x11: 	0x00000000
x12: 	0x00000000
x13: 	0x00000000
x14: 	0x00000000
x15: 	0x00000000
x16: 	0x00000000
x17: 	0x00000000
x18: 	0x00000000
x19: 	0x00000000
x20: 	0x00000000
x21: 	0x00000000
x22: 	0x00000000
x23: 	0x00000000
x24: 	0x00000000
x25: 	0x00000000
x26: 	0x00000000
x27: 	0x00000000
x28: 	0x00000000
x29: 	0x00000000
x30: 	0x00000000
x31: 	0x00000000

0x00001dd0	0x00000000	Unkown Instruction 

All Registers: 
x0: 	0x00000000
x1: 	0x00000000
x2: 	0x00000000
x3: 	0x00000000
x4: 	0x00000000
x5: 	0x00000000
x6: 	0x00000000
x7: 	0x00000000
x8: 	0x00000000
x9: 	0x00000000
x10: 	0x00000000
x11: 	0x00000000
x12: 	0x00000000
x13: 	0x00000000
x14: 	0x00000000
x15: 	0x00000000
x16: 	0x00000000
x17: 	0x00000000
x18: 	0x00000000
x19: 	0x00000000
x20: 	0x00000000
x21: 	0x00000000
x22: 	0x00000000
x23: 	0x00000000
x24: 	0x00000000
x25: 	0x00000000
x26: 	0x00000000
x27: 	0x00000000
x28: 	0x00000000
x29: 	0x00000000
x30: 	0x00000000
x31: 	0x00000000

0x00001dd4	0x00000000	Unkown Instruction 

All Registers: 
x0: 	0x00000000
x1: 	0x00000000
x2: 	0x00000000
x3: 	0x00000000
x4: 	0x00000000
x5: 	0x00000000
x6: 	0x00000000
x7: 	0x00000000
x8: 	0x00000000
x9: 	0x00000000
x10: 	0x00000000
x11: 	0x00000000
x12: 	0x00000000
x13: 	0x00000000
x14: 	0x00000000
x15: 	0x00000000
x16: 	0x00000000
x17: 	0x00000000
x18: 	0x00000000
x19: 	0x00000000
x20: 	0x00000000
x21: 	0x00000000
x22: 	0x00000000
x23: 	0x00000000
x24: 	0x00000000
x25: 	0x00000000
x26: 	0x00000000
x27: 	0x00000000
x28: 	0x00000000
x29: 	0x00000000
x30: 	0x00000000
x31: 	0x00000000

0x00001dd8	0x00000000	Unkown Instruction 

All Registers: 
x0: 	0x00000000
x1: 	0x00000000
x2: 	0x00000000
x3: 	0x00000000
x4: 	0x00000000
x5: 	0x00000000
x6: 	0x00000000
x7: 	0x00000000
x8: 	0x00000000
x9: 	0x00000000
x10: 	0x00000000
x11: 	0x00000000
x12: 	0x00000000
x13: 	0x00000000
x14: 	0x00000000
x15: 	0x00000000
x16: 	0x00000000
x17: 	0x00000000
x18: 	0x00000000
x19: 	0x00000000
x20: 	0x00000000
x21: 	0x00000000
x22: 	0x00000000
x23: 	0x00000000
x24: 	0x00000000
x25: 	0x00000000
x26: 	0x00000000
x27: 	0x00000000
x28: 	0x00000000
x29: 	0x00000000
x30: 	0x00000000
x31: 	0x00000000

0x00001ddc	0x00000000	Unkown Instruction 

All Registers: 
x0: 	0x00000000
x1: 	0x00000000
x2: 	0x00000000
x3: 	0x00000000
x4: 	0x00000000
x5: 	0x00000000
x6: 	0x00000000
x7: 	0x00000000
x8: 	0x00000000
x9: 	0x00000000
x10: 	0x00000000
x11: 	0x00000000
x12: 	0x00000000
x13: 	0x00000000
x14: 	0x00000000
x15: 	0x00000000
x16: 	0x00000000
x17: 	0x00000000
x18: 	0x00000000
x19: 	0x00000000
x20: 	0x00000000
x21: 	0x00000000
x22: 	0x00000000
x23: 	0x00000000
x24: 	0x00000000
x25: 	0x00000000
x26: 	0x00000000
x27: 	0x00000000
x28: 	0x00000000
x29: 	0x00000000
x30: 	0x00000000
x31: 	0x00000000

0x00001de0	0x00000000	Unkown Instruction 

All Registers: 
x0: 	0x00000000
x1: 	0x00000000
x2: 	0x00000000
x3: 	0x00000000
x4: 	0x00000000
x5: 	0x00000000
x6: 	0x00000000
x7: 	0x00000000
x8: 	0x00000000
x9: 	0x00000000
x10: 	0x00000000
x11: 	0x00000000
x12: 	0x00000000
x13: 	0x00000000
x14: 	0x00000000
x15: 	0x00000000
x16: 	0x00000000
x17: 	0x00000000
x18: 	0x00000000
x19: 	0x00000000
x20: 	0x00000000
x21: 	0x00000000
x22: 	0x00000000
x23: 	0x00000000
x24: 	0x00000000
x25: 	0x00000000
x26: 	0x00000000
x27: 	0x00000000
x28: 	0x00000000
x29: 	0x00000000
x30: 	0x00000000
x31: 	0x00000000

0x00001de4	0x00000000	Unkown Instruction 

All Registers: 
x0: 	0x00000000
x1: 	0x00000000
x2: 	0x00000000
x3: 	0x00000000
x4: 	0x00000000
x5: 	0x00000000
x6: 	0x00000000
x7: 	0x00000000
x8: 	0x00000000
x9: 	0x00000000
x10: 	0x00000000
x11: 	0x00000000
x12: 	0x00000000
x13: 	0x00000000
x14: 	0x00000000
x15: 	0x00000000
x16: 	0x00000000
x17: 	0x00000000
x18: 	0x00000000
x19: 	0x00000000
x20: 	0x00000000
x21: 	0x00000000
x22: 	0x00000000
x23: 	0x00000000
x24: 	0x00000000
x25: 	0x00000000
x26: 	0x00000000
x27: 	0x00000000
x28: 	0x00000000
x29: 	0x00000000
x30: 	0x00000000
x31: 	0x00000000

0x00001de8	0x00000000	Unkown Instruction 

All Registers: 
x0: 	0x00000000
x1: 	0x00000000
x2: 	0x00000000
x3: 	0x00000000
x4: 	0x00000000
x5: 	0x00000000
x6: 	0x00000000
x7: 	0x00000000
x8: 	0x00000000
x9: 	0x00000000
x10: 	0x00000000
x11: 	0x00000000
x12: 	0x00000000
x13: 	0x00000000
x14: 	0x00000000
x15: 	0x00000000
x16: 	0x00000000
x17: 	0x00000000
x18: 	0x00000000
x19: 	0x00000000
x20: 	0x00000000
x21: 	0x00000000
x22: 	0x00000000
x23: 	0x00000000
x24: 	0x00000000
x25: 	0x00000000
x26: 	0x00000000
x27: 	0x00000000
x28: 	0x00000000
x29: 	0x00000000
x30: 	0x00000000
x31: 	0x00000000

0x00001dec	0x00000000	Unkown Instruction 

All Registers: 
x0: 	0x00000000
x1: 	0x00000000
x2: 	0x00000000
x3: 	0x00000000
x4: 	0x00000000
x5: 	0x00000000
x6: 	0x00000000
x7: 	0x00000000
x8: 	0x00000000
x9: 	0x00000000
x10: 	0x00000000
x11: 	0x00000000
x12: 	0x00000000
x13: 	0x00000000
x14: 	0x00000000
x15: 	0x00000000
x16: 	0x00000000
x17: 	0x00000000
x18: 	0x00000000
x19: 	0x00000000
x20: 	0x00000000
x21: 	0x00000000
x22: 	0x00000000
x23: 	0x00000000
x24: 	0x00000000
x25: 	0x00000000
x26: 	0x00000000
x27: 	0x00000000
x28: 	0x00000000
x29: 	0x00000000
x30: 	0x00000000
x31: 	0x00000000

0x00001df0	0x00000000	Unkown Instruction 

All Registers: 
x0: 	0x00000000
x1: 	0x00000000
x2: 	0x00000000
x3: 	0x00000000
x4: 	0x00000000
x5: 	0x00000000
x6: 	0x00000000
x7: 	0x00000000
x8: 	0x00000000
x9: 	0x00000000
x10: 	0x00000000
x11: 	0x00000000
x12: 	0x00000000
x13: 	0x00000000
x14: 	0x00000000
x15: 	0x00000000
x16: 	0x00000000
x17: 	0x00000000
x18: 	0x00000000
x19: 	0x00000000
x20: 	0x00000000
x21: 	0x00000000
x22: 	0x00000000
x23: 	0x00000000
x24: 	0x00000000
x25: 	0x00000000
x26: 	0x00000000
x27: 	0x00000000
x28: 	0x00000000
x29: 	0x00000000
x30: 	0x00000000
x31: 	0x00000000

0x00001df4	0x00000000	Unkown Instruction 

All Registers: 
x0: 	0x00000000
x1: 	0x00000000
x2: 	0x00000000
x3: 	0x00000000
x4: 	0x00000000
x5: 	0x00000000
x6: 	0x00000000
x7: 	0x00000000
x8: 	0x00000000
x9: 	0x00000000
x10: 	0x00000000
x11: 	0x00000000
x12: 	0x00000000
x13: 	0x00000000
x14: 	0x00000000
x15: 	0x00000000
x16: 	0x00000000
x17: 	0x00000000
x18: 	0x00000000
x19: 	0x00000000
x20: 	0x00000000
x21: 	0x00000000
x22: 	0x00000000
x23: 	0x00000000
x24: 	0x00000000
x25: 	0x00000000
x26: 	0x00000000
x27: 	0x00000000
x28: 	0x00000000
x29: 	0x00000000
x30: 	0x00000000
x31: 	0x00000000

0x00001df8	0x00000000	Unkown Instruction 

All Registers: 
x0: 	0x00000000
x1: 	0x00000000
x2: 	0x00000000
x3: 	0x00000000
x4: 	0x00000000
x5: 	0x00000000
x6: 	0x00000000
x7: 	0x00000000
x8: 	0x00000000
x9: 	0x00000000
x10: 	0x00000000
x11: 	0x00000000
x12: 	0x00000000
x13: 	0x00000000
x14: 	0x00000000
x15: 	0x00000000
x16: 	0x00000000
x17: 	0x00000000
x18: 	0x00000000
x19: 	0x00000000
x20: 	0x00000000
x21: 	0x00000000
x22: 	0x00000000
x23: 	0x00000000
x24: 	0x00000000
x25: 	0x00000000
x26: 	0x00000000
x27: 	0x00000000
x28: 	0x00000000
x29: 	0x00000000
x30: 	0x00000000
x31: 	0x00000000

0x00001dfc	0x00000000	Unkown Instruction 

All Registers: 
x0: 	0x00000000
x1: 	0x00000000
x2: 	0x00000000
x3: 	0x00000000
x4: 	0x00000000
x5: 	0x00000000
x6: 	0x00000000
x7: 	0x00000000
x8: 	0x00000000
x9: 	0x00000000
x10: 	0x00000000
x11: 	0x00000000
x12: 	0x00000000
x13: 	0x00000000
x14: 	0x00000000
x15: 	0x00000000
x16: 	0x00000000
x17: 	0x00000000
x18: 	0x00000000
x19: 	0x00000000
x20: 	0x00000000
x21: 	0x00000000
x22: 	0x00000000
x23: 	0x00000000
x24: 	0x00000000
x25: 	0x00000000
x26: 	0x00000000
x27: 	0x00000000
x28: 	0x00000000
x29: 	0x00000000
x30: 	0x00000000
x31: 	0x00000000

0x00001e00	0x00000000	Unkown Instruction 

All Registers: 
x0: 	0x00000000
x1: 	0x00000000
x2: 	0x00000000
x3: 	0x00000000
x4: 	0x00000000
x5: 	0x00000000
x6: 	0x00000000
x7: 	0x00000000
x8: 	0x00000000
x9: 	0x00000000
x10: 	0x00000000
x11: 	0x00000000
x12: 	0x00000000
x13: 	0x00000000
x14: 	0x00000000
x15: 	0x00000000
x16: 	0x00000000
x17: 	0x00000000
x18: 	0x00000000
x19: 	0x00000000
x20: 	0x00000000
x21: 	0x00000000
x22: 	0x00000000
x23: 	0x00000000
x24: 	0x00000000
x25: 	0x00000000
x26: 	0x00000000
x27: 	0x00000000
x28: 	0x00000000
x29: 	0x00000000
x30: 	0x00000000
x31: 	0x00000000

0x00001e04	0x00000000	Unkown Instruction 

All Registers: 
x0: 	0x00000000
x1: 	0x00000000
x2: 	0x00000000
x3: 	0x00000000
x4: 	0x00000000
x5: 	0x00000000
x6: 	0x00000000
x7: 	0x00000000
x8: 	0x00000000
x9: 	0x00000000
x10: 	0x00000000
x11: 	0x00000000
x12: 	0x00000000
x13: 	0x00000000
x14: 	0x00000000
x15: 	0x00000000
x16: 	0x00000000
x17: 	0x00000000
x18: 	0x00000000
x19: 	0x00000000
x20: 	0x00000000
x21: 	0x00000000
x22: 	0x00000000
x23: 	0x00000000
x24: 	0x00000000
x25: 	0x00000000
x26: 	0x00000000
x27: 	0x00000000
x28: 	0x00000000
x29: 	0x00000000
x30: 	0x00000000
x31: 	0x00000000

0x00001e08	0x00000000	Unkown Instruction 

All Registers: 
x0: 	0x00000000
x1: 	0x00000000
x2: 	0x00000000
x3: 	0x00000000
x4: 	0x00000000
x5: 	0x00000000
x6: 	0x00000000
x7: 	0x00000000
x8: 	0x00000000
x9: 	0x00000000
x10: 	0x00000000
x11: 	0x00000000
x12: 	0x00000000
x13: 	0x00000000
x14: 	0x00000000
x15: 	0x00000000
x16: 	0x00000000
x17: 	0x00000000
x18: 	0x00000000
x19: 	0x00000000
x20: 	0x00000000
x21: 	0x00000000
x22: 	0x00000000
x23: 	0x00000000
x24: 	0x00000000
x25: 	0x00000000
x26: 	0x00000000
x27: 	0x00000000
x28: 	0x00000000
x29: 	0x00000000
x30: 	0x00000000
x31: 	0x00000000

0x00001e0c	0x00000000	Unkown Instruction 

All Registers: 
x0: 	0x00000000
x1: 	0x00000000
x2: 	0x00000000
x3: 	0x00000000
x4: 	0x00000000
x5: 	0x00000000
x6: 	0x00000000
x7: 	0x00000000
x8: 	0x00000000
x9: 	0x00000000
x10: 	0x00000000
x11: 	0x00000000
x12: 	0x00000000
x13: 	0x00000000
x14: 	0x00000000
x15: 	0x00000000
x16: 	0x00000000
x17: 	0x00000000
x18: 	0x00000000
x19: 	0x00000000
x20: 	0x00000000
x21: 	0x00000000
x22: 	0x00000000
x23: 	0x00000000
x24: 	0x00000000
x25: 	0x00000000
x26: 	0x00000000
x27: 	0x00000000
x28: 	0x00000000
x29: 	0x00000000
x30: 	0x00000000
x31: 	0x00000000

0x00001e10	0x00000000	Unkown Instruction 

All Registers: 
x0: 	0x00000000
x1: 	0x00000000
x2: 	0x00000000
x3: 	0x00000000
x4: 	0x00000000
x5: 	0x00000000
x6: 	0x00000000
x7: 	0x00000000
x8: 	0x00000000
x9: 	0x00000000
x10: 	0x00000000
x11: 	0x00000000
x12: 	0x00000000
x13: 	0x00000000
x14: 	0x00000000
x15: 	0x00000000
x16: 	0x00000000
x17: 	0x00000000
x18: 	0x00000000
x19: 	0x00000000
x20: 	0x00000000
x21: 	0x00000000
x22: 	0x00000000
x23: 	0x00000000
x24: 	0x00000000
x25: 	0x00000000
x26: 	0x00000000
x27: 	0x00000000
x28: 	0x00000000
x29: 	0x00000000
x30: 	0x00000000
x31: 	0x00000000

0x00001e14	0x00000000	Unkown Instruction 

All Registers: 
x0: 	0x00000000
x1: 	0x00000000
x2: 	0x00000000
x3: 	0x00000000
x4: 	0x00000000
x5: 	0x00000000
x6: 	0x00000000
x7: 	0x00000000
x8: 	0x00000000
x9: 	0x00000000
x10: 	0x00000000
x11: 	0x00000000
x12: 	0x00000000
x13: 	0x00000000
x14: 	0x00000000
x15: 	0x00000000
x16: 	0x00000000
x17: 	0x00000000
x18: 	0x00000000
x19: 	0x00000000
x20: 	0x00000000
x21: 	0x00000000
x22: 	0x00000000
x23: 	0x00000000
x24: 	0x00000000
x25: 	0x00000000
x26: 	0x00000000
x27: 	0x00000000
x28: 	0x00000000
x29: 	0x00000000
x30: 	0x00000000
x31: 	0x00000000

0x00001e18	0x00000000	Unkown Instruction 

All Registers: 
x0: 	0x00000000
x1: 	0x00000000
x2: 	0x00000000
x3: 	0x00000000
x4: 	0x00000000
x5: 	0x00000000
x6: 	0x00000000
x7: 	0x00000000
x8: 	0x00000000
x9: 	0x00000000
x10: 	0x00000000
x11: 	0x00000000
x12: 	0x00000000
x13: 	0x00000000
x14: 	0x00000000
x15: 	0x00000000
x16: 	0x00000000
x17: 	0x00000000
x18: 	0x00000000
x19: 	0x00000000
x20: 	0x00000000
x21: 	0x00000000
x22: 	0x00000000
x23: 	0x00000000
x24: 	0x00000000
x25: 	0x00000000
x26: 	0x00000000
x27: 	0x00000000
x28: 	0x00000000
x29: 	0x00000000
x30: 	0x00000000
x31: 	0x00000000

0x00001e1c	0x00000000	Unkown Instruction 

All Registers: 
x0: 	0x00000000
x1: 	0x00000000
x2: 	0x00000000
x3: 	0x00000000
x4: 	0x00000000
x5: 	0x00000000
x6: 	0x00000000
x7: 	0x00000000
x8: 	0x00000000
x9: 	0x00000000
x10: 	0x00000000
x11: 	0x00000000
x12: 	0x00000000
x13: 	0x00000000
x14: 	0x00000000
x15: 	0x00000000
x16: 	0x00000000
x17: 	0x00000000
x18: 	0x00000000
x19: 	0x00000000
x20: 	0x00000000
x21: 	0x00000000
x22: 	0x00000000
x23: 	0x00000000
x24: 	0x00000000
x25: 	0x00000000
x26: 	0x00000000
x27: 	0x00000000
x28: 	0x00000000
x29: 	0x00000000
x30: 	0x00000000
x31: 	0x00000000

0x00001e20	0x00000000	Unkown Instruction 

All Registers: 
x0: 	0x00000000
x1: 	0x00000000
x2: 	0x00000000
x3: 	0x00000000
x4: 	0x00000000
x5: 	0x00000000
x6: 	0x00000000
x7: 	0x00000000
x8: 	0x00000000
x9: 	0x00000000
x10: 	0x00000000
x11: 	0x00000000
x12: 	0x00000000
x13: 	0x00000000
x14: 	0x00000000
x15: 	0x00000000
x16: 	0x00000000
x17: 	0x00000000
x18: 	0x00000000
x19: 	0x00000000
x20: 	0x00000000
x21: 	0x00000000
x22: 	0x00000000
x23: 	0x00000000
x24: 	0x00000000
x25: 	0x00000000
x26: 	0x00000000
x27: 	0x00000000
x28: 	0x00000000
x29: 	0x00000000
x30: 	0x00000000
x31: 	0x00000000

0x00001e24	0x00000000	Unkown Instruction 

All Registers: 
x0: 	0x00000000
x1: 	0x00000000
x2: 	0x00000000
x3: 	0x00000000
x4: 	0x00000000
x5: 	0x00000000
x6: 	0x00000000
x7: 	0x00000000
x8: 	0x00000000
x9: 	0x00000000
x10: 	0x00000000
x11: 	0x00000000
x12: 	0x00000000
x13: 	0x00000000
x14: 	0x00000000
x15: 	0x00000000
x16: 	0x00000000
x17: 	0x00000000
x18: 	0x00000000
x19: 	0x00000000
x20: 	0x00000000
x21: 	0x00000000
x22: 	0x00000000
x23: 	0x00000000
x24: 	0x00000000
x25: 	0x00000000
x26: 	0x00000000
x27: 	0x00000000
x28: 	0x00000000
x29: 	0x00000000
x30: 	0x00000000
x31: 	0x00000000

0x00001e28	0x00000000	Unkown Instruction 

All Registers: 
x0: 	0x00000000
x1: 	0x00000000
x2: 	0x00000000
x3: 	0x00000000
x4: 	0x00000000
x5: 	0x00000000
x6: 	0x00000000
x7: 	0x00000000
x8: 	0x00000000
x9: 	0x00000000
x10: 	0x00000000
x11: 	0x00000000
x12: 	0x00000000
x13: 	0x00000000
x14: 	0x00000000
x15: 	0x00000000
x16: 	0x00000000
x17: 	0x00000000
x18: 	0x00000000
x19: 	0x00000000
x20: 	0x00000000
x21: 	0x00000000
x22: 	0x00000000
x23: 	0x00000000
x24: 	0x00000000
x25: 	0x00000000
x26: 	0x00000000
x27: 	0x00000000
x28: 	0x00000000
x29: 	0x00000000
x30: 	0x00000000
x31: 	0x00000000

0x00001e2c	0x00000000	Unkown Instruction 

All Registers: 
x0: 	0x00000000
x1: 	0x00000000
x2: 	0x00000000
x3: 	0x00000000
x4: 	0x00000000
x5: 	0x00000000
x6: 	0x00000000
x7: 	0x00000000
x8: 	0x00000000
x9: 	0x00000000
x10: 	0x00000000
x11: 	0x00000000
x12: 	0x00000000
x13: 	0x00000000
x14: 	0x00000000
x15: 	0x00000000
x16: 	0x00000000
x17: 	0x00000000
x18: 	0x00000000
x19: 	0x00000000
x20: 	0x00000000
x21: 	0x00000000
x22: 	0x00000000
x23: 	0x00000000
x24: 	0x00000000
x25: 	0x00000000
x26: 	0x00000000
x27: 	0x00000000
x28: 	0x00000000
x29: 	0x00000000
x30: 	0x00000000
x31: 	0x00000000

0x00001e30	0x00000000	Unkown Instruction 

All Registers: 
x0: 	0x00000000
x1: 	0x00000000
x2: 	0x00000000
x3: 	0x00000000
x4: 	0x00000000
x5: 	0x00000000
x6: 	0x00000000
x7: 	0x00000000
x8: 	0x00000000
x9: 	0x00000000
x10: 	0x00000000
x11: 	0x00000000
x12: 	0x00000000
x13: 	0x00000000
x14: 	0x00000000
x15: 	0x00000000
x16: 	0x00000000
x17: 	0x00000000
x18: 	0x00000000
x19: 	0x00000000
x20: 	0x00000000
x21: 	0x00000000
x22: 	0x00000000
x23: 	0x00000000
x24: 	0x00000000
x25: 	0x00000000
x26: 	0x00000000
x27: 	0x00000000
x28: 	0x00000000
x29: 	0x00000000
x30: 	0x00000000
x31: 	0x00000000

0x00001e34	0x00000000	Unkown Instruction 

All Registers: 
x0: 	0x00000000
x1: 	0x00000000
x2: 	0x00000000
x3: 	0x00000000
x4: 	0x00000000
x5: 	0x00000000
x6: 	0x00000000
x7: 	0x00000000
x8: 	0x00000000
x9: 	0x00000000
x10: 	0x00000000
x11: 	0x00000000
x12: 	0x00000000
x13: 	0x00000000
x14: 	0x00000000
x15: 	0x00000000
x16: 	0x00000000
x17: 	0x00000000
x18: 	0x00000000
x19: 	0x00000000
x20: 	0x00000000
x21: 	0x00000000
x22: 	0x00000000
x23: 	0x00000000
x24: 	0x00000000
x25: 	0x00000000
x26: 	0x00000000
x27: 	0x00000000
x28: 	0x00000000
x29: 	0x00000000
x30: 	0x00000000
x31: 	0x00000000

0x00001e38	0x00000000	Unkown Instruction 

All Registers: 
x0: 	0x00000000
x1: 	0x00000000
x2: 	0x00000000
x3: 	0x00000000
x4: 	0x00000000
x5: 	0x00000000
x6: 	0x00000000
x7: 	0x00000000
x8: 	0x00000000
x9: 	0x00000000
x10: 	0x00000000
x11: 	0x00000000
x12: 	0x00000000
x13: 	0x00000000
x14: 	0x00000000
x15: 	0x00000000
x16: 	0x00000000
x17: 	0x00000000
x18: 	0x00000000
x19: 	0x00000000
x20: 	0x00000000
x21: 	0x00000000
x22: 	0x00000000
x23: 	0x00000000
x24: 	0x00000000
x25: 	0x00000000
x26: 	0x00000000
x27: 	0x00000000
x28: 	0x00000000
x29: 	0x00000000
x30: 	0x00000000
x31: 	0x00000000

0x00001e3c	0x00000000	Unkown Instruction 

All Registers: 
x0: 	0x00000000
x1: 	0x00000000
x2: 	0x00000000
x3: 	0x00000000
x4: 	0x00000000
x5: 	0x00000000
x6: 	0x00000000
x7: 	0x00000000
x8: 	0x00000000
x9: 	0x00000000
x10: 	0x00000000
x11: 	0x00000000
x12: 	0x00000000
x13: 	0x00000000
x14: 	0x00000000
x15: 	0x00000000
x16: 	0x00000000
x17: 	0x00000000
x18: 	0x00000000
x19: 	0x00000000
x20: 	0x00000000
x21: 	0x00000000
x22: 	0x00000000
x23: 	0x00000000
x24: 	0x00000000
x25: 	0x00000000
x26: 	0x00000000
x27: 	0x00000000
x28: 	0x00000000
x29: 	0x00000000
x30: 	0x00000000
x31: 	0x00000000

0x00001e40	0x00000000	Unkown Instruction 

All Registers: 
x0: 	0x00000000
x1: 	0x00000000
x2: 	0x00000000
x3: 	0x00000000
x4: 	0x00000000
x5: 	0x00000000
x6: 	0x00000000
x7: 	0x00000000
x8: 	0x00000000
x9: 	0x00000000
x10: 	0x00000000
x11: 	0x00000000
x12: 	0x00000000
x13: 	0x00000000
x14: 	0x00000000
x15: 	0x00000000
x16: 	0x00000000
x17: 	0x00000000
x18: 	0x00000000
x19: 	0x00000000
x20: 	0x00000000
x21: 	0x00000000
x22: 	0x00000000
x23: 	0x00000000
x24: 	0x00000000
x25: 	0x00000000
x26: 	0x00000000
x27: 	0x00000000
x28: 	0x00000000
x29: 	0x00000000
x30: 	0x00000000
x31: 	0x00000000

0x00001e44	0x00000000	Unkown Instruction 

All Registers: 
x0: 	0x00000000
x1: 	0x00000000
x2: 	0x00000000
x3: 	0x00000000
x4: 	0x00000000
x5: 	0x00000000
x6: 	0x00000000
x7: 	0x00000000
x8: 	0x00000000
x9: 	0x00000000
x10: 	0x00000000
x11: 	0x00000000
x12: 	0x00000000
x13: 	0x00000000
x14: 	0x00000000
x15: 	0x00000000
x16: 	0x00000000
x17: 	0x00000000
x18: 	0x00000000
x19: 	0x00000000
x20: 	0x00000000
x21: 	0x00000000
x22: 	0x00000000
x23: 	0x00000000
x24: 	0x00000000
x25: 	0x00000000
x26: 	0x00000000
x27: 	0x00000000
x28: 	0x00000000
x29: 	0x00000000
x30: 	0x00000000
x31: 	0x00000000

0x00001e48	0x00000000	Unkown Instruction 

All Registers: 
x0: 	0x00000000
x1: 	0x00000000
x2: 	0x00000000
x3: 	0x00000000
x4: 	0x00000000
x5: 	0x00000000
x6: 	0x00000000
x7: 	0x00000000
x8: 	0x00000000
x9: 	0x00000000
x10: 	0x00000000
x11: 	0x00000000
x12: 	0x00000000
x13: 	0x00000000
x14: 	0x00000000
x15: 	0x00000000
x16: 	0x00000000
x17: 	0x00000000
x18: 	0x00000000
x19: 	0x00000000
x20: 	0x00000000
x21: 	0x00000000
x22: 	0x00000000
x23: 	0x00000000
x24: 	0x00000000
x25: 	0x00000000
x26: 	0x00000000
x27: 	0x00000000
x28: 	0x00000000
x29: 	0x00000000
x30: 	0x00000000
x31: 	0x00000000

0x00001e4c	0x00000000	Unkown Instruction 

All Registers: 
x0: 	0x00000000
x1: 	0x00000000
x2: 	0x00000000
x3: 	0x00000000
x4: 	0x00000000
x5: 	0x00000000
x6: 	0x00000000
x7: 	0x00000000
x8: 	0x00000000
x9: 	0x00000000
x10: 	0x00000000
x11: 	0x00000000
x12: 	0x00000000
x13: 	0x00000000
x14: 	0x00000000
x15: 	0x00000000
x16: 	0x00000000
x17: 	0x00000000
x18: 	0x00000000
x19: 	0x00000000
x20: 	0x00000000
x21: 	0x00000000
x22: 	0x00000000
x23: 	0x00000000
x24: 	0x00000000
x25: 	0x00000000
x26: 	0x00000000
x27: 	0x00000000
x28: 	0x00000000
x29: 	0x00000000
x30: 	0x00000000
x31: 	0x00000000

0x00001e50	0x00000000	Unkown Instruction 

All Registers: 
x0: 	0x00000000
x1: 	0x00000000
x2: 	0x00000000
x3: 	0x00000000
x4: 	0x00000000
x5: 	0x00000000
x6: 	0x00000000
x7: 	0x00000000
x8: 	0x00000000
x9: 	0x00000000
x10: 	0x00000000
x11: 	0x00000000
x12: 	0x00000000
x13: 	0x00000000
x14: 	0x00000000
x15: 	0x00000000
x16: 	0x00000000
x17: 	0x00000000
x18: 	0x00000000
x19: 	0x00000000
x20: 	0x00000000
x21: 	0x00000000
x22: 	0x00000000
x23: 	0x00000000
x24: 	0x00000000
x25: 	0x00000000
x26: 	0x00000000
x27: 	0x00000000
x28: 	0x00000000
x29: 	0x00000000
x30: 	0x00000000
x31: 	0x00000000

0x00001e54	0x00000000	Unkown Instruction 

All Registers: 
x0: 	0x00000000
x1: 	0x00000000
x2: 	0x00000000
x3: 	0x00000000
x4: 	0x00000000
x5: 	0x00000000
x6: 	0x00000000
x7: 	0x00000000
x8: 	0x00000000
x9: 	0x00000000
x10: 	0x00000000
x11: 	0x00000000
x12: 	0x00000000
x13: 	0x00000000
x14: 	0x00000000
x15: 	0x00000000
x16: 	0x00000000
x17: 	0x00000000
x18: 	0x00000000
x19: 	0x00000000
x20: 	0x00000000
x21: 	0x00000000
x22: 	0x00000000
x23: 	0x00000000
x24: 	0x00000000
x25: 	0x00000000
x26: 	0x00000000
x27: 	0x00000000
x28: 	0x00000000
x29: 	0x00000000
x30: 	0x00000000
x31: 	0x00000000

0x00001e58	0x00000000	Unkown Instruction 

All Registers: 
x0: 	0x00000000
x1: 	0x00000000
x2: 	0x00000000
x3: 	0x00000000
x4: 	0x00000000
x5: 	0x00000000
x6: 	0x00000000
x7: 	0x00000000
x8: 	0x00000000
x9: 	0x00000000
x10: 	0x00000000
x11: 	0x00000000
x12: 	0x00000000
x13: 	0x00000000
x14: 	0x00000000
x15: 	0x00000000
x16: 	0x00000000
x17: 	0x00000000
x18: 	0x00000000
x19: 	0x00000000
x20: 	0x00000000
x21: 	0x00000000
x22: 	0x00000000
x23: 	0x00000000
x24: 	0x00000000
x25: 	0x00000000
x26: 	0x00000000
x27: 	0x00000000
x28: 	0x00000000
x29: 	0x00000000
x30: 	0x00000000
x31: 	0x00000000

0x00001e5c	0x00000000	Unkown Instruction 

All Registers: 
x0: 	0x00000000
x1: 	0x00000000
x2: 	0x00000000
x3: 	0x00000000
x4: 	0x00000000
x5: 	0x00000000
x6: 	0x00000000
x7: 	0x00000000
x8: 	0x00000000
x9: 	0x00000000
x10: 	0x00000000
x11: 	0x00000000
x12: 	0x00000000
x13: 	0x00000000
x14: 	0x00000000
x15: 	0x00000000
x16: 	0x00000000
x17: 	0x00000000
x18: 	0x00000000
x19: 	0x00000000
x20: 	0x00000000
x21: 	0x00000000
x22: 	0x00000000
x23: 	0x00000000
x24: 	0x00000000
x25: 	0x00000000
x26: 	0x00000000
x27: 	0x00000000
x28: 	0x00000000
x29: 	0x00000000
x30: 	0x00000000
x31: 	0x00000000

0x00001e60	0x00000000	Unkown Instruction 

All Registers: 
x0: 	0x00000000
x1: 	0x00000000
x2: 	0x00000000
x3: 	0x00000000
x4: 	0x00000000
x5: 	0x00000000
x6: 	0x00000000
x7: 	0x00000000
x8: 	0x00000000
x9: 	0x00000000
x10: 	0x00000000
x11: 	0x00000000
x12: 	0x00000000
x13: 	0x00000000
x14: 	0x00000000
x15: 	0x00000000
x16: 	0x00000000
x17: 	0x00000000
x18: 	0x00000000
x19: 	0x00000000
x20: 	0x00000000
x21: 	0x00000000
x22: 	0x00000000
x23: 	0x00000000
x24: 	0x00000000
x25: 	0x00000000
x26: 	0x00000000
x27: 	0x00000000
x28: 	0x00000000
x29: 	0x00000000
x30: 	0x00000000
x31: 	0x00000000

0x00001e64	0x00000000	Unkown Instruction 

All Registers: 
x0: 	0x00000000
x1: 	0x00000000
x2: 	0x00000000
x3: 	0x00000000
x4: 	0x00000000
x5: 	0x00000000
x6: 	0x00000000
x7: 	0x00000000
x8: 	0x00000000
x9: 	0x00000000
x10: 	0x00000000
x11: 	0x00000000
x12: 	0x00000000
x13: 	0x00000000
x14: 	0x00000000
x15: 	0x00000000
x16: 	0x00000000
x17: 	0x00000000
x18: 	0x00000000
x19: 	0x00000000
x20: 	0x00000000
x21: 	0x00000000
x22: 	0x00000000
x23: 	0x00000000
x24: 	0x00000000
x25: 	0x00000000
x26: 	0x00000000
x27: 	0x00000000
x28: 	0x00000000
x29: 	0x00000000
x30: 	0x00000000
x31: 	0x00000000

0x00001e68	0x00000000	Unkown Instruction 

All Registers: 
x0: 	0x00000000
x1: 	0x00000000
x2: 	0x00000000
x3: 	0x00000000
x4: 	0x00000000
x5: 	0x00000000
x6: 	0x00000000
x7: 	0x00000000
x8: 	0x00000000
x9: 	0x00000000
x10: 	0x00000000
x11: 	0x00000000
x12: 	0x00000000
x13: 	0x00000000
x14: 	0x00000000
x15: 	0x00000000
x16: 	0x00000000
x17: 	0x00000000
x18: 	0x00000000
x19: 	0x00000000
x20: 	0x00000000
x21: 	0x00000000
x22: 	0x00000000
x23: 	0x00000000
x24: 	0x00000000
x25: 	0x00000000
x26: 	0x00000000
x27: 	0x00000000
x28: 	0x00000000
x29: 	0x00000000
x30: 	0x00000000
x31: 	0x00000000

0x00001e6c	0x00000000	Unkown Instruction 

All Registers: 
x0: 	0x00000000
x1: 	0x00000000
x2: 	0x00000000
x3: 	0x00000000
x4: 	0x00000000
x5: 	0x00000000
x6: 	0x00000000
x7: 	0x00000000
x8: 	0x00000000
x9: 	0x00000000
x10: 	0x00000000
x11: 	0x00000000
x12: 	0x00000000
x13: 	0x00000000
x14: 	0x00000000
x15: 	0x00000000
x16: 	0x00000000
x17: 	0x00000000
x18: 	0x00000000
x19: 	0x00000000
x20: 	0x00000000
x21: 	0x00000000
x22: 	0x00000000
x23: 	0x00000000
x24: 	0x00000000
x25: 	0x00000000
x26: 	0x00000000
x27: 	0x00000000
x28: 	0x00000000
x29: 	0x00000000
x30: 	0x00000000
x31: 	0x00000000

0x00001e70	0x00000000	Unkown Instruction 

All Registers: 
x0: 	0x00000000
x1: 	0x00000000
x2: 	0x00000000
x3: 	0x00000000
x4: 	0x00000000
x5: 	0x00000000
x6: 	0x00000000
x7: 	0x00000000
x8: 	0x00000000
x9: 	0x00000000
x10: 	0x00000000
x11: 	0x00000000
x12: 	0x00000000
x13: 	0x00000000
x14: 	0x00000000
x15: 	0x00000000
x16: 	0x00000000
x17: 	0x00000000
x18: 	0x00000000
x19: 	0x00000000
x20: 	0x00000000
x21: 	0x00000000
x22: 	0x00000000
x23: 	0x00000000
x24: 	0x00000000
x25: 	0x00000000
x26: 	0x00000000
x27: 	0x00000000
x28: 	0x00000000
x29: 	0x00000000
x30: 	0x00000000
x31: 	0x00000000

0x00001e74	0x00000000	Unkown Instruction 

All Registers: 
x0: 	0x00000000
x1: 	0x00000000
x2: 	0x00000000
x3: 	0x00000000
x4: 	0x00000000
x5: 	0x00000000
x6: 	0x00000000
x7: 	0x00000000
x8: 	0x00000000
x9: 	0x00000000
x10: 	0x00000000
x11: 	0x00000000
x12: 	0x00000000
x13: 	0x00000000
x14: 	0x00000000
x15: 	0x00000000
x16: 	0x00000000
x17: 	0x00000000
x18: 	0x00000000
x19: 	0x00000000
x20: 	0x00000000
x21: 	0x00000000
x22: 	0x00000000
x23: 	0x00000000
x24: 	0x00000000
x25: 	0x00000000
x26: 	0x00000000
x27: 	0x00000000
x28: 	0x00000000
x29: 	0x00000000
x30: 	0x00000000
x31: 	0x00000000

0x00001e78	0x00000000	Unkown Instruction 

All Registers: 
x0: 	0x00000000
x1: 	0x00000000
x2: 	0x00000000
x3: 	0x00000000
x4: 	0x00000000
x5: 	0x00000000
x6: 	0x00000000
x7: 	0x00000000
x8: 	0x00000000
x9: 	0x00000000
x10: 	0x00000000
x11: 	0x00000000
x12: 	0x00000000
x13: 	0x00000000
x14: 	0x00000000
x15: 	0x00000000
x16: 	0x00000000
x17: 	0x00000000
x18: 	0x00000000
x19: 	0x00000000
x20: 	0x00000000
x21: 	0x00000000
x22: 	0x00000000
x23: 	0x00000000
x24: 	0x00000000
x25: 	0x00000000
x26: 	0x00000000
x27: 	0x00000000
x28: 	0x00000000
x29: 	0x00000000
x30: 	0x00000000
x31: 	0x00000000

0x00001e7c	0x00000000	Unkown Instruction 

All Registers: 
x0: 	0x00000000
x1: 	0x00000000
x2: 	0x00000000
x3: 	0x00000000
x4: 	0x00000000
x5: 	0x00000000
x6: 	0x00000000
x7: 	0x00000000
x8: 	0x00000000
x9: 	0x00000000
x10: 	0x00000000
x11: 	0x00000000
x12: 	0x00000000
x13: 	0x00000000
x14: 	0x00000000
x15: 	0x00000000
x16: 	0x00000000
x17: 	0x00000000
x18: 	0x00000000
x19: 	0x00000000
x20: 	0x00000000
x21: 	0x00000000
x22: 	0x00000000
x23: 	0x00000000
x24: 	0x00000000
x25: 	0x00000000
x26: 	0x00000000
x27: 	0x00000000
x28: 	0x00000000
x29: 	0x00000000
x30: 	0x00000000
x31: 	0x00000000

0x00001e80	0x00000000	Unkown Instruction 

All Registers: 
x0: 	0x00000000
x1: 	0x00000000
x2: 	0x00000000
x3: 	0x00000000
x4: 	0x00000000
x5: 	0x00000000
x6: 	0x00000000
x7: 	0x00000000
x8: 	0x00000000
x9: 	0x00000000
x10: 	0x00000000
x11: 	0x00000000
x12: 	0x00000000
x13: 	0x00000000
x14: 	0x00000000
x15: 	0x00000000
x16: 	0x00000000
x17: 	0x00000000
x18: 	0x00000000
x19: 	0x00000000
x20: 	0x00000000
x21: 	0x00000000
x22: 	0x00000000
x23: 	0x00000000
x24: 	0x00000000
x25: 	0x00000000
x26: 	0x00000000
x27: 	0x00000000
x28: 	0x00000000
x29: 	0x00000000
x30: 	0x00000000
x31: 	0x00000000

0x00001e84	0x00000000	Unkown Instruction 

All Registers: 
x0: 	0x00000000
x1: 	0x00000000
x2: 	0x00000000
x3: 	0x00000000
x4: 	0x00000000
x5: 	0x00000000
x6: 	0x00000000
x7: 	0x00000000
x8: 	0x00000000
x9: 	0x00000000
x10: 	0x00000000
x11: 	0x00000000
x12: 	0x00000000
x13: 	0x00000000
x14: 	0x00000000
x15: 	0x00000000
x16: 	0x00000000
x17: 	0x00000000
x18: 	0x00000000
x19: 	0x00000000
x20: 	0x00000000
x21: 	0x00000000
x22: 	0x00000000
x23: 	0x00000000
x24: 	0x00000000
x25: 	0x00000000
x26: 	0x00000000
x27: 	0x00000000
x28: 	0x00000000
x29: 	0x00000000
x30: 	0x00000000
x31: 	0x00000000

0x00001e88	0x00000000	Unkown Instruction 

All Registers: 
x0: 	0x00000000
x1: 	0x00000000
x2: 	0x00000000
x3: 	0x00000000
x4: 	0x00000000
x5: 	0x00000000
x6: 	0x00000000
x7: 	0x00000000
x8: 	0x00000000
x9: 	0x00000000
x10: 	0x00000000
x11: 	0x00000000
x12: 	0x00000000
x13: 	0x00000000
x14: 	0x00000000
x15: 	0x00000000
x16: 	0x00000000
x17: 	0x00000000
x18: 	0x00000000
x19: 	0x00000000
x20: 	0x00000000
x21: 	0x00000000
x22: 	0x00000000
x23: 	0x00000000
x24: 	0x00000000
x25: 	0x00000000
x26: 	0x00000000
x27: 	0x00000000
x28: 	0x00000000
x29: 	0x00000000
x30: 	0x00000000
x31: 	0x00000000

0x00001e8c	0x00000000	Unkown Instruction 

All Registers: 
x0: 	0x00000000
x1: 	0x00000000
x2: 	0x00000000
x3: 	0x00000000
x4: 	0x00000000
x5: 	0x00000000
x6: 	0x00000000
x7: 	0x00000000
x8: 	0x00000000
x9: 	0x00000000
x10: 	0x00000000
x11: 	0x00000000
x12: 	0x00000000
x13: 	0x00000000
x14: 	0x00000000
x15: 	0x00000000
x16: 	0x00000000
x17: 	0x00000000
x18: 	0x00000000
x19: 	0x00000000
x20: 	0x00000000
x21: 	0x00000000
x22: 	0x00000000
x23: 	0x00000000
x24: 	0x00000000
x25: 	0x00000000
x26: 	0x00000000
x27: 	0x00000000
x28: 	0x00000000
x29: 	0x00000000
x30: 	0x00000000
x31: 	0x00000000

0x00001e90	0x00000000	Unkown Instruction 

All Registers: 
x0: 	0x00000000
x1: 	0x00000000
x2: 	0x00000000
x3: 	0x00000000
x4: 	0x00000000
x5: 	0x00000000
x6: 	0x00000000
x7: 	0x00000000
x8: 	0x00000000
x9: 	0x00000000
x10: 	0x00000000
x11: 	0x00000000
x12: 	0x00000000
x13: 	0x00000000
x14: 	0x00000000
x15: 	0x00000000
x16: 	0x00000000
x17: 	0x00000000
x18: 	0x00000000
x19: 	0x00000000
x20: 	0x00000000
x21: 	0x00000000
x22: 	0x00000000
x23: 	0x00000000
x24: 	0x00000000
x25: 	0x00000000
x26: 	0x00000000
x27: 	0x00000000
x28: 	0x00000000
x29: 	0x00000000
x30: 	0x00000000
x31: 	0x00000000

0x00001e94	0x00000000	Unkown Instruction 

All Registers: 
x0: 	0x00000000
x1: 	0x00000000
x2: 	0x00000000
x3: 	0x00000000
x4: 	0x00000000
x5: 	0x00000000
x6: 	0x00000000
x7: 	0x00000000
x8: 	0x00000000
x9: 	0x00000000
x10: 	0x00000000
x11: 	0x00000000
x12: 	0x00000000
x13: 	0x00000000
x14: 	0x00000000
x15: 	0x00000000
x16: 	0x00000000
x17: 	0x00000000
x18: 	0x00000000
x19: 	0x00000000
x20: 	0x00000000
x21: 	0x00000000
x22: 	0x00000000
x23: 	0x00000000
x24: 	0x00000000
x25: 	0x00000000
x26: 	0x00000000
x27: 	0x00000000
x28: 	0x00000000
x29: 	0x00000000
x30: 	0x00000000
x31: 	0x00000000

0x00001e98	0x00000000	Unkown Instruction 

All Registers: 
x0: 	0x00000000
x1: 	0x00000000
x2: 	0x00000000
x3: 	0x00000000
x4: 	0x00000000
x5: 	0x00000000
x6: 	0x00000000
x7: 	0x00000000
x8: 	0x00000000
x9: 	0x00000000
x10: 	0x00000000
x11: 	0x00000000
x12: 	0x00000000
x13: 	0x00000000
x14: 	0x00000000
x15: 	0x00000000
x16: 	0x00000000
x17: 	0x00000000
x18: 	0x00000000
x19: 	0x00000000
x20: 	0x00000000
x21: 	0x00000000
x22: 	0x00000000
x23: 	0x00000000
x24: 	0x00000000
x25: 	0x00000000
x26: 	0x00000000
x27: 	0x00000000
x28: 	0x00000000
x29: 	0x00000000
x30: 	0x00000000
x31: 	0x00000000

0x00001e9c	0x00000000	Unkown Instruction 

All Registers: 
x0: 	0x00000000
x1: 	0x00000000
x2: 	0x00000000
x3: 	0x00000000
x4: 	0x00000000
x5: 	0x00000000
x6: 	0x00000000
x7: 	0x00000000
x8: 	0x00000000
x9: 	0x00000000
x10: 	0x00000000
x11: 	0x00000000
x12: 	0x00000000
x13: 	0x00000000
x14: 	0x00000000
x15: 	0x00000000
x16: 	0x00000000
x17: 	0x00000000
x18: 	0x00000000
x19: 	0x00000000
x20: 	0x00000000
x21: 	0x00000000
x22: 	0x00000000
x23: 	0x00000000
x24: 	0x00000000
x25: 	0x00000000
x26: 	0x00000000
x27: 	0x00000000
x28: 	0x00000000
x29: 	0x00000000
x30: 	0x00000000
x31: 	0x00000000

0x00001ea0	0x00000000	Unkown Instruction 

All Registers: 
x0: 	0x00000000
x1: 	0x00000000
x2: 	0x00000000
x3: 	0x00000000
x4: 	0x00000000
x5: 	0x00000000
x6: 	0x00000000
x7: 	0x00000000
x8: 	0x00000000
x9: 	0x00000000
x10: 	0x00000000
x11: 	0x00000000
x12: 	0x00000000
x13: 	0x00000000
x14: 	0x00000000
x15: 	0x00000000
x16: 	0x00000000
x17: 	0x00000000
x18: 	0x00000000
x19: 	0x00000000
x20: 	0x00000000
x21: 	0x00000000
x22: 	0x00000000
x23: 	0x00000000
x24: 	0x00000000
x25: 	0x00000000
x26: 	0x00000000
x27: 	0x00000000
x28: 	0x00000000
x29: 	0x00000000
x30: 	0x00000000
x31: 	0x00000000

0x00001ea4	0x00000000	Unkown Instruction 

All Registers: 
x0: 	0x00000000
x1: 	0x00000000
x2: 	0x00000000
x3: 	0x00000000
x4: 	0x00000000
x5: 	0x00000000
x6: 	0x00000000
x7: 	0x00000000
x8: 	0x00000000
x9: 	0x00000000
x10: 	0x00000000
x11: 	0x00000000
x12: 	0x00000000
x13: 	0x00000000
x14: 	0x00000000
x15: 	0x00000000
x16: 	0x00000000
x17: 	0x00000000
x18: 	0x00000000
x19: 	0x00000000
x20: 	0x00000000
x21: 	0x00000000
x22: 	0x00000000
x23: 	0x00000000
x24: 	0x00000000
x25: 	0x00000000
x26: 	0x00000000
x27: 	0x00000000
x28: 	0x00000000
x29: 	0x00000000
x30: 	0x00000000
x31: 	0x00000000

0x00001ea8	0x00000000	Unkown Instruction 

All Registers: 
x0: 	0x00000000
x1: 	0x00000000
x2: 	0x00000000
x3: 	0x00000000
x4: 	0x00000000
x5: 	0x00000000
x6: 	0x00000000
x7: 	0x00000000
x8: 	0x00000000
x9: 	0x00000000
x10: 	0x00000000
x11: 	0x00000000
x12: 	0x00000000
x13: 	0x00000000
x14: 	0x00000000
x15: 	0x00000000
x16: 	0x00000000
x17: 	0x00000000
x18: 	0x00000000
x19: 	0x00000000
x20: 	0x00000000
x21: 	0x00000000
x22: 	0x00000000
x23: 	0x00000000
x24: 	0x00000000
x25: 	0x00000000
x26: 	0x00000000
x27: 	0x00000000
x28: 	0x00000000
x29: 	0x00000000
x30: 	0x00000000
x31: 	0x00000000

0x00001eac	0x00000000	Unkown Instruction 

All Registers: 
x0: 	0x00000000
x1: 	0x00000000
x2: 	0x00000000
x3: 	0x00000000
x4: 	0x00000000
x5: 	0x00000000
x6: 	0x00000000
x7: 	0x00000000
x8: 	0x00000000
x9: 	0x00000000
x10: 	0x00000000
x11: 	0x00000000
x12: 	0x00000000
x13: 	0x00000000
x14: 	0x00000000
x15: 	0x00000000
x16: 	0x00000000
x17: 	0x00000000
x18: 	0x00000000
x19: 	0x00000000
x20: 	0x00000000
x21: 	0x00000000
x22: 	0x00000000
x23: 	0x00000000
x24: 	0x00000000
x25: 	0x00000000
x26: 	0x00000000
x27: 	0x00000000
x28: 	0x00000000
x29: 	0x00000000
x30: 	0x00000000
x31: 	0x00000000

0x00001eb0	0x00000000	Unkown Instruction 

All Registers: 
x0: 	0x00000000
x1: 	0x00000000
x2: 	0x00000000
x3: 	0x00000000
x4: 	0x00000000
x5: 	0x00000000
x6: 	0x00000000
x7: 	0x00000000
x8: 	0x00000000
x9: 	0x00000000
x10: 	0x00000000
x11: 	0x00000000
x12: 	0x00000000
x13: 	0x00000000
x14: 	0x00000000
x15: 	0x00000000
x16: 	0x00000000
x17: 	0x00000000
x18: 	0x00000000
x19: 	0x00000000
x20: 	0x00000000
x21: 	0x00000000
x22: 	0x00000000
x23: 	0x00000000
x24: 	0x00000000
x25: 	0x00000000
x26: 	0x00000000
x27: 	0x00000000
x28: 	0x00000000
x29: 	0x00000000
x30: 	0x00000000
x31: 	0x00000000

0x00001eb4	0x00000000	Unkown Instruction 

All Registers: 
x0: 	0x00000000
x1: 	0x00000000
x2: 	0x00000000
x3: 	0x00000000
x4: 	0x00000000
x5: 	0x00000000
x6: 	0x00000000
x7: 	0x00000000
x8: 	0x00000000
x9: 	0x00000000
x10: 	0x00000000
x11: 	0x00000000
x12: 	0x00000000
x13: 	0x00000000
x14: 	0x00000000
x15: 	0x00000000
x16: 	0x00000000
x17: 	0x00000000
x18: 	0x00000000
x19: 	0x00000000
x20: 	0x00000000
x21: 	0x00000000
x22: 	0x00000000
x23: 	0x00000000
x24: 	0x00000000
x25: 	0x00000000
x26: 	0x00000000
x27: 	0x00000000
x28: 	0x00000000
x29: 	0x00000000
x30: 	0x00000000
x31: 	0x00000000

0x00001eb8	0x00000000	Unkown Instruction 

All Registers: 
x0: 	0x00000000
x1: 	0x00000000
x2: 	0x00000000
x3: 	0x00000000
x4: 	0x00000000
x5: 	0x00000000
x6: 	0x00000000
x7: 	0x00000000
x8: 	0x00000000
x9: 	0x00000000
x10: 	0x00000000
x11: 	0x00000000
x12: 	0x00000000
x13: 	0x00000000
x14: 	0x00000000
x15: 	0x00000000
x16: 	0x00000000
x17: 	0x00000000
x18: 	0x00000000
x19: 	0x00000000
x20: 	0x00000000
x21: 	0x00000000
x22: 	0x00000000
x23: 	0x00000000
x24: 	0x00000000
x25: 	0x00000000
x26: 	0x00000000
x27: 	0x00000000
x28: 	0x00000000
x29: 	0x00000000
x30: 	0x00000000
x31: 	0x00000000

0x00001ebc	0x00000000	Unkown Instruction 

All Registers: 
x0: 	0x00000000
x1: 	0x00000000
x2: 	0x00000000
x3: 	0x00000000
x4: 	0x00000000
x5: 	0x00000000
x6: 	0x00000000
x7: 	0x00000000
x8: 	0x00000000
x9: 	0x00000000
x10: 	0x00000000
x11: 	0x00000000
x12: 	0x00000000
x13: 	0x00000000
x14: 	0x00000000
x15: 	0x00000000
x16: 	0x00000000
x17: 	0x00000000
x18: 	0x00000000
x19: 	0x00000000
x20: 	0x00000000
x21: 	0x00000000
x22: 	0x00000000
x23: 	0x00000000
x24: 	0x00000000
x25: 	0x00000000
x26: 	0x00000000
x27: 	0x00000000
x28: 	0x00000000
x29: 	0x00000000
x30: 	0x00000000
x31: 	0x00000000

0x00001ec0	0x00000000	Unkown Instruction 

All Registers: 
x0: 	0x00000000
x1: 	0x00000000
x2: 	0x00000000
x3: 	0x00000000
x4: 	0x00000000
x5: 	0x00000000
x6: 	0x00000000
x7: 	0x00000000
x8: 	0x00000000
x9: 	0x00000000
x10: 	0x00000000
x11: 	0x00000000
x12: 	0x00000000
x13: 	0x00000000
x14: 	0x00000000
x15: 	0x00000000
x16: 	0x00000000
x17: 	0x00000000
x18: 	0x00000000
x19: 	0x00000000
x20: 	0x00000000
x21: 	0x00000000
x22: 	0x00000000
x23: 	0x00000000
x24: 	0x00000000
x25: 	0x00000000
x26: 	0x00000000
x27: 	0x00000000
x28: 	0x00000000
x29: 	0x00000000
x30: 	0x00000000
x31: 	0x00000000

0x00001ec4	0x00000000	Unkown Instruction 

All Registers: 
x0: 	0x00000000
x1: 	0x00000000
x2: 	0x00000000
x3: 	0x00000000
x4: 	0x00000000
x5: 	0x00000000
x6: 	0x00000000
x7: 	0x00000000
x8: 	0x00000000
x9: 	0x00000000
x10: 	0x00000000
x11: 	0x00000000
x12: 	0x00000000
x13: 	0x00000000
x14: 	0x00000000
x15: 	0x00000000
x16: 	0x00000000
x17: 	0x00000000
x18: 	0x00000000
x19: 	0x00000000
x20: 	0x00000000
x21: 	0x00000000
x22: 	0x00000000
x23: 	0x00000000
x24: 	0x00000000
x25: 	0x00000000
x26: 	0x00000000
x27: 	0x00000000
x28: 	0x00000000
x29: 	0x00000000
x30: 	0x00000000
x31: 	0x00000000

0x00001ec8	0x00000000	Unkown Instruction 

All Registers: 
x0: 	0x00000000
x1: 	0x00000000
x2: 	0x00000000
x3: 	0x00000000
x4: 	0x00000000
x5: 	0x00000000
x6: 	0x00000000
x7: 	0x00000000
x8: 	0x00000000
x9: 	0x00000000
x10: 	0x00000000
x11: 	0x00000000
x12: 	0x00000000
x13: 	0x00000000
x14: 	0x00000000
x15: 	0x00000000
x16: 	0x00000000
x17: 	0x00000000
x18: 	0x00000000
x19: 	0x00000000
x20: 	0x00000000
x21: 	0x00000000
x22: 	0x00000000
x23: 	0x00000000
x24: 	0x00000000
x25: 	0x00000000
x26: 	0x00000000
x27: 	0x00000000
x28: 	0x00000000
x29: 	0x00000000
x30: 	0x00000000
x31: 	0x00000000

0x00001ecc	0x00000000	Unkown Instruction 

All Registers: 
x0: 	0x00000000
x1: 	0x00000000
x2: 	0x00000000
x3: 	0x00000000
x4: 	0x00000000
x5: 	0x00000000
x6: 	0x00000000
x7: 	0x00000000
x8: 	0x00000000
x9: 	0x00000000
x10: 	0x00000000
x11: 	0x00000000
x12: 	0x00000000
x13: 	0x00000000
x14: 	0x00000000
x15: 	0x00000000
x16: 	0x00000000
x17: 	0x00000000
x18: 	0x00000000
x19: 	0x00000000
x20: 	0x00000000
x21: 	0x00000000
x22: 	0x00000000
x23: 	0x00000000
x24: 	0x00000000
x25: 	0x00000000
x26: 	0x00000000
x27: 	0x00000000
x28: 	0x00000000
x29: 	0x00000000
x30: 	0x00000000
x31: 	0x00000000

0x00001ed0	0x00000000	Unkown Instruction 

All Registers: 
x0: 	0x00000000
x1: 	0x00000000
x2: 	0x00000000
x3: 	0x00000000
x4: 	0x00000000
x5: 	0x00000000
x6: 	0x00000000
x7: 	0x00000000
x8: 	0x00000000
x9: 	0x00000000
x10: 	0x00000000
x11: 	0x00000000
x12: 	0x00000000
x13: 	0x00000000
x14: 	0x00000000
x15: 	0x00000000
x16: 	0x00000000
x17: 	0x00000000
x18: 	0x00000000
x19: 	0x00000000
x20: 	0x00000000
x21: 	0x00000000
x22: 	0x00000000
x23: 	0x00000000
x24: 	0x00000000
x25: 	0x00000000
x26: 	0x00000000
x27: 	0x00000000
x28: 	0x00000000
x29: 	0x00000000
x30: 	0x00000000
x31: 	0x00000000

0x00001ed4	0x00000000	Unkown Instruction 

All Registers: 
x0: 	0x00000000
x1: 	0x00000000
x2: 	0x00000000
x3: 	0x00000000
x4: 	0x00000000
x5: 	0x00000000
x6: 	0x00000000
x7: 	0x00000000
x8: 	0x00000000
x9: 	0x00000000
x10: 	0x00000000
x11: 	0x00000000
x12: 	0x00000000
x13: 	0x00000000
x14: 	0x00000000
x15: 	0x00000000
x16: 	0x00000000
x17: 	0x00000000
x18: 	0x00000000
x19: 	0x00000000
x20: 	0x00000000
x21: 	0x00000000
x22: 	0x00000000
x23: 	0x00000000
x24: 	0x00000000
x25: 	0x00000000
x26: 	0x00000000
x27: 	0x00000000
x28: 	0x00000000
x29: 	0x00000000
x30: 	0x00000000
x31: 	0x00000000

0x00001ed8	0x00000000	Unkown Instruction 

All Registers: 
x0: 	0x00000000
x1: 	0x00000000
x2: 	0x00000000
x3: 	0x00000000
x4: 	0x00000000
x5: 	0x00000000
x6: 	0x00000000
x7: 	0x00000000
x8: 	0x00000000
x9: 	0x00000000
x10: 	0x00000000
x11: 	0x00000000
x12: 	0x00000000
x13: 	0x00000000
x14: 	0x00000000
x15: 	0x00000000
x16: 	0x00000000
x17: 	0x00000000
x18: 	0x00000000
x19: 	0x00000000
x20: 	0x00000000
x21: 	0x00000000
x22: 	0x00000000
x23: 	0x00000000
x24: 	0x00000000
x25: 	0x00000000
x26: 	0x00000000
x27: 	0x00000000
x28: 	0x00000000
x29: 	0x00000000
x30: 	0x00000000
x31: 	0x00000000

0x00001edc	0x00000000	Unkown Instruction 

All Registers: 
x0: 	0x00000000
x1: 	0x00000000
x2: 	0x00000000
x3: 	0x00000000
x4: 	0x00000000
x5: 	0x00000000
x6: 	0x00000000
x7: 	0x00000000
x8: 	0x00000000
x9: 	0x00000000
x10: 	0x00000000
x11: 	0x00000000
x12: 	0x00000000
x13: 	0x00000000
x14: 	0x00000000
x15: 	0x00000000
x16: 	0x00000000
x17: 	0x00000000
x18: 	0x00000000
x19: 	0x00000000
x20: 	0x00000000
x21: 	0x00000000
x22: 	0x00000000
x23: 	0x00000000
x24: 	0x00000000
x25: 	0x00000000
x26: 	0x00000000
x27: 	0x00000000
x28: 	0x00000000
x29: 	0x00000000
x30: 	0x00000000
x31: 	0x00000000

0x00001ee0	0x00000000	Unkown Instruction 

All Registers: 
x0: 	0x00000000
x1: 	0x00000000
x2: 	0x00000000
x3: 	0x00000000
x4: 	0x00000000
x5: 	0x00000000
x6: 	0x00000000
x7: 	0x00000000
x8: 	0x00000000
x9: 	0x00000000
x10: 	0x00000000
x11: 	0x00000000
x12: 	0x00000000
x13: 	0x00000000
x14: 	0x00000000
x15: 	0x00000000
x16: 	0x00000000
x17: 	0x00000000
x18: 	0x00000000
x19: 	0x00000000
x20: 	0x00000000
x21: 	0x00000000
x22: 	0x00000000
x23: 	0x00000000
x24: 	0x00000000
x25: 	0x00000000
x26: 	0x00000000
x27: 	0x00000000
x28: 	0x00000000
x29: 	0x00000000
x30: 	0x00000000
x31: 	0x00000000

0x00001ee4	0x00000000	Unkown Instruction 

All Registers: 
x0: 	0x00000000
x1: 	0x00000000
x2: 	0x00000000
x3: 	0x00000000
x4: 	0x00000000
x5: 	0x00000000
x6: 	0x00000000
x7: 	0x00000000
x8: 	0x00000000
x9: 	0x00000000
x10: 	0x00000000
x11: 	0x00000000
x12: 	0x00000000
x13: 	0x00000000
x14: 	0x00000000
x15: 	0x00000000
x16: 	0x00000000
x17: 	0x00000000
x18: 	0x00000000
x19: 	0x00000000
x20: 	0x00000000
x21: 	0x00000000
x22: 	0x00000000
x23: 	0x00000000
x24: 	0x00000000
x25: 	0x00000000
x26: 	0x00000000
x27: 	0x00000000
x28: 	0x00000000
x29: 	0x00000000
x30: 	0x00000000
x31: 	0x00000000

0x00001ee8	0x00000000	Unkown Instruction 

All Registers: 
x0: 	0x00000000
x1: 	0x00000000
x2: 	0x00000000
x3: 	0x00000000
x4: 	0x00000000
x5: 	0x00000000
x6: 	0x00000000
x7: 	0x00000000
x8: 	0x00000000
x9: 	0x00000000
x10: 	0x00000000
x11: 	0x00000000
x12: 	0x00000000
x13: 	0x00000000
x14: 	0x00000000
x15: 	0x00000000
x16: 	0x00000000
x17: 	0x00000000
x18: 	0x00000000
x19: 	0x00000000
x20: 	0x00000000
x21: 	0x00000000
x22: 	0x00000000
x23: 	0x00000000
x24: 	0x00000000
x25: 	0x00000000
x26: 	0x00000000
x27: 	0x00000000
x28: 	0x00000000
x29: 	0x00000000
x30: 	0x00000000
x31: 	0x00000000

0x00001eec	0x00000000	Unkown Instruction 

All Registers: 
x0: 	0x00000000
x1: 	0x00000000
x2: 	0x00000000
x3: 	0x00000000
x4: 	0x00000000
x5: 	0x00000000
x6: 	0x00000000
x7: 	0x00000000
x8: 	0x00000000
x9: 	0x00000000
x10: 	0x00000000
x11: 	0x00000000
x12: 	0x00000000
x13: 	0x00000000
x14: 	0x00000000
x15: 	0x00000000
x16: 	0x00000000
x17: 	0x00000000
x18: 	0x00000000
x19: 	0x00000000
x20: 	0x00000000
x21: 	0x00000000
x22: 	0x00000000
x23: 	0x00000000
x24: 	0x00000000
x25: 	0x00000000
x26: 	0x00000000
x27: 	0x00000000
x28: 	0x00000000
x29: 	0x00000000
x30: 	0x00000000
x31: 	0x00000000

0x00001ef0	0x00000000	Unkown Instruction 

All Registers: 
x0: 	0x00000000
x1: 	0x00000000
x2: 	0x00000000
x3: 	0x00000000
x4: 	0x00000000
x5: 	0x00000000
x6: 	0x00000000
x7: 	0x00000000
x8: 	0x00000000
x9: 	0x00000000
x10: 	0x00000000
x11: 	0x00000000
x12: 	0x00000000
x13: 	0x00000000
x14: 	0x00000000
x15: 	0x00000000
x16: 	0x00000000
x17: 	0x00000000
x18: 	0x00000000
x19: 	0x00000000
x20: 	0x00000000
x21: 	0x00000000
x22: 	0x00000000
x23: 	0x00000000
x24: 	0x00000000
x25: 	0x00000000
x26: 	0x00000000
x27: 	0x00000000
x28: 	0x00000000
x29: 	0x00000000
x30: 	0x00000000
x31: 	0x00000000

0x00001ef4	0x00000000	Unkown Instruction 

All Registers: 
x0: 	0x00000000
x1: 	0x00000000
x2: 	0x00000000
x3: 	0x00000000
x4: 	0x00000000
x5: 	0x00000000
x6: 	0x00000000
x7: 	0x00000000
x8: 	0x00000000
x9: 	0x00000000
x10: 	0x00000000
x11: 	0x00000000
x12: 	0x00000000
x13: 	0x00000000
x14: 	0x00000000
x15: 	0x00000000
x16: 	0x00000000
x17: 	0x00000000
x18: 	0x00000000
x19: 	0x00000000
x20: 	0x00000000
x21: 	0x00000000
x22: 	0x00000000
x23: 	0x00000000
x24: 	0x00000000
x25: 	0x00000000
x26: 	0x00000000
x27: 	0x00000000
x28: 	0x00000000
x29: 	0x00000000
x30: 	0x00000000
x31: 	0x00000000

0x00001ef8	0x00000000	Unkown Instruction 

All Registers: 
x0: 	0x00000000
x1: 	0x00000000
x2: 	0x00000000
x3: 	0x00000000
x4: 	0x00000000
x5: 	0x00000000
x6: 	0x00000000
x7: 	0x00000000
x8: 	0x00000000
x9: 	0x00000000
x10: 	0x00000000
x11: 	0x00000000
x12: 	0x00000000
x13: 	0x00000000
x14: 	0x00000000
x15: 	0x00000000
x16: 	0x00000000
x17: 	0x00000000
x18: 	0x00000000
x19: 	0x00000000
x20: 	0x00000000
x21: 	0x00000000
x22: 	0x00000000
x23: 	0x00000000
x24: 	0x00000000
x25: 	0x00000000
x26: 	0x00000000
x27: 	0x00000000
x28: 	0x00000000
x29: 	0x00000000
x30: 	0x00000000
x31: 	0x00000000

0x00001efc	0x00000000	Unkown Instruction 

All Registers: 
x0: 	0x00000000
x1: 	0x00000000
x2: 	0x00000000
x3: 	0x00000000
x4: 	0x00000000
x5: 	0x00000000
x6: 	0x00000000
x7: 	0x00000000
x8: 	0x00000000
x9: 	0x00000000
x10: 	0x00000000
x11: 	0x00000000
x12: 	0x00000000
x13: 	0x00000000
x14: 	0x00000000
x15: 	0x00000000
x16: 	0x00000000
x17: 	0x00000000
x18: 	0x00000000
x19: 	0x00000000
x20: 	0x00000000
x21: 	0x00000000
x22: 	0x00000000
x23: 	0x00000000
x24: 	0x00000000
x25: 	0x00000000
x26: 	0x00000000
x27: 	0x00000000
x28: 	0x00000000
x29: 	0x00000000
x30: 	0x00000000
x31: 	0x00000000

0x00001f00	0x00000000	Unkown Instruction 

All Registers: 
x0: 	0x00000000
x1: 	0x00000000
x2: 	0x00000000
x3: 	0x00000000
x4: 	0x00000000
x5: 	0x00000000
x6: 	0x00000000
x7: 	0x00000000
x8: 	0x00000000
x9: 	0x00000000
x10: 	0x00000000
x11: 	0x00000000
x12: 	0x00000000
x13: 	0x00000000
x14: 	0x00000000
x15: 	0x00000000
x16: 	0x00000000
x17: 	0x00000000
x18: 	0x00000000
x19: 	0x00000000
x20: 	0x00000000
x21: 	0x00000000
x22: 	0x00000000
x23: 	0x00000000
x24: 	0x00000000
x25: 	0x00000000
x26: 	0x00000000
x27: 	0x00000000
x28: 	0x00000000
x29: 	0x00000000
x30: 	0x00000000
x31: 	0x00000000

0x00001f04	0x00000000	Unkown Instruction 

All Registers: 
x0: 	0x00000000
x1: 	0x00000000
x2: 	0x00000000
x3: 	0x00000000
x4: 	0x00000000
x5: 	0x00000000
x6: 	0x00000000
x7: 	0x00000000
x8: 	0x00000000
x9: 	0x00000000
x10: 	0x00000000
x11: 	0x00000000
x12: 	0x00000000
x13: 	0x00000000
x14: 	0x00000000
x15: 	0x00000000
x16: 	0x00000000
x17: 	0x00000000
x18: 	0x00000000
x19: 	0x00000000
x20: 	0x00000000
x21: 	0x00000000
x22: 	0x00000000
x23: 	0x00000000
x24: 	0x00000000
x25: 	0x00000000
x26: 	0x00000000
x27: 	0x00000000
x28: 	0x00000000
x29: 	0x00000000
x30: 	0x00000000
x31: 	0x00000000

0x00001f08	0x00000000	Unkown Instruction 

All Registers: 
x0: 	0x00000000
x1: 	0x00000000
x2: 	0x00000000
x3: 	0x00000000
x4: 	0x00000000
x5: 	0x00000000
x6: 	0x00000000
x7: 	0x00000000
x8: 	0x00000000
x9: 	0x00000000
x10: 	0x00000000
x11: 	0x00000000
x12: 	0x00000000
x13: 	0x00000000
x14: 	0x00000000
x15: 	0x00000000
x16: 	0x00000000
x17: 	0x00000000
x18: 	0x00000000
x19: 	0x00000000
x20: 	0x00000000
x21: 	0x00000000
x22: 	0x00000000
x23: 	0x00000000
x24: 	0x00000000
x25: 	0x00000000
x26: 	0x00000000
x27: 	0x00000000
x28: 	0x00000000
x29: 	0x00000000
x30: 	0x00000000
x31: 	0x00000000

0x00001f0c	0x00000000	Unkown Instruction 

All Registers: 
x0: 	0x00000000
x1: 	0x00000000
x2: 	0x00000000
x3: 	0x00000000
x4: 	0x00000000
x5: 	0x00000000
x6: 	0x00000000
x7: 	0x00000000
x8: 	0x00000000
x9: 	0x00000000
x10: 	0x00000000
x11: 	0x00000000
x12: 	0x00000000
x13: 	0x00000000
x14: 	0x00000000
x15: 	0x00000000
x16: 	0x00000000
x17: 	0x00000000
x18: 	0x00000000
x19: 	0x00000000
x20: 	0x00000000
x21: 	0x00000000
x22: 	0x00000000
x23: 	0x00000000
x24: 	0x00000000
x25: 	0x00000000
x26: 	0x00000000
x27: 	0x00000000
x28: 	0x00000000
x29: 	0x00000000
x30: 	0x00000000
x31: 	0x00000000

0x00001f10	0x00000000	Unkown Instruction 

All Registers: 
x0: 	0x00000000
x1: 	0x00000000
x2: 	0x00000000
x3: 	0x00000000
x4: 	0x00000000
x5: 	0x00000000
x6: 	0x00000000
x7: 	0x00000000
x8: 	0x00000000
x9: 	0x00000000
x10: 	0x00000000
x11: 	0x00000000
x12: 	0x00000000
x13: 	0x00000000
x14: 	0x00000000
x15: 	0x00000000
x16: 	0x00000000
x17: 	0x00000000
x18: 	0x00000000
x19: 	0x00000000
x20: 	0x00000000
x21: 	0x00000000
x22: 	0x00000000
x23: 	0x00000000
x24: 	0x00000000
x25: 	0x00000000
x26: 	0x00000000
x27: 	0x00000000
x28: 	0x00000000
x29: 	0x00000000
x30: 	0x00000000
x31: 	0x00000000

0x00001f14	0x00000000	Unkown Instruction 

All Registers: 
x0: 	0x00000000
x1: 	0x00000000
x2: 	0x00000000
x3: 	0x00000000
x4: 	0x00000000
x5: 	0x00000000
x6: 	0x00000000
x7: 	0x00000000
x8: 	0x00000000
x9: 	0x00000000
x10: 	0x00000000
x11: 	0x00000000
x12: 	0x00000000
x13: 	0x00000000
x14: 	0x00000000
x15: 	0x00000000
x16: 	0x00000000
x17: 	0x00000000
x18: 	0x00000000
x19: 	0x00000000
x20: 	0x00000000
x21: 	0x00000000
x22: 	0x00000000
x23: 	0x00000000
x24: 	0x00000000
x25: 	0x00000000
x26: 	0x00000000
x27: 	0x00000000
x28: 	0x00000000
x29: 	0x00000000
x30: 	0x00000000
x31: 	0x00000000

0x00001f18	0x00000000	Unkown Instruction 

All Registers: 
x0: 	0x00000000
x1: 	0x00000000
x2: 	0x00000000
x3: 	0x00000000
x4: 	0x00000000
x5: 	0x00000000
x6: 	0x00000000
x7: 	0x00000000
x8: 	0x00000000
x9: 	0x00000000
x10: 	0x00000000
x11: 	0x00000000
x12: 	0x00000000
x13: 	0x00000000
x14: 	0x00000000
x15: 	0x00000000
x16: 	0x00000000
x17: 	0x00000000
x18: 	0x00000000
x19: 	0x00000000
x20: 	0x00000000
x21: 	0x00000000
x22: 	0x00000000
x23: 	0x00000000
x24: 	0x00000000
x25: 	0x00000000
x26: 	0x00000000
x27: 	0x00000000
x28: 	0x00000000
x29: 	0x00000000
x30: 	0x00000000
x31: 	0x00000000

0x00001f1c	0x00000000	Unkown Instruction 

All Registers: 
x0: 	0x00000000
x1: 	0x00000000
x2: 	0x00000000
x3: 	0x00000000
x4: 	0x00000000
x5: 	0x00000000
x6: 	0x00000000
x7: 	0x00000000
x8: 	0x00000000
x9: 	0x00000000
x10: 	0x00000000
x11: 	0x00000000
x12: 	0x00000000
x13: 	0x00000000
x14: 	0x00000000
x15: 	0x00000000
x16: 	0x00000000
x17: 	0x00000000
x18: 	0x00000000
x19: 	0x00000000
x20: 	0x00000000
x21: 	0x00000000
x22: 	0x00000000
x23: 	0x00000000
x24: 	0x00000000
x25: 	0x00000000
x26: 	0x00000000
x27: 	0x00000000
x28: 	0x00000000
x29: 	0x00000000
x30: 	0x00000000
x31: 	0x00000000

0x00001f20	0x00000000	Unkown Instruction 

All Registers: 
x0: 	0x00000000
x1: 	0x00000000
x2: 	0x00000000
x3: 	0x00000000
x4: 	0x00000000
x5: 	0x00000000
x6: 	0x00000000
x7: 	0x00000000
x8: 	0x00000000
x9: 	0x00000000
x10: 	0x00000000
x11: 	0x00000000
x12: 	0x00000000
x13: 	0x00000000
x14: 	0x00000000
x15: 	0x00000000
x16: 	0x00000000
x17: 	0x00000000
x18: 	0x00000000
x19: 	0x00000000
x20: 	0x00000000
x21: 	0x00000000
x22: 	0x00000000
x23: 	0x00000000
x24: 	0x00000000
x25: 	0x00000000
x26: 	0x00000000
x27: 	0x00000000
x28: 	0x00000000
x29: 	0x00000000
x30: 	0x00000000
x31: 	0x00000000

0x00001f24	0x00000000	Unkown Instruction 

All Registers: 
x0: 	0x00000000
x1: 	0x00000000
x2: 	0x00000000
x3: 	0x00000000
x4: 	0x00000000
x5: 	0x00000000
x6: 	0x00000000
x7: 	0x00000000
x8: 	0x00000000
x9: 	0x00000000
x10: 	0x00000000
x11: 	0x00000000
x12: 	0x00000000
x13: 	0x00000000
x14: 	0x00000000
x15: 	0x00000000
x16: 	0x00000000
x17: 	0x00000000
x18: 	0x00000000
x19: 	0x00000000
x20: 	0x00000000
x21: 	0x00000000
x22: 	0x00000000
x23: 	0x00000000
x24: 	0x00000000
x25: 	0x00000000
x26: 	0x00000000
x27: 	0x00000000
x28: 	0x00000000
x29: 	0x00000000
x30: 	0x00000000
x31: 	0x00000000

0x00001f28	0x00000000	Unkown Instruction 

All Registers: 
x0: 	0x00000000
x1: 	0x00000000
x2: 	0x00000000
x3: 	0x00000000
x4: 	0x00000000
x5: 	0x00000000
x6: 	0x00000000
x7: 	0x00000000
x8: 	0x00000000
x9: 	0x00000000
x10: 	0x00000000
x11: 	0x00000000
x12: 	0x00000000
x13: 	0x00000000
x14: 	0x00000000
x15: 	0x00000000
x16: 	0x00000000
x17: 	0x00000000
x18: 	0x00000000
x19: 	0x00000000
x20: 	0x00000000
x21: 	0x00000000
x22: 	0x00000000
x23: 	0x00000000
x24: 	0x00000000
x25: 	0x00000000
x26: 	0x00000000
x27: 	0x00000000
x28: 	0x00000000
x29: 	0x00000000
x30: 	0x00000000
x31: 	0x00000000

0x00001f2c	0x00000000	Unkown Instruction 

All Registers: 
x0: 	0x00000000
x1: 	0x00000000
x2: 	0x00000000
x3: 	0x00000000
x4: 	0x00000000
x5: 	0x00000000
x6: 	0x00000000
x7: 	0x00000000
x8: 	0x00000000
x9: 	0x00000000
x10: 	0x00000000
x11: 	0x00000000
x12: 	0x00000000
x13: 	0x00000000
x14: 	0x00000000
x15: 	0x00000000
x16: 	0x00000000
x17: 	0x00000000
x18: 	0x00000000
x19: 	0x00000000
x20: 	0x00000000
x21: 	0x00000000
x22: 	0x00000000
x23: 	0x00000000
x24: 	0x00000000
x25: 	0x00000000
x26: 	0x00000000
x27: 	0x00000000
x28: 	0x00000000
x29: 	0x00000000
x30: 	0x00000000
x31: 	0x00000000

0x00001f30	0x00000000	Unkown Instruction 

All Registers: 
x0: 	0x00000000
x1: 	0x00000000
x2: 	0x00000000
x3: 	0x00000000
x4: 	0x00000000
x5: 	0x00000000
x6: 	0x00000000
x7: 	0x00000000
x8: 	0x00000000
x9: 	0x00000000
x10: 	0x00000000
x11: 	0x00000000
x12: 	0x00000000
x13: 	0x00000000
x14: 	0x00000000
x15: 	0x00000000
x16: 	0x00000000
x17: 	0x00000000
x18: 	0x00000000
x19: 	0x00000000
x20: 	0x00000000
x21: 	0x00000000
x22: 	0x00000000
x23: 	0x00000000
x24: 	0x00000000
x25: 	0x00000000
x26: 	0x00000000
x27: 	0x00000000
x28: 	0x00000000
x29: 	0x00000000
x30: 	0x00000000
x31: 	0x00000000

0x00001f34	0x00000000	Unkown Instruction 

All Registers: 
x0: 	0x00000000
x1: 	0x00000000
x2: 	0x00000000
x3: 	0x00000000
x4: 	0x00000000
x5: 	0x00000000
x6: 	0x00000000
x7: 	0x00000000
x8: 	0x00000000
x9: 	0x00000000
x10: 	0x00000000
x11: 	0x00000000
x12: 	0x00000000
x13: 	0x00000000
x14: 	0x00000000
x15: 	0x00000000
x16: 	0x00000000
x17: 	0x00000000
x18: 	0x00000000
x19: 	0x00000000
x20: 	0x00000000
x21: 	0x00000000
x22: 	0x00000000
x23: 	0x00000000
x24: 	0x00000000
x25: 	0x00000000
x26: 	0x00000000
x27: 	0x00000000
x28: 	0x00000000
x29: 	0x00000000
x30: 	0x00000000
x31: 	0x00000000

0x00001f38	0x00000000	Unkown Instruction 

All Registers: 
x0: 	0x00000000
x1: 	0x00000000
x2: 	0x00000000
x3: 	0x00000000
x4: 	0x00000000
x5: 	0x00000000
x6: 	0x00000000
x7: 	0x00000000
x8: 	0x00000000
x9: 	0x00000000
x10: 	0x00000000
x11: 	0x00000000
x12: 	0x00000000
x13: 	0x00000000
x14: 	0x00000000
x15: 	0x00000000
x16: 	0x00000000
x17: 	0x00000000
x18: 	0x00000000
x19: 	0x00000000
x20: 	0x00000000
x21: 	0x00000000
x22: 	0x00000000
x23: 	0x00000000
x24: 	0x00000000
x25: 	0x00000000
x26: 	0x00000000
x27: 	0x00000000
x28: 	0x00000000
x29: 	0x00000000
x30: 	0x00000000
x31: 	0x00000000

0x00001f3c	0x00000000	Unkown Instruction 

All Registers: 
x0: 	0x00000000
x1: 	0x00000000
x2: 	0x00000000
x3: 	0x00000000
x4: 	0x00000000
x5: 	0x00000000
x6: 	0x00000000
x7: 	0x00000000
x8: 	0x00000000
x9: 	0x00000000
x10: 	0x00000000
x11: 	0x00000000
x12: 	0x00000000
x13: 	0x00000000
x14: 	0x00000000
x15: 	0x00000000
x16: 	0x00000000
x17: 	0x00000000
x18: 	0x00000000
x19: 	0x00000000
x20: 	0x00000000
x21: 	0x00000000
x22: 	0x00000000
x23: 	0x00000000
x24: 	0x00000000
x25: 	0x00000000
x26: 	0x00000000
x27: 	0x00000000
x28: 	0x00000000
x29: 	0x00000000
x30: 	0x00000000
x31: 	0x00000000

0x00001f40	0x00000000	Unkown Instruction 

All Registers: 
x0: 	0x00000000
x1: 	0x00000000
x2: 	0x00000000
x3: 	0x00000000
x4: 	0x00000000
x5: 	0x00000000
x6: 	0x00000000
x7: 	0x00000000
x8: 	0x00000000
x9: 	0x00000000
x10: 	0x00000000
x11: 	0x00000000
x12: 	0x00000000
x13: 	0x00000000
x14: 	0x00000000
x15: 	0x00000000
x16: 	0x00000000
x17: 	0x00000000
x18: 	0x00000000
x19: 	0x00000000
x20: 	0x00000000
x21: 	0x00000000
x22: 	0x00000000
x23: 	0x00000000
x24: 	0x00000000
x25: 	0x00000000
x26: 	0x00000000
x27: 	0x00000000
x28: 	0x00000000
x29: 	0x00000000
x30: 	0x00000000
x31: 	0x00000000

0x00001f44	0x00000000	Unkown Instruction 

All Registers: 
x0: 	0x00000000
x1: 	0x00000000
x2: 	0x00000000
x3: 	0x00000000
x4: 	0x00000000
x5: 	0x00000000
x6: 	0x00000000
x7: 	0x00000000
x8: 	0x00000000
x9: 	0x00000000
x10: 	0x00000000
x11: 	0x00000000
x12: 	0x00000000
x13: 	0x00000000
x14: 	0x00000000
x15: 	0x00000000
x16: 	0x00000000
x17: 	0x00000000
x18: 	0x00000000
x19: 	0x00000000
x20: 	0x00000000
x21: 	0x00000000
x22: 	0x00000000
x23: 	0x00000000
x24: 	0x00000000
x25: 	0x00000000
x26: 	0x00000000
x27: 	0x00000000
x28: 	0x00000000
x29: 	0x00000000
x30: 	0x00000000
x31: 	0x00000000

0x00001f48	0x00000000	Unkown Instruction 

All Registers: 
x0: 	0x00000000
x1: 	0x00000000
x2: 	0x00000000
x3: 	0x00000000
x4: 	0x00000000
x5: 	0x00000000
x6: 	0x00000000
x7: 	0x00000000
x8: 	0x00000000
x9: 	0x00000000
x10: 	0x00000000
x11: 	0x00000000
x12: 	0x00000000
x13: 	0x00000000
x14: 	0x00000000
x15: 	0x00000000
x16: 	0x00000000
x17: 	0x00000000
x18: 	0x00000000
x19: 	0x00000000
x20: 	0x00000000
x21: 	0x00000000
x22: 	0x00000000
x23: 	0x00000000
x24: 	0x00000000
x25: 	0x00000000
x26: 	0x00000000
x27: 	0x00000000
x28: 	0x00000000
x29: 	0x00000000
x30: 	0x00000000
x31: 	0x00000000

0x00001f4c	0x00000000	Unkown Instruction 

All Registers: 
x0: 	0x00000000
x1: 	0x00000000
x2: 	0x00000000
x3: 	0x00000000
x4: 	0x00000000
x5: 	0x00000000
x6: 	0x00000000
x7: 	0x00000000
x8: 	0x00000000
x9: 	0x00000000
x10: 	0x00000000
x11: 	0x00000000
x12: 	0x00000000
x13: 	0x00000000
x14: 	0x00000000
x15: 	0x00000000
x16: 	0x00000000
x17: 	0x00000000
x18: 	0x00000000
x19: 	0x00000000
x20: 	0x00000000
x21: 	0x00000000
x22: 	0x00000000
x23: 	0x00000000
x24: 	0x00000000
x25: 	0x00000000
x26: 	0x00000000
x27: 	0x00000000
x28: 	0x00000000
x29: 	0x00000000
x30: 	0x00000000
x31: 	0x00000000

0x00001f50	0x00000000	Unkown Instruction 

All Registers: 
x0: 	0x00000000
x1: 	0x00000000
x2: 	0x00000000
x3: 	0x00000000
x4: 	0x00000000
x5: 	0x00000000
x6: 	0x00000000
x7: 	0x00000000
x8: 	0x00000000
x9: 	0x00000000
x10: 	0x00000000
x11: 	0x00000000
x12: 	0x00000000
x13: 	0x00000000
x14: 	0x00000000
x15: 	0x00000000
x16: 	0x00000000
x17: 	0x00000000
x18: 	0x00000000
x19: 	0x00000000
x20: 	0x00000000
x21: 	0x00000000
x22: 	0x00000000
x23: 	0x00000000
x24: 	0x00000000
x25: 	0x00000000
x26: 	0x00000000
x27: 	0x00000000
x28: 	0x00000000
x29: 	0x00000000
x30: 	0x00000000
x31: 	0x00000000

0x00001f54	0x00000000	Unkown Instruction 

All Registers: 
x0: 	0x00000000
x1: 	0x00000000
x2: 	0x00000000
x3: 	0x00000000
x4: 	0x00000000
x5: 	0x00000000
x6: 	0x00000000
x7: 	0x00000000
x8: 	0x00000000
x9: 	0x00000000
x10: 	0x00000000
x11: 	0x00000000
x12: 	0x00000000
x13: 	0x00000000
x14: 	0x00000000
x15: 	0x00000000
x16: 	0x00000000
x17: 	0x00000000
x18: 	0x00000000
x19: 	0x00000000
x20: 	0x00000000
x21: 	0x00000000
x22: 	0x00000000
x23: 	0x00000000
x24: 	0x00000000
x25: 	0x00000000
x26: 	0x00000000
x27: 	0x00000000
x28: 	0x00000000
x29: 	0x00000000
x30: 	0x00000000
x31: 	0x00000000

0x00001f58	0x00000000	Unkown Instruction 

All Registers: 
x0: 	0x00000000
x1: 	0x00000000
x2: 	0x00000000
x3: 	0x00000000
x4: 	0x00000000
x5: 	0x00000000
x6: 	0x00000000
x7: 	0x00000000
x8: 	0x00000000
x9: 	0x00000000
x10: 	0x00000000
x11: 	0x00000000
x12: 	0x00000000
x13: 	0x00000000
x14: 	0x00000000
x15: 	0x00000000
x16: 	0x00000000
x17: 	0x00000000
x18: 	0x00000000
x19: 	0x00000000
x20: 	0x00000000
x21: 	0x00000000
x22: 	0x00000000
x23: 	0x00000000
x24: 	0x00000000
x25: 	0x00000000
x26: 	0x00000000
x27: 	0x00000000
x28: 	0x00000000
x29: 	0x00000000
x30: 	0x00000000
x31: 	0x00000000

0x00001f5c	0x00000000	Unkown Instruction 

All Registers: 
x0: 	0x00000000
x1: 	0x00000000
x2: 	0x00000000
x3: 	0x00000000
x4: 	0x00000000
x5: 	0x00000000
x6: 	0x00000000
x7: 	0x00000000
x8: 	0x00000000
x9: 	0x00000000
x10: 	0x00000000
x11: 	0x00000000
x12: 	0x00000000
x13: 	0x00000000
x14: 	0x00000000
x15: 	0x00000000
x16: 	0x00000000
x17: 	0x00000000
x18: 	0x00000000
x19: 	0x00000000
x20: 	0x00000000
x21: 	0x00000000
x22: 	0x00000000
x23: 	0x00000000
x24: 	0x00000000
x25: 	0x00000000
x26: 	0x00000000
x27: 	0x00000000
x28: 	0x00000000
x29: 	0x00000000
x30: 	0x00000000
x31: 	0x00000000

0x00001f60	0x00000000	Unkown Instruction 

All Registers: 
x0: 	0x00000000
x1: 	0x00000000
x2: 	0x00000000
x3: 	0x00000000
x4: 	0x00000000
x5: 	0x00000000
x6: 	0x00000000
x7: 	0x00000000
x8: 	0x00000000
x9: 	0x00000000
x10: 	0x00000000
x11: 	0x00000000
x12: 	0x00000000
x13: 	0x00000000
x14: 	0x00000000
x15: 	0x00000000
x16: 	0x00000000
x17: 	0x00000000
x18: 	0x00000000
x19: 	0x00000000
x20: 	0x00000000
x21: 	0x00000000
x22: 	0x00000000
x23: 	0x00000000
x24: 	0x00000000
x25: 	0x00000000
x26: 	0x00000000
x27: 	0x00000000
x28: 	0x00000000
x29: 	0x00000000
x30: 	0x00000000
x31: 	0x00000000

0x00001f64	0x00000000	Unkown Instruction 

All Registers: 
x0: 	0x00000000
x1: 	0x00000000
x2: 	0x00000000
x3: 	0x00000000
x4: 	0x00000000
x5: 	0x00000000
x6: 	0x00000000
x7: 	0x00000000
x8: 	0x00000000
x9: 	0x00000000
x10: 	0x00000000
x11: 	0x00000000
x12: 	0x00000000
x13: 	0x00000000
x14: 	0x00000000
x15: 	0x00000000
x16: 	0x00000000
x17: 	0x00000000
x18: 	0x00000000
x19: 	0x00000000
x20: 	0x00000000
x21: 	0x00000000
x22: 	0x00000000
x23: 	0x00000000
x24: 	0x00000000
x25: 	0x00000000
x26: 	0x00000000
x27: 	0x00000000
x28: 	0x00000000
x29: 	0x00000000
x30: 	0x00000000
x31: 	0x00000000

0x00001f68	0x00000000	Unkown Instruction 

All Registers: 
x0: 	0x00000000
x1: 	0x00000000
x2: 	0x00000000
x3: 	0x00000000
x4: 	0x00000000
x5: 	0x00000000
x6: 	0x00000000
x7: 	0x00000000
x8: 	0x00000000
x9: 	0x00000000
x10: 	0x00000000
x11: 	0x00000000
x12: 	0x00000000
x13: 	0x00000000
x14: 	0x00000000
x15: 	0x00000000
x16: 	0x00000000
x17: 	0x00000000
x18: 	0x00000000
x19: 	0x00000000
x20: 	0x00000000
x21: 	0x00000000
x22: 	0x00000000
x23: 	0x00000000
x24: 	0x00000000
x25: 	0x00000000
x26: 	0x00000000
x27: 	0x00000000
x28: 	0x00000000
x29: 	0x00000000
x30: 	0x00000000
x31: 	0x00000000

0x00001f6c	0x00000000	Unkown Instruction 

All Registers: 
x0: 	0x00000000
x1: 	0x00000000
x2: 	0x00000000
x3: 	0x00000000
x4: 	0x00000000
x5: 	0x00000000
x6: 	0x00000000
x7: 	0x00000000
x8: 	0x00000000
x9: 	0x00000000
x10: 	0x00000000
x11: 	0x00000000
x12: 	0x00000000
x13: 	0x00000000
x14: 	0x00000000
x15: 	0x00000000
x16: 	0x00000000
x17: 	0x00000000
x18: 	0x00000000
x19: 	0x00000000
x20: 	0x00000000
x21: 	0x00000000
x22: 	0x00000000
x23: 	0x00000000
x24: 	0x00000000
x25: 	0x00000000
x26: 	0x00000000
x27: 	0x00000000
x28: 	0x00000000
x29: 	0x00000000
x30: 	0x00000000
x31: 	0x00000000

0x00001f70	0x00000000	Unkown Instruction 

All Registers: 
x0: 	0x00000000
x1: 	0x00000000
x2: 	0x00000000
x3: 	0x00000000
x4: 	0x00000000
x5: 	0x00000000
x6: 	0x00000000
x7: 	0x00000000
x8: 	0x00000000
x9: 	0x00000000
x10: 	0x00000000
x11: 	0x00000000
x12: 	0x00000000
x13: 	0x00000000
x14: 	0x00000000
x15: 	0x00000000
x16: 	0x00000000
x17: 	0x00000000
x18: 	0x00000000
x19: 	0x00000000
x20: 	0x00000000
x21: 	0x00000000
x22: 	0x00000000
x23: 	0x00000000
x24: 	0x00000000
x25: 	0x00000000
x26: 	0x00000000
x27: 	0x00000000
x28: 	0x00000000
x29: 	0x00000000
x30: 	0x00000000
x31: 	0x00000000

0x00001f74	0x00000000	Unkown Instruction 

All Registers: 
x0: 	0x00000000
x1: 	0x00000000
x2: 	0x00000000
x3: 	0x00000000
x4: 	0x00000000
x5: 	0x00000000
x6: 	0x00000000
x7: 	0x00000000
x8: 	0x00000000
x9: 	0x00000000
x10: 	0x00000000
x11: 	0x00000000
x12: 	0x00000000
x13: 	0x00000000
x14: 	0x00000000
x15: 	0x00000000
x16: 	0x00000000
x17: 	0x00000000
x18: 	0x00000000
x19: 	0x00000000
x20: 	0x00000000
x21: 	0x00000000
x22: 	0x00000000
x23: 	0x00000000
x24: 	0x00000000
x25: 	0x00000000
x26: 	0x00000000
x27: 	0x00000000
x28: 	0x00000000
x29: 	0x00000000
x30: 	0x00000000
x31: 	0x00000000

0x00001f78	0x00000000	Unkown Instruction 

All Registers: 
x0: 	0x00000000
x1: 	0x00000000
x2: 	0x00000000
x3: 	0x00000000
x4: 	0x00000000
x5: 	0x00000000
x6: 	0x00000000
x7: 	0x00000000
x8: 	0x00000000
x9: 	0x00000000
x10: 	0x00000000
x11: 	0x00000000
x12: 	0x00000000
x13: 	0x00000000
x14: 	0x00000000
x15: 	0x00000000
x16: 	0x00000000
x17: 	0x00000000
x18: 	0x00000000
x19: 	0x00000000
x20: 	0x00000000
x21: 	0x00000000
x22: 	0x00000000
x23: 	0x00000000
x24: 	0x00000000
x25: 	0x00000000
x26: 	0x00000000
x27: 	0x00000000
x28: 	0x00000000
x29: 	0x00000000
x30: 	0x00000000
x31: 	0x00000000

0x00001f7c	0x00000000	Unkown Instruction 

All Registers: 
x0: 	0x00000000
x1: 	0x00000000
x2: 	0x00000000
x3: 	0x00000000
x4: 	0x00000000
x5: 	0x00000000
x6: 	0x00000000
x7: 	0x00000000
x8: 	0x00000000
x9: 	0x00000000
x10: 	0x00000000
x11: 	0x00000000
x12: 	0x00000000
x13: 	0x00000000
x14: 	0x00000000
x15: 	0x00000000
x16: 	0x00000000
x17: 	0x00000000
x18: 	0x00000000
x19: 	0x00000000
x20: 	0x00000000
x21: 	0x00000000
x22: 	0x00000000
x23: 	0x00000000
x24: 	0x00000000
x25: 	0x00000000
x26: 	0x00000000
x27: 	0x00000000
x28: 	0x00000000
x29: 	0x00000000
x30: 	0x00000000
x31: 	0x00000000

0x00001f80	0x00000000	Unkown Instruction 

All Registers: 
x0: 	0x00000000
x1: 	0x00000000
x2: 	0x00000000
x3: 	0x00000000
x4: 	0x00000000
x5: 	0x00000000
x6: 	0x00000000
x7: 	0x00000000
x8: 	0x00000000
x9: 	0x00000000
x10: 	0x00000000
x11: 	0x00000000
x12: 	0x00000000
x13: 	0x00000000
x14: 	0x00000000
x15: 	0x00000000
x16: 	0x00000000
x17: 	0x00000000
x18: 	0x00000000
x19: 	0x00000000
x20: 	0x00000000
x21: 	0x00000000
x22: 	0x00000000
x23: 	0x00000000
x24: 	0x00000000
x25: 	0x00000000
x26: 	0x00000000
x27: 	0x00000000
x28: 	0x00000000
x29: 	0x00000000
x30: 	0x00000000
x31: 	0x00000000

0x00001f84	0x00000000	Unkown Instruction 

All Registers: 
x0: 	0x00000000
x1: 	0x00000000
x2: 	0x00000000
x3: 	0x00000000
x4: 	0x00000000
x5: 	0x00000000
x6: 	0x00000000
x7: 	0x00000000
x8: 	0x00000000
x9: 	0x00000000
x10: 	0x00000000
x11: 	0x00000000
x12: 	0x00000000
x13: 	0x00000000
x14: 	0x00000000
x15: 	0x00000000
x16: 	0x00000000
x17: 	0x00000000
x18: 	0x00000000
x19: 	0x00000000
x20: 	0x00000000
x21: 	0x00000000
x22: 	0x00000000
x23: 	0x00000000
x24: 	0x00000000
x25: 	0x00000000
x26: 	0x00000000
x27: 	0x00000000
x28: 	0x00000000
x29: 	0x00000000
x30: 	0x00000000
x31: 	0x00000000

0x00001f88	0x00000000	Unkown Instruction 

All Registers: 
x0: 	0x00000000
x1: 	0x00000000
x2: 	0x00000000
x3: 	0x00000000
x4: 	0x00000000
x5: 	0x00000000
x6: 	0x00000000
x7: 	0x00000000
x8: 	0x00000000
x9: 	0x00000000
x10: 	0x00000000
x11: 	0x00000000
x12: 	0x00000000
x13: 	0x00000000
x14: 	0x00000000
x15: 	0x00000000
x16: 	0x00000000
x17: 	0x00000000
x18: 	0x00000000
x19: 	0x00000000
x20: 	0x00000000
x21: 	0x00000000
x22: 	0x00000000
x23: 	0x00000000
x24: 	0x00000000
x25: 	0x00000000
x26: 	0x00000000
x27: 	0x00000000
x28: 	0x00000000
x29: 	0x00000000
x30: 	0x00000000
x31: 	0x00000000

0x00001f8c	0x00000000	Unkown Instruction 

All Registers: 
x0: 	0x00000000
x1: 	0x00000000
x2: 	0x00000000
x3: 	0x00000000
x4: 	0x00000000
x5: 	0x00000000
x6: 	0x00000000
x7: 	0x00000000
x8: 	0x00000000
x9: 	0x00000000
x10: 	0x00000000
x11: 	0x00000000
x12: 	0x00000000
x13: 	0x00000000
x14: 	0x00000000
x15: 	0x00000000
x16: 	0x00000000
x17: 	0x00000000
x18: 	0x00000000
x19: 	0x00000000
x20: 	0x00000000
x21: 	0x00000000
x22: 	0x00000000
x23: 	0x00000000
x24: 	0x00000000
x25: 	0x00000000
x26: 	0x00000000
x27: 	0x00000000
x28: 	0x00000000
x29: 	0x00000000
x30: 	0x00000000
x31: 	0x00000000

0x00001f90	0x00000000	Unkown Instruction 

All Registers: 
x0: 	0x00000000
x1: 	0x00000000
x2: 	0x00000000
x3: 	0x00000000
x4: 	0x00000000
x5: 	0x00000000
x6: 	0x00000000
x7: 	0x00000000
x8: 	0x00000000
x9: 	0x00000000
x10: 	0x00000000
x11: 	0x00000000
x12: 	0x00000000
x13: 	0x00000000
x14: 	0x00000000
x15: 	0x00000000
x16: 	0x00000000
x17: 	0x00000000
x18: 	0x00000000
x19: 	0x00000000
x20: 	0x00000000
x21: 	0x00000000
x22: 	0x00000000
x23: 	0x00000000
x24: 	0x00000000
x25: 	0x00000000
x26: 	0x00000000
x27: 	0x00000000
x28: 	0x00000000
x29: 	0x00000000
x30: 	0x00000000
x31: 	0x00000000

0x00001f94	0x00000000	Unkown Instruction 

All Registers: 
x0: 	0x00000000
x1: 	0x00000000
x2: 	0x00000000
x3: 	0x00000000
x4: 	0x00000000
x5: 	0x00000000
x6: 	0x00000000
x7: 	0x00000000
x8: 	0x00000000
x9: 	0x00000000
x10: 	0x00000000
x11: 	0x00000000
x12: 	0x00000000
x13: 	0x00000000
x14: 	0x00000000
x15: 	0x00000000
x16: 	0x00000000
x17: 	0x00000000
x18: 	0x00000000
x19: 	0x00000000
x20: 	0x00000000
x21: 	0x00000000
x22: 	0x00000000
x23: 	0x00000000
x24: 	0x00000000
x25: 	0x00000000
x26: 	0x00000000
x27: 	0x00000000
x28: 	0x00000000
x29: 	0x00000000
x30: 	0x00000000
x31: 	0x00000000

0x00001f98	0x00000000	Unkown Instruction 

All Registers: 
x0: 	0x00000000
x1: 	0x00000000
x2: 	0x00000000
x3: 	0x00000000
x4: 	0x00000000
x5: 	0x00000000
x6: 	0x00000000
x7: 	0x00000000
x8: 	0x00000000
x9: 	0x00000000
x10: 	0x00000000
x11: 	0x00000000
x12: 	0x00000000
x13: 	0x00000000
x14: 	0x00000000
x15: 	0x00000000
x16: 	0x00000000
x17: 	0x00000000
x18: 	0x00000000
x19: 	0x00000000
x20: 	0x00000000
x21: 	0x00000000
x22: 	0x00000000
x23: 	0x00000000
x24: 	0x00000000
x25: 	0x00000000
x26: 	0x00000000
x27: 	0x00000000
x28: 	0x00000000
x29: 	0x00000000
x30: 	0x00000000
x31: 	0x00000000

0x00001f9c	0x00000000	Unkown Instruction 

All Registers: 
x0: 	0x00000000
x1: 	0x00000000
x2: 	0x00000000
x3: 	0x00000000
x4: 	0x00000000
x5: 	0x00000000
x6: 	0x00000000
x7: 	0x00000000
x8: 	0x00000000
x9: 	0x00000000
x10: 	0x00000000
x11: 	0x00000000
x12: 	0x00000000
x13: 	0x00000000
x14: 	0x00000000
x15: 	0x00000000
x16: 	0x00000000
x17: 	0x00000000
x18: 	0x00000000
x19: 	0x00000000
x20: 	0x00000000
x21: 	0x00000000
x22: 	0x00000000
x23: 	0x00000000
x24: 	0x00000000
x25: 	0x00000000
x26: 	0x00000000
x27: 	0x00000000
x28: 	0x00000000
x29: 	0x00000000
x30: 	0x00000000
x31: 	0x00000000

0x00001fa0	0x00000000	Unkown Instruction 

All Registers: 
x0: 	0x00000000
x1: 	0x00000000
x2: 	0x00000000
x3: 	0x00000000
x4: 	0x00000000
x5: 	0x00000000
x6: 	0x00000000
x7: 	0x00000000
x8: 	0x00000000
x9: 	0x00000000
x10: 	0x00000000
x11: 	0x00000000
x12: 	0x00000000
x13: 	0x00000000
x14: 	0x00000000
x15: 	0x00000000
x16: 	0x00000000
x17: 	0x00000000
x18: 	0x00000000
x19: 	0x00000000
x20: 	0x00000000
x21: 	0x00000000
x22: 	0x00000000
x23: 	0x00000000
x24: 	0x00000000
x25: 	0x00000000
x26: 	0x00000000
x27: 	0x00000000
x28: 	0x00000000
x29: 	0x00000000
x30: 	0x00000000
x31: 	0x00000000

0x00001fa4	0x00000000	Unkown Instruction 

All Registers: 
x0: 	0x00000000
x1: 	0x00000000
x2: 	0x00000000
x3: 	0x00000000
x4: 	0x00000000
x5: 	0x00000000
x6: 	0x00000000
x7: 	0x00000000
x8: 	0x00000000
x9: 	0x00000000
x10: 	0x00000000
x11: 	0x00000000
x12: 	0x00000000
x13: 	0x00000000
x14: 	0x00000000
x15: 	0x00000000
x16: 	0x00000000
x17: 	0x00000000
x18: 	0x00000000
x19: 	0x00000000
x20: 	0x00000000
x21: 	0x00000000
x22: 	0x00000000
x23: 	0x00000000
x24: 	0x00000000
x25: 	0x00000000
x26: 	0x00000000
x27: 	0x00000000
x28: 	0x00000000
x29: 	0x00000000
x30: 	0x00000000
x31: 	0x00000000

0x00001fa8	0x00000000	Unkown Instruction 

All Registers: 
x0: 	0x00000000
x1: 	0x00000000
x2: 	0x00000000
x3: 	0x00000000
x4: 	0x00000000
x5: 	0x00000000
x6: 	0x00000000
x7: 	0x00000000
x8: 	0x00000000
x9: 	0x00000000
x10: 	0x00000000
x11: 	0x00000000
x12: 	0x00000000
x13: 	0x00000000
x14: 	0x00000000
x15: 	0x00000000
x16: 	0x00000000
x17: 	0x00000000
x18: 	0x00000000
x19: 	0x00000000
x20: 	0x00000000
x21: 	0x00000000
x22: 	0x00000000
x23: 	0x00000000
x24: 	0x00000000
x25: 	0x00000000
x26: 	0x00000000
x27: 	0x00000000
x28: 	0x00000000
x29: 	0x00000000
x30: 	0x00000000
x31: 	0x00000000

0x00001fac	0x00000000	Unkown Instruction 

All Registers: 
x0: 	0x00000000
x1: 	0x00000000
x2: 	0x00000000
x3: 	0x00000000
x4: 	0x00000000
x5: 	0x00000000
x6: 	0x00000000
x7: 	0x00000000
x8: 	0x00000000
x9: 	0x00000000
x10: 	0x00000000
x11: 	0x00000000
x12: 	0x00000000
x13: 	0x00000000
x14: 	0x00000000
x15: 	0x00000000
x16: 	0x00000000
x17: 	0x00000000
x18: 	0x00000000
x19: 	0x00000000
x20: 	0x00000000
x21: 	0x00000000
x22: 	0x00000000
x23: 	0x00000000
x24: 	0x00000000
x25: 	0x00000000
x26: 	0x00000000
x27: 	0x00000000
x28: 	0x00000000
x29: 	0x00000000
x30: 	0x00000000
x31: 	0x00000000

0x00001fb0	0x00000000	Unkown Instruction 

All Registers: 
x0: 	0x00000000
x1: 	0x00000000
x2: 	0x00000000
x3: 	0x00000000
x4: 	0x00000000
x5: 	0x00000000
x6: 	0x00000000
x7: 	0x00000000
x8: 	0x00000000
x9: 	0x00000000
x10: 	0x00000000
x11: 	0x00000000
x12: 	0x00000000
x13: 	0x00000000
x14: 	0x00000000
x15: 	0x00000000
x16: 	0x00000000
x17: 	0x00000000
x18: 	0x00000000
x19: 	0x00000000
x20: 	0x00000000
x21: 	0x00000000
x22: 	0x00000000
x23: 	0x00000000
x24: 	0x00000000
x25: 	0x00000000
x26: 	0x00000000
x27: 	0x00000000
x28: 	0x00000000
x29: 	0x00000000
x30: 	0x00000000
x31: 	0x00000000

0x00001fb4	0x00000000	Unkown Instruction 

All Registers: 
x0: 	0x00000000
x1: 	0x00000000
x2: 	0x00000000
x3: 	0x00000000
x4: 	0x00000000
x5: 	0x00000000
x6: 	0x00000000
x7: 	0x00000000
x8: 	0x00000000
x9: 	0x00000000
x10: 	0x00000000
x11: 	0x00000000
x12: 	0x00000000
x13: 	0x00000000
x14: 	0x00000000
x15: 	0x00000000
x16: 	0x00000000
x17: 	0x00000000
x18: 	0x00000000
x19: 	0x00000000
x20: 	0x00000000
x21: 	0x00000000
x22: 	0x00000000
x23: 	0x00000000
x24: 	0x00000000
x25: 	0x00000000
x26: 	0x00000000
x27: 	0x00000000
x28: 	0x00000000
x29: 	0x00000000
x30: 	0x00000000
x31: 	0x00000000

0x00001fb8	0x00000000	Unkown Instruction 

All Registers: 
x0: 	0x00000000
x1: 	0x00000000
x2: 	0x00000000
x3: 	0x00000000
x4: 	0x00000000
x5: 	0x00000000
x6: 	0x00000000
x7: 	0x00000000
x8: 	0x00000000
x9: 	0x00000000
x10: 	0x00000000
x11: 	0x00000000
x12: 	0x00000000
x13: 	0x00000000
x14: 	0x00000000
x15: 	0x00000000
x16: 	0x00000000
x17: 	0x00000000
x18: 	0x00000000
x19: 	0x00000000
x20: 	0x00000000
x21: 	0x00000000
x22: 	0x00000000
x23: 	0x00000000
x24: 	0x00000000
x25: 	0x00000000
x26: 	0x00000000
x27: 	0x00000000
x28: 	0x00000000
x29: 	0x00000000
x30: 	0x00000000
x31: 	0x00000000

0x00001fbc	0x00000000	Unkown Instruction 

All Registers: 
x0: 	0x00000000
x1: 	0x00000000
x2: 	0x00000000
x3: 	0x00000000
x4: 	0x00000000
x5: 	0x00000000
x6: 	0x00000000
x7: 	0x00000000
x8: 	0x00000000
x9: 	0x00000000
x10: 	0x00000000
x11: 	0x00000000
x12: 	0x00000000
x13: 	0x00000000
x14: 	0x00000000
x15: 	0x00000000
x16: 	0x00000000
x17: 	0x00000000
x18: 	0x00000000
x19: 	0x00000000
x20: 	0x00000000
x21: 	0x00000000
x22: 	0x00000000
x23: 	0x00000000
x24: 	0x00000000
x25: 	0x00000000
x26: 	0x00000000
x27: 	0x00000000
x28: 	0x00000000
x29: 	0x00000000
x30: 	0x00000000
x31: 	0x00000000

0x00001fc0	0x00000000	Unkown Instruction 

All Registers: 
x0: 	0x00000000
x1: 	0x00000000
x2: 	0x00000000
x3: 	0x00000000
x4: 	0x00000000
x5: 	0x00000000
x6: 	0x00000000
x7: 	0x00000000
x8: 	0x00000000
x9: 	0x00000000
x10: 	0x00000000
x11: 	0x00000000
x12: 	0x00000000
x13: 	0x00000000
x14: 	0x00000000
x15: 	0x00000000
x16: 	0x00000000
x17: 	0x00000000
x18: 	0x00000000
x19: 	0x00000000
x20: 	0x00000000
x21: 	0x00000000
x22: 	0x00000000
x23: 	0x00000000
x24: 	0x00000000
x25: 	0x00000000
x26: 	0x00000000
x27: 	0x00000000
x28: 	0x00000000
x29: 	0x00000000
x30: 	0x00000000
x31: 	0x00000000

0x00001fc4	0x00000000	Unkown Instruction 

All Registers: 
x0: 	0x00000000
x1: 	0x00000000
x2: 	0x00000000
x3: 	0x00000000
x4: 	0x00000000
x5: 	0x00000000
x6: 	0x00000000
x7: 	0x00000000
x8: 	0x00000000
x9: 	0x00000000
x10: 	0x00000000
x11: 	0x00000000
x12: 	0x00000000
x13: 	0x00000000
x14: 	0x00000000
x15: 	0x00000000
x16: 	0x00000000
x17: 	0x00000000
x18: 	0x00000000
x19: 	0x00000000
x20: 	0x00000000
x21: 	0x00000000
x22: 	0x00000000
x23: 	0x00000000
x24: 	0x00000000
x25: 	0x00000000
x26: 	0x00000000
x27: 	0x00000000
x28: 	0x00000000
x29: 	0x00000000
x30: 	0x00000000
x31: 	0x00000000

0x00001fc8	0x00000000	Unkown Instruction 

All Registers: 
x0: 	0x00000000
x1: 	0x00000000
x2: 	0x00000000
x3: 	0x00000000
x4: 	0x00000000
x5: 	0x00000000
x6: 	0x00000000
x7: 	0x00000000
x8: 	0x00000000
x9: 	0x00000000
x10: 	0x00000000
x11: 	0x00000000
x12: 	0x00000000
x13: 	0x00000000
x14: 	0x00000000
x15: 	0x00000000
x16: 	0x00000000
x17: 	0x00000000
x18: 	0x00000000
x19: 	0x00000000
x20: 	0x00000000
x21: 	0x00000000
x22: 	0x00000000
x23: 	0x00000000
x24: 	0x00000000
x25: 	0x00000000
x26: 	0x00000000
x27: 	0x00000000
x28: 	0x00000000
x29: 	0x00000000
x30: 	0x00000000
x31: 	0x00000000

0x00001fcc	0x00000000	Unkown Instruction 

All Registers: 
x0: 	0x00000000
x1: 	0x00000000
x2: 	0x00000000
x3: 	0x00000000
x4: 	0x00000000
x5: 	0x00000000
x6: 	0x00000000
x7: 	0x00000000
x8: 	0x00000000
x9: 	0x00000000
x10: 	0x00000000
x11: 	0x00000000
x12: 	0x00000000
x13: 	0x00000000
x14: 	0x00000000
x15: 	0x00000000
x16: 	0x00000000
x17: 	0x00000000
x18: 	0x00000000
x19: 	0x00000000
x20: 	0x00000000
x21: 	0x00000000
x22: 	0x00000000
x23: 	0x00000000
x24: 	0x00000000
x25: 	0x00000000
x26: 	0x00000000
x27: 	0x00000000
x28: 	0x00000000
x29: 	0x00000000
x30: 	0x00000000
x31: 	0x00000000

0x00001fd0	0x00000000	Unkown Instruction 

All Registers: 
x0: 	0x00000000
x1: 	0x00000000
x2: 	0x00000000
x3: 	0x00000000
x4: 	0x00000000
x5: 	0x00000000
x6: 	0x00000000
x7: 	0x00000000
x8: 	0x00000000
x9: 	0x00000000
x10: 	0x00000000
x11: 	0x00000000
x12: 	0x00000000
x13: 	0x00000000
x14: 	0x00000000
x15: 	0x00000000
x16: 	0x00000000
x17: 	0x00000000
x18: 	0x00000000
x19: 	0x00000000
x20: 	0x00000000
x21: 	0x00000000
x22: 	0x00000000
x23: 	0x00000000
x24: 	0x00000000
x25: 	0x00000000
x26: 	0x00000000
x27: 	0x00000000
x28: 	0x00000000
x29: 	0x00000000
x30: 	0x00000000
x31: 	0x00000000

0x00001fd4	0x00000000	Unkown Instruction 

All Registers: 
x0: 	0x00000000
x1: 	0x00000000
x2: 	0x00000000
x3: 	0x00000000
x4: 	0x00000000
x5: 	0x00000000
x6: 	0x00000000
x7: 	0x00000000
x8: 	0x00000000
x9: 	0x00000000
x10: 	0x00000000
x11: 	0x00000000
x12: 	0x00000000
x13: 	0x00000000
x14: 	0x00000000
x15: 	0x00000000
x16: 	0x00000000
x17: 	0x00000000
x18: 	0x00000000
x19: 	0x00000000
x20: 	0x00000000
x21: 	0x00000000
x22: 	0x00000000
x23: 	0x00000000
x24: 	0x00000000
x25: 	0x00000000
x26: 	0x00000000
x27: 	0x00000000
x28: 	0x00000000
x29: 	0x00000000
x30: 	0x00000000
x31: 	0x00000000

0x00001fd8	0x00000000	Unkown Instruction 

All Registers: 
x0: 	0x00000000
x1: 	0x00000000
x2: 	0x00000000
x3: 	0x00000000
x4: 	0x00000000
x5: 	0x00000000
x6: 	0x00000000
x7: 	0x00000000
x8: 	0x00000000
x9: 	0x00000000
x10: 	0x00000000
x11: 	0x00000000
x12: 	0x00000000
x13: 	0x00000000
x14: 	0x00000000
x15: 	0x00000000
x16: 	0x00000000
x17: 	0x00000000
x18: 	0x00000000
x19: 	0x00000000
x20: 	0x00000000
x21: 	0x00000000
x22: 	0x00000000
x23: 	0x00000000
x24: 	0x00000000
x25: 	0x00000000
x26: 	0x00000000
x27: 	0x00000000
x28: 	0x00000000
x29: 	0x00000000
x30: 	0x00000000
x31: 	0x00000000

0x00001fdc	0x00000000	Unkown Instruction 

All Registers: 
x0: 	0x00000000
x1: 	0x00000000
x2: 	0x00000000
x3: 	0x00000000
x4: 	0x00000000
x5: 	0x00000000
x6: 	0x00000000
x7: 	0x00000000
x8: 	0x00000000
x9: 	0x00000000
x10: 	0x00000000
x11: 	0x00000000
x12: 	0x00000000
x13: 	0x00000000
x14: 	0x00000000
x15: 	0x00000000
x16: 	0x00000000
x17: 	0x00000000
x18: 	0x00000000
x19: 	0x00000000
x20: 	0x00000000
x21: 	0x00000000
x22: 	0x00000000
x23: 	0x00000000
x24: 	0x00000000
x25: 	0x00000000
x26: 	0x00000000
x27: 	0x00000000
x28: 	0x00000000
x29: 	0x00000000
x30: 	0x00000000
x31: 	0x00000000

0x00001fe0	0x00000000	Unkown Instruction 

All Registers: 
x0: 	0x00000000
x1: 	0x00000000
x2: 	0x00000000
x3: 	0x00000000
x4: 	0x00000000
x5: 	0x00000000
x6: 	0x00000000
x7: 	0x00000000
x8: 	0x00000000
x9: 	0x00000000
x10: 	0x00000000
x11: 	0x00000000
x12: 	0x00000000
x13: 	0x00000000
x14: 	0x00000000
x15: 	0x00000000
x16: 	0x00000000
x17: 	0x00000000
x18: 	0x00000000
x19: 	0x00000000
x20: 	0x00000000
x21: 	0x00000000
x22: 	0x00000000
x23: 	0x00000000
x24: 	0x00000000
x25: 	0x00000000
x26: 	0x00000000
x27: 	0x00000000
x28: 	0x00000000
x29: 	0x00000000
x30: 	0x00000000
x31: 	0x00000000

0x00001fe4	0x00000000	Unkown Instruction 

All Registers: 
x0: 	0x00000000
x1: 	0x00000000
x2: 	0x00000000
x3: 	0x00000000
x4: 	0x00000000
x5: 	0x00000000
x6: 	0x00000000
x7: 	0x00000000
x8: 	0x00000000
x9: 	0x00000000
x10: 	0x00000000
x11: 	0x00000000
x12: 	0x00000000
x13: 	0x00000000
x14: 	0x00000000
x15: 	0x00000000
x16: 	0x00000000
x17: 	0x00000000
x18: 	0x00000000
x19: 	0x00000000
x20: 	0x00000000
x21: 	0x00000000
x22: 	0x00000000
x23: 	0x00000000
x24: 	0x00000000
x25: 	0x00000000
x26: 	0x00000000
x27: 	0x00000000
x28: 	0x00000000
x29: 	0x00000000
x30: 	0x00000000
x31: 	0x00000000

0x00001fe8	0x00000000	Unkown Instruction 

All Registers: 
x0: 	0x00000000
x1: 	0x00000000
x2: 	0x00000000
x3: 	0x00000000
x4: 	0x00000000
x5: 	0x00000000
x6: 	0x00000000
x7: 	0x00000000
x8: 	0x00000000
x9: 	0x00000000
x10: 	0x00000000
x11: 	0x00000000
x12: 	0x00000000
x13: 	0x00000000
x14: 	0x00000000
x15: 	0x00000000
x16: 	0x00000000
x17: 	0x00000000
x18: 	0x00000000
x19: 	0x00000000
x20: 	0x00000000
x21: 	0x00000000
x22: 	0x00000000
x23: 	0x00000000
x24: 	0x00000000
x25: 	0x00000000
x26: 	0x00000000
x27: 	0x00000000
x28: 	0x00000000
x29: 	0x00000000
x30: 	0x00000000
x31: 	0x00000000

0x00001fec	0x00000000	Unkown Instruction 

All Registers: 
x0: 	0x00000000
x1: 	0x00000000
x2: 	0x00000000
x3: 	0x00000000
x4: 	0x00000000
x5: 	0x00000000
x6: 	0x00000000
x7: 	0x00000000
x8: 	0x00000000
x9: 	0x00000000
x10: 	0x00000000
x11: 	0x00000000
x12: 	0x00000000
x13: 	0x00000000
x14: 	0x00000000
x15: 	0x00000000
x16: 	0x00000000
x17: 	0x00000000
x18: 	0x00000000
x19: 	0x00000000
x20: 	0x00000000
x21: 	0x00000000
x22: 	0x00000000
x23: 	0x00000000
x24: 	0x00000000
x25: 	0x00000000
x26: 	0x00000000
x27: 	0x00000000
x28: 	0x00000000
x29: 	0x00000000
x30: 	0x00000000
x31: 	0x00000000

0x00001ff0	0x00000000	Unkown Instruction 

All Registers: 
x0: 	0x00000000
x1: 	0x00000000
x2: 	0x00000000
x3: 	0x00000000
x4: 	0x00000000
x5: 	0x00000000
x6: 	0x00000000
x7: 	0x00000000
x8: 	0x00000000
x9: 	0x00000000
x10: 	0x00000000
x11: 	0x00000000
x12: 	0x00000000
x13: 	0x00000000
x14: 	0x00000000
x15: 	0x00000000
x16: 	0x00000000
x17: 	0x00000000
x18: 	0x00000000
x19: 	0x00000000
x20: 	0x00000000
x21: 	0x00000000
x22: 	0x00000000
x23: 	0x00000000
x24: 	0x00000000
x25: 	0x00000000
x26: 	0x00000000
x27: 	0x00000000
x28: 	0x00000000
x29: 	0x00000000
x30: 	0x00000000
x31: 	0x00000000

0x00001ff4	0x00000000	Unkown Instruction 

All Registers: 
x0: 	0x00000000
x1: 	0x00000000
x2: 	0x00000000
x3: 	0x00000000
x4: 	0x00000000
x5: 	0x00000000
x6: 	0x00000000
x7: 	0x00000000
x8: 	0x00000000
x9: 	0x00000000
x10: 	0x00000000
x11: 	0x00000000
x12: 	0x00000000
x13: 	0x00000000
x14: 	0x00000000
x15: 	0x00000000
x16: 	0x00000000
x17: 	0x00000000
x18: 	0x00000000
x19: 	0x00000000
x20: 	0x00000000
x21: 	0x00000000
x22: 	0x00000000
x23: 	0x00000000
x24: 	0x00000000
x25: 	0x00000000
x26: 	0x00000000
x27: 	0x00000000
x28: 	0x00000000
x29: 	0x00000000
x30: 	0x00000000
x31: 	0x00000000

0x00001ff8	0x00000000	Unkown Instruction 

All Registers: 
x0: 	0x00000000
x1: 	0x00000000
x2: 	0x00000000
x3: 	0x00000000
x4: 	0x00000000
x5: 	0x00000000
x6: 	0x00000000
x7: 	0x00000000
x8: 	0x00000000
x9: 	0x00000000
x10: 	0x00000000
x11: 	0x00000000
x12: 	0x00000000
x13: 	0x00000000
x14: 	0x00000000
x15: 	0x00000000
x16: 	0x00000000
x17: 	0x00000000
x18: 	0x00000000
x19: 	0x00000000
x20: 	0x00000000
x21: 	0x00000000
x22: 	0x00000000
x23: 	0x00000000
x24: 	0x00000000
x25: 	0x00000000
x26: 	0x00000000
x27: 	0x00000000
x28: 	0x00000000
x29: 	0x00000000
x30: 	0x00000000
x31: 	0x00000000

0x00001ffc	0x00000000	Unkown Instruction 

All Registers: 
x0: 	0x00000000
x1: 	0x00000000
x2: 	0x00000000
x3: 	0x00000000
x4: 	0x00000000
x5: 	0x00000000
x6: 	0x00000000
x7: 	0x00000000
x8: 	0x00000000
x9: 	0x00000000
x10: 	0x00000000
x11: 	0x00000000
x12: 	0x00000000
x13: 	0x00000000
x14: 	0x00000000
x15: 	0x00000000
x16: 	0x00000000
x17: 	0x00000000
x18: 	0x00000000
x19: 	0x00000000
x20: 	0x00000000
x21: 	0x00000000
x22: 	0x00000000
x23: 	0x00000000
x24: 	0x00000000
x25: 	0x00000000
x26: 	0x00000000
x27: 	0x00000000
x28: 	0x00000000
x29: 	0x00000000
x30: 	0x00000000
x31: 	0x00000000

0x00002000	0x00000000	Unkown Instruction 

All Registers: 
x0: 	0x00000000
x1: 	0x00000000
x2: 	0x00000000
x3: 	0x00000000
x4: 	0x00000000
x5: 	0x00000000
x6: 	0x00000000
x7: 	0x00000000
x8: 	0x00000000
x9: 	0x00000000
x10: 	0x00000000
x11: 	0x00000000
x12: 	0x00000000
x13: 	0x00000000
x14: 	0x00000000
x15: 	0x00000000
x16: 	0x00000000
x17: 	0x00000000
x18: 	0x00000000
x19: 	0x00000000
x20: 	0x00000000
x21: 	0x00000000
x22: 	0x00000000
x23: 	0x00000000
x24: 	0x00000000
x25: 	0x00000000
x26: 	0x00000000
x27: 	0x00000000
x28: 	0x00000000
x29: 	0x00000000
x30: 	0x00000000
x31: 	0x00000000

0x00002004	0x00000000	Unkown Instruction 

All Registers: 
x0: 	0x00000000
x1: 	0x00000000
x2: 	0x00000000
x3: 	0x00000000
x4: 	0x00000000
x5: 	0x00000000
x6: 	0x00000000
x7: 	0x00000000
x8: 	0x00000000
x9: 	0x00000000
x10: 	0x00000000
x11: 	0x00000000
x12: 	0x00000000
x13: 	0x00000000
x14: 	0x00000000
x15: 	0x00000000
x16: 	0x00000000
x17: 	0x00000000
x18: 	0x00000000
x19: 	0x00000000
x20: 	0x00000000
x21: 	0x00000000
x22: 	0x00000000
x23: 	0x00000000
x24: 	0x00000000
x25: 	0x00000000
x26: 	0x00000000
x27: 	0x00000000
x28: 	0x00000000
x29: 	0x00000000
x30: 	0x00000000
x31: 	0x00000000

0x00002008	0x00000000	Unkown Instruction 

All Registers: 
x0: 	0x00000000
x1: 	0x00000000
x2: 	0x00000000
x3: 	0x00000000
x4: 	0x00000000
x5: 	0x00000000
x6: 	0x00000000
x7: 	0x00000000
x8: 	0x00000000
x9: 	0x00000000
x10: 	0x00000000
x11: 	0x00000000
x12: 	0x00000000
x13: 	0x00000000
x14: 	0x00000000
x15: 	0x00000000
x16: 	0x00000000
x17: 	0x00000000
x18: 	0x00000000
x19: 	0x00000000
x20: 	0x00000000
x21: 	0x00000000
x22: 	0x00000000
x23: 	0x00000000
x24: 	0x00000000
x25: 	0x00000000
x26: 	0x00000000
x27: 	0x00000000
x28: 	0x00000000
x29: 	0x00000000
x30: 	0x00000000
x31: 	0x00000000

0x0000200c	0x00000000	Unkown Instruction 

All Registers: 
x0: 	0x00000000
x1: 	0x00000000
x2: 	0x00000000
x3: 	0x00000000
x4: 	0x00000000
x5: 	0x00000000
x6: 	0x00000000
x7: 	0x00000000
x8: 	0x00000000
x9: 	0x00000000
x10: 	0x00000000
x11: 	0x00000000
x12: 	0x00000000
x13: 	0x00000000
x14: 	0x00000000
x15: 	0x00000000
x16: 	0x00000000
x17: 	0x00000000
x18: 	0x00000000
x19: 	0x00000000
x20: 	0x00000000
x21: 	0x00000000
x22: 	0x00000000
x23: 	0x00000000
x24: 	0x00000000
x25: 	0x00000000
x26: 	0x00000000
x27: 	0x00000000
x28: 	0x00000000
x29: 	0x00000000
x30: 	0x00000000
x31: 	0x00000000

0x00002010	0x00000000	Unkown Instruction 

All Registers: 
x0: 	0x00000000
x1: 	0x00000000
x2: 	0x00000000
x3: 	0x00000000
x4: 	0x00000000
x5: 	0x00000000
x6: 	0x00000000
x7: 	0x00000000
x8: 	0x00000000
x9: 	0x00000000
x10: 	0x00000000
x11: 	0x00000000
x12: 	0x00000000
x13: 	0x00000000
x14: 	0x00000000
x15: 	0x00000000
x16: 	0x00000000
x17: 	0x00000000
x18: 	0x00000000
x19: 	0x00000000
x20: 	0x00000000
x21: 	0x00000000
x22: 	0x00000000
x23: 	0x00000000
x24: 	0x00000000
x25: 	0x00000000
x26: 	0x00000000
x27: 	0x00000000
x28: 	0x00000000
x29: 	0x00000000
x30: 	0x00000000
x31: 	0x00000000

0x00002014	0x00000000	Unkown Instruction 

All Registers: 
x0: 	0x00000000
x1: 	0x00000000
x2: 	0x00000000
x3: 	0x00000000
x4: 	0x00000000
x5: 	0x00000000
x6: 	0x00000000
x7: 	0x00000000
x8: 	0x00000000
x9: 	0x00000000
x10: 	0x00000000
x11: 	0x00000000
x12: 	0x00000000
x13: 	0x00000000
x14: 	0x00000000
x15: 	0x00000000
x16: 	0x00000000
x17: 	0x00000000
x18: 	0x00000000
x19: 	0x00000000
x20: 	0x00000000
x21: 	0x00000000
x22: 	0x00000000
x23: 	0x00000000
x24: 	0x00000000
x25: 	0x00000000
x26: 	0x00000000
x27: 	0x00000000
x28: 	0x00000000
x29: 	0x00000000
x30: 	0x00000000
x31: 	0x00000000

0x00002018	0x00000000	Unkown Instruction 

All Registers: 
x0: 	0x00000000
x1: 	0x00000000
x2: 	0x00000000
x3: 	0x00000000
x4: 	0x00000000
x5: 	0x00000000
x6: 	0x00000000
x7: 	0x00000000
x8: 	0x00000000
x9: 	0x00000000
x10: 	0x00000000
x11: 	0x00000000
x12: 	0x00000000
x13: 	0x00000000
x14: 	0x00000000
x15: 	0x00000000
x16: 	0x00000000
x17: 	0x00000000
x18: 	0x00000000
x19: 	0x00000000
x20: 	0x00000000
x21: 	0x00000000
x22: 	0x00000000
x23: 	0x00000000
x24: 	0x00000000
x25: 	0x00000000
x26: 	0x00000000
x27: 	0x00000000
x28: 	0x00000000
x29: 	0x00000000
x30: 	0x00000000
x31: 	0x00000000

0x0000201c	0x00000000	Unkown Instruction 

All Registers: 
x0: 	0x00000000
x1: 	0x00000000
x2: 	0x00000000
x3: 	0x00000000
x4: 	0x00000000
x5: 	0x00000000
x6: 	0x00000000
x7: 	0x00000000
x8: 	0x00000000
x9: 	0x00000000
x10: 	0x00000000
x11: 	0x00000000
x12: 	0x00000000
x13: 	0x00000000
x14: 	0x00000000
x15: 	0x00000000
x16: 	0x00000000
x17: 	0x00000000
x18: 	0x00000000
x19: 	0x00000000
x20: 	0x00000000
x21: 	0x00000000
x22: 	0x00000000
x23: 	0x00000000
x24: 	0x00000000
x25: 	0x00000000
x26: 	0x00000000
x27: 	0x00000000
x28: 	0x00000000
x29: 	0x00000000
x30: 	0x00000000
x31: 	0x00000000

0x00002020	0x00000000	Unkown Instruction 

All Registers: 
x0: 	0x00000000
x1: 	0x00000000
x2: 	0x00000000
x3: 	0x00000000
x4: 	0x00000000
x5: 	0x00000000
x6: 	0x00000000
x7: 	0x00000000
x8: 	0x00000000
x9: 	0x00000000
x10: 	0x00000000
x11: 	0x00000000
x12: 	0x00000000
x13: 	0x00000000
x14: 	0x00000000
x15: 	0x00000000
x16: 	0x00000000
x17: 	0x00000000
x18: 	0x00000000
x19: 	0x00000000
x20: 	0x00000000
x21: 	0x00000000
x22: 	0x00000000
x23: 	0x00000000
x24: 	0x00000000
x25: 	0x00000000
x26: 	0x00000000
x27: 	0x00000000
x28: 	0x00000000
x29: 	0x00000000
x30: 	0x00000000
x31: 	0x00000000

0x00002024	0x00000000	Unkown Instruction 

All Registers: 
x0: 	0x00000000
x1: 	0x00000000
x2: 	0x00000000
x3: 	0x00000000
x4: 	0x00000000
x5: 	0x00000000
x6: 	0x00000000
x7: 	0x00000000
x8: 	0x00000000
x9: 	0x00000000
x10: 	0x00000000
x11: 	0x00000000
x12: 	0x00000000
x13: 	0x00000000
x14: 	0x00000000
x15: 	0x00000000
x16: 	0x00000000
x17: 	0x00000000
x18: 	0x00000000
x19: 	0x00000000
x20: 	0x00000000
x21: 	0x00000000
x22: 	0x00000000
x23: 	0x00000000
x24: 	0x00000000
x25: 	0x00000000
x26: 	0x00000000
x27: 	0x00000000
x28: 	0x00000000
x29: 	0x00000000
x30: 	0x00000000
x31: 	0x00000000

0x00002028	0x00000000	Unkown Instruction 

All Registers: 
x0: 	0x00000000
x1: 	0x00000000
x2: 	0x00000000
x3: 	0x00000000
x4: 	0x00000000
x5: 	0x00000000
x6: 	0x00000000
x7: 	0x00000000
x8: 	0x00000000
x9: 	0x00000000
x10: 	0x00000000
x11: 	0x00000000
x12: 	0x00000000
x13: 	0x00000000
x14: 	0x00000000
x15: 	0x00000000
x16: 	0x00000000
x17: 	0x00000000
x18: 	0x00000000
x19: 	0x00000000
x20: 	0x00000000
x21: 	0x00000000
x22: 	0x00000000
x23: 	0x00000000
x24: 	0x00000000
x25: 	0x00000000
x26: 	0x00000000
x27: 	0x00000000
x28: 	0x00000000
x29: 	0x00000000
x30: 	0x00000000
x31: 	0x00000000

0x0000202c	0x00000000	Unkown Instruction 

All Registers: 
x0: 	0x00000000
x1: 	0x00000000
x2: 	0x00000000
x3: 	0x00000000
x4: 	0x00000000
x5: 	0x00000000
x6: 	0x00000000
x7: 	0x00000000
x8: 	0x00000000
x9: 	0x00000000
x10: 	0x00000000
x11: 	0x00000000
x12: 	0x00000000
x13: 	0x00000000
x14: 	0x00000000
x15: 	0x00000000
x16: 	0x00000000
x17: 	0x00000000
x18: 	0x00000000
x19: 	0x00000000
x20: 	0x00000000
x21: 	0x00000000
x22: 	0x00000000
x23: 	0x00000000
x24: 	0x00000000
x25: 	0x00000000
x26: 	0x00000000
x27: 	0x00000000
x28: 	0x00000000
x29: 	0x00000000
x30: 	0x00000000
x31: 	0x00000000

0x00002030	0x00000000	Unkown Instruction 

All Registers: 
x0: 	0x00000000
x1: 	0x00000000
x2: 	0x00000000
x3: 	0x00000000
x4: 	0x00000000
x5: 	0x00000000
x6: 	0x00000000
x7: 	0x00000000
x8: 	0x00000000
x9: 	0x00000000
x10: 	0x00000000
x11: 	0x00000000
x12: 	0x00000000
x13: 	0x00000000
x14: 	0x00000000
x15: 	0x00000000
x16: 	0x00000000
x17: 	0x00000000
x18: 	0x00000000
x19: 	0x00000000
x20: 	0x00000000
x21: 	0x00000000
x22: 	0x00000000
x23: 	0x00000000
x24: 	0x00000000
x25: 	0x00000000
x26: 	0x00000000
x27: 	0x00000000
x28: 	0x00000000
x29: 	0x00000000
x30: 	0x00000000
x31: 	0x00000000

0x00002034	0x00000000	Unkown Instruction 

All Registers: 
x0: 	0x00000000
x1: 	0x00000000
x2: 	0x00000000
x3: 	0x00000000
x4: 	0x00000000
x5: 	0x00000000
x6: 	0x00000000
x7: 	0x00000000
x8: 	0x00000000
x9: 	0x00000000
x10: 	0x00000000
x11: 	0x00000000
x12: 	0x00000000
x13: 	0x00000000
x14: 	0x00000000
x15: 	0x00000000
x16: 	0x00000000
x17: 	0x00000000
x18: 	0x00000000
x19: 	0x00000000
x20: 	0x00000000
x21: 	0x00000000
x22: 	0x00000000
x23: 	0x00000000
x24: 	0x00000000
x25: 	0x00000000
x26: 	0x00000000
x27: 	0x00000000
x28: 	0x00000000
x29: 	0x00000000
x30: 	0x00000000
x31: 	0x00000000

0x00002038	0x00000000	Unkown Instruction 

All Registers: 
x0: 	0x00000000
x1: 	0x00000000
x2: 	0x00000000
x3: 	0x00000000
x4: 	0x00000000
x5: 	0x00000000
x6: 	0x00000000
x7: 	0x00000000
x8: 	0x00000000
x9: 	0x00000000
x10: 	0x00000000
x11: 	0x00000000
x12: 	0x00000000
x13: 	0x00000000
x14: 	0x00000000
x15: 	0x00000000
x16: 	0x00000000
x17: 	0x00000000
x18: 	0x00000000
x19: 	0x00000000
x20: 	0x00000000
x21: 	0x00000000
x22: 	0x00000000
x23: 	0x00000000
x24: 	0x00000000
x25: 	0x00000000
x26: 	0x00000000
x27: 	0x00000000
x28: 	0x00000000
x29: 	0x00000000
x30: 	0x00000000
x31: 	0x00000000

0x0000203c	0x00000000	Unkown Instruction 

All Registers: 
x0: 	0x00000000
x1: 	0x00000000
x2: 	0x00000000
x3: 	0x00000000
x4: 	0x00000000
x5: 	0x00000000
x6: 	0x00000000
x7: 	0x00000000
x8: 	0x00000000
x9: 	0x00000000
x10: 	0x00000000
x11: 	0x00000000
x12: 	0x00000000
x13: 	0x00000000
x14: 	0x00000000
x15: 	0x00000000
x16: 	0x00000000
x17: 	0x00000000
x18: 	0x00000000
x19: 	0x00000000
x20: 	0x00000000
x21: 	0x00000000
x22: 	0x00000000
x23: 	0x00000000
x24: 	0x00000000
x25: 	0x00000000
x26: 	0x00000000
x27: 	0x00000000
x28: 	0x00000000
x29: 	0x00000000
x30: 	0x00000000
x31: 	0x00000000

0x00002040	0x00000000	Unkown Instruction 

All Registers: 
x0: 	0x00000000
x1: 	0x00000000
x2: 	0x00000000
x3: 	0x00000000
x4: 	0x00000000
x5: 	0x00000000
x6: 	0x00000000
x7: 	0x00000000
x8: 	0x00000000
x9: 	0x00000000
x10: 	0x00000000
x11: 	0x00000000
x12: 	0x00000000
x13: 	0x00000000
x14: 	0x00000000
x15: 	0x00000000
x16: 	0x00000000
x17: 	0x00000000
x18: 	0x00000000
x19: 	0x00000000
x20: 	0x00000000
x21: 	0x00000000
x22: 	0x00000000
x23: 	0x00000000
x24: 	0x00000000
x25: 	0x00000000
x26: 	0x00000000
x27: 	0x00000000
x28: 	0x00000000
x29: 	0x00000000
x30: 	0x00000000
x31: 	0x00000000

0x00002044	0x00000000	Unkown Instruction 

All Registers: 
x0: 	0x00000000
x1: 	0x00000000
x2: 	0x00000000
x3: 	0x00000000
x4: 	0x00000000
x5: 	0x00000000
x6: 	0x00000000
x7: 	0x00000000
x8: 	0x00000000
x9: 	0x00000000
x10: 	0x00000000
x11: 	0x00000000
x12: 	0x00000000
x13: 	0x00000000
x14: 	0x00000000
x15: 	0x00000000
x16: 	0x00000000
x17: 	0x00000000
x18: 	0x00000000
x19: 	0x00000000
x20: 	0x00000000
x21: 	0x00000000
x22: 	0x00000000
x23: 	0x00000000
x24: 	0x00000000
x25: 	0x00000000
x26: 	0x00000000
x27: 	0x00000000
x28: 	0x00000000
x29: 	0x00000000
x30: 	0x00000000
x31: 	0x00000000

0x00002048	0x00000000	Unkown Instruction 

All Registers: 
x0: 	0x00000000
x1: 	0x00000000
x2: 	0x00000000
x3: 	0x00000000
x4: 	0x00000000
x5: 	0x00000000
x6: 	0x00000000
x7: 	0x00000000
x8: 	0x00000000
x9: 	0x00000000
x10: 	0x00000000
x11: 	0x00000000
x12: 	0x00000000
x13: 	0x00000000
x14: 	0x00000000
x15: 	0x00000000
x16: 	0x00000000
x17: 	0x00000000
x18: 	0x00000000
x19: 	0x00000000
x20: 	0x00000000
x21: 	0x00000000
x22: 	0x00000000
x23: 	0x00000000
x24: 	0x00000000
x25: 	0x00000000
x26: 	0x00000000
x27: 	0x00000000
x28: 	0x00000000
x29: 	0x00000000
x30: 	0x00000000
x31: 	0x00000000

0x0000204c	0x00000000	Unkown Instruction 

All Registers: 
x0: 	0x00000000
x1: 	0x00000000
x2: 	0x00000000
x3: 	0x00000000
x4: 	0x00000000
x5: 	0x00000000
x6: 	0x00000000
x7: 	0x00000000
x8: 	0x00000000
x9: 	0x00000000
x10: 	0x00000000
x11: 	0x00000000
x12: 	0x00000000
x13: 	0x00000000
x14: 	0x00000000
x15: 	0x00000000
x16: 	0x00000000
x17: 	0x00000000
x18: 	0x00000000
x19: 	0x00000000
x20: 	0x00000000
x21: 	0x00000000
x22: 	0x00000000
x23: 	0x00000000
x24: 	0x00000000
x25: 	0x00000000
x26: 	0x00000000
x27: 	0x00000000
x28: 	0x00000000
x29: 	0x00000000
x30: 	0x00000000
x31: 	0x00000000

0x00002050	0x00000000	Unkown Instruction 

All Registers: 
x0: 	0x00000000
x1: 	0x00000000
x2: 	0x00000000
x3: 	0x00000000
x4: 	0x00000000
x5: 	0x00000000
x6: 	0x00000000
x7: 	0x00000000
x8: 	0x00000000
x9: 	0x00000000
x10: 	0x00000000
x11: 	0x00000000
x12: 	0x00000000
x13: 	0x00000000
x14: 	0x00000000
x15: 	0x00000000
x16: 	0x00000000
x17: 	0x00000000
x18: 	0x00000000
x19: 	0x00000000
x20: 	0x00000000
x21: 	0x00000000
x22: 	0x00000000
x23: 	0x00000000
x24: 	0x00000000
x25: 	0x00000000
x26: 	0x00000000
x27: 	0x00000000
x28: 	0x00000000
x29: 	0x00000000
x30: 	0x00000000
x31: 	0x00000000

0x00002054	0x00000000	Unkown Instruction 

All Registers: 
x0: 	0x00000000
x1: 	0x00000000
x2: 	0x00000000
x3: 	0x00000000
x4: 	0x00000000
x5: 	0x00000000
x6: 	0x00000000
x7: 	0x00000000
x8: 	0x00000000
x9: 	0x00000000
x10: 	0x00000000
x11: 	0x00000000
x12: 	0x00000000
x13: 	0x00000000
x14: 	0x00000000
x15: 	0x00000000
x16: 	0x00000000
x17: 	0x00000000
x18: 	0x00000000
x19: 	0x00000000
x20: 	0x00000000
x21: 	0x00000000
x22: 	0x00000000
x23: 	0x00000000
x24: 	0x00000000
x25: 	0x00000000
x26: 	0x00000000
x27: 	0x00000000
x28: 	0x00000000
x29: 	0x00000000
x30: 	0x00000000
x31: 	0x00000000

0x00002058	0x00000000	Unkown Instruction 

All Registers: 
x0: 	0x00000000
x1: 	0x00000000
x2: 	0x00000000
x3: 	0x00000000
x4: 	0x00000000
x5: 	0x00000000
x6: 	0x00000000
x7: 	0x00000000
x8: 	0x00000000
x9: 	0x00000000
x10: 	0x00000000
x11: 	0x00000000
x12: 	0x00000000
x13: 	0x00000000
x14: 	0x00000000
x15: 	0x00000000
x16: 	0x00000000
x17: 	0x00000000
x18: 	0x00000000
x19: 	0x00000000
x20: 	0x00000000
x21: 	0x00000000
x22: 	0x00000000
x23: 	0x00000000
x24: 	0x00000000
x25: 	0x00000000
x26: 	0x00000000
x27: 	0x00000000
x28: 	0x00000000
x29: 	0x00000000
x30: 	0x00000000
x31: 	0x00000000

0x0000205c	0x00000000	Unkown Instruction 

All Registers: 
x0: 	0x00000000
x1: 	0x00000000
x2: 	0x00000000
x3: 	0x00000000
x4: 	0x00000000
x5: 	0x00000000
x6: 	0x00000000
x7: 	0x00000000
x8: 	0x00000000
x9: 	0x00000000
x10: 	0x00000000
x11: 	0x00000000
x12: 	0x00000000
x13: 	0x00000000
x14: 	0x00000000
x15: 	0x00000000
x16: 	0x00000000
x17: 	0x00000000
x18: 	0x00000000
x19: 	0x00000000
x20: 	0x00000000
x21: 	0x00000000
x22: 	0x00000000
x23: 	0x00000000
x24: 	0x00000000
x25: 	0x00000000
x26: 	0x00000000
x27: 	0x00000000
x28: 	0x00000000
x29: 	0x00000000
x30: 	0x00000000
x31: 	0x00000000

0x00002060	0x00000000	Unkown Instruction 

All Registers: 
x0: 	0x00000000
x1: 	0x00000000
x2: 	0x00000000
x3: 	0x00000000
x4: 	0x00000000
x5: 	0x00000000
x6: 	0x00000000
x7: 	0x00000000
x8: 	0x00000000
x9: 	0x00000000
x10: 	0x00000000
x11: 	0x00000000
x12: 	0x00000000
x13: 	0x00000000
x14: 	0x00000000
x15: 	0x00000000
x16: 	0x00000000
x17: 	0x00000000
x18: 	0x00000000
x19: 	0x00000000
x20: 	0x00000000
x21: 	0x00000000
x22: 	0x00000000
x23: 	0x00000000
x24: 	0x00000000
x25: 	0x00000000
x26: 	0x00000000
x27: 	0x00000000
x28: 	0x00000000
x29: 	0x00000000
x30: 	0x00000000
x31: 	0x00000000

0x00002064	0x00000000	Unkown Instruction 

All Registers: 
x0: 	0x00000000
x1: 	0x00000000
x2: 	0x00000000
x3: 	0x00000000
x4: 	0x00000000
x5: 	0x00000000
x6: 	0x00000000
x7: 	0x00000000
x8: 	0x00000000
x9: 	0x00000000
x10: 	0x00000000
x11: 	0x00000000
x12: 	0x00000000
x13: 	0x00000000
x14: 	0x00000000
x15: 	0x00000000
x16: 	0x00000000
x17: 	0x00000000
x18: 	0x00000000
x19: 	0x00000000
x20: 	0x00000000
x21: 	0x00000000
x22: 	0x00000000
x23: 	0x00000000
x24: 	0x00000000
x25: 	0x00000000
x26: 	0x00000000
x27: 	0x00000000
x28: 	0x00000000
x29: 	0x00000000
x30: 	0x00000000
x31: 	0x00000000

0x00002068	0x00000000	Unkown Instruction 

All Registers: 
x0: 	0x00000000
x1: 	0x00000000
x2: 	0x00000000
x3: 	0x00000000
x4: 	0x00000000
x5: 	0x00000000
x6: 	0x00000000
x7: 	0x00000000
x8: 	0x00000000
x9: 	0x00000000
x10: 	0x00000000
x11: 	0x00000000
x12: 	0x00000000
x13: 	0x00000000
x14: 	0x00000000
x15: 	0x00000000
x16: 	0x00000000
x17: 	0x00000000
x18: 	0x00000000
x19: 	0x00000000
x20: 	0x00000000
x21: 	0x00000000
x22: 	0x00000000
x23: 	0x00000000
x24: 	0x00000000
x25: 	0x00000000
x26: 	0x00000000
x27: 	0x00000000
x28: 	0x00000000
x29: 	0x00000000
x30: 	0x00000000
x31: 	0x00000000

0x0000206c	0x00000000	Unkown Instruction 

All Registers: 
x0: 	0x00000000
x1: 	0x00000000
x2: 	0x00000000
x3: 	0x00000000
x4: 	0x00000000
x5: 	0x00000000
x6: 	0x00000000
x7: 	0x00000000
x8: 	0x00000000
x9: 	0x00000000
x10: 	0x00000000
x11: 	0x00000000
x12: 	0x00000000
x13: 	0x00000000
x14: 	0x00000000
x15: 	0x00000000
x16: 	0x00000000
x17: 	0x00000000
x18: 	0x00000000
x19: 	0x00000000
x20: 	0x00000000
x21: 	0x00000000
x22: 	0x00000000
x23: 	0x00000000
x24: 	0x00000000
x25: 	0x00000000
x26: 	0x00000000
x27: 	0x00000000
x28: 	0x00000000
x29: 	0x00000000
x30: 	0x00000000
x31: 	0x00000000

0x00002070	0x00000000	Unkown Instruction 

All Registers: 
x0: 	0x00000000
x1: 	0x00000000
x2: 	0x00000000
x3: 	0x00000000
x4: 	0x00000000
x5: 	0x00000000
x6: 	0x00000000
x7: 	0x00000000
x8: 	0x00000000
x9: 	0x00000000
x10: 	0x00000000
x11: 	0x00000000
x12: 	0x00000000
x13: 	0x00000000
x14: 	0x00000000
x15: 	0x00000000
x16: 	0x00000000
x17: 	0x00000000
x18: 	0x00000000
x19: 	0x00000000
x20: 	0x00000000
x21: 	0x00000000
x22: 	0x00000000
x23: 	0x00000000
x24: 	0x00000000
x25: 	0x00000000
x26: 	0x00000000
x27: 	0x00000000
x28: 	0x00000000
x29: 	0x00000000
x30: 	0x00000000
x31: 	0x00000000

0x00002074	0x00000000	Unkown Instruction 

All Registers: 
x0: 	0x00000000
x1: 	0x00000000
x2: 	0x00000000
x3: 	0x00000000
x4: 	0x00000000
x5: 	0x00000000
x6: 	0x00000000
x7: 	0x00000000
x8: 	0x00000000
x9: 	0x00000000
x10: 	0x00000000
x11: 	0x00000000
x12: 	0x00000000
x13: 	0x00000000
x14: 	0x00000000
x15: 	0x00000000
x16: 	0x00000000
x17: 	0x00000000
x18: 	0x00000000
x19: 	0x00000000
x20: 	0x00000000
x21: 	0x00000000
x22: 	0x00000000
x23: 	0x00000000
x24: 	0x00000000
x25: 	0x00000000
x26: 	0x00000000
x27: 	0x00000000
x28: 	0x00000000
x29: 	0x00000000
x30: 	0x00000000
x31: 	0x00000000

0x00002078	0x00000000	Unkown Instruction 

All Registers: 
x0: 	0x00000000
x1: 	0x00000000
x2: 	0x00000000
x3: 	0x00000000
x4: 	0x00000000
x5: 	0x00000000
x6: 	0x00000000
x7: 	0x00000000
x8: 	0x00000000
x9: 	0x00000000
x10: 	0x00000000
x11: 	0x00000000
x12: 	0x00000000
x13: 	0x00000000
x14: 	0x00000000
x15: 	0x00000000
x16: 	0x00000000
x17: 	0x00000000
x18: 	0x00000000
x19: 	0x00000000
x20: 	0x00000000
x21: 	0x00000000
x22: 	0x00000000
x23: 	0x00000000
x24: 	0x00000000
x25: 	0x00000000
x26: 	0x00000000
x27: 	0x00000000
x28: 	0x00000000
x29: 	0x00000000
x30: 	0x00000000
x31: 	0x00000000

0x0000207c	0x00000000	Unkown Instruction 

All Registers: 
x0: 	0x00000000
x1: 	0x00000000
x2: 	0x00000000
x3: 	0x00000000
x4: 	0x00000000
x5: 	0x00000000
x6: 	0x00000000
x7: 	0x00000000
x8: 	0x00000000
x9: 	0x00000000
x10: 	0x00000000
x11: 	0x00000000
x12: 	0x00000000
x13: 	0x00000000
x14: 	0x00000000
x15: 	0x00000000
x16: 	0x00000000
x17: 	0x00000000
x18: 	0x00000000
x19: 	0x00000000
x20: 	0x00000000
x21: 	0x00000000
x22: 	0x00000000
x23: 	0x00000000
x24: 	0x00000000
x25: 	0x00000000
x26: 	0x00000000
x27: 	0x00000000
x28: 	0x00000000
x29: 	0x00000000
x30: 	0x00000000
x31: 	0x00000000

0x00002080	0x00000000	Unkown Instruction 

All Registers: 
x0: 	0x00000000
x1: 	0x00000000
x2: 	0x00000000
x3: 	0x00000000
x4: 	0x00000000
x5: 	0x00000000
x6: 	0x00000000
x7: 	0x00000000
x8: 	0x00000000
x9: 	0x00000000
x10: 	0x00000000
x11: 	0x00000000
x12: 	0x00000000
x13: 	0x00000000
x14: 	0x00000000
x15: 	0x00000000
x16: 	0x00000000
x17: 	0x00000000
x18: 	0x00000000
x19: 	0x00000000
x20: 	0x00000000
x21: 	0x00000000
x22: 	0x00000000
x23: 	0x00000000
x24: 	0x00000000
x25: 	0x00000000
x26: 	0x00000000
x27: 	0x00000000
x28: 	0x00000000
x29: 	0x00000000
x30: 	0x00000000
x31: 	0x00000000

0x00002084	0x00000000	Unkown Instruction 

All Registers: 
x0: 	0x00000000
x1: 	0x00000000
x2: 	0x00000000
x3: 	0x00000000
x4: 	0x00000000
x5: 	0x00000000
x6: 	0x00000000
x7: 	0x00000000
x8: 	0x00000000
x9: 	0x00000000
x10: 	0x00000000
x11: 	0x00000000
x12: 	0x00000000
x13: 	0x00000000
x14: 	0x00000000
x15: 	0x00000000
x16: 	0x00000000
x17: 	0x00000000
x18: 	0x00000000
x19: 	0x00000000
x20: 	0x00000000
x21: 	0x00000000
x22: 	0x00000000
x23: 	0x00000000
x24: 	0x00000000
x25: 	0x00000000
x26: 	0x00000000
x27: 	0x00000000
x28: 	0x00000000
x29: 	0x00000000
x30: 	0x00000000
x31: 	0x00000000

0x00002088	0x00000000	Unkown Instruction 

All Registers: 
x0: 	0x00000000
x1: 	0x00000000
x2: 	0x00000000
x3: 	0x00000000
x4: 	0x00000000
x5: 	0x00000000
x6: 	0x00000000
x7: 	0x00000000
x8: 	0x00000000
x9: 	0x00000000
x10: 	0x00000000
x11: 	0x00000000
x12: 	0x00000000
x13: 	0x00000000
x14: 	0x00000000
x15: 	0x00000000
x16: 	0x00000000
x17: 	0x00000000
x18: 	0x00000000
x19: 	0x00000000
x20: 	0x00000000
x21: 	0x00000000
x22: 	0x00000000
x23: 	0x00000000
x24: 	0x00000000
x25: 	0x00000000
x26: 	0x00000000
x27: 	0x00000000
x28: 	0x00000000
x29: 	0x00000000
x30: 	0x00000000
x31: 	0x00000000

0x0000208c	0x00000000	Unkown Instruction 

All Registers: 
x0: 	0x00000000
x1: 	0x00000000
x2: 	0x00000000
x3: 	0x00000000
x4: 	0x00000000
x5: 	0x00000000
x6: 	0x00000000
x7: 	0x00000000
x8: 	0x00000000
x9: 	0x00000000
x10: 	0x00000000
x11: 	0x00000000
x12: 	0x00000000
x13: 	0x00000000
x14: 	0x00000000
x15: 	0x00000000
x16: 	0x00000000
x17: 	0x00000000
x18: 	0x00000000
x19: 	0x00000000
x20: 	0x00000000
x21: 	0x00000000
x22: 	0x00000000
x23: 	0x00000000
x24: 	0x00000000
x25: 	0x00000000
x26: 	0x00000000
x27: 	0x00000000
x28: 	0x00000000
x29: 	0x00000000
x30: 	0x00000000
x31: 	0x00000000

0x00002090	0x00000000	Unkown Instruction 

All Registers: 
x0: 	0x00000000
x1: 	0x00000000
x2: 	0x00000000
x3: 	0x00000000
x4: 	0x00000000
x5: 	0x00000000
x6: 	0x00000000
x7: 	0x00000000
x8: 	0x00000000
x9: 	0x00000000
x10: 	0x00000000
x11: 	0x00000000
x12: 	0x00000000
x13: 	0x00000000
x14: 	0x00000000
x15: 	0x00000000
x16: 	0x00000000
x17: 	0x00000000
x18: 	0x00000000
x19: 	0x00000000
x20: 	0x00000000
x21: 	0x00000000
x22: 	0x00000000
x23: 	0x00000000
x24: 	0x00000000
x25: 	0x00000000
x26: 	0x00000000
x27: 	0x00000000
x28: 	0x00000000
x29: 	0x00000000
x30: 	0x00000000
x31: 	0x00000000

0x00002094	0x00000000	Unkown Instruction 

All Registers: 
x0: 	0x00000000
x1: 	0x00000000
x2: 	0x00000000
x3: 	0x00000000
x4: 	0x00000000
x5: 	0x00000000
x6: 	0x00000000
x7: 	0x00000000
x8: 	0x00000000
x9: 	0x00000000
x10: 	0x00000000
x11: 	0x00000000
x12: 	0x00000000
x13: 	0x00000000
x14: 	0x00000000
x15: 	0x00000000
x16: 	0x00000000
x17: 	0x00000000
x18: 	0x00000000
x19: 	0x00000000
x20: 	0x00000000
x21: 	0x00000000
x22: 	0x00000000
x23: 	0x00000000
x24: 	0x00000000
x25: 	0x00000000
x26: 	0x00000000
x27: 	0x00000000
x28: 	0x00000000
x29: 	0x00000000
x30: 	0x00000000
x31: 	0x00000000

0x00002098	0x00000000	Unkown Instruction 

All Registers: 
x0: 	0x00000000
x1: 	0x00000000
x2: 	0x00000000
x3: 	0x00000000
x4: 	0x00000000
x5: 	0x00000000
x6: 	0x00000000
x7: 	0x00000000
x8: 	0x00000000
x9: 	0x00000000
x10: 	0x00000000
x11: 	0x00000000
x12: 	0x00000000
x13: 	0x00000000
x14: 	0x00000000
x15: 	0x00000000
x16: 	0x00000000
x17: 	0x00000000
x18: 	0x00000000
x19: 	0x00000000
x20: 	0x00000000
x21: 	0x00000000
x22: 	0x00000000
x23: 	0x00000000
x24: 	0x00000000
x25: 	0x00000000
x26: 	0x00000000
x27: 	0x00000000
x28: 	0x00000000
x29: 	0x00000000
x30: 	0x00000000
x31: 	0x00000000

0x0000209c	0x00000000	Unkown Instruction 

All Registers: 
x0: 	0x00000000
x1: 	0x00000000
x2: 	0x00000000
x3: 	0x00000000
x4: 	0x00000000
x5: 	0x00000000
x6: 	0x00000000
x7: 	0x00000000
x8: 	0x00000000
x9: 	0x00000000
x10: 	0x00000000
x11: 	0x00000000
x12: 	0x00000000
x13: 	0x00000000
x14: 	0x00000000
x15: 	0x00000000
x16: 	0x00000000
x17: 	0x00000000
x18: 	0x00000000
x19: 	0x00000000
x20: 	0x00000000
x21: 	0x00000000
x22: 	0x00000000
x23: 	0x00000000
x24: 	0x00000000
x25: 	0x00000000
x26: 	0x00000000
x27: 	0x00000000
x28: 	0x00000000
x29: 	0x00000000
x30: 	0x00000000
x31: 	0x00000000

0x000020a0	0x00000000	Unkown Instruction 

All Registers: 
x0: 	0x00000000
x1: 	0x00000000
x2: 	0x00000000
x3: 	0x00000000
x4: 	0x00000000
x5: 	0x00000000
x6: 	0x00000000
x7: 	0x00000000
x8: 	0x00000000
x9: 	0x00000000
x10: 	0x00000000
x11: 	0x00000000
x12: 	0x00000000
x13: 	0x00000000
x14: 	0x00000000
x15: 	0x00000000
x16: 	0x00000000
x17: 	0x00000000
x18: 	0x00000000
x19: 	0x00000000
x20: 	0x00000000
x21: 	0x00000000
x22: 	0x00000000
x23: 	0x00000000
x24: 	0x00000000
x25: 	0x00000000
x26: 	0x00000000
x27: 	0x00000000
x28: 	0x00000000
x29: 	0x00000000
x30: 	0x00000000
x31: 	0x00000000

0x000020a4	0x00000000	Unkown Instruction 

All Registers: 
x0: 	0x00000000
x1: 	0x00000000
x2: 	0x00000000
x3: 	0x00000000
x4: 	0x00000000
x5: 	0x00000000
x6: 	0x00000000
x7: 	0x00000000
x8: 	0x00000000
x9: 	0x00000000
x10: 	0x00000000
x11: 	0x00000000
x12: 	0x00000000
x13: 	0x00000000
x14: 	0x00000000
x15: 	0x00000000
x16: 	0x00000000
x17: 	0x00000000
x18: 	0x00000000
x19: 	0x00000000
x20: 	0x00000000
x21: 	0x00000000
x22: 	0x00000000
x23: 	0x00000000
x24: 	0x00000000
x25: 	0x00000000
x26: 	0x00000000
x27: 	0x00000000
x28: 	0x00000000
x29: 	0x00000000
x30: 	0x00000000
x31: 	0x00000000

0x000020a8	0x00000000	Unkown Instruction 

All Registers: 
x0: 	0x00000000
x1: 	0x00000000
x2: 	0x00000000
x3: 	0x00000000
x4: 	0x00000000
x5: 	0x00000000
x6: 	0x00000000
x7: 	0x00000000
x8: 	0x00000000
x9: 	0x00000000
x10: 	0x00000000
x11: 	0x00000000
x12: 	0x00000000
x13: 	0x00000000
x14: 	0x00000000
x15: 	0x00000000
x16: 	0x00000000
x17: 	0x00000000
x18: 	0x00000000
x19: 	0x00000000
x20: 	0x00000000
x21: 	0x00000000
x22: 	0x00000000
x23: 	0x00000000
x24: 	0x00000000
x25: 	0x00000000
x26: 	0x00000000
x27: 	0x00000000
x28: 	0x00000000
x29: 	0x00000000
x30: 	0x00000000
x31: 	0x00000000

0x000020ac	0x00000000	Unkown Instruction 

All Registers: 
x0: 	0x00000000
x1: 	0x00000000
x2: 	0x00000000
x3: 	0x00000000
x4: 	0x00000000
x5: 	0x00000000
x6: 	0x00000000
x7: 	0x00000000
x8: 	0x00000000
x9: 	0x00000000
x10: 	0x00000000
x11: 	0x00000000
x12: 	0x00000000
x13: 	0x00000000
x14: 	0x00000000
x15: 	0x00000000
x16: 	0x00000000
x17: 	0x00000000
x18: 	0x00000000
x19: 	0x00000000
x20: 	0x00000000
x21: 	0x00000000
x22: 	0x00000000
x23: 	0x00000000
x24: 	0x00000000
x25: 	0x00000000
x26: 	0x00000000
x27: 	0x00000000
x28: 	0x00000000
x29: 	0x00000000
x30: 	0x00000000
x31: 	0x00000000

0x000020b0	0x00000000	Unkown Instruction 

All Registers: 
x0: 	0x00000000
x1: 	0x00000000
x2: 	0x00000000
x3: 	0x00000000
x4: 	0x00000000
x5: 	0x00000000
x6: 	0x00000000
x7: 	0x00000000
x8: 	0x00000000
x9: 	0x00000000
x10: 	0x00000000
x11: 	0x00000000
x12: 	0x00000000
x13: 	0x00000000
x14: 	0x00000000
x15: 	0x00000000
x16: 	0x00000000
x17: 	0x00000000
x18: 	0x00000000
x19: 	0x00000000
x20: 	0x00000000
x21: 	0x00000000
x22: 	0x00000000
x23: 	0x00000000
x24: 	0x00000000
x25: 	0x00000000
x26: 	0x00000000
x27: 	0x00000000
x28: 	0x00000000
x29: 	0x00000000
x30: 	0x00000000
x31: 	0x00000000

0x000020b4	0x00000000	Unkown Instruction 

All Registers: 
x0: 	0x00000000
x1: 	0x00000000
x2: 	0x00000000
x3: 	0x00000000
x4: 	0x00000000
x5: 	0x00000000
x6: 	0x00000000
x7: 	0x00000000
x8: 	0x00000000
x9: 	0x00000000
x10: 	0x00000000
x11: 	0x00000000
x12: 	0x00000000
x13: 	0x00000000
x14: 	0x00000000
x15: 	0x00000000
x16: 	0x00000000
x17: 	0x00000000
x18: 	0x00000000
x19: 	0x00000000
x20: 	0x00000000
x21: 	0x00000000
x22: 	0x00000000
x23: 	0x00000000
x24: 	0x00000000
x25: 	0x00000000
x26: 	0x00000000
x27: 	0x00000000
x28: 	0x00000000
x29: 	0x00000000
x30: 	0x00000000
x31: 	0x00000000

0x000020b8	0x00000000	Unkown Instruction 

All Registers: 
x0: 	0x00000000
x1: 	0x00000000
x2: 	0x00000000
x3: 	0x00000000
x4: 	0x00000000
x5: 	0x00000000
x6: 	0x00000000
x7: 	0x00000000
x8: 	0x00000000
x9: 	0x00000000
x10: 	0x00000000
x11: 	0x00000000
x12: 	0x00000000
x13: 	0x00000000
x14: 	0x00000000
x15: 	0x00000000
x16: 	0x00000000
x17: 	0x00000000
x18: 	0x00000000
x19: 	0x00000000
x20: 	0x00000000
x21: 	0x00000000
x22: 	0x00000000
x23: 	0x00000000
x24: 	0x00000000
x25: 	0x00000000
x26: 	0x00000000
x27: 	0x00000000
x28: 	0x00000000
x29: 	0x00000000
x30: 	0x00000000
x31: 	0x00000000

0x000020bc	0x00000000	Unkown Instruction 

All Registers: 
x0: 	0x00000000
x1: 	0x00000000
x2: 	0x00000000
x3: 	0x00000000
x4: 	0x00000000
x5: 	0x00000000
x6: 	0x00000000
x7: 	0x00000000
x8: 	0x00000000
x9: 	0x00000000
x10: 	0x00000000
x11: 	0x00000000
x12: 	0x00000000
x13: 	0x00000000
x14: 	0x00000000
x15: 	0x00000000
x16: 	0x00000000
x17: 	0x00000000
x18: 	0x00000000
x19: 	0x00000000
x20: 	0x00000000
x21: 	0x00000000
x22: 	0x00000000
x23: 	0x00000000
x24: 	0x00000000
x25: 	0x00000000
x26: 	0x00000000
x27: 	0x00000000
x28: 	0x00000000
x29: 	0x00000000
x30: 	0x00000000
x31: 	0x00000000

0x000020c0	0x00000000	Unkown Instruction 

All Registers: 
x0: 	0x00000000
x1: 	0x00000000
x2: 	0x00000000
x3: 	0x00000000
x4: 	0x00000000
x5: 	0x00000000
x6: 	0x00000000
x7: 	0x00000000
x8: 	0x00000000
x9: 	0x00000000
x10: 	0x00000000
x11: 	0x00000000
x12: 	0x00000000
x13: 	0x00000000
x14: 	0x00000000
x15: 	0x00000000
x16: 	0x00000000
x17: 	0x00000000
x18: 	0x00000000
x19: 	0x00000000
x20: 	0x00000000
x21: 	0x00000000
x22: 	0x00000000
x23: 	0x00000000
x24: 	0x00000000
x25: 	0x00000000
x26: 	0x00000000
x27: 	0x00000000
x28: 	0x00000000
x29: 	0x00000000
x30: 	0x00000000
x31: 	0x00000000

0x000020c4	0x00000000	Unkown Instruction 

All Registers: 
x0: 	0x00000000
x1: 	0x00000000
x2: 	0x00000000
x3: 	0x00000000
x4: 	0x00000000
x5: 	0x00000000
x6: 	0x00000000
x7: 	0x00000000
x8: 	0x00000000
x9: 	0x00000000
x10: 	0x00000000
x11: 	0x00000000
x12: 	0x00000000
x13: 	0x00000000
x14: 	0x00000000
x15: 	0x00000000
x16: 	0x00000000
x17: 	0x00000000
x18: 	0x00000000
x19: 	0x00000000
x20: 	0x00000000
x21: 	0x00000000
x22: 	0x00000000
x23: 	0x00000000
x24: 	0x00000000
x25: 	0x00000000
x26: 	0x00000000
x27: 	0x00000000
x28: 	0x00000000
x29: 	0x00000000
x30: 	0x00000000
x31: 	0x00000000

0x000020c8	0x00000000	Unkown Instruction 

All Registers: 
x0: 	0x00000000
x1: 	0x00000000
x2: 	0x00000000
x3: 	0x00000000
x4: 	0x00000000
x5: 	0x00000000
x6: 	0x00000000
x7: 	0x00000000
x8: 	0x00000000
x9: 	0x00000000
x10: 	0x00000000
x11: 	0x00000000
x12: 	0x00000000
x13: 	0x00000000
x14: 	0x00000000
x15: 	0x00000000
x16: 	0x00000000
x17: 	0x00000000
x18: 	0x00000000
x19: 	0x00000000
x20: 	0x00000000
x21: 	0x00000000
x22: 	0x00000000
x23: 	0x00000000
x24: 	0x00000000
x25: 	0x00000000
x26: 	0x00000000
x27: 	0x00000000
x28: 	0x00000000
x29: 	0x00000000
x30: 	0x00000000
x31: 	0x00000000

0x000020cc	0x00000000	Unkown Instruction 

All Registers: 
x0: 	0x00000000
x1: 	0x00000000
x2: 	0x00000000
x3: 	0x00000000
x4: 	0x00000000
x5: 	0x00000000
x6: 	0x00000000
x7: 	0x00000000
x8: 	0x00000000
x9: 	0x00000000
x10: 	0x00000000
x11: 	0x00000000
x12: 	0x00000000
x13: 	0x00000000
x14: 	0x00000000
x15: 	0x00000000
x16: 	0x00000000
x17: 	0x00000000
x18: 	0x00000000
x19: 	0x00000000
x20: 	0x00000000
x21: 	0x00000000
x22: 	0x00000000
x23: 	0x00000000
x24: 	0x00000000
x25: 	0x00000000
x26: 	0x00000000
x27: 	0x00000000
x28: 	0x00000000
x29: 	0x00000000
x30: 	0x00000000
x31: 	0x00000000

0x000020d0	0x00000000	Unkown Instruction 

All Registers: 
x0: 	0x00000000
x1: 	0x00000000
x2: 	0x00000000
x3: 	0x00000000
x4: 	0x00000000
x5: 	0x00000000
x6: 	0x00000000
x7: 	0x00000000
x8: 	0x00000000
x9: 	0x00000000
x10: 	0x00000000
x11: 	0x00000000
x12: 	0x00000000
x13: 	0x00000000
x14: 	0x00000000
x15: 	0x00000000
x16: 	0x00000000
x17: 	0x00000000
x18: 	0x00000000
x19: 	0x00000000
x20: 	0x00000000
x21: 	0x00000000
x22: 	0x00000000
x23: 	0x00000000
x24: 	0x00000000
x25: 	0x00000000
x26: 	0x00000000
x27: 	0x00000000
x28: 	0x00000000
x29: 	0x00000000
x30: 	0x00000000
x31: 	0x00000000

0x000020d4	0x00000000	Unkown Instruction 

All Registers: 
x0: 	0x00000000
x1: 	0x00000000
x2: 	0x00000000
x3: 	0x00000000
x4: 	0x00000000
x5: 	0x00000000
x6: 	0x00000000
x7: 	0x00000000
x8: 	0x00000000
x9: 	0x00000000
x10: 	0x00000000
x11: 	0x00000000
x12: 	0x00000000
x13: 	0x00000000
x14: 	0x00000000
x15: 	0x00000000
x16: 	0x00000000
x17: 	0x00000000
x18: 	0x00000000
x19: 	0x00000000
x20: 	0x00000000
x21: 	0x00000000
x22: 	0x00000000
x23: 	0x00000000
x24: 	0x00000000
x25: 	0x00000000
x26: 	0x00000000
x27: 	0x00000000
x28: 	0x00000000
x29: 	0x00000000
x30: 	0x00000000
x31: 	0x00000000

0x000020d8	0x00000000	Unkown Instruction 

All Registers: 
x0: 	0x00000000
x1: 	0x00000000
x2: 	0x00000000
x3: 	0x00000000
x4: 	0x00000000
x5: 	0x00000000
x6: 	0x00000000
x7: 	0x00000000
x8: 	0x00000000
x9: 	0x00000000
x10: 	0x00000000
x11: 	0x00000000
x12: 	0x00000000
x13: 	0x00000000
x14: 	0x00000000
x15: 	0x00000000
x16: 	0x00000000
x17: 	0x00000000
x18: 	0x00000000
x19: 	0x00000000
x20: 	0x00000000
x21: 	0x00000000
x22: 	0x00000000
x23: 	0x00000000
x24: 	0x00000000
x25: 	0x00000000
x26: 	0x00000000
x27: 	0x00000000
x28: 	0x00000000
x29: 	0x00000000
x30: 	0x00000000
x31: 	0x00000000

0x000020dc	0x00000000	Unkown Instruction 

All Registers: 
x0: 	0x00000000
x1: 	0x00000000
x2: 	0x00000000
x3: 	0x00000000
x4: 	0x00000000
x5: 	0x00000000
x6: 	0x00000000
x7: 	0x00000000
x8: 	0x00000000
x9: 	0x00000000
x10: 	0x00000000
x11: 	0x00000000
x12: 	0x00000000
x13: 	0x00000000
x14: 	0x00000000
x15: 	0x00000000
x16: 	0x00000000
x17: 	0x00000000
x18: 	0x00000000
x19: 	0x00000000
x20: 	0x00000000
x21: 	0x00000000
x22: 	0x00000000
x23: 	0x00000000
x24: 	0x00000000
x25: 	0x00000000
x26: 	0x00000000
x27: 	0x00000000
x28: 	0x00000000
x29: 	0x00000000
x30: 	0x00000000
x31: 	0x00000000

0x000020e0	0x00000000	Unkown Instruction 

All Registers: 
x0: 	0x00000000
x1: 	0x00000000
x2: 	0x00000000
x3: 	0x00000000
x4: 	0x00000000
x5: 	0x00000000
x6: 	0x00000000
x7: 	0x00000000
x8: 	0x00000000
x9: 	0x00000000
x10: 	0x00000000
x11: 	0x00000000
x12: 	0x00000000
x13: 	0x00000000
x14: 	0x00000000
x15: 	0x00000000
x16: 	0x00000000
x17: 	0x00000000
x18: 	0x00000000
x19: 	0x00000000
x20: 	0x00000000
x21: 	0x00000000
x22: 	0x00000000
x23: 	0x00000000
x24: 	0x00000000
x25: 	0x00000000
x26: 	0x00000000
x27: 	0x00000000
x28: 	0x00000000
x29: 	0x00000000
x30: 	0x00000000
x31: 	0x00000000

0x000020e4	0x00000000	Unkown Instruction 

All Registers: 
x0: 	0x00000000
x1: 	0x00000000
x2: 	0x00000000
x3: 	0x00000000
x4: 	0x00000000
x5: 	0x00000000
x6: 	0x00000000
x7: 	0x00000000
x8: 	0x00000000
x9: 	0x00000000
x10: 	0x00000000
x11: 	0x00000000
x12: 	0x00000000
x13: 	0x00000000
x14: 	0x00000000
x15: 	0x00000000
x16: 	0x00000000
x17: 	0x00000000
x18: 	0x00000000
x19: 	0x00000000
x20: 	0x00000000
x21: 	0x00000000
x22: 	0x00000000
x23: 	0x00000000
x24: 	0x00000000
x25: 	0x00000000
x26: 	0x00000000
x27: 	0x00000000
x28: 	0x00000000
x29: 	0x00000000
x30: 	0x00000000
x31: 	0x00000000

0x000020e8	0x00000000	Unkown Instruction 

All Registers: 
x0: 	0x00000000
x1: 	0x00000000
x2: 	0x00000000
x3: 	0x00000000
x4: 	0x00000000
x5: 	0x00000000
x6: 	0x00000000
x7: 	0x00000000
x8: 	0x00000000
x9: 	0x00000000
x10: 	0x00000000
x11: 	0x00000000
x12: 	0x00000000
x13: 	0x00000000
x14: 	0x00000000
x15: 	0x00000000
x16: 	0x00000000
x17: 	0x00000000
x18: 	0x00000000
x19: 	0x00000000
x20: 	0x00000000
x21: 	0x00000000
x22: 	0x00000000
x23: 	0x00000000
x24: 	0x00000000
x25: 	0x00000000
x26: 	0x00000000
x27: 	0x00000000
x28: 	0x00000000
x29: 	0x00000000
x30: 	0x00000000
x31: 	0x00000000

0x000020ec	0x00000000	Unkown Instruction 

All Registers: 
x0: 	0x00000000
x1: 	0x00000000
x2: 	0x00000000
x3: 	0x00000000
x4: 	0x00000000
x5: 	0x00000000
x6: 	0x00000000
x7: 	0x00000000
x8: 	0x00000000
x9: 	0x00000000
x10: 	0x00000000
x11: 	0x00000000
x12: 	0x00000000
x13: 	0x00000000
x14: 	0x00000000
x15: 	0x00000000
x16: 	0x00000000
x17: 	0x00000000
x18: 	0x00000000
x19: 	0x00000000
x20: 	0x00000000
x21: 	0x00000000
x22: 	0x00000000
x23: 	0x00000000
x24: 	0x00000000
x25: 	0x00000000
x26: 	0x00000000
x27: 	0x00000000
x28: 	0x00000000
x29: 	0x00000000
x30: 	0x00000000
x31: 	0x00000000

0x000020f0	0x00000000	Unkown Instruction 

All Registers: 
x0: 	0x00000000
x1: 	0x00000000
x2: 	0x00000000
x3: 	0x00000000
x4: 	0x00000000
x5: 	0x00000000
x6: 	0x00000000
x7: 	0x00000000
x8: 	0x00000000
x9: 	0x00000000
x10: 	0x00000000
x11: 	0x00000000
x12: 	0x00000000
x13: 	0x00000000
x14: 	0x00000000
x15: 	0x00000000
x16: 	0x00000000
x17: 	0x00000000
x18: 	0x00000000
x19: 	0x00000000
x20: 	0x00000000
x21: 	0x00000000
x22: 	0x00000000
x23: 	0x00000000
x24: 	0x00000000
x25: 	0x00000000
x26: 	0x00000000
x27: 	0x00000000
x28: 	0x00000000
x29: 	0x00000000
x30: 	0x00000000
x31: 	0x00000000

0x000020f4	0x00000000	Unkown Instruction 

All Registers: 
x0: 	0x00000000
x1: 	0x00000000
x2: 	0x00000000
x3: 	0x00000000
x4: 	0x00000000
x5: 	0x00000000
x6: 	0x00000000
x7: 	0x00000000
x8: 	0x00000000
x9: 	0x00000000
x10: 	0x00000000
x11: 	0x00000000
x12: 	0x00000000
x13: 	0x00000000
x14: 	0x00000000
x15: 	0x00000000
x16: 	0x00000000
x17: 	0x00000000
x18: 	0x00000000
x19: 	0x00000000
x20: 	0x00000000
x21: 	0x00000000
x22: 	0x00000000
x23: 	0x00000000
x24: 	0x00000000
x25: 	0x00000000
x26: 	0x00000000
x27: 	0x00000000
x28: 	0x00000000
x29: 	0x00000000
x30: 	0x00000000
x31: 	0x00000000

0x000020f8	0x00000000	Unkown Instruction 

All Registers: 
x0: 	0x00000000
x1: 	0x00000000
x2: 	0x00000000
x3: 	0x00000000
x4: 	0x00000000
x5: 	0x00000000
x6: 	0x00000000
x7: 	0x00000000
x8: 	0x00000000
x9: 	0x00000000
x10: 	0x00000000
x11: 	0x00000000
x12: 	0x00000000
x13: 	0x00000000
x14: 	0x00000000
x15: 	0x00000000
x16: 	0x00000000
x17: 	0x00000000
x18: 	0x00000000
x19: 	0x00000000
x20: 	0x00000000
x21: 	0x00000000
x22: 	0x00000000
x23: 	0x00000000
x24: 	0x00000000
x25: 	0x00000000
x26: 	0x00000000
x27: 	0x00000000
x28: 	0x00000000
x29: 	0x00000000
x30: 	0x00000000
x31: 	0x00000000

0x000020fc	0x00000000	Unkown Instruction 

All Registers: 
x0: 	0x00000000
x1: 	0x00000000
x2: 	0x00000000
x3: 	0x00000000
x4: 	0x00000000
x5: 	0x00000000
x6: 	0x00000000
x7: 	0x00000000
x8: 	0x00000000
x9: 	0x00000000
x10: 	0x00000000
x11: 	0x00000000
x12: 	0x00000000
x13: 	0x00000000
x14: 	0x00000000
x15: 	0x00000000
x16: 	0x00000000
x17: 	0x00000000
x18: 	0x00000000
x19: 	0x00000000
x20: 	0x00000000
x21: 	0x00000000
x22: 	0x00000000
x23: 	0x00000000
x24: 	0x00000000
x25: 	0x00000000
x26: 	0x00000000
x27: 	0x00000000
x28: 	0x00000000
x29: 	0x00000000
x30: 	0x00000000
x31: 	0x00000000

0x00002100	0x00000000	Unkown Instruction 

All Registers: 
x0: 	0x00000000
x1: 	0x00000000
x2: 	0x00000000
x3: 	0x00000000
x4: 	0x00000000
x5: 	0x00000000
x6: 	0x00000000
x7: 	0x00000000
x8: 	0x00000000
x9: 	0x00000000
x10: 	0x00000000
x11: 	0x00000000
x12: 	0x00000000
x13: 	0x00000000
x14: 	0x00000000
x15: 	0x00000000
x16: 	0x00000000
x17: 	0x00000000
x18: 	0x00000000
x19: 	0x00000000
x20: 	0x00000000
x21: 	0x00000000
x22: 	0x00000000
x23: 	0x00000000
x24: 	0x00000000
x25: 	0x00000000
x26: 	0x00000000
x27: 	0x00000000
x28: 	0x00000000
x29: 	0x00000000
x30: 	0x00000000
x31: 	0x00000000

0x00002104	0x00000000	Unkown Instruction 

All Registers: 
x0: 	0x00000000
x1: 	0x00000000
x2: 	0x00000000
x3: 	0x00000000
x4: 	0x00000000
x5: 	0x00000000
x6: 	0x00000000
x7: 	0x00000000
x8: 	0x00000000
x9: 	0x00000000
x10: 	0x00000000
x11: 	0x00000000
x12: 	0x00000000
x13: 	0x00000000
x14: 	0x00000000
x15: 	0x00000000
x16: 	0x00000000
x17: 	0x00000000
x18: 	0x00000000
x19: 	0x00000000
x20: 	0x00000000
x21: 	0x00000000
x22: 	0x00000000
x23: 	0x00000000
x24: 	0x00000000
x25: 	0x00000000
x26: 	0x00000000
x27: 	0x00000000
x28: 	0x00000000
x29: 	0x00000000
x30: 	0x00000000
x31: 	0x00000000

0x00002108	0x00000000	Unkown Instruction 

All Registers: 
x0: 	0x00000000
x1: 	0x00000000
x2: 	0x00000000
x3: 	0x00000000
x4: 	0x00000000
x5: 	0x00000000
x6: 	0x00000000
x7: 	0x00000000
x8: 	0x00000000
x9: 	0x00000000
x10: 	0x00000000
x11: 	0x00000000
x12: 	0x00000000
x13: 	0x00000000
x14: 	0x00000000
x15: 	0x00000000
x16: 	0x00000000
x17: 	0x00000000
x18: 	0x00000000
x19: 	0x00000000
x20: 	0x00000000
x21: 	0x00000000
x22: 	0x00000000
x23: 	0x00000000
x24: 	0x00000000
x25: 	0x00000000
x26: 	0x00000000
x27: 	0x00000000
x28: 	0x00000000
x29: 	0x00000000
x30: 	0x00000000
x31: 	0x00000000

0x0000210c	0x00000000	Unkown Instruction 

All Registers: 
x0: 	0x00000000
x1: 	0x00000000
x2: 	0x00000000
x3: 	0x00000000
x4: 	0x00000000
x5: 	0x00000000
x6: 	0x00000000
x7: 	0x00000000
x8: 	0x00000000
x9: 	0x00000000
x10: 	0x00000000
x11: 	0x00000000
x12: 	0x00000000
x13: 	0x00000000
x14: 	0x00000000
x15: 	0x00000000
x16: 	0x00000000
x17: 	0x00000000
x18: 	0x00000000
x19: 	0x00000000
x20: 	0x00000000
x21: 	0x00000000
x22: 	0x00000000
x23: 	0x00000000
x24: 	0x00000000
x25: 	0x00000000
x26: 	0x00000000
x27: 	0x00000000
x28: 	0x00000000
x29: 	0x00000000
x30: 	0x00000000
x31: 	0x00000000

0x00002110	0x00000000	Unkown Instruction 

All Registers: 
x0: 	0x00000000
x1: 	0x00000000
x2: 	0x00000000
x3: 	0x00000000
x4: 	0x00000000
x5: 	0x00000000
x6: 	0x00000000
x7: 	0x00000000
x8: 	0x00000000
x9: 	0x00000000
x10: 	0x00000000
x11: 	0x00000000
x12: 	0x00000000
x13: 	0x00000000
x14: 	0x00000000
x15: 	0x00000000
x16: 	0x00000000
x17: 	0x00000000
x18: 	0x00000000
x19: 	0x00000000
x20: 	0x00000000
x21: 	0x00000000
x22: 	0x00000000
x23: 	0x00000000
x24: 	0x00000000
x25: 	0x00000000
x26: 	0x00000000
x27: 	0x00000000
x28: 	0x00000000
x29: 	0x00000000
x30: 	0x00000000
x31: 	0x00000000

0x00002114	0x00000000	Unkown Instruction 

All Registers: 
x0: 	0x00000000
x1: 	0x00000000
x2: 	0x00000000
x3: 	0x00000000
x4: 	0x00000000
x5: 	0x00000000
x6: 	0x00000000
x7: 	0x00000000
x8: 	0x00000000
x9: 	0x00000000
x10: 	0x00000000
x11: 	0x00000000
x12: 	0x00000000
x13: 	0x00000000
x14: 	0x00000000
x15: 	0x00000000
x16: 	0x00000000
x17: 	0x00000000
x18: 	0x00000000
x19: 	0x00000000
x20: 	0x00000000
x21: 	0x00000000
x22: 	0x00000000
x23: 	0x00000000
x24: 	0x00000000
x25: 	0x00000000
x26: 	0x00000000
x27: 	0x00000000
x28: 	0x00000000
x29: 	0x00000000
x30: 	0x00000000
x31: 	0x00000000

0x00002118	0x00000000	Unkown Instruction 

All Registers: 
x0: 	0x00000000
x1: 	0x00000000
x2: 	0x00000000
x3: 	0x00000000
x4: 	0x00000000
x5: 	0x00000000
x6: 	0x00000000
x7: 	0x00000000
x8: 	0x00000000
x9: 	0x00000000
x10: 	0x00000000
x11: 	0x00000000
x12: 	0x00000000
x13: 	0x00000000
x14: 	0x00000000
x15: 	0x00000000
x16: 	0x00000000
x17: 	0x00000000
x18: 	0x00000000
x19: 	0x00000000
x20: 	0x00000000
x21: 	0x00000000
x22: 	0x00000000
x23: 	0x00000000
x24: 	0x00000000
x25: 	0x00000000
x26: 	0x00000000
x27: 	0x00000000
x28: 	0x00000000
x29: 	0x00000000
x30: 	0x00000000
x31: 	0x00000000

0x0000211c	0x00000000	Unkown Instruction 

All Registers: 
x0: 	0x00000000
x1: 	0x00000000
x2: 	0x00000000
x3: 	0x00000000
x4: 	0x00000000
x5: 	0x00000000
x6: 	0x00000000
x7: 	0x00000000
x8: 	0x00000000
x9: 	0x00000000
x10: 	0x00000000
x11: 	0x00000000
x12: 	0x00000000
x13: 	0x00000000
x14: 	0x00000000
x15: 	0x00000000
x16: 	0x00000000
x17: 	0x00000000
x18: 	0x00000000
x19: 	0x00000000
x20: 	0x00000000
x21: 	0x00000000
x22: 	0x00000000
x23: 	0x00000000
x24: 	0x00000000
x25: 	0x00000000
x26: 	0x00000000
x27: 	0x00000000
x28: 	0x00000000
x29: 	0x00000000
x30: 	0x00000000
x31: 	0x00000000

0x00002120	0x00000000	Unkown Instruction 

All Registers: 
x0: 	0x00000000
x1: 	0x00000000
x2: 	0x00000000
x3: 	0x00000000
x4: 	0x00000000
x5: 	0x00000000
x6: 	0x00000000
x7: 	0x00000000
x8: 	0x00000000
x9: 	0x00000000
x10: 	0x00000000
x11: 	0x00000000
x12: 	0x00000000
x13: 	0x00000000
x14: 	0x00000000
x15: 	0x00000000
x16: 	0x00000000
x17: 	0x00000000
x18: 	0x00000000
x19: 	0x00000000
x20: 	0x00000000
x21: 	0x00000000
x22: 	0x00000000
x23: 	0x00000000
x24: 	0x00000000
x25: 	0x00000000
x26: 	0x00000000
x27: 	0x00000000
x28: 	0x00000000
x29: 	0x00000000
x30: 	0x00000000
x31: 	0x00000000

0x00002124	0x00000000	Unkown Instruction 

All Registers: 
x0: 	0x00000000
x1: 	0x00000000
x2: 	0x00000000
x3: 	0x00000000
x4: 	0x00000000
x5: 	0x00000000
x6: 	0x00000000
x7: 	0x00000000
x8: 	0x00000000
x9: 	0x00000000
x10: 	0x00000000
x11: 	0x00000000
x12: 	0x00000000
x13: 	0x00000000
x14: 	0x00000000
x15: 	0x00000000
x16: 	0x00000000
x17: 	0x00000000
x18: 	0x00000000
x19: 	0x00000000
x20: 	0x00000000
x21: 	0x00000000
x22: 	0x00000000
x23: 	0x00000000
x24: 	0x00000000
x25: 	0x00000000
x26: 	0x00000000
x27: 	0x00000000
x28: 	0x00000000
x29: 	0x00000000
x30: 	0x00000000
x31: 	0x00000000

0x00002128	0x00000000	Unkown Instruction 

All Registers: 
x0: 	0x00000000
x1: 	0x00000000
x2: 	0x00000000
x3: 	0x00000000
x4: 	0x00000000
x5: 	0x00000000
x6: 	0x00000000
x7: 	0x00000000
x8: 	0x00000000
x9: 	0x00000000
x10: 	0x00000000
x11: 	0x00000000
x12: 	0x00000000
x13: 	0x00000000
x14: 	0x00000000
x15: 	0x00000000
x16: 	0x00000000
x17: 	0x00000000
x18: 	0x00000000
x19: 	0x00000000
x20: 	0x00000000
x21: 	0x00000000
x22: 	0x00000000
x23: 	0x00000000
x24: 	0x00000000
x25: 	0x00000000
x26: 	0x00000000
x27: 	0x00000000
x28: 	0x00000000
x29: 	0x00000000
x30: 	0x00000000
x31: 	0x00000000

0x0000212c	0x00000000	Unkown Instruction 

All Registers: 
x0: 	0x00000000
x1: 	0x00000000
x2: 	0x00000000
x3: 	0x00000000
x4: 	0x00000000
x5: 	0x00000000
x6: 	0x00000000
x7: 	0x00000000
x8: 	0x00000000
x9: 	0x00000000
x10: 	0x00000000
x11: 	0x00000000
x12: 	0x00000000
x13: 	0x00000000
x14: 	0x00000000
x15: 	0x00000000
x16: 	0x00000000
x17: 	0x00000000
x18: 	0x00000000
x19: 	0x00000000
x20: 	0x00000000
x21: 	0x00000000
x22: 	0x00000000
x23: 	0x00000000
x24: 	0x00000000
x25: 	0x00000000
x26: 	0x00000000
x27: 	0x00000000
x28: 	0x00000000
x29: 	0x00000000
x30: 	0x00000000
x31: 	0x00000000

0x00002130	0x00000000	Unkown Instruction 

All Registers: 
x0: 	0x00000000
x1: 	0x00000000
x2: 	0x00000000
x3: 	0x00000000
x4: 	0x00000000
x5: 	0x00000000
x6: 	0x00000000
x7: 	0x00000000
x8: 	0x00000000
x9: 	0x00000000
x10: 	0x00000000
x11: 	0x00000000
x12: 	0x00000000
x13: 	0x00000000
x14: 	0x00000000
x15: 	0x00000000
x16: 	0x00000000
x17: 	0x00000000
x18: 	0x00000000
x19: 	0x00000000
x20: 	0x00000000
x21: 	0x00000000
x22: 	0x00000000
x23: 	0x00000000
x24: 	0x00000000
x25: 	0x00000000
x26: 	0x00000000
x27: 	0x00000000
x28: 	0x00000000
x29: 	0x00000000
x30: 	0x00000000
x31: 	0x00000000

0x00002134	0x00000000	Unkown Instruction 

All Registers: 
x0: 	0x00000000
x1: 	0x00000000
x2: 	0x00000000
x3: 	0x00000000
x4: 	0x00000000
x5: 	0x00000000
x6: 	0x00000000
x7: 	0x00000000
x8: 	0x00000000
x9: 	0x00000000
x10: 	0x00000000
x11: 	0x00000000
x12: 	0x00000000
x13: 	0x00000000
x14: 	0x00000000
x15: 	0x00000000
x16: 	0x00000000
x17: 	0x00000000
x18: 	0x00000000
x19: 	0x00000000
x20: 	0x00000000
x21: 	0x00000000
x22: 	0x00000000
x23: 	0x00000000
x24: 	0x00000000
x25: 	0x00000000
x26: 	0x00000000
x27: 	0x00000000
x28: 	0x00000000
x29: 	0x00000000
x30: 	0x00000000
x31: 	0x00000000

0x00002138	0x00000000	Unkown Instruction 

All Registers: 
x0: 	0x00000000
x1: 	0x00000000
x2: 	0x00000000
x3: 	0x00000000
x4: 	0x00000000
x5: 	0x00000000
x6: 	0x00000000
x7: 	0x00000000
x8: 	0x00000000
x9: 	0x00000000
x10: 	0x00000000
x11: 	0x00000000
x12: 	0x00000000
x13: 	0x00000000
x14: 	0x00000000
x15: 	0x00000000
x16: 	0x00000000
x17: 	0x00000000
x18: 	0x00000000
x19: 	0x00000000
x20: 	0x00000000
x21: 	0x00000000
x22: 	0x00000000
x23: 	0x00000000
x24: 	0x00000000
x25: 	0x00000000
x26: 	0x00000000
x27: 	0x00000000
x28: 	0x00000000
x29: 	0x00000000
x30: 	0x00000000
x31: 	0x00000000

0x0000213c	0x00000000	Unkown Instruction 

All Registers: 
x0: 	0x00000000
x1: 	0x00000000
x2: 	0x00000000
x3: 	0x00000000
x4: 	0x00000000
x5: 	0x00000000
x6: 	0x00000000
x7: 	0x00000000
x8: 	0x00000000
x9: 	0x00000000
x10: 	0x00000000
x11: 	0x00000000
x12: 	0x00000000
x13: 	0x00000000
x14: 	0x00000000
x15: 	0x00000000
x16: 	0x00000000
x17: 	0x00000000
x18: 	0x00000000
x19: 	0x00000000
x20: 	0x00000000
x21: 	0x00000000
x22: 	0x00000000
x23: 	0x00000000
x24: 	0x00000000
x25: 	0x00000000
x26: 	0x00000000
x27: 	0x00000000
x28: 	0x00000000
x29: 	0x00000000
x30: 	0x00000000
x31: 	0x00000000

0x00002140	0x00000000	Unkown Instruction 

All Registers: 
x0: 	0x00000000
x1: 	0x00000000
x2: 	0x00000000
x3: 	0x00000000
x4: 	0x00000000
x5: 	0x00000000
x6: 	0x00000000
x7: 	0x00000000
x8: 	0x00000000
x9: 	0x00000000
x10: 	0x00000000
x11: 	0x00000000
x12: 	0x00000000
x13: 	0x00000000
x14: 	0x00000000
x15: 	0x00000000
x16: 	0x00000000
x17: 	0x00000000
x18: 	0x00000000
x19: 	0x00000000
x20: 	0x00000000
x21: 	0x00000000
x22: 	0x00000000
x23: 	0x00000000
x24: 	0x00000000
x25: 	0x00000000
x26: 	0x00000000
x27: 	0x00000000
x28: 	0x00000000
x29: 	0x00000000
x30: 	0x00000000
x31: 	0x00000000

0x00002144	0x00000000	Unkown Instruction 

All Registers: 
x0: 	0x00000000
x1: 	0x00000000
x2: 	0x00000000
x3: 	0x00000000
x4: 	0x00000000
x5: 	0x00000000
x6: 	0x00000000
x7: 	0x00000000
x8: 	0x00000000
x9: 	0x00000000
x10: 	0x00000000
x11: 	0x00000000
x12: 	0x00000000
x13: 	0x00000000
x14: 	0x00000000
x15: 	0x00000000
x16: 	0x00000000
x17: 	0x00000000
x18: 	0x00000000
x19: 	0x00000000
x20: 	0x00000000
x21: 	0x00000000
x22: 	0x00000000
x23: 	0x00000000
x24: 	0x00000000
x25: 	0x00000000
x26: 	0x00000000
x27: 	0x00000000
x28: 	0x00000000
x29: 	0x00000000
x30: 	0x00000000
x31: 	0x00000000

0x00002148	0x00000000	Unkown Instruction 

All Registers: 
x0: 	0x00000000
x1: 	0x00000000
x2: 	0x00000000
x3: 	0x00000000
x4: 	0x00000000
x5: 	0x00000000
x6: 	0x00000000
x7: 	0x00000000
x8: 	0x00000000
x9: 	0x00000000
x10: 	0x00000000
x11: 	0x00000000
x12: 	0x00000000
x13: 	0x00000000
x14: 	0x00000000
x15: 	0x00000000
x16: 	0x00000000
x17: 	0x00000000
x18: 	0x00000000
x19: 	0x00000000
x20: 	0x00000000
x21: 	0x00000000
x22: 	0x00000000
x23: 	0x00000000
x24: 	0x00000000
x25: 	0x00000000
x26: 	0x00000000
x27: 	0x00000000
x28: 	0x00000000
x29: 	0x00000000
x30: 	0x00000000
x31: 	0x00000000

0x0000214c	0x00000000	Unkown Instruction 

All Registers: 
x0: 	0x00000000
x1: 	0x00000000
x2: 	0x00000000
x3: 	0x00000000
x4: 	0x00000000
x5: 	0x00000000
x6: 	0x00000000
x7: 	0x00000000
x8: 	0x00000000
x9: 	0x00000000
x10: 	0x00000000
x11: 	0x00000000
x12: 	0x00000000
x13: 	0x00000000
x14: 	0x00000000
x15: 	0x00000000
x16: 	0x00000000
x17: 	0x00000000
x18: 	0x00000000
x19: 	0x00000000
x20: 	0x00000000
x21: 	0x00000000
x22: 	0x00000000
x23: 	0x00000000
x24: 	0x00000000
x25: 	0x00000000
x26: 	0x00000000
x27: 	0x00000000
x28: 	0x00000000
x29: 	0x00000000
x30: 	0x00000000
x31: 	0x00000000

0x00002150	0x00000000	Unkown Instruction 

All Registers: 
x0: 	0x00000000
x1: 	0x00000000
x2: 	0x00000000
x3: 	0x00000000
x4: 	0x00000000
x5: 	0x00000000
x6: 	0x00000000
x7: 	0x00000000
x8: 	0x00000000
x9: 	0x00000000
x10: 	0x00000000
x11: 	0x00000000
x12: 	0x00000000
x13: 	0x00000000
x14: 	0x00000000
x15: 	0x00000000
x16: 	0x00000000
x17: 	0x00000000
x18: 	0x00000000
x19: 	0x00000000
x20: 	0x00000000
x21: 	0x00000000
x22: 	0x00000000
x23: 	0x00000000
x24: 	0x00000000
x25: 	0x00000000
x26: 	0x00000000
x27: 	0x00000000
x28: 	0x00000000
x29: 	0x00000000
x30: 	0x00000000
x31: 	0x00000000

0x00002154	0x00000000	Unkown Instruction 

All Registers: 
x0: 	0x00000000
x1: 	0x00000000
x2: 	0x00000000
x3: 	0x00000000
x4: 	0x00000000
x5: 	0x00000000
x6: 	0x00000000
x7: 	0x00000000
x8: 	0x00000000
x9: 	0x00000000
x10: 	0x00000000
x11: 	0x00000000
x12: 	0x00000000
x13: 	0x00000000
x14: 	0x00000000
x15: 	0x00000000
x16: 	0x00000000
x17: 	0x00000000
x18: 	0x00000000
x19: 	0x00000000
x20: 	0x00000000
x21: 	0x00000000
x22: 	0x00000000
x23: 	0x00000000
x24: 	0x00000000
x25: 	0x00000000
x26: 	0x00000000
x27: 	0x00000000
x28: 	0x00000000
x29: 	0x00000000
x30: 	0x00000000
x31: 	0x00000000

0x00002158	0x00000000	Unkown Instruction 

All Registers: 
x0: 	0x00000000
x1: 	0x00000000
x2: 	0x00000000
x3: 	0x00000000
x4: 	0x00000000
x5: 	0x00000000
x6: 	0x00000000
x7: 	0x00000000
x8: 	0x00000000
x9: 	0x00000000
x10: 	0x00000000
x11: 	0x00000000
x12: 	0x00000000
x13: 	0x00000000
x14: 	0x00000000
x15: 	0x00000000
x16: 	0x00000000
x17: 	0x00000000
x18: 	0x00000000
x19: 	0x00000000
x20: 	0x00000000
x21: 	0x00000000
x22: 	0x00000000
x23: 	0x00000000
x24: 	0x00000000
x25: 	0x00000000
x26: 	0x00000000
x27: 	0x00000000
x28: 	0x00000000
x29: 	0x00000000
x30: 	0x00000000
x31: 	0x00000000

0x0000215c	0x00000000	Unkown Instruction 

All Registers: 
x0: 	0x00000000
x1: 	0x00000000
x2: 	0x00000000
x3: 	0x00000000
x4: 	0x00000000
x5: 	0x00000000
x6: 	0x00000000
x7: 	0x00000000
x8: 	0x00000000
x9: 	0x00000000
x10: 	0x00000000
x11: 	0x00000000
x12: 	0x00000000
x13: 	0x00000000
x14: 	0x00000000
x15: 	0x00000000
x16: 	0x00000000
x17: 	0x00000000
x18: 	0x00000000
x19: 	0x00000000
x20: 	0x00000000
x21: 	0x00000000
x22: 	0x00000000
x23: 	0x00000000
x24: 	0x00000000
x25: 	0x00000000
x26: 	0x00000000
x27: 	0x00000000
x28: 	0x00000000
x29: 	0x00000000
x30: 	0x00000000
x31: 	0x00000000

0x00002160	0x00000000	Unkown Instruction 

All Registers: 
x0: 	0x00000000
x1: 	0x00000000
x2: 	0x00000000
x3: 	0x00000000
x4: 	0x00000000
x5: 	0x00000000
x6: 	0x00000000
x7: 	0x00000000
x8: 	0x00000000
x9: 	0x00000000
x10: 	0x00000000
x11: 	0x00000000
x12: 	0x00000000
x13: 	0x00000000
x14: 	0x00000000
x15: 	0x00000000
x16: 	0x00000000
x17: 	0x00000000
x18: 	0x00000000
x19: 	0x00000000
x20: 	0x00000000
x21: 	0x00000000
x22: 	0x00000000
x23: 	0x00000000
x24: 	0x00000000
x25: 	0x00000000
x26: 	0x00000000
x27: 	0x00000000
x28: 	0x00000000
x29: 	0x00000000
x30: 	0x00000000
x31: 	0x00000000

0x00002164	0x00000000	Unkown Instruction 

All Registers: 
x0: 	0x00000000
x1: 	0x00000000
x2: 	0x00000000
x3: 	0x00000000
x4: 	0x00000000
x5: 	0x00000000
x6: 	0x00000000
x7: 	0x00000000
x8: 	0x00000000
x9: 	0x00000000
x10: 	0x00000000
x11: 	0x00000000
x12: 	0x00000000
x13: 	0x00000000
x14: 	0x00000000
x15: 	0x00000000
x16: 	0x00000000
x17: 	0x00000000
x18: 	0x00000000
x19: 	0x00000000
x20: 	0x00000000
x21: 	0x00000000
x22: 	0x00000000
x23: 	0x00000000
x24: 	0x00000000
x25: 	0x00000000
x26: 	0x00000000
x27: 	0x00000000
x28: 	0x00000000
x29: 	0x00000000
x30: 	0x00000000
x31: 	0x00000000

0x00002168	0x00000000	Unkown Instruction 

All Registers: 
x0: 	0x00000000
x1: 	0x00000000
x2: 	0x00000000
x3: 	0x00000000
x4: 	0x00000000
x5: 	0x00000000
x6: 	0x00000000
x7: 	0x00000000
x8: 	0x00000000
x9: 	0x00000000
x10: 	0x00000000
x11: 	0x00000000
x12: 	0x00000000
x13: 	0x00000000
x14: 	0x00000000
x15: 	0x00000000
x16: 	0x00000000
x17: 	0x00000000
x18: 	0x00000000
x19: 	0x00000000
x20: 	0x00000000
x21: 	0x00000000
x22: 	0x00000000
x23: 	0x00000000
x24: 	0x00000000
x25: 	0x00000000
x26: 	0x00000000
x27: 	0x00000000
x28: 	0x00000000
x29: 	0x00000000
x30: 	0x00000000
x31: 	0x00000000

0x0000216c	0x00000000	Unkown Instruction 

All Registers: 
x0: 	0x00000000
x1: 	0x00000000
x2: 	0x00000000
x3: 	0x00000000
x4: 	0x00000000
x5: 	0x00000000
x6: 	0x00000000
x7: 	0x00000000
x8: 	0x00000000
x9: 	0x00000000
x10: 	0x00000000
x11: 	0x00000000
x12: 	0x00000000
x13: 	0x00000000
x14: 	0x00000000
x15: 	0x00000000
x16: 	0x00000000
x17: 	0x00000000
x18: 	0x00000000
x19: 	0x00000000
x20: 	0x00000000
x21: 	0x00000000
x22: 	0x00000000
x23: 	0x00000000
x24: 	0x00000000
x25: 	0x00000000
x26: 	0x00000000
x27: 	0x00000000
x28: 	0x00000000
x29: 	0x00000000
x30: 	0x00000000
x31: 	0x00000000

0x00002170	0x00000000	Unkown Instruction 

All Registers: 
x0: 	0x00000000
x1: 	0x00000000
x2: 	0x00000000
x3: 	0x00000000
x4: 	0x00000000
x5: 	0x00000000
x6: 	0x00000000
x7: 	0x00000000
x8: 	0x00000000
x9: 	0x00000000
x10: 	0x00000000
x11: 	0x00000000
x12: 	0x00000000
x13: 	0x00000000
x14: 	0x00000000
x15: 	0x00000000
x16: 	0x00000000
x17: 	0x00000000
x18: 	0x00000000
x19: 	0x00000000
x20: 	0x00000000
x21: 	0x00000000
x22: 	0x00000000
x23: 	0x00000000
x24: 	0x00000000
x25: 	0x00000000
x26: 	0x00000000
x27: 	0x00000000
x28: 	0x00000000
x29: 	0x00000000
x30: 	0x00000000
x31: 	0x00000000

0x00002174	0x00000000	Unkown Instruction 

All Registers: 
x0: 	0x00000000
x1: 	0x00000000
x2: 	0x00000000
x3: 	0x00000000
x4: 	0x00000000
x5: 	0x00000000
x6: 	0x00000000
x7: 	0x00000000
x8: 	0x00000000
x9: 	0x00000000
x10: 	0x00000000
x11: 	0x00000000
x12: 	0x00000000
x13: 	0x00000000
x14: 	0x00000000
x15: 	0x00000000
x16: 	0x00000000
x17: 	0x00000000
x18: 	0x00000000
x19: 	0x00000000
x20: 	0x00000000
x21: 	0x00000000
x22: 	0x00000000
x23: 	0x00000000
x24: 	0x00000000
x25: 	0x00000000
x26: 	0x00000000
x27: 	0x00000000
x28: 	0x00000000
x29: 	0x00000000
x30: 	0x00000000
x31: 	0x00000000

0x00002178	0x00000000	Unkown Instruction 

All Registers: 
x0: 	0x00000000
x1: 	0x00000000
x2: 	0x00000000
x3: 	0x00000000
x4: 	0x00000000
x5: 	0x00000000
x6: 	0x00000000
x7: 	0x00000000
x8: 	0x00000000
x9: 	0x00000000
x10: 	0x00000000
x11: 	0x00000000
x12: 	0x00000000
x13: 	0x00000000
x14: 	0x00000000
x15: 	0x00000000
x16: 	0x00000000
x17: 	0x00000000
x18: 	0x00000000
x19: 	0x00000000
x20: 	0x00000000
x21: 	0x00000000
x22: 	0x00000000
x23: 	0x00000000
x24: 	0x00000000
x25: 	0x00000000
x26: 	0x00000000
x27: 	0x00000000
x28: 	0x00000000
x29: 	0x00000000
x30: 	0x00000000
x31: 	0x00000000

0x0000217c	0x00000000	Unkown Instruction 

All Registers: 
x0: 	0x00000000
x1: 	0x00000000
x2: 	0x00000000
x3: 	0x00000000
x4: 	0x00000000
x5: 	0x00000000
x6: 	0x00000000
x7: 	0x00000000
x8: 	0x00000000
x9: 	0x00000000
x10: 	0x00000000
x11: 	0x00000000
x12: 	0x00000000
x13: 	0x00000000
x14: 	0x00000000
x15: 	0x00000000
x16: 	0x00000000
x17: 	0x00000000
x18: 	0x00000000
x19: 	0x00000000
x20: 	0x00000000
x21: 	0x00000000
x22: 	0x00000000
x23: 	0x00000000
x24: 	0x00000000
x25: 	0x00000000
x26: 	0x00000000
x27: 	0x00000000
x28: 	0x00000000
x29: 	0x00000000
x30: 	0x00000000
x31: 	0x00000000

0x00002180	0x00000000	Unkown Instruction 

All Registers: 
x0: 	0x00000000
x1: 	0x00000000
x2: 	0x00000000
x3: 	0x00000000
x4: 	0x00000000
x5: 	0x00000000
x6: 	0x00000000
x7: 	0x00000000
x8: 	0x00000000
x9: 	0x00000000
x10: 	0x00000000
x11: 	0x00000000
x12: 	0x00000000
x13: 	0x00000000
x14: 	0x00000000
x15: 	0x00000000
x16: 	0x00000000
x17: 	0x00000000
x18: 	0x00000000
x19: 	0x00000000
x20: 	0x00000000
x21: 	0x00000000
x22: 	0x00000000
x23: 	0x00000000
x24: 	0x00000000
x25: 	0x00000000
x26: 	0x00000000
x27: 	0x00000000
x28: 	0x00000000
x29: 	0x00000000
x30: 	0x00000000
x31: 	0x00000000

0x00002184	0x00000000	Unkown Instruction 

All Registers: 
x0: 	0x00000000
x1: 	0x00000000
x2: 	0x00000000
x3: 	0x00000000
x4: 	0x00000000
x5: 	0x00000000
x6: 	0x00000000
x7: 	0x00000000
x8: 	0x00000000
x9: 	0x00000000
x10: 	0x00000000
x11: 	0x00000000
x12: 	0x00000000
x13: 	0x00000000
x14: 	0x00000000
x15: 	0x00000000
x16: 	0x00000000
x17: 	0x00000000
x18: 	0x00000000
x19: 	0x00000000
x20: 	0x00000000
x21: 	0x00000000
x22: 	0x00000000
x23: 	0x00000000
x24: 	0x00000000
x25: 	0x00000000
x26: 	0x00000000
x27: 	0x00000000
x28: 	0x00000000
x29: 	0x00000000
x30: 	0x00000000
x31: 	0x00000000

0x00002188	0x00000000	Unkown Instruction 

All Registers: 
x0: 	0x00000000
x1: 	0x00000000
x2: 	0x00000000
x3: 	0x00000000
x4: 	0x00000000
x5: 	0x00000000
x6: 	0x00000000
x7: 	0x00000000
x8: 	0x00000000
x9: 	0x00000000
x10: 	0x00000000
x11: 	0x00000000
x12: 	0x00000000
x13: 	0x00000000
x14: 	0x00000000
x15: 	0x00000000
x16: 	0x00000000
x17: 	0x00000000
x18: 	0x00000000
x19: 	0x00000000
x20: 	0x00000000
x21: 	0x00000000
x22: 	0x00000000
x23: 	0x00000000
x24: 	0x00000000
x25: 	0x00000000
x26: 	0x00000000
x27: 	0x00000000
x28: 	0x00000000
x29: 	0x00000000
x30: 	0x00000000
x31: 	0x00000000

0x0000218c	0x00000000	Unkown Instruction 

All Registers: 
x0: 	0x00000000
x1: 	0x00000000
x2: 	0x00000000
x3: 	0x00000000
x4: 	0x00000000
x5: 	0x00000000
x6: 	0x00000000
x7: 	0x00000000
x8: 	0x00000000
x9: 	0x00000000
x10: 	0x00000000
x11: 	0x00000000
x12: 	0x00000000
x13: 	0x00000000
x14: 	0x00000000
x15: 	0x00000000
x16: 	0x00000000
x17: 	0x00000000
x18: 	0x00000000
x19: 	0x00000000
x20: 	0x00000000
x21: 	0x00000000
x22: 	0x00000000
x23: 	0x00000000
x24: 	0x00000000
x25: 	0x00000000
x26: 	0x00000000
x27: 	0x00000000
x28: 	0x00000000
x29: 	0x00000000
x30: 	0x00000000
x31: 	0x00000000

0x00002190	0x00000000	Unkown Instruction 

All Registers: 
x0: 	0x00000000
x1: 	0x00000000
x2: 	0x00000000
x3: 	0x00000000
x4: 	0x00000000
x5: 	0x00000000
x6: 	0x00000000
x7: 	0x00000000
x8: 	0x00000000
x9: 	0x00000000
x10: 	0x00000000
x11: 	0x00000000
x12: 	0x00000000
x13: 	0x00000000
x14: 	0x00000000
x15: 	0x00000000
x16: 	0x00000000
x17: 	0x00000000
x18: 	0x00000000
x19: 	0x00000000
x20: 	0x00000000
x21: 	0x00000000
x22: 	0x00000000
x23: 	0x00000000
x24: 	0x00000000
x25: 	0x00000000
x26: 	0x00000000
x27: 	0x00000000
x28: 	0x00000000
x29: 	0x00000000
x30: 	0x00000000
x31: 	0x00000000

0x00002194	0x00000000	Unkown Instruction 

All Registers: 
x0: 	0x00000000
x1: 	0x00000000
x2: 	0x00000000
x3: 	0x00000000
x4: 	0x00000000
x5: 	0x00000000
x6: 	0x00000000
x7: 	0x00000000
x8: 	0x00000000
x9: 	0x00000000
x10: 	0x00000000
x11: 	0x00000000
x12: 	0x00000000
x13: 	0x00000000
x14: 	0x00000000
x15: 	0x00000000
x16: 	0x00000000
x17: 	0x00000000
x18: 	0x00000000
x19: 	0x00000000
x20: 	0x00000000
x21: 	0x00000000
x22: 	0x00000000
x23: 	0x00000000
x24: 	0x00000000
x25: 	0x00000000
x26: 	0x00000000
x27: 	0x00000000
x28: 	0x00000000
x29: 	0x00000000
x30: 	0x00000000
x31: 	0x00000000

0x00002198	0x00000000	Unkown Instruction 

All Registers: 
x0: 	0x00000000
x1: 	0x00000000
x2: 	0x00000000
x3: 	0x00000000
x4: 	0x00000000
x5: 	0x00000000
x6: 	0x00000000
x7: 	0x00000000
x8: 	0x00000000
x9: 	0x00000000
x10: 	0x00000000
x11: 	0x00000000
x12: 	0x00000000
x13: 	0x00000000
x14: 	0x00000000
x15: 	0x00000000
x16: 	0x00000000
x17: 	0x00000000
x18: 	0x00000000
x19: 	0x00000000
x20: 	0x00000000
x21: 	0x00000000
x22: 	0x00000000
x23: 	0x00000000
x24: 	0x00000000
x25: 	0x00000000
x26: 	0x00000000
x27: 	0x00000000
x28: 	0x00000000
x29: 	0x00000000
x30: 	0x00000000
x31: 	0x00000000

0x0000219c	0x00000000	Unkown Instruction 

All Registers: 
x0: 	0x00000000
x1: 	0x00000000
x2: 	0x00000000
x3: 	0x00000000
x4: 	0x00000000
x5: 	0x00000000
x6: 	0x00000000
x7: 	0x00000000
x8: 	0x00000000
x9: 	0x00000000
x10: 	0x00000000
x11: 	0x00000000
x12: 	0x00000000
x13: 	0x00000000
x14: 	0x00000000
x15: 	0x00000000
x16: 	0x00000000
x17: 	0x00000000
x18: 	0x00000000
x19: 	0x00000000
x20: 	0x00000000
x21: 	0x00000000
x22: 	0x00000000
x23: 	0x00000000
x24: 	0x00000000
x25: 	0x00000000
x26: 	0x00000000
x27: 	0x00000000
x28: 	0x00000000
x29: 	0x00000000
x30: 	0x00000000
x31: 	0x00000000

0x000021a0	0x00000000	Unkown Instruction 

All Registers: 
x0: 	0x00000000
x1: 	0x00000000
x2: 	0x00000000
x3: 	0x00000000
x4: 	0x00000000
x5: 	0x00000000
x6: 	0x00000000
x7: 	0x00000000
x8: 	0x00000000
x9: 	0x00000000
x10: 	0x00000000
x11: 	0x00000000
x12: 	0x00000000
x13: 	0x00000000
x14: 	0x00000000
x15: 	0x00000000
x16: 	0x00000000
x17: 	0x00000000
x18: 	0x00000000
x19: 	0x00000000
x20: 	0x00000000
x21: 	0x00000000
x22: 	0x00000000
x23: 	0x00000000
x24: 	0x00000000
x25: 	0x00000000
x26: 	0x00000000
x27: 	0x00000000
x28: 	0x00000000
x29: 	0x00000000
x30: 	0x00000000
x31: 	0x00000000

0x000021a4	0x00000000	Unkown Instruction 

All Registers: 
x0: 	0x00000000
x1: 	0x00000000
x2: 	0x00000000
x3: 	0x00000000
x4: 	0x00000000
x5: 	0x00000000
x6: 	0x00000000
x7: 	0x00000000
x8: 	0x00000000
x9: 	0x00000000
x10: 	0x00000000
x11: 	0x00000000
x12: 	0x00000000
x13: 	0x00000000
x14: 	0x00000000
x15: 	0x00000000
x16: 	0x00000000
x17: 	0x00000000
x18: 	0x00000000
x19: 	0x00000000
x20: 	0x00000000
x21: 	0x00000000
x22: 	0x00000000
x23: 	0x00000000
x24: 	0x00000000
x25: 	0x00000000
x26: 	0x00000000
x27: 	0x00000000
x28: 	0x00000000
x29: 	0x00000000
x30: 	0x00000000
x31: 	0x00000000

0x000021a8	0x00000000	Unkown Instruction 

All Registers: 
x0: 	0x00000000
x1: 	0x00000000
x2: 	0x00000000
x3: 	0x00000000
x4: 	0x00000000
x5: 	0x00000000
x6: 	0x00000000
x7: 	0x00000000
x8: 	0x00000000
x9: 	0x00000000
x10: 	0x00000000
x11: 	0x00000000
x12: 	0x00000000
x13: 	0x00000000
x14: 	0x00000000
x15: 	0x00000000
x16: 	0x00000000
x17: 	0x00000000
x18: 	0x00000000
x19: 	0x00000000
x20: 	0x00000000
x21: 	0x00000000
x22: 	0x00000000
x23: 	0x00000000
x24: 	0x00000000
x25: 	0x00000000
x26: 	0x00000000
x27: 	0x00000000
x28: 	0x00000000
x29: 	0x00000000
x30: 	0x00000000
x31: 	0x00000000

0x000021ac	0x00000000	Unkown Instruction 

All Registers: 
x0: 	0x00000000
x1: 	0x00000000
x2: 	0x00000000
x3: 	0x00000000
x4: 	0x00000000
x5: 	0x00000000
x6: 	0x00000000
x7: 	0x00000000
x8: 	0x00000000
x9: 	0x00000000
x10: 	0x00000000
x11: 	0x00000000
x12: 	0x00000000
x13: 	0x00000000
x14: 	0x00000000
x15: 	0x00000000
x16: 	0x00000000
x17: 	0x00000000
x18: 	0x00000000
x19: 	0x00000000
x20: 	0x00000000
x21: 	0x00000000
x22: 	0x00000000
x23: 	0x00000000
x24: 	0x00000000
x25: 	0x00000000
x26: 	0x00000000
x27: 	0x00000000
x28: 	0x00000000
x29: 	0x00000000
x30: 	0x00000000
x31: 	0x00000000

0x000021b0	0x00000000	Unkown Instruction 

All Registers: 
x0: 	0x00000000
x1: 	0x00000000
x2: 	0x00000000
x3: 	0x00000000
x4: 	0x00000000
x5: 	0x00000000
x6: 	0x00000000
x7: 	0x00000000
x8: 	0x00000000
x9: 	0x00000000
x10: 	0x00000000
x11: 	0x00000000
x12: 	0x00000000
x13: 	0x00000000
x14: 	0x00000000
x15: 	0x00000000
x16: 	0x00000000
x17: 	0x00000000
x18: 	0x00000000
x19: 	0x00000000
x20: 	0x00000000
x21: 	0x00000000
x22: 	0x00000000
x23: 	0x00000000
x24: 	0x00000000
x25: 	0x00000000
x26: 	0x00000000
x27: 	0x00000000
x28: 	0x00000000
x29: 	0x00000000
x30: 	0x00000000
x31: 	0x00000000

0x000021b4	0x00000000	Unkown Instruction 

All Registers: 
x0: 	0x00000000
x1: 	0x00000000
x2: 	0x00000000
x3: 	0x00000000
x4: 	0x00000000
x5: 	0x00000000
x6: 	0x00000000
x7: 	0x00000000
x8: 	0x00000000
x9: 	0x00000000
x10: 	0x00000000
x11: 	0x00000000
x12: 	0x00000000
x13: 	0x00000000
x14: 	0x00000000
x15: 	0x00000000
x16: 	0x00000000
x17: 	0x00000000
x18: 	0x00000000
x19: 	0x00000000
x20: 	0x00000000
x21: 	0x00000000
x22: 	0x00000000
x23: 	0x00000000
x24: 	0x00000000
x25: 	0x00000000
x26: 	0x00000000
x27: 	0x00000000
x28: 	0x00000000
x29: 	0x00000000
x30: 	0x00000000
x31: 	0x00000000

0x000021b8	0x00000000	Unkown Instruction 

All Registers: 
x0: 	0x00000000
x1: 	0x00000000
x2: 	0x00000000
x3: 	0x00000000
x4: 	0x00000000
x5: 	0x00000000
x6: 	0x00000000
x7: 	0x00000000
x8: 	0x00000000
x9: 	0x00000000
x10: 	0x00000000
x11: 	0x00000000
x12: 	0x00000000
x13: 	0x00000000
x14: 	0x00000000
x15: 	0x00000000
x16: 	0x00000000
x17: 	0x00000000
x18: 	0x00000000
x19: 	0x00000000
x20: 	0x00000000
x21: 	0x00000000
x22: 	0x00000000
x23: 	0x00000000
x24: 	0x00000000
x25: 	0x00000000
x26: 	0x00000000
x27: 	0x00000000
x28: 	0x00000000
x29: 	0x00000000
x30: 	0x00000000
x31: 	0x00000000

0x000021bc	0x00000000	Unkown Instruction 

All Registers: 
x0: 	0x00000000
x1: 	0x00000000
x2: 	0x00000000
x3: 	0x00000000
x4: 	0x00000000
x5: 	0x00000000
x6: 	0x00000000
x7: 	0x00000000
x8: 	0x00000000
x9: 	0x00000000
x10: 	0x00000000
x11: 	0x00000000
x12: 	0x00000000
x13: 	0x00000000
x14: 	0x00000000
x15: 	0x00000000
x16: 	0x00000000
x17: 	0x00000000
x18: 	0x00000000
x19: 	0x00000000
x20: 	0x00000000
x21: 	0x00000000
x22: 	0x00000000
x23: 	0x00000000
x24: 	0x00000000
x25: 	0x00000000
x26: 	0x00000000
x27: 	0x00000000
x28: 	0x00000000
x29: 	0x00000000
x30: 	0x00000000
x31: 	0x00000000

0x000021c0	0x00000000	Unkown Instruction 

All Registers: 
x0: 	0x00000000
x1: 	0x00000000
x2: 	0x00000000
x3: 	0x00000000
x4: 	0x00000000
x5: 	0x00000000
x6: 	0x00000000
x7: 	0x00000000
x8: 	0x00000000
x9: 	0x00000000
x10: 	0x00000000
x11: 	0x00000000
x12: 	0x00000000
x13: 	0x00000000
x14: 	0x00000000
x15: 	0x00000000
x16: 	0x00000000
x17: 	0x00000000
x18: 	0x00000000
x19: 	0x00000000
x20: 	0x00000000
x21: 	0x00000000
x22: 	0x00000000
x23: 	0x00000000
x24: 	0x00000000
x25: 	0x00000000
x26: 	0x00000000
x27: 	0x00000000
x28: 	0x00000000
x29: 	0x00000000
x30: 	0x00000000
x31: 	0x00000000

0x000021c4	0x00000000	Unkown Instruction 

All Registers: 
x0: 	0x00000000
x1: 	0x00000000
x2: 	0x00000000
x3: 	0x00000000
x4: 	0x00000000
x5: 	0x00000000
x6: 	0x00000000
x7: 	0x00000000
x8: 	0x00000000
x9: 	0x00000000
x10: 	0x00000000
x11: 	0x00000000
x12: 	0x00000000
x13: 	0x00000000
x14: 	0x00000000
x15: 	0x00000000
x16: 	0x00000000
x17: 	0x00000000
x18: 	0x00000000
x19: 	0x00000000
x20: 	0x00000000
x21: 	0x00000000
x22: 	0x00000000
x23: 	0x00000000
x24: 	0x00000000
x25: 	0x00000000
x26: 	0x00000000
x27: 	0x00000000
x28: 	0x00000000
x29: 	0x00000000
x30: 	0x00000000
x31: 	0x00000000

0x000021c8	0x00000000	Unkown Instruction 

All Registers: 
x0: 	0x00000000
x1: 	0x00000000
x2: 	0x00000000
x3: 	0x00000000
x4: 	0x00000000
x5: 	0x00000000
x6: 	0x00000000
x7: 	0x00000000
x8: 	0x00000000
x9: 	0x00000000
x10: 	0x00000000
x11: 	0x00000000
x12: 	0x00000000
x13: 	0x00000000
x14: 	0x00000000
x15: 	0x00000000
x16: 	0x00000000
x17: 	0x00000000
x18: 	0x00000000
x19: 	0x00000000
x20: 	0x00000000
x21: 	0x00000000
x22: 	0x00000000
x23: 	0x00000000
x24: 	0x00000000
x25: 	0x00000000
x26: 	0x00000000
x27: 	0x00000000
x28: 	0x00000000
x29: 	0x00000000
x30: 	0x00000000
x31: 	0x00000000

0x000021cc	0x00000000	Unkown Instruction 

All Registers: 
x0: 	0x00000000
x1: 	0x00000000
x2: 	0x00000000
x3: 	0x00000000
x4: 	0x00000000
x5: 	0x00000000
x6: 	0x00000000
x7: 	0x00000000
x8: 	0x00000000
x9: 	0x00000000
x10: 	0x00000000
x11: 	0x00000000
x12: 	0x00000000
x13: 	0x00000000
x14: 	0x00000000
x15: 	0x00000000
x16: 	0x00000000
x17: 	0x00000000
x18: 	0x00000000
x19: 	0x00000000
x20: 	0x00000000
x21: 	0x00000000
x22: 	0x00000000
x23: 	0x00000000
x24: 	0x00000000
x25: 	0x00000000
x26: 	0x00000000
x27: 	0x00000000
x28: 	0x00000000
x29: 	0x00000000
x30: 	0x00000000
x31: 	0x00000000

0x000021d0	0x00000000	Unkown Instruction 

All Registers: 
x0: 	0x00000000
x1: 	0x00000000
x2: 	0x00000000
x3: 	0x00000000
x4: 	0x00000000
x5: 	0x00000000
x6: 	0x00000000
x7: 	0x00000000
x8: 	0x00000000
x9: 	0x00000000
x10: 	0x00000000
x11: 	0x00000000
x12: 	0x00000000
x13: 	0x00000000
x14: 	0x00000000
x15: 	0x00000000
x16: 	0x00000000
x17: 	0x00000000
x18: 	0x00000000
x19: 	0x00000000
x20: 	0x00000000
x21: 	0x00000000
x22: 	0x00000000
x23: 	0x00000000
x24: 	0x00000000
x25: 	0x00000000
x26: 	0x00000000
x27: 	0x00000000
x28: 	0x00000000
x29: 	0x00000000
x30: 	0x00000000
x31: 	0x00000000

0x000021d4	0x00000000	Unkown Instruction 

All Registers: 
x0: 	0x00000000
x1: 	0x00000000
x2: 	0x00000000
x3: 	0x00000000
x4: 	0x00000000
x5: 	0x00000000
x6: 	0x00000000
x7: 	0x00000000
x8: 	0x00000000
x9: 	0x00000000
x10: 	0x00000000
x11: 	0x00000000
x12: 	0x00000000
x13: 	0x00000000
x14: 	0x00000000
x15: 	0x00000000
x16: 	0x00000000
x17: 	0x00000000
x18: 	0x00000000
x19: 	0x00000000
x20: 	0x00000000
x21: 	0x00000000
x22: 	0x00000000
x23: 	0x00000000
x24: 	0x00000000
x25: 	0x00000000
x26: 	0x00000000
x27: 	0x00000000
x28: 	0x00000000
x29: 	0x00000000
x30: 	0x00000000
x31: 	0x00000000

0x000021d8	0x00000000	Unkown Instruction 

All Registers: 
x0: 	0x00000000
x1: 	0x00000000
x2: 	0x00000000
x3: 	0x00000000
x4: 	0x00000000
x5: 	0x00000000
x6: 	0x00000000
x7: 	0x00000000
x8: 	0x00000000
x9: 	0x00000000
x10: 	0x00000000
x11: 	0x00000000
x12: 	0x00000000
x13: 	0x00000000
x14: 	0x00000000
x15: 	0x00000000
x16: 	0x00000000
x17: 	0x00000000
x18: 	0x00000000
x19: 	0x00000000
x20: 	0x00000000
x21: 	0x00000000
x22: 	0x00000000
x23: 	0x00000000
x24: 	0x00000000
x25: 	0x00000000
x26: 	0x00000000
x27: 	0x00000000
x28: 	0x00000000
x29: 	0x00000000
x30: 	0x00000000
x31: 	0x00000000

0x000021dc	0x00000000	Unkown Instruction 

All Registers: 
x0: 	0x00000000
x1: 	0x00000000
x2: 	0x00000000
x3: 	0x00000000
x4: 	0x00000000
x5: 	0x00000000
x6: 	0x00000000
x7: 	0x00000000
x8: 	0x00000000
x9: 	0x00000000
x10: 	0x00000000
x11: 	0x00000000
x12: 	0x00000000
x13: 	0x00000000
x14: 	0x00000000
x15: 	0x00000000
x16: 	0x00000000
x17: 	0x00000000
x18: 	0x00000000
x19: 	0x00000000
x20: 	0x00000000
x21: 	0x00000000
x22: 	0x00000000
x23: 	0x00000000
x24: 	0x00000000
x25: 	0x00000000
x26: 	0x00000000
x27: 	0x00000000
x28: 	0x00000000
x29: 	0x00000000
x30: 	0x00000000
x31: 	0x00000000

0x000021e0	0x00000000	Unkown Instruction 

All Registers: 
x0: 	0x00000000
x1: 	0x00000000
x2: 	0x00000000
x3: 	0x00000000
x4: 	0x00000000
x5: 	0x00000000
x6: 	0x00000000
x7: 	0x00000000
x8: 	0x00000000
x9: 	0x00000000
x10: 	0x00000000
x11: 	0x00000000
x12: 	0x00000000
x13: 	0x00000000
x14: 	0x00000000
x15: 	0x00000000
x16: 	0x00000000
x17: 	0x00000000
x18: 	0x00000000
x19: 	0x00000000
x20: 	0x00000000
x21: 	0x00000000
x22: 	0x00000000
x23: 	0x00000000
x24: 	0x00000000
x25: 	0x00000000
x26: 	0x00000000
x27: 	0x00000000
x28: 	0x00000000
x29: 	0x00000000
x30: 	0x00000000
x31: 	0x00000000

0x000021e4	0x00000000	Unkown Instruction 

All Registers: 
x0: 	0x00000000
x1: 	0x00000000
x2: 	0x00000000
x3: 	0x00000000
x4: 	0x00000000
x5: 	0x00000000
x6: 	0x00000000
x7: 	0x00000000
x8: 	0x00000000
x9: 	0x00000000
x10: 	0x00000000
x11: 	0x00000000
x12: 	0x00000000
x13: 	0x00000000
x14: 	0x00000000
x15: 	0x00000000
x16: 	0x00000000
x17: 	0x00000000
x18: 	0x00000000
x19: 	0x00000000
x20: 	0x00000000
x21: 	0x00000000
x22: 	0x00000000
x23: 	0x00000000
x24: 	0x00000000
x25: 	0x00000000
x26: 	0x00000000
x27: 	0x00000000
x28: 	0x00000000
x29: 	0x00000000
x30: 	0x00000000
x31: 	0x00000000

0x000021e8	0x00000000	Unkown Instruction 

All Registers: 
x0: 	0x00000000
x1: 	0x00000000
x2: 	0x00000000
x3: 	0x00000000
x4: 	0x00000000
x5: 	0x00000000
x6: 	0x00000000
x7: 	0x00000000
x8: 	0x00000000
x9: 	0x00000000
x10: 	0x00000000
x11: 	0x00000000
x12: 	0x00000000
x13: 	0x00000000
x14: 	0x00000000
x15: 	0x00000000
x16: 	0x00000000
x17: 	0x00000000
x18: 	0x00000000
x19: 	0x00000000
x20: 	0x00000000
x21: 	0x00000000
x22: 	0x00000000
x23: 	0x00000000
x24: 	0x00000000
x25: 	0x00000000
x26: 	0x00000000
x27: 	0x00000000
x28: 	0x00000000
x29: 	0x00000000
x30: 	0x00000000
x31: 	0x00000000

0x000021ec	0x00000000	Unkown Instruction 

All Registers: 
x0: 	0x00000000
x1: 	0x00000000
x2: 	0x00000000
x3: 	0x00000000
x4: 	0x00000000
x5: 	0x00000000
x6: 	0x00000000
x7: 	0x00000000
x8: 	0x00000000
x9: 	0x00000000
x10: 	0x00000000
x11: 	0x00000000
x12: 	0x00000000
x13: 	0x00000000
x14: 	0x00000000
x15: 	0x00000000
x16: 	0x00000000
x17: 	0x00000000
x18: 	0x00000000
x19: 	0x00000000
x20: 	0x00000000
x21: 	0x00000000
x22: 	0x00000000
x23: 	0x00000000
x24: 	0x00000000
x25: 	0x00000000
x26: 	0x00000000
x27: 	0x00000000
x28: 	0x00000000
x29: 	0x00000000
x30: 	0x00000000
x31: 	0x00000000

0x000021f0	0x00000000	Unkown Instruction 

All Registers: 
x0: 	0x00000000
x1: 	0x00000000
x2: 	0x00000000
x3: 	0x00000000
x4: 	0x00000000
x5: 	0x00000000
x6: 	0x00000000
x7: 	0x00000000
x8: 	0x00000000
x9: 	0x00000000
x10: 	0x00000000
x11: 	0x00000000
x12: 	0x00000000
x13: 	0x00000000
x14: 	0x00000000
x15: 	0x00000000
x16: 	0x00000000
x17: 	0x00000000
x18: 	0x00000000
x19: 	0x00000000
x20: 	0x00000000
x21: 	0x00000000
x22: 	0x00000000
x23: 	0x00000000
x24: 	0x00000000
x25: 	0x00000000
x26: 	0x00000000
x27: 	0x00000000
x28: 	0x00000000
x29: 	0x00000000
x30: 	0x00000000
x31: 	0x00000000

0x000021f4	0x00000000	Unkown Instruction 

All Registers: 
x0: 	0x00000000
x1: 	0x00000000
x2: 	0x00000000
x3: 	0x00000000
x4: 	0x00000000
x5: 	0x00000000
x6: 	0x00000000
x7: 	0x00000000
x8: 	0x00000000
x9: 	0x00000000
x10: 	0x00000000
x11: 	0x00000000
x12: 	0x00000000
x13: 	0x00000000
x14: 	0x00000000
x15: 	0x00000000
x16: 	0x00000000
x17: 	0x00000000
x18: 	0x00000000
x19: 	0x00000000
x20: 	0x00000000
x21: 	0x00000000
x22: 	0x00000000
x23: 	0x00000000
x24: 	0x00000000
x25: 	0x00000000
x26: 	0x00000000
x27: 	0x00000000
x28: 	0x00000000
x29: 	0x00000000
x30: 	0x00000000
x31: 	0x00000000

0x000021f8	0x00000000	Unkown Instruction 

All Registers: 
x0: 	0x00000000
x1: 	0x00000000
x2: 	0x00000000
x3: 	0x00000000
x4: 	0x00000000
x5: 	0x00000000
x6: 	0x00000000
x7: 	0x00000000
x8: 	0x00000000
x9: 	0x00000000
x10: 	0x00000000
x11: 	0x00000000
x12: 	0x00000000
x13: 	0x00000000
x14: 	0x00000000
x15: 	0x00000000
x16: 	0x00000000
x17: 	0x00000000
x18: 	0x00000000
x19: 	0x00000000
x20: 	0x00000000
x21: 	0x00000000
x22: 	0x00000000
x23: 	0x00000000
x24: 	0x00000000
x25: 	0x00000000
x26: 	0x00000000
x27: 	0x00000000
x28: 	0x00000000
x29: 	0x00000000
x30: 	0x00000000
x31: 	0x00000000

0x000021fc	0x00000000	Unkown Instruction 

All Registers: 
x0: 	0x00000000
x1: 	0x00000000
x2: 	0x00000000
x3: 	0x00000000
x4: 	0x00000000
x5: 	0x00000000
x6: 	0x00000000
x7: 	0x00000000
x8: 	0x00000000
x9: 	0x00000000
x10: 	0x00000000
x11: 	0x00000000
x12: 	0x00000000
x13: 	0x00000000
x14: 	0x00000000
x15: 	0x00000000
x16: 	0x00000000
x17: 	0x00000000
x18: 	0x00000000
x19: 	0x00000000
x20: 	0x00000000
x21: 	0x00000000
x22: 	0x00000000
x23: 	0x00000000
x24: 	0x00000000
x25: 	0x00000000
x26: 	0x00000000
x27: 	0x00000000
x28: 	0x00000000
x29: 	0x00000000
x30: 	0x00000000
x31: 	0x00000000

0x00002200	0x00000000	Unkown Instruction 

All Registers: 
x0: 	0x00000000
x1: 	0x00000000
x2: 	0x00000000
x3: 	0x00000000
x4: 	0x00000000
x5: 	0x00000000
x6: 	0x00000000
x7: 	0x00000000
x8: 	0x00000000
x9: 	0x00000000
x10: 	0x00000000
x11: 	0x00000000
x12: 	0x00000000
x13: 	0x00000000
x14: 	0x00000000
x15: 	0x00000000
x16: 	0x00000000
x17: 	0x00000000
x18: 	0x00000000
x19: 	0x00000000
x20: 	0x00000000
x21: 	0x00000000
x22: 	0x00000000
x23: 	0x00000000
x24: 	0x00000000
x25: 	0x00000000
x26: 	0x00000000
x27: 	0x00000000
x28: 	0x00000000
x29: 	0x00000000
x30: 	0x00000000
x31: 	0x00000000

0x00002204	0x00000000	Unkown Instruction 

All Registers: 
x0: 	0x00000000
x1: 	0x00000000
x2: 	0x00000000
x3: 	0x00000000
x4: 	0x00000000
x5: 	0x00000000
x6: 	0x00000000
x7: 	0x00000000
x8: 	0x00000000
x9: 	0x00000000
x10: 	0x00000000
x11: 	0x00000000
x12: 	0x00000000
x13: 	0x00000000
x14: 	0x00000000
x15: 	0x00000000
x16: 	0x00000000
x17: 	0x00000000
x18: 	0x00000000
x19: 	0x00000000
x20: 	0x00000000
x21: 	0x00000000
x22: 	0x00000000
x23: 	0x00000000
x24: 	0x00000000
x25: 	0x00000000
x26: 	0x00000000
x27: 	0x00000000
x28: 	0x00000000
x29: 	0x00000000
x30: 	0x00000000
x31: 	0x00000000

0x00002208	0x00000000	Unkown Instruction 

All Registers: 
x0: 	0x00000000
x1: 	0x00000000
x2: 	0x00000000
x3: 	0x00000000
x4: 	0x00000000
x5: 	0x00000000
x6: 	0x00000000
x7: 	0x00000000
x8: 	0x00000000
x9: 	0x00000000
x10: 	0x00000000
x11: 	0x00000000
x12: 	0x00000000
x13: 	0x00000000
x14: 	0x00000000
x15: 	0x00000000
x16: 	0x00000000
x17: 	0x00000000
x18: 	0x00000000
x19: 	0x00000000
x20: 	0x00000000
x21: 	0x00000000
x22: 	0x00000000
x23: 	0x00000000
x24: 	0x00000000
x25: 	0x00000000
x26: 	0x00000000
x27: 	0x00000000
x28: 	0x00000000
x29: 	0x00000000
x30: 	0x00000000
x31: 	0x00000000

0x0000220c	0x00000000	Unkown Instruction 

All Registers: 
x0: 	0x00000000
x1: 	0x00000000
x2: 	0x00000000
x3: 	0x00000000
x4: 	0x00000000
x5: 	0x00000000
x6: 	0x00000000
x7: 	0x00000000
x8: 	0x00000000
x9: 	0x00000000
x10: 	0x00000000
x11: 	0x00000000
x12: 	0x00000000
x13: 	0x00000000
x14: 	0x00000000
x15: 	0x00000000
x16: 	0x00000000
x17: 	0x00000000
x18: 	0x00000000
x19: 	0x00000000
x20: 	0x00000000
x21: 	0x00000000
x22: 	0x00000000
x23: 	0x00000000
x24: 	0x00000000
x25: 	0x00000000
x26: 	0x00000000
x27: 	0x00000000
x28: 	0x00000000
x29: 	0x00000000
x30: 	0x00000000
x31: 	0x00000000

0x00002210	0x00000000	Unkown Instruction 

All Registers: 
x0: 	0x00000000
x1: 	0x00000000
x2: 	0x00000000
x3: 	0x00000000
x4: 	0x00000000
x5: 	0x00000000
x6: 	0x00000000
x7: 	0x00000000
x8: 	0x00000000
x9: 	0x00000000
x10: 	0x00000000
x11: 	0x00000000
x12: 	0x00000000
x13: 	0x00000000
x14: 	0x00000000
x15: 	0x00000000
x16: 	0x00000000
x17: 	0x00000000
x18: 	0x00000000
x19: 	0x00000000
x20: 	0x00000000
x21: 	0x00000000
x22: 	0x00000000
x23: 	0x00000000
x24: 	0x00000000
x25: 	0x00000000
x26: 	0x00000000
x27: 	0x00000000
x28: 	0x00000000
x29: 	0x00000000
x30: 	0x00000000
x31: 	0x00000000

0x00002214	0x00000000	Unkown Instruction 

All Registers: 
x0: 	0x00000000
x1: 	0x00000000
x2: 	0x00000000
x3: 	0x00000000
x4: 	0x00000000
x5: 	0x00000000
x6: 	0x00000000
x7: 	0x00000000
x8: 	0x00000000
x9: 	0x00000000
x10: 	0x00000000
x11: 	0x00000000
x12: 	0x00000000
x13: 	0x00000000
x14: 	0x00000000
x15: 	0x00000000
x16: 	0x00000000
x17: 	0x00000000
x18: 	0x00000000
x19: 	0x00000000
x20: 	0x00000000
x21: 	0x00000000
x22: 	0x00000000
x23: 	0x00000000
x24: 	0x00000000
x25: 	0x00000000
x26: 	0x00000000
x27: 	0x00000000
x28: 	0x00000000
x29: 	0x00000000
x30: 	0x00000000
x31: 	0x00000000

0x00002218	0x00000000	Unkown Instruction 

All Registers: 
x0: 	0x00000000
x1: 	0x00000000
x2: 	0x00000000
x3: 	0x00000000
x4: 	0x00000000
x5: 	0x00000000
x6: 	0x00000000
x7: 	0x00000000
x8: 	0x00000000
x9: 	0x00000000
x10: 	0x00000000
x11: 	0x00000000
x12: 	0x00000000
x13: 	0x00000000
x14: 	0x00000000
x15: 	0x00000000
x16: 	0x00000000
x17: 	0x00000000
x18: 	0x00000000
x19: 	0x00000000
x20: 	0x00000000
x21: 	0x00000000
x22: 	0x00000000
x23: 	0x00000000
x24: 	0x00000000
x25: 	0x00000000
x26: 	0x00000000
x27: 	0x00000000
x28: 	0x00000000
x29: 	0x00000000
x30: 	0x00000000
x31: 	0x00000000

0x0000221c	0x00000000	Unkown Instruction 

All Registers: 
x0: 	0x00000000
x1: 	0x00000000
x2: 	0x00000000
x3: 	0x00000000
x4: 	0x00000000
x5: 	0x00000000
x6: 	0x00000000
x7: 	0x00000000
x8: 	0x00000000
x9: 	0x00000000
x10: 	0x00000000
x11: 	0x00000000
x12: 	0x00000000
x13: 	0x00000000
x14: 	0x00000000
x15: 	0x00000000
x16: 	0x00000000
x17: 	0x00000000
x18: 	0x00000000
x19: 	0x00000000
x20: 	0x00000000
x21: 	0x00000000
x22: 	0x00000000
x23: 	0x00000000
x24: 	0x00000000
x25: 	0x00000000
x26: 	0x00000000
x27: 	0x00000000
x28: 	0x00000000
x29: 	0x00000000
x30: 	0x00000000
x31: 	0x00000000

0x00002220	0x00000000	Unkown Instruction 

All Registers: 
x0: 	0x00000000
x1: 	0x00000000
x2: 	0x00000000
x3: 	0x00000000
x4: 	0x00000000
x5: 	0x00000000
x6: 	0x00000000
x7: 	0x00000000
x8: 	0x00000000
x9: 	0x00000000
x10: 	0x00000000
x11: 	0x00000000
x12: 	0x00000000
x13: 	0x00000000
x14: 	0x00000000
x15: 	0x00000000
x16: 	0x00000000
x17: 	0x00000000
x18: 	0x00000000
x19: 	0x00000000
x20: 	0x00000000
x21: 	0x00000000
x22: 	0x00000000
x23: 	0x00000000
x24: 	0x00000000
x25: 	0x00000000
x26: 	0x00000000
x27: 	0x00000000
x28: 	0x00000000
x29: 	0x00000000
x30: 	0x00000000
x31: 	0x00000000

0x00002224	0x00000000	Unkown Instruction 

All Registers: 
x0: 	0x00000000
x1: 	0x00000000
x2: 	0x00000000
x3: 	0x00000000
x4: 	0x00000000
x5: 	0x00000000
x6: 	0x00000000
x7: 	0x00000000
x8: 	0x00000000
x9: 	0x00000000
x10: 	0x00000000
x11: 	0x00000000
x12: 	0x00000000
x13: 	0x00000000
x14: 	0x00000000
x15: 	0x00000000
x16: 	0x00000000
x17: 	0x00000000
x18: 	0x00000000
x19: 	0x00000000
x20: 	0x00000000
x21: 	0x00000000
x22: 	0x00000000
x23: 	0x00000000
x24: 	0x00000000
x25: 	0x00000000
x26: 	0x00000000
x27: 	0x00000000
x28: 	0x00000000
x29: 	0x00000000
x30: 	0x00000000
x31: 	0x00000000

0x00002228	0x00000000	Unkown Instruction 

All Registers: 
x0: 	0x00000000
x1: 	0x00000000
x2: 	0x00000000
x3: 	0x00000000
x4: 	0x00000000
x5: 	0x00000000
x6: 	0x00000000
x7: 	0x00000000
x8: 	0x00000000
x9: 	0x00000000
x10: 	0x00000000
x11: 	0x00000000
x12: 	0x00000000
x13: 	0x00000000
x14: 	0x00000000
x15: 	0x00000000
x16: 	0x00000000
x17: 	0x00000000
x18: 	0x00000000
x19: 	0x00000000
x20: 	0x00000000
x21: 	0x00000000
x22: 	0x00000000
x23: 	0x00000000
x24: 	0x00000000
x25: 	0x00000000
x26: 	0x00000000
x27: 	0x00000000
x28: 	0x00000000
x29: 	0x00000000
x30: 	0x00000000
x31: 	0x00000000

0x0000222c	0x00000000	Unkown Instruction 

All Registers: 
x0: 	0x00000000
x1: 	0x00000000
x2: 	0x00000000
x3: 	0x00000000
x4: 	0x00000000
x5: 	0x00000000
x6: 	0x00000000
x7: 	0x00000000
x8: 	0x00000000
x9: 	0x00000000
x10: 	0x00000000
x11: 	0x00000000
x12: 	0x00000000
x13: 	0x00000000
x14: 	0x00000000
x15: 	0x00000000
x16: 	0x00000000
x17: 	0x00000000
x18: 	0x00000000
x19: 	0x00000000
x20: 	0x00000000
x21: 	0x00000000
x22: 	0x00000000
x23: 	0x00000000
x24: 	0x00000000
x25: 	0x00000000
x26: 	0x00000000
x27: 	0x00000000
x28: 	0x00000000
x29: 	0x00000000
x30: 	0x00000000
x31: 	0x00000000

0x00002230	0x00000000	Unkown Instruction 

All Registers: 
x0: 	0x00000000
x1: 	0x00000000
x2: 	0x00000000
x3: 	0x00000000
x4: 	0x00000000
x5: 	0x00000000
x6: 	0x00000000
x7: 	0x00000000
x8: 	0x00000000
x9: 	0x00000000
x10: 	0x00000000
x11: 	0x00000000
x12: 	0x00000000
x13: 	0x00000000
x14: 	0x00000000
x15: 	0x00000000
x16: 	0x00000000
x17: 	0x00000000
x18: 	0x00000000
x19: 	0x00000000
x20: 	0x00000000
x21: 	0x00000000
x22: 	0x00000000
x23: 	0x00000000
x24: 	0x00000000
x25: 	0x00000000
x26: 	0x00000000
x27: 	0x00000000
x28: 	0x00000000
x29: 	0x00000000
x30: 	0x00000000
x31: 	0x00000000

0x00002234	0x00000000	Unkown Instruction 

All Registers: 
x0: 	0x00000000
x1: 	0x00000000
x2: 	0x00000000
x3: 	0x00000000
x4: 	0x00000000
x5: 	0x00000000
x6: 	0x00000000
x7: 	0x00000000
x8: 	0x00000000
x9: 	0x00000000
x10: 	0x00000000
x11: 	0x00000000
x12: 	0x00000000
x13: 	0x00000000
x14: 	0x00000000
x15: 	0x00000000
x16: 	0x00000000
x17: 	0x00000000
x18: 	0x00000000
x19: 	0x00000000
x20: 	0x00000000
x21: 	0x00000000
x22: 	0x00000000
x23: 	0x00000000
x24: 	0x00000000
x25: 	0x00000000
x26: 	0x00000000
x27: 	0x00000000
x28: 	0x00000000
x29: 	0x00000000
x30: 	0x00000000
x31: 	0x00000000

0x00002238	0x00000000	Unkown Instruction 

All Registers: 
x0: 	0x00000000
x1: 	0x00000000
x2: 	0x00000000
x3: 	0x00000000
x4: 	0x00000000
x5: 	0x00000000
x6: 	0x00000000
x7: 	0x00000000
x8: 	0x00000000
x9: 	0x00000000
x10: 	0x00000000
x11: 	0x00000000
x12: 	0x00000000
x13: 	0x00000000
x14: 	0x00000000
x15: 	0x00000000
x16: 	0x00000000
x17: 	0x00000000
x18: 	0x00000000
x19: 	0x00000000
x20: 	0x00000000
x21: 	0x00000000
x22: 	0x00000000
x23: 	0x00000000
x24: 	0x00000000
x25: 	0x00000000
x26: 	0x00000000
x27: 	0x00000000
x28: 	0x00000000
x29: 	0x00000000
x30: 	0x00000000
x31: 	0x00000000

0x0000223c	0x00000000	Unkown Instruction 

All Registers: 
x0: 	0x00000000
x1: 	0x00000000
x2: 	0x00000000
x3: 	0x00000000
x4: 	0x00000000
x5: 	0x00000000
x6: 	0x00000000
x7: 	0x00000000
x8: 	0x00000000
x9: 	0x00000000
x10: 	0x00000000
x11: 	0x00000000
x12: 	0x00000000
x13: 	0x00000000
x14: 	0x00000000
x15: 	0x00000000
x16: 	0x00000000
x17: 	0x00000000
x18: 	0x00000000
x19: 	0x00000000
x20: 	0x00000000
x21: 	0x00000000
x22: 	0x00000000
x23: 	0x00000000
x24: 	0x00000000
x25: 	0x00000000
x26: 	0x00000000
x27: 	0x00000000
x28: 	0x00000000
x29: 	0x00000000
x30: 	0x00000000
x31: 	0x00000000

0x00002240	0x00000000	Unkown Instruction 

All Registers: 
x0: 	0x00000000
x1: 	0x00000000
x2: 	0x00000000
x3: 	0x00000000
x4: 	0x00000000
x5: 	0x00000000
x6: 	0x00000000
x7: 	0x00000000
x8: 	0x00000000
x9: 	0x00000000
x10: 	0x00000000
x11: 	0x00000000
x12: 	0x00000000
x13: 	0x00000000
x14: 	0x00000000
x15: 	0x00000000
x16: 	0x00000000
x17: 	0x00000000
x18: 	0x00000000
x19: 	0x00000000
x20: 	0x00000000
x21: 	0x00000000
x22: 	0x00000000
x23: 	0x00000000
x24: 	0x00000000
x25: 	0x00000000
x26: 	0x00000000
x27: 	0x00000000
x28: 	0x00000000
x29: 	0x00000000
x30: 	0x00000000
x31: 	0x00000000

0x00002244	0x00000000	Unkown Instruction 

All Registers: 
x0: 	0x00000000
x1: 	0x00000000
x2: 	0x00000000
x3: 	0x00000000
x4: 	0x00000000
x5: 	0x00000000
x6: 	0x00000000
x7: 	0x00000000
x8: 	0x00000000
x9: 	0x00000000
x10: 	0x00000000
x11: 	0x00000000
x12: 	0x00000000
x13: 	0x00000000
x14: 	0x00000000
x15: 	0x00000000
x16: 	0x00000000
x17: 	0x00000000
x18: 	0x00000000
x19: 	0x00000000
x20: 	0x00000000
x21: 	0x00000000
x22: 	0x00000000
x23: 	0x00000000
x24: 	0x00000000
x25: 	0x00000000
x26: 	0x00000000
x27: 	0x00000000
x28: 	0x00000000
x29: 	0x00000000
x30: 	0x00000000
x31: 	0x00000000

0x00002248	0x00000000	Unkown Instruction 

All Registers: 
x0: 	0x00000000
x1: 	0x00000000
x2: 	0x00000000
x3: 	0x00000000
x4: 	0x00000000
x5: 	0x00000000
x6: 	0x00000000
x7: 	0x00000000
x8: 	0x00000000
x9: 	0x00000000
x10: 	0x00000000
x11: 	0x00000000
x12: 	0x00000000
x13: 	0x00000000
x14: 	0x00000000
x15: 	0x00000000
x16: 	0x00000000
x17: 	0x00000000
x18: 	0x00000000
x19: 	0x00000000
x20: 	0x00000000
x21: 	0x00000000
x22: 	0x00000000
x23: 	0x00000000
x24: 	0x00000000
x25: 	0x00000000
x26: 	0x00000000
x27: 	0x00000000
x28: 	0x00000000
x29: 	0x00000000
x30: 	0x00000000
x31: 	0x00000000

0x0000224c	0x00000000	Unkown Instruction 

All Registers: 
x0: 	0x00000000
x1: 	0x00000000
x2: 	0x00000000
x3: 	0x00000000
x4: 	0x00000000
x5: 	0x00000000
x6: 	0x00000000
x7: 	0x00000000
x8: 	0x00000000
x9: 	0x00000000
x10: 	0x00000000
x11: 	0x00000000
x12: 	0x00000000
x13: 	0x00000000
x14: 	0x00000000
x15: 	0x00000000
x16: 	0x00000000
x17: 	0x00000000
x18: 	0x00000000
x19: 	0x00000000
x20: 	0x00000000
x21: 	0x00000000
x22: 	0x00000000
x23: 	0x00000000
x24: 	0x00000000
x25: 	0x00000000
x26: 	0x00000000
x27: 	0x00000000
x28: 	0x00000000
x29: 	0x00000000
x30: 	0x00000000
x31: 	0x00000000

0x00002250	0x00000000	Unkown Instruction 

All Registers: 
x0: 	0x00000000
x1: 	0x00000000
x2: 	0x00000000
x3: 	0x00000000
x4: 	0x00000000
x5: 	0x00000000
x6: 	0x00000000
x7: 	0x00000000
x8: 	0x00000000
x9: 	0x00000000
x10: 	0x00000000
x11: 	0x00000000
x12: 	0x00000000
x13: 	0x00000000
x14: 	0x00000000
x15: 	0x00000000
x16: 	0x00000000
x17: 	0x00000000
x18: 	0x00000000
x19: 	0x00000000
x20: 	0x00000000
x21: 	0x00000000
x22: 	0x00000000
x23: 	0x00000000
x24: 	0x00000000
x25: 	0x00000000
x26: 	0x00000000
x27: 	0x00000000
x28: 	0x00000000
x29: 	0x00000000
x30: 	0x00000000
x31: 	0x00000000

0x00002254	0x00000000	Unkown Instruction 

All Registers: 
x0: 	0x00000000
x1: 	0x00000000
x2: 	0x00000000
x3: 	0x00000000
x4: 	0x00000000
x5: 	0x00000000
x6: 	0x00000000
x7: 	0x00000000
x8: 	0x00000000
x9: 	0x00000000
x10: 	0x00000000
x11: 	0x00000000
x12: 	0x00000000
x13: 	0x00000000
x14: 	0x00000000
x15: 	0x00000000
x16: 	0x00000000
x17: 	0x00000000
x18: 	0x00000000
x19: 	0x00000000
x20: 	0x00000000
x21: 	0x00000000
x22: 	0x00000000
x23: 	0x00000000
x24: 	0x00000000
x25: 	0x00000000
x26: 	0x00000000
x27: 	0x00000000
x28: 	0x00000000
x29: 	0x00000000
x30: 	0x00000000
x31: 	0x00000000

0x00002258	0x00000000	Unkown Instruction 

All Registers: 
x0: 	0x00000000
x1: 	0x00000000
x2: 	0x00000000
x3: 	0x00000000
x4: 	0x00000000
x5: 	0x00000000
x6: 	0x00000000
x7: 	0x00000000
x8: 	0x00000000
x9: 	0x00000000
x10: 	0x00000000
x11: 	0x00000000
x12: 	0x00000000
x13: 	0x00000000
x14: 	0x00000000
x15: 	0x00000000
x16: 	0x00000000
x17: 	0x00000000
x18: 	0x00000000
x19: 	0x00000000
x20: 	0x00000000
x21: 	0x00000000
x22: 	0x00000000
x23: 	0x00000000
x24: 	0x00000000
x25: 	0x00000000
x26: 	0x00000000
x27: 	0x00000000
x28: 	0x00000000
x29: 	0x00000000
x30: 	0x00000000
x31: 	0x00000000

0x0000225c	0x00000000	Unkown Instruction 

All Registers: 
x0: 	0x00000000
x1: 	0x00000000
x2: 	0x00000000
x3: 	0x00000000
x4: 	0x00000000
x5: 	0x00000000
x6: 	0x00000000
x7: 	0x00000000
x8: 	0x00000000
x9: 	0x00000000
x10: 	0x00000000
x11: 	0x00000000
x12: 	0x00000000
x13: 	0x00000000
x14: 	0x00000000
x15: 	0x00000000
x16: 	0x00000000
x17: 	0x00000000
x18: 	0x00000000
x19: 	0x00000000
x20: 	0x00000000
x21: 	0x00000000
x22: 	0x00000000
x23: 	0x00000000
x24: 	0x00000000
x25: 	0x00000000
x26: 	0x00000000
x27: 	0x00000000
x28: 	0x00000000
x29: 	0x00000000
x30: 	0x00000000
x31: 	0x00000000

0x00002260	0x00000000	Unkown Instruction 

All Registers: 
x0: 	0x00000000
x1: 	0x00000000
x2: 	0x00000000
x3: 	0x00000000
x4: 	0x00000000
x5: 	0x00000000
x6: 	0x00000000
x7: 	0x00000000
x8: 	0x00000000
x9: 	0x00000000
x10: 	0x00000000
x11: 	0x00000000
x12: 	0x00000000
x13: 	0x00000000
x14: 	0x00000000
x15: 	0x00000000
x16: 	0x00000000
x17: 	0x00000000
x18: 	0x00000000
x19: 	0x00000000
x20: 	0x00000000
x21: 	0x00000000
x22: 	0x00000000
x23: 	0x00000000
x24: 	0x00000000
x25: 	0x00000000
x26: 	0x00000000
x27: 	0x00000000
x28: 	0x00000000
x29: 	0x00000000
x30: 	0x00000000
x31: 	0x00000000

0x00002264	0x00000000	Unkown Instruction 

All Registers: 
x0: 	0x00000000
x1: 	0x00000000
x2: 	0x00000000
x3: 	0x00000000
x4: 	0x00000000
x5: 	0x00000000
x6: 	0x00000000
x7: 	0x00000000
x8: 	0x00000000
x9: 	0x00000000
x10: 	0x00000000
x11: 	0x00000000
x12: 	0x00000000
x13: 	0x00000000
x14: 	0x00000000
x15: 	0x00000000
x16: 	0x00000000
x17: 	0x00000000
x18: 	0x00000000
x19: 	0x00000000
x20: 	0x00000000
x21: 	0x00000000
x22: 	0x00000000
x23: 	0x00000000
x24: 	0x00000000
x25: 	0x00000000
x26: 	0x00000000
x27: 	0x00000000
x28: 	0x00000000
x29: 	0x00000000
x30: 	0x00000000
x31: 	0x00000000

0x00002268	0x00000000	Unkown Instruction 

All Registers: 
x0: 	0x00000000
x1: 	0x00000000
x2: 	0x00000000
x3: 	0x00000000
x4: 	0x00000000
x5: 	0x00000000
x6: 	0x00000000
x7: 	0x00000000
x8: 	0x00000000
x9: 	0x00000000
x10: 	0x00000000
x11: 	0x00000000
x12: 	0x00000000
x13: 	0x00000000
x14: 	0x00000000
x15: 	0x00000000
x16: 	0x00000000
x17: 	0x00000000
x18: 	0x00000000
x19: 	0x00000000
x20: 	0x00000000
x21: 	0x00000000
x22: 	0x00000000
x23: 	0x00000000
x24: 	0x00000000
x25: 	0x00000000
x26: 	0x00000000
x27: 	0x00000000
x28: 	0x00000000
x29: 	0x00000000
x30: 	0x00000000
x31: 	0x00000000

0x0000226c	0x00000000	Unkown Instruction 

All Registers: 
x0: 	0x00000000
x1: 	0x00000000
x2: 	0x00000000
x3: 	0x00000000
x4: 	0x00000000
x5: 	0x00000000
x6: 	0x00000000
x7: 	0x00000000
x8: 	0x00000000
x9: 	0x00000000
x10: 	0x00000000
x11: 	0x00000000
x12: 	0x00000000
x13: 	0x00000000
x14: 	0x00000000
x15: 	0x00000000
x16: 	0x00000000
x17: 	0x00000000
x18: 	0x00000000
x19: 	0x00000000
x20: 	0x00000000
x21: 	0x00000000
x22: 	0x00000000
x23: 	0x00000000
x24: 	0x00000000
x25: 	0x00000000
x26: 	0x00000000
x27: 	0x00000000
x28: 	0x00000000
x29: 	0x00000000
x30: 	0x00000000
x31: 	0x00000000

0x00002270	0x00000000	Unkown Instruction 

All Registers: 
x0: 	0x00000000
x1: 	0x00000000
x2: 	0x00000000
x3: 	0x00000000
x4: 	0x00000000
x5: 	0x00000000
x6: 	0x00000000
x7: 	0x00000000
x8: 	0x00000000
x9: 	0x00000000
x10: 	0x00000000
x11: 	0x00000000
x12: 	0x00000000
x13: 	0x00000000
x14: 	0x00000000
x15: 	0x00000000
x16: 	0x00000000
x17: 	0x00000000
x18: 	0x00000000
x19: 	0x00000000
x20: 	0x00000000
x21: 	0x00000000
x22: 	0x00000000
x23: 	0x00000000
x24: 	0x00000000
x25: 	0x00000000
x26: 	0x00000000
x27: 	0x00000000
x28: 	0x00000000
x29: 	0x00000000
x30: 	0x00000000
x31: 	0x00000000

0x00002274	0x00000000	Unkown Instruction 

All Registers: 
x0: 	0x00000000
x1: 	0x00000000
x2: 	0x00000000
x3: 	0x00000000
x4: 	0x00000000
x5: 	0x00000000
x6: 	0x00000000
x7: 	0x00000000
x8: 	0x00000000
x9: 	0x00000000
x10: 	0x00000000
x11: 	0x00000000
x12: 	0x00000000
x13: 	0x00000000
x14: 	0x00000000
x15: 	0x00000000
x16: 	0x00000000
x17: 	0x00000000
x18: 	0x00000000
x19: 	0x00000000
x20: 	0x00000000
x21: 	0x00000000
x22: 	0x00000000
x23: 	0x00000000
x24: 	0x00000000
x25: 	0x00000000
x26: 	0x00000000
x27: 	0x00000000
x28: 	0x00000000
x29: 	0x00000000
x30: 	0x00000000
x31: 	0x00000000

0x00002278	0x00000000	Unkown Instruction 

All Registers: 
x0: 	0x00000000
x1: 	0x00000000
x2: 	0x00000000
x3: 	0x00000000
x4: 	0x00000000
x5: 	0x00000000
x6: 	0x00000000
x7: 	0x00000000
x8: 	0x00000000
x9: 	0x00000000
x10: 	0x00000000
x11: 	0x00000000
x12: 	0x00000000
x13: 	0x00000000
x14: 	0x00000000
x15: 	0x00000000
x16: 	0x00000000
x17: 	0x00000000
x18: 	0x00000000
x19: 	0x00000000
x20: 	0x00000000
x21: 	0x00000000
x22: 	0x00000000
x23: 	0x00000000
x24: 	0x00000000
x25: 	0x00000000
x26: 	0x00000000
x27: 	0x00000000
x28: 	0x00000000
x29: 	0x00000000
x30: 	0x00000000
x31: 	0x00000000

0x0000227c	0x00000000	Unkown Instruction 

All Registers: 
x0: 	0x00000000
x1: 	0x00000000
x2: 	0x00000000
x3: 	0x00000000
x4: 	0x00000000
x5: 	0x00000000
x6: 	0x00000000
x7: 	0x00000000
x8: 	0x00000000
x9: 	0x00000000
x10: 	0x00000000
x11: 	0x00000000
x12: 	0x00000000
x13: 	0x00000000
x14: 	0x00000000
x15: 	0x00000000
x16: 	0x00000000
x17: 	0x00000000
x18: 	0x00000000
x19: 	0x00000000
x20: 	0x00000000
x21: 	0x00000000
x22: 	0x00000000
x23: 	0x00000000
x24: 	0x00000000
x25: 	0x00000000
x26: 	0x00000000
x27: 	0x00000000
x28: 	0x00000000
x29: 	0x00000000
x30: 	0x00000000
x31: 	0x00000000

0x00002280	0x00000000	Unkown Instruction 

All Registers: 
x0: 	0x00000000
x1: 	0x00000000
x2: 	0x00000000
x3: 	0x00000000
x4: 	0x00000000
x5: 	0x00000000
x6: 	0x00000000
x7: 	0x00000000
x8: 	0x00000000
x9: 	0x00000000
x10: 	0x00000000
x11: 	0x00000000
x12: 	0x00000000
x13: 	0x00000000
x14: 	0x00000000
x15: 	0x00000000
x16: 	0x00000000
x17: 	0x00000000
x18: 	0x00000000
x19: 	0x00000000
x20: 	0x00000000
x21: 	0x00000000
x22: 	0x00000000
x23: 	0x00000000
x24: 	0x00000000
x25: 	0x00000000
x26: 	0x00000000
x27: 	0x00000000
x28: 	0x00000000
x29: 	0x00000000
x30: 	0x00000000
x31: 	0x00000000

0x00002284	0x00000000	Unkown Instruction 

All Registers: 
x0: 	0x00000000
x1: 	0x00000000
x2: 	0x00000000
x3: 	0x00000000
x4: 	0x00000000
x5: 	0x00000000
x6: 	0x00000000
x7: 	0x00000000
x8: 	0x00000000
x9: 	0x00000000
x10: 	0x00000000
x11: 	0x00000000
x12: 	0x00000000
x13: 	0x00000000
x14: 	0x00000000
x15: 	0x00000000
x16: 	0x00000000
x17: 	0x00000000
x18: 	0x00000000
x19: 	0x00000000
x20: 	0x00000000
x21: 	0x00000000
x22: 	0x00000000
x23: 	0x00000000
x24: 	0x00000000
x25: 	0x00000000
x26: 	0x00000000
x27: 	0x00000000
x28: 	0x00000000
x29: 	0x00000000
x30: 	0x00000000
x31: 	0x00000000

0x00002288	0x00000000	Unkown Instruction 

All Registers: 
x0: 	0x00000000
x1: 	0x00000000
x2: 	0x00000000
x3: 	0x00000000
x4: 	0x00000000
x5: 	0x00000000
x6: 	0x00000000
x7: 	0x00000000
x8: 	0x00000000
x9: 	0x00000000
x10: 	0x00000000
x11: 	0x00000000
x12: 	0x00000000
x13: 	0x00000000
x14: 	0x00000000
x15: 	0x00000000
x16: 	0x00000000
x17: 	0x00000000
x18: 	0x00000000
x19: 	0x00000000
x20: 	0x00000000
x21: 	0x00000000
x22: 	0x00000000
x23: 	0x00000000
x24: 	0x00000000
x25: 	0x00000000
x26: 	0x00000000
x27: 	0x00000000
x28: 	0x00000000
x29: 	0x00000000
x30: 	0x00000000
x31: 	0x00000000

0x0000228c	0x00000000	Unkown Instruction 

All Registers: 
x0: 	0x00000000
x1: 	0x00000000
x2: 	0x00000000
x3: 	0x00000000
x4: 	0x00000000
x5: 	0x00000000
x6: 	0x00000000
x7: 	0x00000000
x8: 	0x00000000
x9: 	0x00000000
x10: 	0x00000000
x11: 	0x00000000
x12: 	0x00000000
x13: 	0x00000000
x14: 	0x00000000
x15: 	0x00000000
x16: 	0x00000000
x17: 	0x00000000
x18: 	0x00000000
x19: 	0x00000000
x20: 	0x00000000
x21: 	0x00000000
x22: 	0x00000000
x23: 	0x00000000
x24: 	0x00000000
x25: 	0x00000000
x26: 	0x00000000
x27: 	0x00000000
x28: 	0x00000000
x29: 	0x00000000
x30: 	0x00000000
x31: 	0x00000000

0x00002290	0x00000000	Unkown Instruction 

All Registers: 
x0: 	0x00000000
x1: 	0x00000000
x2: 	0x00000000
x3: 	0x00000000
x4: 	0x00000000
x5: 	0x00000000
x6: 	0x00000000
x7: 	0x00000000
x8: 	0x00000000
x9: 	0x00000000
x10: 	0x00000000
x11: 	0x00000000
x12: 	0x00000000
x13: 	0x00000000
x14: 	0x00000000
x15: 	0x00000000
x16: 	0x00000000
x17: 	0x00000000
x18: 	0x00000000
x19: 	0x00000000
x20: 	0x00000000
x21: 	0x00000000
x22: 	0x00000000
x23: 	0x00000000
x24: 	0x00000000
x25: 	0x00000000
x26: 	0x00000000
x27: 	0x00000000
x28: 	0x00000000
x29: 	0x00000000
x30: 	0x00000000
x31: 	0x00000000

0x00002294	0x00000000	Unkown Instruction 

All Registers: 
x0: 	0x00000000
x1: 	0x00000000
x2: 	0x00000000
x3: 	0x00000000
x4: 	0x00000000
x5: 	0x00000000
x6: 	0x00000000
x7: 	0x00000000
x8: 	0x00000000
x9: 	0x00000000
x10: 	0x00000000
x11: 	0x00000000
x12: 	0x00000000
x13: 	0x00000000
x14: 	0x00000000
x15: 	0x00000000
x16: 	0x00000000
x17: 	0x00000000
x18: 	0x00000000
x19: 	0x00000000
x20: 	0x00000000
x21: 	0x00000000
x22: 	0x00000000
x23: 	0x00000000
x24: 	0x00000000
x25: 	0x00000000
x26: 	0x00000000
x27: 	0x00000000
x28: 	0x00000000
x29: 	0x00000000
x30: 	0x00000000
x31: 	0x00000000

0x00002298	0x00000000	Unkown Instruction 

All Registers: 
x0: 	0x00000000
x1: 	0x00000000
x2: 	0x00000000
x3: 	0x00000000
x4: 	0x00000000
x5: 	0x00000000
x6: 	0x00000000
x7: 	0x00000000
x8: 	0x00000000
x9: 	0x00000000
x10: 	0x00000000
x11: 	0x00000000
x12: 	0x00000000
x13: 	0x00000000
x14: 	0x00000000
x15: 	0x00000000
x16: 	0x00000000
x17: 	0x00000000
x18: 	0x00000000
x19: 	0x00000000
x20: 	0x00000000
x21: 	0x00000000
x22: 	0x00000000
x23: 	0x00000000
x24: 	0x00000000
x25: 	0x00000000
x26: 	0x00000000
x27: 	0x00000000
x28: 	0x00000000
x29: 	0x00000000
x30: 	0x00000000
x31: 	0x00000000

0x0000229c	0x00000000	Unkown Instruction 

All Registers: 
x0: 	0x00000000
x1: 	0x00000000
x2: 	0x00000000
x3: 	0x00000000
x4: 	0x00000000
x5: 	0x00000000
x6: 	0x00000000
x7: 	0x00000000
x8: 	0x00000000
x9: 	0x00000000
x10: 	0x00000000
x11: 	0x00000000
x12: 	0x00000000
x13: 	0x00000000
x14: 	0x00000000
x15: 	0x00000000
x16: 	0x00000000
x17: 	0x00000000
x18: 	0x00000000
x19: 	0x00000000
x20: 	0x00000000
x21: 	0x00000000
x22: 	0x00000000
x23: 	0x00000000
x24: 	0x00000000
x25: 	0x00000000
x26: 	0x00000000
x27: 	0x00000000
x28: 	0x00000000
x29: 	0x00000000
x30: 	0x00000000
x31: 	0x00000000

0x000022a0	0x00000000	Unkown Instruction 

All Registers: 
x0: 	0x00000000
x1: 	0x00000000
x2: 	0x00000000
x3: 	0x00000000
x4: 	0x00000000
x5: 	0x00000000
x6: 	0x00000000
x7: 	0x00000000
x8: 	0x00000000
x9: 	0x00000000
x10: 	0x00000000
x11: 	0x00000000
x12: 	0x00000000
x13: 	0x00000000
x14: 	0x00000000
x15: 	0x00000000
x16: 	0x00000000
x17: 	0x00000000
x18: 	0x00000000
x19: 	0x00000000
x20: 	0x00000000
x21: 	0x00000000
x22: 	0x00000000
x23: 	0x00000000
x24: 	0x00000000
x25: 	0x00000000
x26: 	0x00000000
x27: 	0x00000000
x28: 	0x00000000
x29: 	0x00000000
x30: 	0x00000000
x31: 	0x00000000

0x000022a4	0x00000000	Unkown Instruction 

All Registers: 
x0: 	0x00000000
x1: 	0x00000000
x2: 	0x00000000
x3: 	0x00000000
x4: 	0x00000000
x5: 	0x00000000
x6: 	0x00000000
x7: 	0x00000000
x8: 	0x00000000
x9: 	0x00000000
x10: 	0x00000000
x11: 	0x00000000
x12: 	0x00000000
x13: 	0x00000000
x14: 	0x00000000
x15: 	0x00000000
x16: 	0x00000000
x17: 	0x00000000
x18: 	0x00000000
x19: 	0x00000000
x20: 	0x00000000
x21: 	0x00000000
x22: 	0x00000000
x23: 	0x00000000
x24: 	0x00000000
x25: 	0x00000000
x26: 	0x00000000
x27: 	0x00000000
x28: 	0x00000000
x29: 	0x00000000
x30: 	0x00000000
x31: 	0x00000000

0x000022a8	0x00000000	Unkown Instruction 

All Registers: 
x0: 	0x00000000
x1: 	0x00000000
x2: 	0x00000000
x3: 	0x00000000
x4: 	0x00000000
x5: 	0x00000000
x6: 	0x00000000
x7: 	0x00000000
x8: 	0x00000000
x9: 	0x00000000
x10: 	0x00000000
x11: 	0x00000000
x12: 	0x00000000
x13: 	0x00000000
x14: 	0x00000000
x15: 	0x00000000
x16: 	0x00000000
x17: 	0x00000000
x18: 	0x00000000
x19: 	0x00000000
x20: 	0x00000000
x21: 	0x00000000
x22: 	0x00000000
x23: 	0x00000000
x24: 	0x00000000
x25: 	0x00000000
x26: 	0x00000000
x27: 	0x00000000
x28: 	0x00000000
x29: 	0x00000000
x30: 	0x00000000
x31: 	0x00000000

0x000022ac	0x00000000	Unkown Instruction 

All Registers: 
x0: 	0x00000000
x1: 	0x00000000
x2: 	0x00000000
x3: 	0x00000000
x4: 	0x00000000
x5: 	0x00000000
x6: 	0x00000000
x7: 	0x00000000
x8: 	0x00000000
x9: 	0x00000000
x10: 	0x00000000
x11: 	0x00000000
x12: 	0x00000000
x13: 	0x00000000
x14: 	0x00000000
x15: 	0x00000000
x16: 	0x00000000
x17: 	0x00000000
x18: 	0x00000000
x19: 	0x00000000
x20: 	0x00000000
x21: 	0x00000000
x22: 	0x00000000
x23: 	0x00000000
x24: 	0x00000000
x25: 	0x00000000
x26: 	0x00000000
x27: 	0x00000000
x28: 	0x00000000
x29: 	0x00000000
x30: 	0x00000000
x31: 	0x00000000

0x000022b0	0x00000000	Unkown Instruction 

All Registers: 
x0: 	0x00000000
x1: 	0x00000000
x2: 	0x00000000
x3: 	0x00000000
x4: 	0x00000000
x5: 	0x00000000
x6: 	0x00000000
x7: 	0x00000000
x8: 	0x00000000
x9: 	0x00000000
x10: 	0x00000000
x11: 	0x00000000
x12: 	0x00000000
x13: 	0x00000000
x14: 	0x00000000
x15: 	0x00000000
x16: 	0x00000000
x17: 	0x00000000
x18: 	0x00000000
x19: 	0x00000000
x20: 	0x00000000
x21: 	0x00000000
x22: 	0x00000000
x23: 	0x00000000
x24: 	0x00000000
x25: 	0x00000000
x26: 	0x00000000
x27: 	0x00000000
x28: 	0x00000000
x29: 	0x00000000
x30: 	0x00000000
x31: 	0x00000000

0x000022b4	0x00000000	Unkown Instruction 

All Registers: 
x0: 	0x00000000
x1: 	0x00000000
x2: 	0x00000000
x3: 	0x00000000
x4: 	0x00000000
x5: 	0x00000000
x6: 	0x00000000
x7: 	0x00000000
x8: 	0x00000000
x9: 	0x00000000
x10: 	0x00000000
x11: 	0x00000000
x12: 	0x00000000
x13: 	0x00000000
x14: 	0x00000000
x15: 	0x00000000
x16: 	0x00000000
x17: 	0x00000000
x18: 	0x00000000
x19: 	0x00000000
x20: 	0x00000000
x21: 	0x00000000
x22: 	0x00000000
x23: 	0x00000000
x24: 	0x00000000
x25: 	0x00000000
x26: 	0x00000000
x27: 	0x00000000
x28: 	0x00000000
x29: 	0x00000000
x30: 	0x00000000
x31: 	0x00000000

0x000022b8	0x00000000	Unkown Instruction 

All Registers: 
x0: 	0x00000000
x1: 	0x00000000
x2: 	0x00000000
x3: 	0x00000000
x4: 	0x00000000
x5: 	0x00000000
x6: 	0x00000000
x7: 	0x00000000
x8: 	0x00000000
x9: 	0x00000000
x10: 	0x00000000
x11: 	0x00000000
x12: 	0x00000000
x13: 	0x00000000
x14: 	0x00000000
x15: 	0x00000000
x16: 	0x00000000
x17: 	0x00000000
x18: 	0x00000000
x19: 	0x00000000
x20: 	0x00000000
x21: 	0x00000000
x22: 	0x00000000
x23: 	0x00000000
x24: 	0x00000000
x25: 	0x00000000
x26: 	0x00000000
x27: 	0x00000000
x28: 	0x00000000
x29: 	0x00000000
x30: 	0x00000000
x31: 	0x00000000

0x000022bc	0x00000000	Unkown Instruction 

All Registers: 
x0: 	0x00000000
x1: 	0x00000000
x2: 	0x00000000
x3: 	0x00000000
x4: 	0x00000000
x5: 	0x00000000
x6: 	0x00000000
x7: 	0x00000000
x8: 	0x00000000
x9: 	0x00000000
x10: 	0x00000000
x11: 	0x00000000
x12: 	0x00000000
x13: 	0x00000000
x14: 	0x00000000
x15: 	0x00000000
x16: 	0x00000000
x17: 	0x00000000
x18: 	0x00000000
x19: 	0x00000000
x20: 	0x00000000
x21: 	0x00000000
x22: 	0x00000000
x23: 	0x00000000
x24: 	0x00000000
x25: 	0x00000000
x26: 	0x00000000
x27: 	0x00000000
x28: 	0x00000000
x29: 	0x00000000
x30: 	0x00000000
x31: 	0x00000000

0x000022c0	0x00000000	Unkown Instruction 

All Registers: 
x0: 	0x00000000
x1: 	0x00000000
x2: 	0x00000000
x3: 	0x00000000
x4: 	0x00000000
x5: 	0x00000000
x6: 	0x00000000
x7: 	0x00000000
x8: 	0x00000000
x9: 	0x00000000
x10: 	0x00000000
x11: 	0x00000000
x12: 	0x00000000
x13: 	0x00000000
x14: 	0x00000000
x15: 	0x00000000
x16: 	0x00000000
x17: 	0x00000000
x18: 	0x00000000
x19: 	0x00000000
x20: 	0x00000000
x21: 	0x00000000
x22: 	0x00000000
x23: 	0x00000000
x24: 	0x00000000
x25: 	0x00000000
x26: 	0x00000000
x27: 	0x00000000
x28: 	0x00000000
x29: 	0x00000000
x30: 	0x00000000
x31: 	0x00000000

0x000022c4	0x00000000	Unkown Instruction 

All Registers: 
x0: 	0x00000000
x1: 	0x00000000
x2: 	0x00000000
x3: 	0x00000000
x4: 	0x00000000
x5: 	0x00000000
x6: 	0x00000000
x7: 	0x00000000
x8: 	0x00000000
x9: 	0x00000000
x10: 	0x00000000
x11: 	0x00000000
x12: 	0x00000000
x13: 	0x00000000
x14: 	0x00000000
x15: 	0x00000000
x16: 	0x00000000
x17: 	0x00000000
x18: 	0x00000000
x19: 	0x00000000
x20: 	0x00000000
x21: 	0x00000000
x22: 	0x00000000
x23: 	0x00000000
x24: 	0x00000000
x25: 	0x00000000
x26: 	0x00000000
x27: 	0x00000000
x28: 	0x00000000
x29: 	0x00000000
x30: 	0x00000000
x31: 	0x00000000

0x000022c8	0x00000000	Unkown Instruction 

All Registers: 
x0: 	0x00000000
x1: 	0x00000000
x2: 	0x00000000
x3: 	0x00000000
x4: 	0x00000000
x5: 	0x00000000
x6: 	0x00000000
x7: 	0x00000000
x8: 	0x00000000
x9: 	0x00000000
x10: 	0x00000000
x11: 	0x00000000
x12: 	0x00000000
x13: 	0x00000000
x14: 	0x00000000
x15: 	0x00000000
x16: 	0x00000000
x17: 	0x00000000
x18: 	0x00000000
x19: 	0x00000000
x20: 	0x00000000
x21: 	0x00000000
x22: 	0x00000000
x23: 	0x00000000
x24: 	0x00000000
x25: 	0x00000000
x26: 	0x00000000
x27: 	0x00000000
x28: 	0x00000000
x29: 	0x00000000
x30: 	0x00000000
x31: 	0x00000000

0x000022cc	0x00000000	Unkown Instruction 

All Registers: 
x0: 	0x00000000
x1: 	0x00000000
x2: 	0x00000000
x3: 	0x00000000
x4: 	0x00000000
x5: 	0x00000000
x6: 	0x00000000
x7: 	0x00000000
x8: 	0x00000000
x9: 	0x00000000
x10: 	0x00000000
x11: 	0x00000000
x12: 	0x00000000
x13: 	0x00000000
x14: 	0x00000000
x15: 	0x00000000
x16: 	0x00000000
x17: 	0x00000000
x18: 	0x00000000
x19: 	0x00000000
x20: 	0x00000000
x21: 	0x00000000
x22: 	0x00000000
x23: 	0x00000000
x24: 	0x00000000
x25: 	0x00000000
x26: 	0x00000000
x27: 	0x00000000
x28: 	0x00000000
x29: 	0x00000000
x30: 	0x00000000
x31: 	0x00000000

0x000022d0	0x00000000	Unkown Instruction 

All Registers: 
x0: 	0x00000000
x1: 	0x00000000
x2: 	0x00000000
x3: 	0x00000000
x4: 	0x00000000
x5: 	0x00000000
x6: 	0x00000000
x7: 	0x00000000
x8: 	0x00000000
x9: 	0x00000000
x10: 	0x00000000
x11: 	0x00000000
x12: 	0x00000000
x13: 	0x00000000
x14: 	0x00000000
x15: 	0x00000000
x16: 	0x00000000
x17: 	0x00000000
x18: 	0x00000000
x19: 	0x00000000
x20: 	0x00000000
x21: 	0x00000000
x22: 	0x00000000
x23: 	0x00000000
x24: 	0x00000000
x25: 	0x00000000
x26: 	0x00000000
x27: 	0x00000000
x28: 	0x00000000
x29: 	0x00000000
x30: 	0x00000000
x31: 	0x00000000

0x000022d4	0x00000000	Unkown Instruction 

All Registers: 
x0: 	0x00000000
x1: 	0x00000000
x2: 	0x00000000
x3: 	0x00000000
x4: 	0x00000000
x5: 	0x00000000
x6: 	0x00000000
x7: 	0x00000000
x8: 	0x00000000
x9: 	0x00000000
x10: 	0x00000000
x11: 	0x00000000
x12: 	0x00000000
x13: 	0x00000000
x14: 	0x00000000
x15: 	0x00000000
x16: 	0x00000000
x17: 	0x00000000
x18: 	0x00000000
x19: 	0x00000000
x20: 	0x00000000
x21: 	0x00000000
x22: 	0x00000000
x23: 	0x00000000
x24: 	0x00000000
x25: 	0x00000000
x26: 	0x00000000
x27: 	0x00000000
x28: 	0x00000000
x29: 	0x00000000
x30: 	0x00000000
x31: 	0x00000000

0x000022d8	0x00000000	Unkown Instruction 

All Registers: 
x0: 	0x00000000
x1: 	0x00000000
x2: 	0x00000000
x3: 	0x00000000
x4: 	0x00000000
x5: 	0x00000000
x6: 	0x00000000
x7: 	0x00000000
x8: 	0x00000000
x9: 	0x00000000
x10: 	0x00000000
x11: 	0x00000000
x12: 	0x00000000
x13: 	0x00000000
x14: 	0x00000000
x15: 	0x00000000
x16: 	0x00000000
x17: 	0x00000000
x18: 	0x00000000
x19: 	0x00000000
x20: 	0x00000000
x21: 	0x00000000
x22: 	0x00000000
x23: 	0x00000000
x24: 	0x00000000
x25: 	0x00000000
x26: 	0x00000000
x27: 	0x00000000
x28: 	0x00000000
x29: 	0x00000000
x30: 	0x00000000
x31: 	0x00000000

0x000022dc	0x00000000	Unkown Instruction 

All Registers: 
x0: 	0x00000000
x1: 	0x00000000
x2: 	0x00000000
x3: 	0x00000000
x4: 	0x00000000
x5: 	0x00000000
x6: 	0x00000000
x7: 	0x00000000
x8: 	0x00000000
x9: 	0x00000000
x10: 	0x00000000
x11: 	0x00000000
x12: 	0x00000000
x13: 	0x00000000
x14: 	0x00000000
x15: 	0x00000000
x16: 	0x00000000
x17: 	0x00000000
x18: 	0x00000000
x19: 	0x00000000
x20: 	0x00000000
x21: 	0x00000000
x22: 	0x00000000
x23: 	0x00000000
x24: 	0x00000000
x25: 	0x00000000
x26: 	0x00000000
x27: 	0x00000000
x28: 	0x00000000
x29: 	0x00000000
x30: 	0x00000000
x31: 	0x00000000

0x000022e0	0x00000000	Unkown Instruction 

All Registers: 
x0: 	0x00000000
x1: 	0x00000000
x2: 	0x00000000
x3: 	0x00000000
x4: 	0x00000000
x5: 	0x00000000
x6: 	0x00000000
x7: 	0x00000000
x8: 	0x00000000
x9: 	0x00000000
x10: 	0x00000000
x11: 	0x00000000
x12: 	0x00000000
x13: 	0x00000000
x14: 	0x00000000
x15: 	0x00000000
x16: 	0x00000000
x17: 	0x00000000
x18: 	0x00000000
x19: 	0x00000000
x20: 	0x00000000
x21: 	0x00000000
x22: 	0x00000000
x23: 	0x00000000
x24: 	0x00000000
x25: 	0x00000000
x26: 	0x00000000
x27: 	0x00000000
x28: 	0x00000000
x29: 	0x00000000
x30: 	0x00000000
x31: 	0x00000000

0x000022e4	0x00000000	Unkown Instruction 

All Registers: 
x0: 	0x00000000
x1: 	0x00000000
x2: 	0x00000000
x3: 	0x00000000
x4: 	0x00000000
x5: 	0x00000000
x6: 	0x00000000
x7: 	0x00000000
x8: 	0x00000000
x9: 	0x00000000
x10: 	0x00000000
x11: 	0x00000000
x12: 	0x00000000
x13: 	0x00000000
x14: 	0x00000000
x15: 	0x00000000
x16: 	0x00000000
x17: 	0x00000000
x18: 	0x00000000
x19: 	0x00000000
x20: 	0x00000000
x21: 	0x00000000
x22: 	0x00000000
x23: 	0x00000000
x24: 	0x00000000
x25: 	0x00000000
x26: 	0x00000000
x27: 	0x00000000
x28: 	0x00000000
x29: 	0x00000000
x30: 	0x00000000
x31: 	0x00000000

0x000022e8	0x00000000	Unkown Instruction 

All Registers: 
x0: 	0x00000000
x1: 	0x00000000
x2: 	0x00000000
x3: 	0x00000000
x4: 	0x00000000
x5: 	0x00000000
x6: 	0x00000000
x7: 	0x00000000
x8: 	0x00000000
x9: 	0x00000000
x10: 	0x00000000
x11: 	0x00000000
x12: 	0x00000000
x13: 	0x00000000
x14: 	0x00000000
x15: 	0x00000000
x16: 	0x00000000
x17: 	0x00000000
x18: 	0x00000000
x19: 	0x00000000
x20: 	0x00000000
x21: 	0x00000000
x22: 	0x00000000
x23: 	0x00000000
x24: 	0x00000000
x25: 	0x00000000
x26: 	0x00000000
x27: 	0x00000000
x28: 	0x00000000
x29: 	0x00000000
x30: 	0x00000000
x31: 	0x00000000

0x000022ec	0x00000000	Unkown Instruction 

All Registers: 
x0: 	0x00000000
x1: 	0x00000000
x2: 	0x00000000
x3: 	0x00000000
x4: 	0x00000000
x5: 	0x00000000
x6: 	0x00000000
x7: 	0x00000000
x8: 	0x00000000
x9: 	0x00000000
x10: 	0x00000000
x11: 	0x00000000
x12: 	0x00000000
x13: 	0x00000000
x14: 	0x00000000
x15: 	0x00000000
x16: 	0x00000000
x17: 	0x00000000
x18: 	0x00000000
x19: 	0x00000000
x20: 	0x00000000
x21: 	0x00000000
x22: 	0x00000000
x23: 	0x00000000
x24: 	0x00000000
x25: 	0x00000000
x26: 	0x00000000
x27: 	0x00000000
x28: 	0x00000000
x29: 	0x00000000
x30: 	0x00000000
x31: 	0x00000000

0x000022f0	0x00000000	Unkown Instruction 

All Registers: 
x0: 	0x00000000
x1: 	0x00000000
x2: 	0x00000000
x3: 	0x00000000
x4: 	0x00000000
x5: 	0x00000000
x6: 	0x00000000
x7: 	0x00000000
x8: 	0x00000000
x9: 	0x00000000
x10: 	0x00000000
x11: 	0x00000000
x12: 	0x00000000
x13: 	0x00000000
x14: 	0x00000000
x15: 	0x00000000
x16: 	0x00000000
x17: 	0x00000000
x18: 	0x00000000
x19: 	0x00000000
x20: 	0x00000000
x21: 	0x00000000
x22: 	0x00000000
x23: 	0x00000000
x24: 	0x00000000
x25: 	0x00000000
x26: 	0x00000000
x27: 	0x00000000
x28: 	0x00000000
x29: 	0x00000000
x30: 	0x00000000
x31: 	0x00000000

0x000022f4	0x00000000	Unkown Instruction 

All Registers: 
x0: 	0x00000000
x1: 	0x00000000
x2: 	0x00000000
x3: 	0x00000000
x4: 	0x00000000
x5: 	0x00000000
x6: 	0x00000000
x7: 	0x00000000
x8: 	0x00000000
x9: 	0x00000000
x10: 	0x00000000
x11: 	0x00000000
x12: 	0x00000000
x13: 	0x00000000
x14: 	0x00000000
x15: 	0x00000000
x16: 	0x00000000
x17: 	0x00000000
x18: 	0x00000000
x19: 	0x00000000
x20: 	0x00000000
x21: 	0x00000000
x22: 	0x00000000
x23: 	0x00000000
x24: 	0x00000000
x25: 	0x00000000
x26: 	0x00000000
x27: 	0x00000000
x28: 	0x00000000
x29: 	0x00000000
x30: 	0x00000000
x31: 	0x00000000

0x000022f8	0x00000000	Unkown Instruction 

All Registers: 
x0: 	0x00000000
x1: 	0x00000000
x2: 	0x00000000
x3: 	0x00000000
x4: 	0x00000000
x5: 	0x00000000
x6: 	0x00000000
x7: 	0x00000000
x8: 	0x00000000
x9: 	0x00000000
x10: 	0x00000000
x11: 	0x00000000
x12: 	0x00000000
x13: 	0x00000000
x14: 	0x00000000
x15: 	0x00000000
x16: 	0x00000000
x17: 	0x00000000
x18: 	0x00000000
x19: 	0x00000000
x20: 	0x00000000
x21: 	0x00000000
x22: 	0x00000000
x23: 	0x00000000
x24: 	0x00000000
x25: 	0x00000000
x26: 	0x00000000
x27: 	0x00000000
x28: 	0x00000000
x29: 	0x00000000
x30: 	0x00000000
x31: 	0x00000000

0x000022fc	0x00000000	Unkown Instruction 

All Registers: 
x0: 	0x00000000
x1: 	0x00000000
x2: 	0x00000000
x3: 	0x00000000
x4: 	0x00000000
x5: 	0x00000000
x6: 	0x00000000
x7: 	0x00000000
x8: 	0x00000000
x9: 	0x00000000
x10: 	0x00000000
x11: 	0x00000000
x12: 	0x00000000
x13: 	0x00000000
x14: 	0x00000000
x15: 	0x00000000
x16: 	0x00000000
x17: 	0x00000000
x18: 	0x00000000
x19: 	0x00000000
x20: 	0x00000000
x21: 	0x00000000
x22: 	0x00000000
x23: 	0x00000000
x24: 	0x00000000
x25: 	0x00000000
x26: 	0x00000000
x27: 	0x00000000
x28: 	0x00000000
x29: 	0x00000000
x30: 	0x00000000
x31: 	0x00000000

0x00002300	0x00000000	Unkown Instruction 

All Registers: 
x0: 	0x00000000
x1: 	0x00000000
x2: 	0x00000000
x3: 	0x00000000
x4: 	0x00000000
x5: 	0x00000000
x6: 	0x00000000
x7: 	0x00000000
x8: 	0x00000000
x9: 	0x00000000
x10: 	0x00000000
x11: 	0x00000000
x12: 	0x00000000
x13: 	0x00000000
x14: 	0x00000000
x15: 	0x00000000
x16: 	0x00000000
x17: 	0x00000000
x18: 	0x00000000
x19: 	0x00000000
x20: 	0x00000000
x21: 	0x00000000
x22: 	0x00000000
x23: 	0x00000000
x24: 	0x00000000
x25: 	0x00000000
x26: 	0x00000000
x27: 	0x00000000
x28: 	0x00000000
x29: 	0x00000000
x30: 	0x00000000
x31: 	0x00000000

0x00002304	0x00000000	Unkown Instruction 

All Registers: 
x0: 	0x00000000
x1: 	0x00000000
x2: 	0x00000000
x3: 	0x00000000
x4: 	0x00000000
x5: 	0x00000000
x6: 	0x00000000
x7: 	0x00000000
x8: 	0x00000000
x9: 	0x00000000
x10: 	0x00000000
x11: 	0x00000000
x12: 	0x00000000
x13: 	0x00000000
x14: 	0x00000000
x15: 	0x00000000
x16: 	0x00000000
x17: 	0x00000000
x18: 	0x00000000
x19: 	0x00000000
x20: 	0x00000000
x21: 	0x00000000
x22: 	0x00000000
x23: 	0x00000000
x24: 	0x00000000
x25: 	0x00000000
x26: 	0x00000000
x27: 	0x00000000
x28: 	0x00000000
x29: 	0x00000000
x30: 	0x00000000
x31: 	0x00000000

0x00002308	0x00000000	Unkown Instruction 

All Registers: 
x0: 	0x00000000
x1: 	0x00000000
x2: 	0x00000000
x3: 	0x00000000
x4: 	0x00000000
x5: 	0x00000000
x6: 	0x00000000
x7: 	0x00000000
x8: 	0x00000000
x9: 	0x00000000
x10: 	0x00000000
x11: 	0x00000000
x12: 	0x00000000
x13: 	0x00000000
x14: 	0x00000000
x15: 	0x00000000
x16: 	0x00000000
x17: 	0x00000000
x18: 	0x00000000
x19: 	0x00000000
x20: 	0x00000000
x21: 	0x00000000
x22: 	0x00000000
x23: 	0x00000000
x24: 	0x00000000
x25: 	0x00000000
x26: 	0x00000000
x27: 	0x00000000
x28: 	0x00000000
x29: 	0x00000000
x30: 	0x00000000
x31: 	0x00000000

0x0000230c	0x00000000	Unkown Instruction 

All Registers: 
x0: 	0x00000000
x1: 	0x00000000
x2: 	0x00000000
x3: 	0x00000000
x4: 	0x00000000
x5: 	0x00000000
x6: 	0x00000000
x7: 	0x00000000
x8: 	0x00000000
x9: 	0x00000000
x10: 	0x00000000
x11: 	0x00000000
x12: 	0x00000000
x13: 	0x00000000
x14: 	0x00000000
x15: 	0x00000000
x16: 	0x00000000
x17: 	0x00000000
x18: 	0x00000000
x19: 	0x00000000
x20: 	0x00000000
x21: 	0x00000000
x22: 	0x00000000
x23: 	0x00000000
x24: 	0x00000000
x25: 	0x00000000
x26: 	0x00000000
x27: 	0x00000000
x28: 	0x00000000
x29: 	0x00000000
x30: 	0x00000000
x31: 	0x00000000

0x00002310	0x00000000	Unkown Instruction 

All Registers: 
x0: 	0x00000000
x1: 	0x00000000
x2: 	0x00000000
x3: 	0x00000000
x4: 	0x00000000
x5: 	0x00000000
x6: 	0x00000000
x7: 	0x00000000
x8: 	0x00000000
x9: 	0x00000000
x10: 	0x00000000
x11: 	0x00000000
x12: 	0x00000000
x13: 	0x00000000
x14: 	0x00000000
x15: 	0x00000000
x16: 	0x00000000
x17: 	0x00000000
x18: 	0x00000000
x19: 	0x00000000
x20: 	0x00000000
x21: 	0x00000000
x22: 	0x00000000
x23: 	0x00000000
x24: 	0x00000000
x25: 	0x00000000
x26: 	0x00000000
x27: 	0x00000000
x28: 	0x00000000
x29: 	0x00000000
x30: 	0x00000000
x31: 	0x00000000

0x00002314	0x00000000	Unkown Instruction 

All Registers: 
x0: 	0x00000000
x1: 	0x00000000
x2: 	0x00000000
x3: 	0x00000000
x4: 	0x00000000
x5: 	0x00000000
x6: 	0x00000000
x7: 	0x00000000
x8: 	0x00000000
x9: 	0x00000000
x10: 	0x00000000
x11: 	0x00000000
x12: 	0x00000000
x13: 	0x00000000
x14: 	0x00000000
x15: 	0x00000000
x16: 	0x00000000
x17: 	0x00000000
x18: 	0x00000000
x19: 	0x00000000
x20: 	0x00000000
x21: 	0x00000000
x22: 	0x00000000
x23: 	0x00000000
x24: 	0x00000000
x25: 	0x00000000
x26: 	0x00000000
x27: 	0x00000000
x28: 	0x00000000
x29: 	0x00000000
x30: 	0x00000000
x31: 	0x00000000

0x00002318	0x00000000	Unkown Instruction 

All Registers: 
x0: 	0x00000000
x1: 	0x00000000
x2: 	0x00000000
x3: 	0x00000000
x4: 	0x00000000
x5: 	0x00000000
x6: 	0x00000000
x7: 	0x00000000
x8: 	0x00000000
x9: 	0x00000000
x10: 	0x00000000
x11: 	0x00000000
x12: 	0x00000000
x13: 	0x00000000
x14: 	0x00000000
x15: 	0x00000000
x16: 	0x00000000
x17: 	0x00000000
x18: 	0x00000000
x19: 	0x00000000
x20: 	0x00000000
x21: 	0x00000000
x22: 	0x00000000
x23: 	0x00000000
x24: 	0x00000000
x25: 	0x00000000
x26: 	0x00000000
x27: 	0x00000000
x28: 	0x00000000
x29: 	0x00000000
x30: 	0x00000000
x31: 	0x00000000

0x0000231c	0x00000000	Unkown Instruction 

All Registers: 
x0: 	0x00000000
x1: 	0x00000000
x2: 	0x00000000
x3: 	0x00000000
x4: 	0x00000000
x5: 	0x00000000
x6: 	0x00000000
x7: 	0x00000000
x8: 	0x00000000
x9: 	0x00000000
x10: 	0x00000000
x11: 	0x00000000
x12: 	0x00000000
x13: 	0x00000000
x14: 	0x00000000
x15: 	0x00000000
x16: 	0x00000000
x17: 	0x00000000
x18: 	0x00000000
x19: 	0x00000000
x20: 	0x00000000
x21: 	0x00000000
x22: 	0x00000000
x23: 	0x00000000
x24: 	0x00000000
x25: 	0x00000000
x26: 	0x00000000
x27: 	0x00000000
x28: 	0x00000000
x29: 	0x00000000
x30: 	0x00000000
x31: 	0x00000000

0x00002320	0x00000000	Unkown Instruction 

All Registers: 
x0: 	0x00000000
x1: 	0x00000000
x2: 	0x00000000
x3: 	0x00000000
x4: 	0x00000000
x5: 	0x00000000
x6: 	0x00000000
x7: 	0x00000000
x8: 	0x00000000
x9: 	0x00000000
x10: 	0x00000000
x11: 	0x00000000
x12: 	0x00000000
x13: 	0x00000000
x14: 	0x00000000
x15: 	0x00000000
x16: 	0x00000000
x17: 	0x00000000
x18: 	0x00000000
x19: 	0x00000000
x20: 	0x00000000
x21: 	0x00000000
x22: 	0x00000000
x23: 	0x00000000
x24: 	0x00000000
x25: 	0x00000000
x26: 	0x00000000
x27: 	0x00000000
x28: 	0x00000000
x29: 	0x00000000
x30: 	0x00000000
x31: 	0x00000000

0x00002324	0x00000000	Unkown Instruction 

All Registers: 
x0: 	0x00000000
x1: 	0x00000000
x2: 	0x00000000
x3: 	0x00000000
x4: 	0x00000000
x5: 	0x00000000
x6: 	0x00000000
x7: 	0x00000000
x8: 	0x00000000
x9: 	0x00000000
x10: 	0x00000000
x11: 	0x00000000
x12: 	0x00000000
x13: 	0x00000000
x14: 	0x00000000
x15: 	0x00000000
x16: 	0x00000000
x17: 	0x00000000
x18: 	0x00000000
x19: 	0x00000000
x20: 	0x00000000
x21: 	0x00000000
x22: 	0x00000000
x23: 	0x00000000
x24: 	0x00000000
x25: 	0x00000000
x26: 	0x00000000
x27: 	0x00000000
x28: 	0x00000000
x29: 	0x00000000
x30: 	0x00000000
x31: 	0x00000000

0x00002328	0x00000000	Unkown Instruction 

All Registers: 
x0: 	0x00000000
x1: 	0x00000000
x2: 	0x00000000
x3: 	0x00000000
x4: 	0x00000000
x5: 	0x00000000
x6: 	0x00000000
x7: 	0x00000000
x8: 	0x00000000
x9: 	0x00000000
x10: 	0x00000000
x11: 	0x00000000
x12: 	0x00000000
x13: 	0x00000000
x14: 	0x00000000
x15: 	0x00000000
x16: 	0x00000000
x17: 	0x00000000
x18: 	0x00000000
x19: 	0x00000000
x20: 	0x00000000
x21: 	0x00000000
x22: 	0x00000000
x23: 	0x00000000
x24: 	0x00000000
x25: 	0x00000000
x26: 	0x00000000
x27: 	0x00000000
x28: 	0x00000000
x29: 	0x00000000
x30: 	0x00000000
x31: 	0x00000000

0x0000232c	0x00000000	Unkown Instruction 

All Registers: 
x0: 	0x00000000
x1: 	0x00000000
x2: 	0x00000000
x3: 	0x00000000
x4: 	0x00000000
x5: 	0x00000000
x6: 	0x00000000
x7: 	0x00000000
x8: 	0x00000000
x9: 	0x00000000
x10: 	0x00000000
x11: 	0x00000000
x12: 	0x00000000
x13: 	0x00000000
x14: 	0x00000000
x15: 	0x00000000
x16: 	0x00000000
x17: 	0x00000000
x18: 	0x00000000
x19: 	0x00000000
x20: 	0x00000000
x21: 	0x00000000
x22: 	0x00000000
x23: 	0x00000000
x24: 	0x00000000
x25: 	0x00000000
x26: 	0x00000000
x27: 	0x00000000
x28: 	0x00000000
x29: 	0x00000000
x30: 	0x00000000
x31: 	0x00000000

0x00002330	0x00000000	Unkown Instruction 

All Registers: 
x0: 	0x00000000
x1: 	0x00000000
x2: 	0x00000000
x3: 	0x00000000
x4: 	0x00000000
x5: 	0x00000000
x6: 	0x00000000
x7: 	0x00000000
x8: 	0x00000000
x9: 	0x00000000
x10: 	0x00000000
x11: 	0x00000000
x12: 	0x00000000
x13: 	0x00000000
x14: 	0x00000000
x15: 	0x00000000
x16: 	0x00000000
x17: 	0x00000000
x18: 	0x00000000
x19: 	0x00000000
x20: 	0x00000000
x21: 	0x00000000
x22: 	0x00000000
x23: 	0x00000000
x24: 	0x00000000
x25: 	0x00000000
x26: 	0x00000000
x27: 	0x00000000
x28: 	0x00000000
x29: 	0x00000000
x30: 	0x00000000
x31: 	0x00000000

0x00002334	0x00000000	Unkown Instruction 

All Registers: 
x0: 	0x00000000
x1: 	0x00000000
x2: 	0x00000000
x3: 	0x00000000
x4: 	0x00000000
x5: 	0x00000000
x6: 	0x00000000
x7: 	0x00000000
x8: 	0x00000000
x9: 	0x00000000
x10: 	0x00000000
x11: 	0x00000000
x12: 	0x00000000
x13: 	0x00000000
x14: 	0x00000000
x15: 	0x00000000
x16: 	0x00000000
x17: 	0x00000000
x18: 	0x00000000
x19: 	0x00000000
x20: 	0x00000000
x21: 	0x00000000
x22: 	0x00000000
x23: 	0x00000000
x24: 	0x00000000
x25: 	0x00000000
x26: 	0x00000000
x27: 	0x00000000
x28: 	0x00000000
x29: 	0x00000000
x30: 	0x00000000
x31: 	0x00000000

0x00002338	0x00000000	Unkown Instruction 

All Registers: 
x0: 	0x00000000
x1: 	0x00000000
x2: 	0x00000000
x3: 	0x00000000
x4: 	0x00000000
x5: 	0x00000000
x6: 	0x00000000
x7: 	0x00000000
x8: 	0x00000000
x9: 	0x00000000
x10: 	0x00000000
x11: 	0x00000000
x12: 	0x00000000
x13: 	0x00000000
x14: 	0x00000000
x15: 	0x00000000
x16: 	0x00000000
x17: 	0x00000000
x18: 	0x00000000
x19: 	0x00000000
x20: 	0x00000000
x21: 	0x00000000
x22: 	0x00000000
x23: 	0x00000000
x24: 	0x00000000
x25: 	0x00000000
x26: 	0x00000000
x27: 	0x00000000
x28: 	0x00000000
x29: 	0x00000000
x30: 	0x00000000
x31: 	0x00000000

0x0000233c	0x00000000	Unkown Instruction 

All Registers: 
x0: 	0x00000000
x1: 	0x00000000
x2: 	0x00000000
x3: 	0x00000000
x4: 	0x00000000
x5: 	0x00000000
x6: 	0x00000000
x7: 	0x00000000
x8: 	0x00000000
x9: 	0x00000000
x10: 	0x00000000
x11: 	0x00000000
x12: 	0x00000000
x13: 	0x00000000
x14: 	0x00000000
x15: 	0x00000000
x16: 	0x00000000
x17: 	0x00000000
x18: 	0x00000000
x19: 	0x00000000
x20: 	0x00000000
x21: 	0x00000000
x22: 	0x00000000
x23: 	0x00000000
x24: 	0x00000000
x25: 	0x00000000
x26: 	0x00000000
x27: 	0x00000000
x28: 	0x00000000
x29: 	0x00000000
x30: 	0x00000000
x31: 	0x00000000

0x00002340	0x00000000	Unkown Instruction 

All Registers: 
x0: 	0x00000000
x1: 	0x00000000
x2: 	0x00000000
x3: 	0x00000000
x4: 	0x00000000
x5: 	0x00000000
x6: 	0x00000000
x7: 	0x00000000
x8: 	0x00000000
x9: 	0x00000000
x10: 	0x00000000
x11: 	0x00000000
x12: 	0x00000000
x13: 	0x00000000
x14: 	0x00000000
x15: 	0x00000000
x16: 	0x00000000
x17: 	0x00000000
x18: 	0x00000000
x19: 	0x00000000
x20: 	0x00000000
x21: 	0x00000000
x22: 	0x00000000
x23: 	0x00000000
x24: 	0x00000000
x25: 	0x00000000
x26: 	0x00000000
x27: 	0x00000000
x28: 	0x00000000
x29: 	0x00000000
x30: 	0x00000000
x31: 	0x00000000

0x00002344	0x00000000	Unkown Instruction 

All Registers: 
x0: 	0x00000000
x1: 	0x00000000
x2: 	0x00000000
x3: 	0x00000000
x4: 	0x00000000
x5: 	0x00000000
x6: 	0x00000000
x7: 	0x00000000
x8: 	0x00000000
x9: 	0x00000000
x10: 	0x00000000
x11: 	0x00000000
x12: 	0x00000000
x13: 	0x00000000
x14: 	0x00000000
x15: 	0x00000000
x16: 	0x00000000
x17: 	0x00000000
x18: 	0x00000000
x19: 	0x00000000
x20: 	0x00000000
x21: 	0x00000000
x22: 	0x00000000
x23: 	0x00000000
x24: 	0x00000000
x25: 	0x00000000
x26: 	0x00000000
x27: 	0x00000000
x28: 	0x00000000
x29: 	0x00000000
x30: 	0x00000000
x31: 	0x00000000

0x00002348	0x00000000	Unkown Instruction 

All Registers: 
x0: 	0x00000000
x1: 	0x00000000
x2: 	0x00000000
x3: 	0x00000000
x4: 	0x00000000
x5: 	0x00000000
x6: 	0x00000000
x7: 	0x00000000
x8: 	0x00000000
x9: 	0x00000000
x10: 	0x00000000
x11: 	0x00000000
x12: 	0x00000000
x13: 	0x00000000
x14: 	0x00000000
x15: 	0x00000000
x16: 	0x00000000
x17: 	0x00000000
x18: 	0x00000000
x19: 	0x00000000
x20: 	0x00000000
x21: 	0x00000000
x22: 	0x00000000
x23: 	0x00000000
x24: 	0x00000000
x25: 	0x00000000
x26: 	0x00000000
x27: 	0x00000000
x28: 	0x00000000
x29: 	0x00000000
x30: 	0x00000000
x31: 	0x00000000

0x0000234c	0x00000000	Unkown Instruction 

All Registers: 
x0: 	0x00000000
x1: 	0x00000000
x2: 	0x00000000
x3: 	0x00000000
x4: 	0x00000000
x5: 	0x00000000
x6: 	0x00000000
x7: 	0x00000000
x8: 	0x00000000
x9: 	0x00000000
x10: 	0x00000000
x11: 	0x00000000
x12: 	0x00000000
x13: 	0x00000000
x14: 	0x00000000
x15: 	0x00000000
x16: 	0x00000000
x17: 	0x00000000
x18: 	0x00000000
x19: 	0x00000000
x20: 	0x00000000
x21: 	0x00000000
x22: 	0x00000000
x23: 	0x00000000
x24: 	0x00000000
x25: 	0x00000000
x26: 	0x00000000
x27: 	0x00000000
x28: 	0x00000000
x29: 	0x00000000
x30: 	0x00000000
x31: 	0x00000000

0x00002350	0x00000000	Unkown Instruction 

All Registers: 
x0: 	0x00000000
x1: 	0x00000000
x2: 	0x00000000
x3: 	0x00000000
x4: 	0x00000000
x5: 	0x00000000
x6: 	0x00000000
x7: 	0x00000000
x8: 	0x00000000
x9: 	0x00000000
x10: 	0x00000000
x11: 	0x00000000
x12: 	0x00000000
x13: 	0x00000000
x14: 	0x00000000
x15: 	0x00000000
x16: 	0x00000000
x17: 	0x00000000
x18: 	0x00000000
x19: 	0x00000000
x20: 	0x00000000
x21: 	0x00000000
x22: 	0x00000000
x23: 	0x00000000
x24: 	0x00000000
x25: 	0x00000000
x26: 	0x00000000
x27: 	0x00000000
x28: 	0x00000000
x29: 	0x00000000
x30: 	0x00000000
x31: 	0x00000000

0x00002354	0x00000000	Unkown Instruction 

All Registers: 
x0: 	0x00000000
x1: 	0x00000000
x2: 	0x00000000
x3: 	0x00000000
x4: 	0x00000000
x5: 	0x00000000
x6: 	0x00000000
x7: 	0x00000000
x8: 	0x00000000
x9: 	0x00000000
x10: 	0x00000000
x11: 	0x00000000
x12: 	0x00000000
x13: 	0x00000000
x14: 	0x00000000
x15: 	0x00000000
x16: 	0x00000000
x17: 	0x00000000
x18: 	0x00000000
x19: 	0x00000000
x20: 	0x00000000
x21: 	0x00000000
x22: 	0x00000000
x23: 	0x00000000
x24: 	0x00000000
x25: 	0x00000000
x26: 	0x00000000
x27: 	0x00000000
x28: 	0x00000000
x29: 	0x00000000
x30: 	0x00000000
x31: 	0x00000000

0x00002358	0x00000000	Unkown Instruction 

All Registers: 
x0: 	0x00000000
x1: 	0x00000000
x2: 	0x00000000
x3: 	0x00000000
x4: 	0x00000000
x5: 	0x00000000
x6: 	0x00000000
x7: 	0x00000000
x8: 	0x00000000
x9: 	0x00000000
x10: 	0x00000000
x11: 	0x00000000
x12: 	0x00000000
x13: 	0x00000000
x14: 	0x00000000
x15: 	0x00000000
x16: 	0x00000000
x17: 	0x00000000
x18: 	0x00000000
x19: 	0x00000000
x20: 	0x00000000
x21: 	0x00000000
x22: 	0x00000000
x23: 	0x00000000
x24: 	0x00000000
x25: 	0x00000000
x26: 	0x00000000
x27: 	0x00000000
x28: 	0x00000000
x29: 	0x00000000
x30: 	0x00000000
x31: 	0x00000000

0x0000235c	0x00000000	Unkown Instruction 

All Registers: 
x0: 	0x00000000
x1: 	0x00000000
x2: 	0x00000000
x3: 	0x00000000
x4: 	0x00000000
x5: 	0x00000000
x6: 	0x00000000
x7: 	0x00000000
x8: 	0x00000000
x9: 	0x00000000
x10: 	0x00000000
x11: 	0x00000000
x12: 	0x00000000
x13: 	0x00000000
x14: 	0x00000000
x15: 	0x00000000
x16: 	0x00000000
x17: 	0x00000000
x18: 	0x00000000
x19: 	0x00000000
x20: 	0x00000000
x21: 	0x00000000
x22: 	0x00000000
x23: 	0x00000000
x24: 	0x00000000
x25: 	0x00000000
x26: 	0x00000000
x27: 	0x00000000
x28: 	0x00000000
x29: 	0x00000000
x30: 	0x00000000
x31: 	0x00000000

0x00002360	0x00000000	Unkown Instruction 

All Registers: 
x0: 	0x00000000
x1: 	0x00000000
x2: 	0x00000000
x3: 	0x00000000
x4: 	0x00000000
x5: 	0x00000000
x6: 	0x00000000
x7: 	0x00000000
x8: 	0x00000000
x9: 	0x00000000
x10: 	0x00000000
x11: 	0x00000000
x12: 	0x00000000
x13: 	0x00000000
x14: 	0x00000000
x15: 	0x00000000
x16: 	0x00000000
x17: 	0x00000000
x18: 	0x00000000
x19: 	0x00000000
x20: 	0x00000000
x21: 	0x00000000
x22: 	0x00000000
x23: 	0x00000000
x24: 	0x00000000
x25: 	0x00000000
x26: 	0x00000000
x27: 	0x00000000
x28: 	0x00000000
x29: 	0x00000000
x30: 	0x00000000
x31: 	0x00000000

0x00002364	0x00000000	Unkown Instruction 

All Registers: 
x0: 	0x00000000
x1: 	0x00000000
x2: 	0x00000000
x3: 	0x00000000
x4: 	0x00000000
x5: 	0x00000000
x6: 	0x00000000
x7: 	0x00000000
x8: 	0x00000000
x9: 	0x00000000
x10: 	0x00000000
x11: 	0x00000000
x12: 	0x00000000
x13: 	0x00000000
x14: 	0x00000000
x15: 	0x00000000
x16: 	0x00000000
x17: 	0x00000000
x18: 	0x00000000
x19: 	0x00000000
x20: 	0x00000000
x21: 	0x00000000
x22: 	0x00000000
x23: 	0x00000000
x24: 	0x00000000
x25: 	0x00000000
x26: 	0x00000000
x27: 	0x00000000
x28: 	0x00000000
x29: 	0x00000000
x30: 	0x00000000
x31: 	0x00000000

0x00002368	0x00000000	Unkown Instruction 

All Registers: 
x0: 	0x00000000
x1: 	0x00000000
x2: 	0x00000000
x3: 	0x00000000
x4: 	0x00000000
x5: 	0x00000000
x6: 	0x00000000
x7: 	0x00000000
x8: 	0x00000000
x9: 	0x00000000
x10: 	0x00000000
x11: 	0x00000000
x12: 	0x00000000
x13: 	0x00000000
x14: 	0x00000000
x15: 	0x00000000
x16: 	0x00000000
x17: 	0x00000000
x18: 	0x00000000
x19: 	0x00000000
x20: 	0x00000000
x21: 	0x00000000
x22: 	0x00000000
x23: 	0x00000000
x24: 	0x00000000
x25: 	0x00000000
x26: 	0x00000000
x27: 	0x00000000
x28: 	0x00000000
x29: 	0x00000000
x30: 	0x00000000
x31: 	0x00000000

0x0000236c	0x00000000	Unkown Instruction 

All Registers: 
x0: 	0x00000000
x1: 	0x00000000
x2: 	0x00000000
x3: 	0x00000000
x4: 	0x00000000
x5: 	0x00000000
x6: 	0x00000000
x7: 	0x00000000
x8: 	0x00000000
x9: 	0x00000000
x10: 	0x00000000
x11: 	0x00000000
x12: 	0x00000000
x13: 	0x00000000
x14: 	0x00000000
x15: 	0x00000000
x16: 	0x00000000
x17: 	0x00000000
x18: 	0x00000000
x19: 	0x00000000
x20: 	0x00000000
x21: 	0x00000000
x22: 	0x00000000
x23: 	0x00000000
x24: 	0x00000000
x25: 	0x00000000
x26: 	0x00000000
x27: 	0x00000000
x28: 	0x00000000
x29: 	0x00000000
x30: 	0x00000000
x31: 	0x00000000

0x00002370	0x00000000	Unkown Instruction 

All Registers: 
x0: 	0x00000000
x1: 	0x00000000
x2: 	0x00000000
x3: 	0x00000000
x4: 	0x00000000
x5: 	0x00000000
x6: 	0x00000000
x7: 	0x00000000
x8: 	0x00000000
x9: 	0x00000000
x10: 	0x00000000
x11: 	0x00000000
x12: 	0x00000000
x13: 	0x00000000
x14: 	0x00000000
x15: 	0x00000000
x16: 	0x00000000
x17: 	0x00000000
x18: 	0x00000000
x19: 	0x00000000
x20: 	0x00000000
x21: 	0x00000000
x22: 	0x00000000
x23: 	0x00000000
x24: 	0x00000000
x25: 	0x00000000
x26: 	0x00000000
x27: 	0x00000000
x28: 	0x00000000
x29: 	0x00000000
x30: 	0x00000000
x31: 	0x00000000

0x00002374	0x00000000	Unkown Instruction 

All Registers: 
x0: 	0x00000000
x1: 	0x00000000
x2: 	0x00000000
x3: 	0x00000000
x4: 	0x00000000
x5: 	0x00000000
x6: 	0x00000000
x7: 	0x00000000
x8: 	0x00000000
x9: 	0x00000000
x10: 	0x00000000
x11: 	0x00000000
x12: 	0x00000000
x13: 	0x00000000
x14: 	0x00000000
x15: 	0x00000000
x16: 	0x00000000
x17: 	0x00000000
x18: 	0x00000000
x19: 	0x00000000
x20: 	0x00000000
x21: 	0x00000000
x22: 	0x00000000
x23: 	0x00000000
x24: 	0x00000000
x25: 	0x00000000
x26: 	0x00000000
x27: 	0x00000000
x28: 	0x00000000
x29: 	0x00000000
x30: 	0x00000000
x31: 	0x00000000

0x00002378	0x00000000	Unkown Instruction 

All Registers: 
x0: 	0x00000000
x1: 	0x00000000
x2: 	0x00000000
x3: 	0x00000000
x4: 	0x00000000
x5: 	0x00000000
x6: 	0x00000000
x7: 	0x00000000
x8: 	0x00000000
x9: 	0x00000000
x10: 	0x00000000
x11: 	0x00000000
x12: 	0x00000000
x13: 	0x00000000
x14: 	0x00000000
x15: 	0x00000000
x16: 	0x00000000
x17: 	0x00000000
x18: 	0x00000000
x19: 	0x00000000
x20: 	0x00000000
x21: 	0x00000000
x22: 	0x00000000
x23: 	0x00000000
x24: 	0x00000000
x25: 	0x00000000
x26: 	0x00000000
x27: 	0x00000000
x28: 	0x00000000
x29: 	0x00000000
x30: 	0x00000000
x31: 	0x00000000

0x0000237c	0x00000000	Unkown Instruction 

All Registers: 
x0: 	0x00000000
x1: 	0x00000000
x2: 	0x00000000
x3: 	0x00000000
x4: 	0x00000000
x5: 	0x00000000
x6: 	0x00000000
x7: 	0x00000000
x8: 	0x00000000
x9: 	0x00000000
x10: 	0x00000000
x11: 	0x00000000
x12: 	0x00000000
x13: 	0x00000000
x14: 	0x00000000
x15: 	0x00000000
x16: 	0x00000000
x17: 	0x00000000
x18: 	0x00000000
x19: 	0x00000000
x20: 	0x00000000
x21: 	0x00000000
x22: 	0x00000000
x23: 	0x00000000
x24: 	0x00000000
x25: 	0x00000000
x26: 	0x00000000
x27: 	0x00000000
x28: 	0x00000000
x29: 	0x00000000
x30: 	0x00000000
x31: 	0x00000000

0x00002380	0x00000000	Unkown Instruction 

All Registers: 
x0: 	0x00000000
x1: 	0x00000000
x2: 	0x00000000
x3: 	0x00000000
x4: 	0x00000000
x5: 	0x00000000
x6: 	0x00000000
x7: 	0x00000000
x8: 	0x00000000
x9: 	0x00000000
x10: 	0x00000000
x11: 	0x00000000
x12: 	0x00000000
x13: 	0x00000000
x14: 	0x00000000
x15: 	0x00000000
x16: 	0x00000000
x17: 	0x00000000
x18: 	0x00000000
x19: 	0x00000000
x20: 	0x00000000
x21: 	0x00000000
x22: 	0x00000000
x23: 	0x00000000
x24: 	0x00000000
x25: 	0x00000000
x26: 	0x00000000
x27: 	0x00000000
x28: 	0x00000000
x29: 	0x00000000
x30: 	0x00000000
x31: 	0x00000000

0x00002384	0x00000000	Unkown Instruction 

All Registers: 
x0: 	0x00000000
x1: 	0x00000000
x2: 	0x00000000
x3: 	0x00000000
x4: 	0x00000000
x5: 	0x00000000
x6: 	0x00000000
x7: 	0x00000000
x8: 	0x00000000
x9: 	0x00000000
x10: 	0x00000000
x11: 	0x00000000
x12: 	0x00000000
x13: 	0x00000000
x14: 	0x00000000
x15: 	0x00000000
x16: 	0x00000000
x17: 	0x00000000
x18: 	0x00000000
x19: 	0x00000000
x20: 	0x00000000
x21: 	0x00000000
x22: 	0x00000000
x23: 	0x00000000
x24: 	0x00000000
x25: 	0x00000000
x26: 	0x00000000
x27: 	0x00000000
x28: 	0x00000000
x29: 	0x00000000
x30: 	0x00000000
x31: 	0x00000000

0x00002388	0x00000000	Unkown Instruction 

All Registers: 
x0: 	0x00000000
x1: 	0x00000000
x2: 	0x00000000
x3: 	0x00000000
x4: 	0x00000000
x5: 	0x00000000
x6: 	0x00000000
x7: 	0x00000000
x8: 	0x00000000
x9: 	0x00000000
x10: 	0x00000000
x11: 	0x00000000
x12: 	0x00000000
x13: 	0x00000000
x14: 	0x00000000
x15: 	0x00000000
x16: 	0x00000000
x17: 	0x00000000
x18: 	0x00000000
x19: 	0x00000000
x20: 	0x00000000
x21: 	0x00000000
x22: 	0x00000000
x23: 	0x00000000
x24: 	0x00000000
x25: 	0x00000000
x26: 	0x00000000
x27: 	0x00000000
x28: 	0x00000000
x29: 	0x00000000
x30: 	0x00000000
x31: 	0x00000000

0x0000238c	0x00000000	Unkown Instruction 

All Registers: 
x0: 	0x00000000
x1: 	0x00000000
x2: 	0x00000000
x3: 	0x00000000
x4: 	0x00000000
x5: 	0x00000000
x6: 	0x00000000
x7: 	0x00000000
x8: 	0x00000000
x9: 	0x00000000
x10: 	0x00000000
x11: 	0x00000000
x12: 	0x00000000
x13: 	0x00000000
x14: 	0x00000000
x15: 	0x00000000
x16: 	0x00000000
x17: 	0x00000000
x18: 	0x00000000
x19: 	0x00000000
x20: 	0x00000000
x21: 	0x00000000
x22: 	0x00000000
x23: 	0x00000000
x24: 	0x00000000
x25: 	0x00000000
x26: 	0x00000000
x27: 	0x00000000
x28: 	0x00000000
x29: 	0x00000000
x30: 	0x00000000
x31: 	0x00000000

0x00002390	0x00000000	Unkown Instruction 

All Registers: 
x0: 	0x00000000
x1: 	0x00000000
x2: 	0x00000000
x3: 	0x00000000
x4: 	0x00000000
x5: 	0x00000000
x6: 	0x00000000
x7: 	0x00000000
x8: 	0x00000000
x9: 	0x00000000
x10: 	0x00000000
x11: 	0x00000000
x12: 	0x00000000
x13: 	0x00000000
x14: 	0x00000000
x15: 	0x00000000
x16: 	0x00000000
x17: 	0x00000000
x18: 	0x00000000
x19: 	0x00000000
x20: 	0x00000000
x21: 	0x00000000
x22: 	0x00000000
x23: 	0x00000000
x24: 	0x00000000
x25: 	0x00000000
x26: 	0x00000000
x27: 	0x00000000
x28: 	0x00000000
x29: 	0x00000000
x30: 	0x00000000
x31: 	0x00000000

0x00002394	0x00000000	Unkown Instruction 

All Registers: 
x0: 	0x00000000
x1: 	0x00000000
x2: 	0x00000000
x3: 	0x00000000
x4: 	0x00000000
x5: 	0x00000000
x6: 	0x00000000
x7: 	0x00000000
x8: 	0x00000000
x9: 	0x00000000
x10: 	0x00000000
x11: 	0x00000000
x12: 	0x00000000
x13: 	0x00000000
x14: 	0x00000000
x15: 	0x00000000
x16: 	0x00000000
x17: 	0x00000000
x18: 	0x00000000
x19: 	0x00000000
x20: 	0x00000000
x21: 	0x00000000
x22: 	0x00000000
x23: 	0x00000000
x24: 	0x00000000
x25: 	0x00000000
x26: 	0x00000000
x27: 	0x00000000
x28: 	0x00000000
x29: 	0x00000000
x30: 	0x00000000
x31: 	0x00000000

0x00002398	0x00000000	Unkown Instruction 

All Registers: 
x0: 	0x00000000
x1: 	0x00000000
x2: 	0x00000000
x3: 	0x00000000
x4: 	0x00000000
x5: 	0x00000000
x6: 	0x00000000
x7: 	0x00000000
x8: 	0x00000000
x9: 	0x00000000
x10: 	0x00000000
x11: 	0x00000000
x12: 	0x00000000
x13: 	0x00000000
x14: 	0x00000000
x15: 	0x00000000
x16: 	0x00000000
x17: 	0x00000000
x18: 	0x00000000
x19: 	0x00000000
x20: 	0x00000000
x21: 	0x00000000
x22: 	0x00000000
x23: 	0x00000000
x24: 	0x00000000
x25: 	0x00000000
x26: 	0x00000000
x27: 	0x00000000
x28: 	0x00000000
x29: 	0x00000000
x30: 	0x00000000
x31: 	0x00000000

0x0000239c	0x00000000	Unkown Instruction 

All Registers: 
x0: 	0x00000000
x1: 	0x00000000
x2: 	0x00000000
x3: 	0x00000000
x4: 	0x00000000
x5: 	0x00000000
x6: 	0x00000000
x7: 	0x00000000
x8: 	0x00000000
x9: 	0x00000000
x10: 	0x00000000
x11: 	0x00000000
x12: 	0x00000000
x13: 	0x00000000
x14: 	0x00000000
x15: 	0x00000000
x16: 	0x00000000
x17: 	0x00000000
x18: 	0x00000000
x19: 	0x00000000
x20: 	0x00000000
x21: 	0x00000000
x22: 	0x00000000
x23: 	0x00000000
x24: 	0x00000000
x25: 	0x00000000
x26: 	0x00000000
x27: 	0x00000000
x28: 	0x00000000
x29: 	0x00000000
x30: 	0x00000000
x31: 	0x00000000

0x000023a0	0x00000000	Unkown Instruction 

All Registers: 
x0: 	0x00000000
x1: 	0x00000000
x2: 	0x00000000
x3: 	0x00000000
x4: 	0x00000000
x5: 	0x00000000
x6: 	0x00000000
x7: 	0x00000000
x8: 	0x00000000
x9: 	0x00000000
x10: 	0x00000000
x11: 	0x00000000
x12: 	0x00000000
x13: 	0x00000000
x14: 	0x00000000
x15: 	0x00000000
x16: 	0x00000000
x17: 	0x00000000
x18: 	0x00000000
x19: 	0x00000000
x20: 	0x00000000
x21: 	0x00000000
x22: 	0x00000000
x23: 	0x00000000
x24: 	0x00000000
x25: 	0x00000000
x26: 	0x00000000
x27: 	0x00000000
x28: 	0x00000000
x29: 	0x00000000
x30: 	0x00000000
x31: 	0x00000000

0x000023a4	0x00000000	Unkown Instruction 

All Registers: 
x0: 	0x00000000
x1: 	0x00000000
x2: 	0x00000000
x3: 	0x00000000
x4: 	0x00000000
x5: 	0x00000000
x6: 	0x00000000
x7: 	0x00000000
x8: 	0x00000000
x9: 	0x00000000
x10: 	0x00000000
x11: 	0x00000000
x12: 	0x00000000
x13: 	0x00000000
x14: 	0x00000000
x15: 	0x00000000
x16: 	0x00000000
x17: 	0x00000000
x18: 	0x00000000
x19: 	0x00000000
x20: 	0x00000000
x21: 	0x00000000
x22: 	0x00000000
x23: 	0x00000000
x24: 	0x00000000
x25: 	0x00000000
x26: 	0x00000000
x27: 	0x00000000
x28: 	0x00000000
x29: 	0x00000000
x30: 	0x00000000
x31: 	0x00000000

0x000023a8	0x00000000	Unkown Instruction 

All Registers: 
x0: 	0x00000000
x1: 	0x00000000
x2: 	0x00000000
x3: 	0x00000000
x4: 	0x00000000
x5: 	0x00000000
x6: 	0x00000000
x7: 	0x00000000
x8: 	0x00000000
x9: 	0x00000000
x10: 	0x00000000
x11: 	0x00000000
x12: 	0x00000000
x13: 	0x00000000
x14: 	0x00000000
x15: 	0x00000000
x16: 	0x00000000
x17: 	0x00000000
x18: 	0x00000000
x19: 	0x00000000
x20: 	0x00000000
x21: 	0x00000000
x22: 	0x00000000
x23: 	0x00000000
x24: 	0x00000000
x25: 	0x00000000
x26: 	0x00000000
x27: 	0x00000000
x28: 	0x00000000
x29: 	0x00000000
x30: 	0x00000000
x31: 	0x00000000

0x000023ac	0x00000000	Unkown Instruction 

All Registers: 
x0: 	0x00000000
x1: 	0x00000000
x2: 	0x00000000
x3: 	0x00000000
x4: 	0x00000000
x5: 	0x00000000
x6: 	0x00000000
x7: 	0x00000000
x8: 	0x00000000
x9: 	0x00000000
x10: 	0x00000000
x11: 	0x00000000
x12: 	0x00000000
x13: 	0x00000000
x14: 	0x00000000
x15: 	0x00000000
x16: 	0x00000000
x17: 	0x00000000
x18: 	0x00000000
x19: 	0x00000000
x20: 	0x00000000
x21: 	0x00000000
x22: 	0x00000000
x23: 	0x00000000
x24: 	0x00000000
x25: 	0x00000000
x26: 	0x00000000
x27: 	0x00000000
x28: 	0x00000000
x29: 	0x00000000
x30: 	0x00000000
x31: 	0x00000000

0x000023b0	0x00000000	Unkown Instruction 

All Registers: 
x0: 	0x00000000
x1: 	0x00000000
x2: 	0x00000000
x3: 	0x00000000
x4: 	0x00000000
x5: 	0x00000000
x6: 	0x00000000
x7: 	0x00000000
x8: 	0x00000000
x9: 	0x00000000
x10: 	0x00000000
x11: 	0x00000000
x12: 	0x00000000
x13: 	0x00000000
x14: 	0x00000000
x15: 	0x00000000
x16: 	0x00000000
x17: 	0x00000000
x18: 	0x00000000
x19: 	0x00000000
x20: 	0x00000000
x21: 	0x00000000
x22: 	0x00000000
x23: 	0x00000000
x24: 	0x00000000
x25: 	0x00000000
x26: 	0x00000000
x27: 	0x00000000
x28: 	0x00000000
x29: 	0x00000000
x30: 	0x00000000
x31: 	0x00000000

0x000023b4	0x00000000	Unkown Instruction 

All Registers: 
x0: 	0x00000000
x1: 	0x00000000
x2: 	0x00000000
x3: 	0x00000000
x4: 	0x00000000
x5: 	0x00000000
x6: 	0x00000000
x7: 	0x00000000
x8: 	0x00000000
x9: 	0x00000000
x10: 	0x00000000
x11: 	0x00000000
x12: 	0x00000000
x13: 	0x00000000
x14: 	0x00000000
x15: 	0x00000000
x16: 	0x00000000
x17: 	0x00000000
x18: 	0x00000000
x19: 	0x00000000
x20: 	0x00000000
x21: 	0x00000000
x22: 	0x00000000
x23: 	0x00000000
x24: 	0x00000000
x25: 	0x00000000
x26: 	0x00000000
x27: 	0x00000000
x28: 	0x00000000
x29: 	0x00000000
x30: 	0x00000000
x31: 	0x00000000

0x000023b8	0x00000000	Unkown Instruction 

All Registers: 
x0: 	0x00000000
x1: 	0x00000000
x2: 	0x00000000
x3: 	0x00000000
x4: 	0x00000000
x5: 	0x00000000
x6: 	0x00000000
x7: 	0x00000000
x8: 	0x00000000
x9: 	0x00000000
x10: 	0x00000000
x11: 	0x00000000
x12: 	0x00000000
x13: 	0x00000000
x14: 	0x00000000
x15: 	0x00000000
x16: 	0x00000000
x17: 	0x00000000
x18: 	0x00000000
x19: 	0x00000000
x20: 	0x00000000
x21: 	0x00000000
x22: 	0x00000000
x23: 	0x00000000
x24: 	0x00000000
x25: 	0x00000000
x26: 	0x00000000
x27: 	0x00000000
x28: 	0x00000000
x29: 	0x00000000
x30: 	0x00000000
x31: 	0x00000000

0x000023bc	0x00000000	Unkown Instruction 

All Registers: 
x0: 	0x00000000
x1: 	0x00000000
x2: 	0x00000000
x3: 	0x00000000
x4: 	0x00000000
x5: 	0x00000000
x6: 	0x00000000
x7: 	0x00000000
x8: 	0x00000000
x9: 	0x00000000
x10: 	0x00000000
x11: 	0x00000000
x12: 	0x00000000
x13: 	0x00000000
x14: 	0x00000000
x15: 	0x00000000
x16: 	0x00000000
x17: 	0x00000000
x18: 	0x00000000
x19: 	0x00000000
x20: 	0x00000000
x21: 	0x00000000
x22: 	0x00000000
x23: 	0x00000000
x24: 	0x00000000
x25: 	0x00000000
x26: 	0x00000000
x27: 	0x00000000
x28: 	0x00000000
x29: 	0x00000000
x30: 	0x00000000
x31: 	0x00000000

0x000023c0	0x00000000	Unkown Instruction 

All Registers: 
x0: 	0x00000000
x1: 	0x00000000
x2: 	0x00000000
x3: 	0x00000000
x4: 	0x00000000
x5: 	0x00000000
x6: 	0x00000000
x7: 	0x00000000
x8: 	0x00000000
x9: 	0x00000000
x10: 	0x00000000
x11: 	0x00000000
x12: 	0x00000000
x13: 	0x00000000
x14: 	0x00000000
x15: 	0x00000000
x16: 	0x00000000
x17: 	0x00000000
x18: 	0x00000000
x19: 	0x00000000
x20: 	0x00000000
x21: 	0x00000000
x22: 	0x00000000
x23: 	0x00000000
x24: 	0x00000000
x25: 	0x00000000
x26: 	0x00000000
x27: 	0x00000000
x28: 	0x00000000
x29: 	0x00000000
x30: 	0x00000000
x31: 	0x00000000

0x000023c4	0x00000000	Unkown Instruction 

All Registers: 
x0: 	0x00000000
x1: 	0x00000000
x2: 	0x00000000
x3: 	0x00000000
x4: 	0x00000000
x5: 	0x00000000
x6: 	0x00000000
x7: 	0x00000000
x8: 	0x00000000
x9: 	0x00000000
x10: 	0x00000000
x11: 	0x00000000
x12: 	0x00000000
x13: 	0x00000000
x14: 	0x00000000
x15: 	0x00000000
x16: 	0x00000000
x17: 	0x00000000
x18: 	0x00000000
x19: 	0x00000000
x20: 	0x00000000
x21: 	0x00000000
x22: 	0x00000000
x23: 	0x00000000
x24: 	0x00000000
x25: 	0x00000000
x26: 	0x00000000
x27: 	0x00000000
x28: 	0x00000000
x29: 	0x00000000
x30: 	0x00000000
x31: 	0x00000000

0x000023c8	0x00000000	Unkown Instruction 

All Registers: 
x0: 	0x00000000
x1: 	0x00000000
x2: 	0x00000000
x3: 	0x00000000
x4: 	0x00000000
x5: 	0x00000000
x6: 	0x00000000
x7: 	0x00000000
x8: 	0x00000000
x9: 	0x00000000
x10: 	0x00000000
x11: 	0x00000000
x12: 	0x00000000
x13: 	0x00000000
x14: 	0x00000000
x15: 	0x00000000
x16: 	0x00000000
x17: 	0x00000000
x18: 	0x00000000
x19: 	0x00000000
x20: 	0x00000000
x21: 	0x00000000
x22: 	0x00000000
x23: 	0x00000000
x24: 	0x00000000
x25: 	0x00000000
x26: 	0x00000000
x27: 	0x00000000
x28: 	0x00000000
x29: 	0x00000000
x30: 	0x00000000
x31: 	0x00000000

0x000023cc	0x00000000	Unkown Instruction 

All Registers: 
x0: 	0x00000000
x1: 	0x00000000
x2: 	0x00000000
x3: 	0x00000000
x4: 	0x00000000
x5: 	0x00000000
x6: 	0x00000000
x7: 	0x00000000
x8: 	0x00000000
x9: 	0x00000000
x10: 	0x00000000
x11: 	0x00000000
x12: 	0x00000000
x13: 	0x00000000
x14: 	0x00000000
x15: 	0x00000000
x16: 	0x00000000
x17: 	0x00000000
x18: 	0x00000000
x19: 	0x00000000
x20: 	0x00000000
x21: 	0x00000000
x22: 	0x00000000
x23: 	0x00000000
x24: 	0x00000000
x25: 	0x00000000
x26: 	0x00000000
x27: 	0x00000000
x28: 	0x00000000
x29: 	0x00000000
x30: 	0x00000000
x31: 	0x00000000

0x000023d0	0x00000000	Unkown Instruction 

All Registers: 
x0: 	0x00000000
x1: 	0x00000000
x2: 	0x00000000
x3: 	0x00000000
x4: 	0x00000000
x5: 	0x00000000
x6: 	0x00000000
x7: 	0x00000000
x8: 	0x00000000
x9: 	0x00000000
x10: 	0x00000000
x11: 	0x00000000
x12: 	0x00000000
x13: 	0x00000000
x14: 	0x00000000
x15: 	0x00000000
x16: 	0x00000000
x17: 	0x00000000
x18: 	0x00000000
x19: 	0x00000000
x20: 	0x00000000
x21: 	0x00000000
x22: 	0x00000000
x23: 	0x00000000
x24: 	0x00000000
x25: 	0x00000000
x26: 	0x00000000
x27: 	0x00000000
x28: 	0x00000000
x29: 	0x00000000
x30: 	0x00000000
x31: 	0x00000000

0x000023d4	0x00000000	Unkown Instruction 

All Registers: 
x0: 	0x00000000
x1: 	0x00000000
x2: 	0x00000000
x3: 	0x00000000
x4: 	0x00000000
x5: 	0x00000000
x6: 	0x00000000
x7: 	0x00000000
x8: 	0x00000000
x9: 	0x00000000
x10: 	0x00000000
x11: 	0x00000000
x12: 	0x00000000
x13: 	0x00000000
x14: 	0x00000000
x15: 	0x00000000
x16: 	0x00000000
x17: 	0x00000000
x18: 	0x00000000
x19: 	0x00000000
x20: 	0x00000000
x21: 	0x00000000
x22: 	0x00000000
x23: 	0x00000000
x24: 	0x00000000
x25: 	0x00000000
x26: 	0x00000000
x27: 	0x00000000
x28: 	0x00000000
x29: 	0x00000000
x30: 	0x00000000
x31: 	0x00000000

0x000023d8	0x00000000	Unkown Instruction 

All Registers: 
x0: 	0x00000000
x1: 	0x00000000
x2: 	0x00000000
x3: 	0x00000000
x4: 	0x00000000
x5: 	0x00000000
x6: 	0x00000000
x7: 	0x00000000
x8: 	0x00000000
x9: 	0x00000000
x10: 	0x00000000
x11: 	0x00000000
x12: 	0x00000000
x13: 	0x00000000
x14: 	0x00000000
x15: 	0x00000000
x16: 	0x00000000
x17: 	0x00000000
x18: 	0x00000000
x19: 	0x00000000
x20: 	0x00000000
x21: 	0x00000000
x22: 	0x00000000
x23: 	0x00000000
x24: 	0x00000000
x25: 	0x00000000
x26: 	0x00000000
x27: 	0x00000000
x28: 	0x00000000
x29: 	0x00000000
x30: 	0x00000000
x31: 	0x00000000

0x000023dc	0x00000000	Unkown Instruction 

All Registers: 
x0: 	0x00000000
x1: 	0x00000000
x2: 	0x00000000
x3: 	0x00000000
x4: 	0x00000000
x5: 	0x00000000
x6: 	0x00000000
x7: 	0x00000000
x8: 	0x00000000
x9: 	0x00000000
x10: 	0x00000000
x11: 	0x00000000
x12: 	0x00000000
x13: 	0x00000000
x14: 	0x00000000
x15: 	0x00000000
x16: 	0x00000000
x17: 	0x00000000
x18: 	0x00000000
x19: 	0x00000000
x20: 	0x00000000
x21: 	0x00000000
x22: 	0x00000000
x23: 	0x00000000
x24: 	0x00000000
x25: 	0x00000000
x26: 	0x00000000
x27: 	0x00000000
x28: 	0x00000000
x29: 	0x00000000
x30: 	0x00000000
x31: 	0x00000000

0x000023e0	0x00000000	Unkown Instruction 

All Registers: 
x0: 	0x00000000
x1: 	0x00000000
x2: 	0x00000000
x3: 	0x00000000
x4: 	0x00000000
x5: 	0x00000000
x6: 	0x00000000
x7: 	0x00000000
x8: 	0x00000000
x9: 	0x00000000
x10: 	0x00000000
x11: 	0x00000000
x12: 	0x00000000
x13: 	0x00000000
x14: 	0x00000000
x15: 	0x00000000
x16: 	0x00000000
x17: 	0x00000000
x18: 	0x00000000
x19: 	0x00000000
x20: 	0x00000000
x21: 	0x00000000
x22: 	0x00000000
x23: 	0x00000000
x24: 	0x00000000
x25: 	0x00000000
x26: 	0x00000000
x27: 	0x00000000
x28: 	0x00000000
x29: 	0x00000000
x30: 	0x00000000
x31: 	0x00000000

0x000023e4	0x00000000	Unkown Instruction 

All Registers: 
x0: 	0x00000000
x1: 	0x00000000
x2: 	0x00000000
x3: 	0x00000000
x4: 	0x00000000
x5: 	0x00000000
x6: 	0x00000000
x7: 	0x00000000
x8: 	0x00000000
x9: 	0x00000000
x10: 	0x00000000
x11: 	0x00000000
x12: 	0x00000000
x13: 	0x00000000
x14: 	0x00000000
x15: 	0x00000000
x16: 	0x00000000
x17: 	0x00000000
x18: 	0x00000000
x19: 	0x00000000
x20: 	0x00000000
x21: 	0x00000000
x22: 	0x00000000
x23: 	0x00000000
x24: 	0x00000000
x25: 	0x00000000
x26: 	0x00000000
x27: 	0x00000000
x28: 	0x00000000
x29: 	0x00000000
x30: 	0x00000000
x31: 	0x00000000

0x000023e8	0x00000000	Unkown Instruction 

All Registers: 
x0: 	0x00000000
x1: 	0x00000000
x2: 	0x00000000
x3: 	0x00000000
x4: 	0x00000000
x5: 	0x00000000
x6: 	0x00000000
x7: 	0x00000000
x8: 	0x00000000
x9: 	0x00000000
x10: 	0x00000000
x11: 	0x00000000
x12: 	0x00000000
x13: 	0x00000000
x14: 	0x00000000
x15: 	0x00000000
x16: 	0x00000000
x17: 	0x00000000
x18: 	0x00000000
x19: 	0x00000000
x20: 	0x00000000
x21: 	0x00000000
x22: 	0x00000000
x23: 	0x00000000
x24: 	0x00000000
x25: 	0x00000000
x26: 	0x00000000
x27: 	0x00000000
x28: 	0x00000000
x29: 	0x00000000
x30: 	0x00000000
x31: 	0x00000000

0x000023ec	0x00000000	Unkown Instruction 

All Registers: 
x0: 	0x00000000
x1: 	0x00000000
x2: 	0x00000000
x3: 	0x00000000
x4: 	0x00000000
x5: 	0x00000000
x6: 	0x00000000
x7: 	0x00000000
x8: 	0x00000000
x9: 	0x00000000
x10: 	0x00000000
x11: 	0x00000000
x12: 	0x00000000
x13: 	0x00000000
x14: 	0x00000000
x15: 	0x00000000
x16: 	0x00000000
x17: 	0x00000000
x18: 	0x00000000
x19: 	0x00000000
x20: 	0x00000000
x21: 	0x00000000
x22: 	0x00000000
x23: 	0x00000000
x24: 	0x00000000
x25: 	0x00000000
x26: 	0x00000000
x27: 	0x00000000
x28: 	0x00000000
x29: 	0x00000000
x30: 	0x00000000
x31: 	0x00000000

0x000023f0	0x00000000	Unkown Instruction 

All Registers: 
x0: 	0x00000000
x1: 	0x00000000
x2: 	0x00000000
x3: 	0x00000000
x4: 	0x00000000
x5: 	0x00000000
x6: 	0x00000000
x7: 	0x00000000
x8: 	0x00000000
x9: 	0x00000000
x10: 	0x00000000
x11: 	0x00000000
x12: 	0x00000000
x13: 	0x00000000
x14: 	0x00000000
x15: 	0x00000000
x16: 	0x00000000
x17: 	0x00000000
x18: 	0x00000000
x19: 	0x00000000
x20: 	0x00000000
x21: 	0x00000000
x22: 	0x00000000
x23: 	0x00000000
x24: 	0x00000000
x25: 	0x00000000
x26: 	0x00000000
x27: 	0x00000000
x28: 	0x00000000
x29: 	0x00000000
x30: 	0x00000000
x31: 	0x00000000

0x000023f4	0x00000000	Unkown Instruction 

All Registers: 
x0: 	0x00000000
x1: 	0x00000000
x2: 	0x00000000
x3: 	0x00000000
x4: 	0x00000000
x5: 	0x00000000
x6: 	0x00000000
x7: 	0x00000000
x8: 	0x00000000
x9: 	0x00000000
x10: 	0x00000000
x11: 	0x00000000
x12: 	0x00000000
x13: 	0x00000000
x14: 	0x00000000
x15: 	0x00000000
x16: 	0x00000000
x17: 	0x00000000
x18: 	0x00000000
x19: 	0x00000000
x20: 	0x00000000
x21: 	0x00000000
x22: 	0x00000000
x23: 	0x00000000
x24: 	0x00000000
x25: 	0x00000000
x26: 	0x00000000
x27: 	0x00000000
x28: 	0x00000000
x29: 	0x00000000
x30: 	0x00000000
x31: 	0x00000000

0x000023f8	0x00000000	Unkown Instruction 

All Registers: 
x0: 	0x00000000
x1: 	0x00000000
x2: 	0x00000000
x3: 	0x00000000
x4: 	0x00000000
x5: 	0x00000000
x6: 	0x00000000
x7: 	0x00000000
x8: 	0x00000000
x9: 	0x00000000
x10: 	0x00000000
x11: 	0x00000000
x12: 	0x00000000
x13: 	0x00000000
x14: 	0x00000000
x15: 	0x00000000
x16: 	0x00000000
x17: 	0x00000000
x18: 	0x00000000
x19: 	0x00000000
x20: 	0x00000000
x21: 	0x00000000
x22: 	0x00000000
x23: 	0x00000000
x24: 	0x00000000
x25: 	0x00000000
x26: 	0x00000000
x27: 	0x00000000
x28: 	0x00000000
x29: 	0x00000000
x30: 	0x00000000
x31: 	0x00000000

0x000023fc	0x00000000	Unkown Instruction 

All Registers: 
x0: 	0x00000000
x1: 	0x00000000
x2: 	0x00000000
x3: 	0x00000000
x4: 	0x00000000
x5: 	0x00000000
x6: 	0x00000000
x7: 	0x00000000
x8: 	0x00000000
x9: 	0x00000000
x10: 	0x00000000
x11: 	0x00000000
x12: 	0x00000000
x13: 	0x00000000
x14: 	0x00000000
x15: 	0x00000000
x16: 	0x00000000
x17: 	0x00000000
x18: 	0x00000000
x19: 	0x00000000
x20: 	0x00000000
x21: 	0x00000000
x22: 	0x00000000
x23: 	0x00000000
x24: 	0x00000000
x25: 	0x00000000
x26: 	0x00000000
x27: 	0x00000000
x28: 	0x00000000
x29: 	0x00000000
x30: 	0x00000000
x31: 	0x00000000

0x00002400	0x00000000	Unkown Instruction 

All Registers: 
x0: 	0x00000000
x1: 	0x00000000
x2: 	0x00000000
x3: 	0x00000000
x4: 	0x00000000
x5: 	0x00000000
x6: 	0x00000000
x7: 	0x00000000
x8: 	0x00000000
x9: 	0x00000000
x10: 	0x00000000
x11: 	0x00000000
x12: 	0x00000000
x13: 	0x00000000
x14: 	0x00000000
x15: 	0x00000000
x16: 	0x00000000
x17: 	0x00000000
x18: 	0x00000000
x19: 	0x00000000
x20: 	0x00000000
x21: 	0x00000000
x22: 	0x00000000
x23: 	0x00000000
x24: 	0x00000000
x25: 	0x00000000
x26: 	0x00000000
x27: 	0x00000000
x28: 	0x00000000
x29: 	0x00000000
x30: 	0x00000000
x31: 	0x00000000

0x00002404	0x00000000	Unkown Instruction 

All Registers: 
x0: 	0x00000000
x1: 	0x00000000
x2: 	0x00000000
x3: 	0x00000000
x4: 	0x00000000
x5: 	0x00000000
x6: 	0x00000000
x7: 	0x00000000
x8: 	0x00000000
x9: 	0x00000000
x10: 	0x00000000
x11: 	0x00000000
x12: 	0x00000000
x13: 	0x00000000
x14: 	0x00000000
x15: 	0x00000000
x16: 	0x00000000
x17: 	0x00000000
x18: 	0x00000000
x19: 	0x00000000
x20: 	0x00000000
x21: 	0x00000000
x22: 	0x00000000
x23: 	0x00000000
x24: 	0x00000000
x25: 	0x00000000
x26: 	0x00000000
x27: 	0x00000000
x28: 	0x00000000
x29: 	0x00000000
x30: 	0x00000000
x31: 	0x00000000

0x00002408	0x00000000	Unkown Instruction 

All Registers: 
x0: 	0x00000000
x1: 	0x00000000
x2: 	0x00000000
x3: 	0x00000000
x4: 	0x00000000
x5: 	0x00000000
x6: 	0x00000000
x7: 	0x00000000
x8: 	0x00000000
x9: 	0x00000000
x10: 	0x00000000
x11: 	0x00000000
x12: 	0x00000000
x13: 	0x00000000
x14: 	0x00000000
x15: 	0x00000000
x16: 	0x00000000
x17: 	0x00000000
x18: 	0x00000000
x19: 	0x00000000
x20: 	0x00000000
x21: 	0x00000000
x22: 	0x00000000
x23: 	0x00000000
x24: 	0x00000000
x25: 	0x00000000
x26: 	0x00000000
x27: 	0x00000000
x28: 	0x00000000
x29: 	0x00000000
x30: 	0x00000000
x31: 	0x00000000

0x0000240c	0x00000000	Unkown Instruction 

All Registers: 
x0: 	0x00000000
x1: 	0x00000000
x2: 	0x00000000
x3: 	0x00000000
x4: 	0x00000000
x5: 	0x00000000
x6: 	0x00000000
x7: 	0x00000000
x8: 	0x00000000
x9: 	0x00000000
x10: 	0x00000000
x11: 	0x00000000
x12: 	0x00000000
x13: 	0x00000000
x14: 	0x00000000
x15: 	0x00000000
x16: 	0x00000000
x17: 	0x00000000
x18: 	0x00000000
x19: 	0x00000000
x20: 	0x00000000
x21: 	0x00000000
x22: 	0x00000000
x23: 	0x00000000
x24: 	0x00000000
x25: 	0x00000000
x26: 	0x00000000
x27: 	0x00000000
x28: 	0x00000000
x29: 	0x00000000
x30: 	0x00000000
x31: 	0x00000000

0x00002410	0x00000000	Unkown Instruction 

All Registers: 
x0: 	0x00000000
x1: 	0x00000000
x2: 	0x00000000
x3: 	0x00000000
x4: 	0x00000000
x5: 	0x00000000
x6: 	0x00000000
x7: 	0x00000000
x8: 	0x00000000
x9: 	0x00000000
x10: 	0x00000000
x11: 	0x00000000
x12: 	0x00000000
x13: 	0x00000000
x14: 	0x00000000
x15: 	0x00000000
x16: 	0x00000000
x17: 	0x00000000
x18: 	0x00000000
x19: 	0x00000000
x20: 	0x00000000
x21: 	0x00000000
x22: 	0x00000000
x23: 	0x00000000
x24: 	0x00000000
x25: 	0x00000000
x26: 	0x00000000
x27: 	0x00000000
x28: 	0x00000000
x29: 	0x00000000
x30: 	0x00000000
x31: 	0x00000000

0x00002414	0x00000000	Unkown Instruction 

All Registers: 
x0: 	0x00000000
x1: 	0x00000000
x2: 	0x00000000
x3: 	0x00000000
x4: 	0x00000000
x5: 	0x00000000
x6: 	0x00000000
x7: 	0x00000000
x8: 	0x00000000
x9: 	0x00000000
x10: 	0x00000000
x11: 	0x00000000
x12: 	0x00000000
x13: 	0x00000000
x14: 	0x00000000
x15: 	0x00000000
x16: 	0x00000000
x17: 	0x00000000
x18: 	0x00000000
x19: 	0x00000000
x20: 	0x00000000
x21: 	0x00000000
x22: 	0x00000000
x23: 	0x00000000
x24: 	0x00000000
x25: 	0x00000000
x26: 	0x00000000
x27: 	0x00000000
x28: 	0x00000000
x29: 	0x00000000
x30: 	0x00000000
x31: 	0x00000000

0x00002418	0x00000000	Unkown Instruction 

All Registers: 
x0: 	0x00000000
x1: 	0x00000000
x2: 	0x00000000
x3: 	0x00000000
x4: 	0x00000000
x5: 	0x00000000
x6: 	0x00000000
x7: 	0x00000000
x8: 	0x00000000
x9: 	0x00000000
x10: 	0x00000000
x11: 	0x00000000
x12: 	0x00000000
x13: 	0x00000000
x14: 	0x00000000
x15: 	0x00000000
x16: 	0x00000000
x17: 	0x00000000
x18: 	0x00000000
x19: 	0x00000000
x20: 	0x00000000
x21: 	0x00000000
x22: 	0x00000000
x23: 	0x00000000
x24: 	0x00000000
x25: 	0x00000000
x26: 	0x00000000
x27: 	0x00000000
x28: 	0x00000000
x29: 	0x00000000
x30: 	0x00000000
x31: 	0x00000000

0x0000241c	0x00000000	Unkown Instruction 

All Registers: 
x0: 	0x00000000
x1: 	0x00000000
x2: 	0x00000000
x3: 	0x00000000
x4: 	0x00000000
x5: 	0x00000000
x6: 	0x00000000
x7: 	0x00000000
x8: 	0x00000000
x9: 	0x00000000
x10: 	0x00000000
x11: 	0x00000000
x12: 	0x00000000
x13: 	0x00000000
x14: 	0x00000000
x15: 	0x00000000
x16: 	0x00000000
x17: 	0x00000000
x18: 	0x00000000
x19: 	0x00000000
x20: 	0x00000000
x21: 	0x00000000
x22: 	0x00000000
x23: 	0x00000000
x24: 	0x00000000
x25: 	0x00000000
x26: 	0x00000000
x27: 	0x00000000
x28: 	0x00000000
x29: 	0x00000000
x30: 	0x00000000
x31: 	0x00000000

0x00002420	0x00000000	Unkown Instruction 

All Registers: 
x0: 	0x00000000
x1: 	0x00000000
x2: 	0x00000000
x3: 	0x00000000
x4: 	0x00000000
x5: 	0x00000000
x6: 	0x00000000
x7: 	0x00000000
x8: 	0x00000000
x9: 	0x00000000
x10: 	0x00000000
x11: 	0x00000000
x12: 	0x00000000
x13: 	0x00000000
x14: 	0x00000000
x15: 	0x00000000
x16: 	0x00000000
x17: 	0x00000000
x18: 	0x00000000
x19: 	0x00000000
x20: 	0x00000000
x21: 	0x00000000
x22: 	0x00000000
x23: 	0x00000000
x24: 	0x00000000
x25: 	0x00000000
x26: 	0x00000000
x27: 	0x00000000
x28: 	0x00000000
x29: 	0x00000000
x30: 	0x00000000
x31: 	0x00000000

0x00002424	0x00000000	Unkown Instruction 

All Registers: 
x0: 	0x00000000
x1: 	0x00000000
x2: 	0x00000000
x3: 	0x00000000
x4: 	0x00000000
x5: 	0x00000000
x6: 	0x00000000
x7: 	0x00000000
x8: 	0x00000000
x9: 	0x00000000
x10: 	0x00000000
x11: 	0x00000000
x12: 	0x00000000
x13: 	0x00000000
x14: 	0x00000000
x15: 	0x00000000
x16: 	0x00000000
x17: 	0x00000000
x18: 	0x00000000
x19: 	0x00000000
x20: 	0x00000000
x21: 	0x00000000
x22: 	0x00000000
x23: 	0x00000000
x24: 	0x00000000
x25: 	0x00000000
x26: 	0x00000000
x27: 	0x00000000
x28: 	0x00000000
x29: 	0x00000000
x30: 	0x00000000
x31: 	0x00000000

0x00002428	0x00000000	Unkown Instruction 

All Registers: 
x0: 	0x00000000
x1: 	0x00000000
x2: 	0x00000000
x3: 	0x00000000
x4: 	0x00000000
x5: 	0x00000000
x6: 	0x00000000
x7: 	0x00000000
x8: 	0x00000000
x9: 	0x00000000
x10: 	0x00000000
x11: 	0x00000000
x12: 	0x00000000
x13: 	0x00000000
x14: 	0x00000000
x15: 	0x00000000
x16: 	0x00000000
x17: 	0x00000000
x18: 	0x00000000
x19: 	0x00000000
x20: 	0x00000000
x21: 	0x00000000
x22: 	0x00000000
x23: 	0x00000000
x24: 	0x00000000
x25: 	0x00000000
x26: 	0x00000000
x27: 	0x00000000
x28: 	0x00000000
x29: 	0x00000000
x30: 	0x00000000
x31: 	0x00000000

0x0000242c	0x00000000	Unkown Instruction 

All Registers: 
x0: 	0x00000000
x1: 	0x00000000
x2: 	0x00000000
x3: 	0x00000000
x4: 	0x00000000
x5: 	0x00000000
x6: 	0x00000000
x7: 	0x00000000
x8: 	0x00000000
x9: 	0x00000000
x10: 	0x00000000
x11: 	0x00000000
x12: 	0x00000000
x13: 	0x00000000
x14: 	0x00000000
x15: 	0x00000000
x16: 	0x00000000
x17: 	0x00000000
x18: 	0x00000000
x19: 	0x00000000
x20: 	0x00000000
x21: 	0x00000000
x22: 	0x00000000
x23: 	0x00000000
x24: 	0x00000000
x25: 	0x00000000
x26: 	0x00000000
x27: 	0x00000000
x28: 	0x00000000
x29: 	0x00000000
x30: 	0x00000000
x31: 	0x00000000

0x00002430	0x00000000	Unkown Instruction 

All Registers: 
x0: 	0x00000000
x1: 	0x00000000
x2: 	0x00000000
x3: 	0x00000000
x4: 	0x00000000
x5: 	0x00000000
x6: 	0x00000000
x7: 	0x00000000
x8: 	0x00000000
x9: 	0x00000000
x10: 	0x00000000
x11: 	0x00000000
x12: 	0x00000000
x13: 	0x00000000
x14: 	0x00000000
x15: 	0x00000000
x16: 	0x00000000
x17: 	0x00000000
x18: 	0x00000000
x19: 	0x00000000
x20: 	0x00000000
x21: 	0x00000000
x22: 	0x00000000
x23: 	0x00000000
x24: 	0x00000000
x25: 	0x00000000
x26: 	0x00000000
x27: 	0x00000000
x28: 	0x00000000
x29: 	0x00000000
x30: 	0x00000000
x31: 	0x00000000

0x00002434	0x00000000	Unkown Instruction 

All Registers: 
x0: 	0x00000000
x1: 	0x00000000
x2: 	0x00000000
x3: 	0x00000000
x4: 	0x00000000
x5: 	0x00000000
x6: 	0x00000000
x7: 	0x00000000
x8: 	0x00000000
x9: 	0x00000000
x10: 	0x00000000
x11: 	0x00000000
x12: 	0x00000000
x13: 	0x00000000
x14: 	0x00000000
x15: 	0x00000000
x16: 	0x00000000
x17: 	0x00000000
x18: 	0x00000000
x19: 	0x00000000
x20: 	0x00000000
x21: 	0x00000000
x22: 	0x00000000
x23: 	0x00000000
x24: 	0x00000000
x25: 	0x00000000
x26: 	0x00000000
x27: 	0x00000000
x28: 	0x00000000
x29: 	0x00000000
x30: 	0x00000000
x31: 	0x00000000

0x00002438	0x00000000	Unkown Instruction 

All Registers: 
x0: 	0x00000000
x1: 	0x00000000
x2: 	0x00000000
x3: 	0x00000000
x4: 	0x00000000
x5: 	0x00000000
x6: 	0x00000000
x7: 	0x00000000
x8: 	0x00000000
x9: 	0x00000000
x10: 	0x00000000
x11: 	0x00000000
x12: 	0x00000000
x13: 	0x00000000
x14: 	0x00000000
x15: 	0x00000000
x16: 	0x00000000
x17: 	0x00000000
x18: 	0x00000000
x19: 	0x00000000
x20: 	0x00000000
x21: 	0x00000000
x22: 	0x00000000
x23: 	0x00000000
x24: 	0x00000000
x25: 	0x00000000
x26: 	0x00000000
x27: 	0x00000000
x28: 	0x00000000
x29: 	0x00000000
x30: 	0x00000000
x31: 	0x00000000

0x0000243c	0x00000000	Unkown Instruction 

All Registers: 
x0: 	0x00000000
x1: 	0x00000000
x2: 	0x00000000
x3: 	0x00000000
x4: 	0x00000000
x5: 	0x00000000
x6: 	0x00000000
x7: 	0x00000000
x8: 	0x00000000
x9: 	0x00000000
x10: 	0x00000000
x11: 	0x00000000
x12: 	0x00000000
x13: 	0x00000000
x14: 	0x00000000
x15: 	0x00000000
x16: 	0x00000000
x17: 	0x00000000
x18: 	0x00000000
x19: 	0x00000000
x20: 	0x00000000
x21: 	0x00000000
x22: 	0x00000000
x23: 	0x00000000
x24: 	0x00000000
x25: 	0x00000000
x26: 	0x00000000
x27: 	0x00000000
x28: 	0x00000000
x29: 	0x00000000
x30: 	0x00000000
x31: 	0x00000000

0x00002440	0x00000000	Unkown Instruction 

All Registers: 
x0: 	0x00000000
x1: 	0x00000000
x2: 	0x00000000
x3: 	0x00000000
x4: 	0x00000000
x5: 	0x00000000
x6: 	0x00000000
x7: 	0x00000000
x8: 	0x00000000
x9: 	0x00000000
x10: 	0x00000000
x11: 	0x00000000
x12: 	0x00000000
x13: 	0x00000000
x14: 	0x00000000
x15: 	0x00000000
x16: 	0x00000000
x17: 	0x00000000
x18: 	0x00000000
x19: 	0x00000000
x20: 	0x00000000
x21: 	0x00000000
x22: 	0x00000000
x23: 	0x00000000
x24: 	0x00000000
x25: 	0x00000000
x26: 	0x00000000
x27: 	0x00000000
x28: 	0x00000000
x29: 	0x00000000
x30: 	0x00000000
x31: 	0x00000000

0x00002444	0x00000000	Unkown Instruction 

All Registers: 
x0: 	0x00000000
x1: 	0x00000000
x2: 	0x00000000
x3: 	0x00000000
x4: 	0x00000000
x5: 	0x00000000
x6: 	0x00000000
x7: 	0x00000000
x8: 	0x00000000
x9: 	0x00000000
x10: 	0x00000000
x11: 	0x00000000
x12: 	0x00000000
x13: 	0x00000000
x14: 	0x00000000
x15: 	0x00000000
x16: 	0x00000000
x17: 	0x00000000
x18: 	0x00000000
x19: 	0x00000000
x20: 	0x00000000
x21: 	0x00000000
x22: 	0x00000000
x23: 	0x00000000
x24: 	0x00000000
x25: 	0x00000000
x26: 	0x00000000
x27: 	0x00000000
x28: 	0x00000000
x29: 	0x00000000
x30: 	0x00000000
x31: 	0x00000000

0x00002448	0x00000000	Unkown Instruction 

All Registers: 
x0: 	0x00000000
x1: 	0x00000000
x2: 	0x00000000
x3: 	0x00000000
x4: 	0x00000000
x5: 	0x00000000
x6: 	0x00000000
x7: 	0x00000000
x8: 	0x00000000
x9: 	0x00000000
x10: 	0x00000000
x11: 	0x00000000
x12: 	0x00000000
x13: 	0x00000000
x14: 	0x00000000
x15: 	0x00000000
x16: 	0x00000000
x17: 	0x00000000
x18: 	0x00000000
x19: 	0x00000000
x20: 	0x00000000
x21: 	0x00000000
x22: 	0x00000000
x23: 	0x00000000
x24: 	0x00000000
x25: 	0x00000000
x26: 	0x00000000
x27: 	0x00000000
x28: 	0x00000000
x29: 	0x00000000
x30: 	0x00000000
x31: 	0x00000000

0x0000244c	0x00000000	Unkown Instruction 

All Registers: 
x0: 	0x00000000
x1: 	0x00000000
x2: 	0x00000000
x3: 	0x00000000
x4: 	0x00000000
x5: 	0x00000000
x6: 	0x00000000
x7: 	0x00000000
x8: 	0x00000000
x9: 	0x00000000
x10: 	0x00000000
x11: 	0x00000000
x12: 	0x00000000
x13: 	0x00000000
x14: 	0x00000000
x15: 	0x00000000
x16: 	0x00000000
x17: 	0x00000000
x18: 	0x00000000
x19: 	0x00000000
x20: 	0x00000000
x21: 	0x00000000
x22: 	0x00000000
x23: 	0x00000000
x24: 	0x00000000
x25: 	0x00000000
x26: 	0x00000000
x27: 	0x00000000
x28: 	0x00000000
x29: 	0x00000000
x30: 	0x00000000
x31: 	0x00000000

0x00002450	0x00000000	Unkown Instruction 

All Registers: 
x0: 	0x00000000
x1: 	0x00000000
x2: 	0x00000000
x3: 	0x00000000
x4: 	0x00000000
x5: 	0x00000000
x6: 	0x00000000
x7: 	0x00000000
x8: 	0x00000000
x9: 	0x00000000
x10: 	0x00000000
x11: 	0x00000000
x12: 	0x00000000
x13: 	0x00000000
x14: 	0x00000000
x15: 	0x00000000
x16: 	0x00000000
x17: 	0x00000000
x18: 	0x00000000
x19: 	0x00000000
x20: 	0x00000000
x21: 	0x00000000
x22: 	0x00000000
x23: 	0x00000000
x24: 	0x00000000
x25: 	0x00000000
x26: 	0x00000000
x27: 	0x00000000
x28: 	0x00000000
x29: 	0x00000000
x30: 	0x00000000
x31: 	0x00000000

0x00002454	0x00000000	Unkown Instruction 

All Registers: 
x0: 	0x00000000
x1: 	0x00000000
x2: 	0x00000000
x3: 	0x00000000
x4: 	0x00000000
x5: 	0x00000000
x6: 	0x00000000
x7: 	0x00000000
x8: 	0x00000000
x9: 	0x00000000
x10: 	0x00000000
x11: 	0x00000000
x12: 	0x00000000
x13: 	0x00000000
x14: 	0x00000000
x15: 	0x00000000
x16: 	0x00000000
x17: 	0x00000000
x18: 	0x00000000
x19: 	0x00000000
x20: 	0x00000000
x21: 	0x00000000
x22: 	0x00000000
x23: 	0x00000000
x24: 	0x00000000
x25: 	0x00000000
x26: 	0x00000000
x27: 	0x00000000
x28: 	0x00000000
x29: 	0x00000000
x30: 	0x00000000
x31: 	0x00000000

0x00002458	0x00000000	Unkown Instruction 

All Registers: 
x0: 	0x00000000
x1: 	0x00000000
x2: 	0x00000000
x3: 	0x00000000
x4: 	0x00000000
x5: 	0x00000000
x6: 	0x00000000
x7: 	0x00000000
x8: 	0x00000000
x9: 	0x00000000
x10: 	0x00000000
x11: 	0x00000000
x12: 	0x00000000
x13: 	0x00000000
x14: 	0x00000000
x15: 	0x00000000
x16: 	0x00000000
x17: 	0x00000000
x18: 	0x00000000
x19: 	0x00000000
x20: 	0x00000000
x21: 	0x00000000
x22: 	0x00000000
x23: 	0x00000000
x24: 	0x00000000
x25: 	0x00000000
x26: 	0x00000000
x27: 	0x00000000
x28: 	0x00000000
x29: 	0x00000000
x30: 	0x00000000
x31: 	0x00000000

0x0000245c	0x00000000	Unkown Instruction 

All Registers: 
x0: 	0x00000000
x1: 	0x00000000
x2: 	0x00000000
x3: 	0x00000000
x4: 	0x00000000
x5: 	0x00000000
x6: 	0x00000000
x7: 	0x00000000
x8: 	0x00000000
x9: 	0x00000000
x10: 	0x00000000
x11: 	0x00000000
x12: 	0x00000000
x13: 	0x00000000
x14: 	0x00000000
x15: 	0x00000000
x16: 	0x00000000
x17: 	0x00000000
x18: 	0x00000000
x19: 	0x00000000
x20: 	0x00000000
x21: 	0x00000000
x22: 	0x00000000
x23: 	0x00000000
x24: 	0x00000000
x25: 	0x00000000
x26: 	0x00000000
x27: 	0x00000000
x28: 	0x00000000
x29: 	0x00000000
x30: 	0x00000000
x31: 	0x00000000

0x00002460	0x00000000	Unkown Instruction 

All Registers: 
x0: 	0x00000000
x1: 	0x00000000
x2: 	0x00000000
x3: 	0x00000000
x4: 	0x00000000
x5: 	0x00000000
x6: 	0x00000000
x7: 	0x00000000
x8: 	0x00000000
x9: 	0x00000000
x10: 	0x00000000
x11: 	0x00000000
x12: 	0x00000000
x13: 	0x00000000
x14: 	0x00000000
x15: 	0x00000000
x16: 	0x00000000
x17: 	0x00000000
x18: 	0x00000000
x19: 	0x00000000
x20: 	0x00000000
x21: 	0x00000000
x22: 	0x00000000
x23: 	0x00000000
x24: 	0x00000000
x25: 	0x00000000
x26: 	0x00000000
x27: 	0x00000000
x28: 	0x00000000
x29: 	0x00000000
x30: 	0x00000000
x31: 	0x00000000

0x00002464	0x00000000	Unkown Instruction 

All Registers: 
x0: 	0x00000000
x1: 	0x00000000
x2: 	0x00000000
x3: 	0x00000000
x4: 	0x00000000
x5: 	0x00000000
x6: 	0x00000000
x7: 	0x00000000
x8: 	0x00000000
x9: 	0x00000000
x10: 	0x00000000
x11: 	0x00000000
x12: 	0x00000000
x13: 	0x00000000
x14: 	0x00000000
x15: 	0x00000000
x16: 	0x00000000
x17: 	0x00000000
x18: 	0x00000000
x19: 	0x00000000
x20: 	0x00000000
x21: 	0x00000000
x22: 	0x00000000
x23: 	0x00000000
x24: 	0x00000000
x25: 	0x00000000
x26: 	0x00000000
x27: 	0x00000000
x28: 	0x00000000
x29: 	0x00000000
x30: 	0x00000000
x31: 	0x00000000

0x00002468	0x00000000	Unkown Instruction 

All Registers: 
x0: 	0x00000000
x1: 	0x00000000
x2: 	0x00000000
x3: 	0x00000000
x4: 	0x00000000
x5: 	0x00000000
x6: 	0x00000000
x7: 	0x00000000
x8: 	0x00000000
x9: 	0x00000000
x10: 	0x00000000
x11: 	0x00000000
x12: 	0x00000000
x13: 	0x00000000
x14: 	0x00000000
x15: 	0x00000000
x16: 	0x00000000
x17: 	0x00000000
x18: 	0x00000000
x19: 	0x00000000
x20: 	0x00000000
x21: 	0x00000000
x22: 	0x00000000
x23: 	0x00000000
x24: 	0x00000000
x25: 	0x00000000
x26: 	0x00000000
x27: 	0x00000000
x28: 	0x00000000
x29: 	0x00000000
x30: 	0x00000000
x31: 	0x00000000

0x0000246c	0x00000000	Unkown Instruction 

All Registers: 
x0: 	0x00000000
x1: 	0x00000000
x2: 	0x00000000
x3: 	0x00000000
x4: 	0x00000000
x5: 	0x00000000
x6: 	0x00000000
x7: 	0x00000000
x8: 	0x00000000
x9: 	0x00000000
x10: 	0x00000000
x11: 	0x00000000
x12: 	0x00000000
x13: 	0x00000000
x14: 	0x00000000
x15: 	0x00000000
x16: 	0x00000000
x17: 	0x00000000
x18: 	0x00000000
x19: 	0x00000000
x20: 	0x00000000
x21: 	0x00000000
x22: 	0x00000000
x23: 	0x00000000
x24: 	0x00000000
x25: 	0x00000000
x26: 	0x00000000
x27: 	0x00000000
x28: 	0x00000000
x29: 	0x00000000
x30: 	0x00000000
x31: 	0x00000000

0x00002470	0x00000000	Unkown Instruction 

All Registers: 
x0: 	0x00000000
x1: 	0x00000000
x2: 	0x00000000
x3: 	0x00000000
x4: 	0x00000000
x5: 	0x00000000
x6: 	0x00000000
x7: 	0x00000000
x8: 	0x00000000
x9: 	0x00000000
x10: 	0x00000000
x11: 	0x00000000
x12: 	0x00000000
x13: 	0x00000000
x14: 	0x00000000
x15: 	0x00000000
x16: 	0x00000000
x17: 	0x00000000
x18: 	0x00000000
x19: 	0x00000000
x20: 	0x00000000
x21: 	0x00000000
x22: 	0x00000000
x23: 	0x00000000
x24: 	0x00000000
x25: 	0x00000000
x26: 	0x00000000
x27: 	0x00000000
x28: 	0x00000000
x29: 	0x00000000
x30: 	0x00000000
x31: 	0x00000000

0x00002474	0x00000000	Unkown Instruction 

All Registers: 
x0: 	0x00000000
x1: 	0x00000000
x2: 	0x00000000
x3: 	0x00000000
x4: 	0x00000000
x5: 	0x00000000
x6: 	0x00000000
x7: 	0x00000000
x8: 	0x00000000
x9: 	0x00000000
x10: 	0x00000000
x11: 	0x00000000
x12: 	0x00000000
x13: 	0x00000000
x14: 	0x00000000
x15: 	0x00000000
x16: 	0x00000000
x17: 	0x00000000
x18: 	0x00000000
x19: 	0x00000000
x20: 	0x00000000
x21: 	0x00000000
x22: 	0x00000000
x23: 	0x00000000
x24: 	0x00000000
x25: 	0x00000000
x26: 	0x00000000
x27: 	0x00000000
x28: 	0x00000000
x29: 	0x00000000
x30: 	0x00000000
x31: 	0x00000000

0x00002478	0x00000000	Unkown Instruction 

All Registers: 
x0: 	0x00000000
x1: 	0x00000000
x2: 	0x00000000
x3: 	0x00000000
x4: 	0x00000000
x5: 	0x00000000
x6: 	0x00000000
x7: 	0x00000000
x8: 	0x00000000
x9: 	0x00000000
x10: 	0x00000000
x11: 	0x00000000
x12: 	0x00000000
x13: 	0x00000000
x14: 	0x00000000
x15: 	0x00000000
x16: 	0x00000000
x17: 	0x00000000
x18: 	0x00000000
x19: 	0x00000000
x20: 	0x00000000
x21: 	0x00000000
x22: 	0x00000000
x23: 	0x00000000
x24: 	0x00000000
x25: 	0x00000000
x26: 	0x00000000
x27: 	0x00000000
x28: 	0x00000000
x29: 	0x00000000
x30: 	0x00000000
x31: 	0x00000000

0x0000247c	0x00000000	Unkown Instruction 

All Registers: 
x0: 	0x00000000
x1: 	0x00000000
x2: 	0x00000000
x3: 	0x00000000
x4: 	0x00000000
x5: 	0x00000000
x6: 	0x00000000
x7: 	0x00000000
x8: 	0x00000000
x9: 	0x00000000
x10: 	0x00000000
x11: 	0x00000000
x12: 	0x00000000
x13: 	0x00000000
x14: 	0x00000000
x15: 	0x00000000
x16: 	0x00000000
x17: 	0x00000000
x18: 	0x00000000
x19: 	0x00000000
x20: 	0x00000000
x21: 	0x00000000
x22: 	0x00000000
x23: 	0x00000000
x24: 	0x00000000
x25: 	0x00000000
x26: 	0x00000000
x27: 	0x00000000
x28: 	0x00000000
x29: 	0x00000000
x30: 	0x00000000
x31: 	0x00000000

0x00002480	0x00000000	Unkown Instruction 

All Registers: 
x0: 	0x00000000
x1: 	0x00000000
x2: 	0x00000000
x3: 	0x00000000
x4: 	0x00000000
x5: 	0x00000000
x6: 	0x00000000
x7: 	0x00000000
x8: 	0x00000000
x9: 	0x00000000
x10: 	0x00000000
x11: 	0x00000000
x12: 	0x00000000
x13: 	0x00000000
x14: 	0x00000000
x15: 	0x00000000
x16: 	0x00000000
x17: 	0x00000000
x18: 	0x00000000
x19: 	0x00000000
x20: 	0x00000000
x21: 	0x00000000
x22: 	0x00000000
x23: 	0x00000000
x24: 	0x00000000
x25: 	0x00000000
x26: 	0x00000000
x27: 	0x00000000
x28: 	0x00000000
x29: 	0x00000000
x30: 	0x00000000
x31: 	0x00000000

0x00002484	0x00000000	Unkown Instruction 

All Registers: 
x0: 	0x00000000
x1: 	0x00000000
x2: 	0x00000000
x3: 	0x00000000
x4: 	0x00000000
x5: 	0x00000000
x6: 	0x00000000
x7: 	0x00000000
x8: 	0x00000000
x9: 	0x00000000
x10: 	0x00000000
x11: 	0x00000000
x12: 	0x00000000
x13: 	0x00000000
x14: 	0x00000000
x15: 	0x00000000
x16: 	0x00000000
x17: 	0x00000000
x18: 	0x00000000
x19: 	0x00000000
x20: 	0x00000000
x21: 	0x00000000
x22: 	0x00000000
x23: 	0x00000000
x24: 	0x00000000
x25: 	0x00000000
x26: 	0x00000000
x27: 	0x00000000
x28: 	0x00000000
x29: 	0x00000000
x30: 	0x00000000
x31: 	0x00000000

0x00002488	0x00000000	Unkown Instruction 

All Registers: 
x0: 	0x00000000
x1: 	0x00000000
x2: 	0x00000000
x3: 	0x00000000
x4: 	0x00000000
x5: 	0x00000000
x6: 	0x00000000
x7: 	0x00000000
x8: 	0x00000000
x9: 	0x00000000
x10: 	0x00000000
x11: 	0x00000000
x12: 	0x00000000
x13: 	0x00000000
x14: 	0x00000000
x15: 	0x00000000
x16: 	0x00000000
x17: 	0x00000000
x18: 	0x00000000
x19: 	0x00000000
x20: 	0x00000000
x21: 	0x00000000
x22: 	0x00000000
x23: 	0x00000000
x24: 	0x00000000
x25: 	0x00000000
x26: 	0x00000000
x27: 	0x00000000
x28: 	0x00000000
x29: 	0x00000000
x30: 	0x00000000
x31: 	0x00000000

0x0000248c	0x00000000	Unkown Instruction 

All Registers: 
x0: 	0x00000000
x1: 	0x00000000
x2: 	0x00000000
x3: 	0x00000000
x4: 	0x00000000
x5: 	0x00000000
x6: 	0x00000000
x7: 	0x00000000
x8: 	0x00000000
x9: 	0x00000000
x10: 	0x00000000
x11: 	0x00000000
x12: 	0x00000000
x13: 	0x00000000
x14: 	0x00000000
x15: 	0x00000000
x16: 	0x00000000
x17: 	0x00000000
x18: 	0x00000000
x19: 	0x00000000
x20: 	0x00000000
x21: 	0x00000000
x22: 	0x00000000
x23: 	0x00000000
x24: 	0x00000000
x25: 	0x00000000
x26: 	0x00000000
x27: 	0x00000000
x28: 	0x00000000
x29: 	0x00000000
x30: 	0x00000000
x31: 	0x00000000

0x00002490	0x00000000	Unkown Instruction 

All Registers: 
x0: 	0x00000000
x1: 	0x00000000
x2: 	0x00000000
x3: 	0x00000000
x4: 	0x00000000
x5: 	0x00000000
x6: 	0x00000000
x7: 	0x00000000
x8: 	0x00000000
x9: 	0x00000000
x10: 	0x00000000
x11: 	0x00000000
x12: 	0x00000000
x13: 	0x00000000
x14: 	0x00000000
x15: 	0x00000000
x16: 	0x00000000
x17: 	0x00000000
x18: 	0x00000000
x19: 	0x00000000
x20: 	0x00000000
x21: 	0x00000000
x22: 	0x00000000
x23: 	0x00000000
x24: 	0x00000000
x25: 	0x00000000
x26: 	0x00000000
x27: 	0x00000000
x28: 	0x00000000
x29: 	0x00000000
x30: 	0x00000000
x31: 	0x00000000

0x00002494	0x00000000	Unkown Instruction 

All Registers: 
x0: 	0x00000000
x1: 	0x00000000
x2: 	0x00000000
x3: 	0x00000000
x4: 	0x00000000
x5: 	0x00000000
x6: 	0x00000000
x7: 	0x00000000
x8: 	0x00000000
x9: 	0x00000000
x10: 	0x00000000
x11: 	0x00000000
x12: 	0x00000000
x13: 	0x00000000
x14: 	0x00000000
x15: 	0x00000000
x16: 	0x00000000
x17: 	0x00000000
x18: 	0x00000000
x19: 	0x00000000
x20: 	0x00000000
x21: 	0x00000000
x22: 	0x00000000
x23: 	0x00000000
x24: 	0x00000000
x25: 	0x00000000
x26: 	0x00000000
x27: 	0x00000000
x28: 	0x00000000
x29: 	0x00000000
x30: 	0x00000000
x31: 	0x00000000

0x00002498	0x00000000	Unkown Instruction 

All Registers: 
x0: 	0x00000000
x1: 	0x00000000
x2: 	0x00000000
x3: 	0x00000000
x4: 	0x00000000
x5: 	0x00000000
x6: 	0x00000000
x7: 	0x00000000
x8: 	0x00000000
x9: 	0x00000000
x10: 	0x00000000
x11: 	0x00000000
x12: 	0x00000000
x13: 	0x00000000
x14: 	0x00000000
x15: 	0x00000000
x16: 	0x00000000
x17: 	0x00000000
x18: 	0x00000000
x19: 	0x00000000
x20: 	0x00000000
x21: 	0x00000000
x22: 	0x00000000
x23: 	0x00000000
x24: 	0x00000000
x25: 	0x00000000
x26: 	0x00000000
x27: 	0x00000000
x28: 	0x00000000
x29: 	0x00000000
x30: 	0x00000000
x31: 	0x00000000

0x0000249c	0x00000000	Unkown Instruction 

All Registers: 
x0: 	0x00000000
x1: 	0x00000000
x2: 	0x00000000
x3: 	0x00000000
x4: 	0x00000000
x5: 	0x00000000
x6: 	0x00000000
x7: 	0x00000000
x8: 	0x00000000
x9: 	0x00000000
x10: 	0x00000000
x11: 	0x00000000
x12: 	0x00000000
x13: 	0x00000000
x14: 	0x00000000
x15: 	0x00000000
x16: 	0x00000000
x17: 	0x00000000
x18: 	0x00000000
x19: 	0x00000000
x20: 	0x00000000
x21: 	0x00000000
x22: 	0x00000000
x23: 	0x00000000
x24: 	0x00000000
x25: 	0x00000000
x26: 	0x00000000
x27: 	0x00000000
x28: 	0x00000000
x29: 	0x00000000
x30: 	0x00000000
x31: 	0x00000000

0x000024a0	0x00000000	Unkown Instruction 

All Registers: 
x0: 	0x00000000
x1: 	0x00000000
x2: 	0x00000000
x3: 	0x00000000
x4: 	0x00000000
x5: 	0x00000000
x6: 	0x00000000
x7: 	0x00000000
x8: 	0x00000000
x9: 	0x00000000
x10: 	0x00000000
x11: 	0x00000000
x12: 	0x00000000
x13: 	0x00000000
x14: 	0x00000000
x15: 	0x00000000
x16: 	0x00000000
x17: 	0x00000000
x18: 	0x00000000
x19: 	0x00000000
x20: 	0x00000000
x21: 	0x00000000
x22: 	0x00000000
x23: 	0x00000000
x24: 	0x00000000
x25: 	0x00000000
x26: 	0x00000000
x27: 	0x00000000
x28: 	0x00000000
x29: 	0x00000000
x30: 	0x00000000
x31: 	0x00000000

0x000024a4	0x00000000	Unkown Instruction 

All Registers: 
x0: 	0x00000000
x1: 	0x00000000
x2: 	0x00000000
x3: 	0x00000000
x4: 	0x00000000
x5: 	0x00000000
x6: 	0x00000000
x7: 	0x00000000
x8: 	0x00000000
x9: 	0x00000000
x10: 	0x00000000
x11: 	0x00000000
x12: 	0x00000000
x13: 	0x00000000
x14: 	0x00000000
x15: 	0x00000000
x16: 	0x00000000
x17: 	0x00000000
x18: 	0x00000000
x19: 	0x00000000
x20: 	0x00000000
x21: 	0x00000000
x22: 	0x00000000
x23: 	0x00000000
x24: 	0x00000000
x25: 	0x00000000
x26: 	0x00000000
x27: 	0x00000000
x28: 	0x00000000
x29: 	0x00000000
x30: 	0x00000000
x31: 	0x00000000

0x000024a8	0x00000000	Unkown Instruction 

All Registers: 
x0: 	0x00000000
x1: 	0x00000000
x2: 	0x00000000
x3: 	0x00000000
x4: 	0x00000000
x5: 	0x00000000
x6: 	0x00000000
x7: 	0x00000000
x8: 	0x00000000
x9: 	0x00000000
x10: 	0x00000000
x11: 	0x00000000
x12: 	0x00000000
x13: 	0x00000000
x14: 	0x00000000
x15: 	0x00000000
x16: 	0x00000000
x17: 	0x00000000
x18: 	0x00000000
x19: 	0x00000000
x20: 	0x00000000
x21: 	0x00000000
x22: 	0x00000000
x23: 	0x00000000
x24: 	0x00000000
x25: 	0x00000000
x26: 	0x00000000
x27: 	0x00000000
x28: 	0x00000000
x29: 	0x00000000
x30: 	0x00000000
x31: 	0x00000000

0x000024ac	0x00000000	Unkown Instruction 

All Registers: 
x0: 	0x00000000
x1: 	0x00000000
x2: 	0x00000000
x3: 	0x00000000
x4: 	0x00000000
x5: 	0x00000000
x6: 	0x00000000
x7: 	0x00000000
x8: 	0x00000000
x9: 	0x00000000
x10: 	0x00000000
x11: 	0x00000000
x12: 	0x00000000
x13: 	0x00000000
x14: 	0x00000000
x15: 	0x00000000
x16: 	0x00000000
x17: 	0x00000000
x18: 	0x00000000
x19: 	0x00000000
x20: 	0x00000000
x21: 	0x00000000
x22: 	0x00000000
x23: 	0x00000000
x24: 	0x00000000
x25: 	0x00000000
x26: 	0x00000000
x27: 	0x00000000
x28: 	0x00000000
x29: 	0x00000000
x30: 	0x00000000
x31: 	0x00000000

0x000024b0	0x00000000	Unkown Instruction 

All Registers: 
x0: 	0x00000000
x1: 	0x00000000
x2: 	0x00000000
x3: 	0x00000000
x4: 	0x00000000
x5: 	0x00000000
x6: 	0x00000000
x7: 	0x00000000
x8: 	0x00000000
x9: 	0x00000000
x10: 	0x00000000
x11: 	0x00000000
x12: 	0x00000000
x13: 	0x00000000
x14: 	0x00000000
x15: 	0x00000000
x16: 	0x00000000
x17: 	0x00000000
x18: 	0x00000000
x19: 	0x00000000
x20: 	0x00000000
x21: 	0x00000000
x22: 	0x00000000
x23: 	0x00000000
x24: 	0x00000000
x25: 	0x00000000
x26: 	0x00000000
x27: 	0x00000000
x28: 	0x00000000
x29: 	0x00000000
x30: 	0x00000000
x31: 	0x00000000

0x000024b4	0x00000000	Unkown Instruction 

All Registers: 
x0: 	0x00000000
x1: 	0x00000000
x2: 	0x00000000
x3: 	0x00000000
x4: 	0x00000000
x5: 	0x00000000
x6: 	0x00000000
x7: 	0x00000000
x8: 	0x00000000
x9: 	0x00000000
x10: 	0x00000000
x11: 	0x00000000
x12: 	0x00000000
x13: 	0x00000000
x14: 	0x00000000
x15: 	0x00000000
x16: 	0x00000000
x17: 	0x00000000
x18: 	0x00000000
x19: 	0x00000000
x20: 	0x00000000
x21: 	0x00000000
x22: 	0x00000000
x23: 	0x00000000
x24: 	0x00000000
x25: 	0x00000000
x26: 	0x00000000
x27: 	0x00000000
x28: 	0x00000000
x29: 	0x00000000
x30: 	0x00000000
x31: 	0x00000000

0x000024b8	0x00000000	Unkown Instruction 

All Registers: 
x0: 	0x00000000
x1: 	0x00000000
x2: 	0x00000000
x3: 	0x00000000
x4: 	0x00000000
x5: 	0x00000000
x6: 	0x00000000
x7: 	0x00000000
x8: 	0x00000000
x9: 	0x00000000
x10: 	0x00000000
x11: 	0x00000000
x12: 	0x00000000
x13: 	0x00000000
x14: 	0x00000000
x15: 	0x00000000
x16: 	0x00000000
x17: 	0x00000000
x18: 	0x00000000
x19: 	0x00000000
x20: 	0x00000000
x21: 	0x00000000
x22: 	0x00000000
x23: 	0x00000000
x24: 	0x00000000
x25: 	0x00000000
x26: 	0x00000000
x27: 	0x00000000
x28: 	0x00000000
x29: 	0x00000000
x30: 	0x00000000
x31: 	0x00000000

0x000024bc	0x00000000	Unkown Instruction 

All Registers: 
x0: 	0x00000000
x1: 	0x00000000
x2: 	0x00000000
x3: 	0x00000000
x4: 	0x00000000
x5: 	0x00000000
x6: 	0x00000000
x7: 	0x00000000
x8: 	0x00000000
x9: 	0x00000000
x10: 	0x00000000
x11: 	0x00000000
x12: 	0x00000000
x13: 	0x00000000
x14: 	0x00000000
x15: 	0x00000000
x16: 	0x00000000
x17: 	0x00000000
x18: 	0x00000000
x19: 	0x00000000
x20: 	0x00000000
x21: 	0x00000000
x22: 	0x00000000
x23: 	0x00000000
x24: 	0x00000000
x25: 	0x00000000
x26: 	0x00000000
x27: 	0x00000000
x28: 	0x00000000
x29: 	0x00000000
x30: 	0x00000000
x31: 	0x00000000

0x000024c0	0x00000000	Unkown Instruction 

All Registers: 
x0: 	0x00000000
x1: 	0x00000000
x2: 	0x00000000
x3: 	0x00000000
x4: 	0x00000000
x5: 	0x00000000
x6: 	0x00000000
x7: 	0x00000000
x8: 	0x00000000
x9: 	0x00000000
x10: 	0x00000000
x11: 	0x00000000
x12: 	0x00000000
x13: 	0x00000000
x14: 	0x00000000
x15: 	0x00000000
x16: 	0x00000000
x17: 	0x00000000
x18: 	0x00000000
x19: 	0x00000000
x20: 	0x00000000
x21: 	0x00000000
x22: 	0x00000000
x23: 	0x00000000
x24: 	0x00000000
x25: 	0x00000000
x26: 	0x00000000
x27: 	0x00000000
x28: 	0x00000000
x29: 	0x00000000
x30: 	0x00000000
x31: 	0x00000000

0x000024c4	0x00000000	Unkown Instruction 

All Registers: 
x0: 	0x00000000
x1: 	0x00000000
x2: 	0x00000000
x3: 	0x00000000
x4: 	0x00000000
x5: 	0x00000000
x6: 	0x00000000
x7: 	0x00000000
x8: 	0x00000000
x9: 	0x00000000
x10: 	0x00000000
x11: 	0x00000000
x12: 	0x00000000
x13: 	0x00000000
x14: 	0x00000000
x15: 	0x00000000
x16: 	0x00000000
x17: 	0x00000000
x18: 	0x00000000
x19: 	0x00000000
x20: 	0x00000000
x21: 	0x00000000
x22: 	0x00000000
x23: 	0x00000000
x24: 	0x00000000
x25: 	0x00000000
x26: 	0x00000000
x27: 	0x00000000
x28: 	0x00000000
x29: 	0x00000000
x30: 	0x00000000
x31: 	0x00000000

0x000024c8	0x00000000	Unkown Instruction 

All Registers: 
x0: 	0x00000000
x1: 	0x00000000
x2: 	0x00000000
x3: 	0x00000000
x4: 	0x00000000
x5: 	0x00000000
x6: 	0x00000000
x7: 	0x00000000
x8: 	0x00000000
x9: 	0x00000000
x10: 	0x00000000
x11: 	0x00000000
x12: 	0x00000000
x13: 	0x00000000
x14: 	0x00000000
x15: 	0x00000000
x16: 	0x00000000
x17: 	0x00000000
x18: 	0x00000000
x19: 	0x00000000
x20: 	0x00000000
x21: 	0x00000000
x22: 	0x00000000
x23: 	0x00000000
x24: 	0x00000000
x25: 	0x00000000
x26: 	0x00000000
x27: 	0x00000000
x28: 	0x00000000
x29: 	0x00000000
x30: 	0x00000000
x31: 	0x00000000

0x000024cc	0x00000000	Unkown Instruction 

All Registers: 
x0: 	0x00000000
x1: 	0x00000000
x2: 	0x00000000
x3: 	0x00000000
x4: 	0x00000000
x5: 	0x00000000
x6: 	0x00000000
x7: 	0x00000000
x8: 	0x00000000
x9: 	0x00000000
x10: 	0x00000000
x11: 	0x00000000
x12: 	0x00000000
x13: 	0x00000000
x14: 	0x00000000
x15: 	0x00000000
x16: 	0x00000000
x17: 	0x00000000
x18: 	0x00000000
x19: 	0x00000000
x20: 	0x00000000
x21: 	0x00000000
x22: 	0x00000000
x23: 	0x00000000
x24: 	0x00000000
x25: 	0x00000000
x26: 	0x00000000
x27: 	0x00000000
x28: 	0x00000000
x29: 	0x00000000
x30: 	0x00000000
x31: 	0x00000000

0x000024d0	0x00000000	Unkown Instruction 

All Registers: 
x0: 	0x00000000
x1: 	0x00000000
x2: 	0x00000000
x3: 	0x00000000
x4: 	0x00000000
x5: 	0x00000000
x6: 	0x00000000
x7: 	0x00000000
x8: 	0x00000000
x9: 	0x00000000
x10: 	0x00000000
x11: 	0x00000000
x12: 	0x00000000
x13: 	0x00000000
x14: 	0x00000000
x15: 	0x00000000
x16: 	0x00000000
x17: 	0x00000000
x18: 	0x00000000
x19: 	0x00000000
x20: 	0x00000000
x21: 	0x00000000
x22: 	0x00000000
x23: 	0x00000000
x24: 	0x00000000
x25: 	0x00000000
x26: 	0x00000000
x27: 	0x00000000
x28: 	0x00000000
x29: 	0x00000000
x30: 	0x00000000
x31: 	0x00000000

0x000024d4	0x00000000	Unkown Instruction 

All Registers: 
x0: 	0x00000000
x1: 	0x00000000
x2: 	0x00000000
x3: 	0x00000000
x4: 	0x00000000
x5: 	0x00000000
x6: 	0x00000000
x7: 	0x00000000
x8: 	0x00000000
x9: 	0x00000000
x10: 	0x00000000
x11: 	0x00000000
x12: 	0x00000000
x13: 	0x00000000
x14: 	0x00000000
x15: 	0x00000000
x16: 	0x00000000
x17: 	0x00000000
x18: 	0x00000000
x19: 	0x00000000
x20: 	0x00000000
x21: 	0x00000000
x22: 	0x00000000
x23: 	0x00000000
x24: 	0x00000000
x25: 	0x00000000
x26: 	0x00000000
x27: 	0x00000000
x28: 	0x00000000
x29: 	0x00000000
x30: 	0x00000000
x31: 	0x00000000

0x000024d8	0x00000000	Unkown Instruction 

All Registers: 
x0: 	0x00000000
x1: 	0x00000000
x2: 	0x00000000
x3: 	0x00000000
x4: 	0x00000000
x5: 	0x00000000
x6: 	0x00000000
x7: 	0x00000000
x8: 	0x00000000
x9: 	0x00000000
x10: 	0x00000000
x11: 	0x00000000
x12: 	0x00000000
x13: 	0x00000000
x14: 	0x00000000
x15: 	0x00000000
x16: 	0x00000000
x17: 	0x00000000
x18: 	0x00000000
x19: 	0x00000000
x20: 	0x00000000
x21: 	0x00000000
x22: 	0x00000000
x23: 	0x00000000
x24: 	0x00000000
x25: 	0x00000000
x26: 	0x00000000
x27: 	0x00000000
x28: 	0x00000000
x29: 	0x00000000
x30: 	0x00000000
x31: 	0x00000000

0x000024dc	0x00000000	Unkown Instruction 

All Registers: 
x0: 	0x00000000
x1: 	0x00000000
x2: 	0x00000000
x3: 	0x00000000
x4: 	0x00000000
x5: 	0x00000000
x6: 	0x00000000
x7: 	0x00000000
x8: 	0x00000000
x9: 	0x00000000
x10: 	0x00000000
x11: 	0x00000000
x12: 	0x00000000
x13: 	0x00000000
x14: 	0x00000000
x15: 	0x00000000
x16: 	0x00000000
x17: 	0x00000000
x18: 	0x00000000
x19: 	0x00000000
x20: 	0x00000000
x21: 	0x00000000
x22: 	0x00000000
x23: 	0x00000000
x24: 	0x00000000
x25: 	0x00000000
x26: 	0x00000000
x27: 	0x00000000
x28: 	0x00000000
x29: 	0x00000000
x30: 	0x00000000
x31: 	0x00000000

0x000024e0	0x00000000	Unkown Instruction 

All Registers: 
x0: 	0x00000000
x1: 	0x00000000
x2: 	0x00000000
x3: 	0x00000000
x4: 	0x00000000
x5: 	0x00000000
x6: 	0x00000000
x7: 	0x00000000
x8: 	0x00000000
x9: 	0x00000000
x10: 	0x00000000
x11: 	0x00000000
x12: 	0x00000000
x13: 	0x00000000
x14: 	0x00000000
x15: 	0x00000000
x16: 	0x00000000
x17: 	0x00000000
x18: 	0x00000000
x19: 	0x00000000
x20: 	0x00000000
x21: 	0x00000000
x22: 	0x00000000
x23: 	0x00000000
x24: 	0x00000000
x25: 	0x00000000
x26: 	0x00000000
x27: 	0x00000000
x28: 	0x00000000
x29: 	0x00000000
x30: 	0x00000000
x31: 	0x00000000

0x000024e4	0x00000000	Unkown Instruction 

All Registers: 
x0: 	0x00000000
x1: 	0x00000000
x2: 	0x00000000
x3: 	0x00000000
x4: 	0x00000000
x5: 	0x00000000
x6: 	0x00000000
x7: 	0x00000000
x8: 	0x00000000
x9: 	0x00000000
x10: 	0x00000000
x11: 	0x00000000
x12: 	0x00000000
x13: 	0x00000000
x14: 	0x00000000
x15: 	0x00000000
x16: 	0x00000000
x17: 	0x00000000
x18: 	0x00000000
x19: 	0x00000000
x20: 	0x00000000
x21: 	0x00000000
x22: 	0x00000000
x23: 	0x00000000
x24: 	0x00000000
x25: 	0x00000000
x26: 	0x00000000
x27: 	0x00000000
x28: 	0x00000000
x29: 	0x00000000
x30: 	0x00000000
x31: 	0x00000000

0x000024e8	0x00000000	Unkown Instruction 

All Registers: 
x0: 	0x00000000
x1: 	0x00000000
x2: 	0x00000000
x3: 	0x00000000
x4: 	0x00000000
x5: 	0x00000000
x6: 	0x00000000
x7: 	0x00000000
x8: 	0x00000000
x9: 	0x00000000
x10: 	0x00000000
x11: 	0x00000000
x12: 	0x00000000
x13: 	0x00000000
x14: 	0x00000000
x15: 	0x00000000
x16: 	0x00000000
x17: 	0x00000000
x18: 	0x00000000
x19: 	0x00000000
x20: 	0x00000000
x21: 	0x00000000
x22: 	0x00000000
x23: 	0x00000000
x24: 	0x00000000
x25: 	0x00000000
x26: 	0x00000000
x27: 	0x00000000
x28: 	0x00000000
x29: 	0x00000000
x30: 	0x00000000
x31: 	0x00000000

0x000024ec	0x00000000	Unkown Instruction 

All Registers: 
x0: 	0x00000000
x1: 	0x00000000
x2: 	0x00000000
x3: 	0x00000000
x4: 	0x00000000
x5: 	0x00000000
x6: 	0x00000000
x7: 	0x00000000
x8: 	0x00000000
x9: 	0x00000000
x10: 	0x00000000
x11: 	0x00000000
x12: 	0x00000000
x13: 	0x00000000
x14: 	0x00000000
x15: 	0x00000000
x16: 	0x00000000
x17: 	0x00000000
x18: 	0x00000000
x19: 	0x00000000
x20: 	0x00000000
x21: 	0x00000000
x22: 	0x00000000
x23: 	0x00000000
x24: 	0x00000000
x25: 	0x00000000
x26: 	0x00000000
x27: 	0x00000000
x28: 	0x00000000
x29: 	0x00000000
x30: 	0x00000000
x31: 	0x00000000

0x000024f0	0x00000000	Unkown Instruction 

All Registers: 
x0: 	0x00000000
x1: 	0x00000000
x2: 	0x00000000
x3: 	0x00000000
x4: 	0x00000000
x5: 	0x00000000
x6: 	0x00000000
x7: 	0x00000000
x8: 	0x00000000
x9: 	0x00000000
x10: 	0x00000000
x11: 	0x00000000
x12: 	0x00000000
x13: 	0x00000000
x14: 	0x00000000
x15: 	0x00000000
x16: 	0x00000000
x17: 	0x00000000
x18: 	0x00000000
x19: 	0x00000000
x20: 	0x00000000
x21: 	0x00000000
x22: 	0x00000000
x23: 	0x00000000
x24: 	0x00000000
x25: 	0x00000000
x26: 	0x00000000
x27: 	0x00000000
x28: 	0x00000000
x29: 	0x00000000
x30: 	0x00000000
x31: 	0x00000000

0x000024f4	0x00000000	Unkown Instruction 

All Registers: 
x0: 	0x00000000
x1: 	0x00000000
x2: 	0x00000000
x3: 	0x00000000
x4: 	0x00000000
x5: 	0x00000000
x6: 	0x00000000
x7: 	0x00000000
x8: 	0x00000000
x9: 	0x00000000
x10: 	0x00000000
x11: 	0x00000000
x12: 	0x00000000
x13: 	0x00000000
x14: 	0x00000000
x15: 	0x00000000
x16: 	0x00000000
x17: 	0x00000000
x18: 	0x00000000
x19: 	0x00000000
x20: 	0x00000000
x21: 	0x00000000
x22: 	0x00000000
x23: 	0x00000000
x24: 	0x00000000
x25: 	0x00000000
x26: 	0x00000000
x27: 	0x00000000
x28: 	0x00000000
x29: 	0x00000000
x30: 	0x00000000
x31: 	0x00000000

0x000024f8	0x00000000	Unkown Instruction 

All Registers: 
x0: 	0x00000000
x1: 	0x00000000
x2: 	0x00000000
x3: 	0x00000000
x4: 	0x00000000
x5: 	0x00000000
x6: 	0x00000000
x7: 	0x00000000
x8: 	0x00000000
x9: 	0x00000000
x10: 	0x00000000
x11: 	0x00000000
x12: 	0x00000000
x13: 	0x00000000
x14: 	0x00000000
x15: 	0x00000000
x16: 	0x00000000
x17: 	0x00000000
x18: 	0x00000000
x19: 	0x00000000
x20: 	0x00000000
x21: 	0x00000000
x22: 	0x00000000
x23: 	0x00000000
x24: 	0x00000000
x25: 	0x00000000
x26: 	0x00000000
x27: 	0x00000000
x28: 	0x00000000
x29: 	0x00000000
x30: 	0x00000000
x31: 	0x00000000

0x000024fc	0x00000000	Unkown Instruction 

All Registers: 
x0: 	0x00000000
x1: 	0x00000000
x2: 	0x00000000
x3: 	0x00000000
x4: 	0x00000000
x5: 	0x00000000
x6: 	0x00000000
x7: 	0x00000000
x8: 	0x00000000
x9: 	0x00000000
x10: 	0x00000000
x11: 	0x00000000
x12: 	0x00000000
x13: 	0x00000000
x14: 	0x00000000
x15: 	0x00000000
x16: 	0x00000000
x17: 	0x00000000
x18: 	0x00000000
x19: 	0x00000000
x20: 	0x00000000
x21: 	0x00000000
x22: 	0x00000000
x23: 	0x00000000
x24: 	0x00000000
x25: 	0x00000000
x26: 	0x00000000
x27: 	0x00000000
x28: 	0x00000000
x29: 	0x00000000
x30: 	0x00000000
x31: 	0x00000000

0x00002500	0x00000000	Unkown Instruction 

All Registers: 
x0: 	0x00000000
x1: 	0x00000000
x2: 	0x00000000
x3: 	0x00000000
x4: 	0x00000000
x5: 	0x00000000
x6: 	0x00000000
x7: 	0x00000000
x8: 	0x00000000
x9: 	0x00000000
x10: 	0x00000000
x11: 	0x00000000
x12: 	0x00000000
x13: 	0x00000000
x14: 	0x00000000
x15: 	0x00000000
x16: 	0x00000000
x17: 	0x00000000
x18: 	0x00000000
x19: 	0x00000000
x20: 	0x00000000
x21: 	0x00000000
x22: 	0x00000000
x23: 	0x00000000
x24: 	0x00000000
x25: 	0x00000000
x26: 	0x00000000
x27: 	0x00000000
x28: 	0x00000000
x29: 	0x00000000
x30: 	0x00000000
x31: 	0x00000000

0x00002504	0x00000000	Unkown Instruction 

All Registers: 
x0: 	0x00000000
x1: 	0x00000000
x2: 	0x00000000
x3: 	0x00000000
x4: 	0x00000000
x5: 	0x00000000
x6: 	0x00000000
x7: 	0x00000000
x8: 	0x00000000
x9: 	0x00000000
x10: 	0x00000000
x11: 	0x00000000
x12: 	0x00000000
x13: 	0x00000000
x14: 	0x00000000
x15: 	0x00000000
x16: 	0x00000000
x17: 	0x00000000
x18: 	0x00000000
x19: 	0x00000000
x20: 	0x00000000
x21: 	0x00000000
x22: 	0x00000000
x23: 	0x00000000
x24: 	0x00000000
x25: 	0x00000000
x26: 	0x00000000
x27: 	0x00000000
x28: 	0x00000000
x29: 	0x00000000
x30: 	0x00000000
x31: 	0x00000000

0x00002508	0x00000000	Unkown Instruction 

All Registers: 
x0: 	0x00000000
x1: 	0x00000000
x2: 	0x00000000
x3: 	0x00000000
x4: 	0x00000000
x5: 	0x00000000
x6: 	0x00000000
x7: 	0x00000000
x8: 	0x00000000
x9: 	0x00000000
x10: 	0x00000000
x11: 	0x00000000
x12: 	0x00000000
x13: 	0x00000000
x14: 	0x00000000
x15: 	0x00000000
x16: 	0x00000000
x17: 	0x00000000
x18: 	0x00000000
x19: 	0x00000000
x20: 	0x00000000
x21: 	0x00000000
x22: 	0x00000000
x23: 	0x00000000
x24: 	0x00000000
x25: 	0x00000000
x26: 	0x00000000
x27: 	0x00000000
x28: 	0x00000000
x29: 	0x00000000
x30: 	0x00000000
x31: 	0x00000000

0x0000250c	0x00000000	Unkown Instruction 

All Registers: 
x0: 	0x00000000
x1: 	0x00000000
x2: 	0x00000000
x3: 	0x00000000
x4: 	0x00000000
x5: 	0x00000000
x6: 	0x00000000
x7: 	0x00000000
x8: 	0x00000000
x9: 	0x00000000
x10: 	0x00000000
x11: 	0x00000000
x12: 	0x00000000
x13: 	0x00000000
x14: 	0x00000000
x15: 	0x00000000
x16: 	0x00000000
x17: 	0x00000000
x18: 	0x00000000
x19: 	0x00000000
x20: 	0x00000000
x21: 	0x00000000
x22: 	0x00000000
x23: 	0x00000000
x24: 	0x00000000
x25: 	0x00000000
x26: 	0x00000000
x27: 	0x00000000
x28: 	0x00000000
x29: 	0x00000000
x30: 	0x00000000
x31: 	0x00000000

0x00002510	0x00000000	Unkown Instruction 

All Registers: 
x0: 	0x00000000
x1: 	0x00000000
x2: 	0x00000000
x3: 	0x00000000
x4: 	0x00000000
x5: 	0x00000000
x6: 	0x00000000
x7: 	0x00000000
x8: 	0x00000000
x9: 	0x00000000
x10: 	0x00000000
x11: 	0x00000000
x12: 	0x00000000
x13: 	0x00000000
x14: 	0x00000000
x15: 	0x00000000
x16: 	0x00000000
x17: 	0x00000000
x18: 	0x00000000
x19: 	0x00000000
x20: 	0x00000000
x21: 	0x00000000
x22: 	0x00000000
x23: 	0x00000000
x24: 	0x00000000
x25: 	0x00000000
x26: 	0x00000000
x27: 	0x00000000
x28: 	0x00000000
x29: 	0x00000000
x30: 	0x00000000
x31: 	0x00000000

0x00002514	0x00000000	Unkown Instruction 

All Registers: 
x0: 	0x00000000
x1: 	0x00000000
x2: 	0x00000000
x3: 	0x00000000
x4: 	0x00000000
x5: 	0x00000000
x6: 	0x00000000
x7: 	0x00000000
x8: 	0x00000000
x9: 	0x00000000
x10: 	0x00000000
x11: 	0x00000000
x12: 	0x00000000
x13: 	0x00000000
x14: 	0x00000000
x15: 	0x00000000
x16: 	0x00000000
x17: 	0x00000000
x18: 	0x00000000
x19: 	0x00000000
x20: 	0x00000000
x21: 	0x00000000
x22: 	0x00000000
x23: 	0x00000000
x24: 	0x00000000
x25: 	0x00000000
x26: 	0x00000000
x27: 	0x00000000
x28: 	0x00000000
x29: 	0x00000000
x30: 	0x00000000
x31: 	0x00000000

0x00002518	0x00000000	Unkown Instruction 

All Registers: 
x0: 	0x00000000
x1: 	0x00000000
x2: 	0x00000000
x3: 	0x00000000
x4: 	0x00000000
x5: 	0x00000000
x6: 	0x00000000
x7: 	0x00000000
x8: 	0x00000000
x9: 	0x00000000
x10: 	0x00000000
x11: 	0x00000000
x12: 	0x00000000
x13: 	0x00000000
x14: 	0x00000000
x15: 	0x00000000
x16: 	0x00000000
x17: 	0x00000000
x18: 	0x00000000
x19: 	0x00000000
x20: 	0x00000000
x21: 	0x00000000
x22: 	0x00000000
x23: 	0x00000000
x24: 	0x00000000
x25: 	0x00000000
x26: 	0x00000000
x27: 	0x00000000
x28: 	0x00000000
x29: 	0x00000000
x30: 	0x00000000
x31: 	0x00000000

0x0000251c	0x00000000	Unkown Instruction 

All Registers: 
x0: 	0x00000000
x1: 	0x00000000
x2: 	0x00000000
x3: 	0x00000000
x4: 	0x00000000
x5: 	0x00000000
x6: 	0x00000000
x7: 	0x00000000
x8: 	0x00000000
x9: 	0x00000000
x10: 	0x00000000
x11: 	0x00000000
x12: 	0x00000000
x13: 	0x00000000
x14: 	0x00000000
x15: 	0x00000000
x16: 	0x00000000
x17: 	0x00000000
x18: 	0x00000000
x19: 	0x00000000
x20: 	0x00000000
x21: 	0x00000000
x22: 	0x00000000
x23: 	0x00000000
x24: 	0x00000000
x25: 	0x00000000
x26: 	0x00000000
x27: 	0x00000000
x28: 	0x00000000
x29: 	0x00000000
x30: 	0x00000000
x31: 	0x00000000

0x00002520	0x00000000	Unkown Instruction 

All Registers: 
x0: 	0x00000000
x1: 	0x00000000
x2: 	0x00000000
x3: 	0x00000000
x4: 	0x00000000
x5: 	0x00000000
x6: 	0x00000000
x7: 	0x00000000
x8: 	0x00000000
x9: 	0x00000000
x10: 	0x00000000
x11: 	0x00000000
x12: 	0x00000000
x13: 	0x00000000
x14: 	0x00000000
x15: 	0x00000000
x16: 	0x00000000
x17: 	0x00000000
x18: 	0x00000000
x19: 	0x00000000
x20: 	0x00000000
x21: 	0x00000000
x22: 	0x00000000
x23: 	0x00000000
x24: 	0x00000000
x25: 	0x00000000
x26: 	0x00000000
x27: 	0x00000000
x28: 	0x00000000
x29: 	0x00000000
x30: 	0x00000000
x31: 	0x00000000

0x00002524	0x00000000	Unkown Instruction 

All Registers: 
x0: 	0x00000000
x1: 	0x00000000
x2: 	0x00000000
x3: 	0x00000000
x4: 	0x00000000
x5: 	0x00000000
x6: 	0x00000000
x7: 	0x00000000
x8: 	0x00000000
x9: 	0x00000000
x10: 	0x00000000
x11: 	0x00000000
x12: 	0x00000000
x13: 	0x00000000
x14: 	0x00000000
x15: 	0x00000000
x16: 	0x00000000
x17: 	0x00000000
x18: 	0x00000000
x19: 	0x00000000
x20: 	0x00000000
x21: 	0x00000000
x22: 	0x00000000
x23: 	0x00000000
x24: 	0x00000000
x25: 	0x00000000
x26: 	0x00000000
x27: 	0x00000000
x28: 	0x00000000
x29: 	0x00000000
x30: 	0x00000000
x31: 	0x00000000

0x00002528	0x00000000	Unkown Instruction 

All Registers: 
x0: 	0x00000000
x1: 	0x00000000
x2: 	0x00000000
x3: 	0x00000000
x4: 	0x00000000
x5: 	0x00000000
x6: 	0x00000000
x7: 	0x00000000
x8: 	0x00000000
x9: 	0x00000000
x10: 	0x00000000
x11: 	0x00000000
x12: 	0x00000000
x13: 	0x00000000
x14: 	0x00000000
x15: 	0x00000000
x16: 	0x00000000
x17: 	0x00000000
x18: 	0x00000000
x19: 	0x00000000
x20: 	0x00000000
x21: 	0x00000000
x22: 	0x00000000
x23: 	0x00000000
x24: 	0x00000000
x25: 	0x00000000
x26: 	0x00000000
x27: 	0x00000000
x28: 	0x00000000
x29: 	0x00000000
x30: 	0x00000000
x31: 	0x00000000

0x0000252c	0x00000000	Unkown Instruction 

All Registers: 
x0: 	0x00000000
x1: 	0x00000000
x2: 	0x00000000
x3: 	0x00000000
x4: 	0x00000000
x5: 	0x00000000
x6: 	0x00000000
x7: 	0x00000000
x8: 	0x00000000
x9: 	0x00000000
x10: 	0x00000000
x11: 	0x00000000
x12: 	0x00000000
x13: 	0x00000000
x14: 	0x00000000
x15: 	0x00000000
x16: 	0x00000000
x17: 	0x00000000
x18: 	0x00000000
x19: 	0x00000000
x20: 	0x00000000
x21: 	0x00000000
x22: 	0x00000000
x23: 	0x00000000
x24: 	0x00000000
x25: 	0x00000000
x26: 	0x00000000
x27: 	0x00000000
x28: 	0x00000000
x29: 	0x00000000
x30: 	0x00000000
x31: 	0x00000000

0x00002530	0x00000000	Unkown Instruction 

All Registers: 
x0: 	0x00000000
x1: 	0x00000000
x2: 	0x00000000
x3: 	0x00000000
x4: 	0x00000000
x5: 	0x00000000
x6: 	0x00000000
x7: 	0x00000000
x8: 	0x00000000
x9: 	0x00000000
x10: 	0x00000000
x11: 	0x00000000
x12: 	0x00000000
x13: 	0x00000000
x14: 	0x00000000
x15: 	0x00000000
x16: 	0x00000000
x17: 	0x00000000
x18: 	0x00000000
x19: 	0x00000000
x20: 	0x00000000
x21: 	0x00000000
x22: 	0x00000000
x23: 	0x00000000
x24: 	0x00000000
x25: 	0x00000000
x26: 	0x00000000
x27: 	0x00000000
x28: 	0x00000000
x29: 	0x00000000
x30: 	0x00000000
x31: 	0x00000000

0x00002534	0x00000000	Unkown Instruction 

All Registers: 
x0: 	0x00000000
x1: 	0x00000000
x2: 	0x00000000
x3: 	0x00000000
x4: 	0x00000000
x5: 	0x00000000
x6: 	0x00000000
x7: 	0x00000000
x8: 	0x00000000
x9: 	0x00000000
x10: 	0x00000000
x11: 	0x00000000
x12: 	0x00000000
x13: 	0x00000000
x14: 	0x00000000
x15: 	0x00000000
x16: 	0x00000000
x17: 	0x00000000
x18: 	0x00000000
x19: 	0x00000000
x20: 	0x00000000
x21: 	0x00000000
x22: 	0x00000000
x23: 	0x00000000
x24: 	0x00000000
x25: 	0x00000000
x26: 	0x00000000
x27: 	0x00000000
x28: 	0x00000000
x29: 	0x00000000
x30: 	0x00000000
x31: 	0x00000000

0x00002538	0x00000000	Unkown Instruction 

All Registers: 
x0: 	0x00000000
x1: 	0x00000000
x2: 	0x00000000
x3: 	0x00000000
x4: 	0x00000000
x5: 	0x00000000
x6: 	0x00000000
x7: 	0x00000000
x8: 	0x00000000
x9: 	0x00000000
x10: 	0x00000000
x11: 	0x00000000
x12: 	0x00000000
x13: 	0x00000000
x14: 	0x00000000
x15: 	0x00000000
x16: 	0x00000000
x17: 	0x00000000
x18: 	0x00000000
x19: 	0x00000000
x20: 	0x00000000
x21: 	0x00000000
x22: 	0x00000000
x23: 	0x00000000
x24: 	0x00000000
x25: 	0x00000000
x26: 	0x00000000
x27: 	0x00000000
x28: 	0x00000000
x29: 	0x00000000
x30: 	0x00000000
x31: 	0x00000000

0x0000253c	0x00000000	Unkown Instruction 

All Registers: 
x0: 	0x00000000
x1: 	0x00000000
x2: 	0x00000000
x3: 	0x00000000
x4: 	0x00000000
x5: 	0x00000000
x6: 	0x00000000
x7: 	0x00000000
x8: 	0x00000000
x9: 	0x00000000
x10: 	0x00000000
x11: 	0x00000000
x12: 	0x00000000
x13: 	0x00000000
x14: 	0x00000000
x15: 	0x00000000
x16: 	0x00000000
x17: 	0x00000000
x18: 	0x00000000
x19: 	0x00000000
x20: 	0x00000000
x21: 	0x00000000
x22: 	0x00000000
x23: 	0x00000000
x24: 	0x00000000
x25: 	0x00000000
x26: 	0x00000000
x27: 	0x00000000
x28: 	0x00000000
x29: 	0x00000000
x30: 	0x00000000
x31: 	0x00000000

0x00002540	0x00000000	Unkown Instruction 

All Registers: 
x0: 	0x00000000
x1: 	0x00000000
x2: 	0x00000000
x3: 	0x00000000
x4: 	0x00000000
x5: 	0x00000000
x6: 	0x00000000
x7: 	0x00000000
x8: 	0x00000000
x9: 	0x00000000
x10: 	0x00000000
x11: 	0x00000000
x12: 	0x00000000
x13: 	0x00000000
x14: 	0x00000000
x15: 	0x00000000
x16: 	0x00000000
x17: 	0x00000000
x18: 	0x00000000
x19: 	0x00000000
x20: 	0x00000000
x21: 	0x00000000
x22: 	0x00000000
x23: 	0x00000000
x24: 	0x00000000
x25: 	0x00000000
x26: 	0x00000000
x27: 	0x00000000
x28: 	0x00000000
x29: 	0x00000000
x30: 	0x00000000
x31: 	0x00000000

0x00002544	0x00000000	Unkown Instruction 

All Registers: 
x0: 	0x00000000
x1: 	0x00000000
x2: 	0x00000000
x3: 	0x00000000
x4: 	0x00000000
x5: 	0x00000000
x6: 	0x00000000
x7: 	0x00000000
x8: 	0x00000000
x9: 	0x00000000
x10: 	0x00000000
x11: 	0x00000000
x12: 	0x00000000
x13: 	0x00000000
x14: 	0x00000000
x15: 	0x00000000
x16: 	0x00000000
x17: 	0x00000000
x18: 	0x00000000
x19: 	0x00000000
x20: 	0x00000000
x21: 	0x00000000
x22: 	0x00000000
x23: 	0x00000000
x24: 	0x00000000
x25: 	0x00000000
x26: 	0x00000000
x27: 	0x00000000
x28: 	0x00000000
x29: 	0x00000000
x30: 	0x00000000
x31: 	0x00000000

0x00002548	0x00000000	Unkown Instruction 

All Registers: 
x0: 	0x00000000
x1: 	0x00000000
x2: 	0x00000000
x3: 	0x00000000
x4: 	0x00000000
x5: 	0x00000000
x6: 	0x00000000
x7: 	0x00000000
x8: 	0x00000000
x9: 	0x00000000
x10: 	0x00000000
x11: 	0x00000000
x12: 	0x00000000
x13: 	0x00000000
x14: 	0x00000000
x15: 	0x00000000
x16: 	0x00000000
x17: 	0x00000000
x18: 	0x00000000
x19: 	0x00000000
x20: 	0x00000000
x21: 	0x00000000
x22: 	0x00000000
x23: 	0x00000000
x24: 	0x00000000
x25: 	0x00000000
x26: 	0x00000000
x27: 	0x00000000
x28: 	0x00000000
x29: 	0x00000000
x30: 	0x00000000
x31: 	0x00000000

0x0000254c	0x00000000	Unkown Instruction 

All Registers: 
x0: 	0x00000000
x1: 	0x00000000
x2: 	0x00000000
x3: 	0x00000000
x4: 	0x00000000
x5: 	0x00000000
x6: 	0x00000000
x7: 	0x00000000
x8: 	0x00000000
x9: 	0x00000000
x10: 	0x00000000
x11: 	0x00000000
x12: 	0x00000000
x13: 	0x00000000
x14: 	0x00000000
x15: 	0x00000000
x16: 	0x00000000
x17: 	0x00000000
x18: 	0x00000000
x19: 	0x00000000
x20: 	0x00000000
x21: 	0x00000000
x22: 	0x00000000
x23: 	0x00000000
x24: 	0x00000000
x25: 	0x00000000
x26: 	0x00000000
x27: 	0x00000000
x28: 	0x00000000
x29: 	0x00000000
x30: 	0x00000000
x31: 	0x00000000

0x00002550	0x00000000	Unkown Instruction 

All Registers: 
x0: 	0x00000000
x1: 	0x00000000
x2: 	0x00000000
x3: 	0x00000000
x4: 	0x00000000
x5: 	0x00000000
x6: 	0x00000000
x7: 	0x00000000
x8: 	0x00000000
x9: 	0x00000000
x10: 	0x00000000
x11: 	0x00000000
x12: 	0x00000000
x13: 	0x00000000
x14: 	0x00000000
x15: 	0x00000000
x16: 	0x00000000
x17: 	0x00000000
x18: 	0x00000000
x19: 	0x00000000
x20: 	0x00000000
x21: 	0x00000000
x22: 	0x00000000
x23: 	0x00000000
x24: 	0x00000000
x25: 	0x00000000
x26: 	0x00000000
x27: 	0x00000000
x28: 	0x00000000
x29: 	0x00000000
x30: 	0x00000000
x31: 	0x00000000

0x00002554	0x00000000	Unkown Instruction 

All Registers: 
x0: 	0x00000000
x1: 	0x00000000
x2: 	0x00000000
x3: 	0x00000000
x4: 	0x00000000
x5: 	0x00000000
x6: 	0x00000000
x7: 	0x00000000
x8: 	0x00000000
x9: 	0x00000000
x10: 	0x00000000
x11: 	0x00000000
x12: 	0x00000000
x13: 	0x00000000
x14: 	0x00000000
x15: 	0x00000000
x16: 	0x00000000
x17: 	0x00000000
x18: 	0x00000000
x19: 	0x00000000
x20: 	0x00000000
x21: 	0x00000000
x22: 	0x00000000
x23: 	0x00000000
x24: 	0x00000000
x25: 	0x00000000
x26: 	0x00000000
x27: 	0x00000000
x28: 	0x00000000
x29: 	0x00000000
x30: 	0x00000000
x31: 	0x00000000

0x00002558	0x00000000	Unkown Instruction 

All Registers: 
x0: 	0x00000000
x1: 	0x00000000
x2: 	0x00000000
x3: 	0x00000000
x4: 	0x00000000
x5: 	0x00000000
x6: 	0x00000000
x7: 	0x00000000
x8: 	0x00000000
x9: 	0x00000000
x10: 	0x00000000
x11: 	0x00000000
x12: 	0x00000000
x13: 	0x00000000
x14: 	0x00000000
x15: 	0x00000000
x16: 	0x00000000
x17: 	0x00000000
x18: 	0x00000000
x19: 	0x00000000
x20: 	0x00000000
x21: 	0x00000000
x22: 	0x00000000
x23: 	0x00000000
x24: 	0x00000000
x25: 	0x00000000
x26: 	0x00000000
x27: 	0x00000000
x28: 	0x00000000
x29: 	0x00000000
x30: 	0x00000000
x31: 	0x00000000

0x0000255c	0x00000000	Unkown Instruction 

All Registers: 
x0: 	0x00000000
x1: 	0x00000000
x2: 	0x00000000
x3: 	0x00000000
x4: 	0x00000000
x5: 	0x00000000
x6: 	0x00000000
x7: 	0x00000000
x8: 	0x00000000
x9: 	0x00000000
x10: 	0x00000000
x11: 	0x00000000
x12: 	0x00000000
x13: 	0x00000000
x14: 	0x00000000
x15: 	0x00000000
x16: 	0x00000000
x17: 	0x00000000
x18: 	0x00000000
x19: 	0x00000000
x20: 	0x00000000
x21: 	0x00000000
x22: 	0x00000000
x23: 	0x00000000
x24: 	0x00000000
x25: 	0x00000000
x26: 	0x00000000
x27: 	0x00000000
x28: 	0x00000000
x29: 	0x00000000
x30: 	0x00000000
x31: 	0x00000000

0x00002560	0x00000000	Unkown Instruction 

All Registers: 
x0: 	0x00000000
x1: 	0x00000000
x2: 	0x00000000
x3: 	0x00000000
x4: 	0x00000000
x5: 	0x00000000
x6: 	0x00000000
x7: 	0x00000000
x8: 	0x00000000
x9: 	0x00000000
x10: 	0x00000000
x11: 	0x00000000
x12: 	0x00000000
x13: 	0x00000000
x14: 	0x00000000
x15: 	0x00000000
x16: 	0x00000000
x17: 	0x00000000
x18: 	0x00000000
x19: 	0x00000000
x20: 	0x00000000
x21: 	0x00000000
x22: 	0x00000000
x23: 	0x00000000
x24: 	0x00000000
x25: 	0x00000000
x26: 	0x00000000
x27: 	0x00000000
x28: 	0x00000000
x29: 	0x00000000
x30: 	0x00000000
x31: 	0x00000000

0x00002564	0x00000000	Unkown Instruction 

All Registers: 
x0: 	0x00000000
x1: 	0x00000000
x2: 	0x00000000
x3: 	0x00000000
x4: 	0x00000000
x5: 	0x00000000
x6: 	0x00000000
x7: 	0x00000000
x8: 	0x00000000
x9: 	0x00000000
x10: 	0x00000000
x11: 	0x00000000
x12: 	0x00000000
x13: 	0x00000000
x14: 	0x00000000
x15: 	0x00000000
x16: 	0x00000000
x17: 	0x00000000
x18: 	0x00000000
x19: 	0x00000000
x20: 	0x00000000
x21: 	0x00000000
x22: 	0x00000000
x23: 	0x00000000
x24: 	0x00000000
x25: 	0x00000000
x26: 	0x00000000
x27: 	0x00000000
x28: 	0x00000000
x29: 	0x00000000
x30: 	0x00000000
x31: 	0x00000000

0x00002568	0x00000000	Unkown Instruction 

All Registers: 
x0: 	0x00000000
x1: 	0x00000000
x2: 	0x00000000
x3: 	0x00000000
x4: 	0x00000000
x5: 	0x00000000
x6: 	0x00000000
x7: 	0x00000000
x8: 	0x00000000
x9: 	0x00000000
x10: 	0x00000000
x11: 	0x00000000
x12: 	0x00000000
x13: 	0x00000000
x14: 	0x00000000
x15: 	0x00000000
x16: 	0x00000000
x17: 	0x00000000
x18: 	0x00000000
x19: 	0x00000000
x20: 	0x00000000
x21: 	0x00000000
x22: 	0x00000000
x23: 	0x00000000
x24: 	0x00000000
x25: 	0x00000000
x26: 	0x00000000
x27: 	0x00000000
x28: 	0x00000000
x29: 	0x00000000
x30: 	0x00000000
x31: 	0x00000000

0x0000256c	0x00000000	Unkown Instruction 

All Registers: 
x0: 	0x00000000
x1: 	0x00000000
x2: 	0x00000000
x3: 	0x00000000
x4: 	0x00000000
x5: 	0x00000000
x6: 	0x00000000
x7: 	0x00000000
x8: 	0x00000000
x9: 	0x00000000
x10: 	0x00000000
x11: 	0x00000000
x12: 	0x00000000
x13: 	0x00000000
x14: 	0x00000000
x15: 	0x00000000
x16: 	0x00000000
x17: 	0x00000000
x18: 	0x00000000
x19: 	0x00000000
x20: 	0x00000000
x21: 	0x00000000
x22: 	0x00000000
x23: 	0x00000000
x24: 	0x00000000
x25: 	0x00000000
x26: 	0x00000000
x27: 	0x00000000
x28: 	0x00000000
x29: 	0x00000000
x30: 	0x00000000
x31: 	0x00000000

0x00002570	0x00000000	Unkown Instruction 

All Registers: 
x0: 	0x00000000
x1: 	0x00000000
x2: 	0x00000000
x3: 	0x00000000
x4: 	0x00000000
x5: 	0x00000000
x6: 	0x00000000
x7: 	0x00000000
x8: 	0x00000000
x9: 	0x00000000
x10: 	0x00000000
x11: 	0x00000000
x12: 	0x00000000
x13: 	0x00000000
x14: 	0x00000000
x15: 	0x00000000
x16: 	0x00000000
x17: 	0x00000000
x18: 	0x00000000
x19: 	0x00000000
x20: 	0x00000000
x21: 	0x00000000
x22: 	0x00000000
x23: 	0x00000000
x24: 	0x00000000
x25: 	0x00000000
x26: 	0x00000000
x27: 	0x00000000
x28: 	0x00000000
x29: 	0x00000000
x30: 	0x00000000
x31: 	0x00000000

0x00002574	0x00000000	Unkown Instruction 

All Registers: 
x0: 	0x00000000
x1: 	0x00000000
x2: 	0x00000000
x3: 	0x00000000
x4: 	0x00000000
x5: 	0x00000000
x6: 	0x00000000
x7: 	0x00000000
x8: 	0x00000000
x9: 	0x00000000
x10: 	0x00000000
x11: 	0x00000000
x12: 	0x00000000
x13: 	0x00000000
x14: 	0x00000000
x15: 	0x00000000
x16: 	0x00000000
x17: 	0x00000000
x18: 	0x00000000
x19: 	0x00000000
x20: 	0x00000000
x21: 	0x00000000
x22: 	0x00000000
x23: 	0x00000000
x24: 	0x00000000
x25: 	0x00000000
x26: 	0x00000000
x27: 	0x00000000
x28: 	0x00000000
x29: 	0x00000000
x30: 	0x00000000
x31: 	0x00000000

0x00002578	0x00000000	Unkown Instruction 

All Registers: 
x0: 	0x00000000
x1: 	0x00000000
x2: 	0x00000000
x3: 	0x00000000
x4: 	0x00000000
x5: 	0x00000000
x6: 	0x00000000
x7: 	0x00000000
x8: 	0x00000000
x9: 	0x00000000
x10: 	0x00000000
x11: 	0x00000000
x12: 	0x00000000
x13: 	0x00000000
x14: 	0x00000000
x15: 	0x00000000
x16: 	0x00000000
x17: 	0x00000000
x18: 	0x00000000
x19: 	0x00000000
x20: 	0x00000000
x21: 	0x00000000
x22: 	0x00000000
x23: 	0x00000000
x24: 	0x00000000
x25: 	0x00000000
x26: 	0x00000000
x27: 	0x00000000
x28: 	0x00000000
x29: 	0x00000000
x30: 	0x00000000
x31: 	0x00000000

0x0000257c	0x00000000	Unkown Instruction 

All Registers: 
x0: 	0x00000000
x1: 	0x00000000
x2: 	0x00000000
x3: 	0x00000000
x4: 	0x00000000
x5: 	0x00000000
x6: 	0x00000000
x7: 	0x00000000
x8: 	0x00000000
x9: 	0x00000000
x10: 	0x00000000
x11: 	0x00000000
x12: 	0x00000000
x13: 	0x00000000
x14: 	0x00000000
x15: 	0x00000000
x16: 	0x00000000
x17: 	0x00000000
x18: 	0x00000000
x19: 	0x00000000
x20: 	0x00000000
x21: 	0x00000000
x22: 	0x00000000
x23: 	0x00000000
x24: 	0x00000000
x25: 	0x00000000
x26: 	0x00000000
x27: 	0x00000000
x28: 	0x00000000
x29: 	0x00000000
x30: 	0x00000000
x31: 	0x00000000

0x00002580	0x00000000	Unkown Instruction 

All Registers: 
x0: 	0x00000000
x1: 	0x00000000
x2: 	0x00000000
x3: 	0x00000000
x4: 	0x00000000
x5: 	0x00000000
x6: 	0x00000000
x7: 	0x00000000
x8: 	0x00000000
x9: 	0x00000000
x10: 	0x00000000
x11: 	0x00000000
x12: 	0x00000000
x13: 	0x00000000
x14: 	0x00000000
x15: 	0x00000000
x16: 	0x00000000
x17: 	0x00000000
x18: 	0x00000000
x19: 	0x00000000
x20: 	0x00000000
x21: 	0x00000000
x22: 	0x00000000
x23: 	0x00000000
x24: 	0x00000000
x25: 	0x00000000
x26: 	0x00000000
x27: 	0x00000000
x28: 	0x00000000
x29: 	0x00000000
x30: 	0x00000000
x31: 	0x00000000

0x00002584	0x00000000	Unkown Instruction 

All Registers: 
x0: 	0x00000000
x1: 	0x00000000
x2: 	0x00000000
x3: 	0x00000000
x4: 	0x00000000
x5: 	0x00000000
x6: 	0x00000000
x7: 	0x00000000
x8: 	0x00000000
x9: 	0x00000000
x10: 	0x00000000
x11: 	0x00000000
x12: 	0x00000000
x13: 	0x00000000
x14: 	0x00000000
x15: 	0x00000000
x16: 	0x00000000
x17: 	0x00000000
x18: 	0x00000000
x19: 	0x00000000
x20: 	0x00000000
x21: 	0x00000000
x22: 	0x00000000
x23: 	0x00000000
x24: 	0x00000000
x25: 	0x00000000
x26: 	0x00000000
x27: 	0x00000000
x28: 	0x00000000
x29: 	0x00000000
x30: 	0x00000000
x31: 	0x00000000

0x00002588	0x00000000	Unkown Instruction 

All Registers: 
x0: 	0x00000000
x1: 	0x00000000
x2: 	0x00000000
x3: 	0x00000000
x4: 	0x00000000
x5: 	0x00000000
x6: 	0x00000000
x7: 	0x00000000
x8: 	0x00000000
x9: 	0x00000000
x10: 	0x00000000
x11: 	0x00000000
x12: 	0x00000000
x13: 	0x00000000
x14: 	0x00000000
x15: 	0x00000000
x16: 	0x00000000
x17: 	0x00000000
x18: 	0x00000000
x19: 	0x00000000
x20: 	0x00000000
x21: 	0x00000000
x22: 	0x00000000
x23: 	0x00000000
x24: 	0x00000000
x25: 	0x00000000
x26: 	0x00000000
x27: 	0x00000000
x28: 	0x00000000
x29: 	0x00000000
x30: 	0x00000000
x31: 	0x00000000

0x0000258c	0x00000000	Unkown Instruction 

All Registers: 
x0: 	0x00000000
x1: 	0x00000000
x2: 	0x00000000
x3: 	0x00000000
x4: 	0x00000000
x5: 	0x00000000
x6: 	0x00000000
x7: 	0x00000000
x8: 	0x00000000
x9: 	0x00000000
x10: 	0x00000000
x11: 	0x00000000
x12: 	0x00000000
x13: 	0x00000000
x14: 	0x00000000
x15: 	0x00000000
x16: 	0x00000000
x17: 	0x00000000
x18: 	0x00000000
x19: 	0x00000000
x20: 	0x00000000
x21: 	0x00000000
x22: 	0x00000000
x23: 	0x00000000
x24: 	0x00000000
x25: 	0x00000000
x26: 	0x00000000
x27: 	0x00000000
x28: 	0x00000000
x29: 	0x00000000
x30: 	0x00000000
x31: 	0x00000000

0x00002590	0x00000000	Unkown Instruction 

All Registers: 
x0: 	0x00000000
x1: 	0x00000000
x2: 	0x00000000
x3: 	0x00000000
x4: 	0x00000000
x5: 	0x00000000
x6: 	0x00000000
x7: 	0x00000000
x8: 	0x00000000
x9: 	0x00000000
x10: 	0x00000000
x11: 	0x00000000
x12: 	0x00000000
x13: 	0x00000000
x14: 	0x00000000
x15: 	0x00000000
x16: 	0x00000000
x17: 	0x00000000
x18: 	0x00000000
x19: 	0x00000000
x20: 	0x00000000
x21: 	0x00000000
x22: 	0x00000000
x23: 	0x00000000
x24: 	0x00000000
x25: 	0x00000000
x26: 	0x00000000
x27: 	0x00000000
x28: 	0x00000000
x29: 	0x00000000
x30: 	0x00000000
x31: 	0x00000000

0x00002594	0x00000000	Unkown Instruction 

All Registers: 
x0: 	0x00000000
x1: 	0x00000000
x2: 	0x00000000
x3: 	0x00000000
x4: 	0x00000000
x5: 	0x00000000
x6: 	0x00000000
x7: 	0x00000000
x8: 	0x00000000
x9: 	0x00000000
x10: 	0x00000000
x11: 	0x00000000
x12: 	0x00000000
x13: 	0x00000000
x14: 	0x00000000
x15: 	0x00000000
x16: 	0x00000000
x17: 	0x00000000
x18: 	0x00000000
x19: 	0x00000000
x20: 	0x00000000
x21: 	0x00000000
x22: 	0x00000000
x23: 	0x00000000
x24: 	0x00000000
x25: 	0x00000000
x26: 	0x00000000
x27: 	0x00000000
x28: 	0x00000000
x29: 	0x00000000
x30: 	0x00000000
x31: 	0x00000000

0x00002598	0x00000000	Unkown Instruction 

All Registers: 
x0: 	0x00000000
x1: 	0x00000000
x2: 	0x00000000
x3: 	0x00000000
x4: 	0x00000000
x5: 	0x00000000
x6: 	0x00000000
x7: 	0x00000000
x8: 	0x00000000
x9: 	0x00000000
x10: 	0x00000000
x11: 	0x00000000
x12: 	0x00000000
x13: 	0x00000000
x14: 	0x00000000
x15: 	0x00000000
x16: 	0x00000000
x17: 	0x00000000
x18: 	0x00000000
x19: 	0x00000000
x20: 	0x00000000
x21: 	0x00000000
x22: 	0x00000000
x23: 	0x00000000
x24: 	0x00000000
x25: 	0x00000000
x26: 	0x00000000
x27: 	0x00000000
x28: 	0x00000000
x29: 	0x00000000
x30: 	0x00000000
x31: 	0x00000000

0x0000259c	0x00000000	Unkown Instruction 

All Registers: 
x0: 	0x00000000
x1: 	0x00000000
x2: 	0x00000000
x3: 	0x00000000
x4: 	0x00000000
x5: 	0x00000000
x6: 	0x00000000
x7: 	0x00000000
x8: 	0x00000000
x9: 	0x00000000
x10: 	0x00000000
x11: 	0x00000000
x12: 	0x00000000
x13: 	0x00000000
x14: 	0x00000000
x15: 	0x00000000
x16: 	0x00000000
x17: 	0x00000000
x18: 	0x00000000
x19: 	0x00000000
x20: 	0x00000000
x21: 	0x00000000
x22: 	0x00000000
x23: 	0x00000000
x24: 	0x00000000
x25: 	0x00000000
x26: 	0x00000000
x27: 	0x00000000
x28: 	0x00000000
x29: 	0x00000000
x30: 	0x00000000
x31: 	0x00000000

0x000025a0	0x00000000	Unkown Instruction 

All Registers: 
x0: 	0x00000000
x1: 	0x00000000
x2: 	0x00000000
x3: 	0x00000000
x4: 	0x00000000
x5: 	0x00000000
x6: 	0x00000000
x7: 	0x00000000
x8: 	0x00000000
x9: 	0x00000000
x10: 	0x00000000
x11: 	0x00000000
x12: 	0x00000000
x13: 	0x00000000
x14: 	0x00000000
x15: 	0x00000000
x16: 	0x00000000
x17: 	0x00000000
x18: 	0x00000000
x19: 	0x00000000
x20: 	0x00000000
x21: 	0x00000000
x22: 	0x00000000
x23: 	0x00000000
x24: 	0x00000000
x25: 	0x00000000
x26: 	0x00000000
x27: 	0x00000000
x28: 	0x00000000
x29: 	0x00000000
x30: 	0x00000000
x31: 	0x00000000

0x000025a4	0x00000000	Unkown Instruction 

All Registers: 
x0: 	0x00000000
x1: 	0x00000000
x2: 	0x00000000
x3: 	0x00000000
x4: 	0x00000000
x5: 	0x00000000
x6: 	0x00000000
x7: 	0x00000000
x8: 	0x00000000
x9: 	0x00000000
x10: 	0x00000000
x11: 	0x00000000
x12: 	0x00000000
x13: 	0x00000000
x14: 	0x00000000
x15: 	0x00000000
x16: 	0x00000000
x17: 	0x00000000
x18: 	0x00000000
x19: 	0x00000000
x20: 	0x00000000
x21: 	0x00000000
x22: 	0x00000000
x23: 	0x00000000
x24: 	0x00000000
x25: 	0x00000000
x26: 	0x00000000
x27: 	0x00000000
x28: 	0x00000000
x29: 	0x00000000
x30: 	0x00000000
x31: 	0x00000000

0x000025a8	0x00000000	Unkown Instruction 

All Registers: 
x0: 	0x00000000
x1: 	0x00000000
x2: 	0x00000000
x3: 	0x00000000
x4: 	0x00000000
x5: 	0x00000000
x6: 	0x00000000
x7: 	0x00000000
x8: 	0x00000000
x9: 	0x00000000
x10: 	0x00000000
x11: 	0x00000000
x12: 	0x00000000
x13: 	0x00000000
x14: 	0x00000000
x15: 	0x00000000
x16: 	0x00000000
x17: 	0x00000000
x18: 	0x00000000
x19: 	0x00000000
x20: 	0x00000000
x21: 	0x00000000
x22: 	0x00000000
x23: 	0x00000000
x24: 	0x00000000
x25: 	0x00000000
x26: 	0x00000000
x27: 	0x00000000
x28: 	0x00000000
x29: 	0x00000000
x30: 	0x00000000
x31: 	0x00000000

0x000025ac	0x00000000	Unkown Instruction 

All Registers: 
x0: 	0x00000000
x1: 	0x00000000
x2: 	0x00000000
x3: 	0x00000000
x4: 	0x00000000
x5: 	0x00000000
x6: 	0x00000000
x7: 	0x00000000
x8: 	0x00000000
x9: 	0x00000000
x10: 	0x00000000
x11: 	0x00000000
x12: 	0x00000000
x13: 	0x00000000
x14: 	0x00000000
x15: 	0x00000000
x16: 	0x00000000
x17: 	0x00000000
x18: 	0x00000000
x19: 	0x00000000
x20: 	0x00000000
x21: 	0x00000000
x22: 	0x00000000
x23: 	0x00000000
x24: 	0x00000000
x25: 	0x00000000
x26: 	0x00000000
x27: 	0x00000000
x28: 	0x00000000
x29: 	0x00000000
x30: 	0x00000000
x31: 	0x00000000

0x000025b0	0x00000000	Unkown Instruction 

All Registers: 
x0: 	0x00000000
x1: 	0x00000000
x2: 	0x00000000
x3: 	0x00000000
x4: 	0x00000000
x5: 	0x00000000
x6: 	0x00000000
x7: 	0x00000000
x8: 	0x00000000
x9: 	0x00000000
x10: 	0x00000000
x11: 	0x00000000
x12: 	0x00000000
x13: 	0x00000000
x14: 	0x00000000
x15: 	0x00000000
x16: 	0x00000000
x17: 	0x00000000
x18: 	0x00000000
x19: 	0x00000000
x20: 	0x00000000
x21: 	0x00000000
x22: 	0x00000000
x23: 	0x00000000
x24: 	0x00000000
x25: 	0x00000000
x26: 	0x00000000
x27: 	0x00000000
x28: 	0x00000000
x29: 	0x00000000
x30: 	0x00000000
x31: 	0x00000000

0x000025b4	0x00000000	Unkown Instruction 

All Registers: 
x0: 	0x00000000
x1: 	0x00000000
x2: 	0x00000000
x3: 	0x00000000
x4: 	0x00000000
x5: 	0x00000000
x6: 	0x00000000
x7: 	0x00000000
x8: 	0x00000000
x9: 	0x00000000
x10: 	0x00000000
x11: 	0x00000000
x12: 	0x00000000
x13: 	0x00000000
x14: 	0x00000000
x15: 	0x00000000
x16: 	0x00000000
x17: 	0x00000000
x18: 	0x00000000
x19: 	0x00000000
x20: 	0x00000000
x21: 	0x00000000
x22: 	0x00000000
x23: 	0x00000000
x24: 	0x00000000
x25: 	0x00000000
x26: 	0x00000000
x27: 	0x00000000
x28: 	0x00000000
x29: 	0x00000000
x30: 	0x00000000
x31: 	0x00000000

0x000025b8	0x00000000	Unkown Instruction 

All Registers: 
x0: 	0x00000000
x1: 	0x00000000
x2: 	0x00000000
x3: 	0x00000000
x4: 	0x00000000
x5: 	0x00000000
x6: 	0x00000000
x7: 	0x00000000
x8: 	0x00000000
x9: 	0x00000000
x10: 	0x00000000
x11: 	0x00000000
x12: 	0x00000000
x13: 	0x00000000
x14: 	0x00000000
x15: 	0x00000000
x16: 	0x00000000
x17: 	0x00000000
x18: 	0x00000000
x19: 	0x00000000
x20: 	0x00000000
x21: 	0x00000000
x22: 	0x00000000
x23: 	0x00000000
x24: 	0x00000000
x25: 	0x00000000
x26: 	0x00000000
x27: 	0x00000000
x28: 	0x00000000
x29: 	0x00000000
x30: 	0x00000000
x31: 	0x00000000

0x000025bc	0x00000000	Unkown Instruction 

All Registers: 
x0: 	0x00000000
x1: 	0x00000000
x2: 	0x00000000
x3: 	0x00000000
x4: 	0x00000000
x5: 	0x00000000
x6: 	0x00000000
x7: 	0x00000000
x8: 	0x00000000
x9: 	0x00000000
x10: 	0x00000000
x11: 	0x00000000
x12: 	0x00000000
x13: 	0x00000000
x14: 	0x00000000
x15: 	0x00000000
x16: 	0x00000000
x17: 	0x00000000
x18: 	0x00000000
x19: 	0x00000000
x20: 	0x00000000
x21: 	0x00000000
x22: 	0x00000000
x23: 	0x00000000
x24: 	0x00000000
x25: 	0x00000000
x26: 	0x00000000
x27: 	0x00000000
x28: 	0x00000000
x29: 	0x00000000
x30: 	0x00000000
x31: 	0x00000000

0x000025c0	0x00000000	Unkown Instruction 

All Registers: 
x0: 	0x00000000
x1: 	0x00000000
x2: 	0x00000000
x3: 	0x00000000
x4: 	0x00000000
x5: 	0x00000000
x6: 	0x00000000
x7: 	0x00000000
x8: 	0x00000000
x9: 	0x00000000
x10: 	0x00000000
x11: 	0x00000000
x12: 	0x00000000
x13: 	0x00000000
x14: 	0x00000000
x15: 	0x00000000
x16: 	0x00000000
x17: 	0x00000000
x18: 	0x00000000
x19: 	0x00000000
x20: 	0x00000000
x21: 	0x00000000
x22: 	0x00000000
x23: 	0x00000000
x24: 	0x00000000
x25: 	0x00000000
x26: 	0x00000000
x27: 	0x00000000
x28: 	0x00000000
x29: 	0x00000000
x30: 	0x00000000
x31: 	0x00000000

0x000025c4	0x00000000	Unkown Instruction 

All Registers: 
x0: 	0x00000000
x1: 	0x00000000
x2: 	0x00000000
x3: 	0x00000000
x4: 	0x00000000
x5: 	0x00000000
x6: 	0x00000000
x7: 	0x00000000
x8: 	0x00000000
x9: 	0x00000000
x10: 	0x00000000
x11: 	0x00000000
x12: 	0x00000000
x13: 	0x00000000
x14: 	0x00000000
x15: 	0x00000000
x16: 	0x00000000
x17: 	0x00000000
x18: 	0x00000000
x19: 	0x00000000
x20: 	0x00000000
x21: 	0x00000000
x22: 	0x00000000
x23: 	0x00000000
x24: 	0x00000000
x25: 	0x00000000
x26: 	0x00000000
x27: 	0x00000000
x28: 	0x00000000
x29: 	0x00000000
x30: 	0x00000000
x31: 	0x00000000

0x000025c8	0x00000000	Unkown Instruction 

All Registers: 
x0: 	0x00000000
x1: 	0x00000000
x2: 	0x00000000
x3: 	0x00000000
x4: 	0x00000000
x5: 	0x00000000
x6: 	0x00000000
x7: 	0x00000000
x8: 	0x00000000
x9: 	0x00000000
x10: 	0x00000000
x11: 	0x00000000
x12: 	0x00000000
x13: 	0x00000000
x14: 	0x00000000
x15: 	0x00000000
x16: 	0x00000000
x17: 	0x00000000
x18: 	0x00000000
x19: 	0x00000000
x20: 	0x00000000
x21: 	0x00000000
x22: 	0x00000000
x23: 	0x00000000
x24: 	0x00000000
x25: 	0x00000000
x26: 	0x00000000
x27: 	0x00000000
x28: 	0x00000000
x29: 	0x00000000
x30: 	0x00000000
x31: 	0x00000000

0x000025cc	0x00000000	Unkown Instruction 

All Registers: 
x0: 	0x00000000
x1: 	0x00000000
x2: 	0x00000000
x3: 	0x00000000
x4: 	0x00000000
x5: 	0x00000000
x6: 	0x00000000
x7: 	0x00000000
x8: 	0x00000000
x9: 	0x00000000
x10: 	0x00000000
x11: 	0x00000000
x12: 	0x00000000
x13: 	0x00000000
x14: 	0x00000000
x15: 	0x00000000
x16: 	0x00000000
x17: 	0x00000000
x18: 	0x00000000
x19: 	0x00000000
x20: 	0x00000000
x21: 	0x00000000
x22: 	0x00000000
x23: 	0x00000000
x24: 	0x00000000
x25: 	0x00000000
x26: 	0x00000000
x27: 	0x00000000
x28: 	0x00000000
x29: 	0x00000000
x30: 	0x00000000
x31: 	0x00000000

0x000025d0	0x00000000	Unkown Instruction 

All Registers: 
x0: 	0x00000000
x1: 	0x00000000
x2: 	0x00000000
x3: 	0x00000000
x4: 	0x00000000
x5: 	0x00000000
x6: 	0x00000000
x7: 	0x00000000
x8: 	0x00000000
x9: 	0x00000000
x10: 	0x00000000
x11: 	0x00000000
x12: 	0x00000000
x13: 	0x00000000
x14: 	0x00000000
x15: 	0x00000000
x16: 	0x00000000
x17: 	0x00000000
x18: 	0x00000000
x19: 	0x00000000
x20: 	0x00000000
x21: 	0x00000000
x22: 	0x00000000
x23: 	0x00000000
x24: 	0x00000000
x25: 	0x00000000
x26: 	0x00000000
x27: 	0x00000000
x28: 	0x00000000
x29: 	0x00000000
x30: 	0x00000000
x31: 	0x00000000

0x000025d4	0x00000000	Unkown Instruction 

All Registers: 
x0: 	0x00000000
x1: 	0x00000000
x2: 	0x00000000
x3: 	0x00000000
x4: 	0x00000000
x5: 	0x00000000
x6: 	0x00000000
x7: 	0x00000000
x8: 	0x00000000
x9: 	0x00000000
x10: 	0x00000000
x11: 	0x00000000
x12: 	0x00000000
x13: 	0x00000000
x14: 	0x00000000
x15: 	0x00000000
x16: 	0x00000000
x17: 	0x00000000
x18: 	0x00000000
x19: 	0x00000000
x20: 	0x00000000
x21: 	0x00000000
x22: 	0x00000000
x23: 	0x00000000
x24: 	0x00000000
x25: 	0x00000000
x26: 	0x00000000
x27: 	0x00000000
x28: 	0x00000000
x29: 	0x00000000
x30: 	0x00000000
x31: 	0x00000000

0x000025d8	0x00000000	Unkown Instruction 

All Registers: 
x0: 	0x00000000
x1: 	0x00000000
x2: 	0x00000000
x3: 	0x00000000
x4: 	0x00000000
x5: 	0x00000000
x6: 	0x00000000
x7: 	0x00000000
x8: 	0x00000000
x9: 	0x00000000
x10: 	0x00000000
x11: 	0x00000000
x12: 	0x00000000
x13: 	0x00000000
x14: 	0x00000000
x15: 	0x00000000
x16: 	0x00000000
x17: 	0x00000000
x18: 	0x00000000
x19: 	0x00000000
x20: 	0x00000000
x21: 	0x00000000
x22: 	0x00000000
x23: 	0x00000000
x24: 	0x00000000
x25: 	0x00000000
x26: 	0x00000000
x27: 	0x00000000
x28: 	0x00000000
x29: 	0x00000000
x30: 	0x00000000
x31: 	0x00000000

0x000025dc	0x00000000	Unkown Instruction 

All Registers: 
x0: 	0x00000000
x1: 	0x00000000
x2: 	0x00000000
x3: 	0x00000000
x4: 	0x00000000
x5: 	0x00000000
x6: 	0x00000000
x7: 	0x00000000
x8: 	0x00000000
x9: 	0x00000000
x10: 	0x00000000
x11: 	0x00000000
x12: 	0x00000000
x13: 	0x00000000
x14: 	0x00000000
x15: 	0x00000000
x16: 	0x00000000
x17: 	0x00000000
x18: 	0x00000000
x19: 	0x00000000
x20: 	0x00000000
x21: 	0x00000000
x22: 	0x00000000
x23: 	0x00000000
x24: 	0x00000000
x25: 	0x00000000
x26: 	0x00000000
x27: 	0x00000000
x28: 	0x00000000
x29: 	0x00000000
x30: 	0x00000000
x31: 	0x00000000

0x000025e0	0x00000000	Unkown Instruction 

All Registers: 
x0: 	0x00000000
x1: 	0x00000000
x2: 	0x00000000
x3: 	0x00000000
x4: 	0x00000000
x5: 	0x00000000
x6: 	0x00000000
x7: 	0x00000000
x8: 	0x00000000
x9: 	0x00000000
x10: 	0x00000000
x11: 	0x00000000
x12: 	0x00000000
x13: 	0x00000000
x14: 	0x00000000
x15: 	0x00000000
x16: 	0x00000000
x17: 	0x00000000
x18: 	0x00000000
x19: 	0x00000000
x20: 	0x00000000
x21: 	0x00000000
x22: 	0x00000000
x23: 	0x00000000
x24: 	0x00000000
x25: 	0x00000000
x26: 	0x00000000
x27: 	0x00000000
x28: 	0x00000000
x29: 	0x00000000
x30: 	0x00000000
x31: 	0x00000000

0x000025e4	0x00000000	Unkown Instruction 

All Registers: 
x0: 	0x00000000
x1: 	0x00000000
x2: 	0x00000000
x3: 	0x00000000
x4: 	0x00000000
x5: 	0x00000000
x6: 	0x00000000
x7: 	0x00000000
x8: 	0x00000000
x9: 	0x00000000
x10: 	0x00000000
x11: 	0x00000000
x12: 	0x00000000
x13: 	0x00000000
x14: 	0x00000000
x15: 	0x00000000
x16: 	0x00000000
x17: 	0x00000000
x18: 	0x00000000
x19: 	0x00000000
x20: 	0x00000000
x21: 	0x00000000
x22: 	0x00000000
x23: 	0x00000000
x24: 	0x00000000
x25: 	0x00000000
x26: 	0x00000000
x27: 	0x00000000
x28: 	0x00000000
x29: 	0x00000000
x30: 	0x00000000
x31: 	0x00000000

0x000025e8	0x00000000	Unkown Instruction 

All Registers: 
x0: 	0x00000000
x1: 	0x00000000
x2: 	0x00000000
x3: 	0x00000000
x4: 	0x00000000
x5: 	0x00000000
x6: 	0x00000000
x7: 	0x00000000
x8: 	0x00000000
x9: 	0x00000000
x10: 	0x00000000
x11: 	0x00000000
x12: 	0x00000000
x13: 	0x00000000
x14: 	0x00000000
x15: 	0x00000000
x16: 	0x00000000
x17: 	0x00000000
x18: 	0x00000000
x19: 	0x00000000
x20: 	0x00000000
x21: 	0x00000000
x22: 	0x00000000
x23: 	0x00000000
x24: 	0x00000000
x25: 	0x00000000
x26: 	0x00000000
x27: 	0x00000000
x28: 	0x00000000
x29: 	0x00000000
x30: 	0x00000000
x31: 	0x00000000

0x000025ec	0x00000000	Unkown Instruction 

All Registers: 
x0: 	0x00000000
x1: 	0x00000000
x2: 	0x00000000
x3: 	0x00000000
x4: 	0x00000000
x5: 	0x00000000
x6: 	0x00000000
x7: 	0x00000000
x8: 	0x00000000
x9: 	0x00000000
x10: 	0x00000000
x11: 	0x00000000
x12: 	0x00000000
x13: 	0x00000000
x14: 	0x00000000
x15: 	0x00000000
x16: 	0x00000000
x17: 	0x00000000
x18: 	0x00000000
x19: 	0x00000000
x20: 	0x00000000
x21: 	0x00000000
x22: 	0x00000000
x23: 	0x00000000
x24: 	0x00000000
x25: 	0x00000000
x26: 	0x00000000
x27: 	0x00000000
x28: 	0x00000000
x29: 	0x00000000
x30: 	0x00000000
x31: 	0x00000000

0x000025f0	0x00000000	Unkown Instruction 

All Registers: 
x0: 	0x00000000
x1: 	0x00000000
x2: 	0x00000000
x3: 	0x00000000
x4: 	0x00000000
x5: 	0x00000000
x6: 	0x00000000
x7: 	0x00000000
x8: 	0x00000000
x9: 	0x00000000
x10: 	0x00000000
x11: 	0x00000000
x12: 	0x00000000
x13: 	0x00000000
x14: 	0x00000000
x15: 	0x00000000
x16: 	0x00000000
x17: 	0x00000000
x18: 	0x00000000
x19: 	0x00000000
x20: 	0x00000000
x21: 	0x00000000
x22: 	0x00000000
x23: 	0x00000000
x24: 	0x00000000
x25: 	0x00000000
x26: 	0x00000000
x27: 	0x00000000
x28: 	0x00000000
x29: 	0x00000000
x30: 	0x00000000
x31: 	0x00000000

0x000025f4	0x00000000	Unkown Instruction 

All Registers: 
x0: 	0x00000000
x1: 	0x00000000
x2: 	0x00000000
x3: 	0x00000000
x4: 	0x00000000
x5: 	0x00000000
x6: 	0x00000000
x7: 	0x00000000
x8: 	0x00000000
x9: 	0x00000000
x10: 	0x00000000
x11: 	0x00000000
x12: 	0x00000000
x13: 	0x00000000
x14: 	0x00000000
x15: 	0x00000000
x16: 	0x00000000
x17: 	0x00000000
x18: 	0x00000000
x19: 	0x00000000
x20: 	0x00000000
x21: 	0x00000000
x22: 	0x00000000
x23: 	0x00000000
x24: 	0x00000000
x25: 	0x00000000
x26: 	0x00000000
x27: 	0x00000000
x28: 	0x00000000
x29: 	0x00000000
x30: 	0x00000000
x31: 	0x00000000

0x000025f8	0x00000000	Unkown Instruction 

All Registers: 
x0: 	0x00000000
x1: 	0x00000000
x2: 	0x00000000
x3: 	0x00000000
x4: 	0x00000000
x5: 	0x00000000
x6: 	0x00000000
x7: 	0x00000000
x8: 	0x00000000
x9: 	0x00000000
x10: 	0x00000000
x11: 	0x00000000
x12: 	0x00000000
x13: 	0x00000000
x14: 	0x00000000
x15: 	0x00000000
x16: 	0x00000000
x17: 	0x00000000
x18: 	0x00000000
x19: 	0x00000000
x20: 	0x00000000
x21: 	0x00000000
x22: 	0x00000000
x23: 	0x00000000
x24: 	0x00000000
x25: 	0x00000000
x26: 	0x00000000
x27: 	0x00000000
x28: 	0x00000000
x29: 	0x00000000
x30: 	0x00000000
x31: 	0x00000000

0x000025fc	0x00000000	Unkown Instruction 

All Registers: 
x0: 	0x00000000
x1: 	0x00000000
x2: 	0x00000000
x3: 	0x00000000
x4: 	0x00000000
x5: 	0x00000000
x6: 	0x00000000
x7: 	0x00000000
x8: 	0x00000000
x9: 	0x00000000
x10: 	0x00000000
x11: 	0x00000000
x12: 	0x00000000
x13: 	0x00000000
x14: 	0x00000000
x15: 	0x00000000
x16: 	0x00000000
x17: 	0x00000000
x18: 	0x00000000
x19: 	0x00000000
x20: 	0x00000000
x21: 	0x00000000
x22: 	0x00000000
x23: 	0x00000000
x24: 	0x00000000
x25: 	0x00000000
x26: 	0x00000000
x27: 	0x00000000
x28: 	0x00000000
x29: 	0x00000000
x30: 	0x00000000
x31: 	0x00000000

0x00002600	0x00000000	Unkown Instruction 

All Registers: 
x0: 	0x00000000
x1: 	0x00000000
x2: 	0x00000000
x3: 	0x00000000
x4: 	0x00000000
x5: 	0x00000000
x6: 	0x00000000
x7: 	0x00000000
x8: 	0x00000000
x9: 	0x00000000
x10: 	0x00000000
x11: 	0x00000000
x12: 	0x00000000
x13: 	0x00000000
x14: 	0x00000000
x15: 	0x00000000
x16: 	0x00000000
x17: 	0x00000000
x18: 	0x00000000
x19: 	0x00000000
x20: 	0x00000000
x21: 	0x00000000
x22: 	0x00000000
x23: 	0x00000000
x24: 	0x00000000
x25: 	0x00000000
x26: 	0x00000000
x27: 	0x00000000
x28: 	0x00000000
x29: 	0x00000000
x30: 	0x00000000
x31: 	0x00000000

0x00002604	0x00000000	Unkown Instruction 

All Registers: 
x0: 	0x00000000
x1: 	0x00000000
x2: 	0x00000000
x3: 	0x00000000
x4: 	0x00000000
x5: 	0x00000000
x6: 	0x00000000
x7: 	0x00000000
x8: 	0x00000000
x9: 	0x00000000
x10: 	0x00000000
x11: 	0x00000000
x12: 	0x00000000
x13: 	0x00000000
x14: 	0x00000000
x15: 	0x00000000
x16: 	0x00000000
x17: 	0x00000000
x18: 	0x00000000
x19: 	0x00000000
x20: 	0x00000000
x21: 	0x00000000
x22: 	0x00000000
x23: 	0x00000000
x24: 	0x00000000
x25: 	0x00000000
x26: 	0x00000000
x27: 	0x00000000
x28: 	0x00000000
x29: 	0x00000000
x30: 	0x00000000
x31: 	0x00000000

0x00002608	0x00000000	Unkown Instruction 

All Registers: 
x0: 	0x00000000
x1: 	0x00000000
x2: 	0x00000000
x3: 	0x00000000
x4: 	0x00000000
x5: 	0x00000000
x6: 	0x00000000
x7: 	0x00000000
x8: 	0x00000000
x9: 	0x00000000
x10: 	0x00000000
x11: 	0x00000000
x12: 	0x00000000
x13: 	0x00000000
x14: 	0x00000000
x15: 	0x00000000
x16: 	0x00000000
x17: 	0x00000000
x18: 	0x00000000
x19: 	0x00000000
x20: 	0x00000000
x21: 	0x00000000
x22: 	0x00000000
x23: 	0x00000000
x24: 	0x00000000
x25: 	0x00000000
x26: 	0x00000000
x27: 	0x00000000
x28: 	0x00000000
x29: 	0x00000000
x30: 	0x00000000
x31: 	0x00000000

0x0000260c	0x00000000	Unkown Instruction 

All Registers: 
x0: 	0x00000000
x1: 	0x00000000
x2: 	0x00000000
x3: 	0x00000000
x4: 	0x00000000
x5: 	0x00000000
x6: 	0x00000000
x7: 	0x00000000
x8: 	0x00000000
x9: 	0x00000000
x10: 	0x00000000
x11: 	0x00000000
x12: 	0x00000000
x13: 	0x00000000
x14: 	0x00000000
x15: 	0x00000000
x16: 	0x00000000
x17: 	0x00000000
x18: 	0x00000000
x19: 	0x00000000
x20: 	0x00000000
x21: 	0x00000000
x22: 	0x00000000
x23: 	0x00000000
x24: 	0x00000000
x25: 	0x00000000
x26: 	0x00000000
x27: 	0x00000000
x28: 	0x00000000
x29: 	0x00000000
x30: 	0x00000000
x31: 	0x00000000

0x00002610	0x00000000	Unkown Instruction 

All Registers: 
x0: 	0x00000000
x1: 	0x00000000
x2: 	0x00000000
x3: 	0x00000000
x4: 	0x00000000
x5: 	0x00000000
x6: 	0x00000000
x7: 	0x00000000
x8: 	0x00000000
x9: 	0x00000000
x10: 	0x00000000
x11: 	0x00000000
x12: 	0x00000000
x13: 	0x00000000
x14: 	0x00000000
x15: 	0x00000000
x16: 	0x00000000
x17: 	0x00000000
x18: 	0x00000000
x19: 	0x00000000
x20: 	0x00000000
x21: 	0x00000000
x22: 	0x00000000
x23: 	0x00000000
x24: 	0x00000000
x25: 	0x00000000
x26: 	0x00000000
x27: 	0x00000000
x28: 	0x00000000
x29: 	0x00000000
x30: 	0x00000000
x31: 	0x00000000

0x00002614	0x00000000	Unkown Instruction 

All Registers: 
x0: 	0x00000000
x1: 	0x00000000
x2: 	0x00000000
x3: 	0x00000000
x4: 	0x00000000
x5: 	0x00000000
x6: 	0x00000000
x7: 	0x00000000
x8: 	0x00000000
x9: 	0x00000000
x10: 	0x00000000
x11: 	0x00000000
x12: 	0x00000000
x13: 	0x00000000
x14: 	0x00000000
x15: 	0x00000000
x16: 	0x00000000
x17: 	0x00000000
x18: 	0x00000000
x19: 	0x00000000
x20: 	0x00000000
x21: 	0x00000000
x22: 	0x00000000
x23: 	0x00000000
x24: 	0x00000000
x25: 	0x00000000
x26: 	0x00000000
x27: 	0x00000000
x28: 	0x00000000
x29: 	0x00000000
x30: 	0x00000000
x31: 	0x00000000

0x00002618	0x00000000	Unkown Instruction 

All Registers: 
x0: 	0x00000000
x1: 	0x00000000
x2: 	0x00000000
x3: 	0x00000000
x4: 	0x00000000
x5: 	0x00000000
x6: 	0x00000000
x7: 	0x00000000
x8: 	0x00000000
x9: 	0x00000000
x10: 	0x00000000
x11: 	0x00000000
x12: 	0x00000000
x13: 	0x00000000
x14: 	0x00000000
x15: 	0x00000000
x16: 	0x00000000
x17: 	0x00000000
x18: 	0x00000000
x19: 	0x00000000
x20: 	0x00000000
x21: 	0x00000000
x22: 	0x00000000
x23: 	0x00000000
x24: 	0x00000000
x25: 	0x00000000
x26: 	0x00000000
x27: 	0x00000000
x28: 	0x00000000
x29: 	0x00000000
x30: 	0x00000000
x31: 	0x00000000

0x0000261c	0x00000000	Unkown Instruction 

All Registers: 
x0: 	0x00000000
x1: 	0x00000000
x2: 	0x00000000
x3: 	0x00000000
x4: 	0x00000000
x5: 	0x00000000
x6: 	0x00000000
x7: 	0x00000000
x8: 	0x00000000
x9: 	0x00000000
x10: 	0x00000000
x11: 	0x00000000
x12: 	0x00000000
x13: 	0x00000000
x14: 	0x00000000
x15: 	0x00000000
x16: 	0x00000000
x17: 	0x00000000
x18: 	0x00000000
x19: 	0x00000000
x20: 	0x00000000
x21: 	0x00000000
x22: 	0x00000000
x23: 	0x00000000
x24: 	0x00000000
x25: 	0x00000000
x26: 	0x00000000
x27: 	0x00000000
x28: 	0x00000000
x29: 	0x00000000
x30: 	0x00000000
x31: 	0x00000000

0x00002620	0x00000000	Unkown Instruction 

All Registers: 
x0: 	0x00000000
x1: 	0x00000000
x2: 	0x00000000
x3: 	0x00000000
x4: 	0x00000000
x5: 	0x00000000
x6: 	0x00000000
x7: 	0x00000000
x8: 	0x00000000
x9: 	0x00000000
x10: 	0x00000000
x11: 	0x00000000
x12: 	0x00000000
x13: 	0x00000000
x14: 	0x00000000
x15: 	0x00000000
x16: 	0x00000000
x17: 	0x00000000
x18: 	0x00000000
x19: 	0x00000000
x20: 	0x00000000
x21: 	0x00000000
x22: 	0x00000000
x23: 	0x00000000
x24: 	0x00000000
x25: 	0x00000000
x26: 	0x00000000
x27: 	0x00000000
x28: 	0x00000000
x29: 	0x00000000
x30: 	0x00000000
x31: 	0x00000000

0x00002624	0x00000000	Unkown Instruction 

All Registers: 
x0: 	0x00000000
x1: 	0x00000000
x2: 	0x00000000
x3: 	0x00000000
x4: 	0x00000000
x5: 	0x00000000
x6: 	0x00000000
x7: 	0x00000000
x8: 	0x00000000
x9: 	0x00000000
x10: 	0x00000000
x11: 	0x00000000
x12: 	0x00000000
x13: 	0x00000000
x14: 	0x00000000
x15: 	0x00000000
x16: 	0x00000000
x17: 	0x00000000
x18: 	0x00000000
x19: 	0x00000000
x20: 	0x00000000
x21: 	0x00000000
x22: 	0x00000000
x23: 	0x00000000
x24: 	0x00000000
x25: 	0x00000000
x26: 	0x00000000
x27: 	0x00000000
x28: 	0x00000000
x29: 	0x00000000
x30: 	0x00000000
x31: 	0x00000000

0x00002628	0x00000000	Unkown Instruction 

All Registers: 
x0: 	0x00000000
x1: 	0x00000000
x2: 	0x00000000
x3: 	0x00000000
x4: 	0x00000000
x5: 	0x00000000
x6: 	0x00000000
x7: 	0x00000000
x8: 	0x00000000
x9: 	0x00000000
x10: 	0x00000000
x11: 	0x00000000
x12: 	0x00000000
x13: 	0x00000000
x14: 	0x00000000
x15: 	0x00000000
x16: 	0x00000000
x17: 	0x00000000
x18: 	0x00000000
x19: 	0x00000000
x20: 	0x00000000
x21: 	0x00000000
x22: 	0x00000000
x23: 	0x00000000
x24: 	0x00000000
x25: 	0x00000000
x26: 	0x00000000
x27: 	0x00000000
x28: 	0x00000000
x29: 	0x00000000
x30: 	0x00000000
x31: 	0x00000000

0x0000262c	0x00000000	Unkown Instruction 

All Registers: 
x0: 	0x00000000
x1: 	0x00000000
x2: 	0x00000000
x3: 	0x00000000
x4: 	0x00000000
x5: 	0x00000000
x6: 	0x00000000
x7: 	0x00000000
x8: 	0x00000000
x9: 	0x00000000
x10: 	0x00000000
x11: 	0x00000000
x12: 	0x00000000
x13: 	0x00000000
x14: 	0x00000000
x15: 	0x00000000
x16: 	0x00000000
x17: 	0x00000000
x18: 	0x00000000
x19: 	0x00000000
x20: 	0x00000000
x21: 	0x00000000
x22: 	0x00000000
x23: 	0x00000000
x24: 	0x00000000
x25: 	0x00000000
x26: 	0x00000000
x27: 	0x00000000
x28: 	0x00000000
x29: 	0x00000000
x30: 	0x00000000
x31: 	0x00000000

0x00002630	0x00000000	Unkown Instruction 

All Registers: 
x0: 	0x00000000
x1: 	0x00000000
x2: 	0x00000000
x3: 	0x00000000
x4: 	0x00000000
x5: 	0x00000000
x6: 	0x00000000
x7: 	0x00000000
x8: 	0x00000000
x9: 	0x00000000
x10: 	0x00000000
x11: 	0x00000000
x12: 	0x00000000
x13: 	0x00000000
x14: 	0x00000000
x15: 	0x00000000
x16: 	0x00000000
x17: 	0x00000000
x18: 	0x00000000
x19: 	0x00000000
x20: 	0x00000000
x21: 	0x00000000
x22: 	0x00000000
x23: 	0x00000000
x24: 	0x00000000
x25: 	0x00000000
x26: 	0x00000000
x27: 	0x00000000
x28: 	0x00000000
x29: 	0x00000000
x30: 	0x00000000
x31: 	0x00000000

0x00002634	0x00000000	Unkown Instruction 

All Registers: 
x0: 	0x00000000
x1: 	0x00000000
x2: 	0x00000000
x3: 	0x00000000
x4: 	0x00000000
x5: 	0x00000000
x6: 	0x00000000
x7: 	0x00000000
x8: 	0x00000000
x9: 	0x00000000
x10: 	0x00000000
x11: 	0x00000000
x12: 	0x00000000
x13: 	0x00000000
x14: 	0x00000000
x15: 	0x00000000
x16: 	0x00000000
x17: 	0x00000000
x18: 	0x00000000
x19: 	0x00000000
x20: 	0x00000000
x21: 	0x00000000
x22: 	0x00000000
x23: 	0x00000000
x24: 	0x00000000
x25: 	0x00000000
x26: 	0x00000000
x27: 	0x00000000
x28: 	0x00000000
x29: 	0x00000000
x30: 	0x00000000
x31: 	0x00000000

0x00002638	0x00000000	Unkown Instruction 

All Registers: 
x0: 	0x00000000
x1: 	0x00000000
x2: 	0x00000000
x3: 	0x00000000
x4: 	0x00000000
x5: 	0x00000000
x6: 	0x00000000
x7: 	0x00000000
x8: 	0x00000000
x9: 	0x00000000
x10: 	0x00000000
x11: 	0x00000000
x12: 	0x00000000
x13: 	0x00000000
x14: 	0x00000000
x15: 	0x00000000
x16: 	0x00000000
x17: 	0x00000000
x18: 	0x00000000
x19: 	0x00000000
x20: 	0x00000000
x21: 	0x00000000
x22: 	0x00000000
x23: 	0x00000000
x24: 	0x00000000
x25: 	0x00000000
x26: 	0x00000000
x27: 	0x00000000
x28: 	0x00000000
x29: 	0x00000000
x30: 	0x00000000
x31: 	0x00000000

0x0000263c	0x00000000	Unkown Instruction 

All Registers: 
x0: 	0x00000000
x1: 	0x00000000
x2: 	0x00000000
x3: 	0x00000000
x4: 	0x00000000
x5: 	0x00000000
x6: 	0x00000000
x7: 	0x00000000
x8: 	0x00000000
x9: 	0x00000000
x10: 	0x00000000
x11: 	0x00000000
x12: 	0x00000000
x13: 	0x00000000
x14: 	0x00000000
x15: 	0x00000000
x16: 	0x00000000
x17: 	0x00000000
x18: 	0x00000000
x19: 	0x00000000
x20: 	0x00000000
x21: 	0x00000000
x22: 	0x00000000
x23: 	0x00000000
x24: 	0x00000000
x25: 	0x00000000
x26: 	0x00000000
x27: 	0x00000000
x28: 	0x00000000
x29: 	0x00000000
x30: 	0x00000000
x31: 	0x00000000

0x00002640	0x00000000	Unkown Instruction 

All Registers: 
x0: 	0x00000000
x1: 	0x00000000
x2: 	0x00000000
x3: 	0x00000000
x4: 	0x00000000
x5: 	0x00000000
x6: 	0x00000000
x7: 	0x00000000
x8: 	0x00000000
x9: 	0x00000000
x10: 	0x00000000
x11: 	0x00000000
x12: 	0x00000000
x13: 	0x00000000
x14: 	0x00000000
x15: 	0x00000000
x16: 	0x00000000
x17: 	0x00000000
x18: 	0x00000000
x19: 	0x00000000
x20: 	0x00000000
x21: 	0x00000000
x22: 	0x00000000
x23: 	0x00000000
x24: 	0x00000000
x25: 	0x00000000
x26: 	0x00000000
x27: 	0x00000000
x28: 	0x00000000
x29: 	0x00000000
x30: 	0x00000000
x31: 	0x00000000

0x00002644	0x00000000	Unkown Instruction 

All Registers: 
x0: 	0x00000000
x1: 	0x00000000
x2: 	0x00000000
x3: 	0x00000000
x4: 	0x00000000
x5: 	0x00000000
x6: 	0x00000000
x7: 	0x00000000
x8: 	0x00000000
x9: 	0x00000000
x10: 	0x00000000
x11: 	0x00000000
x12: 	0x00000000
x13: 	0x00000000
x14: 	0x00000000
x15: 	0x00000000
x16: 	0x00000000
x17: 	0x00000000
x18: 	0x00000000
x19: 	0x00000000
x20: 	0x00000000
x21: 	0x00000000
x22: 	0x00000000
x23: 	0x00000000
x24: 	0x00000000
x25: 	0x00000000
x26: 	0x00000000
x27: 	0x00000000
x28: 	0x00000000
x29: 	0x00000000
x30: 	0x00000000
x31: 	0x00000000

0x00002648	0x00000000	Unkown Instruction 

All Registers: 
x0: 	0x00000000
x1: 	0x00000000
x2: 	0x00000000
x3: 	0x00000000
x4: 	0x00000000
x5: 	0x00000000
x6: 	0x00000000
x7: 	0x00000000
x8: 	0x00000000
x9: 	0x00000000
x10: 	0x00000000
x11: 	0x00000000
x12: 	0x00000000
x13: 	0x00000000
x14: 	0x00000000
x15: 	0x00000000
x16: 	0x00000000
x17: 	0x00000000
x18: 	0x00000000
x19: 	0x00000000
x20: 	0x00000000
x21: 	0x00000000
x22: 	0x00000000
x23: 	0x00000000
x24: 	0x00000000
x25: 	0x00000000
x26: 	0x00000000
x27: 	0x00000000
x28: 	0x00000000
x29: 	0x00000000
x30: 	0x00000000
x31: 	0x00000000

0x0000264c	0x00000000	Unkown Instruction 

All Registers: 
x0: 	0x00000000
x1: 	0x00000000
x2: 	0x00000000
x3: 	0x00000000
x4: 	0x00000000
x5: 	0x00000000
x6: 	0x00000000
x7: 	0x00000000
x8: 	0x00000000
x9: 	0x00000000
x10: 	0x00000000
x11: 	0x00000000
x12: 	0x00000000
x13: 	0x00000000
x14: 	0x00000000
x15: 	0x00000000
x16: 	0x00000000
x17: 	0x00000000
x18: 	0x00000000
x19: 	0x00000000
x20: 	0x00000000
x21: 	0x00000000
x22: 	0x00000000
x23: 	0x00000000
x24: 	0x00000000
x25: 	0x00000000
x26: 	0x00000000
x27: 	0x00000000
x28: 	0x00000000
x29: 	0x00000000
x30: 	0x00000000
x31: 	0x00000000

0x00002650	0x00000000	Unkown Instruction 

All Registers: 
x0: 	0x00000000
x1: 	0x00000000
x2: 	0x00000000
x3: 	0x00000000
x4: 	0x00000000
x5: 	0x00000000
x6: 	0x00000000
x7: 	0x00000000
x8: 	0x00000000
x9: 	0x00000000
x10: 	0x00000000
x11: 	0x00000000
x12: 	0x00000000
x13: 	0x00000000
x14: 	0x00000000
x15: 	0x00000000
x16: 	0x00000000
x17: 	0x00000000
x18: 	0x00000000
x19: 	0x00000000
x20: 	0x00000000
x21: 	0x00000000
x22: 	0x00000000
x23: 	0x00000000
x24: 	0x00000000
x25: 	0x00000000
x26: 	0x00000000
x27: 	0x00000000
x28: 	0x00000000
x29: 	0x00000000
x30: 	0x00000000
x31: 	0x00000000

0x00002654	0x00000000	Unkown Instruction 

All Registers: 
x0: 	0x00000000
x1: 	0x00000000
x2: 	0x00000000
x3: 	0x00000000
x4: 	0x00000000
x5: 	0x00000000
x6: 	0x00000000
x7: 	0x00000000
x8: 	0x00000000
x9: 	0x00000000
x10: 	0x00000000
x11: 	0x00000000
x12: 	0x00000000
x13: 	0x00000000
x14: 	0x00000000
x15: 	0x00000000
x16: 	0x00000000
x17: 	0x00000000
x18: 	0x00000000
x19: 	0x00000000
x20: 	0x00000000
x21: 	0x00000000
x22: 	0x00000000
x23: 	0x00000000
x24: 	0x00000000
x25: 	0x00000000
x26: 	0x00000000
x27: 	0x00000000
x28: 	0x00000000
x29: 	0x00000000
x30: 	0x00000000
x31: 	0x00000000

0x00002658	0x00000000	Unkown Instruction 

All Registers: 
x0: 	0x00000000
x1: 	0x00000000
x2: 	0x00000000
x3: 	0x00000000
x4: 	0x00000000
x5: 	0x00000000
x6: 	0x00000000
x7: 	0x00000000
x8: 	0x00000000
x9: 	0x00000000
x10: 	0x00000000
x11: 	0x00000000
x12: 	0x00000000
x13: 	0x00000000
x14: 	0x00000000
x15: 	0x00000000
x16: 	0x00000000
x17: 	0x00000000
x18: 	0x00000000
x19: 	0x00000000
x20: 	0x00000000
x21: 	0x00000000
x22: 	0x00000000
x23: 	0x00000000
x24: 	0x00000000
x25: 	0x00000000
x26: 	0x00000000
x27: 	0x00000000
x28: 	0x00000000
x29: 	0x00000000
x30: 	0x00000000
x31: 	0x00000000

0x0000265c	0x00000000	Unkown Instruction 

All Registers: 
x0: 	0x00000000
x1: 	0x00000000
x2: 	0x00000000
x3: 	0x00000000
x4: 	0x00000000
x5: 	0x00000000
x6: 	0x00000000
x7: 	0x00000000
x8: 	0x00000000
x9: 	0x00000000
x10: 	0x00000000
x11: 	0x00000000
x12: 	0x00000000
x13: 	0x00000000
x14: 	0x00000000
x15: 	0x00000000
x16: 	0x00000000
x17: 	0x00000000
x18: 	0x00000000
x19: 	0x00000000
x20: 	0x00000000
x21: 	0x00000000
x22: 	0x00000000
x23: 	0x00000000
x24: 	0x00000000
x25: 	0x00000000
x26: 	0x00000000
x27: 	0x00000000
x28: 	0x00000000
x29: 	0x00000000
x30: 	0x00000000
x31: 	0x00000000

0x00002660	0x00000000	Unkown Instruction 

All Registers: 
x0: 	0x00000000
x1: 	0x00000000
x2: 	0x00000000
x3: 	0x00000000
x4: 	0x00000000
x5: 	0x00000000
x6: 	0x00000000
x7: 	0x00000000
x8: 	0x00000000
x9: 	0x00000000
x10: 	0x00000000
x11: 	0x00000000
x12: 	0x00000000
x13: 	0x00000000
x14: 	0x00000000
x15: 	0x00000000
x16: 	0x00000000
x17: 	0x00000000
x18: 	0x00000000
x19: 	0x00000000
x20: 	0x00000000
x21: 	0x00000000
x22: 	0x00000000
x23: 	0x00000000
x24: 	0x00000000
x25: 	0x00000000
x26: 	0x00000000
x27: 	0x00000000
x28: 	0x00000000
x29: 	0x00000000
x30: 	0x00000000
x31: 	0x00000000

0x00002664	0x00000000	Unkown Instruction 

All Registers: 
x0: 	0x00000000
x1: 	0x00000000
x2: 	0x00000000
x3: 	0x00000000
x4: 	0x00000000
x5: 	0x00000000
x6: 	0x00000000
x7: 	0x00000000
x8: 	0x00000000
x9: 	0x00000000
x10: 	0x00000000
x11: 	0x00000000
x12: 	0x00000000
x13: 	0x00000000
x14: 	0x00000000
x15: 	0x00000000
x16: 	0x00000000
x17: 	0x00000000
x18: 	0x00000000
x19: 	0x00000000
x20: 	0x00000000
x21: 	0x00000000
x22: 	0x00000000
x23: 	0x00000000
x24: 	0x00000000
x25: 	0x00000000
x26: 	0x00000000
x27: 	0x00000000
x28: 	0x00000000
x29: 	0x00000000
x30: 	0x00000000
x31: 	0x00000000

0x00002668	0x00000000	Unkown Instruction 

All Registers: 
x0: 	0x00000000
x1: 	0x00000000
x2: 	0x00000000
x3: 	0x00000000
x4: 	0x00000000
x5: 	0x00000000
x6: 	0x00000000
x7: 	0x00000000
x8: 	0x00000000
x9: 	0x00000000
x10: 	0x00000000
x11: 	0x00000000
x12: 	0x00000000
x13: 	0x00000000
x14: 	0x00000000
x15: 	0x00000000
x16: 	0x00000000
x17: 	0x00000000
x18: 	0x00000000
x19: 	0x00000000
x20: 	0x00000000
x21: 	0x00000000
x22: 	0x00000000
x23: 	0x00000000
x24: 	0x00000000
x25: 	0x00000000
x26: 	0x00000000
x27: 	0x00000000
x28: 	0x00000000
x29: 	0x00000000
x30: 	0x00000000
x31: 	0x00000000

0x0000266c	0x00000000	Unkown Instruction 

All Registers: 
x0: 	0x00000000
x1: 	0x00000000
x2: 	0x00000000
x3: 	0x00000000
x4: 	0x00000000
x5: 	0x00000000
x6: 	0x00000000
x7: 	0x00000000
x8: 	0x00000000
x9: 	0x00000000
x10: 	0x00000000
x11: 	0x00000000
x12: 	0x00000000
x13: 	0x00000000
x14: 	0x00000000
x15: 	0x00000000
x16: 	0x00000000
x17: 	0x00000000
x18: 	0x00000000
x19: 	0x00000000
x20: 	0x00000000
x21: 	0x00000000
x22: 	0x00000000
x23: 	0x00000000
x24: 	0x00000000
x25: 	0x00000000
x26: 	0x00000000
x27: 	0x00000000
x28: 	0x00000000
x29: 	0x00000000
x30: 	0x00000000
x31: 	0x00000000

0x00002670	0x00000000	Unkown Instruction 

All Registers: 
x0: 	0x00000000
x1: 	0x00000000
x2: 	0x00000000
x3: 	0x00000000
x4: 	0x00000000
x5: 	0x00000000
x6: 	0x00000000
x7: 	0x00000000
x8: 	0x00000000
x9: 	0x00000000
x10: 	0x00000000
x11: 	0x00000000
x12: 	0x00000000
x13: 	0x00000000
x14: 	0x00000000
x15: 	0x00000000
x16: 	0x00000000
x17: 	0x00000000
x18: 	0x00000000
x19: 	0x00000000
x20: 	0x00000000
x21: 	0x00000000
x22: 	0x00000000
x23: 	0x00000000
x24: 	0x00000000
x25: 	0x00000000
x26: 	0x00000000
x27: 	0x00000000
x28: 	0x00000000
x29: 	0x00000000
x30: 	0x00000000
x31: 	0x00000000

0x00002674	0x00000000	Unkown Instruction 

All Registers: 
x0: 	0x00000000
x1: 	0x00000000
x2: 	0x00000000
x3: 	0x00000000
x4: 	0x00000000
x5: 	0x00000000
x6: 	0x00000000
x7: 	0x00000000
x8: 	0x00000000
x9: 	0x00000000
x10: 	0x00000000
x11: 	0x00000000
x12: 	0x00000000
x13: 	0x00000000
x14: 	0x00000000
x15: 	0x00000000
x16: 	0x00000000
x17: 	0x00000000
x18: 	0x00000000
x19: 	0x00000000
x20: 	0x00000000
x21: 	0x00000000
x22: 	0x00000000
x23: 	0x00000000
x24: 	0x00000000
x25: 	0x00000000
x26: 	0x00000000
x27: 	0x00000000
x28: 	0x00000000
x29: 	0x00000000
x30: 	0x00000000
x31: 	0x00000000

0x00002678	0x00000000	Unkown Instruction 

All Registers: 
x0: 	0x00000000
x1: 	0x00000000
x2: 	0x00000000
x3: 	0x00000000
x4: 	0x00000000
x5: 	0x00000000
x6: 	0x00000000
x7: 	0x00000000
x8: 	0x00000000
x9: 	0x00000000
x10: 	0x00000000
x11: 	0x00000000
x12: 	0x00000000
x13: 	0x00000000
x14: 	0x00000000
x15: 	0x00000000
x16: 	0x00000000
x17: 	0x00000000
x18: 	0x00000000
x19: 	0x00000000
x20: 	0x00000000
x21: 	0x00000000
x22: 	0x00000000
x23: 	0x00000000
x24: 	0x00000000
x25: 	0x00000000
x26: 	0x00000000
x27: 	0x00000000
x28: 	0x00000000
x29: 	0x00000000
x30: 	0x00000000
x31: 	0x00000000

0x0000267c	0x00000000	Unkown Instruction 

All Registers: 
x0: 	0x00000000
x1: 	0x00000000
x2: 	0x00000000
x3: 	0x00000000
x4: 	0x00000000
x5: 	0x00000000
x6: 	0x00000000
x7: 	0x00000000
x8: 	0x00000000
x9: 	0x00000000
x10: 	0x00000000
x11: 	0x00000000
x12: 	0x00000000
x13: 	0x00000000
x14: 	0x00000000
x15: 	0x00000000
x16: 	0x00000000
x17: 	0x00000000
x18: 	0x00000000
x19: 	0x00000000
x20: 	0x00000000
x21: 	0x00000000
x22: 	0x00000000
x23: 	0x00000000
x24: 	0x00000000
x25: 	0x00000000
x26: 	0x00000000
x27: 	0x00000000
x28: 	0x00000000
x29: 	0x00000000
x30: 	0x00000000
x31: 	0x00000000

0x00002680	0x00000000	Unkown Instruction 

All Registers: 
x0: 	0x00000000
x1: 	0x00000000
x2: 	0x00000000
x3: 	0x00000000
x4: 	0x00000000
x5: 	0x00000000
x6: 	0x00000000
x7: 	0x00000000
x8: 	0x00000000
x9: 	0x00000000
x10: 	0x00000000
x11: 	0x00000000
x12: 	0x00000000
x13: 	0x00000000
x14: 	0x00000000
x15: 	0x00000000
x16: 	0x00000000
x17: 	0x00000000
x18: 	0x00000000
x19: 	0x00000000
x20: 	0x00000000
x21: 	0x00000000
x22: 	0x00000000
x23: 	0x00000000
x24: 	0x00000000
x25: 	0x00000000
x26: 	0x00000000
x27: 	0x00000000
x28: 	0x00000000
x29: 	0x00000000
x30: 	0x00000000
x31: 	0x00000000

0x00002684	0x00000000	Unkown Instruction 

All Registers: 
x0: 	0x00000000
x1: 	0x00000000
x2: 	0x00000000
x3: 	0x00000000
x4: 	0x00000000
x5: 	0x00000000
x6: 	0x00000000
x7: 	0x00000000
x8: 	0x00000000
x9: 	0x00000000
x10: 	0x00000000
x11: 	0x00000000
x12: 	0x00000000
x13: 	0x00000000
x14: 	0x00000000
x15: 	0x00000000
x16: 	0x00000000
x17: 	0x00000000
x18: 	0x00000000
x19: 	0x00000000
x20: 	0x00000000
x21: 	0x00000000
x22: 	0x00000000
x23: 	0x00000000
x24: 	0x00000000
x25: 	0x00000000
x26: 	0x00000000
x27: 	0x00000000
x28: 	0x00000000
x29: 	0x00000000
x30: 	0x00000000
x31: 	0x00000000

0x00002688	0x00000000	Unkown Instruction 

All Registers: 
x0: 	0x00000000
x1: 	0x00000000
x2: 	0x00000000
x3: 	0x00000000
x4: 	0x00000000
x5: 	0x00000000
x6: 	0x00000000
x7: 	0x00000000
x8: 	0x00000000
x9: 	0x00000000
x10: 	0x00000000
x11: 	0x00000000
x12: 	0x00000000
x13: 	0x00000000
x14: 	0x00000000
x15: 	0x00000000
x16: 	0x00000000
x17: 	0x00000000
x18: 	0x00000000
x19: 	0x00000000
x20: 	0x00000000
x21: 	0x00000000
x22: 	0x00000000
x23: 	0x00000000
x24: 	0x00000000
x25: 	0x00000000
x26: 	0x00000000
x27: 	0x00000000
x28: 	0x00000000
x29: 	0x00000000
x30: 	0x00000000
x31: 	0x00000000

0x0000268c	0x00000000	Unkown Instruction 

All Registers: 
x0: 	0x00000000
x1: 	0x00000000
x2: 	0x00000000
x3: 	0x00000000
x4: 	0x00000000
x5: 	0x00000000
x6: 	0x00000000
x7: 	0x00000000
x8: 	0x00000000
x9: 	0x00000000
x10: 	0x00000000
x11: 	0x00000000
x12: 	0x00000000
x13: 	0x00000000
x14: 	0x00000000
x15: 	0x00000000
x16: 	0x00000000
x17: 	0x00000000
x18: 	0x00000000
x19: 	0x00000000
x20: 	0x00000000
x21: 	0x00000000
x22: 	0x00000000
x23: 	0x00000000
x24: 	0x00000000
x25: 	0x00000000
x26: 	0x00000000
x27: 	0x00000000
x28: 	0x00000000
x29: 	0x00000000
x30: 	0x00000000
x31: 	0x00000000

0x00002690	0x00000000	Unkown Instruction 

All Registers: 
x0: 	0x00000000
x1: 	0x00000000
x2: 	0x00000000
x3: 	0x00000000
x4: 	0x00000000
x5: 	0x00000000
x6: 	0x00000000
x7: 	0x00000000
x8: 	0x00000000
x9: 	0x00000000
x10: 	0x00000000
x11: 	0x00000000
x12: 	0x00000000
x13: 	0x00000000
x14: 	0x00000000
x15: 	0x00000000
x16: 	0x00000000
x17: 	0x00000000
x18: 	0x00000000
x19: 	0x00000000
x20: 	0x00000000
x21: 	0x00000000
x22: 	0x00000000
x23: 	0x00000000
x24: 	0x00000000
x25: 	0x00000000
x26: 	0x00000000
x27: 	0x00000000
x28: 	0x00000000
x29: 	0x00000000
x30: 	0x00000000
x31: 	0x00000000

0x00002694	0x00000000	Unkown Instruction 

All Registers: 
x0: 	0x00000000
x1: 	0x00000000
x2: 	0x00000000
x3: 	0x00000000
x4: 	0x00000000
x5: 	0x00000000
x6: 	0x00000000
x7: 	0x00000000
x8: 	0x00000000
x9: 	0x00000000
x10: 	0x00000000
x11: 	0x00000000
x12: 	0x00000000
x13: 	0x00000000
x14: 	0x00000000
x15: 	0x00000000
x16: 	0x00000000
x17: 	0x00000000
x18: 	0x00000000
x19: 	0x00000000
x20: 	0x00000000
x21: 	0x00000000
x22: 	0x00000000
x23: 	0x00000000
x24: 	0x00000000
x25: 	0x00000000
x26: 	0x00000000
x27: 	0x00000000
x28: 	0x00000000
x29: 	0x00000000
x30: 	0x00000000
x31: 	0x00000000

0x00002698	0x00000000	Unkown Instruction 

All Registers: 
x0: 	0x00000000
x1: 	0x00000000
x2: 	0x00000000
x3: 	0x00000000
x4: 	0x00000000
x5: 	0x00000000
x6: 	0x00000000
x7: 	0x00000000
x8: 	0x00000000
x9: 	0x00000000
x10: 	0x00000000
x11: 	0x00000000
x12: 	0x00000000
x13: 	0x00000000
x14: 	0x00000000
x15: 	0x00000000
x16: 	0x00000000
x17: 	0x00000000
x18: 	0x00000000
x19: 	0x00000000
x20: 	0x00000000
x21: 	0x00000000
x22: 	0x00000000
x23: 	0x00000000
x24: 	0x00000000
x25: 	0x00000000
x26: 	0x00000000
x27: 	0x00000000
x28: 	0x00000000
x29: 	0x00000000
x30: 	0x00000000
x31: 	0x00000000

0x0000269c	0x00000000	Unkown Instruction 

All Registers: 
x0: 	0x00000000
x1: 	0x00000000
x2: 	0x00000000
x3: 	0x00000000
x4: 	0x00000000
x5: 	0x00000000
x6: 	0x00000000
x7: 	0x00000000
x8: 	0x00000000
x9: 	0x00000000
x10: 	0x00000000
x11: 	0x00000000
x12: 	0x00000000
x13: 	0x00000000
x14: 	0x00000000
x15: 	0x00000000
x16: 	0x00000000
x17: 	0x00000000
x18: 	0x00000000
x19: 	0x00000000
x20: 	0x00000000
x21: 	0x00000000
x22: 	0x00000000
x23: 	0x00000000
x24: 	0x00000000
x25: 	0x00000000
x26: 	0x00000000
x27: 	0x00000000
x28: 	0x00000000
x29: 	0x00000000
x30: 	0x00000000
x31: 	0x00000000

0x000026a0	0x00000000	Unkown Instruction 

All Registers: 
x0: 	0x00000000
x1: 	0x00000000
x2: 	0x00000000
x3: 	0x00000000
x4: 	0x00000000
x5: 	0x00000000
x6: 	0x00000000
x7: 	0x00000000
x8: 	0x00000000
x9: 	0x00000000
x10: 	0x00000000
x11: 	0x00000000
x12: 	0x00000000
x13: 	0x00000000
x14: 	0x00000000
x15: 	0x00000000
x16: 	0x00000000
x17: 	0x00000000
x18: 	0x00000000
x19: 	0x00000000
x20: 	0x00000000
x21: 	0x00000000
x22: 	0x00000000
x23: 	0x00000000
x24: 	0x00000000
x25: 	0x00000000
x26: 	0x00000000
x27: 	0x00000000
x28: 	0x00000000
x29: 	0x00000000
x30: 	0x00000000
x31: 	0x00000000

0x000026a4	0x00000000	Unkown Instruction 

All Registers: 
x0: 	0x00000000
x1: 	0x00000000
x2: 	0x00000000
x3: 	0x00000000
x4: 	0x00000000
x5: 	0x00000000
x6: 	0x00000000
x7: 	0x00000000
x8: 	0x00000000
x9: 	0x00000000
x10: 	0x00000000
x11: 	0x00000000
x12: 	0x00000000
x13: 	0x00000000
x14: 	0x00000000
x15: 	0x00000000
x16: 	0x00000000
x17: 	0x00000000
x18: 	0x00000000
x19: 	0x00000000
x20: 	0x00000000
x21: 	0x00000000
x22: 	0x00000000
x23: 	0x00000000
x24: 	0x00000000
x25: 	0x00000000
x26: 	0x00000000
x27: 	0x00000000
x28: 	0x00000000
x29: 	0x00000000
x30: 	0x00000000
x31: 	0x00000000

0x000026a8	0x00000000	Unkown Instruction 

All Registers: 
x0: 	0x00000000
x1: 	0x00000000
x2: 	0x00000000
x3: 	0x00000000
x4: 	0x00000000
x5: 	0x00000000
x6: 	0x00000000
x7: 	0x00000000
x8: 	0x00000000
x9: 	0x00000000
x10: 	0x00000000
x11: 	0x00000000
x12: 	0x00000000
x13: 	0x00000000
x14: 	0x00000000
x15: 	0x00000000
x16: 	0x00000000
x17: 	0x00000000
x18: 	0x00000000
x19: 	0x00000000
x20: 	0x00000000
x21: 	0x00000000
x22: 	0x00000000
x23: 	0x00000000
x24: 	0x00000000
x25: 	0x00000000
x26: 	0x00000000
x27: 	0x00000000
x28: 	0x00000000
x29: 	0x00000000
x30: 	0x00000000
x31: 	0x00000000

0x000026ac	0x00000000	Unkown Instruction 

All Registers: 
x0: 	0x00000000
x1: 	0x00000000
x2: 	0x00000000
x3: 	0x00000000
x4: 	0x00000000
x5: 	0x00000000
x6: 	0x00000000
x7: 	0x00000000
x8: 	0x00000000
x9: 	0x00000000
x10: 	0x00000000
x11: 	0x00000000
x12: 	0x00000000
x13: 	0x00000000
x14: 	0x00000000
x15: 	0x00000000
x16: 	0x00000000
x17: 	0x00000000
x18: 	0x00000000
x19: 	0x00000000
x20: 	0x00000000
x21: 	0x00000000
x22: 	0x00000000
x23: 	0x00000000
x24: 	0x00000000
x25: 	0x00000000
x26: 	0x00000000
x27: 	0x00000000
x28: 	0x00000000
x29: 	0x00000000
x30: 	0x00000000
x31: 	0x00000000

0x000026b0	0x00000000	Unkown Instruction 

All Registers: 
x0: 	0x00000000
x1: 	0x00000000
x2: 	0x00000000
x3: 	0x00000000
x4: 	0x00000000
x5: 	0x00000000
x6: 	0x00000000
x7: 	0x00000000
x8: 	0x00000000
x9: 	0x00000000
x10: 	0x00000000
x11: 	0x00000000
x12: 	0x00000000
x13: 	0x00000000
x14: 	0x00000000
x15: 	0x00000000
x16: 	0x00000000
x17: 	0x00000000
x18: 	0x00000000
x19: 	0x00000000
x20: 	0x00000000
x21: 	0x00000000
x22: 	0x00000000
x23: 	0x00000000
x24: 	0x00000000
x25: 	0x00000000
x26: 	0x00000000
x27: 	0x00000000
x28: 	0x00000000
x29: 	0x00000000
x30: 	0x00000000
x31: 	0x00000000

0x000026b4	0x00000000	Unkown Instruction 

All Registers: 
x0: 	0x00000000
x1: 	0x00000000
x2: 	0x00000000
x3: 	0x00000000
x4: 	0x00000000
x5: 	0x00000000
x6: 	0x00000000
x7: 	0x00000000
x8: 	0x00000000
x9: 	0x00000000
x10: 	0x00000000
x11: 	0x00000000
x12: 	0x00000000
x13: 	0x00000000
x14: 	0x00000000
x15: 	0x00000000
x16: 	0x00000000
x17: 	0x00000000
x18: 	0x00000000
x19: 	0x00000000
x20: 	0x00000000
x21: 	0x00000000
x22: 	0x00000000
x23: 	0x00000000
x24: 	0x00000000
x25: 	0x00000000
x26: 	0x00000000
x27: 	0x00000000
x28: 	0x00000000
x29: 	0x00000000
x30: 	0x00000000
x31: 	0x00000000

0x000026b8	0x00000000	Unkown Instruction 

All Registers: 
x0: 	0x00000000
x1: 	0x00000000
x2: 	0x00000000
x3: 	0x00000000
x4: 	0x00000000
x5: 	0x00000000
x6: 	0x00000000
x7: 	0x00000000
x8: 	0x00000000
x9: 	0x00000000
x10: 	0x00000000
x11: 	0x00000000
x12: 	0x00000000
x13: 	0x00000000
x14: 	0x00000000
x15: 	0x00000000
x16: 	0x00000000
x17: 	0x00000000
x18: 	0x00000000
x19: 	0x00000000
x20: 	0x00000000
x21: 	0x00000000
x22: 	0x00000000
x23: 	0x00000000
x24: 	0x00000000
x25: 	0x00000000
x26: 	0x00000000
x27: 	0x00000000
x28: 	0x00000000
x29: 	0x00000000
x30: 	0x00000000
x31: 	0x00000000

0x000026bc	0x00000000	Unkown Instruction 

All Registers: 
x0: 	0x00000000
x1: 	0x00000000
x2: 	0x00000000
x3: 	0x00000000
x4: 	0x00000000
x5: 	0x00000000
x6: 	0x00000000
x7: 	0x00000000
x8: 	0x00000000
x9: 	0x00000000
x10: 	0x00000000
x11: 	0x00000000
x12: 	0x00000000
x13: 	0x00000000
x14: 	0x00000000
x15: 	0x00000000
x16: 	0x00000000
x17: 	0x00000000
x18: 	0x00000000
x19: 	0x00000000
x20: 	0x00000000
x21: 	0x00000000
x22: 	0x00000000
x23: 	0x00000000
x24: 	0x00000000
x25: 	0x00000000
x26: 	0x00000000
x27: 	0x00000000
x28: 	0x00000000
x29: 	0x00000000
x30: 	0x00000000
x31: 	0x00000000

0x000026c0	0x00000000	Unkown Instruction 

All Registers: 
x0: 	0x00000000
x1: 	0x00000000
x2: 	0x00000000
x3: 	0x00000000
x4: 	0x00000000
x5: 	0x00000000
x6: 	0x00000000
x7: 	0x00000000
x8: 	0x00000000
x9: 	0x00000000
x10: 	0x00000000
x11: 	0x00000000
x12: 	0x00000000
x13: 	0x00000000
x14: 	0x00000000
x15: 	0x00000000
x16: 	0x00000000
x17: 	0x00000000
x18: 	0x00000000
x19: 	0x00000000
x20: 	0x00000000
x21: 	0x00000000
x22: 	0x00000000
x23: 	0x00000000
x24: 	0x00000000
x25: 	0x00000000
x26: 	0x00000000
x27: 	0x00000000
x28: 	0x00000000
x29: 	0x00000000
x30: 	0x00000000
x31: 	0x00000000

0x000026c4	0x00000000	Unkown Instruction 

All Registers: 
x0: 	0x00000000
x1: 	0x00000000
x2: 	0x00000000
x3: 	0x00000000
x4: 	0x00000000
x5: 	0x00000000
x6: 	0x00000000
x7: 	0x00000000
x8: 	0x00000000
x9: 	0x00000000
x10: 	0x00000000
x11: 	0x00000000
x12: 	0x00000000
x13: 	0x00000000
x14: 	0x00000000
x15: 	0x00000000
x16: 	0x00000000
x17: 	0x00000000
x18: 	0x00000000
x19: 	0x00000000
x20: 	0x00000000
x21: 	0x00000000
x22: 	0x00000000
x23: 	0x00000000
x24: 	0x00000000
x25: 	0x00000000
x26: 	0x00000000
x27: 	0x00000000
x28: 	0x00000000
x29: 	0x00000000
x30: 	0x00000000
x31: 	0x00000000

0x000026c8	0x00000000	Unkown Instruction 

All Registers: 
x0: 	0x00000000
x1: 	0x00000000
x2: 	0x00000000
x3: 	0x00000000
x4: 	0x00000000
x5: 	0x00000000
x6: 	0x00000000
x7: 	0x00000000
x8: 	0x00000000
x9: 	0x00000000
x10: 	0x00000000
x11: 	0x00000000
x12: 	0x00000000
x13: 	0x00000000
x14: 	0x00000000
x15: 	0x00000000
x16: 	0x00000000
x17: 	0x00000000
x18: 	0x00000000
x19: 	0x00000000
x20: 	0x00000000
x21: 	0x00000000
x22: 	0x00000000
x23: 	0x00000000
x24: 	0x00000000
x25: 	0x00000000
x26: 	0x00000000
x27: 	0x00000000
x28: 	0x00000000
x29: 	0x00000000
x30: 	0x00000000
x31: 	0x00000000

0x000026cc	0x00000000	Unkown Instruction 

All Registers: 
x0: 	0x00000000
x1: 	0x00000000
x2: 	0x00000000
x3: 	0x00000000
x4: 	0x00000000
x5: 	0x00000000
x6: 	0x00000000
x7: 	0x00000000
x8: 	0x00000000
x9: 	0x00000000
x10: 	0x00000000
x11: 	0x00000000
x12: 	0x00000000
x13: 	0x00000000
x14: 	0x00000000
x15: 	0x00000000
x16: 	0x00000000
x17: 	0x00000000
x18: 	0x00000000
x19: 	0x00000000
x20: 	0x00000000
x21: 	0x00000000
x22: 	0x00000000
x23: 	0x00000000
x24: 	0x00000000
x25: 	0x00000000
x26: 	0x00000000
x27: 	0x00000000
x28: 	0x00000000
x29: 	0x00000000
x30: 	0x00000000
x31: 	0x00000000

0x000026d0	0x00000000	Unkown Instruction 

All Registers: 
x0: 	0x00000000
x1: 	0x00000000
x2: 	0x00000000
x3: 	0x00000000
x4: 	0x00000000
x5: 	0x00000000
x6: 	0x00000000
x7: 	0x00000000
x8: 	0x00000000
x9: 	0x00000000
x10: 	0x00000000
x11: 	0x00000000
x12: 	0x00000000
x13: 	0x00000000
x14: 	0x00000000
x15: 	0x00000000
x16: 	0x00000000
x17: 	0x00000000
x18: 	0x00000000
x19: 	0x00000000
x20: 	0x00000000
x21: 	0x00000000
x22: 	0x00000000
x23: 	0x00000000
x24: 	0x00000000
x25: 	0x00000000
x26: 	0x00000000
x27: 	0x00000000
x28: 	0x00000000
x29: 	0x00000000
x30: 	0x00000000
x31: 	0x00000000

0x000026d4	0x00000000	Unkown Instruction 

All Registers: 
x0: 	0x00000000
x1: 	0x00000000
x2: 	0x00000000
x3: 	0x00000000
x4: 	0x00000000
x5: 	0x00000000
x6: 	0x00000000
x7: 	0x00000000
x8: 	0x00000000
x9: 	0x00000000
x10: 	0x00000000
x11: 	0x00000000
x12: 	0x00000000
x13: 	0x00000000
x14: 	0x00000000
x15: 	0x00000000
x16: 	0x00000000
x17: 	0x00000000
x18: 	0x00000000
x19: 	0x00000000
x20: 	0x00000000
x21: 	0x00000000
x22: 	0x00000000
x23: 	0x00000000
x24: 	0x00000000
x25: 	0x00000000
x26: 	0x00000000
x27: 	0x00000000
x28: 	0x00000000
x29: 	0x00000000
x30: 	0x00000000
x31: 	0x00000000

0x000026d8	0x00000000	Unkown Instruction 

All Registers: 
x0: 	0x00000000
x1: 	0x00000000
x2: 	0x00000000
x3: 	0x00000000
x4: 	0x00000000
x5: 	0x00000000
x6: 	0x00000000
x7: 	0x00000000
x8: 	0x00000000
x9: 	0x00000000
x10: 	0x00000000
x11: 	0x00000000
x12: 	0x00000000
x13: 	0x00000000
x14: 	0x00000000
x15: 	0x00000000
x16: 	0x00000000
x17: 	0x00000000
x18: 	0x00000000
x19: 	0x00000000
x20: 	0x00000000
x21: 	0x00000000
x22: 	0x00000000
x23: 	0x00000000
x24: 	0x00000000
x25: 	0x00000000
x26: 	0x00000000
x27: 	0x00000000
x28: 	0x00000000
x29: 	0x00000000
x30: 	0x00000000
x31: 	0x00000000

0x000026dc	0x00000000	Unkown Instruction 

All Registers: 
x0: 	0x00000000
x1: 	0x00000000
x2: 	0x00000000
x3: 	0x00000000
x4: 	0x00000000
x5: 	0x00000000
x6: 	0x00000000
x7: 	0x00000000
x8: 	0x00000000
x9: 	0x00000000
x10: 	0x00000000
x11: 	0x00000000
x12: 	0x00000000
x13: 	0x00000000
x14: 	0x00000000
x15: 	0x00000000
x16: 	0x00000000
x17: 	0x00000000
x18: 	0x00000000
x19: 	0x00000000
x20: 	0x00000000
x21: 	0x00000000
x22: 	0x00000000
x23: 	0x00000000
x24: 	0x00000000
x25: 	0x00000000
x26: 	0x00000000
x27: 	0x00000000
x28: 	0x00000000
x29: 	0x00000000
x30: 	0x00000000
x31: 	0x00000000

0x000026e0	0x00000000	Unkown Instruction 

All Registers: 
x0: 	0x00000000
x1: 	0x00000000
x2: 	0x00000000
x3: 	0x00000000
x4: 	0x00000000
x5: 	0x00000000
x6: 	0x00000000
x7: 	0x00000000
x8: 	0x00000000
x9: 	0x00000000
x10: 	0x00000000
x11: 	0x00000000
x12: 	0x00000000
x13: 	0x00000000
x14: 	0x00000000
x15: 	0x00000000
x16: 	0x00000000
x17: 	0x00000000
x18: 	0x00000000
x19: 	0x00000000
x20: 	0x00000000
x21: 	0x00000000
x22: 	0x00000000
x23: 	0x00000000
x24: 	0x00000000
x25: 	0x00000000
x26: 	0x00000000
x27: 	0x00000000
x28: 	0x00000000
x29: 	0x00000000
x30: 	0x00000000
x31: 	0x00000000

0x000026e4	0x00000000	Unkown Instruction 

All Registers: 
x0: 	0x00000000
x1: 	0x00000000
x2: 	0x00000000
x3: 	0x00000000
x4: 	0x00000000
x5: 	0x00000000
x6: 	0x00000000
x7: 	0x00000000
x8: 	0x00000000
x9: 	0x00000000
x10: 	0x00000000
x11: 	0x00000000
x12: 	0x00000000
x13: 	0x00000000
x14: 	0x00000000
x15: 	0x00000000
x16: 	0x00000000
x17: 	0x00000000
x18: 	0x00000000
x19: 	0x00000000
x20: 	0x00000000
x21: 	0x00000000
x22: 	0x00000000
x23: 	0x00000000
x24: 	0x00000000
x25: 	0x00000000
x26: 	0x00000000
x27: 	0x00000000
x28: 	0x00000000
x29: 	0x00000000
x30: 	0x00000000
x31: 	0x00000000

0x000026e8	0x00000000	Unkown Instruction 

All Registers: 
x0: 	0x00000000
x1: 	0x00000000
x2: 	0x00000000
x3: 	0x00000000
x4: 	0x00000000
x5: 	0x00000000
x6: 	0x00000000
x7: 	0x00000000
x8: 	0x00000000
x9: 	0x00000000
x10: 	0x00000000
x11: 	0x00000000
x12: 	0x00000000
x13: 	0x00000000
x14: 	0x00000000
x15: 	0x00000000
x16: 	0x00000000
x17: 	0x00000000
x18: 	0x00000000
x19: 	0x00000000
x20: 	0x00000000
x21: 	0x00000000
x22: 	0x00000000
x23: 	0x00000000
x24: 	0x00000000
x25: 	0x00000000
x26: 	0x00000000
x27: 	0x00000000
x28: 	0x00000000
x29: 	0x00000000
x30: 	0x00000000
x31: 	0x00000000

0x000026ec	0x00000000	Unkown Instruction 

All Registers: 
x0: 	0x00000000
x1: 	0x00000000
x2: 	0x00000000
x3: 	0x00000000
x4: 	0x00000000
x5: 	0x00000000
x6: 	0x00000000
x7: 	0x00000000
x8: 	0x00000000
x9: 	0x00000000
x10: 	0x00000000
x11: 	0x00000000
x12: 	0x00000000
x13: 	0x00000000
x14: 	0x00000000
x15: 	0x00000000
x16: 	0x00000000
x17: 	0x00000000
x18: 	0x00000000
x19: 	0x00000000
x20: 	0x00000000
x21: 	0x00000000
x22: 	0x00000000
x23: 	0x00000000
x24: 	0x00000000
x25: 	0x00000000
x26: 	0x00000000
x27: 	0x00000000
x28: 	0x00000000
x29: 	0x00000000
x30: 	0x00000000
x31: 	0x00000000

0x000026f0	0x00000000	Unkown Instruction 

All Registers: 
x0: 	0x00000000
x1: 	0x00000000
x2: 	0x00000000
x3: 	0x00000000
x4: 	0x00000000
x5: 	0x00000000
x6: 	0x00000000
x7: 	0x00000000
x8: 	0x00000000
x9: 	0x00000000
x10: 	0x00000000
x11: 	0x00000000
x12: 	0x00000000
x13: 	0x00000000
x14: 	0x00000000
x15: 	0x00000000
x16: 	0x00000000
x17: 	0x00000000
x18: 	0x00000000
x19: 	0x00000000
x20: 	0x00000000
x21: 	0x00000000
x22: 	0x00000000
x23: 	0x00000000
x24: 	0x00000000
x25: 	0x00000000
x26: 	0x00000000
x27: 	0x00000000
x28: 	0x00000000
x29: 	0x00000000
x30: 	0x00000000
x31: 	0x00000000

0x000026f4	0x00000000	Unkown Instruction 

All Registers: 
x0: 	0x00000000
x1: 	0x00000000
x2: 	0x00000000
x3: 	0x00000000
x4: 	0x00000000
x5: 	0x00000000
x6: 	0x00000000
x7: 	0x00000000
x8: 	0x00000000
x9: 	0x00000000
x10: 	0x00000000
x11: 	0x00000000
x12: 	0x00000000
x13: 	0x00000000
x14: 	0x00000000
x15: 	0x00000000
x16: 	0x00000000
x17: 	0x00000000
x18: 	0x00000000
x19: 	0x00000000
x20: 	0x00000000
x21: 	0x00000000
x22: 	0x00000000
x23: 	0x00000000
x24: 	0x00000000
x25: 	0x00000000
x26: 	0x00000000
x27: 	0x00000000
x28: 	0x00000000
x29: 	0x00000000
x30: 	0x00000000
x31: 	0x00000000

0x000026f8	0x00000000	Unkown Instruction 

All Registers: 
x0: 	0x00000000
x1: 	0x00000000
x2: 	0x00000000
x3: 	0x00000000
x4: 	0x00000000
x5: 	0x00000000
x6: 	0x00000000
x7: 	0x00000000
x8: 	0x00000000
x9: 	0x00000000
x10: 	0x00000000
x11: 	0x00000000
x12: 	0x00000000
x13: 	0x00000000
x14: 	0x00000000
x15: 	0x00000000
x16: 	0x00000000
x17: 	0x00000000
x18: 	0x00000000
x19: 	0x00000000
x20: 	0x00000000
x21: 	0x00000000
x22: 	0x00000000
x23: 	0x00000000
x24: 	0x00000000
x25: 	0x00000000
x26: 	0x00000000
x27: 	0x00000000
x28: 	0x00000000
x29: 	0x00000000
x30: 	0x00000000
x31: 	0x00000000

0x000026fc	0x00000000	Unkown Instruction 

All Registers: 
x0: 	0x00000000
x1: 	0x00000000
x2: 	0x00000000
x3: 	0x00000000
x4: 	0x00000000
x5: 	0x00000000
x6: 	0x00000000
x7: 	0x00000000
x8: 	0x00000000
x9: 	0x00000000
x10: 	0x00000000
x11: 	0x00000000
x12: 	0x00000000
x13: 	0x00000000
x14: 	0x00000000
x15: 	0x00000000
x16: 	0x00000000
x17: 	0x00000000
x18: 	0x00000000
x19: 	0x00000000
x20: 	0x00000000
x21: 	0x00000000
x22: 	0x00000000
x23: 	0x00000000
x24: 	0x00000000
x25: 	0x00000000
x26: 	0x00000000
x27: 	0x00000000
x28: 	0x00000000
x29: 	0x00000000
x30: 	0x00000000
x31: 	0x00000000

0x00002700	0x00000000	Unkown Instruction 

All Registers: 
x0: 	0x00000000
x1: 	0x00000000
x2: 	0x00000000
x3: 	0x00000000
x4: 	0x00000000
x5: 	0x00000000
x6: 	0x00000000
x7: 	0x00000000
x8: 	0x00000000
x9: 	0x00000000
x10: 	0x00000000
x11: 	0x00000000
x12: 	0x00000000
x13: 	0x00000000
x14: 	0x00000000
x15: 	0x00000000
x16: 	0x00000000
x17: 	0x00000000
x18: 	0x00000000
x19: 	0x00000000
x20: 	0x00000000
x21: 	0x00000000
x22: 	0x00000000
x23: 	0x00000000
x24: 	0x00000000
x25: 	0x00000000
x26: 	0x00000000
x27: 	0x00000000
x28: 	0x00000000
x29: 	0x00000000
x30: 	0x00000000
x31: 	0x00000000

0x00002704	0x00000000	Unkown Instruction 

All Registers: 
x0: 	0x00000000
x1: 	0x00000000
x2: 	0x00000000
x3: 	0x00000000
x4: 	0x00000000
x5: 	0x00000000
x6: 	0x00000000
x7: 	0x00000000
x8: 	0x00000000
x9: 	0x00000000
x10: 	0x00000000
x11: 	0x00000000
x12: 	0x00000000
x13: 	0x00000000
x14: 	0x00000000
x15: 	0x00000000
x16: 	0x00000000
x17: 	0x00000000
x18: 	0x00000000
x19: 	0x00000000
x20: 	0x00000000
x21: 	0x00000000
x22: 	0x00000000
x23: 	0x00000000
x24: 	0x00000000
x25: 	0x00000000
x26: 	0x00000000
x27: 	0x00000000
x28: 	0x00000000
x29: 	0x00000000
x30: 	0x00000000
x31: 	0x00000000

0x00002708	0x00000000	Unkown Instruction 

All Registers: 
x0: 	0x00000000
x1: 	0x00000000
x2: 	0x00000000
x3: 	0x00000000
x4: 	0x00000000
x5: 	0x00000000
x6: 	0x00000000
x7: 	0x00000000
x8: 	0x00000000
x9: 	0x00000000
x10: 	0x00000000
x11: 	0x00000000
x12: 	0x00000000
x13: 	0x00000000
x14: 	0x00000000
x15: 	0x00000000
x16: 	0x00000000
x17: 	0x00000000
x18: 	0x00000000
x19: 	0x00000000
x20: 	0x00000000
x21: 	0x00000000
x22: 	0x00000000
x23: 	0x00000000
x24: 	0x00000000
x25: 	0x00000000
x26: 	0x00000000
x27: 	0x00000000
x28: 	0x00000000
x29: 	0x00000000
x30: 	0x00000000
x31: 	0x00000000

0x0000270c	0x00000000	Unkown Instruction 

All Registers: 
x0: 	0x00000000
x1: 	0x00000000
x2: 	0x00000000
x3: 	0x00000000
x4: 	0x00000000
x5: 	0x00000000
x6: 	0x00000000
x7: 	0x00000000
x8: 	0x00000000
x9: 	0x00000000
x10: 	0x00000000
x11: 	0x00000000
x12: 	0x00000000
x13: 	0x00000000
x14: 	0x00000000
x15: 	0x00000000
x16: 	0x00000000
x17: 	0x00000000
x18: 	0x00000000
x19: 	0x00000000
x20: 	0x00000000
x21: 	0x00000000
x22: 	0x00000000
x23: 	0x00000000
x24: 	0x00000000
x25: 	0x00000000
x26: 	0x00000000
x27: 	0x00000000
x28: 	0x00000000
x29: 	0x00000000
x30: 	0x00000000
x31: 	0x00000000

0x00002710	0x00000000	Unkown Instruction 

All Registers: 
x0: 	0x00000000
x1: 	0x00000000
x2: 	0x00000000
x3: 	0x00000000
x4: 	0x00000000
x5: 	0x00000000
x6: 	0x00000000
x7: 	0x00000000
x8: 	0x00000000
x9: 	0x00000000
x10: 	0x00000000
x11: 	0x00000000
x12: 	0x00000000
x13: 	0x00000000
x14: 	0x00000000
x15: 	0x00000000
x16: 	0x00000000
x17: 	0x00000000
x18: 	0x00000000
x19: 	0x00000000
x20: 	0x00000000
x21: 	0x00000000
x22: 	0x00000000
x23: 	0x00000000
x24: 	0x00000000
x25: 	0x00000000
x26: 	0x00000000
x27: 	0x00000000
x28: 	0x00000000
x29: 	0x00000000
x30: 	0x00000000
x31: 	0x00000000

0x00002714	0x00000000	Unkown Instruction 

All Registers: 
x0: 	0x00000000
x1: 	0x00000000
x2: 	0x00000000
x3: 	0x00000000
x4: 	0x00000000
x5: 	0x00000000
x6: 	0x00000000
x7: 	0x00000000
x8: 	0x00000000
x9: 	0x00000000
x10: 	0x00000000
x11: 	0x00000000
x12: 	0x00000000
x13: 	0x00000000
x14: 	0x00000000
x15: 	0x00000000
x16: 	0x00000000
x17: 	0x00000000
x18: 	0x00000000
x19: 	0x00000000
x20: 	0x00000000
x21: 	0x00000000
x22: 	0x00000000
x23: 	0x00000000
x24: 	0x00000000
x25: 	0x00000000
x26: 	0x00000000
x27: 	0x00000000
x28: 	0x00000000
x29: 	0x00000000
x30: 	0x00000000
x31: 	0x00000000

0x00002718	0x00000000	Unkown Instruction 

All Registers: 
x0: 	0x00000000
x1: 	0x00000000
x2: 	0x00000000
x3: 	0x00000000
x4: 	0x00000000
x5: 	0x00000000
x6: 	0x00000000
x7: 	0x00000000
x8: 	0x00000000
x9: 	0x00000000
x10: 	0x00000000
x11: 	0x00000000
x12: 	0x00000000
x13: 	0x00000000
x14: 	0x00000000
x15: 	0x00000000
x16: 	0x00000000
x17: 	0x00000000
x18: 	0x00000000
x19: 	0x00000000
x20: 	0x00000000
x21: 	0x00000000
x22: 	0x00000000
x23: 	0x00000000
x24: 	0x00000000
x25: 	0x00000000
x26: 	0x00000000
x27: 	0x00000000
x28: 	0x00000000
x29: 	0x00000000
x30: 	0x00000000
x31: 	0x00000000

0x0000271c	0x00000000	Unkown Instruction 

All Registers: 
x0: 	0x00000000
x1: 	0x00000000
x2: 	0x00000000
x3: 	0x00000000
x4: 	0x00000000
x5: 	0x00000000
x6: 	0x00000000
x7: 	0x00000000
x8: 	0x00000000
x9: 	0x00000000
x10: 	0x00000000
x11: 	0x00000000
x12: 	0x00000000
x13: 	0x00000000
x14: 	0x00000000
x15: 	0x00000000
x16: 	0x00000000
x17: 	0x00000000
x18: 	0x00000000
x19: 	0x00000000
x20: 	0x00000000
x21: 	0x00000000
x22: 	0x00000000
x23: 	0x00000000
x24: 	0x00000000
x25: 	0x00000000
x26: 	0x00000000
x27: 	0x00000000
x28: 	0x00000000
x29: 	0x00000000
x30: 	0x00000000
x31: 	0x00000000

0x00002720	0x00000000	Unkown Instruction 

All Registers: 
x0: 	0x00000000
x1: 	0x00000000
x2: 	0x00000000
x3: 	0x00000000
x4: 	0x00000000
x5: 	0x00000000
x6: 	0x00000000
x7: 	0x00000000
x8: 	0x00000000
x9: 	0x00000000
x10: 	0x00000000
x11: 	0x00000000
x12: 	0x00000000
x13: 	0x00000000
x14: 	0x00000000
x15: 	0x00000000
x16: 	0x00000000
x17: 	0x00000000
x18: 	0x00000000
x19: 	0x00000000
x20: 	0x00000000
x21: 	0x00000000
x22: 	0x00000000
x23: 	0x00000000
x24: 	0x00000000
x25: 	0x00000000
x26: 	0x00000000
x27: 	0x00000000
x28: 	0x00000000
x29: 	0x00000000
x30: 	0x00000000
x31: 	0x00000000

0x00002724	0x00000000	Unkown Instruction 

All Registers: 
x0: 	0x00000000
x1: 	0x00000000
x2: 	0x00000000
x3: 	0x00000000
x4: 	0x00000000
x5: 	0x00000000
x6: 	0x00000000
x7: 	0x00000000
x8: 	0x00000000
x9: 	0x00000000
x10: 	0x00000000
x11: 	0x00000000
x12: 	0x00000000
x13: 	0x00000000
x14: 	0x00000000
x15: 	0x00000000
x16: 	0x00000000
x17: 	0x00000000
x18: 	0x00000000
x19: 	0x00000000
x20: 	0x00000000
x21: 	0x00000000
x22: 	0x00000000
x23: 	0x00000000
x24: 	0x00000000
x25: 	0x00000000
x26: 	0x00000000
x27: 	0x00000000
x28: 	0x00000000
x29: 	0x00000000
x30: 	0x00000000
x31: 	0x00000000

0x00002728	0x00000000	Unkown Instruction 

All Registers: 
x0: 	0x00000000
x1: 	0x00000000
x2: 	0x00000000
x3: 	0x00000000
x4: 	0x00000000
x5: 	0x00000000
x6: 	0x00000000
x7: 	0x00000000
x8: 	0x00000000
x9: 	0x00000000
x10: 	0x00000000
x11: 	0x00000000
x12: 	0x00000000
x13: 	0x00000000
x14: 	0x00000000
x15: 	0x00000000
x16: 	0x00000000
x17: 	0x00000000
x18: 	0x00000000
x19: 	0x00000000
x20: 	0x00000000
x21: 	0x00000000
x22: 	0x00000000
x23: 	0x00000000
x24: 	0x00000000
x25: 	0x00000000
x26: 	0x00000000
x27: 	0x00000000
x28: 	0x00000000
x29: 	0x00000000
x30: 	0x00000000
x31: 	0x00000000

0x0000272c	0x00000000	Unkown Instruction 

All Registers: 
x0: 	0x00000000
x1: 	0x00000000
x2: 	0x00000000
x3: 	0x00000000
x4: 	0x00000000
x5: 	0x00000000
x6: 	0x00000000
x7: 	0x00000000
x8: 	0x00000000
x9: 	0x00000000
x10: 	0x00000000
x11: 	0x00000000
x12: 	0x00000000
x13: 	0x00000000
x14: 	0x00000000
x15: 	0x00000000
x16: 	0x00000000
x17: 	0x00000000
x18: 	0x00000000
x19: 	0x00000000
x20: 	0x00000000
x21: 	0x00000000
x22: 	0x00000000
x23: 	0x00000000
x24: 	0x00000000
x25: 	0x00000000
x26: 	0x00000000
x27: 	0x00000000
x28: 	0x00000000
x29: 	0x00000000
x30: 	0x00000000
x31: 	0x00000000

0x00002730	0x00000000	Unkown Instruction 

All Registers: 
x0: 	0x00000000
x1: 	0x00000000
x2: 	0x00000000
x3: 	0x00000000
x4: 	0x00000000
x5: 	0x00000000
x6: 	0x00000000
x7: 	0x00000000
x8: 	0x00000000
x9: 	0x00000000
x10: 	0x00000000
x11: 	0x00000000
x12: 	0x00000000
x13: 	0x00000000
x14: 	0x00000000
x15: 	0x00000000
x16: 	0x00000000
x17: 	0x00000000
x18: 	0x00000000
x19: 	0x00000000
x20: 	0x00000000
x21: 	0x00000000
x22: 	0x00000000
x23: 	0x00000000
x24: 	0x00000000
x25: 	0x00000000
x26: 	0x00000000
x27: 	0x00000000
x28: 	0x00000000
x29: 	0x00000000
x30: 	0x00000000
x31: 	0x00000000

0x00002734	0x00000000	Unkown Instruction 

All Registers: 
x0: 	0x00000000
x1: 	0x00000000
x2: 	0x00000000
x3: 	0x00000000
x4: 	0x00000000
x5: 	0x00000000
x6: 	0x00000000
x7: 	0x00000000
x8: 	0x00000000
x9: 	0x00000000
x10: 	0x00000000
x11: 	0x00000000
x12: 	0x00000000
x13: 	0x00000000
x14: 	0x00000000
x15: 	0x00000000
x16: 	0x00000000
x17: 	0x00000000
x18: 	0x00000000
x19: 	0x00000000
x20: 	0x00000000
x21: 	0x00000000
x22: 	0x00000000
x23: 	0x00000000
x24: 	0x00000000
x25: 	0x00000000
x26: 	0x00000000
x27: 	0x00000000
x28: 	0x00000000
x29: 	0x00000000
x30: 	0x00000000
x31: 	0x00000000

0x00002738	0x00000000	Unkown Instruction 

All Registers: 
x0: 	0x00000000
x1: 	0x00000000
x2: 	0x00000000
x3: 	0x00000000
x4: 	0x00000000
x5: 	0x00000000
x6: 	0x00000000
x7: 	0x00000000
x8: 	0x00000000
x9: 	0x00000000
x10: 	0x00000000
x11: 	0x00000000
x12: 	0x00000000
x13: 	0x00000000
x14: 	0x00000000
x15: 	0x00000000
x16: 	0x00000000
x17: 	0x00000000
x18: 	0x00000000
x19: 	0x00000000
x20: 	0x00000000
x21: 	0x00000000
x22: 	0x00000000
x23: 	0x00000000
x24: 	0x00000000
x25: 	0x00000000
x26: 	0x00000000
x27: 	0x00000000
x28: 	0x00000000
x29: 	0x00000000
x30: 	0x00000000
x31: 	0x00000000

0x0000273c	0x00000000	Unkown Instruction 

All Registers: 
x0: 	0x00000000
x1: 	0x00000000
x2: 	0x00000000
x3: 	0x00000000
x4: 	0x00000000
x5: 	0x00000000
x6: 	0x00000000
x7: 	0x00000000
x8: 	0x00000000
x9: 	0x00000000
x10: 	0x00000000
x11: 	0x00000000
x12: 	0x00000000
x13: 	0x00000000
x14: 	0x00000000
x15: 	0x00000000
x16: 	0x00000000
x17: 	0x00000000
x18: 	0x00000000
x19: 	0x00000000
x20: 	0x00000000
x21: 	0x00000000
x22: 	0x00000000
x23: 	0x00000000
x24: 	0x00000000
x25: 	0x00000000
x26: 	0x00000000
x27: 	0x00000000
x28: 	0x00000000
x29: 	0x00000000
x30: 	0x00000000
x31: 	0x00000000

0x00002740	0x00000000	Unkown Instruction 

All Registers: 
x0: 	0x00000000
x1: 	0x00000000
x2: 	0x00000000
x3: 	0x00000000
x4: 	0x00000000
x5: 	0x00000000
x6: 	0x00000000
x7: 	0x00000000
x8: 	0x00000000
x9: 	0x00000000
x10: 	0x00000000
x11: 	0x00000000
x12: 	0x00000000
x13: 	0x00000000
x14: 	0x00000000
x15: 	0x00000000
x16: 	0x00000000
x17: 	0x00000000
x18: 	0x00000000
x19: 	0x00000000
x20: 	0x00000000
x21: 	0x00000000
x22: 	0x00000000
x23: 	0x00000000
x24: 	0x00000000
x25: 	0x00000000
x26: 	0x00000000
x27: 	0x00000000
x28: 	0x00000000
x29: 	0x00000000
x30: 	0x00000000
x31: 	0x00000000

0x00002744	0x00000000	Unkown Instruction 

All Registers: 
x0: 	0x00000000
x1: 	0x00000000
x2: 	0x00000000
x3: 	0x00000000
x4: 	0x00000000
x5: 	0x00000000
x6: 	0x00000000
x7: 	0x00000000
x8: 	0x00000000
x9: 	0x00000000
x10: 	0x00000000
x11: 	0x00000000
x12: 	0x00000000
x13: 	0x00000000
x14: 	0x00000000
x15: 	0x00000000
x16: 	0x00000000
x17: 	0x00000000
x18: 	0x00000000
x19: 	0x00000000
x20: 	0x00000000
x21: 	0x00000000
x22: 	0x00000000
x23: 	0x00000000
x24: 	0x00000000
x25: 	0x00000000
x26: 	0x00000000
x27: 	0x00000000
x28: 	0x00000000
x29: 	0x00000000
x30: 	0x00000000
x31: 	0x00000000

0x00002748	0x00000000	Unkown Instruction 

All Registers: 
x0: 	0x00000000
x1: 	0x00000000
x2: 	0x00000000
x3: 	0x00000000
x4: 	0x00000000
x5: 	0x00000000
x6: 	0x00000000
x7: 	0x00000000
x8: 	0x00000000
x9: 	0x00000000
x10: 	0x00000000
x11: 	0x00000000
x12: 	0x00000000
x13: 	0x00000000
x14: 	0x00000000
x15: 	0x00000000
x16: 	0x00000000
x17: 	0x00000000
x18: 	0x00000000
x19: 	0x00000000
x20: 	0x00000000
x21: 	0x00000000
x22: 	0x00000000
x23: 	0x00000000
x24: 	0x00000000
x25: 	0x00000000
x26: 	0x00000000
x27: 	0x00000000
x28: 	0x00000000
x29: 	0x00000000
x30: 	0x00000000
x31: 	0x00000000

0x0000274c	0x00000000	Unkown Instruction 

All Registers: 
x0: 	0x00000000
x1: 	0x00000000
x2: 	0x00000000
x3: 	0x00000000
x4: 	0x00000000
x5: 	0x00000000
x6: 	0x00000000
x7: 	0x00000000
x8: 	0x00000000
x9: 	0x00000000
x10: 	0x00000000
x11: 	0x00000000
x12: 	0x00000000
x13: 	0x00000000
x14: 	0x00000000
x15: 	0x00000000
x16: 	0x00000000
x17: 	0x00000000
x18: 	0x00000000
x19: 	0x00000000
x20: 	0x00000000
x21: 	0x00000000
x22: 	0x00000000
x23: 	0x00000000
x24: 	0x00000000
x25: 	0x00000000
x26: 	0x00000000
x27: 	0x00000000
x28: 	0x00000000
x29: 	0x00000000
x30: 	0x00000000
x31: 	0x00000000

0x00002750	0x00000000	Unkown Instruction 

All Registers: 
x0: 	0x00000000
x1: 	0x00000000
x2: 	0x00000000
x3: 	0x00000000
x4: 	0x00000000
x5: 	0x00000000
x6: 	0x00000000
x7: 	0x00000000
x8: 	0x00000000
x9: 	0x00000000
x10: 	0x00000000
x11: 	0x00000000
x12: 	0x00000000
x13: 	0x00000000
x14: 	0x00000000
x15: 	0x00000000
x16: 	0x00000000
x17: 	0x00000000
x18: 	0x00000000
x19: 	0x00000000
x20: 	0x00000000
x21: 	0x00000000
x22: 	0x00000000
x23: 	0x00000000
x24: 	0x00000000
x25: 	0x00000000
x26: 	0x00000000
x27: 	0x00000000
x28: 	0x00000000
x29: 	0x00000000
x30: 	0x00000000
x31: 	0x00000000

0x00002754	0x00000000	Unkown Instruction 

All Registers: 
x0: 	0x00000000
x1: 	0x00000000
x2: 	0x00000000
x3: 	0x00000000
x4: 	0x00000000
x5: 	0x00000000
x6: 	0x00000000
x7: 	0x00000000
x8: 	0x00000000
x9: 	0x00000000
x10: 	0x00000000
x11: 	0x00000000
x12: 	0x00000000
x13: 	0x00000000
x14: 	0x00000000
x15: 	0x00000000
x16: 	0x00000000
x17: 	0x00000000
x18: 	0x00000000
x19: 	0x00000000
x20: 	0x00000000
x21: 	0x00000000
x22: 	0x00000000
x23: 	0x00000000
x24: 	0x00000000
x25: 	0x00000000
x26: 	0x00000000
x27: 	0x00000000
x28: 	0x00000000
x29: 	0x00000000
x30: 	0x00000000
x31: 	0x00000000

0x00002758	0x00000000	Unkown Instruction 

All Registers: 
x0: 	0x00000000
x1: 	0x00000000
x2: 	0x00000000
x3: 	0x00000000
x4: 	0x00000000
x5: 	0x00000000
x6: 	0x00000000
x7: 	0x00000000
x8: 	0x00000000
x9: 	0x00000000
x10: 	0x00000000
x11: 	0x00000000
x12: 	0x00000000
x13: 	0x00000000
x14: 	0x00000000
x15: 	0x00000000
x16: 	0x00000000
x17: 	0x00000000
x18: 	0x00000000
x19: 	0x00000000
x20: 	0x00000000
x21: 	0x00000000
x22: 	0x00000000
x23: 	0x00000000
x24: 	0x00000000
x25: 	0x00000000
x26: 	0x00000000
x27: 	0x00000000
x28: 	0x00000000
x29: 	0x00000000
x30: 	0x00000000
x31: 	0x00000000

0x0000275c	0x00000000	Unkown Instruction 

All Registers: 
x0: 	0x00000000
x1: 	0x00000000
x2: 	0x00000000
x3: 	0x00000000
x4: 	0x00000000
x5: 	0x00000000
x6: 	0x00000000
x7: 	0x00000000
x8: 	0x00000000
x9: 	0x00000000
x10: 	0x00000000
x11: 	0x00000000
x12: 	0x00000000
x13: 	0x00000000
x14: 	0x00000000
x15: 	0x00000000
x16: 	0x00000000
x17: 	0x00000000
x18: 	0x00000000
x19: 	0x00000000
x20: 	0x00000000
x21: 	0x00000000
x22: 	0x00000000
x23: 	0x00000000
x24: 	0x00000000
x25: 	0x00000000
x26: 	0x00000000
x27: 	0x00000000
x28: 	0x00000000
x29: 	0x00000000
x30: 	0x00000000
x31: 	0x00000000

0x00002760	0x00000000	Unkown Instruction 

All Registers: 
x0: 	0x00000000
x1: 	0x00000000
x2: 	0x00000000
x3: 	0x00000000
x4: 	0x00000000
x5: 	0x00000000
x6: 	0x00000000
x7: 	0x00000000
x8: 	0x00000000
x9: 	0x00000000
x10: 	0x00000000
x11: 	0x00000000
x12: 	0x00000000
x13: 	0x00000000
x14: 	0x00000000
x15: 	0x00000000
x16: 	0x00000000
x17: 	0x00000000
x18: 	0x00000000
x19: 	0x00000000
x20: 	0x00000000
x21: 	0x00000000
x22: 	0x00000000
x23: 	0x00000000
x24: 	0x00000000
x25: 	0x00000000
x26: 	0x00000000
x27: 	0x00000000
x28: 	0x00000000
x29: 	0x00000000
x30: 	0x00000000
x31: 	0x00000000

0x00002764	0x00000000	Unkown Instruction 

All Registers: 
x0: 	0x00000000
x1: 	0x00000000
x2: 	0x00000000
x3: 	0x00000000
x4: 	0x00000000
x5: 	0x00000000
x6: 	0x00000000
x7: 	0x00000000
x8: 	0x00000000
x9: 	0x00000000
x10: 	0x00000000
x11: 	0x00000000
x12: 	0x00000000
x13: 	0x00000000
x14: 	0x00000000
x15: 	0x00000000
x16: 	0x00000000
x17: 	0x00000000
x18: 	0x00000000
x19: 	0x00000000
x20: 	0x00000000
x21: 	0x00000000
x22: 	0x00000000
x23: 	0x00000000
x24: 	0x00000000
x25: 	0x00000000
x26: 	0x00000000
x27: 	0x00000000
x28: 	0x00000000
x29: 	0x00000000
x30: 	0x00000000
x31: 	0x00000000

0x00002768	0x00000000	Unkown Instruction 

All Registers: 
x0: 	0x00000000
x1: 	0x00000000
x2: 	0x00000000
x3: 	0x00000000
x4: 	0x00000000
x5: 	0x00000000
x6: 	0x00000000
x7: 	0x00000000
x8: 	0x00000000
x9: 	0x00000000
x10: 	0x00000000
x11: 	0x00000000
x12: 	0x00000000
x13: 	0x00000000
x14: 	0x00000000
x15: 	0x00000000
x16: 	0x00000000
x17: 	0x00000000
x18: 	0x00000000
x19: 	0x00000000
x20: 	0x00000000
x21: 	0x00000000
x22: 	0x00000000
x23: 	0x00000000
x24: 	0x00000000
x25: 	0x00000000
x26: 	0x00000000
x27: 	0x00000000
x28: 	0x00000000
x29: 	0x00000000
x30: 	0x00000000
x31: 	0x00000000

0x0000276c	0x00000000	Unkown Instruction 

All Registers: 
x0: 	0x00000000
x1: 	0x00000000
x2: 	0x00000000
x3: 	0x00000000
x4: 	0x00000000
x5: 	0x00000000
x6: 	0x00000000
x7: 	0x00000000
x8: 	0x00000000
x9: 	0x00000000
x10: 	0x00000000
x11: 	0x00000000
x12: 	0x00000000
x13: 	0x00000000
x14: 	0x00000000
x15: 	0x00000000
x16: 	0x00000000
x17: 	0x00000000
x18: 	0x00000000
x19: 	0x00000000
x20: 	0x00000000
x21: 	0x00000000
x22: 	0x00000000
x23: 	0x00000000
x24: 	0x00000000
x25: 	0x00000000
x26: 	0x00000000
x27: 	0x00000000
x28: 	0x00000000
x29: 	0x00000000
x30: 	0x00000000
x31: 	0x00000000

0x00002770	0x00000000	Unkown Instruction 

All Registers: 
x0: 	0x00000000
x1: 	0x00000000
x2: 	0x00000000
x3: 	0x00000000
x4: 	0x00000000
x5: 	0x00000000
x6: 	0x00000000
x7: 	0x00000000
x8: 	0x00000000
x9: 	0x00000000
x10: 	0x00000000
x11: 	0x00000000
x12: 	0x00000000
x13: 	0x00000000
x14: 	0x00000000
x15: 	0x00000000
x16: 	0x00000000
x17: 	0x00000000
x18: 	0x00000000
x19: 	0x00000000
x20: 	0x00000000
x21: 	0x00000000
x22: 	0x00000000
x23: 	0x00000000
x24: 	0x00000000
x25: 	0x00000000
x26: 	0x00000000
x27: 	0x00000000
x28: 	0x00000000
x29: 	0x00000000
x30: 	0x00000000
x31: 	0x00000000

0x00002774	0x00000000	Unkown Instruction 

All Registers: 
x0: 	0x00000000
x1: 	0x00000000
x2: 	0x00000000
x3: 	0x00000000
x4: 	0x00000000
x5: 	0x00000000
x6: 	0x00000000
x7: 	0x00000000
x8: 	0x00000000
x9: 	0x00000000
x10: 	0x00000000
x11: 	0x00000000
x12: 	0x00000000
x13: 	0x00000000
x14: 	0x00000000
x15: 	0x00000000
x16: 	0x00000000
x17: 	0x00000000
x18: 	0x00000000
x19: 	0x00000000
x20: 	0x00000000
x21: 	0x00000000
x22: 	0x00000000
x23: 	0x00000000
x24: 	0x00000000
x25: 	0x00000000
x26: 	0x00000000
x27: 	0x00000000
x28: 	0x00000000
x29: 	0x00000000
x30: 	0x00000000
x31: 	0x00000000

0x00002778	0x00000000	Unkown Instruction 

All Registers: 
x0: 	0x00000000
x1: 	0x00000000
x2: 	0x00000000
x3: 	0x00000000
x4: 	0x00000000
x5: 	0x00000000
x6: 	0x00000000
x7: 	0x00000000
x8: 	0x00000000
x9: 	0x00000000
x10: 	0x00000000
x11: 	0x00000000
x12: 	0x00000000
x13: 	0x00000000
x14: 	0x00000000
x15: 	0x00000000
x16: 	0x00000000
x17: 	0x00000000
x18: 	0x00000000
x19: 	0x00000000
x20: 	0x00000000
x21: 	0x00000000
x22: 	0x00000000
x23: 	0x00000000
x24: 	0x00000000
x25: 	0x00000000
x26: 	0x00000000
x27: 	0x00000000
x28: 	0x00000000
x29: 	0x00000000
x30: 	0x00000000
x31: 	0x00000000

0x0000277c	0x00000000	Unkown Instruction 

All Registers: 
x0: 	0x00000000
x1: 	0x00000000
x2: 	0x00000000
x3: 	0x00000000
x4: 	0x00000000
x5: 	0x00000000
x6: 	0x00000000
x7: 	0x00000000
x8: 	0x00000000
x9: 	0x00000000
x10: 	0x00000000
x11: 	0x00000000
x12: 	0x00000000
x13: 	0x00000000
x14: 	0x00000000
x15: 	0x00000000
x16: 	0x00000000
x17: 	0x00000000
x18: 	0x00000000
x19: 	0x00000000
x20: 	0x00000000
x21: 	0x00000000
x22: 	0x00000000
x23: 	0x00000000
x24: 	0x00000000
x25: 	0x00000000
x26: 	0x00000000
x27: 	0x00000000
x28: 	0x00000000
x29: 	0x00000000
x30: 	0x00000000
x31: 	0x00000000

0x00002780	0x00000000	Unkown Instruction 

All Registers: 
x0: 	0x00000000
x1: 	0x00000000
x2: 	0x00000000
x3: 	0x00000000
x4: 	0x00000000
x5: 	0x00000000
x6: 	0x00000000
x7: 	0x00000000
x8: 	0x00000000
x9: 	0x00000000
x10: 	0x00000000
x11: 	0x00000000
x12: 	0x00000000
x13: 	0x00000000
x14: 	0x00000000
x15: 	0x00000000
x16: 	0x00000000
x17: 	0x00000000
x18: 	0x00000000
x19: 	0x00000000
x20: 	0x00000000
x21: 	0x00000000
x22: 	0x00000000
x23: 	0x00000000
x24: 	0x00000000
x25: 	0x00000000
x26: 	0x00000000
x27: 	0x00000000
x28: 	0x00000000
x29: 	0x00000000
x30: 	0x00000000
x31: 	0x00000000

0x00002784	0x00000000	Unkown Instruction 

All Registers: 
x0: 	0x00000000
x1: 	0x00000000
x2: 	0x00000000
x3: 	0x00000000
x4: 	0x00000000
x5: 	0x00000000
x6: 	0x00000000
x7: 	0x00000000
x8: 	0x00000000
x9: 	0x00000000
x10: 	0x00000000
x11: 	0x00000000
x12: 	0x00000000
x13: 	0x00000000
x14: 	0x00000000
x15: 	0x00000000
x16: 	0x00000000
x17: 	0x00000000
x18: 	0x00000000
x19: 	0x00000000
x20: 	0x00000000
x21: 	0x00000000
x22: 	0x00000000
x23: 	0x00000000
x24: 	0x00000000
x25: 	0x00000000
x26: 	0x00000000
x27: 	0x00000000
x28: 	0x00000000
x29: 	0x00000000
x30: 	0x00000000
x31: 	0x00000000

0x00002788	0x00000000	Unkown Instruction 

All Registers: 
x0: 	0x00000000
x1: 	0x00000000
x2: 	0x00000000
x3: 	0x00000000
x4: 	0x00000000
x5: 	0x00000000
x6: 	0x00000000
x7: 	0x00000000
x8: 	0x00000000
x9: 	0x00000000
x10: 	0x00000000
x11: 	0x00000000
x12: 	0x00000000
x13: 	0x00000000
x14: 	0x00000000
x15: 	0x00000000
x16: 	0x00000000
x17: 	0x00000000
x18: 	0x00000000
x19: 	0x00000000
x20: 	0x00000000
x21: 	0x00000000
x22: 	0x00000000
x23: 	0x00000000
x24: 	0x00000000
x25: 	0x00000000
x26: 	0x00000000
x27: 	0x00000000
x28: 	0x00000000
x29: 	0x00000000
x30: 	0x00000000
x31: 	0x00000000

0x0000278c	0x00000000	Unkown Instruction 

All Registers: 
x0: 	0x00000000
x1: 	0x00000000
x2: 	0x00000000
x3: 	0x00000000
x4: 	0x00000000
x5: 	0x00000000
x6: 	0x00000000
x7: 	0x00000000
x8: 	0x00000000
x9: 	0x00000000
x10: 	0x00000000
x11: 	0x00000000
x12: 	0x00000000
x13: 	0x00000000
x14: 	0x00000000
x15: 	0x00000000
x16: 	0x00000000
x17: 	0x00000000
x18: 	0x00000000
x19: 	0x00000000
x20: 	0x00000000
x21: 	0x00000000
x22: 	0x00000000
x23: 	0x00000000
x24: 	0x00000000
x25: 	0x00000000
x26: 	0x00000000
x27: 	0x00000000
x28: 	0x00000000
x29: 	0x00000000
x30: 	0x00000000
x31: 	0x00000000

0x00002790	0x00000000	Unkown Instruction 

All Registers: 
x0: 	0x00000000
x1: 	0x00000000
x2: 	0x00000000
x3: 	0x00000000
x4: 	0x00000000
x5: 	0x00000000
x6: 	0x00000000
x7: 	0x00000000
x8: 	0x00000000
x9: 	0x00000000
x10: 	0x00000000
x11: 	0x00000000
x12: 	0x00000000
x13: 	0x00000000
x14: 	0x00000000
x15: 	0x00000000
x16: 	0x00000000
x17: 	0x00000000
x18: 	0x00000000
x19: 	0x00000000
x20: 	0x00000000
x21: 	0x00000000
x22: 	0x00000000
x23: 	0x00000000
x24: 	0x00000000
x25: 	0x00000000
x26: 	0x00000000
x27: 	0x00000000
x28: 	0x00000000
x29: 	0x00000000
x30: 	0x00000000
x31: 	0x00000000

0x00002794	0x00000000	Unkown Instruction 

All Registers: 
x0: 	0x00000000
x1: 	0x00000000
x2: 	0x00000000
x3: 	0x00000000
x4: 	0x00000000
x5: 	0x00000000
x6: 	0x00000000
x7: 	0x00000000
x8: 	0x00000000
x9: 	0x00000000
x10: 	0x00000000
x11: 	0x00000000
x12: 	0x00000000
x13: 	0x00000000
x14: 	0x00000000
x15: 	0x00000000
x16: 	0x00000000
x17: 	0x00000000
x18: 	0x00000000
x19: 	0x00000000
x20: 	0x00000000
x21: 	0x00000000
x22: 	0x00000000
x23: 	0x00000000
x24: 	0x00000000
x25: 	0x00000000
x26: 	0x00000000
x27: 	0x00000000
x28: 	0x00000000
x29: 	0x00000000
x30: 	0x00000000
x31: 	0x00000000

0x00002798	0x00000000	Unkown Instruction 

All Registers: 
x0: 	0x00000000
x1: 	0x00000000
x2: 	0x00000000
x3: 	0x00000000
x4: 	0x00000000
x5: 	0x00000000
x6: 	0x00000000
x7: 	0x00000000
x8: 	0x00000000
x9: 	0x00000000
x10: 	0x00000000
x11: 	0x00000000
x12: 	0x00000000
x13: 	0x00000000
x14: 	0x00000000
x15: 	0x00000000
x16: 	0x00000000
x17: 	0x00000000
x18: 	0x00000000
x19: 	0x00000000
x20: 	0x00000000
x21: 	0x00000000
x22: 	0x00000000
x23: 	0x00000000
x24: 	0x00000000
x25: 	0x00000000
x26: 	0x00000000
x27: 	0x00000000
x28: 	0x00000000
x29: 	0x00000000
x30: 	0x00000000
x31: 	0x00000000

0x0000279c	0x00000000	Unkown Instruction 

All Registers: 
x0: 	0x00000000
x1: 	0x00000000
x2: 	0x00000000
x3: 	0x00000000
x4: 	0x00000000
x5: 	0x00000000
x6: 	0x00000000
x7: 	0x00000000
x8: 	0x00000000
x9: 	0x00000000
x10: 	0x00000000
x11: 	0x00000000
x12: 	0x00000000
x13: 	0x00000000
x14: 	0x00000000
x15: 	0x00000000
x16: 	0x00000000
x17: 	0x00000000
x18: 	0x00000000
x19: 	0x00000000
x20: 	0x00000000
x21: 	0x00000000
x22: 	0x00000000
x23: 	0x00000000
x24: 	0x00000000
x25: 	0x00000000
x26: 	0x00000000
x27: 	0x00000000
x28: 	0x00000000
x29: 	0x00000000
x30: 	0x00000000
x31: 	0x00000000

0x000027a0	0x00000000	Unkown Instruction 

All Registers: 
x0: 	0x00000000
x1: 	0x00000000
x2: 	0x00000000
x3: 	0x00000000
x4: 	0x00000000
x5: 	0x00000000
x6: 	0x00000000
x7: 	0x00000000
x8: 	0x00000000
x9: 	0x00000000
x10: 	0x00000000
x11: 	0x00000000
x12: 	0x00000000
x13: 	0x00000000
x14: 	0x00000000
x15: 	0x00000000
x16: 	0x00000000
x17: 	0x00000000
x18: 	0x00000000
x19: 	0x00000000
x20: 	0x00000000
x21: 	0x00000000
x22: 	0x00000000
x23: 	0x00000000
x24: 	0x00000000
x25: 	0x00000000
x26: 	0x00000000
x27: 	0x00000000
x28: 	0x00000000
x29: 	0x00000000
x30: 	0x00000000
x31: 	0x00000000

0x000027a4	0x00000000	Unkown Instruction 

All Registers: 
x0: 	0x00000000
x1: 	0x00000000
x2: 	0x00000000
x3: 	0x00000000
x4: 	0x00000000
x5: 	0x00000000
x6: 	0x00000000
x7: 	0x00000000
x8: 	0x00000000
x9: 	0x00000000
x10: 	0x00000000
x11: 	0x00000000
x12: 	0x00000000
x13: 	0x00000000
x14: 	0x00000000
x15: 	0x00000000
x16: 	0x00000000
x17: 	0x00000000
x18: 	0x00000000
x19: 	0x00000000
x20: 	0x00000000
x21: 	0x00000000
x22: 	0x00000000
x23: 	0x00000000
x24: 	0x00000000
x25: 	0x00000000
x26: 	0x00000000
x27: 	0x00000000
x28: 	0x00000000
x29: 	0x00000000
x30: 	0x00000000
x31: 	0x00000000

0x000027a8	0x00000000	Unkown Instruction 

All Registers: 
x0: 	0x00000000
x1: 	0x00000000
x2: 	0x00000000
x3: 	0x00000000
x4: 	0x00000000
x5: 	0x00000000
x6: 	0x00000000
x7: 	0x00000000
x8: 	0x00000000
x9: 	0x00000000
x10: 	0x00000000
x11: 	0x00000000
x12: 	0x00000000
x13: 	0x00000000
x14: 	0x00000000
x15: 	0x00000000
x16: 	0x00000000
x17: 	0x00000000
x18: 	0x00000000
x19: 	0x00000000
x20: 	0x00000000
x21: 	0x00000000
x22: 	0x00000000
x23: 	0x00000000
x24: 	0x00000000
x25: 	0x00000000
x26: 	0x00000000
x27: 	0x00000000
x28: 	0x00000000
x29: 	0x00000000
x30: 	0x00000000
x31: 	0x00000000

0x000027ac	0x00000000	Unkown Instruction 

All Registers: 
x0: 	0x00000000
x1: 	0x00000000
x2: 	0x00000000
x3: 	0x00000000
x4: 	0x00000000
x5: 	0x00000000
x6: 	0x00000000
x7: 	0x00000000
x8: 	0x00000000
x9: 	0x00000000
x10: 	0x00000000
x11: 	0x00000000
x12: 	0x00000000
x13: 	0x00000000
x14: 	0x00000000
x15: 	0x00000000
x16: 	0x00000000
x17: 	0x00000000
x18: 	0x00000000
x19: 	0x00000000
x20: 	0x00000000
x21: 	0x00000000
x22: 	0x00000000
x23: 	0x00000000
x24: 	0x00000000
x25: 	0x00000000
x26: 	0x00000000
x27: 	0x00000000
x28: 	0x00000000
x29: 	0x00000000
x30: 	0x00000000
x31: 	0x00000000

0x000027b0	0x00000000	Unkown Instruction 

All Registers: 
x0: 	0x00000000
x1: 	0x00000000
x2: 	0x00000000
x3: 	0x00000000
x4: 	0x00000000
x5: 	0x00000000
x6: 	0x00000000
x7: 	0x00000000
x8: 	0x00000000
x9: 	0x00000000
x10: 	0x00000000
x11: 	0x00000000
x12: 	0x00000000
x13: 	0x00000000
x14: 	0x00000000
x15: 	0x00000000
x16: 	0x00000000
x17: 	0x00000000
x18: 	0x00000000
x19: 	0x00000000
x20: 	0x00000000
x21: 	0x00000000
x22: 	0x00000000
x23: 	0x00000000
x24: 	0x00000000
x25: 	0x00000000
x26: 	0x00000000
x27: 	0x00000000
x28: 	0x00000000
x29: 	0x00000000
x30: 	0x00000000
x31: 	0x00000000

0x000027b4	0x00000000	Unkown Instruction 

All Registers: 
x0: 	0x00000000
x1: 	0x00000000
x2: 	0x00000000
x3: 	0x00000000
x4: 	0x00000000
x5: 	0x00000000
x6: 	0x00000000
x7: 	0x00000000
x8: 	0x00000000
x9: 	0x00000000
x10: 	0x00000000
x11: 	0x00000000
x12: 	0x00000000
x13: 	0x00000000
x14: 	0x00000000
x15: 	0x00000000
x16: 	0x00000000
x17: 	0x00000000
x18: 	0x00000000
x19: 	0x00000000
x20: 	0x00000000
x21: 	0x00000000
x22: 	0x00000000
x23: 	0x00000000
x24: 	0x00000000
x25: 	0x00000000
x26: 	0x00000000
x27: 	0x00000000
x28: 	0x00000000
x29: 	0x00000000
x30: 	0x00000000
x31: 	0x00000000

0x000027b8	0x00000000	Unkown Instruction 

All Registers: 
x0: 	0x00000000
x1: 	0x00000000
x2: 	0x00000000
x3: 	0x00000000
x4: 	0x00000000
x5: 	0x00000000
x6: 	0x00000000
x7: 	0x00000000
x8: 	0x00000000
x9: 	0x00000000
x10: 	0x00000000
x11: 	0x00000000
x12: 	0x00000000
x13: 	0x00000000
x14: 	0x00000000
x15: 	0x00000000
x16: 	0x00000000
x17: 	0x00000000
x18: 	0x00000000
x19: 	0x00000000
x20: 	0x00000000
x21: 	0x00000000
x22: 	0x00000000
x23: 	0x00000000
x24: 	0x00000000
x25: 	0x00000000
x26: 	0x00000000
x27: 	0x00000000
x28: 	0x00000000
x29: 	0x00000000
x30: 	0x00000000
x31: 	0x00000000

0x000027bc	0x00000000	Unkown Instruction 

All Registers: 
x0: 	0x00000000
x1: 	0x00000000
x2: 	0x00000000
x3: 	0x00000000
x4: 	0x00000000
x5: 	0x00000000
x6: 	0x00000000
x7: 	0x00000000
x8: 	0x00000000
x9: 	0x00000000
x10: 	0x00000000
x11: 	0x00000000
x12: 	0x00000000
x13: 	0x00000000
x14: 	0x00000000
x15: 	0x00000000
x16: 	0x00000000
x17: 	0x00000000
x18: 	0x00000000
x19: 	0x00000000
x20: 	0x00000000
x21: 	0x00000000
x22: 	0x00000000
x23: 	0x00000000
x24: 	0x00000000
x25: 	0x00000000
x26: 	0x00000000
x27: 	0x00000000
x28: 	0x00000000
x29: 	0x00000000
x30: 	0x00000000
x31: 	0x00000000

0x000027c0	0x00000000	Unkown Instruction 

All Registers: 
x0: 	0x00000000
x1: 	0x00000000
x2: 	0x00000000
x3: 	0x00000000
x4: 	0x00000000
x5: 	0x00000000
x6: 	0x00000000
x7: 	0x00000000
x8: 	0x00000000
x9: 	0x00000000
x10: 	0x00000000
x11: 	0x00000000
x12: 	0x00000000
x13: 	0x00000000
x14: 	0x00000000
x15: 	0x00000000
x16: 	0x00000000
x17: 	0x00000000
x18: 	0x00000000
x19: 	0x00000000
x20: 	0x00000000
x21: 	0x00000000
x22: 	0x00000000
x23: 	0x00000000
x24: 	0x00000000
x25: 	0x00000000
x26: 	0x00000000
x27: 	0x00000000
x28: 	0x00000000
x29: 	0x00000000
x30: 	0x00000000
x31: 	0x00000000

0x000027c4	0x00000000	Unkown Instruction 

All Registers: 
x0: 	0x00000000
x1: 	0x00000000
x2: 	0x00000000
x3: 	0x00000000
x4: 	0x00000000
x5: 	0x00000000
x6: 	0x00000000
x7: 	0x00000000
x8: 	0x00000000
x9: 	0x00000000
x10: 	0x00000000
x11: 	0x00000000
x12: 	0x00000000
x13: 	0x00000000
x14: 	0x00000000
x15: 	0x00000000
x16: 	0x00000000
x17: 	0x00000000
x18: 	0x00000000
x19: 	0x00000000
x20: 	0x00000000
x21: 	0x00000000
x22: 	0x00000000
x23: 	0x00000000
x24: 	0x00000000
x25: 	0x00000000
x26: 	0x00000000
x27: 	0x00000000
x28: 	0x00000000
x29: 	0x00000000
x30: 	0x00000000
x31: 	0x00000000

0x000027c8	0x00000000	Unkown Instruction 

All Registers: 
x0: 	0x00000000
x1: 	0x00000000
x2: 	0x00000000
x3: 	0x00000000
x4: 	0x00000000
x5: 	0x00000000
x6: 	0x00000000
x7: 	0x00000000
x8: 	0x00000000
x9: 	0x00000000
x10: 	0x00000000
x11: 	0x00000000
x12: 	0x00000000
x13: 	0x00000000
x14: 	0x00000000
x15: 	0x00000000
x16: 	0x00000000
x17: 	0x00000000
x18: 	0x00000000
x19: 	0x00000000
x20: 	0x00000000
x21: 	0x00000000
x22: 	0x00000000
x23: 	0x00000000
x24: 	0x00000000
x25: 	0x00000000
x26: 	0x00000000
x27: 	0x00000000
x28: 	0x00000000
x29: 	0x00000000
x30: 	0x00000000
x31: 	0x00000000

0x000027cc	0x00000000	Unkown Instruction 

All Registers: 
x0: 	0x00000000
x1: 	0x00000000
x2: 	0x00000000
x3: 	0x00000000
x4: 	0x00000000
x5: 	0x00000000
x6: 	0x00000000
x7: 	0x00000000
x8: 	0x00000000
x9: 	0x00000000
x10: 	0x00000000
x11: 	0x00000000
x12: 	0x00000000
x13: 	0x00000000
x14: 	0x00000000
x15: 	0x00000000
x16: 	0x00000000
x17: 	0x00000000
x18: 	0x00000000
x19: 	0x00000000
x20: 	0x00000000
x21: 	0x00000000
x22: 	0x00000000
x23: 	0x00000000
x24: 	0x00000000
x25: 	0x00000000
x26: 	0x00000000
x27: 	0x00000000
x28: 	0x00000000
x29: 	0x00000000
x30: 	0x00000000
x31: 	0x00000000

0x000027d0	0x00000000	Unkown Instruction 

All Registers: 
x0: 	0x00000000
x1: 	0x00000000
x2: 	0x00000000
x3: 	0x00000000
x4: 	0x00000000
x5: 	0x00000000
x6: 	0x00000000
x7: 	0x00000000
x8: 	0x00000000
x9: 	0x00000000
x10: 	0x00000000
x11: 	0x00000000
x12: 	0x00000000
x13: 	0x00000000
x14: 	0x00000000
x15: 	0x00000000
x16: 	0x00000000
x17: 	0x00000000
x18: 	0x00000000
x19: 	0x00000000
x20: 	0x00000000
x21: 	0x00000000
x22: 	0x00000000
x23: 	0x00000000
x24: 	0x00000000
x25: 	0x00000000
x26: 	0x00000000
x27: 	0x00000000
x28: 	0x00000000
x29: 	0x00000000
x30: 	0x00000000
x31: 	0x00000000

0x000027d4	0x00000000	Unkown Instruction 

All Registers: 
x0: 	0x00000000
x1: 	0x00000000
x2: 	0x00000000
x3: 	0x00000000
x4: 	0x00000000
x5: 	0x00000000
x6: 	0x00000000
x7: 	0x00000000
x8: 	0x00000000
x9: 	0x00000000
x10: 	0x00000000
x11: 	0x00000000
x12: 	0x00000000
x13: 	0x00000000
x14: 	0x00000000
x15: 	0x00000000
x16: 	0x00000000
x17: 	0x00000000
x18: 	0x00000000
x19: 	0x00000000
x20: 	0x00000000
x21: 	0x00000000
x22: 	0x00000000
x23: 	0x00000000
x24: 	0x00000000
x25: 	0x00000000
x26: 	0x00000000
x27: 	0x00000000
x28: 	0x00000000
x29: 	0x00000000
x30: 	0x00000000
x31: 	0x00000000

0x000027d8	0x00000000	Unkown Instruction 

All Registers: 
x0: 	0x00000000
x1: 	0x00000000
x2: 	0x00000000
x3: 	0x00000000
x4: 	0x00000000
x5: 	0x00000000
x6: 	0x00000000
x7: 	0x00000000
x8: 	0x00000000
x9: 	0x00000000
x10: 	0x00000000
x11: 	0x00000000
x12: 	0x00000000
x13: 	0x00000000
x14: 	0x00000000
x15: 	0x00000000
x16: 	0x00000000
x17: 	0x00000000
x18: 	0x00000000
x19: 	0x00000000
x20: 	0x00000000
x21: 	0x00000000
x22: 	0x00000000
x23: 	0x00000000
x24: 	0x00000000
x25: 	0x00000000
x26: 	0x00000000
x27: 	0x00000000
x28: 	0x00000000
x29: 	0x00000000
x30: 	0x00000000
x31: 	0x00000000

0x000027dc	0x00000000	Unkown Instruction 

All Registers: 
x0: 	0x00000000
x1: 	0x00000000
x2: 	0x00000000
x3: 	0x00000000
x4: 	0x00000000
x5: 	0x00000000
x6: 	0x00000000
x7: 	0x00000000
x8: 	0x00000000
x9: 	0x00000000
x10: 	0x00000000
x11: 	0x00000000
x12: 	0x00000000
x13: 	0x00000000
x14: 	0x00000000
x15: 	0x00000000
x16: 	0x00000000
x17: 	0x00000000
x18: 	0x00000000
x19: 	0x00000000
x20: 	0x00000000
x21: 	0x00000000
x22: 	0x00000000
x23: 	0x00000000
x24: 	0x00000000
x25: 	0x00000000
x26: 	0x00000000
x27: 	0x00000000
x28: 	0x00000000
x29: 	0x00000000
x30: 	0x00000000
x31: 	0x00000000

0x000027e0	0x00000000	Unkown Instruction 

All Registers: 
x0: 	0x00000000
x1: 	0x00000000
x2: 	0x00000000
x3: 	0x00000000
x4: 	0x00000000
x5: 	0x00000000
x6: 	0x00000000
x7: 	0x00000000
x8: 	0x00000000
x9: 	0x00000000
x10: 	0x00000000
x11: 	0x00000000
x12: 	0x00000000
x13: 	0x00000000
x14: 	0x00000000
x15: 	0x00000000
x16: 	0x00000000
x17: 	0x00000000
x18: 	0x00000000
x19: 	0x00000000
x20: 	0x00000000
x21: 	0x00000000
x22: 	0x00000000
x23: 	0x00000000
x24: 	0x00000000
x25: 	0x00000000
x26: 	0x00000000
x27: 	0x00000000
x28: 	0x00000000
x29: 	0x00000000
x30: 	0x00000000
x31: 	0x00000000

0x000027e4	0x00000000	Unkown Instruction 

All Registers: 
x0: 	0x00000000
x1: 	0x00000000
x2: 	0x00000000
x3: 	0x00000000
x4: 	0x00000000
x5: 	0x00000000
x6: 	0x00000000
x7: 	0x00000000
x8: 	0x00000000
x9: 	0x00000000
x10: 	0x00000000
x11: 	0x00000000
x12: 	0x00000000
x13: 	0x00000000
x14: 	0x00000000
x15: 	0x00000000
x16: 	0x00000000
x17: 	0x00000000
x18: 	0x00000000
x19: 	0x00000000
x20: 	0x00000000
x21: 	0x00000000
x22: 	0x00000000
x23: 	0x00000000
x24: 	0x00000000
x25: 	0x00000000
x26: 	0x00000000
x27: 	0x00000000
x28: 	0x00000000
x29: 	0x00000000
x30: 	0x00000000
x31: 	0x00000000

0x000027e8	0x00000000	Unkown Instruction 

All Registers: 
x0: 	0x00000000
x1: 	0x00000000
x2: 	0x00000000
x3: 	0x00000000
x4: 	0x00000000
x5: 	0x00000000
x6: 	0x00000000
x7: 	0x00000000
x8: 	0x00000000
x9: 	0x00000000
x10: 	0x00000000
x11: 	0x00000000
x12: 	0x00000000
x13: 	0x00000000
x14: 	0x00000000
x15: 	0x00000000
x16: 	0x00000000
x17: 	0x00000000
x18: 	0x00000000
x19: 	0x00000000
x20: 	0x00000000
x21: 	0x00000000
x22: 	0x00000000
x23: 	0x00000000
x24: 	0x00000000
x25: 	0x00000000
x26: 	0x00000000
x27: 	0x00000000
x28: 	0x00000000
x29: 	0x00000000
x30: 	0x00000000
x31: 	0x00000000

0x000027ec	0x00000000	Unkown Instruction 

All Registers: 
x0: 	0x00000000
x1: 	0x00000000
x2: 	0x00000000
x3: 	0x00000000
x4: 	0x00000000
x5: 	0x00000000
x6: 	0x00000000
x7: 	0x00000000
x8: 	0x00000000
x9: 	0x00000000
x10: 	0x00000000
x11: 	0x00000000
x12: 	0x00000000
x13: 	0x00000000
x14: 	0x00000000
x15: 	0x00000000
x16: 	0x00000000
x17: 	0x00000000
x18: 	0x00000000
x19: 	0x00000000
x20: 	0x00000000
x21: 	0x00000000
x22: 	0x00000000
x23: 	0x00000000
x24: 	0x00000000
x25: 	0x00000000
x26: 	0x00000000
x27: 	0x00000000
x28: 	0x00000000
x29: 	0x00000000
x30: 	0x00000000
x31: 	0x00000000

0x000027f0	0x00000000	Unkown Instruction 

All Registers: 
x0: 	0x00000000
x1: 	0x00000000
x2: 	0x00000000
x3: 	0x00000000
x4: 	0x00000000
x5: 	0x00000000
x6: 	0x00000000
x7: 	0x00000000
x8: 	0x00000000
x9: 	0x00000000
x10: 	0x00000000
x11: 	0x00000000
x12: 	0x00000000
x13: 	0x00000000
x14: 	0x00000000
x15: 	0x00000000
x16: 	0x00000000
x17: 	0x00000000
x18: 	0x00000000
x19: 	0x00000000
x20: 	0x00000000
x21: 	0x00000000
x22: 	0x00000000
x23: 	0x00000000
x24: 	0x00000000
x25: 	0x00000000
x26: 	0x00000000
x27: 	0x00000000
x28: 	0x00000000
x29: 	0x00000000
x30: 	0x00000000
x31: 	0x00000000

0x000027f4	0x00000000	Unkown Instruction 

All Registers: 
x0: 	0x00000000
x1: 	0x00000000
x2: 	0x00000000
x3: 	0x00000000
x4: 	0x00000000
x5: 	0x00000000
x6: 	0x00000000
x7: 	0x00000000
x8: 	0x00000000
x9: 	0x00000000
x10: 	0x00000000
x11: 	0x00000000
x12: 	0x00000000
x13: 	0x00000000
x14: 	0x00000000
x15: 	0x00000000
x16: 	0x00000000
x17: 	0x00000000
x18: 	0x00000000
x19: 	0x00000000
x20: 	0x00000000
x21: 	0x00000000
x22: 	0x00000000
x23: 	0x00000000
x24: 	0x00000000
x25: 	0x00000000
x26: 	0x00000000
x27: 	0x00000000
x28: 	0x00000000
x29: 	0x00000000
x30: 	0x00000000
x31: 	0x00000000

0x000027f8	0x00000000	Unkown Instruction 

All Registers: 
x0: 	0x00000000
x1: 	0x00000000
x2: 	0x00000000
x3: 	0x00000000
x4: 	0x00000000
x5: 	0x00000000
x6: 	0x00000000
x7: 	0x00000000
x8: 	0x00000000
x9: 	0x00000000
x10: 	0x00000000
x11: 	0x00000000
x12: 	0x00000000
x13: 	0x00000000
x14: 	0x00000000
x15: 	0x00000000
x16: 	0x00000000
x17: 	0x00000000
x18: 	0x00000000
x19: 	0x00000000
x20: 	0x00000000
x21: 	0x00000000
x22: 	0x00000000
x23: 	0x00000000
x24: 	0x00000000
x25: 	0x00000000
x26: 	0x00000000
x27: 	0x00000000
x28: 	0x00000000
x29: 	0x00000000
x30: 	0x00000000
x31: 	0x00000000

0x000027fc	0x00000000	Unkown Instruction 

All Registers: 
x0: 	0x00000000
x1: 	0x00000000
x2: 	0x00000000
x3: 	0x00000000
x4: 	0x00000000
x5: 	0x00000000
x6: 	0x00000000
x7: 	0x00000000
x8: 	0x00000000
x9: 	0x00000000
x10: 	0x00000000
x11: 	0x00000000
x12: 	0x00000000
x13: 	0x00000000
x14: 	0x00000000
x15: 	0x00000000
x16: 	0x00000000
x17: 	0x00000000
x18: 	0x00000000
x19: 	0x00000000
x20: 	0x00000000
x21: 	0x00000000
x22: 	0x00000000
x23: 	0x00000000
x24: 	0x00000000
x25: 	0x00000000
x26: 	0x00000000
x27: 	0x00000000
x28: 	0x00000000
x29: 	0x00000000
x30: 	0x00000000
x31: 	0x00000000

0x00002800	0x00000000	Unkown Instruction 

All Registers: 
x0: 	0x00000000
x1: 	0x00000000
x2: 	0x00000000
x3: 	0x00000000
x4: 	0x00000000
x5: 	0x00000000
x6: 	0x00000000
x7: 	0x00000000
x8: 	0x00000000
x9: 	0x00000000
x10: 	0x00000000
x11: 	0x00000000
x12: 	0x00000000
x13: 	0x00000000
x14: 	0x00000000
x15: 	0x00000000
x16: 	0x00000000
x17: 	0x00000000
x18: 	0x00000000
x19: 	0x00000000
x20: 	0x00000000
x21: 	0x00000000
x22: 	0x00000000
x23: 	0x00000000
x24: 	0x00000000
x25: 	0x00000000
x26: 	0x00000000
x27: 	0x00000000
x28: 	0x00000000
x29: 	0x00000000
x30: 	0x00000000
x31: 	0x00000000

0x00002804	0x00000000	Unkown Instruction 

All Registers: 
x0: 	0x00000000
x1: 	0x00000000
x2: 	0x00000000
x3: 	0x00000000
x4: 	0x00000000
x5: 	0x00000000
x6: 	0x00000000
x7: 	0x00000000
x8: 	0x00000000
x9: 	0x00000000
x10: 	0x00000000
x11: 	0x00000000
x12: 	0x00000000
x13: 	0x00000000
x14: 	0x00000000
x15: 	0x00000000
x16: 	0x00000000
x17: 	0x00000000
x18: 	0x00000000
x19: 	0x00000000
x20: 	0x00000000
x21: 	0x00000000
x22: 	0x00000000
x23: 	0x00000000
x24: 	0x00000000
x25: 	0x00000000
x26: 	0x00000000
x27: 	0x00000000
x28: 	0x00000000
x29: 	0x00000000
x30: 	0x00000000
x31: 	0x00000000

0x00002808	0x00000000	Unkown Instruction 

All Registers: 
x0: 	0x00000000
x1: 	0x00000000
x2: 	0x00000000
x3: 	0x00000000
x4: 	0x00000000
x5: 	0x00000000
x6: 	0x00000000
x7: 	0x00000000
x8: 	0x00000000
x9: 	0x00000000
x10: 	0x00000000
x11: 	0x00000000
x12: 	0x00000000
x13: 	0x00000000
x14: 	0x00000000
x15: 	0x00000000
x16: 	0x00000000
x17: 	0x00000000
x18: 	0x00000000
x19: 	0x00000000
x20: 	0x00000000
x21: 	0x00000000
x22: 	0x00000000
x23: 	0x00000000
x24: 	0x00000000
x25: 	0x00000000
x26: 	0x00000000
x27: 	0x00000000
x28: 	0x00000000
x29: 	0x00000000
x30: 	0x00000000
x31: 	0x00000000

0x0000280c	0x00000000	Unkown Instruction 

All Registers: 
x0: 	0x00000000
x1: 	0x00000000
x2: 	0x00000000
x3: 	0x00000000
x4: 	0x00000000
x5: 	0x00000000
x6: 	0x00000000
x7: 	0x00000000
x8: 	0x00000000
x9: 	0x00000000
x10: 	0x00000000
x11: 	0x00000000
x12: 	0x00000000
x13: 	0x00000000
x14: 	0x00000000
x15: 	0x00000000
x16: 	0x00000000
x17: 	0x00000000
x18: 	0x00000000
x19: 	0x00000000
x20: 	0x00000000
x21: 	0x00000000
x22: 	0x00000000
x23: 	0x00000000
x24: 	0x00000000
x25: 	0x00000000
x26: 	0x00000000
x27: 	0x00000000
x28: 	0x00000000
x29: 	0x00000000
x30: 	0x00000000
x31: 	0x00000000

0x00002810	0x00000000	Unkown Instruction 

All Registers: 
x0: 	0x00000000
x1: 	0x00000000
x2: 	0x00000000
x3: 	0x00000000
x4: 	0x00000000
x5: 	0x00000000
x6: 	0x00000000
x7: 	0x00000000
x8: 	0x00000000
x9: 	0x00000000
x10: 	0x00000000
x11: 	0x00000000
x12: 	0x00000000
x13: 	0x00000000
x14: 	0x00000000
x15: 	0x00000000
x16: 	0x00000000
x17: 	0x00000000
x18: 	0x00000000
x19: 	0x00000000
x20: 	0x00000000
x21: 	0x00000000
x22: 	0x00000000
x23: 	0x00000000
x24: 	0x00000000
x25: 	0x00000000
x26: 	0x00000000
x27: 	0x00000000
x28: 	0x00000000
x29: 	0x00000000
x30: 	0x00000000
x31: 	0x00000000

0x00002814	0x00000000	Unkown Instruction 

All Registers: 
x0: 	0x00000000
x1: 	0x00000000
x2: 	0x00000000
x3: 	0x00000000
x4: 	0x00000000
x5: 	0x00000000
x6: 	0x00000000
x7: 	0x00000000
x8: 	0x00000000
x9: 	0x00000000
x10: 	0x00000000
x11: 	0x00000000
x12: 	0x00000000
x13: 	0x00000000
x14: 	0x00000000
x15: 	0x00000000
x16: 	0x00000000
x17: 	0x00000000
x18: 	0x00000000
x19: 	0x00000000
x20: 	0x00000000
x21: 	0x00000000
x22: 	0x00000000
x23: 	0x00000000
x24: 	0x00000000
x25: 	0x00000000
x26: 	0x00000000
x27: 	0x00000000
x28: 	0x00000000
x29: 	0x00000000
x30: 	0x00000000
x31: 	0x00000000

0x00002818	0x00000000	Unkown Instruction 

All Registers: 
x0: 	0x00000000
x1: 	0x00000000
x2: 	0x00000000
x3: 	0x00000000
x4: 	0x00000000
x5: 	0x00000000
x6: 	0x00000000
x7: 	0x00000000
x8: 	0x00000000
x9: 	0x00000000
x10: 	0x00000000
x11: 	0x00000000
x12: 	0x00000000
x13: 	0x00000000
x14: 	0x00000000
x15: 	0x00000000
x16: 	0x00000000
x17: 	0x00000000
x18: 	0x00000000
x19: 	0x00000000
x20: 	0x00000000
x21: 	0x00000000
x22: 	0x00000000
x23: 	0x00000000
x24: 	0x00000000
x25: 	0x00000000
x26: 	0x00000000
x27: 	0x00000000
x28: 	0x00000000
x29: 	0x00000000
x30: 	0x00000000
x31: 	0x00000000

0x0000281c	0x00000000	Unkown Instruction 

All Registers: 
x0: 	0x00000000
x1: 	0x00000000
x2: 	0x00000000
x3: 	0x00000000
x4: 	0x00000000
x5: 	0x00000000
x6: 	0x00000000
x7: 	0x00000000
x8: 	0x00000000
x9: 	0x00000000
x10: 	0x00000000
x11: 	0x00000000
x12: 	0x00000000
x13: 	0x00000000
x14: 	0x00000000
x15: 	0x00000000
x16: 	0x00000000
x17: 	0x00000000
x18: 	0x00000000
x19: 	0x00000000
x20: 	0x00000000
x21: 	0x00000000
x22: 	0x00000000
x23: 	0x00000000
x24: 	0x00000000
x25: 	0x00000000
x26: 	0x00000000
x27: 	0x00000000
x28: 	0x00000000
x29: 	0x00000000
x30: 	0x00000000
x31: 	0x00000000

0x00002820	0x00000000	Unkown Instruction 

All Registers: 
x0: 	0x00000000
x1: 	0x00000000
x2: 	0x00000000
x3: 	0x00000000
x4: 	0x00000000
x5: 	0x00000000
x6: 	0x00000000
x7: 	0x00000000
x8: 	0x00000000
x9: 	0x00000000
x10: 	0x00000000
x11: 	0x00000000
x12: 	0x00000000
x13: 	0x00000000
x14: 	0x00000000
x15: 	0x00000000
x16: 	0x00000000
x17: 	0x00000000
x18: 	0x00000000
x19: 	0x00000000
x20: 	0x00000000
x21: 	0x00000000
x22: 	0x00000000
x23: 	0x00000000
x24: 	0x00000000
x25: 	0x00000000
x26: 	0x00000000
x27: 	0x00000000
x28: 	0x00000000
x29: 	0x00000000
x30: 	0x00000000
x31: 	0x00000000

0x00002824	0x00000000	Unkown Instruction 

All Registers: 
x0: 	0x00000000
x1: 	0x00000000
x2: 	0x00000000
x3: 	0x00000000
x4: 	0x00000000
x5: 	0x00000000
x6: 	0x00000000
x7: 	0x00000000
x8: 	0x00000000
x9: 	0x00000000
x10: 	0x00000000
x11: 	0x00000000
x12: 	0x00000000
x13: 	0x00000000
x14: 	0x00000000
x15: 	0x00000000
x16: 	0x00000000
x17: 	0x00000000
x18: 	0x00000000
x19: 	0x00000000
x20: 	0x00000000
x21: 	0x00000000
x22: 	0x00000000
x23: 	0x00000000
x24: 	0x00000000
x25: 	0x00000000
x26: 	0x00000000
x27: 	0x00000000
x28: 	0x00000000
x29: 	0x00000000
x30: 	0x00000000
x31: 	0x00000000

0x00002828	0x00000000	Unkown Instruction 

All Registers: 
x0: 	0x00000000
x1: 	0x00000000
x2: 	0x00000000
x3: 	0x00000000
x4: 	0x00000000
x5: 	0x00000000
x6: 	0x00000000
x7: 	0x00000000
x8: 	0x00000000
x9: 	0x00000000
x10: 	0x00000000
x11: 	0x00000000
x12: 	0x00000000
x13: 	0x00000000
x14: 	0x00000000
x15: 	0x00000000
x16: 	0x00000000
x17: 	0x00000000
x18: 	0x00000000
x19: 	0x00000000
x20: 	0x00000000
x21: 	0x00000000
x22: 	0x00000000
x23: 	0x00000000
x24: 	0x00000000
x25: 	0x00000000
x26: 	0x00000000
x27: 	0x00000000
x28: 	0x00000000
x29: 	0x00000000
x30: 	0x00000000
x31: 	0x00000000

0x0000282c	0x00000000	Unkown Instruction 

All Registers: 
x0: 	0x00000000
x1: 	0x00000000
x2: 	0x00000000
x3: 	0x00000000
x4: 	0x00000000
x5: 	0x00000000
x6: 	0x00000000
x7: 	0x00000000
x8: 	0x00000000
x9: 	0x00000000
x10: 	0x00000000
x11: 	0x00000000
x12: 	0x00000000
x13: 	0x00000000
x14: 	0x00000000
x15: 	0x00000000
x16: 	0x00000000
x17: 	0x00000000
x18: 	0x00000000
x19: 	0x00000000
x20: 	0x00000000
x21: 	0x00000000
x22: 	0x00000000
x23: 	0x00000000
x24: 	0x00000000
x25: 	0x00000000
x26: 	0x00000000
x27: 	0x00000000
x28: 	0x00000000
x29: 	0x00000000
x30: 	0x00000000
x31: 	0x00000000

0x00002830	0x00000000	Unkown Instruction 

All Registers: 
x0: 	0x00000000
x1: 	0x00000000
x2: 	0x00000000
x3: 	0x00000000
x4: 	0x00000000
x5: 	0x00000000
x6: 	0x00000000
x7: 	0x00000000
x8: 	0x00000000
x9: 	0x00000000
x10: 	0x00000000
x11: 	0x00000000
x12: 	0x00000000
x13: 	0x00000000
x14: 	0x00000000
x15: 	0x00000000
x16: 	0x00000000
x17: 	0x00000000
x18: 	0x00000000
x19: 	0x00000000
x20: 	0x00000000
x21: 	0x00000000
x22: 	0x00000000
x23: 	0x00000000
x24: 	0x00000000
x25: 	0x00000000
x26: 	0x00000000
x27: 	0x00000000
x28: 	0x00000000
x29: 	0x00000000
x30: 	0x00000000
x31: 	0x00000000

0x00002834	0x00000000	Unkown Instruction 

All Registers: 
x0: 	0x00000000
x1: 	0x00000000
x2: 	0x00000000
x3: 	0x00000000
x4: 	0x00000000
x5: 	0x00000000
x6: 	0x00000000
x7: 	0x00000000
x8: 	0x00000000
x9: 	0x00000000
x10: 	0x00000000
x11: 	0x00000000
x12: 	0x00000000
x13: 	0x00000000
x14: 	0x00000000
x15: 	0x00000000
x16: 	0x00000000
x17: 	0x00000000
x18: 	0x00000000
x19: 	0x00000000
x20: 	0x00000000
x21: 	0x00000000
x22: 	0x00000000
x23: 	0x00000000
x24: 	0x00000000
x25: 	0x00000000
x26: 	0x00000000
x27: 	0x00000000
x28: 	0x00000000
x29: 	0x00000000
x30: 	0x00000000
x31: 	0x00000000

0x00002838	0x00000000	Unkown Instruction 

All Registers: 
x0: 	0x00000000
x1: 	0x00000000
x2: 	0x00000000
x3: 	0x00000000
x4: 	0x00000000
x5: 	0x00000000
x6: 	0x00000000
x7: 	0x00000000
x8: 	0x00000000
x9: 	0x00000000
x10: 	0x00000000
x11: 	0x00000000
x12: 	0x00000000
x13: 	0x00000000
x14: 	0x00000000
x15: 	0x00000000
x16: 	0x00000000
x17: 	0x00000000
x18: 	0x00000000
x19: 	0x00000000
x20: 	0x00000000
x21: 	0x00000000
x22: 	0x00000000
x23: 	0x00000000
x24: 	0x00000000
x25: 	0x00000000
x26: 	0x00000000
x27: 	0x00000000
x28: 	0x00000000
x29: 	0x00000000
x30: 	0x00000000
x31: 	0x00000000

0x0000283c	0x00000000	Unkown Instruction 

All Registers: 
x0: 	0x00000000
x1: 	0x00000000
x2: 	0x00000000
x3: 	0x00000000
x4: 	0x00000000
x5: 	0x00000000
x6: 	0x00000000
x7: 	0x00000000
x8: 	0x00000000
x9: 	0x00000000
x10: 	0x00000000
x11: 	0x00000000
x12: 	0x00000000
x13: 	0x00000000
x14: 	0x00000000
x15: 	0x00000000
x16: 	0x00000000
x17: 	0x00000000
x18: 	0x00000000
x19: 	0x00000000
x20: 	0x00000000
x21: 	0x00000000
x22: 	0x00000000
x23: 	0x00000000
x24: 	0x00000000
x25: 	0x00000000
x26: 	0x00000000
x27: 	0x00000000
x28: 	0x00000000
x29: 	0x00000000
x30: 	0x00000000
x31: 	0x00000000

0x00002840	0x00000000	Unkown Instruction 

All Registers: 
x0: 	0x00000000
x1: 	0x00000000
x2: 	0x00000000
x3: 	0x00000000
x4: 	0x00000000
x5: 	0x00000000
x6: 	0x00000000
x7: 	0x00000000
x8: 	0x00000000
x9: 	0x00000000
x10: 	0x00000000
x11: 	0x00000000
x12: 	0x00000000
x13: 	0x00000000
x14: 	0x00000000
x15: 	0x00000000
x16: 	0x00000000
x17: 	0x00000000
x18: 	0x00000000
x19: 	0x00000000
x20: 	0x00000000
x21: 	0x00000000
x22: 	0x00000000
x23: 	0x00000000
x24: 	0x00000000
x25: 	0x00000000
x26: 	0x00000000
x27: 	0x00000000
x28: 	0x00000000
x29: 	0x00000000
x30: 	0x00000000
x31: 	0x00000000

0x00002844	0x00000000	Unkown Instruction 

All Registers: 
x0: 	0x00000000
x1: 	0x00000000
x2: 	0x00000000
x3: 	0x00000000
x4: 	0x00000000
x5: 	0x00000000
x6: 	0x00000000
x7: 	0x00000000
x8: 	0x00000000
x9: 	0x00000000
x10: 	0x00000000
x11: 	0x00000000
x12: 	0x00000000
x13: 	0x00000000
x14: 	0x00000000
x15: 	0x00000000
x16: 	0x00000000
x17: 	0x00000000
x18: 	0x00000000
x19: 	0x00000000
x20: 	0x00000000
x21: 	0x00000000
x22: 	0x00000000
x23: 	0x00000000
x24: 	0x00000000
x25: 	0x00000000
x26: 	0x00000000
x27: 	0x00000000
x28: 	0x00000000
x29: 	0x00000000
x30: 	0x00000000
x31: 	0x00000000

0x00002848	0x00000000	Unkown Instruction 

All Registers: 
x0: 	0x00000000
x1: 	0x00000000
x2: 	0x00000000
x3: 	0x00000000
x4: 	0x00000000
x5: 	0x00000000
x6: 	0x00000000
x7: 	0x00000000
x8: 	0x00000000
x9: 	0x00000000
x10: 	0x00000000
x11: 	0x00000000
x12: 	0x00000000
x13: 	0x00000000
x14: 	0x00000000
x15: 	0x00000000
x16: 	0x00000000
x17: 	0x00000000
x18: 	0x00000000
x19: 	0x00000000
x20: 	0x00000000
x21: 	0x00000000
x22: 	0x00000000
x23: 	0x00000000
x24: 	0x00000000
x25: 	0x00000000
x26: 	0x00000000
x27: 	0x00000000
x28: 	0x00000000
x29: 	0x00000000
x30: 	0x00000000
x31: 	0x00000000

0x0000284c	0x00000000	Unkown Instruction 

All Registers: 
x0: 	0x00000000
x1: 	0x00000000
x2: 	0x00000000
x3: 	0x00000000
x4: 	0x00000000
x5: 	0x00000000
x6: 	0x00000000
x7: 	0x00000000
x8: 	0x00000000
x9: 	0x00000000
x10: 	0x00000000
x11: 	0x00000000
x12: 	0x00000000
x13: 	0x00000000
x14: 	0x00000000
x15: 	0x00000000
x16: 	0x00000000
x17: 	0x00000000
x18: 	0x00000000
x19: 	0x00000000
x20: 	0x00000000
x21: 	0x00000000
x22: 	0x00000000
x23: 	0x00000000
x24: 	0x00000000
x25: 	0x00000000
x26: 	0x00000000
x27: 	0x00000000
x28: 	0x00000000
x29: 	0x00000000
x30: 	0x00000000
x31: 	0x00000000

0x00002850	0x00000000	Unkown Instruction 

All Registers: 
x0: 	0x00000000
x1: 	0x00000000
x2: 	0x00000000
x3: 	0x00000000
x4: 	0x00000000
x5: 	0x00000000
x6: 	0x00000000
x7: 	0x00000000
x8: 	0x00000000
x9: 	0x00000000
x10: 	0x00000000
x11: 	0x00000000
x12: 	0x00000000
x13: 	0x00000000
x14: 	0x00000000
x15: 	0x00000000
x16: 	0x00000000
x17: 	0x00000000
x18: 	0x00000000
x19: 	0x00000000
x20: 	0x00000000
x21: 	0x00000000
x22: 	0x00000000
x23: 	0x00000000
x24: 	0x00000000
x25: 	0x00000000
x26: 	0x00000000
x27: 	0x00000000
x28: 	0x00000000
x29: 	0x00000000
x30: 	0x00000000
x31: 	0x00000000

0x00002854	0x00000000	Unkown Instruction 

All Registers: 
x0: 	0x00000000
x1: 	0x00000000
x2: 	0x00000000
x3: 	0x00000000
x4: 	0x00000000
x5: 	0x00000000
x6: 	0x00000000
x7: 	0x00000000
x8: 	0x00000000
x9: 	0x00000000
x10: 	0x00000000
x11: 	0x00000000
x12: 	0x00000000
x13: 	0x00000000
x14: 	0x00000000
x15: 	0x00000000
x16: 	0x00000000
x17: 	0x00000000
x18: 	0x00000000
x19: 	0x00000000
x20: 	0x00000000
x21: 	0x00000000
x22: 	0x00000000
x23: 	0x00000000
x24: 	0x00000000
x25: 	0x00000000
x26: 	0x00000000
x27: 	0x00000000
x28: 	0x00000000
x29: 	0x00000000
x30: 	0x00000000
x31: 	0x00000000

0x00002858	0x00000000	Unkown Instruction 

All Registers: 
x0: 	0x00000000
x1: 	0x00000000
x2: 	0x00000000
x3: 	0x00000000
x4: 	0x00000000
x5: 	0x00000000
x6: 	0x00000000
x7: 	0x00000000
x8: 	0x00000000
x9: 	0x00000000
x10: 	0x00000000
x11: 	0x00000000
x12: 	0x00000000
x13: 	0x00000000
x14: 	0x00000000
x15: 	0x00000000
x16: 	0x00000000
x17: 	0x00000000
x18: 	0x00000000
x19: 	0x00000000
x20: 	0x00000000
x21: 	0x00000000
x22: 	0x00000000
x23: 	0x00000000
x24: 	0x00000000
x25: 	0x00000000
x26: 	0x00000000
x27: 	0x00000000
x28: 	0x00000000
x29: 	0x00000000
x30: 	0x00000000
x31: 	0x00000000

0x0000285c	0x00000000	Unkown Instruction 

All Registers: 
x0: 	0x00000000
x1: 	0x00000000
x2: 	0x00000000
x3: 	0x00000000
x4: 	0x00000000
x5: 	0x00000000
x6: 	0x00000000
x7: 	0x00000000
x8: 	0x00000000
x9: 	0x00000000
x10: 	0x00000000
x11: 	0x00000000
x12: 	0x00000000
x13: 	0x00000000
x14: 	0x00000000
x15: 	0x00000000
x16: 	0x00000000
x17: 	0x00000000
x18: 	0x00000000
x19: 	0x00000000
x20: 	0x00000000
x21: 	0x00000000
x22: 	0x00000000
x23: 	0x00000000
x24: 	0x00000000
x25: 	0x00000000
x26: 	0x00000000
x27: 	0x00000000
x28: 	0x00000000
x29: 	0x00000000
x30: 	0x00000000
x31: 	0x00000000

0x00002860	0x00000000	Unkown Instruction 

All Registers: 
x0: 	0x00000000
x1: 	0x00000000
x2: 	0x00000000
x3: 	0x00000000
x4: 	0x00000000
x5: 	0x00000000
x6: 	0x00000000
x7: 	0x00000000
x8: 	0x00000000
x9: 	0x00000000
x10: 	0x00000000
x11: 	0x00000000
x12: 	0x00000000
x13: 	0x00000000
x14: 	0x00000000
x15: 	0x00000000
x16: 	0x00000000
x17: 	0x00000000
x18: 	0x00000000
x19: 	0x00000000
x20: 	0x00000000
x21: 	0x00000000
x22: 	0x00000000
x23: 	0x00000000
x24: 	0x00000000
x25: 	0x00000000
x26: 	0x00000000
x27: 	0x00000000
x28: 	0x00000000
x29: 	0x00000000
x30: 	0x00000000
x31: 	0x00000000

0x00002864	0x00000000	Unkown Instruction 

All Registers: 
x0: 	0x00000000
x1: 	0x00000000
x2: 	0x00000000
x3: 	0x00000000
x4: 	0x00000000
x5: 	0x00000000
x6: 	0x00000000
x7: 	0x00000000
x8: 	0x00000000
x9: 	0x00000000
x10: 	0x00000000
x11: 	0x00000000
x12: 	0x00000000
x13: 	0x00000000
x14: 	0x00000000
x15: 	0x00000000
x16: 	0x00000000
x17: 	0x00000000
x18: 	0x00000000
x19: 	0x00000000
x20: 	0x00000000
x21: 	0x00000000
x22: 	0x00000000
x23: 	0x00000000
x24: 	0x00000000
x25: 	0x00000000
x26: 	0x00000000
x27: 	0x00000000
x28: 	0x00000000
x29: 	0x00000000
x30: 	0x00000000
x31: 	0x00000000

0x00002868	0x00000000	Unkown Instruction 

All Registers: 
x0: 	0x00000000
x1: 	0x00000000
x2: 	0x00000000
x3: 	0x00000000
x4: 	0x00000000
x5: 	0x00000000
x6: 	0x00000000
x7: 	0x00000000
x8: 	0x00000000
x9: 	0x00000000
x10: 	0x00000000
x11: 	0x00000000
x12: 	0x00000000
x13: 	0x00000000
x14: 	0x00000000
x15: 	0x00000000
x16: 	0x00000000
x17: 	0x00000000
x18: 	0x00000000
x19: 	0x00000000
x20: 	0x00000000
x21: 	0x00000000
x22: 	0x00000000
x23: 	0x00000000
x24: 	0x00000000
x25: 	0x00000000
x26: 	0x00000000
x27: 	0x00000000
x28: 	0x00000000
x29: 	0x00000000
x30: 	0x00000000
x31: 	0x00000000

0x0000286c	0x00000000	Unkown Instruction 

All Registers: 
x0: 	0x00000000
x1: 	0x00000000
x2: 	0x00000000
x3: 	0x00000000
x4: 	0x00000000
x5: 	0x00000000
x6: 	0x00000000
x7: 	0x00000000
x8: 	0x00000000
x9: 	0x00000000
x10: 	0x00000000
x11: 	0x00000000
x12: 	0x00000000
x13: 	0x00000000
x14: 	0x00000000
x15: 	0x00000000
x16: 	0x00000000
x17: 	0x00000000
x18: 	0x00000000
x19: 	0x00000000
x20: 	0x00000000
x21: 	0x00000000
x22: 	0x00000000
x23: 	0x00000000
x24: 	0x00000000
x25: 	0x00000000
x26: 	0x00000000
x27: 	0x00000000
x28: 	0x00000000
x29: 	0x00000000
x30: 	0x00000000
x31: 	0x00000000

0x00002870	0x00000000	Unkown Instruction 

All Registers: 
x0: 	0x00000000
x1: 	0x00000000
x2: 	0x00000000
x3: 	0x00000000
x4: 	0x00000000
x5: 	0x00000000
x6: 	0x00000000
x7: 	0x00000000
x8: 	0x00000000
x9: 	0x00000000
x10: 	0x00000000
x11: 	0x00000000
x12: 	0x00000000
x13: 	0x00000000
x14: 	0x00000000
x15: 	0x00000000
x16: 	0x00000000
x17: 	0x00000000
x18: 	0x00000000
x19: 	0x00000000
x20: 	0x00000000
x21: 	0x00000000
x22: 	0x00000000
x23: 	0x00000000
x24: 	0x00000000
x25: 	0x00000000
x26: 	0x00000000
x27: 	0x00000000
x28: 	0x00000000
x29: 	0x00000000
x30: 	0x00000000
x31: 	0x00000000

0x00002874	0x00000000	Unkown Instruction 

All Registers: 
x0: 	0x00000000
x1: 	0x00000000
x2: 	0x00000000
x3: 	0x00000000
x4: 	0x00000000
x5: 	0x00000000
x6: 	0x00000000
x7: 	0x00000000
x8: 	0x00000000
x9: 	0x00000000
x10: 	0x00000000
x11: 	0x00000000
x12: 	0x00000000
x13: 	0x00000000
x14: 	0x00000000
x15: 	0x00000000
x16: 	0x00000000
x17: 	0x00000000
x18: 	0x00000000
x19: 	0x00000000
x20: 	0x00000000
x21: 	0x00000000
x22: 	0x00000000
x23: 	0x00000000
x24: 	0x00000000
x25: 	0x00000000
x26: 	0x00000000
x27: 	0x00000000
x28: 	0x00000000
x29: 	0x00000000
x30: 	0x00000000
x31: 	0x00000000

0x00002878	0x00000000	Unkown Instruction 

All Registers: 
x0: 	0x00000000
x1: 	0x00000000
x2: 	0x00000000
x3: 	0x00000000
x4: 	0x00000000
x5: 	0x00000000
x6: 	0x00000000
x7: 	0x00000000
x8: 	0x00000000
x9: 	0x00000000
x10: 	0x00000000
x11: 	0x00000000
x12: 	0x00000000
x13: 	0x00000000
x14: 	0x00000000
x15: 	0x00000000
x16: 	0x00000000
x17: 	0x00000000
x18: 	0x00000000
x19: 	0x00000000
x20: 	0x00000000
x21: 	0x00000000
x22: 	0x00000000
x23: 	0x00000000
x24: 	0x00000000
x25: 	0x00000000
x26: 	0x00000000
x27: 	0x00000000
x28: 	0x00000000
x29: 	0x00000000
x30: 	0x00000000
x31: 	0x00000000

0x0000287c	0x00000000	Unkown Instruction 

All Registers: 
x0: 	0x00000000
x1: 	0x00000000
x2: 	0x00000000
x3: 	0x00000000
x4: 	0x00000000
x5: 	0x00000000
x6: 	0x00000000
x7: 	0x00000000
x8: 	0x00000000
x9: 	0x00000000
x10: 	0x00000000
x11: 	0x00000000
x12: 	0x00000000
x13: 	0x00000000
x14: 	0x00000000
x15: 	0x00000000
x16: 	0x00000000
x17: 	0x00000000
x18: 	0x00000000
x19: 	0x00000000
x20: 	0x00000000
x21: 	0x00000000
x22: 	0x00000000
x23: 	0x00000000
x24: 	0x00000000
x25: 	0x00000000
x26: 	0x00000000
x27: 	0x00000000
x28: 	0x00000000
x29: 	0x00000000
x30: 	0x00000000
x31: 	0x00000000

0x00002880	0x00000000	Unkown Instruction 

All Registers: 
x0: 	0x00000000
x1: 	0x00000000
x2: 	0x00000000
x3: 	0x00000000
x4: 	0x00000000
x5: 	0x00000000
x6: 	0x00000000
x7: 	0x00000000
x8: 	0x00000000
x9: 	0x00000000
x10: 	0x00000000
x11: 	0x00000000
x12: 	0x00000000
x13: 	0x00000000
x14: 	0x00000000
x15: 	0x00000000
x16: 	0x00000000
x17: 	0x00000000
x18: 	0x00000000
x19: 	0x00000000
x20: 	0x00000000
x21: 	0x00000000
x22: 	0x00000000
x23: 	0x00000000
x24: 	0x00000000
x25: 	0x00000000
x26: 	0x00000000
x27: 	0x00000000
x28: 	0x00000000
x29: 	0x00000000
x30: 	0x00000000
x31: 	0x00000000

0x00002884	0x00000000	Unkown Instruction 

All Registers: 
x0: 	0x00000000
x1: 	0x00000000
x2: 	0x00000000
x3: 	0x00000000
x4: 	0x00000000
x5: 	0x00000000
x6: 	0x00000000
x7: 	0x00000000
x8: 	0x00000000
x9: 	0x00000000
x10: 	0x00000000
x11: 	0x00000000
x12: 	0x00000000
x13: 	0x00000000
x14: 	0x00000000
x15: 	0x00000000
x16: 	0x00000000
x17: 	0x00000000
x18: 	0x00000000
x19: 	0x00000000
x20: 	0x00000000
x21: 	0x00000000
x22: 	0x00000000
x23: 	0x00000000
x24: 	0x00000000
x25: 	0x00000000
x26: 	0x00000000
x27: 	0x00000000
x28: 	0x00000000
x29: 	0x00000000
x30: 	0x00000000
x31: 	0x00000000

0x00002888	0x00000000	Unkown Instruction 

All Registers: 
x0: 	0x00000000
x1: 	0x00000000
x2: 	0x00000000
x3: 	0x00000000
x4: 	0x00000000
x5: 	0x00000000
x6: 	0x00000000
x7: 	0x00000000
x8: 	0x00000000
x9: 	0x00000000
x10: 	0x00000000
x11: 	0x00000000
x12: 	0x00000000
x13: 	0x00000000
x14: 	0x00000000
x15: 	0x00000000
x16: 	0x00000000
x17: 	0x00000000
x18: 	0x00000000
x19: 	0x00000000
x20: 	0x00000000
x21: 	0x00000000
x22: 	0x00000000
x23: 	0x00000000
x24: 	0x00000000
x25: 	0x00000000
x26: 	0x00000000
x27: 	0x00000000
x28: 	0x00000000
x29: 	0x00000000
x30: 	0x00000000
x31: 	0x00000000

0x0000288c	0x00000000	Unkown Instruction 

All Registers: 
x0: 	0x00000000
x1: 	0x00000000
x2: 	0x00000000
x3: 	0x00000000
x4: 	0x00000000
x5: 	0x00000000
x6: 	0x00000000
x7: 	0x00000000
x8: 	0x00000000
x9: 	0x00000000
x10: 	0x00000000
x11: 	0x00000000
x12: 	0x00000000
x13: 	0x00000000
x14: 	0x00000000
x15: 	0x00000000
x16: 	0x00000000
x17: 	0x00000000
x18: 	0x00000000
x19: 	0x00000000
x20: 	0x00000000
x21: 	0x00000000
x22: 	0x00000000
x23: 	0x00000000
x24: 	0x00000000
x25: 	0x00000000
x26: 	0x00000000
x27: 	0x00000000
x28: 	0x00000000
x29: 	0x00000000
x30: 	0x00000000
x31: 	0x00000000

0x00002890	0x00000000	Unkown Instruction 

All Registers: 
x0: 	0x00000000
x1: 	0x00000000
x2: 	0x00000000
x3: 	0x00000000
x4: 	0x00000000
x5: 	0x00000000
x6: 	0x00000000
x7: 	0x00000000
x8: 	0x00000000
x9: 	0x00000000
x10: 	0x00000000
x11: 	0x00000000
x12: 	0x00000000
x13: 	0x00000000
x14: 	0x00000000
x15: 	0x00000000
x16: 	0x00000000
x17: 	0x00000000
x18: 	0x00000000
x19: 	0x00000000
x20: 	0x00000000
x21: 	0x00000000
x22: 	0x00000000
x23: 	0x00000000
x24: 	0x00000000
x25: 	0x00000000
x26: 	0x00000000
x27: 	0x00000000
x28: 	0x00000000
x29: 	0x00000000
x30: 	0x00000000
x31: 	0x00000000

0x00002894	0x00000000	Unkown Instruction 

All Registers: 
x0: 	0x00000000
x1: 	0x00000000
x2: 	0x00000000
x3: 	0x00000000
x4: 	0x00000000
x5: 	0x00000000
x6: 	0x00000000
x7: 	0x00000000
x8: 	0x00000000
x9: 	0x00000000
x10: 	0x00000000
x11: 	0x00000000
x12: 	0x00000000
x13: 	0x00000000
x14: 	0x00000000
x15: 	0x00000000
x16: 	0x00000000
x17: 	0x00000000
x18: 	0x00000000
x19: 	0x00000000
x20: 	0x00000000
x21: 	0x00000000
x22: 	0x00000000
x23: 	0x00000000
x24: 	0x00000000
x25: 	0x00000000
x26: 	0x00000000
x27: 	0x00000000
x28: 	0x00000000
x29: 	0x00000000
x30: 	0x00000000
x31: 	0x00000000

0x00002898	0x00000000	Unkown Instruction 

All Registers: 
x0: 	0x00000000
x1: 	0x00000000
x2: 	0x00000000
x3: 	0x00000000
x4: 	0x00000000
x5: 	0x00000000
x6: 	0x00000000
x7: 	0x00000000
x8: 	0x00000000
x9: 	0x00000000
x10: 	0x00000000
x11: 	0x00000000
x12: 	0x00000000
x13: 	0x00000000
x14: 	0x00000000
x15: 	0x00000000
x16: 	0x00000000
x17: 	0x00000000
x18: 	0x00000000
x19: 	0x00000000
x20: 	0x00000000
x21: 	0x00000000
x22: 	0x00000000
x23: 	0x00000000
x24: 	0x00000000
x25: 	0x00000000
x26: 	0x00000000
x27: 	0x00000000
x28: 	0x00000000
x29: 	0x00000000
x30: 	0x00000000
x31: 	0x00000000

0x0000289c	0x00000000	Unkown Instruction 

All Registers: 
x0: 	0x00000000
x1: 	0x00000000
x2: 	0x00000000
x3: 	0x00000000
x4: 	0x00000000
x5: 	0x00000000
x6: 	0x00000000
x7: 	0x00000000
x8: 	0x00000000
x9: 	0x00000000
x10: 	0x00000000
x11: 	0x00000000
x12: 	0x00000000
x13: 	0x00000000
x14: 	0x00000000
x15: 	0x00000000
x16: 	0x00000000
x17: 	0x00000000
x18: 	0x00000000
x19: 	0x00000000
x20: 	0x00000000
x21: 	0x00000000
x22: 	0x00000000
x23: 	0x00000000
x24: 	0x00000000
x25: 	0x00000000
x26: 	0x00000000
x27: 	0x00000000
x28: 	0x00000000
x29: 	0x00000000
x30: 	0x00000000
x31: 	0x00000000

0x000028a0	0x00000000	Unkown Instruction 

All Registers: 
x0: 	0x00000000
x1: 	0x00000000
x2: 	0x00000000
x3: 	0x00000000
x4: 	0x00000000
x5: 	0x00000000
x6: 	0x00000000
x7: 	0x00000000
x8: 	0x00000000
x9: 	0x00000000
x10: 	0x00000000
x11: 	0x00000000
x12: 	0x00000000
x13: 	0x00000000
x14: 	0x00000000
x15: 	0x00000000
x16: 	0x00000000
x17: 	0x00000000
x18: 	0x00000000
x19: 	0x00000000
x20: 	0x00000000
x21: 	0x00000000
x22: 	0x00000000
x23: 	0x00000000
x24: 	0x00000000
x25: 	0x00000000
x26: 	0x00000000
x27: 	0x00000000
x28: 	0x00000000
x29: 	0x00000000
x30: 	0x00000000
x31: 	0x00000000

0x000028a4	0x00000000	Unkown Instruction 

All Registers: 
x0: 	0x00000000
x1: 	0x00000000
x2: 	0x00000000
x3: 	0x00000000
x4: 	0x00000000
x5: 	0x00000000
x6: 	0x00000000
x7: 	0x00000000
x8: 	0x00000000
x9: 	0x00000000
x10: 	0x00000000
x11: 	0x00000000
x12: 	0x00000000
x13: 	0x00000000
x14: 	0x00000000
x15: 	0x00000000
x16: 	0x00000000
x17: 	0x00000000
x18: 	0x00000000
x19: 	0x00000000
x20: 	0x00000000
x21: 	0x00000000
x22: 	0x00000000
x23: 	0x00000000
x24: 	0x00000000
x25: 	0x00000000
x26: 	0x00000000
x27: 	0x00000000
x28: 	0x00000000
x29: 	0x00000000
x30: 	0x00000000
x31: 	0x00000000

0x000028a8	0x00000000	Unkown Instruction 

All Registers: 
x0: 	0x00000000
x1: 	0x00000000
x2: 	0x00000000
x3: 	0x00000000
x4: 	0x00000000
x5: 	0x00000000
x6: 	0x00000000
x7: 	0x00000000
x8: 	0x00000000
x9: 	0x00000000
x10: 	0x00000000
x11: 	0x00000000
x12: 	0x00000000
x13: 	0x00000000
x14: 	0x00000000
x15: 	0x00000000
x16: 	0x00000000
x17: 	0x00000000
x18: 	0x00000000
x19: 	0x00000000
x20: 	0x00000000
x21: 	0x00000000
x22: 	0x00000000
x23: 	0x00000000
x24: 	0x00000000
x25: 	0x00000000
x26: 	0x00000000
x27: 	0x00000000
x28: 	0x00000000
x29: 	0x00000000
x30: 	0x00000000
x31: 	0x00000000

0x000028ac	0x00000000	Unkown Instruction 

All Registers: 
x0: 	0x00000000
x1: 	0x00000000
x2: 	0x00000000
x3: 	0x00000000
x4: 	0x00000000
x5: 	0x00000000
x6: 	0x00000000
x7: 	0x00000000
x8: 	0x00000000
x9: 	0x00000000
x10: 	0x00000000
x11: 	0x00000000
x12: 	0x00000000
x13: 	0x00000000
x14: 	0x00000000
x15: 	0x00000000
x16: 	0x00000000
x17: 	0x00000000
x18: 	0x00000000
x19: 	0x00000000
x20: 	0x00000000
x21: 	0x00000000
x22: 	0x00000000
x23: 	0x00000000
x24: 	0x00000000
x25: 	0x00000000
x26: 	0x00000000
x27: 	0x00000000
x28: 	0x00000000
x29: 	0x00000000
x30: 	0x00000000
x31: 	0x00000000

0x000028b0	0x00000000	Unkown Instruction 

All Registers: 
x0: 	0x00000000
x1: 	0x00000000
x2: 	0x00000000
x3: 	0x00000000
x4: 	0x00000000
x5: 	0x00000000
x6: 	0x00000000
x7: 	0x00000000
x8: 	0x00000000
x9: 	0x00000000
x10: 	0x00000000
x11: 	0x00000000
x12: 	0x00000000
x13: 	0x00000000
x14: 	0x00000000
x15: 	0x00000000
x16: 	0x00000000
x17: 	0x00000000
x18: 	0x00000000
x19: 	0x00000000
x20: 	0x00000000
x21: 	0x00000000
x22: 	0x00000000
x23: 	0x00000000
x24: 	0x00000000
x25: 	0x00000000
x26: 	0x00000000
x27: 	0x00000000
x28: 	0x00000000
x29: 	0x00000000
x30: 	0x00000000
x31: 	0x00000000

0x000028b4	0x00000000	Unkown Instruction 

All Registers: 
x0: 	0x00000000
x1: 	0x00000000
x2: 	0x00000000
x3: 	0x00000000
x4: 	0x00000000
x5: 	0x00000000
x6: 	0x00000000
x7: 	0x00000000
x8: 	0x00000000
x9: 	0x00000000
x10: 	0x00000000
x11: 	0x00000000
x12: 	0x00000000
x13: 	0x00000000
x14: 	0x00000000
x15: 	0x00000000
x16: 	0x00000000
x17: 	0x00000000
x18: 	0x00000000
x19: 	0x00000000
x20: 	0x00000000
x21: 	0x00000000
x22: 	0x00000000
x23: 	0x00000000
x24: 	0x00000000
x25: 	0x00000000
x26: 	0x00000000
x27: 	0x00000000
x28: 	0x00000000
x29: 	0x00000000
x30: 	0x00000000
x31: 	0x00000000

0x000028b8	0x00000000	Unkown Instruction 

All Registers: 
x0: 	0x00000000
x1: 	0x00000000
x2: 	0x00000000
x3: 	0x00000000
x4: 	0x00000000
x5: 	0x00000000
x6: 	0x00000000
x7: 	0x00000000
x8: 	0x00000000
x9: 	0x00000000
x10: 	0x00000000
x11: 	0x00000000
x12: 	0x00000000
x13: 	0x00000000
x14: 	0x00000000
x15: 	0x00000000
x16: 	0x00000000
x17: 	0x00000000
x18: 	0x00000000
x19: 	0x00000000
x20: 	0x00000000
x21: 	0x00000000
x22: 	0x00000000
x23: 	0x00000000
x24: 	0x00000000
x25: 	0x00000000
x26: 	0x00000000
x27: 	0x00000000
x28: 	0x00000000
x29: 	0x00000000
x30: 	0x00000000
x31: 	0x00000000

0x000028bc	0x00000000	Unkown Instruction 

All Registers: 
x0: 	0x00000000
x1: 	0x00000000
x2: 	0x00000000
x3: 	0x00000000
x4: 	0x00000000
x5: 	0x00000000
x6: 	0x00000000
x7: 	0x00000000
x8: 	0x00000000
x9: 	0x00000000
x10: 	0x00000000
x11: 	0x00000000
x12: 	0x00000000
x13: 	0x00000000
x14: 	0x00000000
x15: 	0x00000000
x16: 	0x00000000
x17: 	0x00000000
x18: 	0x00000000
x19: 	0x00000000
x20: 	0x00000000
x21: 	0x00000000
x22: 	0x00000000
x23: 	0x00000000
x24: 	0x00000000
x25: 	0x00000000
x26: 	0x00000000
x27: 	0x00000000
x28: 	0x00000000
x29: 	0x00000000
x30: 	0x00000000
x31: 	0x00000000

0x000028c0	0x00000000	Unkown Instruction 

All Registers: 
x0: 	0x00000000
x1: 	0x00000000
x2: 	0x00000000
x3: 	0x00000000
x4: 	0x00000000
x5: 	0x00000000
x6: 	0x00000000
x7: 	0x00000000
x8: 	0x00000000
x9: 	0x00000000
x10: 	0x00000000
x11: 	0x00000000
x12: 	0x00000000
x13: 	0x00000000
x14: 	0x00000000
x15: 	0x00000000
x16: 	0x00000000
x17: 	0x00000000
x18: 	0x00000000
x19: 	0x00000000
x20: 	0x00000000
x21: 	0x00000000
x22: 	0x00000000
x23: 	0x00000000
x24: 	0x00000000
x25: 	0x00000000
x26: 	0x00000000
x27: 	0x00000000
x28: 	0x00000000
x29: 	0x00000000
x30: 	0x00000000
x31: 	0x00000000

0x000028c4	0x00000000	Unkown Instruction 

All Registers: 
x0: 	0x00000000
x1: 	0x00000000
x2: 	0x00000000
x3: 	0x00000000
x4: 	0x00000000
x5: 	0x00000000
x6: 	0x00000000
x7: 	0x00000000
x8: 	0x00000000
x9: 	0x00000000
x10: 	0x00000000
x11: 	0x00000000
x12: 	0x00000000
x13: 	0x00000000
x14: 	0x00000000
x15: 	0x00000000
x16: 	0x00000000
x17: 	0x00000000
x18: 	0x00000000
x19: 	0x00000000
x20: 	0x00000000
x21: 	0x00000000
x22: 	0x00000000
x23: 	0x00000000
x24: 	0x00000000
x25: 	0x00000000
x26: 	0x00000000
x27: 	0x00000000
x28: 	0x00000000
x29: 	0x00000000
x30: 	0x00000000
x31: 	0x00000000

0x000028c8	0x00000000	Unkown Instruction 

All Registers: 
x0: 	0x00000000
x1: 	0x00000000
x2: 	0x00000000
x3: 	0x00000000
x4: 	0x00000000
x5: 	0x00000000
x6: 	0x00000000
x7: 	0x00000000
x8: 	0x00000000
x9: 	0x00000000
x10: 	0x00000000
x11: 	0x00000000
x12: 	0x00000000
x13: 	0x00000000
x14: 	0x00000000
x15: 	0x00000000
x16: 	0x00000000
x17: 	0x00000000
x18: 	0x00000000
x19: 	0x00000000
x20: 	0x00000000
x21: 	0x00000000
x22: 	0x00000000
x23: 	0x00000000
x24: 	0x00000000
x25: 	0x00000000
x26: 	0x00000000
x27: 	0x00000000
x28: 	0x00000000
x29: 	0x00000000
x30: 	0x00000000
x31: 	0x00000000

0x000028cc	0x00000000	Unkown Instruction 

All Registers: 
x0: 	0x00000000
x1: 	0x00000000
x2: 	0x00000000
x3: 	0x00000000
x4: 	0x00000000
x5: 	0x00000000
x6: 	0x00000000
x7: 	0x00000000
x8: 	0x00000000
x9: 	0x00000000
x10: 	0x00000000
x11: 	0x00000000
x12: 	0x00000000
x13: 	0x00000000
x14: 	0x00000000
x15: 	0x00000000
x16: 	0x00000000
x17: 	0x00000000
x18: 	0x00000000
x19: 	0x00000000
x20: 	0x00000000
x21: 	0x00000000
x22: 	0x00000000
x23: 	0x00000000
x24: 	0x00000000
x25: 	0x00000000
x26: 	0x00000000
x27: 	0x00000000
x28: 	0x00000000
x29: 	0x00000000
x30: 	0x00000000
x31: 	0x00000000

0x000028d0	0x00000000	Unkown Instruction 

All Registers: 
x0: 	0x00000000
x1: 	0x00000000
x2: 	0x00000000
x3: 	0x00000000
x4: 	0x00000000
x5: 	0x00000000
x6: 	0x00000000
x7: 	0x00000000
x8: 	0x00000000
x9: 	0x00000000
x10: 	0x00000000
x11: 	0x00000000
x12: 	0x00000000
x13: 	0x00000000
x14: 	0x00000000
x15: 	0x00000000
x16: 	0x00000000
x17: 	0x00000000
x18: 	0x00000000
x19: 	0x00000000
x20: 	0x00000000
x21: 	0x00000000
x22: 	0x00000000
x23: 	0x00000000
x24: 	0x00000000
x25: 	0x00000000
x26: 	0x00000000
x27: 	0x00000000
x28: 	0x00000000
x29: 	0x00000000
x30: 	0x00000000
x31: 	0x00000000

0x000028d4	0x00000000	Unkown Instruction 

All Registers: 
x0: 	0x00000000
x1: 	0x00000000
x2: 	0x00000000
x3: 	0x00000000
x4: 	0x00000000
x5: 	0x00000000
x6: 	0x00000000
x7: 	0x00000000
x8: 	0x00000000
x9: 	0x00000000
x10: 	0x00000000
x11: 	0x00000000
x12: 	0x00000000
x13: 	0x00000000
x14: 	0x00000000
x15: 	0x00000000
x16: 	0x00000000
x17: 	0x00000000
x18: 	0x00000000
x19: 	0x00000000
x20: 	0x00000000
x21: 	0x00000000
x22: 	0x00000000
x23: 	0x00000000
x24: 	0x00000000
x25: 	0x00000000
x26: 	0x00000000
x27: 	0x00000000
x28: 	0x00000000
x29: 	0x00000000
x30: 	0x00000000
x31: 	0x00000000

0x000028d8	0x00000000	Unkown Instruction 

All Registers: 
x0: 	0x00000000
x1: 	0x00000000
x2: 	0x00000000
x3: 	0x00000000
x4: 	0x00000000
x5: 	0x00000000
x6: 	0x00000000
x7: 	0x00000000
x8: 	0x00000000
x9: 	0x00000000
x10: 	0x00000000
x11: 	0x00000000
x12: 	0x00000000
x13: 	0x00000000
x14: 	0x00000000
x15: 	0x00000000
x16: 	0x00000000
x17: 	0x00000000
x18: 	0x00000000
x19: 	0x00000000
x20: 	0x00000000
x21: 	0x00000000
x22: 	0x00000000
x23: 	0x00000000
x24: 	0x00000000
x25: 	0x00000000
x26: 	0x00000000
x27: 	0x00000000
x28: 	0x00000000
x29: 	0x00000000
x30: 	0x00000000
x31: 	0x00000000

0x000028dc	0x00000000	Unkown Instruction 

All Registers: 
x0: 	0x00000000
x1: 	0x00000000
x2: 	0x00000000
x3: 	0x00000000
x4: 	0x00000000
x5: 	0x00000000
x6: 	0x00000000
x7: 	0x00000000
x8: 	0x00000000
x9: 	0x00000000
x10: 	0x00000000
x11: 	0x00000000
x12: 	0x00000000
x13: 	0x00000000
x14: 	0x00000000
x15: 	0x00000000
x16: 	0x00000000
x17: 	0x00000000
x18: 	0x00000000
x19: 	0x00000000
x20: 	0x00000000
x21: 	0x00000000
x22: 	0x00000000
x23: 	0x00000000
x24: 	0x00000000
x25: 	0x00000000
x26: 	0x00000000
x27: 	0x00000000
x28: 	0x00000000
x29: 	0x00000000
x30: 	0x00000000
x31: 	0x00000000

0x000028e0	0x00000000	Unkown Instruction 

All Registers: 
x0: 	0x00000000
x1: 	0x00000000
x2: 	0x00000000
x3: 	0x00000000
x4: 	0x00000000
x5: 	0x00000000
x6: 	0x00000000
x7: 	0x00000000
x8: 	0x00000000
x9: 	0x00000000
x10: 	0x00000000
x11: 	0x00000000
x12: 	0x00000000
x13: 	0x00000000
x14: 	0x00000000
x15: 	0x00000000
x16: 	0x00000000
x17: 	0x00000000
x18: 	0x00000000
x19: 	0x00000000
x20: 	0x00000000
x21: 	0x00000000
x22: 	0x00000000
x23: 	0x00000000
x24: 	0x00000000
x25: 	0x00000000
x26: 	0x00000000
x27: 	0x00000000
x28: 	0x00000000
x29: 	0x00000000
x30: 	0x00000000
x31: 	0x00000000

0x000028e4	0x00000000	Unkown Instruction 

All Registers: 
x0: 	0x00000000
x1: 	0x00000000
x2: 	0x00000000
x3: 	0x00000000
x4: 	0x00000000
x5: 	0x00000000
x6: 	0x00000000
x7: 	0x00000000
x8: 	0x00000000
x9: 	0x00000000
x10: 	0x00000000
x11: 	0x00000000
x12: 	0x00000000
x13: 	0x00000000
x14: 	0x00000000
x15: 	0x00000000
x16: 	0x00000000
x17: 	0x00000000
x18: 	0x00000000
x19: 	0x00000000
x20: 	0x00000000
x21: 	0x00000000
x22: 	0x00000000
x23: 	0x00000000
x24: 	0x00000000
x25: 	0x00000000
x26: 	0x00000000
x27: 	0x00000000
x28: 	0x00000000
x29: 	0x00000000
x30: 	0x00000000
x31: 	0x00000000

0x000028e8	0x00000000	Unkown Instruction 

All Registers: 
x0: 	0x00000000
x1: 	0x00000000
x2: 	0x00000000
x3: 	0x00000000
x4: 	0x00000000
x5: 	0x00000000
x6: 	0x00000000
x7: 	0x00000000
x8: 	0x00000000
x9: 	0x00000000
x10: 	0x00000000
x11: 	0x00000000
x12: 	0x00000000
x13: 	0x00000000
x14: 	0x00000000
x15: 	0x00000000
x16: 	0x00000000
x17: 	0x00000000
x18: 	0x00000000
x19: 	0x00000000
x20: 	0x00000000
x21: 	0x00000000
x22: 	0x00000000
x23: 	0x00000000
x24: 	0x00000000
x25: 	0x00000000
x26: 	0x00000000
x27: 	0x00000000
x28: 	0x00000000
x29: 	0x00000000
x30: 	0x00000000
x31: 	0x00000000

0x000028ec	0x00000000	Unkown Instruction 

All Registers: 
x0: 	0x00000000
x1: 	0x00000000
x2: 	0x00000000
x3: 	0x00000000
x4: 	0x00000000
x5: 	0x00000000
x6: 	0x00000000
x7: 	0x00000000
x8: 	0x00000000
x9: 	0x00000000
x10: 	0x00000000
x11: 	0x00000000
x12: 	0x00000000
x13: 	0x00000000
x14: 	0x00000000
x15: 	0x00000000
x16: 	0x00000000
x17: 	0x00000000
x18: 	0x00000000
x19: 	0x00000000
x20: 	0x00000000
x21: 	0x00000000
x22: 	0x00000000
x23: 	0x00000000
x24: 	0x00000000
x25: 	0x00000000
x26: 	0x00000000
x27: 	0x00000000
x28: 	0x00000000
x29: 	0x00000000
x30: 	0x00000000
x31: 	0x00000000

0x000028f0	0x00000000	Unkown Instruction 

All Registers: 
x0: 	0x00000000
x1: 	0x00000000
x2: 	0x00000000
x3: 	0x00000000
x4: 	0x00000000
x5: 	0x00000000
x6: 	0x00000000
x7: 	0x00000000
x8: 	0x00000000
x9: 	0x00000000
x10: 	0x00000000
x11: 	0x00000000
x12: 	0x00000000
x13: 	0x00000000
x14: 	0x00000000
x15: 	0x00000000
x16: 	0x00000000
x17: 	0x00000000
x18: 	0x00000000
x19: 	0x00000000
x20: 	0x00000000
x21: 	0x00000000
x22: 	0x00000000
x23: 	0x00000000
x24: 	0x00000000
x25: 	0x00000000
x26: 	0x00000000
x27: 	0x00000000
x28: 	0x00000000
x29: 	0x00000000
x30: 	0x00000000
x31: 	0x00000000

0x000028f4	0x00000000	Unkown Instruction 

All Registers: 
x0: 	0x00000000
x1: 	0x00000000
x2: 	0x00000000
x3: 	0x00000000
x4: 	0x00000000
x5: 	0x00000000
x6: 	0x00000000
x7: 	0x00000000
x8: 	0x00000000
x9: 	0x00000000
x10: 	0x00000000
x11: 	0x00000000
x12: 	0x00000000
x13: 	0x00000000
x14: 	0x00000000
x15: 	0x00000000
x16: 	0x00000000
x17: 	0x00000000
x18: 	0x00000000
x19: 	0x00000000
x20: 	0x00000000
x21: 	0x00000000
x22: 	0x00000000
x23: 	0x00000000
x24: 	0x00000000
x25: 	0x00000000
x26: 	0x00000000
x27: 	0x00000000
x28: 	0x00000000
x29: 	0x00000000
x30: 	0x00000000
x31: 	0x00000000

0x000028f8	0x00000000	Unkown Instruction 

All Registers: 
x0: 	0x00000000
x1: 	0x00000000
x2: 	0x00000000
x3: 	0x00000000
x4: 	0x00000000
x5: 	0x00000000
x6: 	0x00000000
x7: 	0x00000000
x8: 	0x00000000
x9: 	0x00000000
x10: 	0x00000000
x11: 	0x00000000
x12: 	0x00000000
x13: 	0x00000000
x14: 	0x00000000
x15: 	0x00000000
x16: 	0x00000000
x17: 	0x00000000
x18: 	0x00000000
x19: 	0x00000000
x20: 	0x00000000
x21: 	0x00000000
x22: 	0x00000000
x23: 	0x00000000
x24: 	0x00000000
x25: 	0x00000000
x26: 	0x00000000
x27: 	0x00000000
x28: 	0x00000000
x29: 	0x00000000
x30: 	0x00000000
x31: 	0x00000000

0x000028fc	0x00000000	Unkown Instruction 

All Registers: 
x0: 	0x00000000
x1: 	0x00000000
x2: 	0x00000000
x3: 	0x00000000
x4: 	0x00000000
x5: 	0x00000000
x6: 	0x00000000
x7: 	0x00000000
x8: 	0x00000000
x9: 	0x00000000
x10: 	0x00000000
x11: 	0x00000000
x12: 	0x00000000
x13: 	0x00000000
x14: 	0x00000000
x15: 	0x00000000
x16: 	0x00000000
x17: 	0x00000000
x18: 	0x00000000
x19: 	0x00000000
x20: 	0x00000000
x21: 	0x00000000
x22: 	0x00000000
x23: 	0x00000000
x24: 	0x00000000
x25: 	0x00000000
x26: 	0x00000000
x27: 	0x00000000
x28: 	0x00000000
x29: 	0x00000000
x30: 	0x00000000
x31: 	0x00000000

0x00002900	0x00000000	Unkown Instruction 

All Registers: 
x0: 	0x00000000
x1: 	0x00000000
x2: 	0x00000000
x3: 	0x00000000
x4: 	0x00000000
x5: 	0x00000000
x6: 	0x00000000
x7: 	0x00000000
x8: 	0x00000000
x9: 	0x00000000
x10: 	0x00000000
x11: 	0x00000000
x12: 	0x00000000
x13: 	0x00000000
x14: 	0x00000000
x15: 	0x00000000
x16: 	0x00000000
x17: 	0x00000000
x18: 	0x00000000
x19: 	0x00000000
x20: 	0x00000000
x21: 	0x00000000
x22: 	0x00000000
x23: 	0x00000000
x24: 	0x00000000
x25: 	0x00000000
x26: 	0x00000000
x27: 	0x00000000
x28: 	0x00000000
x29: 	0x00000000
x30: 	0x00000000
x31: 	0x00000000

0x00002904	0x00000000	Unkown Instruction 

All Registers: 
x0: 	0x00000000
x1: 	0x00000000
x2: 	0x00000000
x3: 	0x00000000
x4: 	0x00000000
x5: 	0x00000000
x6: 	0x00000000
x7: 	0x00000000
x8: 	0x00000000
x9: 	0x00000000
x10: 	0x00000000
x11: 	0x00000000
x12: 	0x00000000
x13: 	0x00000000
x14: 	0x00000000
x15: 	0x00000000
x16: 	0x00000000
x17: 	0x00000000
x18: 	0x00000000
x19: 	0x00000000
x20: 	0x00000000
x21: 	0x00000000
x22: 	0x00000000
x23: 	0x00000000
x24: 	0x00000000
x25: 	0x00000000
x26: 	0x00000000
x27: 	0x00000000
x28: 	0x00000000
x29: 	0x00000000
x30: 	0x00000000
x31: 	0x00000000

0x00002908	0x00000000	Unkown Instruction 

All Registers: 
x0: 	0x00000000
x1: 	0x00000000
x2: 	0x00000000
x3: 	0x00000000
x4: 	0x00000000
x5: 	0x00000000
x6: 	0x00000000
x7: 	0x00000000
x8: 	0x00000000
x9: 	0x00000000
x10: 	0x00000000
x11: 	0x00000000
x12: 	0x00000000
x13: 	0x00000000
x14: 	0x00000000
x15: 	0x00000000
x16: 	0x00000000
x17: 	0x00000000
x18: 	0x00000000
x19: 	0x00000000
x20: 	0x00000000
x21: 	0x00000000
x22: 	0x00000000
x23: 	0x00000000
x24: 	0x00000000
x25: 	0x00000000
x26: 	0x00000000
x27: 	0x00000000
x28: 	0x00000000
x29: 	0x00000000
x30: 	0x00000000
x31: 	0x00000000

0x0000290c	0x00000000	Unkown Instruction 

All Registers: 
x0: 	0x00000000
x1: 	0x00000000
x2: 	0x00000000
x3: 	0x00000000
x4: 	0x00000000
x5: 	0x00000000
x6: 	0x00000000
x7: 	0x00000000
x8: 	0x00000000
x9: 	0x00000000
x10: 	0x00000000
x11: 	0x00000000
x12: 	0x00000000
x13: 	0x00000000
x14: 	0x00000000
x15: 	0x00000000
x16: 	0x00000000
x17: 	0x00000000
x18: 	0x00000000
x19: 	0x00000000
x20: 	0x00000000
x21: 	0x00000000
x22: 	0x00000000
x23: 	0x00000000
x24: 	0x00000000
x25: 	0x00000000
x26: 	0x00000000
x27: 	0x00000000
x28: 	0x00000000
x29: 	0x00000000
x30: 	0x00000000
x31: 	0x00000000

0x00002910	0x00000000	Unkown Instruction 

All Registers: 
x0: 	0x00000000
x1: 	0x00000000
x2: 	0x00000000
x3: 	0x00000000
x4: 	0x00000000
x5: 	0x00000000
x6: 	0x00000000
x7: 	0x00000000
x8: 	0x00000000
x9: 	0x00000000
x10: 	0x00000000
x11: 	0x00000000
x12: 	0x00000000
x13: 	0x00000000
x14: 	0x00000000
x15: 	0x00000000
x16: 	0x00000000
x17: 	0x00000000
x18: 	0x00000000
x19: 	0x00000000
x20: 	0x00000000
x21: 	0x00000000
x22: 	0x00000000
x23: 	0x00000000
x24: 	0x00000000
x25: 	0x00000000
x26: 	0x00000000
x27: 	0x00000000
x28: 	0x00000000
x29: 	0x00000000
x30: 	0x00000000
x31: 	0x00000000

0x00002914	0x00000000	Unkown Instruction 

All Registers: 
x0: 	0x00000000
x1: 	0x00000000
x2: 	0x00000000
x3: 	0x00000000
x4: 	0x00000000
x5: 	0x00000000
x6: 	0x00000000
x7: 	0x00000000
x8: 	0x00000000
x9: 	0x00000000
x10: 	0x00000000
x11: 	0x00000000
x12: 	0x00000000
x13: 	0x00000000
x14: 	0x00000000
x15: 	0x00000000
x16: 	0x00000000
x17: 	0x00000000
x18: 	0x00000000
x19: 	0x00000000
x20: 	0x00000000
x21: 	0x00000000
x22: 	0x00000000
x23: 	0x00000000
x24: 	0x00000000
x25: 	0x00000000
x26: 	0x00000000
x27: 	0x00000000
x28: 	0x00000000
x29: 	0x00000000
x30: 	0x00000000
x31: 	0x00000000

0x00002918	0x00000000	Unkown Instruction 

All Registers: 
x0: 	0x00000000
x1: 	0x00000000
x2: 	0x00000000
x3: 	0x00000000
x4: 	0x00000000
x5: 	0x00000000
x6: 	0x00000000
x7: 	0x00000000
x8: 	0x00000000
x9: 	0x00000000
x10: 	0x00000000
x11: 	0x00000000
x12: 	0x00000000
x13: 	0x00000000
x14: 	0x00000000
x15: 	0x00000000
x16: 	0x00000000
x17: 	0x00000000
x18: 	0x00000000
x19: 	0x00000000
x20: 	0x00000000
x21: 	0x00000000
x22: 	0x00000000
x23: 	0x00000000
x24: 	0x00000000
x25: 	0x00000000
x26: 	0x00000000
x27: 	0x00000000
x28: 	0x00000000
x29: 	0x00000000
x30: 	0x00000000
x31: 	0x00000000

0x0000291c	0x00000000	Unkown Instruction 

All Registers: 
x0: 	0x00000000
x1: 	0x00000000
x2: 	0x00000000
x3: 	0x00000000
x4: 	0x00000000
x5: 	0x00000000
x6: 	0x00000000
x7: 	0x00000000
x8: 	0x00000000
x9: 	0x00000000
x10: 	0x00000000
x11: 	0x00000000
x12: 	0x00000000
x13: 	0x00000000
x14: 	0x00000000
x15: 	0x00000000
x16: 	0x00000000
x17: 	0x00000000
x18: 	0x00000000
x19: 	0x00000000
x20: 	0x00000000
x21: 	0x00000000
x22: 	0x00000000
x23: 	0x00000000
x24: 	0x00000000
x25: 	0x00000000
x26: 	0x00000000
x27: 	0x00000000
x28: 	0x00000000
x29: 	0x00000000
x30: 	0x00000000
x31: 	0x00000000

0x00002920	0x00000000	Unkown Instruction 

All Registers: 
x0: 	0x00000000
x1: 	0x00000000
x2: 	0x00000000
x3: 	0x00000000
x4: 	0x00000000
x5: 	0x00000000
x6: 	0x00000000
x7: 	0x00000000
x8: 	0x00000000
x9: 	0x00000000
x10: 	0x00000000
x11: 	0x00000000
x12: 	0x00000000
x13: 	0x00000000
x14: 	0x00000000
x15: 	0x00000000
x16: 	0x00000000
x17: 	0x00000000
x18: 	0x00000000
x19: 	0x00000000
x20: 	0x00000000
x21: 	0x00000000
x22: 	0x00000000
x23: 	0x00000000
x24: 	0x00000000
x25: 	0x00000000
x26: 	0x00000000
x27: 	0x00000000
x28: 	0x00000000
x29: 	0x00000000
x30: 	0x00000000
x31: 	0x00000000

0x00002924	0x00000000	Unkown Instruction 

All Registers: 
x0: 	0x00000000
x1: 	0x00000000
x2: 	0x00000000
x3: 	0x00000000
x4: 	0x00000000
x5: 	0x00000000
x6: 	0x00000000
x7: 	0x00000000
x8: 	0x00000000
x9: 	0x00000000
x10: 	0x00000000
x11: 	0x00000000
x12: 	0x00000000
x13: 	0x00000000
x14: 	0x00000000
x15: 	0x00000000
x16: 	0x00000000
x17: 	0x00000000
x18: 	0x00000000
x19: 	0x00000000
x20: 	0x00000000
x21: 	0x00000000
x22: 	0x00000000
x23: 	0x00000000
x24: 	0x00000000
x25: 	0x00000000
x26: 	0x00000000
x27: 	0x00000000
x28: 	0x00000000
x29: 	0x00000000
x30: 	0x00000000
x31: 	0x00000000

0x00002928	0x00000000	Unkown Instruction 

All Registers: 
x0: 	0x00000000
x1: 	0x00000000
x2: 	0x00000000
x3: 	0x00000000
x4: 	0x00000000
x5: 	0x00000000
x6: 	0x00000000
x7: 	0x00000000
x8: 	0x00000000
x9: 	0x00000000
x10: 	0x00000000
x11: 	0x00000000
x12: 	0x00000000
x13: 	0x00000000
x14: 	0x00000000
x15: 	0x00000000
x16: 	0x00000000
x17: 	0x00000000
x18: 	0x00000000
x19: 	0x00000000
x20: 	0x00000000
x21: 	0x00000000
x22: 	0x00000000
x23: 	0x00000000
x24: 	0x00000000
x25: 	0x00000000
x26: 	0x00000000
x27: 	0x00000000
x28: 	0x00000000
x29: 	0x00000000
x30: 	0x00000000
x31: 	0x00000000

0x0000292c	0x00000000	Unkown Instruction 

All Registers: 
x0: 	0x00000000
x1: 	0x00000000
x2: 	0x00000000
x3: 	0x00000000
x4: 	0x00000000
x5: 	0x00000000
x6: 	0x00000000
x7: 	0x00000000
x8: 	0x00000000
x9: 	0x00000000
x10: 	0x00000000
x11: 	0x00000000
x12: 	0x00000000
x13: 	0x00000000
x14: 	0x00000000
x15: 	0x00000000
x16: 	0x00000000
x17: 	0x00000000
x18: 	0x00000000
x19: 	0x00000000
x20: 	0x00000000
x21: 	0x00000000
x22: 	0x00000000
x23: 	0x00000000
x24: 	0x00000000
x25: 	0x00000000
x26: 	0x00000000
x27: 	0x00000000
x28: 	0x00000000
x29: 	0x00000000
x30: 	0x00000000
x31: 	0x00000000

0x00002930	0x00000000	Unkown Instruction 

All Registers: 
x0: 	0x00000000
x1: 	0x00000000
x2: 	0x00000000
x3: 	0x00000000
x4: 	0x00000000
x5: 	0x00000000
x6: 	0x00000000
x7: 	0x00000000
x8: 	0x00000000
x9: 	0x00000000
x10: 	0x00000000
x11: 	0x00000000
x12: 	0x00000000
x13: 	0x00000000
x14: 	0x00000000
x15: 	0x00000000
x16: 	0x00000000
x17: 	0x00000000
x18: 	0x00000000
x19: 	0x00000000
x20: 	0x00000000
x21: 	0x00000000
x22: 	0x00000000
x23: 	0x00000000
x24: 	0x00000000
x25: 	0x00000000
x26: 	0x00000000
x27: 	0x00000000
x28: 	0x00000000
x29: 	0x00000000
x30: 	0x00000000
x31: 	0x00000000

0x00002934	0x00000000	Unkown Instruction 

All Registers: 
x0: 	0x00000000
x1: 	0x00000000
x2: 	0x00000000
x3: 	0x00000000
x4: 	0x00000000
x5: 	0x00000000
x6: 	0x00000000
x7: 	0x00000000
x8: 	0x00000000
x9: 	0x00000000
x10: 	0x00000000
x11: 	0x00000000
x12: 	0x00000000
x13: 	0x00000000
x14: 	0x00000000
x15: 	0x00000000
x16: 	0x00000000
x17: 	0x00000000
x18: 	0x00000000
x19: 	0x00000000
x20: 	0x00000000
x21: 	0x00000000
x22: 	0x00000000
x23: 	0x00000000
x24: 	0x00000000
x25: 	0x00000000
x26: 	0x00000000
x27: 	0x00000000
x28: 	0x00000000
x29: 	0x00000000
x30: 	0x00000000
x31: 	0x00000000

0x00002938	0x00000000	Unkown Instruction 

All Registers: 
x0: 	0x00000000
x1: 	0x00000000
x2: 	0x00000000
x3: 	0x00000000
x4: 	0x00000000
x5: 	0x00000000
x6: 	0x00000000
x7: 	0x00000000
x8: 	0x00000000
x9: 	0x00000000
x10: 	0x00000000
x11: 	0x00000000
x12: 	0x00000000
x13: 	0x00000000
x14: 	0x00000000
x15: 	0x00000000
x16: 	0x00000000
x17: 	0x00000000
x18: 	0x00000000
x19: 	0x00000000
x20: 	0x00000000
x21: 	0x00000000
x22: 	0x00000000
x23: 	0x00000000
x24: 	0x00000000
x25: 	0x00000000
x26: 	0x00000000
x27: 	0x00000000
x28: 	0x00000000
x29: 	0x00000000
x30: 	0x00000000
x31: 	0x00000000

0x0000293c	0x00000000	Unkown Instruction 

All Registers: 
x0: 	0x00000000
x1: 	0x00000000
x2: 	0x00000000
x3: 	0x00000000
x4: 	0x00000000
x5: 	0x00000000
x6: 	0x00000000
x7: 	0x00000000
x8: 	0x00000000
x9: 	0x00000000
x10: 	0x00000000
x11: 	0x00000000
x12: 	0x00000000
x13: 	0x00000000
x14: 	0x00000000
x15: 	0x00000000
x16: 	0x00000000
x17: 	0x00000000
x18: 	0x00000000
x19: 	0x00000000
x20: 	0x00000000
x21: 	0x00000000
x22: 	0x00000000
x23: 	0x00000000
x24: 	0x00000000
x25: 	0x00000000
x26: 	0x00000000
x27: 	0x00000000
x28: 	0x00000000
x29: 	0x00000000
x30: 	0x00000000
x31: 	0x00000000

0x00002940	0x00000000	Unkown Instruction 

All Registers: 
x0: 	0x00000000
x1: 	0x00000000
x2: 	0x00000000
x3: 	0x00000000
x4: 	0x00000000
x5: 	0x00000000
x6: 	0x00000000
x7: 	0x00000000
x8: 	0x00000000
x9: 	0x00000000
x10: 	0x00000000
x11: 	0x00000000
x12: 	0x00000000
x13: 	0x00000000
x14: 	0x00000000
x15: 	0x00000000
x16: 	0x00000000
x17: 	0x00000000
x18: 	0x00000000
x19: 	0x00000000
x20: 	0x00000000
x21: 	0x00000000
x22: 	0x00000000
x23: 	0x00000000
x24: 	0x00000000
x25: 	0x00000000
x26: 	0x00000000
x27: 	0x00000000
x28: 	0x00000000
x29: 	0x00000000
x30: 	0x00000000
x31: 	0x00000000

0x00002944	0x00000000	Unkown Instruction 

All Registers: 
x0: 	0x00000000
x1: 	0x00000000
x2: 	0x00000000
x3: 	0x00000000
x4: 	0x00000000
x5: 	0x00000000
x6: 	0x00000000
x7: 	0x00000000
x8: 	0x00000000
x9: 	0x00000000
x10: 	0x00000000
x11: 	0x00000000
x12: 	0x00000000
x13: 	0x00000000
x14: 	0x00000000
x15: 	0x00000000
x16: 	0x00000000
x17: 	0x00000000
x18: 	0x00000000
x19: 	0x00000000
x20: 	0x00000000
x21: 	0x00000000
x22: 	0x00000000
x23: 	0x00000000
x24: 	0x00000000
x25: 	0x00000000
x26: 	0x00000000
x27: 	0x00000000
x28: 	0x00000000
x29: 	0x00000000
x30: 	0x00000000
x31: 	0x00000000

0x00002948	0x00000000	Unkown Instruction 

All Registers: 
x0: 	0x00000000
x1: 	0x00000000
x2: 	0x00000000
x3: 	0x00000000
x4: 	0x00000000
x5: 	0x00000000
x6: 	0x00000000
x7: 	0x00000000
x8: 	0x00000000
x9: 	0x00000000
x10: 	0x00000000
x11: 	0x00000000
x12: 	0x00000000
x13: 	0x00000000
x14: 	0x00000000
x15: 	0x00000000
x16: 	0x00000000
x17: 	0x00000000
x18: 	0x00000000
x19: 	0x00000000
x20: 	0x00000000
x21: 	0x00000000
x22: 	0x00000000
x23: 	0x00000000
x24: 	0x00000000
x25: 	0x00000000
x26: 	0x00000000
x27: 	0x00000000
x28: 	0x00000000
x29: 	0x00000000
x30: 	0x00000000
x31: 	0x00000000

0x0000294c	0x00000000	Unkown Instruction 

All Registers: 
x0: 	0x00000000
x1: 	0x00000000
x2: 	0x00000000
x3: 	0x00000000
x4: 	0x00000000
x5: 	0x00000000
x6: 	0x00000000
x7: 	0x00000000
x8: 	0x00000000
x9: 	0x00000000
x10: 	0x00000000
x11: 	0x00000000
x12: 	0x00000000
x13: 	0x00000000
x14: 	0x00000000
x15: 	0x00000000
x16: 	0x00000000
x17: 	0x00000000
x18: 	0x00000000
x19: 	0x00000000
x20: 	0x00000000
x21: 	0x00000000
x22: 	0x00000000
x23: 	0x00000000
x24: 	0x00000000
x25: 	0x00000000
x26: 	0x00000000
x27: 	0x00000000
x28: 	0x00000000
x29: 	0x00000000
x30: 	0x00000000
x31: 	0x00000000

0x00002950	0x00000000	Unkown Instruction 

All Registers: 
x0: 	0x00000000
x1: 	0x00000000
x2: 	0x00000000
x3: 	0x00000000
x4: 	0x00000000
x5: 	0x00000000
x6: 	0x00000000
x7: 	0x00000000
x8: 	0x00000000
x9: 	0x00000000
x10: 	0x00000000
x11: 	0x00000000
x12: 	0x00000000
x13: 	0x00000000
x14: 	0x00000000
x15: 	0x00000000
x16: 	0x00000000
x17: 	0x00000000
x18: 	0x00000000
x19: 	0x00000000
x20: 	0x00000000
x21: 	0x00000000
x22: 	0x00000000
x23: 	0x00000000
x24: 	0x00000000
x25: 	0x00000000
x26: 	0x00000000
x27: 	0x00000000
x28: 	0x00000000
x29: 	0x00000000
x30: 	0x00000000
x31: 	0x00000000

0x00002954	0x00000000	Unkown Instruction 

All Registers: 
x0: 	0x00000000
x1: 	0x00000000
x2: 	0x00000000
x3: 	0x00000000
x4: 	0x00000000
x5: 	0x00000000
x6: 	0x00000000
x7: 	0x00000000
x8: 	0x00000000
x9: 	0x00000000
x10: 	0x00000000
x11: 	0x00000000
x12: 	0x00000000
x13: 	0x00000000
x14: 	0x00000000
x15: 	0x00000000
x16: 	0x00000000
x17: 	0x00000000
x18: 	0x00000000
x19: 	0x00000000
x20: 	0x00000000
x21: 	0x00000000
x22: 	0x00000000
x23: 	0x00000000
x24: 	0x00000000
x25: 	0x00000000
x26: 	0x00000000
x27: 	0x00000000
x28: 	0x00000000
x29: 	0x00000000
x30: 	0x00000000
x31: 	0x00000000

0x00002958	0x00000000	Unkown Instruction 

All Registers: 
x0: 	0x00000000
x1: 	0x00000000
x2: 	0x00000000
x3: 	0x00000000
x4: 	0x00000000
x5: 	0x00000000
x6: 	0x00000000
x7: 	0x00000000
x8: 	0x00000000
x9: 	0x00000000
x10: 	0x00000000
x11: 	0x00000000
x12: 	0x00000000
x13: 	0x00000000
x14: 	0x00000000
x15: 	0x00000000
x16: 	0x00000000
x17: 	0x00000000
x18: 	0x00000000
x19: 	0x00000000
x20: 	0x00000000
x21: 	0x00000000
x22: 	0x00000000
x23: 	0x00000000
x24: 	0x00000000
x25: 	0x00000000
x26: 	0x00000000
x27: 	0x00000000
x28: 	0x00000000
x29: 	0x00000000
x30: 	0x00000000
x31: 	0x00000000

0x0000295c	0x00000000	Unkown Instruction 

All Registers: 
x0: 	0x00000000
x1: 	0x00000000
x2: 	0x00000000
x3: 	0x00000000
x4: 	0x00000000
x5: 	0x00000000
x6: 	0x00000000
x7: 	0x00000000
x8: 	0x00000000
x9: 	0x00000000
x10: 	0x00000000
x11: 	0x00000000
x12: 	0x00000000
x13: 	0x00000000
x14: 	0x00000000
x15: 	0x00000000
x16: 	0x00000000
x17: 	0x00000000
x18: 	0x00000000
x19: 	0x00000000
x20: 	0x00000000
x21: 	0x00000000
x22: 	0x00000000
x23: 	0x00000000
x24: 	0x00000000
x25: 	0x00000000
x26: 	0x00000000
x27: 	0x00000000
x28: 	0x00000000
x29: 	0x00000000
x30: 	0x00000000
x31: 	0x00000000

0x00002960	0x00000000	Unkown Instruction 

All Registers: 
x0: 	0x00000000
x1: 	0x00000000
x2: 	0x00000000
x3: 	0x00000000
x4: 	0x00000000
x5: 	0x00000000
x6: 	0x00000000
x7: 	0x00000000
x8: 	0x00000000
x9: 	0x00000000
x10: 	0x00000000
x11: 	0x00000000
x12: 	0x00000000
x13: 	0x00000000
x14: 	0x00000000
x15: 	0x00000000
x16: 	0x00000000
x17: 	0x00000000
x18: 	0x00000000
x19: 	0x00000000
x20: 	0x00000000
x21: 	0x00000000
x22: 	0x00000000
x23: 	0x00000000
x24: 	0x00000000
x25: 	0x00000000
x26: 	0x00000000
x27: 	0x00000000
x28: 	0x00000000
x29: 	0x00000000
x30: 	0x00000000
x31: 	0x00000000

0x00002964	0x00000000	Unkown Instruction 

All Registers: 
x0: 	0x00000000
x1: 	0x00000000
x2: 	0x00000000
x3: 	0x00000000
x4: 	0x00000000
x5: 	0x00000000
x6: 	0x00000000
x7: 	0x00000000
x8: 	0x00000000
x9: 	0x00000000
x10: 	0x00000000
x11: 	0x00000000
x12: 	0x00000000
x13: 	0x00000000
x14: 	0x00000000
x15: 	0x00000000
x16: 	0x00000000
x17: 	0x00000000
x18: 	0x00000000
x19: 	0x00000000
x20: 	0x00000000
x21: 	0x00000000
x22: 	0x00000000
x23: 	0x00000000
x24: 	0x00000000
x25: 	0x00000000
x26: 	0x00000000
x27: 	0x00000000
x28: 	0x00000000
x29: 	0x00000000
x30: 	0x00000000
x31: 	0x00000000

0x00002968	0x00000000	Unkown Instruction 

All Registers: 
x0: 	0x00000000
x1: 	0x00000000
x2: 	0x00000000
x3: 	0x00000000
x4: 	0x00000000
x5: 	0x00000000
x6: 	0x00000000
x7: 	0x00000000
x8: 	0x00000000
x9: 	0x00000000
x10: 	0x00000000
x11: 	0x00000000
x12: 	0x00000000
x13: 	0x00000000
x14: 	0x00000000
x15: 	0x00000000
x16: 	0x00000000
x17: 	0x00000000
x18: 	0x00000000
x19: 	0x00000000
x20: 	0x00000000
x21: 	0x00000000
x22: 	0x00000000
x23: 	0x00000000
x24: 	0x00000000
x25: 	0x00000000
x26: 	0x00000000
x27: 	0x00000000
x28: 	0x00000000
x29: 	0x00000000
x30: 	0x00000000
x31: 	0x00000000

0x0000296c	0x00000000	Unkown Instruction 

All Registers: 
x0: 	0x00000000
x1: 	0x00000000
x2: 	0x00000000
x3: 	0x00000000
x4: 	0x00000000
x5: 	0x00000000
x6: 	0x00000000
x7: 	0x00000000
x8: 	0x00000000
x9: 	0x00000000
x10: 	0x00000000
x11: 	0x00000000
x12: 	0x00000000
x13: 	0x00000000
x14: 	0x00000000
x15: 	0x00000000
x16: 	0x00000000
x17: 	0x00000000
x18: 	0x00000000
x19: 	0x00000000
x20: 	0x00000000
x21: 	0x00000000
x22: 	0x00000000
x23: 	0x00000000
x24: 	0x00000000
x25: 	0x00000000
x26: 	0x00000000
x27: 	0x00000000
x28: 	0x00000000
x29: 	0x00000000
x30: 	0x00000000
x31: 	0x00000000

0x00002970	0x00000000	Unkown Instruction 

All Registers: 
x0: 	0x00000000
x1: 	0x00000000
x2: 	0x00000000
x3: 	0x00000000
x4: 	0x00000000
x5: 	0x00000000
x6: 	0x00000000
x7: 	0x00000000
x8: 	0x00000000
x9: 	0x00000000
x10: 	0x00000000
x11: 	0x00000000
x12: 	0x00000000
x13: 	0x00000000
x14: 	0x00000000
x15: 	0x00000000
x16: 	0x00000000
x17: 	0x00000000
x18: 	0x00000000
x19: 	0x00000000
x20: 	0x00000000
x21: 	0x00000000
x22: 	0x00000000
x23: 	0x00000000
x24: 	0x00000000
x25: 	0x00000000
x26: 	0x00000000
x27: 	0x00000000
x28: 	0x00000000
x29: 	0x00000000
x30: 	0x00000000
x31: 	0x00000000

0x00002974	0x00000000	Unkown Instruction 

All Registers: 
x0: 	0x00000000
x1: 	0x00000000
x2: 	0x00000000
x3: 	0x00000000
x4: 	0x00000000
x5: 	0x00000000
x6: 	0x00000000
x7: 	0x00000000
x8: 	0x00000000
x9: 	0x00000000
x10: 	0x00000000
x11: 	0x00000000
x12: 	0x00000000
x13: 	0x00000000
x14: 	0x00000000
x15: 	0x00000000
x16: 	0x00000000
x17: 	0x00000000
x18: 	0x00000000
x19: 	0x00000000
x20: 	0x00000000
x21: 	0x00000000
x22: 	0x00000000
x23: 	0x00000000
x24: 	0x00000000
x25: 	0x00000000
x26: 	0x00000000
x27: 	0x00000000
x28: 	0x00000000
x29: 	0x00000000
x30: 	0x00000000
x31: 	0x00000000

0x00002978	0x00000000	Unkown Instruction 

All Registers: 
x0: 	0x00000000
x1: 	0x00000000
x2: 	0x00000000
x3: 	0x00000000
x4: 	0x00000000
x5: 	0x00000000
x6: 	0x00000000
x7: 	0x00000000
x8: 	0x00000000
x9: 	0x00000000
x10: 	0x00000000
x11: 	0x00000000
x12: 	0x00000000
x13: 	0x00000000
x14: 	0x00000000
x15: 	0x00000000
x16: 	0x00000000
x17: 	0x00000000
x18: 	0x00000000
x19: 	0x00000000
x20: 	0x00000000
x21: 	0x00000000
x22: 	0x00000000
x23: 	0x00000000
x24: 	0x00000000
x25: 	0x00000000
x26: 	0x00000000
x27: 	0x00000000
x28: 	0x00000000
x29: 	0x00000000
x30: 	0x00000000
x31: 	0x00000000

0x0000297c	0x00000000	Unkown Instruction 

All Registers: 
x0: 	0x00000000
x1: 	0x00000000
x2: 	0x00000000
x3: 	0x00000000
x4: 	0x00000000
x5: 	0x00000000
x6: 	0x00000000
x7: 	0x00000000
x8: 	0x00000000
x9: 	0x00000000
x10: 	0x00000000
x11: 	0x00000000
x12: 	0x00000000
x13: 	0x00000000
x14: 	0x00000000
x15: 	0x00000000
x16: 	0x00000000
x17: 	0x00000000
x18: 	0x00000000
x19: 	0x00000000
x20: 	0x00000000
x21: 	0x00000000
x22: 	0x00000000
x23: 	0x00000000
x24: 	0x00000000
x25: 	0x00000000
x26: 	0x00000000
x27: 	0x00000000
x28: 	0x00000000
x29: 	0x00000000
x30: 	0x00000000
x31: 	0x00000000

0x00002980	0x00000000	Unkown Instruction 

All Registers: 
x0: 	0x00000000
x1: 	0x00000000
x2: 	0x00000000
x3: 	0x00000000
x4: 	0x00000000
x5: 	0x00000000
x6: 	0x00000000
x7: 	0x00000000
x8: 	0x00000000
x9: 	0x00000000
x10: 	0x00000000
x11: 	0x00000000
x12: 	0x00000000
x13: 	0x00000000
x14: 	0x00000000
x15: 	0x00000000
x16: 	0x00000000
x17: 	0x00000000
x18: 	0x00000000
x19: 	0x00000000
x20: 	0x00000000
x21: 	0x00000000
x22: 	0x00000000
x23: 	0x00000000
x24: 	0x00000000
x25: 	0x00000000
x26: 	0x00000000
x27: 	0x00000000
x28: 	0x00000000
x29: 	0x00000000
x30: 	0x00000000
x31: 	0x00000000

0x00002984	0x00000000	Unkown Instruction 

All Registers: 
x0: 	0x00000000
x1: 	0x00000000
x2: 	0x00000000
x3: 	0x00000000
x4: 	0x00000000
x5: 	0x00000000
x6: 	0x00000000
x7: 	0x00000000
x8: 	0x00000000
x9: 	0x00000000
x10: 	0x00000000
x11: 	0x00000000
x12: 	0x00000000
x13: 	0x00000000
x14: 	0x00000000
x15: 	0x00000000
x16: 	0x00000000
x17: 	0x00000000
x18: 	0x00000000
x19: 	0x00000000
x20: 	0x00000000
x21: 	0x00000000
x22: 	0x00000000
x23: 	0x00000000
x24: 	0x00000000
x25: 	0x00000000
x26: 	0x00000000
x27: 	0x00000000
x28: 	0x00000000
x29: 	0x00000000
x30: 	0x00000000
x31: 	0x00000000

0x00002988	0x00000000	Unkown Instruction 

All Registers: 
x0: 	0x00000000
x1: 	0x00000000
x2: 	0x00000000
x3: 	0x00000000
x4: 	0x00000000
x5: 	0x00000000
x6: 	0x00000000
x7: 	0x00000000
x8: 	0x00000000
x9: 	0x00000000
x10: 	0x00000000
x11: 	0x00000000
x12: 	0x00000000
x13: 	0x00000000
x14: 	0x00000000
x15: 	0x00000000
x16: 	0x00000000
x17: 	0x00000000
x18: 	0x00000000
x19: 	0x00000000
x20: 	0x00000000
x21: 	0x00000000
x22: 	0x00000000
x23: 	0x00000000
x24: 	0x00000000
x25: 	0x00000000
x26: 	0x00000000
x27: 	0x00000000
x28: 	0x00000000
x29: 	0x00000000
x30: 	0x00000000
x31: 	0x00000000

0x0000298c	0x00000000	Unkown Instruction 

All Registers: 
x0: 	0x00000000
x1: 	0x00000000
x2: 	0x00000000
x3: 	0x00000000
x4: 	0x00000000
x5: 	0x00000000
x6: 	0x00000000
x7: 	0x00000000
x8: 	0x00000000
x9: 	0x00000000
x10: 	0x00000000
x11: 	0x00000000
x12: 	0x00000000
x13: 	0x00000000
x14: 	0x00000000
x15: 	0x00000000
x16: 	0x00000000
x17: 	0x00000000
x18: 	0x00000000
x19: 	0x00000000
x20: 	0x00000000
x21: 	0x00000000
x22: 	0x00000000
x23: 	0x00000000
x24: 	0x00000000
x25: 	0x00000000
x26: 	0x00000000
x27: 	0x00000000
x28: 	0x00000000
x29: 	0x00000000
x30: 	0x00000000
x31: 	0x00000000

0x00002990	0x00000000	Unkown Instruction 

All Registers: 
x0: 	0x00000000
x1: 	0x00000000
x2: 	0x00000000
x3: 	0x00000000
x4: 	0x00000000
x5: 	0x00000000
x6: 	0x00000000
x7: 	0x00000000
x8: 	0x00000000
x9: 	0x00000000
x10: 	0x00000000
x11: 	0x00000000
x12: 	0x00000000
x13: 	0x00000000
x14: 	0x00000000
x15: 	0x00000000
x16: 	0x00000000
x17: 	0x00000000
x18: 	0x00000000
x19: 	0x00000000
x20: 	0x00000000
x21: 	0x00000000
x22: 	0x00000000
x23: 	0x00000000
x24: 	0x00000000
x25: 	0x00000000
x26: 	0x00000000
x27: 	0x00000000
x28: 	0x00000000
x29: 	0x00000000
x30: 	0x00000000
x31: 	0x00000000

0x00002994	0x00000000	Unkown Instruction 

All Registers: 
x0: 	0x00000000
x1: 	0x00000000
x2: 	0x00000000
x3: 	0x00000000
x4: 	0x00000000
x5: 	0x00000000
x6: 	0x00000000
x7: 	0x00000000
x8: 	0x00000000
x9: 	0x00000000
x10: 	0x00000000
x11: 	0x00000000
x12: 	0x00000000
x13: 	0x00000000
x14: 	0x00000000
x15: 	0x00000000
x16: 	0x00000000
x17: 	0x00000000
x18: 	0x00000000
x19: 	0x00000000
x20: 	0x00000000
x21: 	0x00000000
x22: 	0x00000000
x23: 	0x00000000
x24: 	0x00000000
x25: 	0x00000000
x26: 	0x00000000
x27: 	0x00000000
x28: 	0x00000000
x29: 	0x00000000
x30: 	0x00000000
x31: 	0x00000000

0x00002998	0x00000000	Unkown Instruction 

All Registers: 
x0: 	0x00000000
x1: 	0x00000000
x2: 	0x00000000
x3: 	0x00000000
x4: 	0x00000000
x5: 	0x00000000
x6: 	0x00000000
x7: 	0x00000000
x8: 	0x00000000
x9: 	0x00000000
x10: 	0x00000000
x11: 	0x00000000
x12: 	0x00000000
x13: 	0x00000000
x14: 	0x00000000
x15: 	0x00000000
x16: 	0x00000000
x17: 	0x00000000
x18: 	0x00000000
x19: 	0x00000000
x20: 	0x00000000
x21: 	0x00000000
x22: 	0x00000000
x23: 	0x00000000
x24: 	0x00000000
x25: 	0x00000000
x26: 	0x00000000
x27: 	0x00000000
x28: 	0x00000000
x29: 	0x00000000
x30: 	0x00000000
x31: 	0x00000000

0x0000299c	0x00000000	Unkown Instruction 

All Registers: 
x0: 	0x00000000
x1: 	0x00000000
x2: 	0x00000000
x3: 	0x00000000
x4: 	0x00000000
x5: 	0x00000000
x6: 	0x00000000
x7: 	0x00000000
x8: 	0x00000000
x9: 	0x00000000
x10: 	0x00000000
x11: 	0x00000000
x12: 	0x00000000
x13: 	0x00000000
x14: 	0x00000000
x15: 	0x00000000
x16: 	0x00000000
x17: 	0x00000000
x18: 	0x00000000
x19: 	0x00000000
x20: 	0x00000000
x21: 	0x00000000
x22: 	0x00000000
x23: 	0x00000000
x24: 	0x00000000
x25: 	0x00000000
x26: 	0x00000000
x27: 	0x00000000
x28: 	0x00000000
x29: 	0x00000000
x30: 	0x00000000
x31: 	0x00000000

0x000029a0	0x00000000	Unkown Instruction 

All Registers: 
x0: 	0x00000000
x1: 	0x00000000
x2: 	0x00000000
x3: 	0x00000000
x4: 	0x00000000
x5: 	0x00000000
x6: 	0x00000000
x7: 	0x00000000
x8: 	0x00000000
x9: 	0x00000000
x10: 	0x00000000
x11: 	0x00000000
x12: 	0x00000000
x13: 	0x00000000
x14: 	0x00000000
x15: 	0x00000000
x16: 	0x00000000
x17: 	0x00000000
x18: 	0x00000000
x19: 	0x00000000
x20: 	0x00000000
x21: 	0x00000000
x22: 	0x00000000
x23: 	0x00000000
x24: 	0x00000000
x25: 	0x00000000
x26: 	0x00000000
x27: 	0x00000000
x28: 	0x00000000
x29: 	0x00000000
x30: 	0x00000000
x31: 	0x00000000

0x000029a4	0x00000000	Unkown Instruction 

All Registers: 
x0: 	0x00000000
x1: 	0x00000000
x2: 	0x00000000
x3: 	0x00000000
x4: 	0x00000000
x5: 	0x00000000
x6: 	0x00000000
x7: 	0x00000000
x8: 	0x00000000
x9: 	0x00000000
x10: 	0x00000000
x11: 	0x00000000
x12: 	0x00000000
x13: 	0x00000000
x14: 	0x00000000
x15: 	0x00000000
x16: 	0x00000000
x17: 	0x00000000
x18: 	0x00000000
x19: 	0x00000000
x20: 	0x00000000
x21: 	0x00000000
x22: 	0x00000000
x23: 	0x00000000
x24: 	0x00000000
x25: 	0x00000000
x26: 	0x00000000
x27: 	0x00000000
x28: 	0x00000000
x29: 	0x00000000
x30: 	0x00000000
x31: 	0x00000000

0x000029a8	0x00000000	Unkown Instruction 

All Registers: 
x0: 	0x00000000
x1: 	0x00000000
x2: 	0x00000000
x3: 	0x00000000
x4: 	0x00000000
x5: 	0x00000000
x6: 	0x00000000
x7: 	0x00000000
x8: 	0x00000000
x9: 	0x00000000
x10: 	0x00000000
x11: 	0x00000000
x12: 	0x00000000
x13: 	0x00000000
x14: 	0x00000000
x15: 	0x00000000
x16: 	0x00000000
x17: 	0x00000000
x18: 	0x00000000
x19: 	0x00000000
x20: 	0x00000000
x21: 	0x00000000
x22: 	0x00000000
x23: 	0x00000000
x24: 	0x00000000
x25: 	0x00000000
x26: 	0x00000000
x27: 	0x00000000
x28: 	0x00000000
x29: 	0x00000000
x30: 	0x00000000
x31: 	0x00000000

0x000029ac	0x00000000	Unkown Instruction 

All Registers: 
x0: 	0x00000000
x1: 	0x00000000
x2: 	0x00000000
x3: 	0x00000000
x4: 	0x00000000
x5: 	0x00000000
x6: 	0x00000000
x7: 	0x00000000
x8: 	0x00000000
x9: 	0x00000000
x10: 	0x00000000
x11: 	0x00000000
x12: 	0x00000000
x13: 	0x00000000
x14: 	0x00000000
x15: 	0x00000000
x16: 	0x00000000
x17: 	0x00000000
x18: 	0x00000000
x19: 	0x00000000
x20: 	0x00000000
x21: 	0x00000000
x22: 	0x00000000
x23: 	0x00000000
x24: 	0x00000000
x25: 	0x00000000
x26: 	0x00000000
x27: 	0x00000000
x28: 	0x00000000
x29: 	0x00000000
x30: 	0x00000000
x31: 	0x00000000

0x000029b0	0x00000000	Unkown Instruction 

All Registers: 
x0: 	0x00000000
x1: 	0x00000000
x2: 	0x00000000
x3: 	0x00000000
x4: 	0x00000000
x5: 	0x00000000
x6: 	0x00000000
x7: 	0x00000000
x8: 	0x00000000
x9: 	0x00000000
x10: 	0x00000000
x11: 	0x00000000
x12: 	0x00000000
x13: 	0x00000000
x14: 	0x00000000
x15: 	0x00000000
x16: 	0x00000000
x17: 	0x00000000
x18: 	0x00000000
x19: 	0x00000000
x20: 	0x00000000
x21: 	0x00000000
x22: 	0x00000000
x23: 	0x00000000
x24: 	0x00000000
x25: 	0x00000000
x26: 	0x00000000
x27: 	0x00000000
x28: 	0x00000000
x29: 	0x00000000
x30: 	0x00000000
x31: 	0x00000000

0x000029b4	0x00000000	Unkown Instruction 

All Registers: 
x0: 	0x00000000
x1: 	0x00000000
x2: 	0x00000000
x3: 	0x00000000
x4: 	0x00000000
x5: 	0x00000000
x6: 	0x00000000
x7: 	0x00000000
x8: 	0x00000000
x9: 	0x00000000
x10: 	0x00000000
x11: 	0x00000000
x12: 	0x00000000
x13: 	0x00000000
x14: 	0x00000000
x15: 	0x00000000
x16: 	0x00000000
x17: 	0x00000000
x18: 	0x00000000
x19: 	0x00000000
x20: 	0x00000000
x21: 	0x00000000
x22: 	0x00000000
x23: 	0x00000000
x24: 	0x00000000
x25: 	0x00000000
x26: 	0x00000000
x27: 	0x00000000
x28: 	0x00000000
x29: 	0x00000000
x30: 	0x00000000
x31: 	0x00000000

0x000029b8	0x00000000	Unkown Instruction 

All Registers: 
x0: 	0x00000000
x1: 	0x00000000
x2: 	0x00000000
x3: 	0x00000000
x4: 	0x00000000
x5: 	0x00000000
x6: 	0x00000000
x7: 	0x00000000
x8: 	0x00000000
x9: 	0x00000000
x10: 	0x00000000
x11: 	0x00000000
x12: 	0x00000000
x13: 	0x00000000
x14: 	0x00000000
x15: 	0x00000000
x16: 	0x00000000
x17: 	0x00000000
x18: 	0x00000000
x19: 	0x00000000
x20: 	0x00000000
x21: 	0x00000000
x22: 	0x00000000
x23: 	0x00000000
x24: 	0x00000000
x25: 	0x00000000
x26: 	0x00000000
x27: 	0x00000000
x28: 	0x00000000
x29: 	0x00000000
x30: 	0x00000000
x31: 	0x00000000

0x000029bc	0x00000000	Unkown Instruction 

All Registers: 
x0: 	0x00000000
x1: 	0x00000000
x2: 	0x00000000
x3: 	0x00000000
x4: 	0x00000000
x5: 	0x00000000
x6: 	0x00000000
x7: 	0x00000000
x8: 	0x00000000
x9: 	0x00000000
x10: 	0x00000000
x11: 	0x00000000
x12: 	0x00000000
x13: 	0x00000000
x14: 	0x00000000
x15: 	0x00000000
x16: 	0x00000000
x17: 	0x00000000
x18: 	0x00000000
x19: 	0x00000000
x20: 	0x00000000
x21: 	0x00000000
x22: 	0x00000000
x23: 	0x00000000
x24: 	0x00000000
x25: 	0x00000000
x26: 	0x00000000
x27: 	0x00000000
x28: 	0x00000000
x29: 	0x00000000
x30: 	0x00000000
x31: 	0x00000000

0x000029c0	0x00000000	Unkown Instruction 

All Registers: 
x0: 	0x00000000
x1: 	0x00000000
x2: 	0x00000000
x3: 	0x00000000
x4: 	0x00000000
x5: 	0x00000000
x6: 	0x00000000
x7: 	0x00000000
x8: 	0x00000000
x9: 	0x00000000
x10: 	0x00000000
x11: 	0x00000000
x12: 	0x00000000
x13: 	0x00000000
x14: 	0x00000000
x15: 	0x00000000
x16: 	0x00000000
x17: 	0x00000000
x18: 	0x00000000
x19: 	0x00000000
x20: 	0x00000000
x21: 	0x00000000
x22: 	0x00000000
x23: 	0x00000000
x24: 	0x00000000
x25: 	0x00000000
x26: 	0x00000000
x27: 	0x00000000
x28: 	0x00000000
x29: 	0x00000000
x30: 	0x00000000
x31: 	0x00000000

0x000029c4	0x00000000	Unkown Instruction 

All Registers: 
x0: 	0x00000000
x1: 	0x00000000
x2: 	0x00000000
x3: 	0x00000000
x4: 	0x00000000
x5: 	0x00000000
x6: 	0x00000000
x7: 	0x00000000
x8: 	0x00000000
x9: 	0x00000000
x10: 	0x00000000
x11: 	0x00000000
x12: 	0x00000000
x13: 	0x00000000
x14: 	0x00000000
x15: 	0x00000000
x16: 	0x00000000
x17: 	0x00000000
x18: 	0x00000000
x19: 	0x00000000
x20: 	0x00000000
x21: 	0x00000000
x22: 	0x00000000
x23: 	0x00000000
x24: 	0x00000000
x25: 	0x00000000
x26: 	0x00000000
x27: 	0x00000000
x28: 	0x00000000
x29: 	0x00000000
x30: 	0x00000000
x31: 	0x00000000

0x000029c8	0x00000000	Unkown Instruction 

All Registers: 
x0: 	0x00000000
x1: 	0x00000000
x2: 	0x00000000
x3: 	0x00000000
x4: 	0x00000000
x5: 	0x00000000
x6: 	0x00000000
x7: 	0x00000000
x8: 	0x00000000
x9: 	0x00000000
x10: 	0x00000000
x11: 	0x00000000
x12: 	0x00000000
x13: 	0x00000000
x14: 	0x00000000
x15: 	0x00000000
x16: 	0x00000000
x17: 	0x00000000
x18: 	0x00000000
x19: 	0x00000000
x20: 	0x00000000
x21: 	0x00000000
x22: 	0x00000000
x23: 	0x00000000
x24: 	0x00000000
x25: 	0x00000000
x26: 	0x00000000
x27: 	0x00000000
x28: 	0x00000000
x29: 	0x00000000
x30: 	0x00000000
x31: 	0x00000000

0x000029cc	0x00000000	Unkown Instruction 

All Registers: 
x0: 	0x00000000
x1: 	0x00000000
x2: 	0x00000000
x3: 	0x00000000
x4: 	0x00000000
x5: 	0x00000000
x6: 	0x00000000
x7: 	0x00000000
x8: 	0x00000000
x9: 	0x00000000
x10: 	0x00000000
x11: 	0x00000000
x12: 	0x00000000
x13: 	0x00000000
x14: 	0x00000000
x15: 	0x00000000
x16: 	0x00000000
x17: 	0x00000000
x18: 	0x00000000
x19: 	0x00000000
x20: 	0x00000000
x21: 	0x00000000
x22: 	0x00000000
x23: 	0x00000000
x24: 	0x00000000
x25: 	0x00000000
x26: 	0x00000000
x27: 	0x00000000
x28: 	0x00000000
x29: 	0x00000000
x30: 	0x00000000
x31: 	0x00000000

0x000029d0	0x00000000	Unkown Instruction 

All Registers: 
x0: 	0x00000000
x1: 	0x00000000
x2: 	0x00000000
x3: 	0x00000000
x4: 	0x00000000
x5: 	0x00000000
x6: 	0x00000000
x7: 	0x00000000
x8: 	0x00000000
x9: 	0x00000000
x10: 	0x00000000
x11: 	0x00000000
x12: 	0x00000000
x13: 	0x00000000
x14: 	0x00000000
x15: 	0x00000000
x16: 	0x00000000
x17: 	0x00000000
x18: 	0x00000000
x19: 	0x00000000
x20: 	0x00000000
x21: 	0x00000000
x22: 	0x00000000
x23: 	0x00000000
x24: 	0x00000000
x25: 	0x00000000
x26: 	0x00000000
x27: 	0x00000000
x28: 	0x00000000
x29: 	0x00000000
x30: 	0x00000000
x31: 	0x00000000

0x000029d4	0x00000000	Unkown Instruction 

All Registers: 
x0: 	0x00000000
x1: 	0x00000000
x2: 	0x00000000
x3: 	0x00000000
x4: 	0x00000000
x5: 	0x00000000
x6: 	0x00000000
x7: 	0x00000000
x8: 	0x00000000
x9: 	0x00000000
x10: 	0x00000000
x11: 	0x00000000
x12: 	0x00000000
x13: 	0x00000000
x14: 	0x00000000
x15: 	0x00000000
x16: 	0x00000000
x17: 	0x00000000
x18: 	0x00000000
x19: 	0x00000000
x20: 	0x00000000
x21: 	0x00000000
x22: 	0x00000000
x23: 	0x00000000
x24: 	0x00000000
x25: 	0x00000000
x26: 	0x00000000
x27: 	0x00000000
x28: 	0x00000000
x29: 	0x00000000
x30: 	0x00000000
x31: 	0x00000000

0x000029d8	0x00000000	Unkown Instruction 

All Registers: 
x0: 	0x00000000
x1: 	0x00000000
x2: 	0x00000000
x3: 	0x00000000
x4: 	0x00000000
x5: 	0x00000000
x6: 	0x00000000
x7: 	0x00000000
x8: 	0x00000000
x9: 	0x00000000
x10: 	0x00000000
x11: 	0x00000000
x12: 	0x00000000
x13: 	0x00000000
x14: 	0x00000000
x15: 	0x00000000
x16: 	0x00000000
x17: 	0x00000000
x18: 	0x00000000
x19: 	0x00000000
x20: 	0x00000000
x21: 	0x00000000
x22: 	0x00000000
x23: 	0x00000000
x24: 	0x00000000
x25: 	0x00000000
x26: 	0x00000000
x27: 	0x00000000
x28: 	0x00000000
x29: 	0x00000000
x30: 	0x00000000
x31: 	0x00000000

0x000029dc	0x00000000	Unkown Instruction 

All Registers: 
x0: 	0x00000000
x1: 	0x00000000
x2: 	0x00000000
x3: 	0x00000000
x4: 	0x00000000
x5: 	0x00000000
x6: 	0x00000000
x7: 	0x00000000
x8: 	0x00000000
x9: 	0x00000000
x10: 	0x00000000
x11: 	0x00000000
x12: 	0x00000000
x13: 	0x00000000
x14: 	0x00000000
x15: 	0x00000000
x16: 	0x00000000
x17: 	0x00000000
x18: 	0x00000000
x19: 	0x00000000
x20: 	0x00000000
x21: 	0x00000000
x22: 	0x00000000
x23: 	0x00000000
x24: 	0x00000000
x25: 	0x00000000
x26: 	0x00000000
x27: 	0x00000000
x28: 	0x00000000
x29: 	0x00000000
x30: 	0x00000000
x31: 	0x00000000

0x000029e0	0x00000000	Unkown Instruction 

All Registers: 
x0: 	0x00000000
x1: 	0x00000000
x2: 	0x00000000
x3: 	0x00000000
x4: 	0x00000000
x5: 	0x00000000
x6: 	0x00000000
x7: 	0x00000000
x8: 	0x00000000
x9: 	0x00000000
x10: 	0x00000000
x11: 	0x00000000
x12: 	0x00000000
x13: 	0x00000000
x14: 	0x00000000
x15: 	0x00000000
x16: 	0x00000000
x17: 	0x00000000
x18: 	0x00000000
x19: 	0x00000000
x20: 	0x00000000
x21: 	0x00000000
x22: 	0x00000000
x23: 	0x00000000
x24: 	0x00000000
x25: 	0x00000000
x26: 	0x00000000
x27: 	0x00000000
x28: 	0x00000000
x29: 	0x00000000
x30: 	0x00000000
x31: 	0x00000000

0x000029e4	0x00000000	Unkown Instruction 

All Registers: 
x0: 	0x00000000
x1: 	0x00000000
x2: 	0x00000000
x3: 	0x00000000
x4: 	0x00000000
x5: 	0x00000000
x6: 	0x00000000
x7: 	0x00000000
x8: 	0x00000000
x9: 	0x00000000
x10: 	0x00000000
x11: 	0x00000000
x12: 	0x00000000
x13: 	0x00000000
x14: 	0x00000000
x15: 	0x00000000
x16: 	0x00000000
x17: 	0x00000000
x18: 	0x00000000
x19: 	0x00000000
x20: 	0x00000000
x21: 	0x00000000
x22: 	0x00000000
x23: 	0x00000000
x24: 	0x00000000
x25: 	0x00000000
x26: 	0x00000000
x27: 	0x00000000
x28: 	0x00000000
x29: 	0x00000000
x30: 	0x00000000
x31: 	0x00000000

0x000029e8	0x00000000	Unkown Instruction 

All Registers: 
x0: 	0x00000000
x1: 	0x00000000
x2: 	0x00000000
x3: 	0x00000000
x4: 	0x00000000
x5: 	0x00000000
x6: 	0x00000000
x7: 	0x00000000
x8: 	0x00000000
x9: 	0x00000000
x10: 	0x00000000
x11: 	0x00000000
x12: 	0x00000000
x13: 	0x00000000
x14: 	0x00000000
x15: 	0x00000000
x16: 	0x00000000
x17: 	0x00000000
x18: 	0x00000000
x19: 	0x00000000
x20: 	0x00000000
x21: 	0x00000000
x22: 	0x00000000
x23: 	0x00000000
x24: 	0x00000000
x25: 	0x00000000
x26: 	0x00000000
x27: 	0x00000000
x28: 	0x00000000
x29: 	0x00000000
x30: 	0x00000000
x31: 	0x00000000

0x000029ec	0x00000000	Unkown Instruction 

All Registers: 
x0: 	0x00000000
x1: 	0x00000000
x2: 	0x00000000
x3: 	0x00000000
x4: 	0x00000000
x5: 	0x00000000
x6: 	0x00000000
x7: 	0x00000000
x8: 	0x00000000
x9: 	0x00000000
x10: 	0x00000000
x11: 	0x00000000
x12: 	0x00000000
x13: 	0x00000000
x14: 	0x00000000
x15: 	0x00000000
x16: 	0x00000000
x17: 	0x00000000
x18: 	0x00000000
x19: 	0x00000000
x20: 	0x00000000
x21: 	0x00000000
x22: 	0x00000000
x23: 	0x00000000
x24: 	0x00000000
x25: 	0x00000000
x26: 	0x00000000
x27: 	0x00000000
x28: 	0x00000000
x29: 	0x00000000
x30: 	0x00000000
x31: 	0x00000000

0x000029f0	0x00000000	Unkown Instruction 

All Registers: 
x0: 	0x00000000
x1: 	0x00000000
x2: 	0x00000000
x3: 	0x00000000
x4: 	0x00000000
x5: 	0x00000000
x6: 	0x00000000
x7: 	0x00000000
x8: 	0x00000000
x9: 	0x00000000
x10: 	0x00000000
x11: 	0x00000000
x12: 	0x00000000
x13: 	0x00000000
x14: 	0x00000000
x15: 	0x00000000
x16: 	0x00000000
x17: 	0x00000000
x18: 	0x00000000
x19: 	0x00000000
x20: 	0x00000000
x21: 	0x00000000
x22: 	0x00000000
x23: 	0x00000000
x24: 	0x00000000
x25: 	0x00000000
x26: 	0x00000000
x27: 	0x00000000
x28: 	0x00000000
x29: 	0x00000000
x30: 	0x00000000
x31: 	0x00000000

0x000029f4	0x00000000	Unkown Instruction 

All Registers: 
x0: 	0x00000000
x1: 	0x00000000
x2: 	0x00000000
x3: 	0x00000000
x4: 	0x00000000
x5: 	0x00000000
x6: 	0x00000000
x7: 	0x00000000
x8: 	0x00000000
x9: 	0x00000000
x10: 	0x00000000
x11: 	0x00000000
x12: 	0x00000000
x13: 	0x00000000
x14: 	0x00000000
x15: 	0x00000000
x16: 	0x00000000
x17: 	0x00000000
x18: 	0x00000000
x19: 	0x00000000
x20: 	0x00000000
x21: 	0x00000000
x22: 	0x00000000
x23: 	0x00000000
x24: 	0x00000000
x25: 	0x00000000
x26: 	0x00000000
x27: 	0x00000000
x28: 	0x00000000
x29: 	0x00000000
x30: 	0x00000000
x31: 	0x00000000

0x000029f8	0x00000000	Unkown Instruction 

All Registers: 
x0: 	0x00000000
x1: 	0x00000000
x2: 	0x00000000
x3: 	0x00000000
x4: 	0x00000000
x5: 	0x00000000
x6: 	0x00000000
x7: 	0x00000000
x8: 	0x00000000
x9: 	0x00000000
x10: 	0x00000000
x11: 	0x00000000
x12: 	0x00000000
x13: 	0x00000000
x14: 	0x00000000
x15: 	0x00000000
x16: 	0x00000000
x17: 	0x00000000
x18: 	0x00000000
x19: 	0x00000000
x20: 	0x00000000
x21: 	0x00000000
x22: 	0x00000000
x23: 	0x00000000
x24: 	0x00000000
x25: 	0x00000000
x26: 	0x00000000
x27: 	0x00000000
x28: 	0x00000000
x29: 	0x00000000
x30: 	0x00000000
x31: 	0x00000000

0x000029fc	0x00000000	Unkown Instruction 

All Registers: 
x0: 	0x00000000
x1: 	0x00000000
x2: 	0x00000000
x3: 	0x00000000
x4: 	0x00000000
x5: 	0x00000000
x6: 	0x00000000
x7: 	0x00000000
x8: 	0x00000000
x9: 	0x00000000
x10: 	0x00000000
x11: 	0x00000000
x12: 	0x00000000
x13: 	0x00000000
x14: 	0x00000000
x15: 	0x00000000
x16: 	0x00000000
x17: 	0x00000000
x18: 	0x00000000
x19: 	0x00000000
x20: 	0x00000000
x21: 	0x00000000
x22: 	0x00000000
x23: 	0x00000000
x24: 	0x00000000
x25: 	0x00000000
x26: 	0x00000000
x27: 	0x00000000
x28: 	0x00000000
x29: 	0x00000000
x30: 	0x00000000
x31: 	0x00000000

0x00002a00	0x00000000	Unkown Instruction 

All Registers: 
x0: 	0x00000000
x1: 	0x00000000
x2: 	0x00000000
x3: 	0x00000000
x4: 	0x00000000
x5: 	0x00000000
x6: 	0x00000000
x7: 	0x00000000
x8: 	0x00000000
x9: 	0x00000000
x10: 	0x00000000
x11: 	0x00000000
x12: 	0x00000000
x13: 	0x00000000
x14: 	0x00000000
x15: 	0x00000000
x16: 	0x00000000
x17: 	0x00000000
x18: 	0x00000000
x19: 	0x00000000
x20: 	0x00000000
x21: 	0x00000000
x22: 	0x00000000
x23: 	0x00000000
x24: 	0x00000000
x25: 	0x00000000
x26: 	0x00000000
x27: 	0x00000000
x28: 	0x00000000
x29: 	0x00000000
x30: 	0x00000000
x31: 	0x00000000

0x00002a04	0x00000000	Unkown Instruction 

All Registers: 
x0: 	0x00000000
x1: 	0x00000000
x2: 	0x00000000
x3: 	0x00000000
x4: 	0x00000000
x5: 	0x00000000
x6: 	0x00000000
x7: 	0x00000000
x8: 	0x00000000
x9: 	0x00000000
x10: 	0x00000000
x11: 	0x00000000
x12: 	0x00000000
x13: 	0x00000000
x14: 	0x00000000
x15: 	0x00000000
x16: 	0x00000000
x17: 	0x00000000
x18: 	0x00000000
x19: 	0x00000000
x20: 	0x00000000
x21: 	0x00000000
x22: 	0x00000000
x23: 	0x00000000
x24: 	0x00000000
x25: 	0x00000000
x26: 	0x00000000
x27: 	0x00000000
x28: 	0x00000000
x29: 	0x00000000
x30: 	0x00000000
x31: 	0x00000000

0x00002a08	0x00000000	Unkown Instruction 

All Registers: 
x0: 	0x00000000
x1: 	0x00000000
x2: 	0x00000000
x3: 	0x00000000
x4: 	0x00000000
x5: 	0x00000000
x6: 	0x00000000
x7: 	0x00000000
x8: 	0x00000000
x9: 	0x00000000
x10: 	0x00000000
x11: 	0x00000000
x12: 	0x00000000
x13: 	0x00000000
x14: 	0x00000000
x15: 	0x00000000
x16: 	0x00000000
x17: 	0x00000000
x18: 	0x00000000
x19: 	0x00000000
x20: 	0x00000000
x21: 	0x00000000
x22: 	0x00000000
x23: 	0x00000000
x24: 	0x00000000
x25: 	0x00000000
x26: 	0x00000000
x27: 	0x00000000
x28: 	0x00000000
x29: 	0x00000000
x30: 	0x00000000
x31: 	0x00000000

0x00002a0c	0x00000000	Unkown Instruction 

All Registers: 
x0: 	0x00000000
x1: 	0x00000000
x2: 	0x00000000
x3: 	0x00000000
x4: 	0x00000000
x5: 	0x00000000
x6: 	0x00000000
x7: 	0x00000000
x8: 	0x00000000
x9: 	0x00000000
x10: 	0x00000000
x11: 	0x00000000
x12: 	0x00000000
x13: 	0x00000000
x14: 	0x00000000
x15: 	0x00000000
x16: 	0x00000000
x17: 	0x00000000
x18: 	0x00000000
x19: 	0x00000000
x20: 	0x00000000
x21: 	0x00000000
x22: 	0x00000000
x23: 	0x00000000
x24: 	0x00000000
x25: 	0x00000000
x26: 	0x00000000
x27: 	0x00000000
x28: 	0x00000000
x29: 	0x00000000
x30: 	0x00000000
x31: 	0x00000000

0x00002a10	0x00000000	Unkown Instruction 

All Registers: 
x0: 	0x00000000
x1: 	0x00000000
x2: 	0x00000000
x3: 	0x00000000
x4: 	0x00000000
x5: 	0x00000000
x6: 	0x00000000
x7: 	0x00000000
x8: 	0x00000000
x9: 	0x00000000
x10: 	0x00000000
x11: 	0x00000000
x12: 	0x00000000
x13: 	0x00000000
x14: 	0x00000000
x15: 	0x00000000
x16: 	0x00000000
x17: 	0x00000000
x18: 	0x00000000
x19: 	0x00000000
x20: 	0x00000000
x21: 	0x00000000
x22: 	0x00000000
x23: 	0x00000000
x24: 	0x00000000
x25: 	0x00000000
x26: 	0x00000000
x27: 	0x00000000
x28: 	0x00000000
x29: 	0x00000000
x30: 	0x00000000
x31: 	0x00000000

0x00002a14	0x00000000	Unkown Instruction 

All Registers: 
x0: 	0x00000000
x1: 	0x00000000
x2: 	0x00000000
x3: 	0x00000000
x4: 	0x00000000
x5: 	0x00000000
x6: 	0x00000000
x7: 	0x00000000
x8: 	0x00000000
x9: 	0x00000000
x10: 	0x00000000
x11: 	0x00000000
x12: 	0x00000000
x13: 	0x00000000
x14: 	0x00000000
x15: 	0x00000000
x16: 	0x00000000
x17: 	0x00000000
x18: 	0x00000000
x19: 	0x00000000
x20: 	0x00000000
x21: 	0x00000000
x22: 	0x00000000
x23: 	0x00000000
x24: 	0x00000000
x25: 	0x00000000
x26: 	0x00000000
x27: 	0x00000000
x28: 	0x00000000
x29: 	0x00000000
x30: 	0x00000000
x31: 	0x00000000

0x00002a18	0x00000000	Unkown Instruction 

All Registers: 
x0: 	0x00000000
x1: 	0x00000000
x2: 	0x00000000
x3: 	0x00000000
x4: 	0x00000000
x5: 	0x00000000
x6: 	0x00000000
x7: 	0x00000000
x8: 	0x00000000
x9: 	0x00000000
x10: 	0x00000000
x11: 	0x00000000
x12: 	0x00000000
x13: 	0x00000000
x14: 	0x00000000
x15: 	0x00000000
x16: 	0x00000000
x17: 	0x00000000
x18: 	0x00000000
x19: 	0x00000000
x20: 	0x00000000
x21: 	0x00000000
x22: 	0x00000000
x23: 	0x00000000
x24: 	0x00000000
x25: 	0x00000000
x26: 	0x00000000
x27: 	0x00000000
x28: 	0x00000000
x29: 	0x00000000
x30: 	0x00000000
x31: 	0x00000000

0x00002a1c	0x00000000	Unkown Instruction 

All Registers: 
x0: 	0x00000000
x1: 	0x00000000
x2: 	0x00000000
x3: 	0x00000000
x4: 	0x00000000
x5: 	0x00000000
x6: 	0x00000000
x7: 	0x00000000
x8: 	0x00000000
x9: 	0x00000000
x10: 	0x00000000
x11: 	0x00000000
x12: 	0x00000000
x13: 	0x00000000
x14: 	0x00000000
x15: 	0x00000000
x16: 	0x00000000
x17: 	0x00000000
x18: 	0x00000000
x19: 	0x00000000
x20: 	0x00000000
x21: 	0x00000000
x22: 	0x00000000
x23: 	0x00000000
x24: 	0x00000000
x25: 	0x00000000
x26: 	0x00000000
x27: 	0x00000000
x28: 	0x00000000
x29: 	0x00000000
x30: 	0x00000000
x31: 	0x00000000

0x00002a20	0x00000000	Unkown Instruction 

All Registers: 
x0: 	0x00000000
x1: 	0x00000000
x2: 	0x00000000
x3: 	0x00000000
x4: 	0x00000000
x5: 	0x00000000
x6: 	0x00000000
x7: 	0x00000000
x8: 	0x00000000
x9: 	0x00000000
x10: 	0x00000000
x11: 	0x00000000
x12: 	0x00000000
x13: 	0x00000000
x14: 	0x00000000
x15: 	0x00000000
x16: 	0x00000000
x17: 	0x00000000
x18: 	0x00000000
x19: 	0x00000000
x20: 	0x00000000
x21: 	0x00000000
x22: 	0x00000000
x23: 	0x00000000
x24: 	0x00000000
x25: 	0x00000000
x26: 	0x00000000
x27: 	0x00000000
x28: 	0x00000000
x29: 	0x00000000
x30: 	0x00000000
x31: 	0x00000000

0x00002a24	0x00000000	Unkown Instruction 

All Registers: 
x0: 	0x00000000
x1: 	0x00000000
x2: 	0x00000000
x3: 	0x00000000
x4: 	0x00000000
x5: 	0x00000000
x6: 	0x00000000
x7: 	0x00000000
x8: 	0x00000000
x9: 	0x00000000
x10: 	0x00000000
x11: 	0x00000000
x12: 	0x00000000
x13: 	0x00000000
x14: 	0x00000000
x15: 	0x00000000
x16: 	0x00000000
x17: 	0x00000000
x18: 	0x00000000
x19: 	0x00000000
x20: 	0x00000000
x21: 	0x00000000
x22: 	0x00000000
x23: 	0x00000000
x24: 	0x00000000
x25: 	0x00000000
x26: 	0x00000000
x27: 	0x00000000
x28: 	0x00000000
x29: 	0x00000000
x30: 	0x00000000
x31: 	0x00000000

0x00002a28	0x00000000	Unkown Instruction 

All Registers: 
x0: 	0x00000000
x1: 	0x00000000
x2: 	0x00000000
x3: 	0x00000000
x4: 	0x00000000
x5: 	0x00000000
x6: 	0x00000000
x7: 	0x00000000
x8: 	0x00000000
x9: 	0x00000000
x10: 	0x00000000
x11: 	0x00000000
x12: 	0x00000000
x13: 	0x00000000
x14: 	0x00000000
x15: 	0x00000000
x16: 	0x00000000
x17: 	0x00000000
x18: 	0x00000000
x19: 	0x00000000
x20: 	0x00000000
x21: 	0x00000000
x22: 	0x00000000
x23: 	0x00000000
x24: 	0x00000000
x25: 	0x00000000
x26: 	0x00000000
x27: 	0x00000000
x28: 	0x00000000
x29: 	0x00000000
x30: 	0x00000000
x31: 	0x00000000

0x00002a2c	0x00000000	Unkown Instruction 

All Registers: 
x0: 	0x00000000
x1: 	0x00000000
x2: 	0x00000000
x3: 	0x00000000
x4: 	0x00000000
x5: 	0x00000000
x6: 	0x00000000
x7: 	0x00000000
x8: 	0x00000000
x9: 	0x00000000
x10: 	0x00000000
x11: 	0x00000000
x12: 	0x00000000
x13: 	0x00000000
x14: 	0x00000000
x15: 	0x00000000
x16: 	0x00000000
x17: 	0x00000000
x18: 	0x00000000
x19: 	0x00000000
x20: 	0x00000000
x21: 	0x00000000
x22: 	0x00000000
x23: 	0x00000000
x24: 	0x00000000
x25: 	0x00000000
x26: 	0x00000000
x27: 	0x00000000
x28: 	0x00000000
x29: 	0x00000000
x30: 	0x00000000
x31: 	0x00000000

0x00002a30	0x00000000	Unkown Instruction 

All Registers: 
x0: 	0x00000000
x1: 	0x00000000
x2: 	0x00000000
x3: 	0x00000000
x4: 	0x00000000
x5: 	0x00000000
x6: 	0x00000000
x7: 	0x00000000
x8: 	0x00000000
x9: 	0x00000000
x10: 	0x00000000
x11: 	0x00000000
x12: 	0x00000000
x13: 	0x00000000
x14: 	0x00000000
x15: 	0x00000000
x16: 	0x00000000
x17: 	0x00000000
x18: 	0x00000000
x19: 	0x00000000
x20: 	0x00000000
x21: 	0x00000000
x22: 	0x00000000
x23: 	0x00000000
x24: 	0x00000000
x25: 	0x00000000
x26: 	0x00000000
x27: 	0x00000000
x28: 	0x00000000
x29: 	0x00000000
x30: 	0x00000000
x31: 	0x00000000

0x00002a34	0x00000000	Unkown Instruction 

All Registers: 
x0: 	0x00000000
x1: 	0x00000000
x2: 	0x00000000
x3: 	0x00000000
x4: 	0x00000000
x5: 	0x00000000
x6: 	0x00000000
x7: 	0x00000000
x8: 	0x00000000
x9: 	0x00000000
x10: 	0x00000000
x11: 	0x00000000
x12: 	0x00000000
x13: 	0x00000000
x14: 	0x00000000
x15: 	0x00000000
x16: 	0x00000000
x17: 	0x00000000
x18: 	0x00000000
x19: 	0x00000000
x20: 	0x00000000
x21: 	0x00000000
x22: 	0x00000000
x23: 	0x00000000
x24: 	0x00000000
x25: 	0x00000000
x26: 	0x00000000
x27: 	0x00000000
x28: 	0x00000000
x29: 	0x00000000
x30: 	0x00000000
x31: 	0x00000000

0x00002a38	0x00000000	Unkown Instruction 

All Registers: 
x0: 	0x00000000
x1: 	0x00000000
x2: 	0x00000000
x3: 	0x00000000
x4: 	0x00000000
x5: 	0x00000000
x6: 	0x00000000
x7: 	0x00000000
x8: 	0x00000000
x9: 	0x00000000
x10: 	0x00000000
x11: 	0x00000000
x12: 	0x00000000
x13: 	0x00000000
x14: 	0x00000000
x15: 	0x00000000
x16: 	0x00000000
x17: 	0x00000000
x18: 	0x00000000
x19: 	0x00000000
x20: 	0x00000000
x21: 	0x00000000
x22: 	0x00000000
x23: 	0x00000000
x24: 	0x00000000
x25: 	0x00000000
x26: 	0x00000000
x27: 	0x00000000
x28: 	0x00000000
x29: 	0x00000000
x30: 	0x00000000
x31: 	0x00000000

0x00002a3c	0x00000000	Unkown Instruction 

All Registers: 
x0: 	0x00000000
x1: 	0x00000000
x2: 	0x00000000
x3: 	0x00000000
x4: 	0x00000000
x5: 	0x00000000
x6: 	0x00000000
x7: 	0x00000000
x8: 	0x00000000
x9: 	0x00000000
x10: 	0x00000000
x11: 	0x00000000
x12: 	0x00000000
x13: 	0x00000000
x14: 	0x00000000
x15: 	0x00000000
x16: 	0x00000000
x17: 	0x00000000
x18: 	0x00000000
x19: 	0x00000000
x20: 	0x00000000
x21: 	0x00000000
x22: 	0x00000000
x23: 	0x00000000
x24: 	0x00000000
x25: 	0x00000000
x26: 	0x00000000
x27: 	0x00000000
x28: 	0x00000000
x29: 	0x00000000
x30: 	0x00000000
x31: 	0x00000000

0x00002a40	0x00000000	Unkown Instruction 

All Registers: 
x0: 	0x00000000
x1: 	0x00000000
x2: 	0x00000000
x3: 	0x00000000
x4: 	0x00000000
x5: 	0x00000000
x6: 	0x00000000
x7: 	0x00000000
x8: 	0x00000000
x9: 	0x00000000
x10: 	0x00000000
x11: 	0x00000000
x12: 	0x00000000
x13: 	0x00000000
x14: 	0x00000000
x15: 	0x00000000
x16: 	0x00000000
x17: 	0x00000000
x18: 	0x00000000
x19: 	0x00000000
x20: 	0x00000000
x21: 	0x00000000
x22: 	0x00000000
x23: 	0x00000000
x24: 	0x00000000
x25: 	0x00000000
x26: 	0x00000000
x27: 	0x00000000
x28: 	0x00000000
x29: 	0x00000000
x30: 	0x00000000
x31: 	0x00000000

0x00002a44	0x00000000	Unkown Instruction 

All Registers: 
x0: 	0x00000000
x1: 	0x00000000
x2: 	0x00000000
x3: 	0x00000000
x4: 	0x00000000
x5: 	0x00000000
x6: 	0x00000000
x7: 	0x00000000
x8: 	0x00000000
x9: 	0x00000000
x10: 	0x00000000
x11: 	0x00000000
x12: 	0x00000000
x13: 	0x00000000
x14: 	0x00000000
x15: 	0x00000000
x16: 	0x00000000
x17: 	0x00000000
x18: 	0x00000000
x19: 	0x00000000
x20: 	0x00000000
x21: 	0x00000000
x22: 	0x00000000
x23: 	0x00000000
x24: 	0x00000000
x25: 	0x00000000
x26: 	0x00000000
x27: 	0x00000000
x28: 	0x00000000
x29: 	0x00000000
x30: 	0x00000000
x31: 	0x00000000

0x00002a48	0x00000000	Unkown Instruction 

All Registers: 
x0: 	0x00000000
x1: 	0x00000000
x2: 	0x00000000
x3: 	0x00000000
x4: 	0x00000000
x5: 	0x00000000
x6: 	0x00000000
x7: 	0x00000000
x8: 	0x00000000
x9: 	0x00000000
x10: 	0x00000000
x11: 	0x00000000
x12: 	0x00000000
x13: 	0x00000000
x14: 	0x00000000
x15: 	0x00000000
x16: 	0x00000000
x17: 	0x00000000
x18: 	0x00000000
x19: 	0x00000000
x20: 	0x00000000
x21: 	0x00000000
x22: 	0x00000000
x23: 	0x00000000
x24: 	0x00000000
x25: 	0x00000000
x26: 	0x00000000
x27: 	0x00000000
x28: 	0x00000000
x29: 	0x00000000
x30: 	0x00000000
x31: 	0x00000000

0x00002a4c	0x00000000	Unkown Instruction 

All Registers: 
x0: 	0x00000000
x1: 	0x00000000
x2: 	0x00000000
x3: 	0x00000000
x4: 	0x00000000
x5: 	0x00000000
x6: 	0x00000000
x7: 	0x00000000
x8: 	0x00000000
x9: 	0x00000000
x10: 	0x00000000
x11: 	0x00000000
x12: 	0x00000000
x13: 	0x00000000
x14: 	0x00000000
x15: 	0x00000000
x16: 	0x00000000
x17: 	0x00000000
x18: 	0x00000000
x19: 	0x00000000
x20: 	0x00000000
x21: 	0x00000000
x22: 	0x00000000
x23: 	0x00000000
x24: 	0x00000000
x25: 	0x00000000
x26: 	0x00000000
x27: 	0x00000000
x28: 	0x00000000
x29: 	0x00000000
x30: 	0x00000000
x31: 	0x00000000

0x00002a50	0x00000000	Unkown Instruction 

All Registers: 
x0: 	0x00000000
x1: 	0x00000000
x2: 	0x00000000
x3: 	0x00000000
x4: 	0x00000000
x5: 	0x00000000
x6: 	0x00000000
x7: 	0x00000000
x8: 	0x00000000
x9: 	0x00000000
x10: 	0x00000000
x11: 	0x00000000
x12: 	0x00000000
x13: 	0x00000000
x14: 	0x00000000
x15: 	0x00000000
x16: 	0x00000000
x17: 	0x00000000
x18: 	0x00000000
x19: 	0x00000000
x20: 	0x00000000
x21: 	0x00000000
x22: 	0x00000000
x23: 	0x00000000
x24: 	0x00000000
x25: 	0x00000000
x26: 	0x00000000
x27: 	0x00000000
x28: 	0x00000000
x29: 	0x00000000
x30: 	0x00000000
x31: 	0x00000000

0x00002a54	0x00000000	Unkown Instruction 

All Registers: 
x0: 	0x00000000
x1: 	0x00000000
x2: 	0x00000000
x3: 	0x00000000
x4: 	0x00000000
x5: 	0x00000000
x6: 	0x00000000
x7: 	0x00000000
x8: 	0x00000000
x9: 	0x00000000
x10: 	0x00000000
x11: 	0x00000000
x12: 	0x00000000
x13: 	0x00000000
x14: 	0x00000000
x15: 	0x00000000
x16: 	0x00000000
x17: 	0x00000000
x18: 	0x00000000
x19: 	0x00000000
x20: 	0x00000000
x21: 	0x00000000
x22: 	0x00000000
x23: 	0x00000000
x24: 	0x00000000
x25: 	0x00000000
x26: 	0x00000000
x27: 	0x00000000
x28: 	0x00000000
x29: 	0x00000000
x30: 	0x00000000
x31: 	0x00000000

0x00002a58	0x00000000	Unkown Instruction 

All Registers: 
x0: 	0x00000000
x1: 	0x00000000
x2: 	0x00000000
x3: 	0x00000000
x4: 	0x00000000
x5: 	0x00000000
x6: 	0x00000000
x7: 	0x00000000
x8: 	0x00000000
x9: 	0x00000000
x10: 	0x00000000
x11: 	0x00000000
x12: 	0x00000000
x13: 	0x00000000
x14: 	0x00000000
x15: 	0x00000000
x16: 	0x00000000
x17: 	0x00000000
x18: 	0x00000000
x19: 	0x00000000
x20: 	0x00000000
x21: 	0x00000000
x22: 	0x00000000
x23: 	0x00000000
x24: 	0x00000000
x25: 	0x00000000
x26: 	0x00000000
x27: 	0x00000000
x28: 	0x00000000
x29: 	0x00000000
x30: 	0x00000000
x31: 	0x00000000

0x00002a5c	0x00000000	Unkown Instruction 

All Registers: 
x0: 	0x00000000
x1: 	0x00000000
x2: 	0x00000000
x3: 	0x00000000
x4: 	0x00000000
x5: 	0x00000000
x6: 	0x00000000
x7: 	0x00000000
x8: 	0x00000000
x9: 	0x00000000
x10: 	0x00000000
x11: 	0x00000000
x12: 	0x00000000
x13: 	0x00000000
x14: 	0x00000000
x15: 	0x00000000
x16: 	0x00000000
x17: 	0x00000000
x18: 	0x00000000
x19: 	0x00000000
x20: 	0x00000000
x21: 	0x00000000
x22: 	0x00000000
x23: 	0x00000000
x24: 	0x00000000
x25: 	0x00000000
x26: 	0x00000000
x27: 	0x00000000
x28: 	0x00000000
x29: 	0x00000000
x30: 	0x00000000
x31: 	0x00000000

0x00002a60	0x00000000	Unkown Instruction 

All Registers: 
x0: 	0x00000000
x1: 	0x00000000
x2: 	0x00000000
x3: 	0x00000000
x4: 	0x00000000
x5: 	0x00000000
x6: 	0x00000000
x7: 	0x00000000
x8: 	0x00000000
x9: 	0x00000000
x10: 	0x00000000
x11: 	0x00000000
x12: 	0x00000000
x13: 	0x00000000
x14: 	0x00000000
x15: 	0x00000000
x16: 	0x00000000
x17: 	0x00000000
x18: 	0x00000000
x19: 	0x00000000
x20: 	0x00000000
x21: 	0x00000000
x22: 	0x00000000
x23: 	0x00000000
x24: 	0x00000000
x25: 	0x00000000
x26: 	0x00000000
x27: 	0x00000000
x28: 	0x00000000
x29: 	0x00000000
x30: 	0x00000000
x31: 	0x00000000

0x00002a64	0x00000000	Unkown Instruction 

All Registers: 
x0: 	0x00000000
x1: 	0x00000000
x2: 	0x00000000
x3: 	0x00000000
x4: 	0x00000000
x5: 	0x00000000
x6: 	0x00000000
x7: 	0x00000000
x8: 	0x00000000
x9: 	0x00000000
x10: 	0x00000000
x11: 	0x00000000
x12: 	0x00000000
x13: 	0x00000000
x14: 	0x00000000
x15: 	0x00000000
x16: 	0x00000000
x17: 	0x00000000
x18: 	0x00000000
x19: 	0x00000000
x20: 	0x00000000
x21: 	0x00000000
x22: 	0x00000000
x23: 	0x00000000
x24: 	0x00000000
x25: 	0x00000000
x26: 	0x00000000
x27: 	0x00000000
x28: 	0x00000000
x29: 	0x00000000
x30: 	0x00000000
x31: 	0x00000000

0x00002a68	0x00000000	Unkown Instruction 

All Registers: 
x0: 	0x00000000
x1: 	0x00000000
x2: 	0x00000000
x3: 	0x00000000
x4: 	0x00000000
x5: 	0x00000000
x6: 	0x00000000
x7: 	0x00000000
x8: 	0x00000000
x9: 	0x00000000
x10: 	0x00000000
x11: 	0x00000000
x12: 	0x00000000
x13: 	0x00000000
x14: 	0x00000000
x15: 	0x00000000
x16: 	0x00000000
x17: 	0x00000000
x18: 	0x00000000
x19: 	0x00000000
x20: 	0x00000000
x21: 	0x00000000
x22: 	0x00000000
x23: 	0x00000000
x24: 	0x00000000
x25: 	0x00000000
x26: 	0x00000000
x27: 	0x00000000
x28: 	0x00000000
x29: 	0x00000000
x30: 	0x00000000
x31: 	0x00000000

0x00002a6c	0x00000000	Unkown Instruction 

All Registers: 
x0: 	0x00000000
x1: 	0x00000000
x2: 	0x00000000
x3: 	0x00000000
x4: 	0x00000000
x5: 	0x00000000
x6: 	0x00000000
x7: 	0x00000000
x8: 	0x00000000
x9: 	0x00000000
x10: 	0x00000000
x11: 	0x00000000
x12: 	0x00000000
x13: 	0x00000000
x14: 	0x00000000
x15: 	0x00000000
x16: 	0x00000000
x17: 	0x00000000
x18: 	0x00000000
x19: 	0x00000000
x20: 	0x00000000
x21: 	0x00000000
x22: 	0x00000000
x23: 	0x00000000
x24: 	0x00000000
x25: 	0x00000000
x26: 	0x00000000
x27: 	0x00000000
x28: 	0x00000000
x29: 	0x00000000
x30: 	0x00000000
x31: 	0x00000000

0x00002a70	0x00000000	Unkown Instruction 

All Registers: 
x0: 	0x00000000
x1: 	0x00000000
x2: 	0x00000000
x3: 	0x00000000
x4: 	0x00000000
x5: 	0x00000000
x6: 	0x00000000
x7: 	0x00000000
x8: 	0x00000000
x9: 	0x00000000
x10: 	0x00000000
x11: 	0x00000000
x12: 	0x00000000
x13: 	0x00000000
x14: 	0x00000000
x15: 	0x00000000
x16: 	0x00000000
x17: 	0x00000000
x18: 	0x00000000
x19: 	0x00000000
x20: 	0x00000000
x21: 	0x00000000
x22: 	0x00000000
x23: 	0x00000000
x24: 	0x00000000
x25: 	0x00000000
x26: 	0x00000000
x27: 	0x00000000
x28: 	0x00000000
x29: 	0x00000000
x30: 	0x00000000
x31: 	0x00000000

0x00002a74	0x00000000	Unkown Instruction 

All Registers: 
x0: 	0x00000000
x1: 	0x00000000
x2: 	0x00000000
x3: 	0x00000000
x4: 	0x00000000
x5: 	0x00000000
x6: 	0x00000000
x7: 	0x00000000
x8: 	0x00000000
x9: 	0x00000000
x10: 	0x00000000
x11: 	0x00000000
x12: 	0x00000000
x13: 	0x00000000
x14: 	0x00000000
x15: 	0x00000000
x16: 	0x00000000
x17: 	0x00000000
x18: 	0x00000000
x19: 	0x00000000
x20: 	0x00000000
x21: 	0x00000000
x22: 	0x00000000
x23: 	0x00000000
x24: 	0x00000000
x25: 	0x00000000
x26: 	0x00000000
x27: 	0x00000000
x28: 	0x00000000
x29: 	0x00000000
x30: 	0x00000000
x31: 	0x00000000

0x00002a78	0x00000000	Unkown Instruction 

All Registers: 
x0: 	0x00000000
x1: 	0x00000000
x2: 	0x00000000
x3: 	0x00000000
x4: 	0x00000000
x5: 	0x00000000
x6: 	0x00000000
x7: 	0x00000000
x8: 	0x00000000
x9: 	0x00000000
x10: 	0x00000000
x11: 	0x00000000
x12: 	0x00000000
x13: 	0x00000000
x14: 	0x00000000
x15: 	0x00000000
x16: 	0x00000000
x17: 	0x00000000
x18: 	0x00000000
x19: 	0x00000000
x20: 	0x00000000
x21: 	0x00000000
x22: 	0x00000000
x23: 	0x00000000
x24: 	0x00000000
x25: 	0x00000000
x26: 	0x00000000
x27: 	0x00000000
x28: 	0x00000000
x29: 	0x00000000
x30: 	0x00000000
x31: 	0x00000000

0x00002a7c	0x00000000	Unkown Instruction 

All Registers: 
x0: 	0x00000000
x1: 	0x00000000
x2: 	0x00000000
x3: 	0x00000000
x4: 	0x00000000
x5: 	0x00000000
x6: 	0x00000000
x7: 	0x00000000
x8: 	0x00000000
x9: 	0x00000000
x10: 	0x00000000
x11: 	0x00000000
x12: 	0x00000000
x13: 	0x00000000
x14: 	0x00000000
x15: 	0x00000000
x16: 	0x00000000
x17: 	0x00000000
x18: 	0x00000000
x19: 	0x00000000
x20: 	0x00000000
x21: 	0x00000000
x22: 	0x00000000
x23: 	0x00000000
x24: 	0x00000000
x25: 	0x00000000
x26: 	0x00000000
x27: 	0x00000000
x28: 	0x00000000
x29: 	0x00000000
x30: 	0x00000000
x31: 	0x00000000

0x00002a80	0x00000000	Unkown Instruction 

All Registers: 
x0: 	0x00000000
x1: 	0x00000000
x2: 	0x00000000
x3: 	0x00000000
x4: 	0x00000000
x5: 	0x00000000
x6: 	0x00000000
x7: 	0x00000000
x8: 	0x00000000
x9: 	0x00000000
x10: 	0x00000000
x11: 	0x00000000
x12: 	0x00000000
x13: 	0x00000000
x14: 	0x00000000
x15: 	0x00000000
x16: 	0x00000000
x17: 	0x00000000
x18: 	0x00000000
x19: 	0x00000000
x20: 	0x00000000
x21: 	0x00000000
x22: 	0x00000000
x23: 	0x00000000
x24: 	0x00000000
x25: 	0x00000000
x26: 	0x00000000
x27: 	0x00000000
x28: 	0x00000000
x29: 	0x00000000
x30: 	0x00000000
x31: 	0x00000000

0x00002a84	0x00000000	Unkown Instruction 

All Registers: 
x0: 	0x00000000
x1: 	0x00000000
x2: 	0x00000000
x3: 	0x00000000
x4: 	0x00000000
x5: 	0x00000000
x6: 	0x00000000
x7: 	0x00000000
x8: 	0x00000000
x9: 	0x00000000
x10: 	0x00000000
x11: 	0x00000000
x12: 	0x00000000
x13: 	0x00000000
x14: 	0x00000000
x15: 	0x00000000
x16: 	0x00000000
x17: 	0x00000000
x18: 	0x00000000
x19: 	0x00000000
x20: 	0x00000000
x21: 	0x00000000
x22: 	0x00000000
x23: 	0x00000000
x24: 	0x00000000
x25: 	0x00000000
x26: 	0x00000000
x27: 	0x00000000
x28: 	0x00000000
x29: 	0x00000000
x30: 	0x00000000
x31: 	0x00000000

0x00002a88	0x00000000	Unkown Instruction 

All Registers: 
x0: 	0x00000000
x1: 	0x00000000
x2: 	0x00000000
x3: 	0x00000000
x4: 	0x00000000
x5: 	0x00000000
x6: 	0x00000000
x7: 	0x00000000
x8: 	0x00000000
x9: 	0x00000000
x10: 	0x00000000
x11: 	0x00000000
x12: 	0x00000000
x13: 	0x00000000
x14: 	0x00000000
x15: 	0x00000000
x16: 	0x00000000
x17: 	0x00000000
x18: 	0x00000000
x19: 	0x00000000
x20: 	0x00000000
x21: 	0x00000000
x22: 	0x00000000
x23: 	0x00000000
x24: 	0x00000000
x25: 	0x00000000
x26: 	0x00000000
x27: 	0x00000000
x28: 	0x00000000
x29: 	0x00000000
x30: 	0x00000000
x31: 	0x00000000

0x00002a8c	0x00000000	Unkown Instruction 

All Registers: 
x0: 	0x00000000
x1: 	0x00000000
x2: 	0x00000000
x3: 	0x00000000
x4: 	0x00000000
x5: 	0x00000000
x6: 	0x00000000
x7: 	0x00000000
x8: 	0x00000000
x9: 	0x00000000
x10: 	0x00000000
x11: 	0x00000000
x12: 	0x00000000
x13: 	0x00000000
x14: 	0x00000000
x15: 	0x00000000
x16: 	0x00000000
x17: 	0x00000000
x18: 	0x00000000
x19: 	0x00000000
x20: 	0x00000000
x21: 	0x00000000
x22: 	0x00000000
x23: 	0x00000000
x24: 	0x00000000
x25: 	0x00000000
x26: 	0x00000000
x27: 	0x00000000
x28: 	0x00000000
x29: 	0x00000000
x30: 	0x00000000
x31: 	0x00000000

0x00002a90	0x00000000	Unkown Instruction 

All Registers: 
x0: 	0x00000000
x1: 	0x00000000
x2: 	0x00000000
x3: 	0x00000000
x4: 	0x00000000
x5: 	0x00000000
x6: 	0x00000000
x7: 	0x00000000
x8: 	0x00000000
x9: 	0x00000000
x10: 	0x00000000
x11: 	0x00000000
x12: 	0x00000000
x13: 	0x00000000
x14: 	0x00000000
x15: 	0x00000000
x16: 	0x00000000
x17: 	0x00000000
x18: 	0x00000000
x19: 	0x00000000
x20: 	0x00000000
x21: 	0x00000000
x22: 	0x00000000
x23: 	0x00000000
x24: 	0x00000000
x25: 	0x00000000
x26: 	0x00000000
x27: 	0x00000000
x28: 	0x00000000
x29: 	0x00000000
x30: 	0x00000000
x31: 	0x00000000

0x00002a94	0x00000000	Unkown Instruction 

All Registers: 
x0: 	0x00000000
x1: 	0x00000000
x2: 	0x00000000
x3: 	0x00000000
x4: 	0x00000000
x5: 	0x00000000
x6: 	0x00000000
x7: 	0x00000000
x8: 	0x00000000
x9: 	0x00000000
x10: 	0x00000000
x11: 	0x00000000
x12: 	0x00000000
x13: 	0x00000000
x14: 	0x00000000
x15: 	0x00000000
x16: 	0x00000000
x17: 	0x00000000
x18: 	0x00000000
x19: 	0x00000000
x20: 	0x00000000
x21: 	0x00000000
x22: 	0x00000000
x23: 	0x00000000
x24: 	0x00000000
x25: 	0x00000000
x26: 	0x00000000
x27: 	0x00000000
x28: 	0x00000000
x29: 	0x00000000
x30: 	0x00000000
x31: 	0x00000000

0x00002a98	0x00000000	Unkown Instruction 

All Registers: 
x0: 	0x00000000
x1: 	0x00000000
x2: 	0x00000000
x3: 	0x00000000
x4: 	0x00000000
x5: 	0x00000000
x6: 	0x00000000
x7: 	0x00000000
x8: 	0x00000000
x9: 	0x00000000
x10: 	0x00000000
x11: 	0x00000000
x12: 	0x00000000
x13: 	0x00000000
x14: 	0x00000000
x15: 	0x00000000
x16: 	0x00000000
x17: 	0x00000000
x18: 	0x00000000
x19: 	0x00000000
x20: 	0x00000000
x21: 	0x00000000
x22: 	0x00000000
x23: 	0x00000000
x24: 	0x00000000
x25: 	0x00000000
x26: 	0x00000000
x27: 	0x00000000
x28: 	0x00000000
x29: 	0x00000000
x30: 	0x00000000
x31: 	0x00000000

0x00002a9c	0x00000000	Unkown Instruction 

All Registers: 
x0: 	0x00000000
x1: 	0x00000000
x2: 	0x00000000
x3: 	0x00000000
x4: 	0x00000000
x5: 	0x00000000
x6: 	0x00000000
x7: 	0x00000000
x8: 	0x00000000
x9: 	0x00000000
x10: 	0x00000000
x11: 	0x00000000
x12: 	0x00000000
x13: 	0x00000000
x14: 	0x00000000
x15: 	0x00000000
x16: 	0x00000000
x17: 	0x00000000
x18: 	0x00000000
x19: 	0x00000000
x20: 	0x00000000
x21: 	0x00000000
x22: 	0x00000000
x23: 	0x00000000
x24: 	0x00000000
x25: 	0x00000000
x26: 	0x00000000
x27: 	0x00000000
x28: 	0x00000000
x29: 	0x00000000
x30: 	0x00000000
x31: 	0x00000000

0x00002aa0	0x00000000	Unkown Instruction 

All Registers: 
x0: 	0x00000000
x1: 	0x00000000
x2: 	0x00000000
x3: 	0x00000000
x4: 	0x00000000
x5: 	0x00000000
x6: 	0x00000000
x7: 	0x00000000
x8: 	0x00000000
x9: 	0x00000000
x10: 	0x00000000
x11: 	0x00000000
x12: 	0x00000000
x13: 	0x00000000
x14: 	0x00000000
x15: 	0x00000000
x16: 	0x00000000
x17: 	0x00000000
x18: 	0x00000000
x19: 	0x00000000
x20: 	0x00000000
x21: 	0x00000000
x22: 	0x00000000
x23: 	0x00000000
x24: 	0x00000000
x25: 	0x00000000
x26: 	0x00000000
x27: 	0x00000000
x28: 	0x00000000
x29: 	0x00000000
x30: 	0x00000000
x31: 	0x00000000

0x00002aa4	0x00000000	Unkown Instruction 

All Registers: 
x0: 	0x00000000
x1: 	0x00000000
x2: 	0x00000000
x3: 	0x00000000
x4: 	0x00000000
x5: 	0x00000000
x6: 	0x00000000
x7: 	0x00000000
x8: 	0x00000000
x9: 	0x00000000
x10: 	0x00000000
x11: 	0x00000000
x12: 	0x00000000
x13: 	0x00000000
x14: 	0x00000000
x15: 	0x00000000
x16: 	0x00000000
x17: 	0x00000000
x18: 	0x00000000
x19: 	0x00000000
x20: 	0x00000000
x21: 	0x00000000
x22: 	0x00000000
x23: 	0x00000000
x24: 	0x00000000
x25: 	0x00000000
x26: 	0x00000000
x27: 	0x00000000
x28: 	0x00000000
x29: 	0x00000000
x30: 	0x00000000
x31: 	0x00000000

0x00002aa8	0x00000000	Unkown Instruction 

All Registers: 
x0: 	0x00000000
x1: 	0x00000000
x2: 	0x00000000
x3: 	0x00000000
x4: 	0x00000000
x5: 	0x00000000
x6: 	0x00000000
x7: 	0x00000000
x8: 	0x00000000
x9: 	0x00000000
x10: 	0x00000000
x11: 	0x00000000
x12: 	0x00000000
x13: 	0x00000000
x14: 	0x00000000
x15: 	0x00000000
x16: 	0x00000000
x17: 	0x00000000
x18: 	0x00000000
x19: 	0x00000000
x20: 	0x00000000
x21: 	0x00000000
x22: 	0x00000000
x23: 	0x00000000
x24: 	0x00000000
x25: 	0x00000000
x26: 	0x00000000
x27: 	0x00000000
x28: 	0x00000000
x29: 	0x00000000
x30: 	0x00000000
x31: 	0x00000000

0x00002aac	0x00000000	Unkown Instruction 

All Registers: 
x0: 	0x00000000
x1: 	0x00000000
x2: 	0x00000000
x3: 	0x00000000
x4: 	0x00000000
x5: 	0x00000000
x6: 	0x00000000
x7: 	0x00000000
x8: 	0x00000000
x9: 	0x00000000
x10: 	0x00000000
x11: 	0x00000000
x12: 	0x00000000
x13: 	0x00000000
x14: 	0x00000000
x15: 	0x00000000
x16: 	0x00000000
x17: 	0x00000000
x18: 	0x00000000
x19: 	0x00000000
x20: 	0x00000000
x21: 	0x00000000
x22: 	0x00000000
x23: 	0x00000000
x24: 	0x00000000
x25: 	0x00000000
x26: 	0x00000000
x27: 	0x00000000
x28: 	0x00000000
x29: 	0x00000000
x30: 	0x00000000
x31: 	0x00000000

0x00002ab0	0x00000000	Unkown Instruction 

All Registers: 
x0: 	0x00000000
x1: 	0x00000000
x2: 	0x00000000
x3: 	0x00000000
x4: 	0x00000000
x5: 	0x00000000
x6: 	0x00000000
x7: 	0x00000000
x8: 	0x00000000
x9: 	0x00000000
x10: 	0x00000000
x11: 	0x00000000
x12: 	0x00000000
x13: 	0x00000000
x14: 	0x00000000
x15: 	0x00000000
x16: 	0x00000000
x17: 	0x00000000
x18: 	0x00000000
x19: 	0x00000000
x20: 	0x00000000
x21: 	0x00000000
x22: 	0x00000000
x23: 	0x00000000
x24: 	0x00000000
x25: 	0x00000000
x26: 	0x00000000
x27: 	0x00000000
x28: 	0x00000000
x29: 	0x00000000
x30: 	0x00000000
x31: 	0x00000000

0x00002ab4	0x00000000	Unkown Instruction 

All Registers: 
x0: 	0x00000000
x1: 	0x00000000
x2: 	0x00000000
x3: 	0x00000000
x4: 	0x00000000
x5: 	0x00000000
x6: 	0x00000000
x7: 	0x00000000
x8: 	0x00000000
x9: 	0x00000000
x10: 	0x00000000
x11: 	0x00000000
x12: 	0x00000000
x13: 	0x00000000
x14: 	0x00000000
x15: 	0x00000000
x16: 	0x00000000
x17: 	0x00000000
x18: 	0x00000000
x19: 	0x00000000
x20: 	0x00000000
x21: 	0x00000000
x22: 	0x00000000
x23: 	0x00000000
x24: 	0x00000000
x25: 	0x00000000
x26: 	0x00000000
x27: 	0x00000000
x28: 	0x00000000
x29: 	0x00000000
x30: 	0x00000000
x31: 	0x00000000

0x00002ab8	0x00000000	Unkown Instruction 

All Registers: 
x0: 	0x00000000
x1: 	0x00000000
x2: 	0x00000000
x3: 	0x00000000
x4: 	0x00000000
x5: 	0x00000000
x6: 	0x00000000
x7: 	0x00000000
x8: 	0x00000000
x9: 	0x00000000
x10: 	0x00000000
x11: 	0x00000000
x12: 	0x00000000
x13: 	0x00000000
x14: 	0x00000000
x15: 	0x00000000
x16: 	0x00000000
x17: 	0x00000000
x18: 	0x00000000
x19: 	0x00000000
x20: 	0x00000000
x21: 	0x00000000
x22: 	0x00000000
x23: 	0x00000000
x24: 	0x00000000
x25: 	0x00000000
x26: 	0x00000000
x27: 	0x00000000
x28: 	0x00000000
x29: 	0x00000000
x30: 	0x00000000
x31: 	0x00000000

0x00002abc	0x00000000	Unkown Instruction 

All Registers: 
x0: 	0x00000000
x1: 	0x00000000
x2: 	0x00000000
x3: 	0x00000000
x4: 	0x00000000
x5: 	0x00000000
x6: 	0x00000000
x7: 	0x00000000
x8: 	0x00000000
x9: 	0x00000000
x10: 	0x00000000
x11: 	0x00000000
x12: 	0x00000000
x13: 	0x00000000
x14: 	0x00000000
x15: 	0x00000000
x16: 	0x00000000
x17: 	0x00000000
x18: 	0x00000000
x19: 	0x00000000
x20: 	0x00000000
x21: 	0x00000000
x22: 	0x00000000
x23: 	0x00000000
x24: 	0x00000000
x25: 	0x00000000
x26: 	0x00000000
x27: 	0x00000000
x28: 	0x00000000
x29: 	0x00000000
x30: 	0x00000000
x31: 	0x00000000

0x00002ac0	0x00000000	Unkown Instruction 

All Registers: 
x0: 	0x00000000
x1: 	0x00000000
x2: 	0x00000000
x3: 	0x00000000
x4: 	0x00000000
x5: 	0x00000000
x6: 	0x00000000
x7: 	0x00000000
x8: 	0x00000000
x9: 	0x00000000
x10: 	0x00000000
x11: 	0x00000000
x12: 	0x00000000
x13: 	0x00000000
x14: 	0x00000000
x15: 	0x00000000
x16: 	0x00000000
x17: 	0x00000000
x18: 	0x00000000
x19: 	0x00000000
x20: 	0x00000000
x21: 	0x00000000
x22: 	0x00000000
x23: 	0x00000000
x24: 	0x00000000
x25: 	0x00000000
x26: 	0x00000000
x27: 	0x00000000
x28: 	0x00000000
x29: 	0x00000000
x30: 	0x00000000
x31: 	0x00000000

0x00002ac4	0x00000000	Unkown Instruction 

All Registers: 
x0: 	0x00000000
x1: 	0x00000000
x2: 	0x00000000
x3: 	0x00000000
x4: 	0x00000000
x5: 	0x00000000
x6: 	0x00000000
x7: 	0x00000000
x8: 	0x00000000
x9: 	0x00000000
x10: 	0x00000000
x11: 	0x00000000
x12: 	0x00000000
x13: 	0x00000000
x14: 	0x00000000
x15: 	0x00000000
x16: 	0x00000000
x17: 	0x00000000
x18: 	0x00000000
x19: 	0x00000000
x20: 	0x00000000
x21: 	0x00000000
x22: 	0x00000000
x23: 	0x00000000
x24: 	0x00000000
x25: 	0x00000000
x26: 	0x00000000
x27: 	0x00000000
x28: 	0x00000000
x29: 	0x00000000
x30: 	0x00000000
x31: 	0x00000000

0x00002ac8	0x00000000	Unkown Instruction 

All Registers: 
x0: 	0x00000000
x1: 	0x00000000
x2: 	0x00000000
x3: 	0x00000000
x4: 	0x00000000
x5: 	0x00000000
x6: 	0x00000000
x7: 	0x00000000
x8: 	0x00000000
x9: 	0x00000000
x10: 	0x00000000
x11: 	0x00000000
x12: 	0x00000000
x13: 	0x00000000
x14: 	0x00000000
x15: 	0x00000000
x16: 	0x00000000
x17: 	0x00000000
x18: 	0x00000000
x19: 	0x00000000
x20: 	0x00000000
x21: 	0x00000000
x22: 	0x00000000
x23: 	0x00000000
x24: 	0x00000000
x25: 	0x00000000
x26: 	0x00000000
x27: 	0x00000000
x28: 	0x00000000
x29: 	0x00000000
x30: 	0x00000000
x31: 	0x00000000

0x00002acc	0x00000000	Unkown Instruction 

All Registers: 
x0: 	0x00000000
x1: 	0x00000000
x2: 	0x00000000
x3: 	0x00000000
x4: 	0x00000000
x5: 	0x00000000
x6: 	0x00000000
x7: 	0x00000000
x8: 	0x00000000
x9: 	0x00000000
x10: 	0x00000000
x11: 	0x00000000
x12: 	0x00000000
x13: 	0x00000000
x14: 	0x00000000
x15: 	0x00000000
x16: 	0x00000000
x17: 	0x00000000
x18: 	0x00000000
x19: 	0x00000000
x20: 	0x00000000
x21: 	0x00000000
x22: 	0x00000000
x23: 	0x00000000
x24: 	0x00000000
x25: 	0x00000000
x26: 	0x00000000
x27: 	0x00000000
x28: 	0x00000000
x29: 	0x00000000
x30: 	0x00000000
x31: 	0x00000000

0x00002ad0	0x00000000	Unkown Instruction 

All Registers: 
x0: 	0x00000000
x1: 	0x00000000
x2: 	0x00000000
x3: 	0x00000000
x4: 	0x00000000
x5: 	0x00000000
x6: 	0x00000000
x7: 	0x00000000
x8: 	0x00000000
x9: 	0x00000000
x10: 	0x00000000
x11: 	0x00000000
x12: 	0x00000000
x13: 	0x00000000
x14: 	0x00000000
x15: 	0x00000000
x16: 	0x00000000
x17: 	0x00000000
x18: 	0x00000000
x19: 	0x00000000
x20: 	0x00000000
x21: 	0x00000000
x22: 	0x00000000
x23: 	0x00000000
x24: 	0x00000000
x25: 	0x00000000
x26: 	0x00000000
x27: 	0x00000000
x28: 	0x00000000
x29: 	0x00000000
x30: 	0x00000000
x31: 	0x00000000

0x00002ad4	0x00000000	Unkown Instruction 

All Registers: 
x0: 	0x00000000
x1: 	0x00000000
x2: 	0x00000000
x3: 	0x00000000
x4: 	0x00000000
x5: 	0x00000000
x6: 	0x00000000
x7: 	0x00000000
x8: 	0x00000000
x9: 	0x00000000
x10: 	0x00000000
x11: 	0x00000000
x12: 	0x00000000
x13: 	0x00000000
x14: 	0x00000000
x15: 	0x00000000
x16: 	0x00000000
x17: 	0x00000000
x18: 	0x00000000
x19: 	0x00000000
x20: 	0x00000000
x21: 	0x00000000
x22: 	0x00000000
x23: 	0x00000000
x24: 	0x00000000
x25: 	0x00000000
x26: 	0x00000000
x27: 	0x00000000
x28: 	0x00000000
x29: 	0x00000000
x30: 	0x00000000
x31: 	0x00000000

0x00002ad8	0x00000000	Unkown Instruction 

All Registers: 
x0: 	0x00000000
x1: 	0x00000000
x2: 	0x00000000
x3: 	0x00000000
x4: 	0x00000000
x5: 	0x00000000
x6: 	0x00000000
x7: 	0x00000000
x8: 	0x00000000
x9: 	0x00000000
x10: 	0x00000000
x11: 	0x00000000
x12: 	0x00000000
x13: 	0x00000000
x14: 	0x00000000
x15: 	0x00000000
x16: 	0x00000000
x17: 	0x00000000
x18: 	0x00000000
x19: 	0x00000000
x20: 	0x00000000
x21: 	0x00000000
x22: 	0x00000000
x23: 	0x00000000
x24: 	0x00000000
x25: 	0x00000000
x26: 	0x00000000
x27: 	0x00000000
x28: 	0x00000000
x29: 	0x00000000
x30: 	0x00000000
x31: 	0x00000000

0x00002adc	0x00000000	Unkown Instruction 

All Registers: 
x0: 	0x00000000
x1: 	0x00000000
x2: 	0x00000000
x3: 	0x00000000
x4: 	0x00000000
x5: 	0x00000000
x6: 	0x00000000
x7: 	0x00000000
x8: 	0x00000000
x9: 	0x00000000
x10: 	0x00000000
x11: 	0x00000000
x12: 	0x00000000
x13: 	0x00000000
x14: 	0x00000000
x15: 	0x00000000
x16: 	0x00000000
x17: 	0x00000000
x18: 	0x00000000
x19: 	0x00000000
x20: 	0x00000000
x21: 	0x00000000
x22: 	0x00000000
x23: 	0x00000000
x24: 	0x00000000
x25: 	0x00000000
x26: 	0x00000000
x27: 	0x00000000
x28: 	0x00000000
x29: 	0x00000000
x30: 	0x00000000
x31: 	0x00000000

0x00002ae0	0x00000000	Unkown Instruction 

All Registers: 
x0: 	0x00000000
x1: 	0x00000000
x2: 	0x00000000
x3: 	0x00000000
x4: 	0x00000000
x5: 	0x00000000
x6: 	0x00000000
x7: 	0x00000000
x8: 	0x00000000
x9: 	0x00000000
x10: 	0x00000000
x11: 	0x00000000
x12: 	0x00000000
x13: 	0x00000000
x14: 	0x00000000
x15: 	0x00000000
x16: 	0x00000000
x17: 	0x00000000
x18: 	0x00000000
x19: 	0x00000000
x20: 	0x00000000
x21: 	0x00000000
x22: 	0x00000000
x23: 	0x00000000
x24: 	0x00000000
x25: 	0x00000000
x26: 	0x00000000
x27: 	0x00000000
x28: 	0x00000000
x29: 	0x00000000
x30: 	0x00000000
x31: 	0x00000000

0x00002ae4	0x00000000	Unkown Instruction 

All Registers: 
x0: 	0x00000000
x1: 	0x00000000
x2: 	0x00000000
x3: 	0x00000000
x4: 	0x00000000
x5: 	0x00000000
x6: 	0x00000000
x7: 	0x00000000
x8: 	0x00000000
x9: 	0x00000000
x10: 	0x00000000
x11: 	0x00000000
x12: 	0x00000000
x13: 	0x00000000
x14: 	0x00000000
x15: 	0x00000000
x16: 	0x00000000
x17: 	0x00000000
x18: 	0x00000000
x19: 	0x00000000
x20: 	0x00000000
x21: 	0x00000000
x22: 	0x00000000
x23: 	0x00000000
x24: 	0x00000000
x25: 	0x00000000
x26: 	0x00000000
x27: 	0x00000000
x28: 	0x00000000
x29: 	0x00000000
x30: 	0x00000000
x31: 	0x00000000

0x00002ae8	0x00000000	Unkown Instruction 

All Registers: 
x0: 	0x00000000
x1: 	0x00000000
x2: 	0x00000000
x3: 	0x00000000
x4: 	0x00000000
x5: 	0x00000000
x6: 	0x00000000
x7: 	0x00000000
x8: 	0x00000000
x9: 	0x00000000
x10: 	0x00000000
x11: 	0x00000000
x12: 	0x00000000
x13: 	0x00000000
x14: 	0x00000000
x15: 	0x00000000
x16: 	0x00000000
x17: 	0x00000000
x18: 	0x00000000
x19: 	0x00000000
x20: 	0x00000000
x21: 	0x00000000
x22: 	0x00000000
x23: 	0x00000000
x24: 	0x00000000
x25: 	0x00000000
x26: 	0x00000000
x27: 	0x00000000
x28: 	0x00000000
x29: 	0x00000000
x30: 	0x00000000
x31: 	0x00000000

0x00002aec	0x00000000	Unkown Instruction 

All Registers: 
x0: 	0x00000000
x1: 	0x00000000
x2: 	0x00000000
x3: 	0x00000000
x4: 	0x00000000
x5: 	0x00000000
x6: 	0x00000000
x7: 	0x00000000
x8: 	0x00000000
x9: 	0x00000000
x10: 	0x00000000
x11: 	0x00000000
x12: 	0x00000000
x13: 	0x00000000
x14: 	0x00000000
x15: 	0x00000000
x16: 	0x00000000
x17: 	0x00000000
x18: 	0x00000000
x19: 	0x00000000
x20: 	0x00000000
x21: 	0x00000000
x22: 	0x00000000
x23: 	0x00000000
x24: 	0x00000000
x25: 	0x00000000
x26: 	0x00000000
x27: 	0x00000000
x28: 	0x00000000
x29: 	0x00000000
x30: 	0x00000000
x31: 	0x00000000

0x00002af0	0x00000000	Unkown Instruction 

All Registers: 
x0: 	0x00000000
x1: 	0x00000000
x2: 	0x00000000
x3: 	0x00000000
x4: 	0x00000000
x5: 	0x00000000
x6: 	0x00000000
x7: 	0x00000000
x8: 	0x00000000
x9: 	0x00000000
x10: 	0x00000000
x11: 	0x00000000
x12: 	0x00000000
x13: 	0x00000000
x14: 	0x00000000
x15: 	0x00000000
x16: 	0x00000000
x17: 	0x00000000
x18: 	0x00000000
x19: 	0x00000000
x20: 	0x00000000
x21: 	0x00000000
x22: 	0x00000000
x23: 	0x00000000
x24: 	0x00000000
x25: 	0x00000000
x26: 	0x00000000
x27: 	0x00000000
x28: 	0x00000000
x29: 	0x00000000
x30: 	0x00000000
x31: 	0x00000000

0x00002af4	0x00000000	Unkown Instruction 

All Registers: 
x0: 	0x00000000
x1: 	0x00000000
x2: 	0x00000000
x3: 	0x00000000
x4: 	0x00000000
x5: 	0x00000000
x6: 	0x00000000
x7: 	0x00000000
x8: 	0x00000000
x9: 	0x00000000
x10: 	0x00000000
x11: 	0x00000000
x12: 	0x00000000
x13: 	0x00000000
x14: 	0x00000000
x15: 	0x00000000
x16: 	0x00000000
x17: 	0x00000000
x18: 	0x00000000
x19: 	0x00000000
x20: 	0x00000000
x21: 	0x00000000
x22: 	0x00000000
x23: 	0x00000000
x24: 	0x00000000
x25: 	0x00000000
x26: 	0x00000000
x27: 	0x00000000
x28: 	0x00000000
x29: 	0x00000000
x30: 	0x00000000
x31: 	0x00000000

0x00002af8	0x00000000	Unkown Instruction 

All Registers: 
x0: 	0x00000000
x1: 	0x00000000
x2: 	0x00000000
x3: 	0x00000000
x4: 	0x00000000
x5: 	0x00000000
x6: 	0x00000000
x7: 	0x00000000
x8: 	0x00000000
x9: 	0x00000000
x10: 	0x00000000
x11: 	0x00000000
x12: 	0x00000000
x13: 	0x00000000
x14: 	0x00000000
x15: 	0x00000000
x16: 	0x00000000
x17: 	0x00000000
x18: 	0x00000000
x19: 	0x00000000
x20: 	0x00000000
x21: 	0x00000000
x22: 	0x00000000
x23: 	0x00000000
x24: 	0x00000000
x25: 	0x00000000
x26: 	0x00000000
x27: 	0x00000000
x28: 	0x00000000
x29: 	0x00000000
x30: 	0x00000000
x31: 	0x00000000

0x00002afc	0x00000000	Unkown Instruction 

All Registers: 
x0: 	0x00000000
x1: 	0x00000000
x2: 	0x00000000
x3: 	0x00000000
x4: 	0x00000000
x5: 	0x00000000
x6: 	0x00000000
x7: 	0x00000000
x8: 	0x00000000
x9: 	0x00000000
x10: 	0x00000000
x11: 	0x00000000
x12: 	0x00000000
x13: 	0x00000000
x14: 	0x00000000
x15: 	0x00000000
x16: 	0x00000000
x17: 	0x00000000
x18: 	0x00000000
x19: 	0x00000000
x20: 	0x00000000
x21: 	0x00000000
x22: 	0x00000000
x23: 	0x00000000
x24: 	0x00000000
x25: 	0x00000000
x26: 	0x00000000
x27: 	0x00000000
x28: 	0x00000000
x29: 	0x00000000
x30: 	0x00000000
x31: 	0x00000000

0x00002b00	0x00000000	Unkown Instruction 

All Registers: 
x0: 	0x00000000
x1: 	0x00000000
x2: 	0x00000000
x3: 	0x00000000
x4: 	0x00000000
x5: 	0x00000000
x6: 	0x00000000
x7: 	0x00000000
x8: 	0x00000000
x9: 	0x00000000
x10: 	0x00000000
x11: 	0x00000000
x12: 	0x00000000
x13: 	0x00000000
x14: 	0x00000000
x15: 	0x00000000
x16: 	0x00000000
x17: 	0x00000000
x18: 	0x00000000
x19: 	0x00000000
x20: 	0x00000000
x21: 	0x00000000
x22: 	0x00000000
x23: 	0x00000000
x24: 	0x00000000
x25: 	0x00000000
x26: 	0x00000000
x27: 	0x00000000
x28: 	0x00000000
x29: 	0x00000000
x30: 	0x00000000
x31: 	0x00000000

0x00002b04	0x00000000	Unkown Instruction 

All Registers: 
x0: 	0x00000000
x1: 	0x00000000
x2: 	0x00000000
x3: 	0x00000000
x4: 	0x00000000
x5: 	0x00000000
x6: 	0x00000000
x7: 	0x00000000
x8: 	0x00000000
x9: 	0x00000000
x10: 	0x00000000
x11: 	0x00000000
x12: 	0x00000000
x13: 	0x00000000
x14: 	0x00000000
x15: 	0x00000000
x16: 	0x00000000
x17: 	0x00000000
x18: 	0x00000000
x19: 	0x00000000
x20: 	0x00000000
x21: 	0x00000000
x22: 	0x00000000
x23: 	0x00000000
x24: 	0x00000000
x25: 	0x00000000
x26: 	0x00000000
x27: 	0x00000000
x28: 	0x00000000
x29: 	0x00000000
x30: 	0x00000000
x31: 	0x00000000

0x00002b08	0x00000000	Unkown Instruction 

All Registers: 
x0: 	0x00000000
x1: 	0x00000000
x2: 	0x00000000
x3: 	0x00000000
x4: 	0x00000000
x5: 	0x00000000
x6: 	0x00000000
x7: 	0x00000000
x8: 	0x00000000
x9: 	0x00000000
x10: 	0x00000000
x11: 	0x00000000
x12: 	0x00000000
x13: 	0x00000000
x14: 	0x00000000
x15: 	0x00000000
x16: 	0x00000000
x17: 	0x00000000
x18: 	0x00000000
x19: 	0x00000000
x20: 	0x00000000
x21: 	0x00000000
x22: 	0x00000000
x23: 	0x00000000
x24: 	0x00000000
x25: 	0x00000000
x26: 	0x00000000
x27: 	0x00000000
x28: 	0x00000000
x29: 	0x00000000
x30: 	0x00000000
x31: 	0x00000000

0x00002b0c	0x00000000	Unkown Instruction 

All Registers: 
x0: 	0x00000000
x1: 	0x00000000
x2: 	0x00000000
x3: 	0x00000000
x4: 	0x00000000
x5: 	0x00000000
x6: 	0x00000000
x7: 	0x00000000
x8: 	0x00000000
x9: 	0x00000000
x10: 	0x00000000
x11: 	0x00000000
x12: 	0x00000000
x13: 	0x00000000
x14: 	0x00000000
x15: 	0x00000000
x16: 	0x00000000
x17: 	0x00000000
x18: 	0x00000000
x19: 	0x00000000
x20: 	0x00000000
x21: 	0x00000000
x22: 	0x00000000
x23: 	0x00000000
x24: 	0x00000000
x25: 	0x00000000
x26: 	0x00000000
x27: 	0x00000000
x28: 	0x00000000
x29: 	0x00000000
x30: 	0x00000000
x31: 	0x00000000

0x00002b10	0x00000000	Unkown Instruction 

All Registers: 
x0: 	0x00000000
x1: 	0x00000000
x2: 	0x00000000
x3: 	0x00000000
x4: 	0x00000000
x5: 	0x00000000
x6: 	0x00000000
x7: 	0x00000000
x8: 	0x00000000
x9: 	0x00000000
x10: 	0x00000000
x11: 	0x00000000
x12: 	0x00000000
x13: 	0x00000000
x14: 	0x00000000
x15: 	0x00000000
x16: 	0x00000000
x17: 	0x00000000
x18: 	0x00000000
x19: 	0x00000000
x20: 	0x00000000
x21: 	0x00000000
x22: 	0x00000000
x23: 	0x00000000
x24: 	0x00000000
x25: 	0x00000000
x26: 	0x00000000
x27: 	0x00000000
x28: 	0x00000000
x29: 	0x00000000
x30: 	0x00000000
x31: 	0x00000000

0x00002b14	0x00000000	Unkown Instruction 

All Registers: 
x0: 	0x00000000
x1: 	0x00000000
x2: 	0x00000000
x3: 	0x00000000
x4: 	0x00000000
x5: 	0x00000000
x6: 	0x00000000
x7: 	0x00000000
x8: 	0x00000000
x9: 	0x00000000
x10: 	0x00000000
x11: 	0x00000000
x12: 	0x00000000
x13: 	0x00000000
x14: 	0x00000000
x15: 	0x00000000
x16: 	0x00000000
x17: 	0x00000000
x18: 	0x00000000
x19: 	0x00000000
x20: 	0x00000000
x21: 	0x00000000
x22: 	0x00000000
x23: 	0x00000000
x24: 	0x00000000
x25: 	0x00000000
x26: 	0x00000000
x27: 	0x00000000
x28: 	0x00000000
x29: 	0x00000000
x30: 	0x00000000
x31: 	0x00000000

0x00002b18	0x00000000	Unkown Instruction 

All Registers: 
x0: 	0x00000000
x1: 	0x00000000
x2: 	0x00000000
x3: 	0x00000000
x4: 	0x00000000
x5: 	0x00000000
x6: 	0x00000000
x7: 	0x00000000
x8: 	0x00000000
x9: 	0x00000000
x10: 	0x00000000
x11: 	0x00000000
x12: 	0x00000000
x13: 	0x00000000
x14: 	0x00000000
x15: 	0x00000000
x16: 	0x00000000
x17: 	0x00000000
x18: 	0x00000000
x19: 	0x00000000
x20: 	0x00000000
x21: 	0x00000000
x22: 	0x00000000
x23: 	0x00000000
x24: 	0x00000000
x25: 	0x00000000
x26: 	0x00000000
x27: 	0x00000000
x28: 	0x00000000
x29: 	0x00000000
x30: 	0x00000000
x31: 	0x00000000

0x00002b1c	0x00000000	Unkown Instruction 

All Registers: 
x0: 	0x00000000
x1: 	0x00000000
x2: 	0x00000000
x3: 	0x00000000
x4: 	0x00000000
x5: 	0x00000000
x6: 	0x00000000
x7: 	0x00000000
x8: 	0x00000000
x9: 	0x00000000
x10: 	0x00000000
x11: 	0x00000000
x12: 	0x00000000
x13: 	0x00000000
x14: 	0x00000000
x15: 	0x00000000
x16: 	0x00000000
x17: 	0x00000000
x18: 	0x00000000
x19: 	0x00000000
x20: 	0x00000000
x21: 	0x00000000
x22: 	0x00000000
x23: 	0x00000000
x24: 	0x00000000
x25: 	0x00000000
x26: 	0x00000000
x27: 	0x00000000
x28: 	0x00000000
x29: 	0x00000000
x30: 	0x00000000
x31: 	0x00000000

0x00002b20	0x00000000	Unkown Instruction 

All Registers: 
x0: 	0x00000000
x1: 	0x00000000
x2: 	0x00000000
x3: 	0x00000000
x4: 	0x00000000
x5: 	0x00000000
x6: 	0x00000000
x7: 	0x00000000
x8: 	0x00000000
x9: 	0x00000000
x10: 	0x00000000
x11: 	0x00000000
x12: 	0x00000000
x13: 	0x00000000
x14: 	0x00000000
x15: 	0x00000000
x16: 	0x00000000
x17: 	0x00000000
x18: 	0x00000000
x19: 	0x00000000
x20: 	0x00000000
x21: 	0x00000000
x22: 	0x00000000
x23: 	0x00000000
x24: 	0x00000000
x25: 	0x00000000
x26: 	0x00000000
x27: 	0x00000000
x28: 	0x00000000
x29: 	0x00000000
x30: 	0x00000000
x31: 	0x00000000

0x00002b24	0x00000000	Unkown Instruction 

All Registers: 
x0: 	0x00000000
x1: 	0x00000000
x2: 	0x00000000
x3: 	0x00000000
x4: 	0x00000000
x5: 	0x00000000
x6: 	0x00000000
x7: 	0x00000000
x8: 	0x00000000
x9: 	0x00000000
x10: 	0x00000000
x11: 	0x00000000
x12: 	0x00000000
x13: 	0x00000000
x14: 	0x00000000
x15: 	0x00000000
x16: 	0x00000000
x17: 	0x00000000
x18: 	0x00000000
x19: 	0x00000000
x20: 	0x00000000
x21: 	0x00000000
x22: 	0x00000000
x23: 	0x00000000
x24: 	0x00000000
x25: 	0x00000000
x26: 	0x00000000
x27: 	0x00000000
x28: 	0x00000000
x29: 	0x00000000
x30: 	0x00000000
x31: 	0x00000000

0x00002b28	0x00000000	Unkown Instruction 

All Registers: 
x0: 	0x00000000
x1: 	0x00000000
x2: 	0x00000000
x3: 	0x00000000
x4: 	0x00000000
x5: 	0x00000000
x6: 	0x00000000
x7: 	0x00000000
x8: 	0x00000000
x9: 	0x00000000
x10: 	0x00000000
x11: 	0x00000000
x12: 	0x00000000
x13: 	0x00000000
x14: 	0x00000000
x15: 	0x00000000
x16: 	0x00000000
x17: 	0x00000000
x18: 	0x00000000
x19: 	0x00000000
x20: 	0x00000000
x21: 	0x00000000
x22: 	0x00000000
x23: 	0x00000000
x24: 	0x00000000
x25: 	0x00000000
x26: 	0x00000000
x27: 	0x00000000
x28: 	0x00000000
x29: 	0x00000000
x30: 	0x00000000
x31: 	0x00000000

0x00002b2c	0x00000000	Unkown Instruction 

All Registers: 
x0: 	0x00000000
x1: 	0x00000000
x2: 	0x00000000
x3: 	0x00000000
x4: 	0x00000000
x5: 	0x00000000
x6: 	0x00000000
x7: 	0x00000000
x8: 	0x00000000
x9: 	0x00000000
x10: 	0x00000000
x11: 	0x00000000
x12: 	0x00000000
x13: 	0x00000000
x14: 	0x00000000
x15: 	0x00000000
x16: 	0x00000000
x17: 	0x00000000
x18: 	0x00000000
x19: 	0x00000000
x20: 	0x00000000
x21: 	0x00000000
x22: 	0x00000000
x23: 	0x00000000
x24: 	0x00000000
x25: 	0x00000000
x26: 	0x00000000
x27: 	0x00000000
x28: 	0x00000000
x29: 	0x00000000
x30: 	0x00000000
x31: 	0x00000000

0x00002b30	0x00000000	Unkown Instruction 

All Registers: 
x0: 	0x00000000
x1: 	0x00000000
x2: 	0x00000000
x3: 	0x00000000
x4: 	0x00000000
x5: 	0x00000000
x6: 	0x00000000
x7: 	0x00000000
x8: 	0x00000000
x9: 	0x00000000
x10: 	0x00000000
x11: 	0x00000000
x12: 	0x00000000
x13: 	0x00000000
x14: 	0x00000000
x15: 	0x00000000
x16: 	0x00000000
x17: 	0x00000000
x18: 	0x00000000
x19: 	0x00000000
x20: 	0x00000000
x21: 	0x00000000
x22: 	0x00000000
x23: 	0x00000000
x24: 	0x00000000
x25: 	0x00000000
x26: 	0x00000000
x27: 	0x00000000
x28: 	0x00000000
x29: 	0x00000000
x30: 	0x00000000
x31: 	0x00000000

0x00002b34	0x00000000	Unkown Instruction 

All Registers: 
x0: 	0x00000000
x1: 	0x00000000
x2: 	0x00000000
x3: 	0x00000000
x4: 	0x00000000
x5: 	0x00000000
x6: 	0x00000000
x7: 	0x00000000
x8: 	0x00000000
x9: 	0x00000000
x10: 	0x00000000
x11: 	0x00000000
x12: 	0x00000000
x13: 	0x00000000
x14: 	0x00000000
x15: 	0x00000000
x16: 	0x00000000
x17: 	0x00000000
x18: 	0x00000000
x19: 	0x00000000
x20: 	0x00000000
x21: 	0x00000000
x22: 	0x00000000
x23: 	0x00000000
x24: 	0x00000000
x25: 	0x00000000
x26: 	0x00000000
x27: 	0x00000000
x28: 	0x00000000
x29: 	0x00000000
x30: 	0x00000000
x31: 	0x00000000

0x00002b38	0x00000000	Unkown Instruction 

All Registers: 
x0: 	0x00000000
x1: 	0x00000000
x2: 	0x00000000
x3: 	0x00000000
x4: 	0x00000000
x5: 	0x00000000
x6: 	0x00000000
x7: 	0x00000000
x8: 	0x00000000
x9: 	0x00000000
x10: 	0x00000000
x11: 	0x00000000
x12: 	0x00000000
x13: 	0x00000000
x14: 	0x00000000
x15: 	0x00000000
x16: 	0x00000000
x17: 	0x00000000
x18: 	0x00000000
x19: 	0x00000000
x20: 	0x00000000
x21: 	0x00000000
x22: 	0x00000000
x23: 	0x00000000
x24: 	0x00000000
x25: 	0x00000000
x26: 	0x00000000
x27: 	0x00000000
x28: 	0x00000000
x29: 	0x00000000
x30: 	0x00000000
x31: 	0x00000000

0x00002b3c	0x00000000	Unkown Instruction 

All Registers: 
x0: 	0x00000000
x1: 	0x00000000
x2: 	0x00000000
x3: 	0x00000000
x4: 	0x00000000
x5: 	0x00000000
x6: 	0x00000000
x7: 	0x00000000
x8: 	0x00000000
x9: 	0x00000000
x10: 	0x00000000
x11: 	0x00000000
x12: 	0x00000000
x13: 	0x00000000
x14: 	0x00000000
x15: 	0x00000000
x16: 	0x00000000
x17: 	0x00000000
x18: 	0x00000000
x19: 	0x00000000
x20: 	0x00000000
x21: 	0x00000000
x22: 	0x00000000
x23: 	0x00000000
x24: 	0x00000000
x25: 	0x00000000
x26: 	0x00000000
x27: 	0x00000000
x28: 	0x00000000
x29: 	0x00000000
x30: 	0x00000000
x31: 	0x00000000

0x00002b40	0x00000000	Unkown Instruction 

All Registers: 
x0: 	0x00000000
x1: 	0x00000000
x2: 	0x00000000
x3: 	0x00000000
x4: 	0x00000000
x5: 	0x00000000
x6: 	0x00000000
x7: 	0x00000000
x8: 	0x00000000
x9: 	0x00000000
x10: 	0x00000000
x11: 	0x00000000
x12: 	0x00000000
x13: 	0x00000000
x14: 	0x00000000
x15: 	0x00000000
x16: 	0x00000000
x17: 	0x00000000
x18: 	0x00000000
x19: 	0x00000000
x20: 	0x00000000
x21: 	0x00000000
x22: 	0x00000000
x23: 	0x00000000
x24: 	0x00000000
x25: 	0x00000000
x26: 	0x00000000
x27: 	0x00000000
x28: 	0x00000000
x29: 	0x00000000
x30: 	0x00000000
x31: 	0x00000000

0x00002b44	0x00000000	Unkown Instruction 

All Registers: 
x0: 	0x00000000
x1: 	0x00000000
x2: 	0x00000000
x3: 	0x00000000
x4: 	0x00000000
x5: 	0x00000000
x6: 	0x00000000
x7: 	0x00000000
x8: 	0x00000000
x9: 	0x00000000
x10: 	0x00000000
x11: 	0x00000000
x12: 	0x00000000
x13: 	0x00000000
x14: 	0x00000000
x15: 	0x00000000
x16: 	0x00000000
x17: 	0x00000000
x18: 	0x00000000
x19: 	0x00000000
x20: 	0x00000000
x21: 	0x00000000
x22: 	0x00000000
x23: 	0x00000000
x24: 	0x00000000
x25: 	0x00000000
x26: 	0x00000000
x27: 	0x00000000
x28: 	0x00000000
x29: 	0x00000000
x30: 	0x00000000
x31: 	0x00000000

0x00002b48	0x00000000	Unkown Instruction 

All Registers: 
x0: 	0x00000000
x1: 	0x00000000
x2: 	0x00000000
x3: 	0x00000000
x4: 	0x00000000
x5: 	0x00000000
x6: 	0x00000000
x7: 	0x00000000
x8: 	0x00000000
x9: 	0x00000000
x10: 	0x00000000
x11: 	0x00000000
x12: 	0x00000000
x13: 	0x00000000
x14: 	0x00000000
x15: 	0x00000000
x16: 	0x00000000
x17: 	0x00000000
x18: 	0x00000000
x19: 	0x00000000
x20: 	0x00000000
x21: 	0x00000000
x22: 	0x00000000
x23: 	0x00000000
x24: 	0x00000000
x25: 	0x00000000
x26: 	0x00000000
x27: 	0x00000000
x28: 	0x00000000
x29: 	0x00000000
x30: 	0x00000000
x31: 	0x00000000

0x00002b4c	0x00000000	Unkown Instruction 

All Registers: 
x0: 	0x00000000
x1: 	0x00000000
x2: 	0x00000000
x3: 	0x00000000
x4: 	0x00000000
x5: 	0x00000000
x6: 	0x00000000
x7: 	0x00000000
x8: 	0x00000000
x9: 	0x00000000
x10: 	0x00000000
x11: 	0x00000000
x12: 	0x00000000
x13: 	0x00000000
x14: 	0x00000000
x15: 	0x00000000
x16: 	0x00000000
x17: 	0x00000000
x18: 	0x00000000
x19: 	0x00000000
x20: 	0x00000000
x21: 	0x00000000
x22: 	0x00000000
x23: 	0x00000000
x24: 	0x00000000
x25: 	0x00000000
x26: 	0x00000000
x27: 	0x00000000
x28: 	0x00000000
x29: 	0x00000000
x30: 	0x00000000
x31: 	0x00000000

0x00002b50	0x00000000	Unkown Instruction 

All Registers: 
x0: 	0x00000000
x1: 	0x00000000
x2: 	0x00000000
x3: 	0x00000000
x4: 	0x00000000
x5: 	0x00000000
x6: 	0x00000000
x7: 	0x00000000
x8: 	0x00000000
x9: 	0x00000000
x10: 	0x00000000
x11: 	0x00000000
x12: 	0x00000000
x13: 	0x00000000
x14: 	0x00000000
x15: 	0x00000000
x16: 	0x00000000
x17: 	0x00000000
x18: 	0x00000000
x19: 	0x00000000
x20: 	0x00000000
x21: 	0x00000000
x22: 	0x00000000
x23: 	0x00000000
x24: 	0x00000000
x25: 	0x00000000
x26: 	0x00000000
x27: 	0x00000000
x28: 	0x00000000
x29: 	0x00000000
x30: 	0x00000000
x31: 	0x00000000

0x00002b54	0x00000000	Unkown Instruction 

All Registers: 
x0: 	0x00000000
x1: 	0x00000000
x2: 	0x00000000
x3: 	0x00000000
x4: 	0x00000000
x5: 	0x00000000
x6: 	0x00000000
x7: 	0x00000000
x8: 	0x00000000
x9: 	0x00000000
x10: 	0x00000000
x11: 	0x00000000
x12: 	0x00000000
x13: 	0x00000000
x14: 	0x00000000
x15: 	0x00000000
x16: 	0x00000000
x17: 	0x00000000
x18: 	0x00000000
x19: 	0x00000000
x20: 	0x00000000
x21: 	0x00000000
x22: 	0x00000000
x23: 	0x00000000
x24: 	0x00000000
x25: 	0x00000000
x26: 	0x00000000
x27: 	0x00000000
x28: 	0x00000000
x29: 	0x00000000
x30: 	0x00000000
x31: 	0x00000000

0x00002b58	0x00000000	Unkown Instruction 

All Registers: 
x0: 	0x00000000
x1: 	0x00000000
x2: 	0x00000000
x3: 	0x00000000
x4: 	0x00000000
x5: 	0x00000000
x6: 	0x00000000
x7: 	0x00000000
x8: 	0x00000000
x9: 	0x00000000
x10: 	0x00000000
x11: 	0x00000000
x12: 	0x00000000
x13: 	0x00000000
x14: 	0x00000000
x15: 	0x00000000
x16: 	0x00000000
x17: 	0x00000000
x18: 	0x00000000
x19: 	0x00000000
x20: 	0x00000000
x21: 	0x00000000
x22: 	0x00000000
x23: 	0x00000000
x24: 	0x00000000
x25: 	0x00000000
x26: 	0x00000000
x27: 	0x00000000
x28: 	0x00000000
x29: 	0x00000000
x30: 	0x00000000
x31: 	0x00000000

0x00002b5c	0x00000000	Unkown Instruction 

All Registers: 
x0: 	0x00000000
x1: 	0x00000000
x2: 	0x00000000
x3: 	0x00000000
x4: 	0x00000000
x5: 	0x00000000
x6: 	0x00000000
x7: 	0x00000000
x8: 	0x00000000
x9: 	0x00000000
x10: 	0x00000000
x11: 	0x00000000
x12: 	0x00000000
x13: 	0x00000000
x14: 	0x00000000
x15: 	0x00000000
x16: 	0x00000000
x17: 	0x00000000
x18: 	0x00000000
x19: 	0x00000000
x20: 	0x00000000
x21: 	0x00000000
x22: 	0x00000000
x23: 	0x00000000
x24: 	0x00000000
x25: 	0x00000000
x26: 	0x00000000
x27: 	0x00000000
x28: 	0x00000000
x29: 	0x00000000
x30: 	0x00000000
x31: 	0x00000000

0x00002b60	0x00000000	Unkown Instruction 

All Registers: 
x0: 	0x00000000
x1: 	0x00000000
x2: 	0x00000000
x3: 	0x00000000
x4: 	0x00000000
x5: 	0x00000000
x6: 	0x00000000
x7: 	0x00000000
x8: 	0x00000000
x9: 	0x00000000
x10: 	0x00000000
x11: 	0x00000000
x12: 	0x00000000
x13: 	0x00000000
x14: 	0x00000000
x15: 	0x00000000
x16: 	0x00000000
x17: 	0x00000000
x18: 	0x00000000
x19: 	0x00000000
x20: 	0x00000000
x21: 	0x00000000
x22: 	0x00000000
x23: 	0x00000000
x24: 	0x00000000
x25: 	0x00000000
x26: 	0x00000000
x27: 	0x00000000
x28: 	0x00000000
x29: 	0x00000000
x30: 	0x00000000
x31: 	0x00000000

0x00002b64	0x00000000	Unkown Instruction 

All Registers: 
x0: 	0x00000000
x1: 	0x00000000
x2: 	0x00000000
x3: 	0x00000000
x4: 	0x00000000
x5: 	0x00000000
x6: 	0x00000000
x7: 	0x00000000
x8: 	0x00000000
x9: 	0x00000000
x10: 	0x00000000
x11: 	0x00000000
x12: 	0x00000000
x13: 	0x00000000
x14: 	0x00000000
x15: 	0x00000000
x16: 	0x00000000
x17: 	0x00000000
x18: 	0x00000000
x19: 	0x00000000
x20: 	0x00000000
x21: 	0x00000000
x22: 	0x00000000
x23: 	0x00000000
x24: 	0x00000000
x25: 	0x00000000
x26: 	0x00000000
x27: 	0x00000000
x28: 	0x00000000
x29: 	0x00000000
x30: 	0x00000000
x31: 	0x00000000

0x00002b68	0x00000000	Unkown Instruction 

All Registers: 
x0: 	0x00000000
x1: 	0x00000000
x2: 	0x00000000
x3: 	0x00000000
x4: 	0x00000000
x5: 	0x00000000
x6: 	0x00000000
x7: 	0x00000000
x8: 	0x00000000
x9: 	0x00000000
x10: 	0x00000000
x11: 	0x00000000
x12: 	0x00000000
x13: 	0x00000000
x14: 	0x00000000
x15: 	0x00000000
x16: 	0x00000000
x17: 	0x00000000
x18: 	0x00000000
x19: 	0x00000000
x20: 	0x00000000
x21: 	0x00000000
x22: 	0x00000000
x23: 	0x00000000
x24: 	0x00000000
x25: 	0x00000000
x26: 	0x00000000
x27: 	0x00000000
x28: 	0x00000000
x29: 	0x00000000
x30: 	0x00000000
x31: 	0x00000000

0x00002b6c	0x00000000	Unkown Instruction 

All Registers: 
x0: 	0x00000000
x1: 	0x00000000
x2: 	0x00000000
x3: 	0x00000000
x4: 	0x00000000
x5: 	0x00000000
x6: 	0x00000000
x7: 	0x00000000
x8: 	0x00000000
x9: 	0x00000000
x10: 	0x00000000
x11: 	0x00000000
x12: 	0x00000000
x13: 	0x00000000
x14: 	0x00000000
x15: 	0x00000000
x16: 	0x00000000
x17: 	0x00000000
x18: 	0x00000000
x19: 	0x00000000
x20: 	0x00000000
x21: 	0x00000000
x22: 	0x00000000
x23: 	0x00000000
x24: 	0x00000000
x25: 	0x00000000
x26: 	0x00000000
x27: 	0x00000000
x28: 	0x00000000
x29: 	0x00000000
x30: 	0x00000000
x31: 	0x00000000

0x00002b70	0x00000000	Unkown Instruction 

All Registers: 
x0: 	0x00000000
x1: 	0x00000000
x2: 	0x00000000
x3: 	0x00000000
x4: 	0x00000000
x5: 	0x00000000
x6: 	0x00000000
x7: 	0x00000000
x8: 	0x00000000
x9: 	0x00000000
x10: 	0x00000000
x11: 	0x00000000
x12: 	0x00000000
x13: 	0x00000000
x14: 	0x00000000
x15: 	0x00000000
x16: 	0x00000000
x17: 	0x00000000
x18: 	0x00000000
x19: 	0x00000000
x20: 	0x00000000
x21: 	0x00000000
x22: 	0x00000000
x23: 	0x00000000
x24: 	0x00000000
x25: 	0x00000000
x26: 	0x00000000
x27: 	0x00000000
x28: 	0x00000000
x29: 	0x00000000
x30: 	0x00000000
x31: 	0x00000000

0x00002b74	0x00000000	Unkown Instruction 

All Registers: 
x0: 	0x00000000
x1: 	0x00000000
x2: 	0x00000000
x3: 	0x00000000
x4: 	0x00000000
x5: 	0x00000000
x6: 	0x00000000
x7: 	0x00000000
x8: 	0x00000000
x9: 	0x00000000
x10: 	0x00000000
x11: 	0x00000000
x12: 	0x00000000
x13: 	0x00000000
x14: 	0x00000000
x15: 	0x00000000
x16: 	0x00000000
x17: 	0x00000000
x18: 	0x00000000
x19: 	0x00000000
x20: 	0x00000000
x21: 	0x00000000
x22: 	0x00000000
x23: 	0x00000000
x24: 	0x00000000
x25: 	0x00000000
x26: 	0x00000000
x27: 	0x00000000
x28: 	0x00000000
x29: 	0x00000000
x30: 	0x00000000
x31: 	0x00000000

0x00002b78	0x00000000	Unkown Instruction 

All Registers: 
x0: 	0x00000000
x1: 	0x00000000
x2: 	0x00000000
x3: 	0x00000000
x4: 	0x00000000
x5: 	0x00000000
x6: 	0x00000000
x7: 	0x00000000
x8: 	0x00000000
x9: 	0x00000000
x10: 	0x00000000
x11: 	0x00000000
x12: 	0x00000000
x13: 	0x00000000
x14: 	0x00000000
x15: 	0x00000000
x16: 	0x00000000
x17: 	0x00000000
x18: 	0x00000000
x19: 	0x00000000
x20: 	0x00000000
x21: 	0x00000000
x22: 	0x00000000
x23: 	0x00000000
x24: 	0x00000000
x25: 	0x00000000
x26: 	0x00000000
x27: 	0x00000000
x28: 	0x00000000
x29: 	0x00000000
x30: 	0x00000000
x31: 	0x00000000

0x00002b7c	0x00000000	Unkown Instruction 

All Registers: 
x0: 	0x00000000
x1: 	0x00000000
x2: 	0x00000000
x3: 	0x00000000
x4: 	0x00000000
x5: 	0x00000000
x6: 	0x00000000
x7: 	0x00000000
x8: 	0x00000000
x9: 	0x00000000
x10: 	0x00000000
x11: 	0x00000000
x12: 	0x00000000
x13: 	0x00000000
x14: 	0x00000000
x15: 	0x00000000
x16: 	0x00000000
x17: 	0x00000000
x18: 	0x00000000
x19: 	0x00000000
x20: 	0x00000000
x21: 	0x00000000
x22: 	0x00000000
x23: 	0x00000000
x24: 	0x00000000
x25: 	0x00000000
x26: 	0x00000000
x27: 	0x00000000
x28: 	0x00000000
x29: 	0x00000000
x30: 	0x00000000
x31: 	0x00000000

0x00002b80	0x00000000	Unkown Instruction 

All Registers: 
x0: 	0x00000000
x1: 	0x00000000
x2: 	0x00000000
x3: 	0x00000000
x4: 	0x00000000
x5: 	0x00000000
x6: 	0x00000000
x7: 	0x00000000
x8: 	0x00000000
x9: 	0x00000000
x10: 	0x00000000
x11: 	0x00000000
x12: 	0x00000000
x13: 	0x00000000
x14: 	0x00000000
x15: 	0x00000000
x16: 	0x00000000
x17: 	0x00000000
x18: 	0x00000000
x19: 	0x00000000
x20: 	0x00000000
x21: 	0x00000000
x22: 	0x00000000
x23: 	0x00000000
x24: 	0x00000000
x25: 	0x00000000
x26: 	0x00000000
x27: 	0x00000000
x28: 	0x00000000
x29: 	0x00000000
x30: 	0x00000000
x31: 	0x00000000

0x00002b84	0x00000000	Unkown Instruction 

All Registers: 
x0: 	0x00000000
x1: 	0x00000000
x2: 	0x00000000
x3: 	0x00000000
x4: 	0x00000000
x5: 	0x00000000
x6: 	0x00000000
x7: 	0x00000000
x8: 	0x00000000
x9: 	0x00000000
x10: 	0x00000000
x11: 	0x00000000
x12: 	0x00000000
x13: 	0x00000000
x14: 	0x00000000
x15: 	0x00000000
x16: 	0x00000000
x17: 	0x00000000
x18: 	0x00000000
x19: 	0x00000000
x20: 	0x00000000
x21: 	0x00000000
x22: 	0x00000000
x23: 	0x00000000
x24: 	0x00000000
x25: 	0x00000000
x26: 	0x00000000
x27: 	0x00000000
x28: 	0x00000000
x29: 	0x00000000
x30: 	0x00000000
x31: 	0x00000000

0x00002b88	0x00000000	Unkown Instruction 

All Registers: 
x0: 	0x00000000
x1: 	0x00000000
x2: 	0x00000000
x3: 	0x00000000
x4: 	0x00000000
x5: 	0x00000000
x6: 	0x00000000
x7: 	0x00000000
x8: 	0x00000000
x9: 	0x00000000
x10: 	0x00000000
x11: 	0x00000000
x12: 	0x00000000
x13: 	0x00000000
x14: 	0x00000000
x15: 	0x00000000
x16: 	0x00000000
x17: 	0x00000000
x18: 	0x00000000
x19: 	0x00000000
x20: 	0x00000000
x21: 	0x00000000
x22: 	0x00000000
x23: 	0x00000000
x24: 	0x00000000
x25: 	0x00000000
x26: 	0x00000000
x27: 	0x00000000
x28: 	0x00000000
x29: 	0x00000000
x30: 	0x00000000
x31: 	0x00000000

0x00002b8c	0x00000000	Unkown Instruction 

All Registers: 
x0: 	0x00000000
x1: 	0x00000000
x2: 	0x00000000
x3: 	0x00000000
x4: 	0x00000000
x5: 	0x00000000
x6: 	0x00000000
x7: 	0x00000000
x8: 	0x00000000
x9: 	0x00000000
x10: 	0x00000000
x11: 	0x00000000
x12: 	0x00000000
x13: 	0x00000000
x14: 	0x00000000
x15: 	0x00000000
x16: 	0x00000000
x17: 	0x00000000
x18: 	0x00000000
x19: 	0x00000000
x20: 	0x00000000
x21: 	0x00000000
x22: 	0x00000000
x23: 	0x00000000
x24: 	0x00000000
x25: 	0x00000000
x26: 	0x00000000
x27: 	0x00000000
x28: 	0x00000000
x29: 	0x00000000
x30: 	0x00000000
x31: 	0x00000000

0x00002b90	0x00000000	Unkown Instruction 

All Registers: 
x0: 	0x00000000
x1: 	0x00000000
x2: 	0x00000000
x3: 	0x00000000
x4: 	0x00000000
x5: 	0x00000000
x6: 	0x00000000
x7: 	0x00000000
x8: 	0x00000000
x9: 	0x00000000
x10: 	0x00000000
x11: 	0x00000000
x12: 	0x00000000
x13: 	0x00000000
x14: 	0x00000000
x15: 	0x00000000
x16: 	0x00000000
x17: 	0x00000000
x18: 	0x00000000
x19: 	0x00000000
x20: 	0x00000000
x21: 	0x00000000
x22: 	0x00000000
x23: 	0x00000000
x24: 	0x00000000
x25: 	0x00000000
x26: 	0x00000000
x27: 	0x00000000
x28: 	0x00000000
x29: 	0x00000000
x30: 	0x00000000
x31: 	0x00000000

0x00002b94	0x00000000	Unkown Instruction 

All Registers: 
x0: 	0x00000000
x1: 	0x00000000
x2: 	0x00000000
x3: 	0x00000000
x4: 	0x00000000
x5: 	0x00000000
x6: 	0x00000000
x7: 	0x00000000
x8: 	0x00000000
x9: 	0x00000000
x10: 	0x00000000
x11: 	0x00000000
x12: 	0x00000000
x13: 	0x00000000
x14: 	0x00000000
x15: 	0x00000000
x16: 	0x00000000
x17: 	0x00000000
x18: 	0x00000000
x19: 	0x00000000
x20: 	0x00000000
x21: 	0x00000000
x22: 	0x00000000
x23: 	0x00000000
x24: 	0x00000000
x25: 	0x00000000
x26: 	0x00000000
x27: 	0x00000000
x28: 	0x00000000
x29: 	0x00000000
x30: 	0x00000000
x31: 	0x00000000

0x00002b98	0x00000000	Unkown Instruction 

All Registers: 
x0: 	0x00000000
x1: 	0x00000000
x2: 	0x00000000
x3: 	0x00000000
x4: 	0x00000000
x5: 	0x00000000
x6: 	0x00000000
x7: 	0x00000000
x8: 	0x00000000
x9: 	0x00000000
x10: 	0x00000000
x11: 	0x00000000
x12: 	0x00000000
x13: 	0x00000000
x14: 	0x00000000
x15: 	0x00000000
x16: 	0x00000000
x17: 	0x00000000
x18: 	0x00000000
x19: 	0x00000000
x20: 	0x00000000
x21: 	0x00000000
x22: 	0x00000000
x23: 	0x00000000
x24: 	0x00000000
x25: 	0x00000000
x26: 	0x00000000
x27: 	0x00000000
x28: 	0x00000000
x29: 	0x00000000
x30: 	0x00000000
x31: 	0x00000000

0x00002b9c	0x00000000	Unkown Instruction 

All Registers: 
x0: 	0x00000000
x1: 	0x00000000
x2: 	0x00000000
x3: 	0x00000000
x4: 	0x00000000
x5: 	0x00000000
x6: 	0x00000000
x7: 	0x00000000
x8: 	0x00000000
x9: 	0x00000000
x10: 	0x00000000
x11: 	0x00000000
x12: 	0x00000000
x13: 	0x00000000
x14: 	0x00000000
x15: 	0x00000000
x16: 	0x00000000
x17: 	0x00000000
x18: 	0x00000000
x19: 	0x00000000
x20: 	0x00000000
x21: 	0x00000000
x22: 	0x00000000
x23: 	0x00000000
x24: 	0x00000000
x25: 	0x00000000
x26: 	0x00000000
x27: 	0x00000000
x28: 	0x00000000
x29: 	0x00000000
x30: 	0x00000000
x31: 	0x00000000

0x00002ba0	0x00000000	Unkown Instruction 

All Registers: 
x0: 	0x00000000
x1: 	0x00000000
x2: 	0x00000000
x3: 	0x00000000
x4: 	0x00000000
x5: 	0x00000000
x6: 	0x00000000
x7: 	0x00000000
x8: 	0x00000000
x9: 	0x00000000
x10: 	0x00000000
x11: 	0x00000000
x12: 	0x00000000
x13: 	0x00000000
x14: 	0x00000000
x15: 	0x00000000
x16: 	0x00000000
x17: 	0x00000000
x18: 	0x00000000
x19: 	0x00000000
x20: 	0x00000000
x21: 	0x00000000
x22: 	0x00000000
x23: 	0x00000000
x24: 	0x00000000
x25: 	0x00000000
x26: 	0x00000000
x27: 	0x00000000
x28: 	0x00000000
x29: 	0x00000000
x30: 	0x00000000
x31: 	0x00000000

0x00002ba4	0x00000000	Unkown Instruction 

All Registers: 
x0: 	0x00000000
x1: 	0x00000000
x2: 	0x00000000
x3: 	0x00000000
x4: 	0x00000000
x5: 	0x00000000
x6: 	0x00000000
x7: 	0x00000000
x8: 	0x00000000
x9: 	0x00000000
x10: 	0x00000000
x11: 	0x00000000
x12: 	0x00000000
x13: 	0x00000000
x14: 	0x00000000
x15: 	0x00000000
x16: 	0x00000000
x17: 	0x00000000
x18: 	0x00000000
x19: 	0x00000000
x20: 	0x00000000
x21: 	0x00000000
x22: 	0x00000000
x23: 	0x00000000
x24: 	0x00000000
x25: 	0x00000000
x26: 	0x00000000
x27: 	0x00000000
x28: 	0x00000000
x29: 	0x00000000
x30: 	0x00000000
x31: 	0x00000000

0x00002ba8	0x00000000	Unkown Instruction 

All Registers: 
x0: 	0x00000000
x1: 	0x00000000
x2: 	0x00000000
x3: 	0x00000000
x4: 	0x00000000
x5: 	0x00000000
x6: 	0x00000000
x7: 	0x00000000
x8: 	0x00000000
x9: 	0x00000000
x10: 	0x00000000
x11: 	0x00000000
x12: 	0x00000000
x13: 	0x00000000
x14: 	0x00000000
x15: 	0x00000000
x16: 	0x00000000
x17: 	0x00000000
x18: 	0x00000000
x19: 	0x00000000
x20: 	0x00000000
x21: 	0x00000000
x22: 	0x00000000
x23: 	0x00000000
x24: 	0x00000000
x25: 	0x00000000
x26: 	0x00000000
x27: 	0x00000000
x28: 	0x00000000
x29: 	0x00000000
x30: 	0x00000000
x31: 	0x00000000

0x00002bac	0x00000000	Unkown Instruction 

All Registers: 
x0: 	0x00000000
x1: 	0x00000000
x2: 	0x00000000
x3: 	0x00000000
x4: 	0x00000000
x5: 	0x00000000
x6: 	0x00000000
x7: 	0x00000000
x8: 	0x00000000
x9: 	0x00000000
x10: 	0x00000000
x11: 	0x00000000
x12: 	0x00000000
x13: 	0x00000000
x14: 	0x00000000
x15: 	0x00000000
x16: 	0x00000000
x17: 	0x00000000
x18: 	0x00000000
x19: 	0x00000000
x20: 	0x00000000
x21: 	0x00000000
x22: 	0x00000000
x23: 	0x00000000
x24: 	0x00000000
x25: 	0x00000000
x26: 	0x00000000
x27: 	0x00000000
x28: 	0x00000000
x29: 	0x00000000
x30: 	0x00000000
x31: 	0x00000000

0x00002bb0	0x00000000	Unkown Instruction 

All Registers: 
x0: 	0x00000000
x1: 	0x00000000
x2: 	0x00000000
x3: 	0x00000000
x4: 	0x00000000
x5: 	0x00000000
x6: 	0x00000000
x7: 	0x00000000
x8: 	0x00000000
x9: 	0x00000000
x10: 	0x00000000
x11: 	0x00000000
x12: 	0x00000000
x13: 	0x00000000
x14: 	0x00000000
x15: 	0x00000000
x16: 	0x00000000
x17: 	0x00000000
x18: 	0x00000000
x19: 	0x00000000
x20: 	0x00000000
x21: 	0x00000000
x22: 	0x00000000
x23: 	0x00000000
x24: 	0x00000000
x25: 	0x00000000
x26: 	0x00000000
x27: 	0x00000000
x28: 	0x00000000
x29: 	0x00000000
x30: 	0x00000000
x31: 	0x00000000

0x00002bb4	0x00000000	Unkown Instruction 

All Registers: 
x0: 	0x00000000
x1: 	0x00000000
x2: 	0x00000000
x3: 	0x00000000
x4: 	0x00000000
x5: 	0x00000000
x6: 	0x00000000
x7: 	0x00000000
x8: 	0x00000000
x9: 	0x00000000
x10: 	0x00000000
x11: 	0x00000000
x12: 	0x00000000
x13: 	0x00000000
x14: 	0x00000000
x15: 	0x00000000
x16: 	0x00000000
x17: 	0x00000000
x18: 	0x00000000
x19: 	0x00000000
x20: 	0x00000000
x21: 	0x00000000
x22: 	0x00000000
x23: 	0x00000000
x24: 	0x00000000
x25: 	0x00000000
x26: 	0x00000000
x27: 	0x00000000
x28: 	0x00000000
x29: 	0x00000000
x30: 	0x00000000
x31: 	0x00000000

0x00002bb8	0x00000000	Unkown Instruction 

All Registers: 
x0: 	0x00000000
x1: 	0x00000000
x2: 	0x00000000
x3: 	0x00000000
x4: 	0x00000000
x5: 	0x00000000
x6: 	0x00000000
x7: 	0x00000000
x8: 	0x00000000
x9: 	0x00000000
x10: 	0x00000000
x11: 	0x00000000
x12: 	0x00000000
x13: 	0x00000000
x14: 	0x00000000
x15: 	0x00000000
x16: 	0x00000000
x17: 	0x00000000
x18: 	0x00000000
x19: 	0x00000000
x20: 	0x00000000
x21: 	0x00000000
x22: 	0x00000000
x23: 	0x00000000
x24: 	0x00000000
x25: 	0x00000000
x26: 	0x00000000
x27: 	0x00000000
x28: 	0x00000000
x29: 	0x00000000
x30: 	0x00000000
x31: 	0x00000000

0x00002bbc	0x00000000	Unkown Instruction 

All Registers: 
x0: 	0x00000000
x1: 	0x00000000
x2: 	0x00000000
x3: 	0x00000000
x4: 	0x00000000
x5: 	0x00000000
x6: 	0x00000000
x7: 	0x00000000
x8: 	0x00000000
x9: 	0x00000000
x10: 	0x00000000
x11: 	0x00000000
x12: 	0x00000000
x13: 	0x00000000
x14: 	0x00000000
x15: 	0x00000000
x16: 	0x00000000
x17: 	0x00000000
x18: 	0x00000000
x19: 	0x00000000
x20: 	0x00000000
x21: 	0x00000000
x22: 	0x00000000
x23: 	0x00000000
x24: 	0x00000000
x25: 	0x00000000
x26: 	0x00000000
x27: 	0x00000000
x28: 	0x00000000
x29: 	0x00000000
x30: 	0x00000000
x31: 	0x00000000

0x00002bc0	0x00000000	Unkown Instruction 

All Registers: 
x0: 	0x00000000
x1: 	0x00000000
x2: 	0x00000000
x3: 	0x00000000
x4: 	0x00000000
x5: 	0x00000000
x6: 	0x00000000
x7: 	0x00000000
x8: 	0x00000000
x9: 	0x00000000
x10: 	0x00000000
x11: 	0x00000000
x12: 	0x00000000
x13: 	0x00000000
x14: 	0x00000000
x15: 	0x00000000
x16: 	0x00000000
x17: 	0x00000000
x18: 	0x00000000
x19: 	0x00000000
x20: 	0x00000000
x21: 	0x00000000
x22: 	0x00000000
x23: 	0x00000000
x24: 	0x00000000
x25: 	0x00000000
x26: 	0x00000000
x27: 	0x00000000
x28: 	0x00000000
x29: 	0x00000000
x30: 	0x00000000
x31: 	0x00000000

0x00002bc4	0x00000000	Unkown Instruction 

All Registers: 
x0: 	0x00000000
x1: 	0x00000000
x2: 	0x00000000
x3: 	0x00000000
x4: 	0x00000000
x5: 	0x00000000
x6: 	0x00000000
x7: 	0x00000000
x8: 	0x00000000
x9: 	0x00000000
x10: 	0x00000000
x11: 	0x00000000
x12: 	0x00000000
x13: 	0x00000000
x14: 	0x00000000
x15: 	0x00000000
x16: 	0x00000000
x17: 	0x00000000
x18: 	0x00000000
x19: 	0x00000000
x20: 	0x00000000
x21: 	0x00000000
x22: 	0x00000000
x23: 	0x00000000
x24: 	0x00000000
x25: 	0x00000000
x26: 	0x00000000
x27: 	0x00000000
x28: 	0x00000000
x29: 	0x00000000
x30: 	0x00000000
x31: 	0x00000000

0x00002bc8	0x00000000	Unkown Instruction 

All Registers: 
x0: 	0x00000000
x1: 	0x00000000
x2: 	0x00000000
x3: 	0x00000000
x4: 	0x00000000
x5: 	0x00000000
x6: 	0x00000000
x7: 	0x00000000
x8: 	0x00000000
x9: 	0x00000000
x10: 	0x00000000
x11: 	0x00000000
x12: 	0x00000000
x13: 	0x00000000
x14: 	0x00000000
x15: 	0x00000000
x16: 	0x00000000
x17: 	0x00000000
x18: 	0x00000000
x19: 	0x00000000
x20: 	0x00000000
x21: 	0x00000000
x22: 	0x00000000
x23: 	0x00000000
x24: 	0x00000000
x25: 	0x00000000
x26: 	0x00000000
x27: 	0x00000000
x28: 	0x00000000
x29: 	0x00000000
x30: 	0x00000000
x31: 	0x00000000

0x00002bcc	0x00000000	Unkown Instruction 

All Registers: 
x0: 	0x00000000
x1: 	0x00000000
x2: 	0x00000000
x3: 	0x00000000
x4: 	0x00000000
x5: 	0x00000000
x6: 	0x00000000
x7: 	0x00000000
x8: 	0x00000000
x9: 	0x00000000
x10: 	0x00000000
x11: 	0x00000000
x12: 	0x00000000
x13: 	0x00000000
x14: 	0x00000000
x15: 	0x00000000
x16: 	0x00000000
x17: 	0x00000000
x18: 	0x00000000
x19: 	0x00000000
x20: 	0x00000000
x21: 	0x00000000
x22: 	0x00000000
x23: 	0x00000000
x24: 	0x00000000
x25: 	0x00000000
x26: 	0x00000000
x27: 	0x00000000
x28: 	0x00000000
x29: 	0x00000000
x30: 	0x00000000
x31: 	0x00000000

0x00002bd0	0x00000000	Unkown Instruction 

All Registers: 
x0: 	0x00000000
x1: 	0x00000000
x2: 	0x00000000
x3: 	0x00000000
x4: 	0x00000000
x5: 	0x00000000
x6: 	0x00000000
x7: 	0x00000000
x8: 	0x00000000
x9: 	0x00000000
x10: 	0x00000000
x11: 	0x00000000
x12: 	0x00000000
x13: 	0x00000000
x14: 	0x00000000
x15: 	0x00000000
x16: 	0x00000000
x17: 	0x00000000
x18: 	0x00000000
x19: 	0x00000000
x20: 	0x00000000
x21: 	0x00000000
x22: 	0x00000000
x23: 	0x00000000
x24: 	0x00000000
x25: 	0x00000000
x26: 	0x00000000
x27: 	0x00000000
x28: 	0x00000000
x29: 	0x00000000
x30: 	0x00000000
x31: 	0x00000000

0x00002bd4	0x00000000	Unkown Instruction 

All Registers: 
x0: 	0x00000000
x1: 	0x00000000
x2: 	0x00000000
x3: 	0x00000000
x4: 	0x00000000
x5: 	0x00000000
x6: 	0x00000000
x7: 	0x00000000
x8: 	0x00000000
x9: 	0x00000000
x10: 	0x00000000
x11: 	0x00000000
x12: 	0x00000000
x13: 	0x00000000
x14: 	0x00000000
x15: 	0x00000000
x16: 	0x00000000
x17: 	0x00000000
x18: 	0x00000000
x19: 	0x00000000
x20: 	0x00000000
x21: 	0x00000000
x22: 	0x00000000
x23: 	0x00000000
x24: 	0x00000000
x25: 	0x00000000
x26: 	0x00000000
x27: 	0x00000000
x28: 	0x00000000
x29: 	0x00000000
x30: 	0x00000000
x31: 	0x00000000

0x00002bd8	0x00000000	Unkown Instruction 

All Registers: 
x0: 	0x00000000
x1: 	0x00000000
x2: 	0x00000000
x3: 	0x00000000
x4: 	0x00000000
x5: 	0x00000000
x6: 	0x00000000
x7: 	0x00000000
x8: 	0x00000000
x9: 	0x00000000
x10: 	0x00000000
x11: 	0x00000000
x12: 	0x00000000
x13: 	0x00000000
x14: 	0x00000000
x15: 	0x00000000
x16: 	0x00000000
x17: 	0x00000000
x18: 	0x00000000
x19: 	0x00000000
x20: 	0x00000000
x21: 	0x00000000
x22: 	0x00000000
x23: 	0x00000000
x24: 	0x00000000
x25: 	0x00000000
x26: 	0x00000000
x27: 	0x00000000
x28: 	0x00000000
x29: 	0x00000000
x30: 	0x00000000
x31: 	0x00000000

0x00002bdc	0x00000000	Unkown Instruction 

All Registers: 
x0: 	0x00000000
x1: 	0x00000000
x2: 	0x00000000
x3: 	0x00000000
x4: 	0x00000000
x5: 	0x00000000
x6: 	0x00000000
x7: 	0x00000000
x8: 	0x00000000
x9: 	0x00000000
x10: 	0x00000000
x11: 	0x00000000
x12: 	0x00000000
x13: 	0x00000000
x14: 	0x00000000
x15: 	0x00000000
x16: 	0x00000000
x17: 	0x00000000
x18: 	0x00000000
x19: 	0x00000000
x20: 	0x00000000
x21: 	0x00000000
x22: 	0x00000000
x23: 	0x00000000
x24: 	0x00000000
x25: 	0x00000000
x26: 	0x00000000
x27: 	0x00000000
x28: 	0x00000000
x29: 	0x00000000
x30: 	0x00000000
x31: 	0x00000000

0x00002be0	0x00000000	Unkown Instruction 

All Registers: 
x0: 	0x00000000
x1: 	0x00000000
x2: 	0x00000000
x3: 	0x00000000
x4: 	0x00000000
x5: 	0x00000000
x6: 	0x00000000
x7: 	0x00000000
x8: 	0x00000000
x9: 	0x00000000
x10: 	0x00000000
x11: 	0x00000000
x12: 	0x00000000
x13: 	0x00000000
x14: 	0x00000000
x15: 	0x00000000
x16: 	0x00000000
x17: 	0x00000000
x18: 	0x00000000
x19: 	0x00000000
x20: 	0x00000000
x21: 	0x00000000
x22: 	0x00000000
x23: 	0x00000000
x24: 	0x00000000
x25: 	0x00000000
x26: 	0x00000000
x27: 	0x00000000
x28: 	0x00000000
x29: 	0x00000000
x30: 	0x00000000
x31: 	0x00000000

0x00002be4	0x00000000	Unkown Instruction 

All Registers: 
x0: 	0x00000000
x1: 	0x00000000
x2: 	0x00000000
x3: 	0x00000000
x4: 	0x00000000
x5: 	0x00000000
x6: 	0x00000000
x7: 	0x00000000
x8: 	0x00000000
x9: 	0x00000000
x10: 	0x00000000
x11: 	0x00000000
x12: 	0x00000000
x13: 	0x00000000
x14: 	0x00000000
x15: 	0x00000000
x16: 	0x00000000
x17: 	0x00000000
x18: 	0x00000000
x19: 	0x00000000
x20: 	0x00000000
x21: 	0x00000000
x22: 	0x00000000
x23: 	0x00000000
x24: 	0x00000000
x25: 	0x00000000
x26: 	0x00000000
x27: 	0x00000000
x28: 	0x00000000
x29: 	0x00000000
x30: 	0x00000000
x31: 	0x00000000

0x00002be8	0x00000000	Unkown Instruction 

All Registers: 
x0: 	0x00000000
x1: 	0x00000000
x2: 	0x00000000
x3: 	0x00000000
x4: 	0x00000000
x5: 	0x00000000
x6: 	0x00000000
x7: 	0x00000000
x8: 	0x00000000
x9: 	0x00000000
x10: 	0x00000000
x11: 	0x00000000
x12: 	0x00000000
x13: 	0x00000000
x14: 	0x00000000
x15: 	0x00000000
x16: 	0x00000000
x17: 	0x00000000
x18: 	0x00000000
x19: 	0x00000000
x20: 	0x00000000
x21: 	0x00000000
x22: 	0x00000000
x23: 	0x00000000
x24: 	0x00000000
x25: 	0x00000000
x26: 	0x00000000
x27: 	0x00000000
x28: 	0x00000000
x29: 	0x00000000
x30: 	0x00000000
x31: 	0x00000000

0x00002bec	0x00000000	Unkown Instruction 

All Registers: 
x0: 	0x00000000
x1: 	0x00000000
x2: 	0x00000000
x3: 	0x00000000
x4: 	0x00000000
x5: 	0x00000000
x6: 	0x00000000
x7: 	0x00000000
x8: 	0x00000000
x9: 	0x00000000
x10: 	0x00000000
x11: 	0x00000000
x12: 	0x00000000
x13: 	0x00000000
x14: 	0x00000000
x15: 	0x00000000
x16: 	0x00000000
x17: 	0x00000000
x18: 	0x00000000
x19: 	0x00000000
x20: 	0x00000000
x21: 	0x00000000
x22: 	0x00000000
x23: 	0x00000000
x24: 	0x00000000
x25: 	0x00000000
x26: 	0x00000000
x27: 	0x00000000
x28: 	0x00000000
x29: 	0x00000000
x30: 	0x00000000
x31: 	0x00000000

0x00002bf0	0x00000000	Unkown Instruction 

All Registers: 
x0: 	0x00000000
x1: 	0x00000000
x2: 	0x00000000
x3: 	0x00000000
x4: 	0x00000000
x5: 	0x00000000
x6: 	0x00000000
x7: 	0x00000000
x8: 	0x00000000
x9: 	0x00000000
x10: 	0x00000000
x11: 	0x00000000
x12: 	0x00000000
x13: 	0x00000000
x14: 	0x00000000
x15: 	0x00000000
x16: 	0x00000000
x17: 	0x00000000
x18: 	0x00000000
x19: 	0x00000000
x20: 	0x00000000
x21: 	0x00000000
x22: 	0x00000000
x23: 	0x00000000
x24: 	0x00000000
x25: 	0x00000000
x26: 	0x00000000
x27: 	0x00000000
x28: 	0x00000000
x29: 	0x00000000
x30: 	0x00000000
x31: 	0x00000000

0x00002bf4	0x00000000	Unkown Instruction 

All Registers: 
x0: 	0x00000000
x1: 	0x00000000
x2: 	0x00000000
x3: 	0x00000000
x4: 	0x00000000
x5: 	0x00000000
x6: 	0x00000000
x7: 	0x00000000
x8: 	0x00000000
x9: 	0x00000000
x10: 	0x00000000
x11: 	0x00000000
x12: 	0x00000000
x13: 	0x00000000
x14: 	0x00000000
x15: 	0x00000000
x16: 	0x00000000
x17: 	0x00000000
x18: 	0x00000000
x19: 	0x00000000
x20: 	0x00000000
x21: 	0x00000000
x22: 	0x00000000
x23: 	0x00000000
x24: 	0x00000000
x25: 	0x00000000
x26: 	0x00000000
x27: 	0x00000000
x28: 	0x00000000
x29: 	0x00000000
x30: 	0x00000000
x31: 	0x00000000

0x00002bf8	0x00000000	Unkown Instruction 

All Registers: 
x0: 	0x00000000
x1: 	0x00000000
x2: 	0x00000000
x3: 	0x00000000
x4: 	0x00000000
x5: 	0x00000000
x6: 	0x00000000
x7: 	0x00000000
x8: 	0x00000000
x9: 	0x00000000
x10: 	0x00000000
x11: 	0x00000000
x12: 	0x00000000
x13: 	0x00000000
x14: 	0x00000000
x15: 	0x00000000
x16: 	0x00000000
x17: 	0x00000000
x18: 	0x00000000
x19: 	0x00000000
x20: 	0x00000000
x21: 	0x00000000
x22: 	0x00000000
x23: 	0x00000000
x24: 	0x00000000
x25: 	0x00000000
x26: 	0x00000000
x27: 	0x00000000
x28: 	0x00000000
x29: 	0x00000000
x30: 	0x00000000
x31: 	0x00000000

0x00002bfc	0x00000000	Unkown Instruction 

All Registers: 
x0: 	0x00000000
x1: 	0x00000000
x2: 	0x00000000
x3: 	0x00000000
x4: 	0x00000000
x5: 	0x00000000
x6: 	0x00000000
x7: 	0x00000000
x8: 	0x00000000
x9: 	0x00000000
x10: 	0x00000000
x11: 	0x00000000
x12: 	0x00000000
x13: 	0x00000000
x14: 	0x00000000
x15: 	0x00000000
x16: 	0x00000000
x17: 	0x00000000
x18: 	0x00000000
x19: 	0x00000000
x20: 	0x00000000
x21: 	0x00000000
x22: 	0x00000000
x23: 	0x00000000
x24: 	0x00000000
x25: 	0x00000000
x26: 	0x00000000
x27: 	0x00000000
x28: 	0x00000000
x29: 	0x00000000
x30: 	0x00000000
x31: 	0x00000000

